=== EP_NIC_NAME=rdmap110s0 (auto, 200 Gb/s) ===
=== GIN: NCCL_GIN_TYPE=5 NCCL_SYM_GIN_KERNELS_ENABLE=0 ===
=== PREFER_OVERLAP=0 (--prefer-overlap-with-compute) ===
=== IMAGE=deepep-v2-efa-official:sm90-54fffef  DeepEP=54fffeff810723f574c574b1790dff189f3c6ffb ===
+ docker run --rm --init --gpus all --privileged --network=host --ipc=host --ulimit memlock=-1 --ulimit stack=67108864 --device=/dev/infiniband --device=/dev/gdrdrv -v /sys/class/infiniband:/sys/class/infiniband:ro -e MASTER_ADDR=172.31.28.159 -e MASTER_PORT=8914 -e WORLD_SIZE=4 -e RANK=1 -e NCCL_DEBUG=WARN -e EP_NIC_NAME=rdmap110s0 -e NCCL_GIN_TYPE=5 -e NCCL_SYM_GIN_KERNELS_ENABLE=0 -e PYTHONUNBUFFERED=1 -e PYTHONFAULTHANDLER=1 deepep-v2-efa-official:sm90-54fffef bash -lc 'timeout -s ABRT --kill-after=60 1800     python3 -u /opt/DeepEP/tests/elastic/test_ep.py     --num-processes=8 --num-tokens=8192     --hidden=7168 --num-topk=8 --num-experts=256     --num-sms=12 --allow-hybrid-mode=1     --prefer-overlap-with-compute=0 --test-first-only      '

==========
== CUDA ==
==========

CUDA Version 13.0.2

Container image Copyright (c) 2016-2023, NVIDIA CORPORATION & AFFILIATES. All rights reserved.

This container image and its contents are governed by the NVIDIA Deep Learning Container License.
By pulling and using the container, you accept the terms and conditions of this license:
https://developer.nvidia.com/ngc/nvidia-deep-learning-container-license

A copy of this license is made available in this container at /NGC-DL-CONTAINER-LICENSE for your convenience.

DeepEP hybrid kernel selection: unordered
DeepEP hybrid kernel selection: unordered
DeepEP hybrid kernel selection: unordered
DeepEP hybrid kernel selection: unordered
DeepEP hybrid kernel selection: unordered
DeepEP hybrid kernel selection: unordered
DeepEP hybrid kernel selection: unordered
DeepEP hybrid kernel selection: unordered
DeepEP hybrid kernel selection: unordered
DeepEP hybrid kernel selection: unordered
DeepEP hybrid kernel selection: unordered
DeepEP hybrid kernel selection: unordered
DeepEP hybrid kernel selection: unordered
DeepEP hybrid kernel selection: unordered
DeepEP hybrid kernel selection: unordered
DeepEP hybrid kernel selection: unordered
Config:
 > Ranks: 4 x 8
 > Experts: 8/256
 > Tokens: 8184 (max: 8192), hidden: 7168
 > #SM: 12, #QPs: 11/11

Running all test cases:
 > Testing with do_handle_copy=1, expert_alignment=128, use_fp8_dispatch=1, num_bias=0, with_previous_event=0, async_with_compute_stream=0, allocate_on_comm_stream=0 ...
USDT:2026-09-09 04:09:05 488:488 SyncActivityProfilerHandler.cpp:52] profiler_startUSDT:2026-09-09 04:09:05 490:490 SyncActivityProfilerHandler.cpp:52] profiler_startUSDT:2026-09-09 04:09:05 493:493 SyncActivityProfilerHandler.cpp:52] profiler_startUSDT:2026-09-09 04:09:05 486:486 SyncActivityProfilerHandler.cpp:52] profiler_start

USDT:2026-09-09 04:09:05 492:492 SyncActivityProfilerHandler.cpp:52] profiler_start
USDT:2026-09-09 04:09:05 491:491 SyncActivityProfilerHandler.cpp:52] profiler_start


USDT:2026-09-09 04:09:05 487:487 SyncActivityProfilerHandler.cpp:52] profiler_start
USDT:2026-09-09 04:09:05 489:489 SyncActivityProfilerHandler.cpp:52] profiler_start
USDT:2026-09-09 04:09:05 490:490 SyncActivityProfilerHandler.cpp:59] profiler_stopUSDT:2026-09-09 04:09:05 493:493 SyncActivityProfilerHandler.cpp:59] profiler_stopUSDT:2026-09-09 04:09:05 486:486 SyncActivityProfilerHandler.cpp:59] profiler_stopUSDT:2026-09-09 04:09:05 488:488 SyncActivityProfilerHandler.cpp:59] profiler_stopUSDT:2026-09-09 04:09:05 487:487 SyncActivityProfilerHandler.cpp:59] profiler_stop

USDT:2026-09-09 04:09:05 492:492 SyncActivityProfilerHandler.cpp:59] profiler_stopUSDT:2026-09-09 04:09:05 491:491 SyncActivityProfilerHandler.cpp:59] profiler_stop


USDT:2026-09-09 04:09:05 489:489 SyncActivityProfilerHandler.cpp:59] profiler_stop


   * EP:  10/32 | dispatch: 56 GB/s (SO), 112 GB/s (SU), 3978.000 us, 443776320 bytes | copy: 2663 GB/s, 333.267 us
   * EP:  15/32 | dispatch: 56 GB/s (SO), 112 GB/s (SU), 3978.000 us, 444629952 bytes | copy: 2598 GB/s, 342.333 us
   * EP:  13/32 | dispatch: 56 GB/s (SO), 112 GB/s (SU), 3978.000 us, 445513536 bytes | copy: 2866 GB/s, 310.846 us
   * EP:  12/32 | dispatch: 56 GB/s (SO), 112 GB/s (SU), 3978.000 us, 445917888 bytes | copy: 2567 GB/s, 347.388 us
   * EP:   8/32 | dispatch: 56 GB/s (SO), 111 GB/s (SU), 3978.000 us, 442668096 bytes | copy: 2903 GB/s, 304.950 us
   * EP:   9/32 | dispatch: 56 GB/s (SO), 112 GB/s (SU), 3978.000 us, 444158208 bytes | copy: 2849 GB/s, 311.770 us
   * EP:  11/32 | dispatch: 56 GB/s (SO), 112 GB/s (SU), 3978.000 us, 446112576 bytes | copy: 2599 GB/s, 343.259 us
   * EP:  14/32 | dispatch: 56 GB/s (SO), 112 GB/s (SU), 3978.000 us, 444255552 bytes | copy: 2566 GB/s, 346.270 us
USDT:2026-09-09 04:09:06 486:486 SyncActivityProfilerHandler.cpp:52] profiler_startUSDT:2026-09-09 04:09:06 492:492 SyncActivityProfilerHandler.cpp:52] profiler_startUSDT:2026-09-09 04:09:06 490:490 SyncActivityProfilerHandler.cpp:52] profiler_startUSDT:2026-09-09 04:09:06 493:493 SyncActivityProfilerHandler.cpp:52] profiler_start
USDT:2026-09-09 04:09:06 488:488 SyncActivityProfilerHandler.cpp:52] profiler_startUSDT:2026-09-09 04:09:06 487:487 SyncActivityProfilerHandler.cpp:52] profiler_start

USDT:2026-09-09 04:09:06 491:491 SyncActivityProfilerHandler.cpp:52] profiler_start
USDT:2026-09-09 04:09:06 489:489 SyncActivityProfilerHandler.cpp:52] profiler_start



USDT:2026-09-09 04:09:06 493:493 SyncActivityProfilerHandler.cpp:59] profiler_stopUSDT:2026-09-09 04:09:06 486:486 SyncActivityProfilerHandler.cpp:59] profiler_stopUSDT:2026-09-09 04:09:06 490:490 SyncActivityProfilerHandler.cpp:59] profiler_stopUSDT:2026-09-09 04:09:06 492:492 SyncActivityProfilerHandler.cpp:59] profiler_stop



USDT:2026-09-09 04:09:06 491:491 SyncActivityProfilerHandler.cpp:59] profiler_stop
USDT:2026-09-09 04:09:06 488:488 SyncActivityProfilerHandler.cpp:59] profiler_stopUSDT:2026-09-09 04:09:06 487:487 SyncActivityProfilerHandler.cpp:59] profiler_stop

USDT:2026-09-09 04:09:06 489:489 SyncActivityProfilerHandler.cpp:59] profiler_stop
   - EP:  10/32 | expanded dispatch: 56 GB/s (SO), 112 GB/s (SU), 3971.000 us, 443776320 bytes | copy: 2456 GB/s, 381.830 us
   - EP:  13/32 | expanded dispatch: 56 GB/s (SO), 112 GB/s (SU), 3971.000 us, 445513536 bytes | copy: 2497 GB/s, 377.257 us
   - EP:  15/32 | expanded dispatch: 56 GB/s (SO), 112 GB/s (SU), 3971.000 us, 444629952 bytes | copy: 2354 GB/s, 399.528 us
   - EP:   8/32 | expanded dispatch: 56 GB/s (SO), 111 GB/s (SU), 3971.000 us, 442668096 bytes | copy: 2415 GB/s, 387.839 us
   - EP:  12/32 | expanded dispatch: 56 GB/s (SO), 112 GB/s (SU), 3971.000 us, 445917888 bytes | copy: 2308 GB/s, 408.076 us
   - EP:   9/32 | expanded dispatch: 56 GB/s (SO), 112 GB/s (SU), 3971.000 us, 444158208 bytes | copy: 2749 GB/s, 341.613 us
   - EP:  11/32 | expanded dispatch: 56 GB/s (SO), 112 GB/s (SU), 3971.000 us, 446112576 bytes | copy: 2553 GB/s, 368.897 us
   - EP:  14/32 | expanded dispatch: 56 GB/s (SO), 112 GB/s (SU), 3971.000 us, 444255552 bytes | copy: 2417 GB/s, 388.332 us
USDT:2026-09-09 04:09:06 486:486 SyncActivityProfilerHandler.cpp:52] profiler_startUSDT:2026-09-09 04:09:06 491:491 SyncActivityProfilerHandler.cpp:52] profiler_startUSDT:2026-09-09 04:09:06 493:493 SyncActivityProfilerHandler.cpp:52] profiler_startUSDT:2026-09-09 04:09:06 490:490 SyncActivityProfilerHandler.cpp:52] profiler_startUSDT:2026-09-09 04:09:06 487:487 SyncActivityProfilerHandler.cpp:52] profiler_startUSDT:2026-09-09 04:09:06 492:492 SyncActivityProfilerHandler.cpp:52] profiler_start


USDT:2026-09-09 04:09:06 488:488 SyncActivityProfilerHandler.cpp:52] profiler_start



USDT:2026-09-09 04:09:06 489:489 SyncActivityProfilerHandler.cpp:52] profiler_start
USDT:2026-09-09 04:09:07 486:486 SyncActivityProfilerHandler.cpp:59] profiler_stopUSDT:2026-09-09 04:09:07 492:492 SyncActivityProfilerHandler.cpp:59] profiler_stop

USDT:2026-09-09 04:09:07 493:493 SyncActivityProfilerHandler.cpp:59] profiler_stop
USDT:2026-09-09 04:09:07 490:490 SyncActivityProfilerHandler.cpp:59] profiler_stopUSDT:2026-09-09 04:09:07 487:487 SyncActivityProfilerHandler.cpp:59] profiler_stopUSDT:2026-09-09 04:09:07 488:488 SyncActivityProfilerHandler.cpp:59] profiler_stop


USDT:2026-09-09 04:09:07 491:491 SyncActivityProfilerHandler.cpp:59] profiler_stop
USDT:2026-09-09 04:09:07 489:489 SyncActivityProfilerHandler.cpp:59] profiler_stop
   # EP:  15/32 | cached dispatch: 52 GB/s (SO), 104 GB/s (SU), 4273.000 us, 444629952 bytes | copy: 2396 GB/s, 371.086 us
   # EP:  13/32 | cached dispatch: 52 GB/s (SO), 104 GB/s (SU), 4273.000 us, 445513536 bytes | copy: 2413 GB/s, 369.299 us
   # EP:   8/32 | cached dispatch: 52 GB/s (SO), 104 GB/s (SU), 4273.000 us, 442668096 bytes | copy: 2534 GB/s, 349.341 us
   # EP:  10/32 | cached dispatch: 52 GB/s (SO), 104 GB/s (SU), 4273.000 us, 443776320 bytes | copy: 2384 GB/s, 372.312 us
   # EP:  12/32 | cached dispatch: 52 GB/s (SO), 104 GB/s (SU), 4273.000 us, 445917888 bytes | copy: 2761 GB/s, 323.015 us
   # EP:   9/32 | cached dispatch: 52 GB/s (SO), 104 GB/s (SU), 4273.000 us, 444158208 bytes | copy: 2402 GB/s, 369.780 us
   # EP:  11/32 | cached dispatch: 52 GB/s (SO), 104 GB/s (SU), 4273.000 us, 446112576 bytes | copy: 2476 GB/s, 360.286 us
   # EP:  14/32 | cached dispatch: 52 GB/s (SO), 104 GB/s (SU), 4273.000 us, 444255552 bytes | copy: 2312 GB/s, 384.260 us
USDT:2026-09-09 04:09:08 486:486 SyncActivityProfilerHandler.cpp:52] profiler_start
USDT:2026-09-09 04:09:08 487:487 SyncActivityProfilerHandler.cpp:52] profiler_start
USDT:2026-09-09 04:09:08 492:492 SyncActivityProfilerHandler.cpp:52] profiler_start
USDT:2026-09-09 04:09:08 493:493 SyncActivityProfilerHandler.cpp:52] profiler_start
USDT:2026-09-09 04:09:08 491:491 SyncActivityProfilerHandler.cpp:52] profiler_start
USDT:2026-09-09 04:09:08 490:490 SyncActivityProfilerHandler.cpp:52] profiler_start
USDT:2026-09-09 04:09:08 488:488 SyncActivityProfilerHandler.cpp:52] profiler_start
USDT:2026-09-09 04:09:08 489:489 SyncActivityProfilerHandler.cpp:52] profiler_start
USDT:2026-09-09 04:09:09 486:486 SyncActivityProfilerHandler.cpp:59] profiler_stopUSDT:2026-09-09 04:09:09 492:492 SyncActivityProfilerHandler.cpp:59] profiler_stop

USDT:2026-09-09 04:09:09 493:493 SyncActivityProfilerHandler.cpp:59] profiler_stop
USDT:2026-09-09 04:09:09 490:490 SyncActivityProfilerHandler.cpp:59] profiler_stop
USDT:2026-09-09 04:09:09 491:491 SyncActivityProfilerHandler.cpp:59] profiler_stop
USDT:2026-09-09 04:09:09 487:487 SyncActivityProfilerHandler.cpp:59] profiler_stop
USDT:2026-09-09 04:09:09 488:488 SyncActivityProfilerHandler.cpp:59] profiler_stop
USDT:2026-09-09 04:09:09 489:489 SyncActivityProfilerHandler.cpp:59] profiler_stop
   @ EP:   8/32 | combine: 57 GB/s (SO), 114 GB/s (SU), 7477.000 us, 849393056 bytes | reduce: 3612 GB/s, 150.333 us   @ EP:  13/32 | combine: 56 GB/s (SO), 112 GB/s (SU), 7601.000 us, 854852896 bytes | reduce: 3609 GB/s, 150.643 us   @ EP:  15/32 | combine: 56 GB/s (SO), 114 GB/s (SU), 7514.000 us, 853157472 bytes | reduce: 3598 GB/s, 150.411 us


   @ EP:  14/32 | combine: 56 GB/s (SO), 113 GB/s (SU), 7531.000 us, 852439072 bytes | reduce: 3616 GB/s, 150.097 us   @ EP:   9/32 | combine: 56 GB/s (SO), 113 GB/s (SU), 7535.000 us, 852252288 bytes | reduce: 3623 GB/s, 149.758 us

   @ EP:  10/32 | combine: 57 GB/s (SO), 113 GB/s (SU), 7514.000 us, 851519520 bytes | reduce: 3607 GB/s, 150.291 us
   @ EP:  12/32 | combine: 57 GB/s (SO), 114 GB/s (SU), 7514.000 us, 855628768 bytes | reduce: 3613 GB/s, 150.358 us
   @ EP:  11/32 | combine: 55 GB/s (SO), 111 GB/s (SU), 7730.000 us, 856002336 bytes | reduce: 3589 GB/s, 150.962 us
USDT:2026-09-09 04:09:09 490:490 SyncActivityProfilerHandler.cpp:52] profiler_start
USDT:2026-09-09 04:09:09 493:493 SyncActivityProfilerHandler.cpp:52] profiler_start
USDT:2026-09-09 04:09:09 486:486 SyncActivityProfilerHandler.cpp:52] profiler_start
USDT:2026-09-09 04:09:09 492:492 SyncActivityProfilerHandler.cpp:52] profiler_start
USDT:2026-09-09 04:09:09 487:487 SyncActivityProfilerHandler.cpp:52] profiler_start
USDT:2026-09-09 04:09:09 488:488 SyncActivityProfilerHandler.cpp:52] profiler_start
USDT:2026-09-09 04:09:09 491:491 SyncActivityProfilerHandler.cpp:52] profiler_start
USDT:2026-09-09 04:09:09 489:489 SyncActivityProfilerHandler.cpp:52] profiler_start
USDT:2026-09-09 04:09:10 490:490 SyncActivityProfilerHandler.cpp:59] profiler_stop
USDT:2026-09-09 04:09:10 492:492 SyncActivityProfilerHandler.cpp:59] profiler_stopUSDT:2026-09-09 04:09:10 486:486 SyncActivityProfilerHandler.cpp:59] profiler_stop

USDT:2026-09-09 04:09:10 493:493 SyncActivityProfilerHandler.cpp:59] profiler_stop
USDT:2026-09-09 04:09:10 487:487 SyncActivityProfilerHandler.cpp:59] profiler_stop
USDT:2026-09-09 04:09:10 488:488 SyncActivityProfilerHandler.cpp:59] profiler_stop
USDT:2026-09-09 04:09:10 491:491 SyncActivityProfilerHandler.cpp:59] profiler_stop
USDT:2026-09-09 04:09:10 489:489 SyncActivityProfilerHandler.cpp:59] profiler_stop
   + EP:   8/32 | reduced combine: 55 GB/s (SO), 110 GB/s (SU), 7714.000 us, 849393056 bytes | reduce: 3602 GB/s, 150.749 us
   + EP:  12/32 | reduced combine: 55 GB/s (SO), 112 GB/s (SU), 7671.000 us, 855628768 bytes | reduce: 3611 GB/s, 150.456 us
   + EP:  15/32 | reduced combine: 55 GB/s (SO), 110 GB/s (SU), 7738.000 us, 853157472 bytes | reduce: 3597 GB/s, 150.450 us   + EP:   9/32 | reduced combine: 55 GB/s (SO), 110 GB/s (SU), 7748.000 us, 852252288 bytes | reduce: 3619 GB/s, 149.902 us

   + EP:  10/32 | reduced combine: 55 GB/s (SO), 111 GB/s (SU), 7695.000 us, 851519520 bytes | reduce: 3601 GB/s, 150.574 us
   + EP:  14/32 | reduced combine: 55 GB/s (SO), 110 GB/s (SU), 7726.000 us, 852439072 bytes | reduce: 3609 GB/s, 150.389 us
   + EP:  13/32 | reduced combine: 55 GB/s (SO), 110 GB/s (SU), 7737.000 us, 854852896 bytes | reduce: 3607 GB/s, 150.730 us
   + EP:  11/32 | reduced combine: 52 GB/s (SO), 104 GB/s (SU), 8226.000 us, 856002336 bytes | reduce: 3574 GB/s, 151.605 us


