=== EP_NIC_NAME=rdmap110s0 (auto, 200 Gb/s) ===
=== GIN: NCCL_GIN_TYPE=5 NCCL_SYM_GIN_KERNELS_ENABLE=0 ===
=== PREFER_OVERLAP=0 (--prefer-overlap-with-compute) ===
=== IMAGE=deepep-v2-efa-official:sm90-54fffef  DeepEP=54fffeff810723f574c574b1790dff189f3c6ffb ===
+ docker run --rm --init --gpus all --privileged --network=host --ipc=host --ulimit memlock=-1 --ulimit stack=67108864 --device=/dev/infiniband --device=/dev/gdrdrv -v /sys/class/infiniband:/sys/class/infiniband:ro -e MASTER_ADDR=172.31.29.216 -e MASTER_PORT=8976 -e WORLD_SIZE=2 -e RANK=1 -e NCCL_DEBUG=WARN -e EP_NIC_NAME=rdmap110s0 -e NCCL_GIN_TYPE=5 -e NCCL_SYM_GIN_KERNELS_ENABLE=0 -e EP_NUM_SUB_PARTS=1 -e PYTHONUNBUFFERED=1 -e PYTHONFAULTHANDLER=1 deepep-v2-efa-official:sm90-54fffef bash -lc 'timeout -s ABRT --kill-after=60 1800     python3 -u /opt/DeepEP/tests/elastic/test_ep.py     --num-processes=8 --num-tokens=128     --hidden=7168 --num-topk=8 --num-experts=256     --num-sms=12 --allow-hybrid-mode=1     --prefer-overlap-with-compute=0 --test-first-only      '

==========
== CUDA ==
==========

CUDA Version 13.0.2

Container image Copyright (c) 2016-2023, NVIDIA CORPORATION & AFFILIATES. All rights reserved.

This container image and its contents are governed by the NVIDIA Deep Learning Container License.
By pulling and using the container, you accept the terms and conditions of this license:
https://developer.nvidia.com/ngc/nvidia-deep-learning-container-license

A copy of this license is made available in this container at /NGC-DL-CONTAINER-LICENSE for your convenience.

DeepEP hybrid kernel selection: unordered
DeepEP hybrid kernel selection: unordered
DeepEP hybrid kernel selection: unordered
DeepEP hybrid kernel selection: unordered
DeepEP hybrid kernel selection: unordered
DeepEP hybrid kernel selection: unordered
DeepEP hybrid kernel selection: unordered
DeepEP hybrid kernel selection: unordered
DeepEP hybrid kernel selection: unordered
DeepEP hybrid kernel selection: unordered
DeepEP hybrid kernel selection: unordered
DeepEP hybrid kernel selection: unordered
DeepEP hybrid kernel selection: unordered
DeepEP hybrid kernel selection: unordered
DeepEP hybrid kernel selection: unordered
DeepEP hybrid kernel selection: unordered
Config:
 > Ranks: 2 x 8
 > Experts: 8/256
 > Tokens: 120 (max: 128), hidden: 7168
 > #SM: 12, #QPs: 11/11

Running all test cases:
 > Testing with do_handle_copy=1, expert_alignment=128, use_fp8_dispatch=1, num_bias=0, with_previous_event=0, async_with_compute_stream=0, allocate_on_comm_stream=0 ...
USDT:2026-09-09 05:56:27 490:490 SyncActivityProfilerHandler.cpp:52] profiler_startUSDT:2026-09-09 05:56:27 493:493 SyncActivityProfilerHandler.cpp:52] profiler_startUSDT:2026-09-09 05:56:27 489:489 SyncActivityProfilerHandler.cpp:52] profiler_startUSDT:2026-09-09 05:56:27 486:486 SyncActivityProfilerHandler.cpp:52] profiler_startUSDT:2026-09-09 05:56:27 487:487 SyncActivityProfilerHandler.cpp:52] profiler_start

USDT:2026-09-09 05:56:27 488:488 SyncActivityProfilerHandler.cpp:52] profiler_startUSDT:2026-09-09 05:56:27 492:492 SyncActivityProfilerHandler.cpp:52] profiler_start

USDT:2026-09-09 05:56:27 491:491 SyncActivityProfilerHandler.cpp:52] profiler_start



USDT:2026-09-09 05:56:27 486:486 SyncActivityProfilerHandler.cpp:59] profiler_stopUSDT:2026-09-09 05:56:27 487:487 SyncActivityProfilerHandler.cpp:59] profiler_stopUSDT:2026-09-09 05:56:27 491:491 SyncActivityProfilerHandler.cpp:59] profiler_stopUSDT:2026-09-09 05:56:27 493:493 SyncActivityProfilerHandler.cpp:59] profiler_stopUSDT:2026-09-09 05:56:27 489:489 SyncActivityProfilerHandler.cpp:59] profiler_stopUSDT:2026-09-09 05:56:27 490:490 SyncActivityProfilerHandler.cpp:59] profiler_stopUSDT:2026-09-09 05:56:27 492:492 SyncActivityProfilerHandler.cpp:59] profiler_stop






USDT:2026-09-09 05:56:27 488:488 SyncActivityProfilerHandler.cpp:59] profiler_stop
   * EP:  15/16 | dispatch: 10 GB/s (SO), 37 GB/s (SU), 162.206 us, 6005376 bytes | copy: 1169 GB/s, 10.274 us
   * EP:  11/16 | dispatch: 11 GB/s (SO), 35 GB/s (SU), 162.010 us, 5698368 bytes | copy: 1388 GB/s, 8.212 us
   * EP:  10/16 | dispatch: 11 GB/s (SO), 39 GB/s (SU), 162.098 us, 6312384 bytes | copy: 1349 GB/s, 9.360 us
   * EP:   9/16 | dispatch: 11 GB/s (SO), 36 GB/s (SU), 161.990 us, 5773248 bytes | copy: 1703 GB/s, 6.779 us
   * EP:   8/16 | dispatch: 11 GB/s (SO), 36 GB/s (SU), 161.999 us, 5833152 bytes | copy: 1475 GB/s, 7.909 us   * EP:  13/16 | dispatch: 11 GB/s (SO), 35 GB/s (SU), 162.044 us, 5728320 bytes | copy: 1177 GB/s, 9.733 us

   * EP:  12/16 | dispatch: 11 GB/s (SO), 38 GB/s (SU), 162.040 us, 6117696 bytes | copy: 1154 GB/s, 10.604 us
   * EP:  14/16 | dispatch: 11 GB/s (SO), 38 GB/s (SU), 162.060 us, 6162624 bytes | copy: 1225 GB/s, 10.059 us
USDT:2026-09-09 05:56:27 486:486 SyncActivityProfilerHandler.cpp:52] profiler_startUSDT:2026-09-09 05:56:27 490:490 SyncActivityProfilerHandler.cpp:52] profiler_startUSDT:2026-09-09 05:56:27 491:491 SyncActivityProfilerHandler.cpp:52] profiler_startUSDT:2026-09-09 05:56:27 493:493 SyncActivityProfilerHandler.cpp:52] profiler_startUSDT:2026-09-09 05:56:27 492:492 SyncActivityProfilerHandler.cpp:52] profiler_start
USDT:2026-09-09 05:56:27 489:489 SyncActivityProfilerHandler.cpp:52] profiler_startUSDT:2026-09-09 05:56:27 488:488 SyncActivityProfilerHandler.cpp:52] profiler_start
USDT:2026-09-09 05:56:27 487:487 SyncActivityProfilerHandler.cpp:52] profiler_start





USDT:2026-09-09 05:56:28 491:491 SyncActivityProfilerHandler.cpp:59] profiler_stop
USDT:2026-09-09 05:56:28 493:493 SyncActivityProfilerHandler.cpp:59] profiler_stopUSDT:2026-09-09 05:56:28 492:492 SyncActivityProfilerHandler.cpp:59] profiler_stopUSDT:2026-09-09 05:56:28 490:490 SyncActivityProfilerHandler.cpp:59] profiler_stop
USDT:2026-09-09 05:56:28 489:489 SyncActivityProfilerHandler.cpp:59] profiler_stop

USDT:2026-09-09 05:56:28 487:487 SyncActivityProfilerHandler.cpp:59] profiler_stop
USDT:2026-09-09 05:56:28 488:488 SyncActivityProfilerHandler.cpp:59] profiler_stop

USDT:2026-09-09 05:56:28 486:486 SyncActivityProfilerHandler.cpp:59] profiler_stop
   - EP:  11/16 | expanded dispatch: 11 GB/s (SO), 35 GB/s (SU), 162.231 us, 5698368 bytes | copy: 2275 GB/s, 9.027 us
   - EP:  15/16 | expanded dispatch: 10 GB/s (SO), 37 GB/s (SU), 162.437 us, 6005376 bytes | copy: 1804 GB/s, 11.609 us
   - EP:   9/16 | expanded dispatch: 11 GB/s (SO), 36 GB/s (SU), 162.193 us, 5773248 bytes | copy: 2484 GB/s, 8.322 us
   - EP:  13/16 | expanded dispatch: 11 GB/s (SO), 35 GB/s (SU), 162.300 us, 5728320 bytes | copy: 1726 GB/s, 11.984 us
   - EP:  10/16 | expanded dispatch: 11 GB/s (SO), 39 GB/s (SU), 162.360 us, 6312384 bytes | copy: 2154 GB/s, 9.842 us
   - EP:  12/16 | expanded dispatch: 11 GB/s (SO), 38 GB/s (SU), 162.275 us, 6117696 bytes | copy: 1871 GB/s, 11.194 us
   - EP:  14/16 | expanded dispatch: 11 GB/s (SO), 38 GB/s (SU), 162.317 us, 6162624 bytes | copy: 1722 GB/s, 12.205 us
   - EP:   8/16 | expanded dispatch: 11 GB/s (SO), 36 GB/s (SU), 162.241 us, 5833152 bytes | copy: 2445 GB/s, 8.478 us
USDT:2026-09-09 05:56:28 490:490 SyncActivityProfilerHandler.cpp:52] profiler_startUSDT:2026-09-09 05:56:28 491:491 SyncActivityProfilerHandler.cpp:52] profiler_startUSDT:2026-09-09 05:56:28 492:492 SyncActivityProfilerHandler.cpp:52] profiler_startUSDT:2026-09-09 05:56:28 487:487 SyncActivityProfilerHandler.cpp:52] profiler_start
USDT:2026-09-09 05:56:28 493:493 SyncActivityProfilerHandler.cpp:52] profiler_start
USDT:2026-09-09 05:56:28 486:486 SyncActivityProfilerHandler.cpp:52] profiler_start


USDT:2026-09-09 05:56:28 489:489 SyncActivityProfilerHandler.cpp:52] profiler_start

USDT:2026-09-09 05:56:28 488:488 SyncActivityProfilerHandler.cpp:52] profiler_start
USDT:2026-09-09 05:56:29 486:486 SyncActivityProfilerHandler.cpp:59] profiler_stopUSDT:2026-09-09 05:56:29 490:490 SyncActivityProfilerHandler.cpp:59] profiler_stopUSDT:2026-09-09 05:56:29 487:487 SyncActivityProfilerHandler.cpp:59] profiler_stopUSDT:2026-09-09 05:56:29 492:492 SyncActivityProfilerHandler.cpp:59] profiler_stopUSDT:2026-09-09 05:56:29 491:491 SyncActivityProfilerHandler.cpp:59] profiler_stop




USDT:2026-09-09 05:56:29 489:489 SyncActivityProfilerHandler.cpp:59] profiler_stop
USDT:2026-09-09 05:56:29 493:493 SyncActivityProfilerHandler.cpp:59] profiler_stop
USDT:2026-09-09 05:56:29 488:488 SyncActivityProfilerHandler.cpp:59] profiler_stop
   # EP:  12/16 | cached dispatch: 11 GB/s (SO), 39 GB/s (SU), 158.115 us, 6117696 bytes | copy: 1154 GB/s, 10.602 us
   # EP:  13/16 | cached dispatch: 11 GB/s (SO), 36 GB/s (SU), 158.152 us, 5728320 bytes | copy: 1204 GB/s, 9.514 us
   # EP:  15/16 | cached dispatch: 11 GB/s (SO), 38 GB/s (SU), 158.241 us, 6005376 bytes | copy: 1271 GB/s, 9.450 us
   # EP:  11/16 | cached dispatch: 11 GB/s (SO), 36 GB/s (SU), 158.070 us, 5698368 bytes | copy: 1533 GB/s, 7.436 us
   # EP:   8/16 | cached dispatch: 11 GB/s (SO), 37 GB/s (SU), 158.076 us, 5833152 bytes | copy: 1705 GB/s, 6.844 us
   # EP:   9/16 | cached dispatch: 11 GB/s (SO), 37 GB/s (SU), 158.157 us, 5773248 bytes | copy: 1357 GB/s, 8.508 us
   # EP:  14/16 | cached dispatch: 11 GB/s (SO), 39 GB/s (SU), 158.128 us, 6162624 bytes | copy: 1096 GB/s, 11.248 us
   # EP:  10/16 | cached dispatch: 11 GB/s (SO), 40 GB/s (SU), 158.268 us, 6312384 bytes | copy: 1467 GB/s, 8.604 us
USDT:2026-09-09 05:56:29 491:491 SyncActivityProfilerHandler.cpp:52] profiler_startUSDT:2026-09-09 05:56:29 493:493 SyncActivityProfilerHandler.cpp:52] profiler_startUSDT:2026-09-09 05:56:29 487:487 SyncActivityProfilerHandler.cpp:52] profiler_startUSDT:2026-09-09 05:56:29 490:490 SyncActivityProfilerHandler.cpp:52] profiler_start
USDT:2026-09-09 05:56:29 492:492 SyncActivityProfilerHandler.cpp:52] profiler_start
USDT:2026-09-09 05:56:29 489:489 SyncActivityProfilerHandler.cpp:52] profiler_startUSDT:2026-09-09 05:56:29 486:486 SyncActivityProfilerHandler.cpp:52] profiler_start




USDT:2026-09-09 05:56:29 488:488 SyncActivityProfilerHandler.cpp:52] profiler_start
USDT:2026-09-09 05:56:29 490:490 SyncActivityProfilerHandler.cpp:59] profiler_stop
USDT:2026-09-09 05:56:29 489:489 SyncActivityProfilerHandler.cpp:59] profiler_stop
USDT:2026-09-09 05:56:29 486:486 SyncActivityProfilerHandler.cpp:59] profiler_stopUSDT:2026-09-09 05:56:29 492:492 SyncActivityProfilerHandler.cpp:59] profiler_stop

USDT:2026-09-09 05:56:29 491:491 SyncActivityProfilerHandler.cpp:59] profiler_stopUSDT:2026-09-09 05:56:29 493:493 SyncActivityProfilerHandler.cpp:59] profiler_stop

USDT:2026-09-09 05:56:29 487:487 SyncActivityProfilerHandler.cpp:59] profiler_stop
USDT:2026-09-09 05:56:29 488:488 SyncActivityProfilerHandler.cpp:59] profiler_stop
   @ EP:  12/16 | combine: 21 GB/s (SO), 76 GB/s (SU), 154.486 us, 11738656 bytes | reduce: 1025 GB/s, 4.865 us
   @ EP:  11/16 | combine: 22 GB/s (SO), 71 GB/s (SU), 154.054 us, 10934048 bytes | reduce: 1049 GB/s, 4.796 us
   @ EP:  15/16 | combine: 21 GB/s (SO), 74 GB/s (SU), 154.706 us, 11523136 bytes | reduce: 990 GB/s, 4.903 us
   @ EP:  13/16 | combine: 21 GB/s (SO), 71 GB/s (SU), 154.199 us, 10991520 bytes | reduce: 1085 GB/s, 4.570 us
   @ EP:   9/16 | combine: 22 GB/s (SO), 72 GB/s (SU), 153.911 us, 11077728 bytes | reduce: 1079 GB/s, 4.741 us
   @ EP:   8/16 | combine: 22 GB/s (SO), 72 GB/s (SU), 156.373 us, 11192672 bytes | reduce: 1085 GB/s, 4.753 us
   @ EP:  14/16 | combine: 21 GB/s (SO), 77 GB/s (SU), 153.291 us, 11824864 bytes | reduce: 1093 GB/s, 4.496 us
   @ EP:  10/16 | combine: 22 GB/s (SO), 78 GB/s (SU), 154.893 us, 12112224 bytes | reduce: 1091 GB/s, 4.647 us
USDT:2026-09-09 05:56:30 490:490 SyncActivityProfilerHandler.cpp:52] profiler_startUSDT:2026-09-09 05:56:30 486:486 SyncActivityProfilerHandler.cpp:52] profiler_startUSDT:2026-09-09 05:56:30 487:487 SyncActivityProfilerHandler.cpp:52] profiler_startUSDT:2026-09-09 05:56:30 491:491 SyncActivityProfilerHandler.cpp:52] profiler_startUSDT:2026-09-09 05:56:30 489:489 SyncActivityProfilerHandler.cpp:52] profiler_startUSDT:2026-09-09 05:56:30 492:492 SyncActivityProfilerHandler.cpp:52] profiler_start



USDT:2026-09-09 05:56:30 493:493 SyncActivityProfilerHandler.cpp:52] profiler_start

USDT:2026-09-09 05:56:30 488:488 SyncActivityProfilerHandler.cpp:52] profiler_start

USDT:2026-09-09 05:56:30 491:491 SyncActivityProfilerHandler.cpp:59] profiler_stopUSDT:2026-09-09 05:56:30 486:486 SyncActivityProfilerHandler.cpp:59] profiler_stop

USDT:2026-09-09 05:56:30 489:489 SyncActivityProfilerHandler.cpp:59] profiler_stopUSDT:2026-09-09 05:56:30 492:492 SyncActivityProfilerHandler.cpp:59] profiler_stop

USDT:2026-09-09 05:56:30 490:490 SyncActivityProfilerHandler.cpp:59] profiler_stopUSDT:2026-09-09 05:56:30 493:493 SyncActivityProfilerHandler.cpp:59] profiler_stopUSDT:2026-09-09 05:56:30 487:487 SyncActivityProfilerHandler.cpp:59] profiler_stop


USDT:2026-09-09 05:56:30 488:488 SyncActivityProfilerHandler.cpp:59] profiler_stop
   + EP:  11/16 | reduced combine: 19 GB/s (SO), 64 GB/s (SU), 172.034 us, 10934048 bytes | reduce: 1105 GB/s, 4.550 us
   + EP:  13/16 | reduced combine: 19 GB/s (SO), 65 GB/s (SU), 170.166 us, 10991520 bytes | reduce: 1086 GB/s, 4.565 us
   + EP:  12/16 | reduced combine: 20 GB/s (SO), 69 GB/s (SU), 170.166 us, 11738656 bytes | reduce: 1057 GB/s, 4.715 us
   + EP:  15/16 | reduced combine: 19 GB/s (SO), 68 GB/s (SU), 169.498 us, 11523136 bytes | reduce: 961 GB/s, 5.051 us
   + EP:   8/16 | reduced combine: 20 GB/s (SO), 66 GB/s (SU), 170.359 us, 11192672 bytes | reduce: 1066 GB/s, 4.841 us
   + EP:   9/16 | reduced combine: 20 GB/s (SO), 65 GB/s (SU), 170.758 us, 11077728 bytes | reduce: 1052 GB/s, 4.863 us
   + EP:  14/16 | reduced combine: 19 GB/s (SO), 70 GB/s (SU), 168.240 us, 11824864 bytes | reduce: 1015 GB/s, 4.843 us
   + EP:  10/16 | reduced combine: 20 GB/s (SO), 72 GB/s (SU), 169.369 us, 12112224 bytes | reduce: 1036 GB/s, 4.895 us


