=== EP_NIC_NAME=rdmap110s0 (auto, 200 Gb/s) ===
=== GIN: NCCL_GIN_TYPE=5 NCCL_SYM_GIN_KERNELS_ENABLE=0 ===
=== PREFER_OVERLAP=0 (--prefer-overlap-with-compute) ===
=== IMAGE=deepep-v2-efa-official:sm90-54fffef  DeepEP=54fffeff810723f574c574b1790dff189f3c6ffb ===
+ docker run --rm --init --gpus all --privileged --network=host --ipc=host --ulimit memlock=-1 --ulimit stack=67108864 --device=/dev/infiniband --device=/dev/gdrdrv -v /sys/class/infiniband:/sys/class/infiniband:ro -e MASTER_ADDR=172.31.28.159 -e MASTER_PORT=8915 -e WORLD_SIZE=4 -e RANK=2 -e NCCL_DEBUG=WARN -e EP_NIC_NAME=rdmap110s0 -e NCCL_GIN_TYPE=5 -e NCCL_SYM_GIN_KERNELS_ENABLE=0 -e PYTHONUNBUFFERED=1 -e PYTHONFAULTHANDLER=1 deepep-v2-efa-official:sm90-54fffef bash -lc 'timeout -s ABRT --kill-after=60 1800     python3 -u /opt/DeepEP/tests/elastic/test_ep.py     --num-processes=8 --num-tokens=128     --hidden=7168 --num-topk=8 --num-experts=256     --num-sms=12 --allow-hybrid-mode=1     --prefer-overlap-with-compute=0 --test-first-only      '

==========
== CUDA ==
==========

CUDA Version 13.0.2

Container image Copyright (c) 2016-2023, NVIDIA CORPORATION & AFFILIATES. All rights reserved.

This container image and its contents are governed by the NVIDIA Deep Learning Container License.
By pulling and using the container, you accept the terms and conditions of this license:
https://developer.nvidia.com/ngc/nvidia-deep-learning-container-license

A copy of this license is made available in this container at /NGC-DL-CONTAINER-LICENSE for your convenience.

DeepEP hybrid kernel selection: unordered
DeepEP hybrid kernel selection: unordered
DeepEP hybrid kernel selection: unordered
DeepEP hybrid kernel selection: unordered
DeepEP hybrid kernel selection: unordered
DeepEP hybrid kernel selection: unordered
DeepEP hybrid kernel selection: unordered
DeepEP hybrid kernel selection: unordered
DeepEP hybrid kernel selection: unordered
DeepEP hybrid kernel selection: unordered
DeepEP hybrid kernel selection: unordered
DeepEP hybrid kernel selection: unordered
DeepEP hybrid kernel selection: unordered
DeepEP hybrid kernel selection: unordered
DeepEP hybrid kernel selection: unordered
DeepEP hybrid kernel selection: unordered
Config:
 > Ranks: 4 x 8
 > Experts: 8/256
 > Tokens: 112 (max: 128), hidden: 7168
 > #SM: 12, #QPs: 11/11

Running all test cases:
 > Testing with do_handle_copy=1, expert_alignment=128, use_fp8_dispatch=1, num_bias=0, with_previous_event=0, async_with_compute_stream=0, allocate_on_comm_stream=0 ...
USDT:2026-09-09 04:11:15 489:489 SyncActivityProfilerHandler.cpp:52] profiler_startUSDT:2026-09-09 04:11:15 488:488 SyncActivityProfilerHandler.cpp:52] profiler_startUSDT:2026-09-09 04:11:15 486:486 SyncActivityProfilerHandler.cpp:52] profiler_startUSDT:2026-09-09 04:11:15 491:491 SyncActivityProfilerHandler.cpp:52] profiler_startUSDT:2026-09-09 04:11:15 492:492 SyncActivityProfilerHandler.cpp:52] profiler_startUSDT:2026-09-09 04:11:15 490:490 SyncActivityProfilerHandler.cpp:52] profiler_start
USDT:2026-09-09 04:11:15 493:493 SyncActivityProfilerHandler.cpp:52] profiler_start

USDT:2026-09-09 04:11:15 487:487 SyncActivityProfilerHandler.cpp:52] profiler_start




USDT:2026-09-09 04:11:15 488:488 SyncActivityProfilerHandler.cpp:59] profiler_stopUSDT:2026-09-09 04:11:15 492:492 SyncActivityProfilerHandler.cpp:59] profiler_stopUSDT:2026-09-09 04:11:15 490:490 SyncActivityProfilerHandler.cpp:59] profiler_stopUSDT:2026-09-09 04:11:15 487:487 SyncActivityProfilerHandler.cpp:59] profiler_stopUSDT:2026-09-09 04:11:15 486:486 SyncActivityProfilerHandler.cpp:59] profiler_stop


USDT:2026-09-09 04:11:15 489:489 SyncActivityProfilerHandler.cpp:59] profiler_stop
USDT:2026-09-09 04:11:15 493:493 SyncActivityProfilerHandler.cpp:59] profiler_stop

USDT:2026-09-09 04:11:15 491:491 SyncActivityProfilerHandler.cpp:59] profiler_stop

   * EP:  20/32 | dispatch: 16 GB/s (SO), 33 GB/s (SU), 185.565 us, 6072768 bytes | copy: 1488 GB/s, 8.160 us
   * EP:  16/32 | dispatch: 16 GB/s (SO), 34 GB/s (SU), 185.663 us, 6342336 bytes | copy: 1872 GB/s, 6.775 us
   * EP:  19/32 | dispatch: 16 GB/s (SO), 34 GB/s (SU), 185.697 us, 6289920 bytes | copy: 1385 GB/s, 9.085 us
   * EP:  23/32 | dispatch: 15 GB/s (SO), 33 GB/s (SU), 185.846 us, 6200064 bytes | copy: 1220 GB/s, 10.166 us
   * EP:  22/32 | dispatch: 15 GB/s (SO), 34 GB/s (SU), 185.699 us, 6289920 bytes | copy: 1045 GB/s, 12.036 us
   * EP:  21/32 | dispatch: 16 GB/s (SO), 33 GB/s (SU), 185.706 us, 6155136 bytes | copy: 1498 GB/s, 8.217 us
   * EP:  17/32 | dispatch: 16 GB/s (SO), 34 GB/s (SU), 185.661 us, 6327360 bytes | copy: 1696 GB/s, 7.462 us
   * EP:  18/32 | dispatch: 16 GB/s (SO), 32 GB/s (SU), 185.577 us, 5885568 bytes | copy: 1488 GB/s, 7.913 us
USDT:2026-09-09 04:11:16 490:490 SyncActivityProfilerHandler.cpp:52] profiler_startUSDT:2026-09-09 04:11:16 489:489 SyncActivityProfilerHandler.cpp:52] profiler_startUSDT:2026-09-09 04:11:16 492:492 SyncActivityProfilerHandler.cpp:52] profiler_startUSDT:2026-09-09 04:11:16 488:488 SyncActivityProfilerHandler.cpp:52] profiler_startUSDT:2026-09-09 04:11:16 486:486 SyncActivityProfilerHandler.cpp:52] profiler_startUSDT:2026-09-09 04:11:16 493:493 SyncActivityProfilerHandler.cpp:52] profiler_startUSDT:2026-09-09 04:11:16 487:487 SyncActivityProfilerHandler.cpp:52] profiler_startUSDT:2026-09-09 04:11:16 491:491 SyncActivityProfilerHandler.cpp:52] profiler_start







USDT:2026-09-09 04:11:16 488:488 SyncActivityProfilerHandler.cpp:59] profiler_stopUSDT:2026-09-09 04:11:16 490:490 SyncActivityProfilerHandler.cpp:59] profiler_stopUSDT:2026-09-09 04:11:16 491:491 SyncActivityProfilerHandler.cpp:59] profiler_stop

USDT:2026-09-09 04:11:16 489:489 SyncActivityProfilerHandler.cpp:59] profiler_stop

USDT:2026-09-09 04:11:16 492:492 SyncActivityProfilerHandler.cpp:59] profiler_stopUSDT:2026-09-09 04:11:16 486:486 SyncActivityProfilerHandler.cpp:59] profiler_stopUSDT:2026-09-09 04:11:16 487:487 SyncActivityProfilerHandler.cpp:59] profiler_stop
USDT:2026-09-09 04:11:16 493:493 SyncActivityProfilerHandler.cpp:59] profiler_stop


   - EP:  19/32 | expanded dispatch: 16 GB/s (SO), 33 GB/s (SU), 187.880 us, 6289920 bytes | copy: 1413 GB/s, 9.893 us
   - EP:  21/32 | expanded dispatch: 16 GB/s (SO), 33 GB/s (SU), 187.948 us, 6155136 bytes | copy: 1501 GB/s, 9.722 us
   - EP:  16/32 | expanded dispatch: 16 GB/s (SO), 34 GB/s (SU), 187.903 us, 6342336 bytes | copy: 2149 GB/s, 7.006 us
   - EP:  23/32 | expanded dispatch: 15 GB/s (SO), 33 GB/s (SU), 188.088 us, 6200064 bytes | copy: 1258 GB/s, 11.679 us
   - EP:  20/32 | expanded dispatch: 15 GB/s (SO), 32 GB/s (SU), 187.877 us, 6072768 bytes | copy: 1541 GB/s, 9.520 us
   - EP:  17/32 | expanded dispatch: 16 GB/s (SO), 34 GB/s (SU), 188.025 us, 6327360 bytes | copy: 1481 GB/s, 10.684 us
   - EP:  18/32 | expanded dispatch: 16 GB/s (SO), 31 GB/s (SU), 187.852 us, 5885568 bytes | copy: 1546 GB/s, 8.720 us
   - EP:  22/32 | expanded dispatch: 15 GB/s (SO), 33 GB/s (SU), 187.893 us, 6289920 bytes | copy: 1105 GB/s, 12.522 us
USDT:2026-09-09 04:11:16 488:488 SyncActivityProfilerHandler.cpp:52] profiler_startUSDT:2026-09-09 04:11:16 492:492 SyncActivityProfilerHandler.cpp:52] profiler_startUSDT:2026-09-09 04:11:16 490:490 SyncActivityProfilerHandler.cpp:52] profiler_startUSDT:2026-09-09 04:11:16 487:487 SyncActivityProfilerHandler.cpp:52] profiler_start
USDT:2026-09-09 04:11:16 489:489 SyncActivityProfilerHandler.cpp:52] profiler_startUSDT:2026-09-09 04:11:16 491:491 SyncActivityProfilerHandler.cpp:52] profiler_startUSDT:2026-09-09 04:11:16 493:493 SyncActivityProfilerHandler.cpp:52] profiler_startUSDT:2026-09-09 04:11:16 486:486 SyncActivityProfilerHandler.cpp:52] profiler_start






USDT:2026-09-09 04:11:17 490:490 SyncActivityProfilerHandler.cpp:59] profiler_stopUSDT:2026-09-09 04:11:17 487:487 SyncActivityProfilerHandler.cpp:59] profiler_stopUSDT:2026-09-09 04:11:17 492:492 SyncActivityProfilerHandler.cpp:59] profiler_stopUSDT:2026-09-09 04:11:17 491:491 SyncActivityProfilerHandler.cpp:59] profiler_stop



USDT:2026-09-09 04:11:17 489:489 SyncActivityProfilerHandler.cpp:59] profiler_stop
USDT:2026-09-09 04:11:17 488:488 SyncActivityProfilerHandler.cpp:59] profiler_stopUSDT:2026-09-09 04:11:17 486:486 SyncActivityProfilerHandler.cpp:59] profiler_stop

USDT:2026-09-09 04:11:17 493:493 SyncActivityProfilerHandler.cpp:59] profiler_stop
   # EP:  20/32 | cached dispatch: 16 GB/s (SO), 33 GB/s (SU), 182.108 us, 6072768 bytes | copy: 1595 GB/s, 7.617 us
   # EP:  17/32 | cached dispatch: 16 GB/s (SO), 35 GB/s (SU), 182.317 us, 6327360 bytes | copy: 1353 GB/s, 9.356 us
   # EP:  16/32 | cached dispatch: 16 GB/s (SO), 35 GB/s (SU), 182.329 us, 6342336 bytes | copy: 1579 GB/s, 8.034 us
   # EP:  22/32 | cached dispatch: 16 GB/s (SO), 35 GB/s (SU), 182.270 us, 6289920 bytes | copy: 1085 GB/s, 11.590 us
   # EP:  18/32 | cached dispatch: 16 GB/s (SO), 32 GB/s (SU), 182.248 us, 5885568 bytes | copy: 1602 GB/s, 7.350 us
   # EP:  21/32 | cached dispatch: 16 GB/s (SO), 34 GB/s (SU), 182.269 us, 6155136 bytes | copy: 1298 GB/s, 9.487 us
   # EP:  19/32 | cached dispatch: 16 GB/s (SO), 35 GB/s (SU), 182.198 us, 6289920 bytes | copy: 1583 GB/s, 7.947 us
   # EP:  23/32 | cached dispatch: 15 GB/s (SO), 34 GB/s (SU), 182.481 us, 6200064 bytes | copy: 1170 GB/s, 10.596 us
USDT:2026-09-09 04:11:17 491:491 SyncActivityProfilerHandler.cpp:52] profiler_start
USDT:2026-09-09 04:11:17 493:493 SyncActivityProfilerHandler.cpp:52] profiler_startUSDT:2026-09-09 04:11:17 488:488 SyncActivityProfilerHandler.cpp:52] profiler_startUSDT:2026-09-09 04:11:17 492:492 SyncActivityProfilerHandler.cpp:52] profiler_startUSDT:2026-09-09 04:11:17 489:489 SyncActivityProfilerHandler.cpp:52] profiler_start

USDT:2026-09-09 04:11:17 487:487 SyncActivityProfilerHandler.cpp:52] profiler_start


USDT:2026-09-09 04:11:17 486:486 SyncActivityProfilerHandler.cpp:52] profiler_start
USDT:2026-09-09 04:11:17 490:490 SyncActivityProfilerHandler.cpp:52] profiler_start
USDT:2026-09-09 04:11:17 491:491 SyncActivityProfilerHandler.cpp:59] profiler_stopUSDT:2026-09-09 04:11:17 492:492 SyncActivityProfilerHandler.cpp:59] profiler_stopUSDT:2026-09-09 04:11:17 490:490 SyncActivityProfilerHandler.cpp:59] profiler_stopUSDT:2026-09-09 04:11:17 493:493 SyncActivityProfilerHandler.cpp:59] profiler_stopUSDT:2026-09-09 04:11:17 487:487 SyncActivityProfilerHandler.cpp:59] profiler_stop

USDT:2026-09-09 04:11:17 489:489 SyncActivityProfilerHandler.cpp:59] profiler_stopUSDT:2026-09-09 04:11:17 488:488 SyncActivityProfilerHandler.cpp:59] profiler_stop



USDT:2026-09-09 04:11:17 486:486 SyncActivityProfilerHandler.cpp:59] profiler_stop

   @ EP:  20/32 | combine: 22 GB/s (SO), 47 GB/s (SU), 247.582 us, 11652448 bytes | reduce: 975 GB/s, 7.283 us
   @ EP:  19/32 | combine: 23 GB/s (SO), 48 GB/s (SU), 248.955 us, 12069120 bytes | reduce: 971 GB/s, 7.416 us
   @ EP:  22/32 | combine: 22 GB/s (SO), 49 GB/s (SU), 245.776 us, 12069120 bytes | reduce: 943 GB/s, 7.424 us
   @ EP:  23/32 | combine: 22 GB/s (SO), 49 GB/s (SU), 244.473 us, 11896704 bytes | reduce: 955 GB/s, 7.250 us
   @ EP:  18/32 | combine: 23 GB/s (SO), 46 GB/s (SU), 248.120 us, 11293248 bytes | reduce: 984 GB/s, 7.346 us
   @ EP:  21/32 | combine: 23 GB/s (SO), 48 GB/s (SU), 245.485 us, 11810496 bytes | reduce: 983 GB/s, 7.264 us
   @ EP:  17/32 | combine: 23 GB/s (SO), 48 GB/s (SU), 250.445 us, 12140960 bytes | reduce: 997 GB/s, 7.322 us
   @ EP:  16/32 | combine: 22 GB/s (SO), 48 GB/s (SU), 255.825 us, 12169696 bytes | reduce: 970 GB/s, 7.558 us
USDT:2026-09-09 04:11:18 493:493 SyncActivityProfilerHandler.cpp:52] profiler_startUSDT:2026-09-09 04:11:18 492:492 SyncActivityProfilerHandler.cpp:52] profiler_startUSDT:2026-09-09 04:11:18 486:486 SyncActivityProfilerHandler.cpp:52] profiler_start

USDT:2026-09-09 04:11:18 489:489 SyncActivityProfilerHandler.cpp:52] profiler_start
USDT:2026-09-09 04:11:18 487:487 SyncActivityProfilerHandler.cpp:52] profiler_start
USDT:2026-09-09 04:11:18 491:491 SyncActivityProfilerHandler.cpp:52] profiler_start

USDT:2026-09-09 04:11:18 490:490 SyncActivityProfilerHandler.cpp:52] profiler_start
USDT:2026-09-09 04:11:18 488:488 SyncActivityProfilerHandler.cpp:52] profiler_start
USDT:2026-09-09 04:11:18 492:492 SyncActivityProfilerHandler.cpp:59] profiler_stop
USDT:2026-09-09 04:11:18 493:493 SyncActivityProfilerHandler.cpp:59] profiler_stopUSDT:2026-09-09 04:11:18 491:491 SyncActivityProfilerHandler.cpp:59] profiler_stopUSDT:2026-09-09 04:11:18 487:487 SyncActivityProfilerHandler.cpp:59] profiler_stopUSDT:2026-09-09 04:11:18 489:489 SyncActivityProfilerHandler.cpp:59] profiler_stop



USDT:2026-09-09 04:11:18 486:486 SyncActivityProfilerHandler.cpp:59] profiler_stopUSDT:2026-09-09 04:11:18 488:488 SyncActivityProfilerHandler.cpp:59] profiler_stop

USDT:2026-09-09 04:11:18 490:490 SyncActivityProfilerHandler.cpp:59] profiler_stop
   + EP:  23/32 | reduced combine: 21 GB/s (SO), 47 GB/s (SU), 252.619 us, 11896704 bytes | reduce: 933 GB/s, 7.421 us
   + EP:  19/32 | reduced combine: 22 GB/s (SO), 47 GB/s (SU), 257.927 us, 12069120 bytes | reduce: 933 GB/s, 7.716 us
   + EP:  22/32 | reduced combine: 21 GB/s (SO), 47 GB/s (SU), 254.803 us, 12069120 bytes | reduce: 911 GB/s, 7.682 us
   + EP:  16/32 | reduced combine: 22 GB/s (SO), 46 GB/s (SU), 261.985 us, 12169696 bytes | reduce: 959 GB/s, 7.639 us
   + EP:  17/32 | reduced combine: 22 GB/s (SO), 46 GB/s (SU), 262.194 us, 12140960 bytes | reduce: 991 GB/s, 7.366 us
   + EP:  18/32 | reduced combine: 22 GB/s (SO), 44 GB/s (SU), 256.939 us, 11293248 bytes | reduce: 970 GB/s, 7.450 us
   + EP:  21/32 | reduced combine: 22 GB/s (SO), 46 GB/s (SU), 254.153 us, 11810496 bytes | reduce: 955 GB/s, 7.474 us
   + EP:  20/32 | reduced combine: 22 GB/s (SO), 46 GB/s (SU), 255.635 us, 11652448 bytes | reduce: 957 GB/s, 7.417 us


