=== EP_NIC_NAME=rdmap110s0 (auto, 200 Gb/s) ===
=== GIN: NCCL_GIN_TYPE=5 NCCL_SYM_GIN_KERNELS_ENABLE=0 ===
=== PREFER_OVERLAP=0 (--prefer-overlap-with-compute) ===
=== IMAGE=deepep-v2-efa-official:sm90-54fffef  DeepEP=54fffeff810723f574c574b1790dff189f3c6ffb ===
+ docker run --rm --init --gpus all --privileged --network=host --ipc=host --ulimit memlock=-1 --ulimit stack=67108864 --device=/dev/infiniband --device=/dev/gdrdrv -v /sys/class/infiniband:/sys/class/infiniband:ro -e MASTER_ADDR=172.31.29.216 -e MASTER_PORT=8975 -e WORLD_SIZE=2 -e RANK=0 -e NCCL_DEBUG=WARN -e EP_NIC_NAME=rdmap110s0 -e NCCL_GIN_TYPE=5 -e NCCL_SYM_GIN_KERNELS_ENABLE=0 -e PYTHONUNBUFFERED=1 -e PYTHONFAULTHANDLER=1 deepep-v2-efa-official:sm90-54fffef bash -lc 'timeout -s ABRT --kill-after=60 1800     python3 -u /opt/DeepEP/tests/elastic/test_ep.py     --num-processes=8 --num-tokens=128     --hidden=7168 --num-topk=8 --num-experts=256     --num-sms=12 --allow-hybrid-mode=1     --prefer-overlap-with-compute=0 --test-first-only      '

==========
== CUDA ==
==========

CUDA Version 13.0.2

Container image Copyright (c) 2016-2023, NVIDIA CORPORATION & AFFILIATES. All rights reserved.

This container image and its contents are governed by the NVIDIA Deep Learning Container License.
By pulling and using the container, you accept the terms and conditions of this license:
https://developer.nvidia.com/ngc/nvidia-deep-learning-container-license

A copy of this license is made available in this container at /NGC-DL-CONTAINER-LICENSE for your convenience.

NCCL version 2.31.2+cuda13.3
DeepEP hybrid kernel selection: unordered
DeepEP hybrid kernel selection: unordered
DeepEP hybrid kernel selection: unordered
DeepEP hybrid kernel selection: unordered
DeepEP hybrid kernel selection: unordered
DeepEP hybrid kernel selection: unordered
DeepEP hybrid kernel selection: unordered
DeepEP hybrid kernel selection: unordered
DeepEP hybrid kernel selection: unordered
DeepEP hybrid kernel selection: unordered
DeepEP hybrid kernel selection: unordered
DeepEP hybrid kernel selection: unordered
DeepEP hybrid kernel selection: unordered
DeepEP hybrid kernel selection: unordered
DeepEP hybrid kernel selection: unordered
DeepEP hybrid kernel selection: unordered
Config:
 > Ranks: 2 x 8
 > Experts: 8/256
 > Tokens: 128 (max: 128), hidden: 7168
 > #SM: 12, #QPs: 11/11

Running all test cases:
 > Testing with do_handle_copy=1, expert_alignment=128, use_fp8_dispatch=1, num_bias=0, with_previous_event=0, async_with_compute_stream=0, allocate_on_comm_stream=0 ...
USDT:2026-09-09 05:54:20 492:492 SyncActivityProfilerHandler.cpp:52] profiler_startUSDT:2026-09-09 05:54:20 489:489 SyncActivityProfilerHandler.cpp:52] profiler_startUSDT:2026-09-09 05:54:20 490:490 SyncActivityProfilerHandler.cpp:52] profiler_startUSDT:2026-09-09 05:54:20 493:493 SyncActivityProfilerHandler.cpp:52] profiler_startUSDT:2026-09-09 05:54:20 488:488 SyncActivityProfilerHandler.cpp:52] profiler_start




USDT:2026-09-09 05:54:20 486:486 SyncActivityProfilerHandler.cpp:52] profiler_start
USDT:2026-09-09 05:54:20 491:491 SyncActivityProfilerHandler.cpp:52] profiler_start
USDT:2026-09-09 05:54:20 487:487 SyncActivityProfilerHandler.cpp:52] profiler_start
USDT:2026-09-09 05:54:20 490:490 SyncActivityProfilerHandler.cpp:59] profiler_stopUSDT:2026-09-09 05:54:20 489:489 SyncActivityProfilerHandler.cpp:59] profiler_stopUSDT:2026-09-09 05:54:20 492:492 SyncActivityProfilerHandler.cpp:59] profiler_stopUSDT:2026-09-09 05:54:20 488:488 SyncActivityProfilerHandler.cpp:59] profiler_stopUSDT:2026-09-09 05:54:20 493:493 SyncActivityProfilerHandler.cpp:59] profiler_stop




USDT:2026-09-09 05:54:20 486:486 SyncActivityProfilerHandler.cpp:59] profiler_stop
USDT:2026-09-09 05:54:20 491:491 SyncActivityProfilerHandler.cpp:59] profiler_stop
USDT:2026-09-09 05:54:20 487:487 SyncActivityProfilerHandler.cpp:59] profiler_stop
   * EP:   4/16 | dispatch: 11 GB/s (SO), 35 GB/s (SU), 162.941 us, 5623488 bytes | copy: 1160 GB/s, 9.699 us
   * EP:   0/16 | dispatch: 12 GB/s (SO), 35 GB/s (SU), 162.903 us, 5750784 bytes | copy: 1498 GB/s, 7.680 us
   * EP:   2/16 | dispatch: 12 GB/s (SO), 36 GB/s (SU), 162.973 us, 5840640 bytes | copy: 1499 GB/s, 7.793 us
   * EP:   7/16 | dispatch: 11 GB/s (SO), 36 GB/s (SU), 163.123 us, 5937984 bytes | copy: 1068 GB/s, 11.124 us
   * EP:   5/16 | dispatch: 11 GB/s (SO), 35 GB/s (SU), 163.054 us, 5705856 bytes | copy: 1019 GB/s, 11.201 us
   * EP:   3/16 | dispatch: 11 GB/s (SO), 36 GB/s (SU), 162.943 us, 5855616 bytes | copy: 1813 GB/s, 6.459 us
   * EP:   6/16 | dispatch: 11 GB/s (SO), 36 GB/s (SU), 163.025 us, 5937984 bytes | copy: 1157 GB/s, 10.264 us
   * EP:   1/16 | dispatch: 12 GB/s (SO), 35 GB/s (SU), 163.129 us, 5720832 bytes | copy: 1342 GB/s, 8.528 us
USDT:2026-09-09 05:54:21 491:491 SyncActivityProfilerHandler.cpp:52] profiler_startUSDT:2026-09-09 05:54:21 488:488 SyncActivityProfilerHandler.cpp:52] profiler_startUSDT:2026-09-09 05:54:21 489:489 SyncActivityProfilerHandler.cpp:52] profiler_startUSDT:2026-09-09 05:54:21 493:493 SyncActivityProfilerHandler.cpp:52] profiler_startUSDT:2026-09-09 05:54:21 492:492 SyncActivityProfilerHandler.cpp:52] profiler_start

USDT:2026-09-09 05:54:21 490:490 SyncActivityProfilerHandler.cpp:52] profiler_start



USDT:2026-09-09 05:54:21 486:486 SyncActivityProfilerHandler.cpp:52] profiler_startUSDT:2026-09-09 05:54:21 487:487 SyncActivityProfilerHandler.cpp:52] profiler_start

USDT:2026-09-09 05:54:21 490:490 SyncActivityProfilerHandler.cpp:59] profiler_stopUSDT:2026-09-09 05:54:21 492:492 SyncActivityProfilerHandler.cpp:59] profiler_stopUSDT:2026-09-09 05:54:21 493:493 SyncActivityProfilerHandler.cpp:59] profiler_stop


USDT:2026-09-09 05:54:21 488:488 SyncActivityProfilerHandler.cpp:59] profiler_stopUSDT:2026-09-09 05:54:21 489:489 SyncActivityProfilerHandler.cpp:59] profiler_stop

USDT:2026-09-09 05:54:21 487:487 SyncActivityProfilerHandler.cpp:59] profiler_stop
USDT:2026-09-09 05:54:21 486:486 SyncActivityProfilerHandler.cpp:59] profiler_stop
USDT:2026-09-09 05:54:21 491:491 SyncActivityProfilerHandler.cpp:59] profiler_stop
   - EP:   0/16 | expanded dispatch: 12 GB/s (SO), 35 GB/s (SU), 162.813 us, 5750784 bytes | copy: 2278 GB/s, 9.036 us
   - EP:   7/16 | expanded dispatch: 11 GB/s (SO), 36 GB/s (SU), 163.052 us, 5937984 bytes | copy: 1841 GB/s, 11.250 us
   - EP:   3/16 | expanded dispatch: 11 GB/s (SO), 36 GB/s (SU), 162.869 us, 5855616 bytes | copy: 2560 GB/s, 8.074 us
   - EP:   6/16 | expanded dispatch: 11 GB/s (SO), 36 GB/s (SU), 162.914 us, 5937984 bytes | copy: 1778 GB/s, 11.716 us
   - EP:   4/16 | expanded dispatch: 11 GB/s (SO), 35 GB/s (SU), 162.866 us, 5623488 bytes | copy: 2006 GB/s, 10.194 us
   - EP:   5/16 | expanded dispatch: 11 GB/s (SO), 35 GB/s (SU), 162.871 us, 5705856 bytes | copy: 1639 GB/s, 12.533 us
   - EP:   2/16 | expanded dispatch: 12 GB/s (SO), 36 GB/s (SU), 162.923 us, 5840640 bytes | copy: 2220 GB/s, 9.325 us
   - EP:   1/16 | expanded dispatch: 12 GB/s (SO), 35 GB/s (SU), 162.978 us, 5720832 bytes | copy: 2286 GB/s, 8.976 us
USDT:2026-09-09 05:54:22 489:489 SyncActivityProfilerHandler.cpp:52] profiler_startUSDT:2026-09-09 05:54:22 492:492 SyncActivityProfilerHandler.cpp:52] profiler_startUSDT:2026-09-09 05:54:22 491:491 SyncActivityProfilerHandler.cpp:52] profiler_startUSDT:2026-09-09 05:54:22 488:488 SyncActivityProfilerHandler.cpp:52] profiler_start
USDT:2026-09-09 05:54:22 487:487 SyncActivityProfilerHandler.cpp:52] profiler_start
USDT:2026-09-09 05:54:22 486:486 SyncActivityProfilerHandler.cpp:52] profiler_start



USDT:2026-09-09 05:54:22 493:493 SyncActivityProfilerHandler.cpp:52] profiler_start
USDT:2026-09-09 05:54:22 490:490 SyncActivityProfilerHandler.cpp:52] profiler_start
USDT:2026-09-09 05:54:22 492:492 SyncActivityProfilerHandler.cpp:59] profiler_stopUSDT:2026-09-09 05:54:22 489:489 SyncActivityProfilerHandler.cpp:59] profiler_stopUSDT:2026-09-09 05:54:22 488:488 SyncActivityProfilerHandler.cpp:59] profiler_stop


USDT:2026-09-09 05:54:22 490:490 SyncActivityProfilerHandler.cpp:59] profiler_stop
USDT:2026-09-09 05:54:22 486:486 SyncActivityProfilerHandler.cpp:59] profiler_stopUSDT:2026-09-09 05:54:22 491:491 SyncActivityProfilerHandler.cpp:59] profiler_stopUSDT:2026-09-09 05:54:22 493:493 SyncActivityProfilerHandler.cpp:59] profiler_stopUSDT:2026-09-09 05:54:22 487:487 SyncActivityProfilerHandler.cpp:59] profiler_stop



   # EP:   2/16 | cached dispatch: 12 GB/s (SO), 37 GB/s (SU), 159.738 us, 5840640 bytes | copy: 1373 GB/s, 8.505 us
   # EP:   3/16 | cached dispatch: 12 GB/s (SO), 37 GB/s (SU), 159.690 us, 5855616 bytes | copy: 1871 GB/s, 6.258 us
   # EP:   6/16 | cached dispatch: 11 GB/s (SO), 37 GB/s (SU), 159.723 us, 5937984 bytes | copy: 1147 GB/s, 10.351 us
   # EP:   4/16 | cached dispatch: 12 GB/s (SO), 35 GB/s (SU), 159.688 us, 5623488 bytes | copy: 1230 GB/s, 9.142 us
   # EP:   5/16 | cached dispatch: 11 GB/s (SO), 36 GB/s (SU), 159.763 us, 5705856 bytes | copy: 955 GB/s, 11.948 us
   # EP:   1/16 | cached dispatch: 12 GB/s (SO), 36 GB/s (SU), 159.656 us, 5720832 bytes | copy: 1387 GB/s, 8.250 us
   # EP:   7/16 | cached dispatch: 11 GB/s (SO), 37 GB/s (SU), 159.883 us, 5937984 bytes | copy: 1201 GB/s, 9.885 us
   # EP:   0/16 | cached dispatch: 12 GB/s (SO), 36 GB/s (SU), 159.644 us, 5750784 bytes | copy: 1554 GB/s, 7.401 us
USDT:2026-09-09 05:54:22 492:492 SyncActivityProfilerHandler.cpp:52] profiler_startUSDT:2026-09-09 05:54:22 489:489 SyncActivityProfilerHandler.cpp:52] profiler_startUSDT:2026-09-09 05:54:22 490:490 SyncActivityProfilerHandler.cpp:52] profiler_start


USDT:2026-09-09 05:54:22 488:488 SyncActivityProfilerHandler.cpp:52] profiler_start
USDT:2026-09-09 05:54:22 493:493 SyncActivityProfilerHandler.cpp:52] profiler_startUSDT:2026-09-09 05:54:22 486:486 SyncActivityProfilerHandler.cpp:52] profiler_startUSDT:2026-09-09 05:54:22 487:487 SyncActivityProfilerHandler.cpp:52] profiler_start


USDT:2026-09-09 05:54:22 491:491 SyncActivityProfilerHandler.cpp:52] profiler_start
USDT:2026-09-09 05:54:23 489:489 SyncActivityProfilerHandler.cpp:59] profiler_stop
USDT:2026-09-09 05:54:23 492:492 SyncActivityProfilerHandler.cpp:59] profiler_stop
USDT:2026-09-09 05:54:23 493:493 SyncActivityProfilerHandler.cpp:59] profiler_stopUSDT:2026-09-09 05:54:23 491:491 SyncActivityProfilerHandler.cpp:59] profiler_stop

USDT:2026-09-09 05:54:23 487:487 SyncActivityProfilerHandler.cpp:59] profiler_stop
USDT:2026-09-09 05:54:23 486:486 SyncActivityProfilerHandler.cpp:59] profiler_stop
USDT:2026-09-09 05:54:23 488:488 SyncActivityProfilerHandler.cpp:59] profiler_stop
USDT:2026-09-09 05:54:23 490:490 SyncActivityProfilerHandler.cpp:59] profiler_stop
   @ EP:   3/16 | combine: 22 GB/s (SO), 70 GB/s (SU), 160.769 us, 11235776 bytes | reduce: 1166 GB/s, 4.621 us
   @ EP:   7/16 | combine: 22 GB/s (SO), 72 GB/s (SU), 157.979 us, 11393824 bytes | reduce: 1083 GB/s, 4.815 us
   @ EP:   2/16 | combine: 23 GB/s (SO), 70 GB/s (SU), 160.816 us, 11207040 bytes | reduce: 1134 GB/s, 4.788 us
   @ EP:   6/16 | combine: 22 GB/s (SO), 72 GB/s (SU), 159.029 us, 11393824 bytes | reduce: 1104 GB/s, 4.726 us
   @ EP:   5/16 | combine: 22 GB/s (SO), 69 GB/s (SU), 157.689 us, 10948416 bytes | reduce: 1141 GB/s, 4.632 us
   @ EP:   0/16 | combine: 23 GB/s (SO), 69 GB/s (SU), 160.188 us, 11034624 bytes | reduce: 1098 GB/s, 5.012 us
   @ EP:   1/16 | combine: 23 GB/s (SO), 68 GB/s (SU), 161.175 us, 10977152 bytes | reduce: 1192 GB/s, 4.594 us
   @ EP:   4/16 | combine: 22 GB/s (SO), 68 GB/s (SU), 158.786 us, 10790368 bytes | reduce: 1122 GB/s, 4.736 us
USDT:2026-09-09 05:54:23 492:492 SyncActivityProfilerHandler.cpp:52] profiler_startUSDT:2026-09-09 05:54:23 488:488 SyncActivityProfilerHandler.cpp:52] profiler_startUSDT:2026-09-09 05:54:23 489:489 SyncActivityProfilerHandler.cpp:52] profiler_start
USDT:2026-09-09 05:54:23 490:490 SyncActivityProfilerHandler.cpp:52] profiler_start


USDT:2026-09-09 05:54:23 487:487 SyncActivityProfilerHandler.cpp:52] profiler_startUSDT:2026-09-09 05:54:23 493:493 SyncActivityProfilerHandler.cpp:52] profiler_start

USDT:2026-09-09 05:54:23 486:486 SyncActivityProfilerHandler.cpp:52] profiler_start
USDT:2026-09-09 05:54:23 491:491 SyncActivityProfilerHandler.cpp:52] profiler_start
USDT:2026-09-09 05:54:23 490:490 SyncActivityProfilerHandler.cpp:59] profiler_stopUSDT:2026-09-09 05:54:23 489:489 SyncActivityProfilerHandler.cpp:59] profiler_stopUSDT:2026-09-09 05:54:23 488:488 SyncActivityProfilerHandler.cpp:59] profiler_stopUSDT:2026-09-09 05:54:23 493:493 SyncActivityProfilerHandler.cpp:59] profiler_stop

USDT:2026-09-09 05:54:23 492:492 SyncActivityProfilerHandler.cpp:59] profiler_stop


USDT:2026-09-09 05:54:23 487:487 SyncActivityProfilerHandler.cpp:59] profiler_stop
USDT:2026-09-09 05:54:23 486:486 SyncActivityProfilerHandler.cpp:59] profiler_stop
USDT:2026-09-09 05:54:23 491:491 SyncActivityProfilerHandler.cpp:59] profiler_stop
   + EP:   2/16 | reduced combine: 21 GB/s (SO), 64 GB/s (SU), 175.664 us, 11207040 bytes | reduce: 1082 GB/s, 5.018 us
   + EP:   6/16 | reduced combine: 20 GB/s (SO), 65 GB/s (SU), 175.795 us, 11393824 bytes | reduce: 1073 GB/s, 4.861 us
   + EP:   3/16 | reduced combine: 20 GB/s (SO), 63 GB/s (SU), 177.429 us, 11235776 bytes | reduce: 1064 GB/s, 5.062 us
   + EP:   7/16 | reduced combine: 20 GB/s (SO), 65 GB/s (SU), 174.725 us, 11393824 bytes | reduce: 1085 GB/s, 4.806 us
   + EP:   1/16 | reduced combine: 20 GB/s (SO), 61 GB/s (SU), 178.797 us, 10977152 bytes | reduce: 1200 GB/s, 4.562 us   + EP:   0/16 | reduced combine: 21 GB/s (SO), 62 GB/s (SU), 178.013 us, 11034624 bytes | reduce: 1086 GB/s, 5.068 us

   + EP:   4/16 | reduced combine: 20 GB/s (SO), 61 GB/s (SU), 175.774 us, 10790368 bytes | reduce: 990 GB/s, 5.372 us
   + EP:   5/16 | reduced combine: 20 GB/s (SO), 62 GB/s (SU), 175.294 us, 10948416 bytes | reduce: 1152 GB/s, 4.588 us


