=== EP_NIC_NAME=rdmap110s0 (auto, 200 Gb/s) ===
=== GIN: NCCL_GIN_TYPE=5 NCCL_SYM_GIN_KERNELS_ENABLE=0 ===
=== PREFER_OVERLAP=0 (--prefer-overlap-with-compute) ===
=== IMAGE=deepep-v2-efa-official:sm90-54fffef  DeepEP=54fffeff810723f574c574b1790dff189f3c6ffb ===
+ docker run --rm --init --gpus all --privileged --network=host --ipc=host --ulimit memlock=-1 --ulimit stack=67108864 --device=/dev/infiniband --device=/dev/gdrdrv -v /sys/class/infiniband:/sys/class/infiniband:ro -e MASTER_ADDR=172.31.28.159 -e MASTER_PORT=8902 -e WORLD_SIZE=4 -e RANK=3 -e NCCL_DEBUG=WARN -e EP_NIC_NAME=rdmap110s0 -e NCCL_GIN_TYPE=5 -e NCCL_SYM_GIN_KERNELS_ENABLE=0 -e PYTHONUNBUFFERED=1 -e PYTHONFAULTHANDLER=1 deepep-v2-efa-official:sm90-54fffef bash -lc 'timeout -s ABRT --kill-after=60 1800     python3 -u /opt/DeepEP/tests/elastic/test_ep.py     --num-processes=8 --num-tokens=128     --hidden=7168 --num-topk=8 --num-experts=256     --num-sms=12 --allow-hybrid-mode=1     --prefer-overlap-with-compute=0 --test-first-only      '

==========
== CUDA ==
==========

CUDA Version 13.0.2

Container image Copyright (c) 2016-2023, NVIDIA CORPORATION & AFFILIATES. All rights reserved.

This container image and its contents are governed by the NVIDIA Deep Learning Container License.
By pulling and using the container, you accept the terms and conditions of this license:
https://developer.nvidia.com/ngc/nvidia-deep-learning-container-license

A copy of this license is made available in this container at /NGC-DL-CONTAINER-LICENSE for your convenience.

DeepEP hybrid kernel selection: unordered
DeepEP hybrid kernel selection: unordered
DeepEP hybrid kernel selection: unordered
DeepEP hybrid kernel selection: unordered
DeepEP hybrid kernel selection: unordered
DeepEP hybrid kernel selection: unordered
DeepEP hybrid kernel selection: unordered
DeepEP hybrid kernel selection: unordered
DeepEP hybrid kernel selection: unordered
DeepEP hybrid kernel selection: unordered
DeepEP hybrid kernel selection: unordered
DeepEP hybrid kernel selection: unordered
DeepEP hybrid kernel selection: unordered
DeepEP hybrid kernel selection: unordered
DeepEP hybrid kernel selection: unordered
DeepEP hybrid kernel selection: unordered
Config:
 > Ranks: 4 x 8
 > Experts: 8/256
 > Tokens: 104 (max: 128), hidden: 7168
 > #SM: 12, #QPs: 11/11

Running all test cases:
 > Testing with do_handle_copy=1, expert_alignment=128, use_fp8_dispatch=1, num_bias=0, with_previous_event=0, async_with_compute_stream=0, allocate_on_comm_stream=0 ...
USDT:2026-09-09 03:36:40 490:490 SyncActivityProfilerHandler.cpp:52] profiler_startUSDT:2026-09-09 03:36:40 486:486 SyncActivityProfilerHandler.cpp:52] profiler_startUSDT:2026-09-09 03:36:40 484:484 SyncActivityProfilerHandler.cpp:52] profiler_startUSDT:2026-09-09 03:36:40 491:491 SyncActivityProfilerHandler.cpp:52] profiler_startUSDT:2026-09-09 03:36:40 489:489 SyncActivityProfilerHandler.cpp:52] profiler_start




USDT:2026-09-09 03:36:40 485:485 SyncActivityProfilerHandler.cpp:52] profiler_start
USDT:2026-09-09 03:36:40 488:488 SyncActivityProfilerHandler.cpp:52] profiler_start
USDT:2026-09-09 03:36:40 487:487 SyncActivityProfilerHandler.cpp:52] profiler_start
USDT:2026-09-09 03:36:41 490:490 SyncActivityProfilerHandler.cpp:59] profiler_stopUSDT:2026-09-09 03:36:41 489:489 SyncActivityProfilerHandler.cpp:59] profiler_stopUSDT:2026-09-09 03:36:41 484:484 SyncActivityProfilerHandler.cpp:59] profiler_stopUSDT:2026-09-09 03:36:41 491:491 SyncActivityProfilerHandler.cpp:59] profiler_stopUSDT:2026-09-09 03:36:41 488:488 SyncActivityProfilerHandler.cpp:59] profiler_stop




USDT:2026-09-09 03:36:41 487:487 SyncActivityProfilerHandler.cpp:59] profiler_stopUSDT:2026-09-09 03:36:41 485:485 SyncActivityProfilerHandler.cpp:59] profiler_stopUSDT:2026-09-09 03:36:41 486:486 SyncActivityProfilerHandler.cpp:59] profiler_stop


   * EP:  24/32 | dispatch: 15 GB/s (SO), 35 GB/s (SU), 184.581 us, 6424704 bytes | copy: 1697 GB/s, 7.572 us
   * EP:  31/32 | dispatch: 15 GB/s (SO), 32 GB/s (SU), 184.644 us, 5923008 bytes | copy: 1114 GB/s, 10.634 us
   * EP:  28/32 | dispatch: 15 GB/s (SO), 33 GB/s (SU), 184.649 us, 6177600 bytes | copy: 1261 GB/s, 9.795 us
   * EP:  27/32 | dispatch: 15 GB/s (SO), 34 GB/s (SU), 184.676 us, 6215040 bytes | copy: 1198 GB/s, 10.372 us
   * EP:  26/32 | dispatch: 15 GB/s (SO), 34 GB/s (SU), 184.651 us, 6200064 bytes | copy: 1307 GB/s, 9.487 us
   * EP:  25/32 | dispatch: 15 GB/s (SO), 32 GB/s (SU), 184.619 us, 5863104 bytes | copy: 1326 GB/s, 8.842 us
   * EP:  29/32 | dispatch: 15 GB/s (SO), 32 GB/s (SU), 184.594 us, 5818176 bytes | copy: 1522 GB/s, 7.643 us
   * EP:  30/32 | dispatch: 14 GB/s (SO), 34 GB/s (SU), 184.666 us, 6342336 bytes | copy: 1108 GB/s, 11.451 us
USDT:2026-09-09 03:36:41 490:490 SyncActivityProfilerHandler.cpp:52] profiler_startUSDT:2026-09-09 03:36:41 486:486 SyncActivityProfilerHandler.cpp:52] profiler_startUSDT:2026-09-09 03:36:41 487:487 SyncActivityProfilerHandler.cpp:52] profiler_startUSDT:2026-09-09 03:36:41 491:491 SyncActivityProfilerHandler.cpp:52] profiler_startUSDT:2026-09-09 03:36:41 484:484 SyncActivityProfilerHandler.cpp:52] profiler_startUSDT:2026-09-09 03:36:41 488:488 SyncActivityProfilerHandler.cpp:52] profiler_startUSDT:2026-09-09 03:36:41 485:485 SyncActivityProfilerHandler.cpp:52] profiler_startUSDT:2026-09-09 03:36:41 489:489 SyncActivityProfilerHandler.cpp:52] profiler_start







USDT:2026-09-09 03:36:41 484:484 SyncActivityProfilerHandler.cpp:59] profiler_stop
USDT:2026-09-09 03:36:41 486:486 SyncActivityProfilerHandler.cpp:59] profiler_stopUSDT:2026-09-09 03:36:41 485:485 SyncActivityProfilerHandler.cpp:59] profiler_stopUSDT:2026-09-09 03:36:41 490:490 SyncActivityProfilerHandler.cpp:59] profiler_stop


USDT:2026-09-09 03:36:41 488:488 SyncActivityProfilerHandler.cpp:59] profiler_stopUSDT:2026-09-09 03:36:41 491:491 SyncActivityProfilerHandler.cpp:59] profiler_stop

USDT:2026-09-09 03:36:41 489:489 SyncActivityProfilerHandler.cpp:59] profiler_stop
USDT:2026-09-09 03:36:41 487:487 SyncActivityProfilerHandler.cpp:59] profiler_stop
   - EP:  25/32 | expanded dispatch: 15 GB/s (SO), 32 GB/s (SU), 184.167 us, 5863104 bytes | copy: 1339 GB/s, 9.952 us
   - EP:  28/32 | expanded dispatch: 15 GB/s (SO), 34 GB/s (SU), 184.256 us, 6177600 bytes | copy: 1486 GB/s, 9.321 us
   - EP:  24/32 | expanded dispatch: 15 GB/s (SO), 35 GB/s (SU), 184.151 us, 6424704 bytes | copy: 2031 GB/s, 6.925 us
   - EP:  27/32 | expanded dispatch: 15 GB/s (SO), 34 GB/s (SU), 184.301 us, 6215040 bytes | copy: 1441 GB/s, 10.825 us
   - EP:  31/32 | expanded dispatch: 15 GB/s (SO), 32 GB/s (SU), 184.297 us, 5923008 bytes | copy: 1266 GB/s, 10.666 us
   - EP:  26/32 | expanded dispatch: 15 GB/s (SO), 34 GB/s (SU), 184.340 us, 6200064 bytes | copy: 1492 GB/s, 9.835 us
   - EP:  30/32 | expanded dispatch: 14 GB/s (SO), 34 GB/s (SU), 184.155 us, 6342336 bytes | copy: 1262 GB/s, 11.819 us
   - EP:  29/32 | expanded dispatch: 15 GB/s (SO), 32 GB/s (SU), 184.236 us, 5818176 bytes | copy: 1595 GB/s, 8.384 us
USDT:2026-09-09 03:36:42 485:485 SyncActivityProfilerHandler.cpp:52] profiler_startUSDT:2026-09-09 03:36:42 484:484 SyncActivityProfilerHandler.cpp:52] profiler_startUSDT:2026-09-09 03:36:42 486:486 SyncActivityProfilerHandler.cpp:52] profiler_startUSDT:2026-09-09 03:36:42 491:491 SyncActivityProfilerHandler.cpp:52] profiler_startUSDT:2026-09-09 03:36:42 489:489 SyncActivityProfilerHandler.cpp:52] profiler_startUSDT:2026-09-09 03:36:42 490:490 SyncActivityProfilerHandler.cpp:52] profiler_startUSDT:2026-09-09 03:36:42 488:488 SyncActivityProfilerHandler.cpp:52] profiler_start
USDT:2026-09-09 03:36:42 487:487 SyncActivityProfilerHandler.cpp:52] profiler_start






USDT:2026-09-09 03:36:42 490:490 SyncActivityProfilerHandler.cpp:59] profiler_stopUSDT:2026-09-09 03:36:42 489:489 SyncActivityProfilerHandler.cpp:59] profiler_stopUSDT:2026-09-09 03:36:42 484:484 SyncActivityProfilerHandler.cpp:59] profiler_stopUSDT:2026-09-09 03:36:42 491:491 SyncActivityProfilerHandler.cpp:59] profiler_stopUSDT:2026-09-09 03:36:42 486:486 SyncActivityProfilerHandler.cpp:59] profiler_stopUSDT:2026-09-09 03:36:42 488:488 SyncActivityProfilerHandler.cpp:59] profiler_stop





USDT:2026-09-09 03:36:42 485:485 SyncActivityProfilerHandler.cpp:59] profiler_stopUSDT:2026-09-09 03:36:42 487:487 SyncActivityProfilerHandler.cpp:59] profiler_stop

   # EP:  24/32 | cached dispatch: 16 GB/s (SO), 36 GB/s (SU), 180.493 us, 6424704 bytes | copy: 1631 GB/s, 7.876 us
   # EP:  30/32 | cached dispatch: 14 GB/s (SO), 35 GB/s (SU), 180.477 us, 6342336 bytes | copy: 1169 GB/s, 10.850 us
   # EP:  28/32 | cached dispatch: 15 GB/s (SO), 34 GB/s (SU), 180.516 us, 6177600 bytes | copy: 1410 GB/s, 8.760 us
   # EP:  29/32 | cached dispatch: 15 GB/s (SO), 32 GB/s (SU), 180.452 us, 5818176 bytes | copy: 1757 GB/s, 6.622 us
   # EP:  31/32 | cached dispatch: 15 GB/s (SO), 33 GB/s (SU), 180.672 us, 5923008 bytes | copy: 1311 GB/s, 9.036 us
   # EP:  26/32 | cached dispatch: 15 GB/s (SO), 34 GB/s (SU), 180.595 us, 6200064 bytes | copy: 1333 GB/s, 9.304 us
   # EP:  25/32 | cached dispatch: 15 GB/s (SO), 33 GB/s (SU), 180.258 us, 5863104 bytes | copy: 1451 GB/s, 8.081 us
   # EP:  27/32 | cached dispatch: 15 GB/s (SO), 34 GB/s (SU), 180.545 us, 6215040 bytes | copy: 1248 GB/s, 9.959 us
USDT:2026-09-09 03:36:43 484:484 SyncActivityProfilerHandler.cpp:52] profiler_startUSDT:2026-09-09 03:36:43 486:486 SyncActivityProfilerHandler.cpp:52] profiler_start

USDT:2026-09-09 03:36:43 487:487 SyncActivityProfilerHandler.cpp:52] profiler_startUSDT:2026-09-09 03:36:43 485:485 SyncActivityProfilerHandler.cpp:52] profiler_startUSDT:2026-09-09 03:36:43 489:489 SyncActivityProfilerHandler.cpp:52] profiler_start


USDT:2026-09-09 03:36:43 491:491 SyncActivityProfilerHandler.cpp:52] profiler_start
USDT:2026-09-09 03:36:43 490:490 SyncActivityProfilerHandler.cpp:52] profiler_start
USDT:2026-09-09 03:36:43 488:488 SyncActivityProfilerHandler.cpp:52] profiler_start
USDT:2026-09-09 03:36:43 489:489 SyncActivityProfilerHandler.cpp:59] profiler_stopUSDT:2026-09-09 03:36:43 490:490 SyncActivityProfilerHandler.cpp:59] profiler_stopUSDT:2026-09-09 03:36:43 491:491 SyncActivityProfilerHandler.cpp:59] profiler_stop


USDT:2026-09-09 03:36:43 486:486 SyncActivityProfilerHandler.cpp:59] profiler_stopUSDT:2026-09-09 03:36:43 487:487 SyncActivityProfilerHandler.cpp:59] profiler_stop

USDT:2026-09-09 03:36:43 485:485 SyncActivityProfilerHandler.cpp:59] profiler_stopUSDT:2026-09-09 03:36:43 488:488 SyncActivityProfilerHandler.cpp:59] profiler_stop

USDT:2026-09-09 03:36:43 484:484 SyncActivityProfilerHandler.cpp:59] profiler_stop
   @ EP:  24/32 | combine: 21 GB/s (SO), 47 GB/s (SU), 259.748 us, 12327744 bytes | reduce: 966 GB/s, 7.142 us
   @ EP:  28/32 | combine: 21 GB/s (SO), 46 GB/s (SU), 257.707 us, 11853600 bytes | reduce: 947 GB/s, 7.097 us
   @ EP:  31/32 | combine: 20 GB/s (SO), 45 GB/s (SU), 253.674 us, 11365088 bytes | reduce: 963 GB/s, 6.786 us   @ EP:  30/32 | combine: 20 GB/s (SO), 48 GB/s (SU), 254.526 us, 12169696 bytes | reduce: 918 GB/s, 6.978 us

   @ EP:  25/32 | combine: 21 GB/s (SO), 43 GB/s (SU), 260.545 us, 11250144 bytes | reduce: 962 GB/s, 7.098 us
   @ EP:  29/32 | combine: 20 GB/s (SO), 44 GB/s (SU), 254.420 us, 11163936 bytes | reduce: 914 GB/s, 7.201 us
   @ EP:  27/32 | combine: 20 GB/s (SO), 46 GB/s (SU), 259.269 us, 11925440 bytes | reduce: 944 GB/s, 7.079 us
   @ EP:  26/32 | combine: 20 GB/s (SO), 46 GB/s (SU), 257.657 us, 11896704 bytes | reduce: 968 GB/s, 6.962 us
USDT:2026-09-09 03:36:43 490:490 SyncActivityProfilerHandler.cpp:52] profiler_start
USDT:2026-09-09 03:36:43 489:489 SyncActivityProfilerHandler.cpp:52] profiler_startUSDT:2026-09-09 03:36:43 491:491 SyncActivityProfilerHandler.cpp:52] profiler_start

USDT:2026-09-09 03:36:43 487:487 SyncActivityProfilerHandler.cpp:52] profiler_startUSDT:2026-09-09 03:36:43 486:486 SyncActivityProfilerHandler.cpp:52] profiler_start

USDT:2026-09-09 03:36:43 484:484 SyncActivityProfilerHandler.cpp:52] profiler_startUSDT:2026-09-09 03:36:43 485:485 SyncActivityProfilerHandler.cpp:52] profiler_startUSDT:2026-09-09 03:36:43 488:488 SyncActivityProfilerHandler.cpp:52] profiler_start


USDT:2026-09-09 03:36:44 490:490 SyncActivityProfilerHandler.cpp:59] profiler_stopUSDT:2026-09-09 03:36:44 489:489 SyncActivityProfilerHandler.cpp:59] profiler_stop

USDT:2026-09-09 03:36:44 484:484 SyncActivityProfilerHandler.cpp:59] profiler_stop
USDT:2026-09-09 03:36:44 488:488 SyncActivityProfilerHandler.cpp:59] profiler_stopUSDT:2026-09-09 03:36:44 491:491 SyncActivityProfilerHandler.cpp:59] profiler_stop

USDT:2026-09-09 03:36:44 486:486 SyncActivityProfilerHandler.cpp:59] profiler_stopUSDT:2026-09-09 03:36:44 487:487 SyncActivityProfilerHandler.cpp:59] profiler_stop
USDT:2026-09-09 03:36:44 485:485 SyncActivityProfilerHandler.cpp:59] profiler_stop

   + EP:  24/32 | reduced combine: 20 GB/s (SO), 46 GB/s (SU), 269.335 us, 12327744 bytes | reduce: 922 GB/s, 7.478 us
   + EP:  28/32 | reduced combine: 20 GB/s (SO), 44 GB/s (SU), 268.870 us, 11853600 bytes | reduce: 903 GB/s, 7.445 us
   + EP:  29/32 | reduced combine: 20 GB/s (SO), 42 GB/s (SU), 263.403 us, 11163936 bytes | reduce: 921 GB/s, 7.146 us
   + EP:  25/32 | reduced combine: 20 GB/s (SO), 41 GB/s (SU), 271.724 us, 11250144 bytes | reduce: 970 GB/s, 7.033 us   + EP:  30/32 | reduced combine: 19 GB/s (SO), 46 GB/s (SU), 263.859 us, 12169696 bytes | reduce: 890 GB/s, 7.197 us

   + EP:  27/32 | reduced combine: 19 GB/s (SO), 44 GB/s (SU), 268.567 us, 11925440 bytes | reduce: 932 GB/s, 7.170 us
   + EP:  31/32 | reduced combine: 19 GB/s (SO), 43 GB/s (SU), 264.125 us, 11365088 bytes | reduce: 962 GB/s, 6.795 us
   + EP:  26/32 | reduced combine: 20 GB/s (SO), 44 GB/s (SU), 270.297 us, 11896704 bytes | reduce: 968 GB/s, 6.961 us


