=== EP_NIC_NAME=rdmap110s0 (auto, 200 Gb/s) ===
=== GIN: NCCL_GIN_TYPE=5 NCCL_SYM_GIN_KERNELS_ENABLE=0 ===
=== PREFER_OVERLAP=0 (--prefer-overlap-with-compute) ===
=== IMAGE=deepep-v2-efa-official:sm90-54fffef  DeepEP=54fffeff810723f574c574b1790dff189f3c6ffb ===
+ docker run --rm --init --gpus all --privileged --network=host --ipc=host --ulimit memlock=-1 --ulimit stack=67108864 --device=/dev/infiniband --device=/dev/gdrdrv -v /sys/class/infiniband:/sys/class/infiniband:ro -e MASTER_ADDR=172.31.28.159 -e MASTER_PORT=8915 -e WORLD_SIZE=4 -e RANK=0 -e NCCL_DEBUG=WARN -e EP_NIC_NAME=rdmap110s0 -e NCCL_GIN_TYPE=5 -e NCCL_SYM_GIN_KERNELS_ENABLE=0 -e PYTHONUNBUFFERED=1 -e PYTHONFAULTHANDLER=1 deepep-v2-efa-official:sm90-54fffef bash -lc 'timeout -s ABRT --kill-after=60 1800     python3 -u /opt/DeepEP/tests/elastic/test_ep.py     --num-processes=8 --num-tokens=128     --hidden=7168 --num-topk=8 --num-experts=256     --num-sms=12 --allow-hybrid-mode=1     --prefer-overlap-with-compute=0 --test-first-only      '

==========
== CUDA ==
==========

CUDA Version 13.0.2

Container image Copyright (c) 2016-2023, NVIDIA CORPORATION & AFFILIATES. All rights reserved.

This container image and its contents are governed by the NVIDIA Deep Learning Container License.
By pulling and using the container, you accept the terms and conditions of this license:
https://developer.nvidia.com/ngc/nvidia-deep-learning-container-license

A copy of this license is made available in this container at /NGC-DL-CONTAINER-LICENSE for your convenience.

NCCL version 2.31.2+cuda13.3
DeepEP hybrid kernel selection: unordered
DeepEP hybrid kernel selection: unordered
DeepEP hybrid kernel selection: unordered
DeepEP hybrid kernel selection: unordered
DeepEP hybrid kernel selection: unordered
DeepEP hybrid kernel selection: unordered
DeepEP hybrid kernel selection: unordered
DeepEP hybrid kernel selection: unordered
DeepEP hybrid kernel selection: unordered
DeepEP hybrid kernel selection: unordered
DeepEP hybrid kernel selection: unordered
DeepEP hybrid kernel selection: unordered
DeepEP hybrid kernel selection: unordered
DeepEP hybrid kernel selection: unordered
DeepEP hybrid kernel selection: unordered
DeepEP hybrid kernel selection: unordered
Config:
 > Ranks: 4 x 8
 > Experts: 8/256
 > Tokens: 128 (max: 128), hidden: 7168
 > #SM: 12, #QPs: 11/11

Running all test cases:
 > Testing with do_handle_copy=1, expert_alignment=128, use_fp8_dispatch=1, num_bias=0, with_previous_event=0, async_with_compute_stream=0, allocate_on_comm_stream=0 ...
USDT:2026-09-09 04:11:15 491:491 SyncActivityProfilerHandler.cpp:52] profiler_startUSDT:2026-09-09 04:11:15 487:487 SyncActivityProfilerHandler.cpp:52] profiler_startUSDT:2026-09-09 04:11:15 490:490 SyncActivityProfilerHandler.cpp:52] profiler_startUSDT:2026-09-09 04:11:15 492:492 SyncActivityProfilerHandler.cpp:52] profiler_startUSDT:2026-09-09 04:11:15 489:489 SyncActivityProfilerHandler.cpp:52] profiler_start


USDT:2026-09-09 04:11:15 485:485 SyncActivityProfilerHandler.cpp:52] profiler_start


USDT:2026-09-09 04:11:15 488:488 SyncActivityProfilerHandler.cpp:52] profiler_start
USDT:2026-09-09 04:11:15 486:486 SyncActivityProfilerHandler.cpp:52] profiler_start
USDT:2026-09-09 04:11:15 491:491 SyncActivityProfilerHandler.cpp:59] profiler_stopUSDT:2026-09-09 04:11:15 487:487 SyncActivityProfilerHandler.cpp:59] profiler_stopUSDT:2026-09-09 04:11:15 492:492 SyncActivityProfilerHandler.cpp:59] profiler_stopUSDT:2026-09-09 04:11:15 485:485 SyncActivityProfilerHandler.cpp:59] profiler_stop
USDT:2026-09-09 04:11:15 489:489 SyncActivityProfilerHandler.cpp:59] profiler_stop

USDT:2026-09-09 04:11:15 490:490 SyncActivityProfilerHandler.cpp:59] profiler_stop


USDT:2026-09-09 04:11:15 488:488 SyncActivityProfilerHandler.cpp:59] profiler_stopUSDT:2026-09-09 04:11:15 486:486 SyncActivityProfilerHandler.cpp:59] profiler_stop

   * EP:   0/32 | dispatch: 19 GB/s (SO), 32 GB/s (SU), 184.649 us, 5863104 bytes | copy: 1632 GB/s, 7.183 us
   * EP:   5/32 | dispatch: 18 GB/s (SO), 34 GB/s (SU), 184.780 us, 6200064 bytes | copy: 906 GB/s, 13.689 us
   * EP:   2/32 | dispatch: 19 GB/s (SO), 32 GB/s (SU), 184.705 us, 5952960 bytes | copy: 1433 GB/s, 8.308 us
   * EP:   3/32 | dispatch: 18 GB/s (SO), 34 GB/s (SU), 184.604 us, 6207552 bytes | copy: 1947 GB/s, 6.378 us
   * EP:   7/32 | dispatch: 18 GB/s (SO), 31 GB/s (SU), 184.762 us, 5803200 bytes | copy: 973 GB/s, 11.925 us
   * EP:   6/32 | dispatch: 18 GB/s (SO), 33 GB/s (SU), 184.782 us, 6020352 bytes | copy: 957 GB/s, 12.587 us
   * EP:   4/32 | dispatch: 18 GB/s (SO), 34 GB/s (SU), 184.750 us, 6252480 bytes | copy: 993 GB/s, 12.590 us
   * EP:   1/32 | dispatch: 19 GB/s (SO), 33 GB/s (SU), 184.649 us, 6042816 bytes | copy: 1326 GB/s, 9.117 us
USDT:2026-09-09 04:11:16 485:485 SyncActivityProfilerHandler.cpp:52] profiler_startUSDT:2026-09-09 04:11:16 489:489 SyncActivityProfilerHandler.cpp:52] profiler_startUSDT:2026-09-09 04:11:16 488:488 SyncActivityProfilerHandler.cpp:52] profiler_startUSDT:2026-09-09 04:11:16 491:491 SyncActivityProfilerHandler.cpp:52] profiler_startUSDT:2026-09-09 04:11:16 490:490 SyncActivityProfilerHandler.cpp:52] profiler_startUSDT:2026-09-09 04:11:16 487:487 SyncActivityProfilerHandler.cpp:52] profiler_startUSDT:2026-09-09 04:11:16 492:492 SyncActivityProfilerHandler.cpp:52] profiler_start






USDT:2026-09-09 04:11:16 486:486 SyncActivityProfilerHandler.cpp:52] profiler_start
USDT:2026-09-09 04:11:16 492:492 SyncActivityProfilerHandler.cpp:59] profiler_stopUSDT:2026-09-09 04:11:16 485:485 SyncActivityProfilerHandler.cpp:59] profiler_stopUSDT:2026-09-09 04:11:16 491:491 SyncActivityProfilerHandler.cpp:59] profiler_stopUSDT:2026-09-09 04:11:16 487:487 SyncActivityProfilerHandler.cpp:59] profiler_stopUSDT:2026-09-09 04:11:16 486:486 SyncActivityProfilerHandler.cpp:59] profiler_stop
USDT:2026-09-09 04:11:16 489:489 SyncActivityProfilerHandler.cpp:59] profiler_stop

USDT:2026-09-09 04:11:16 490:490 SyncActivityProfilerHandler.cpp:59] profiler_stop

USDT:2026-09-09 04:11:16 488:488 SyncActivityProfilerHandler.cpp:59] profiler_stop


   - EP:   0/32 | expanded dispatch: 19 GB/s (SO), 32 GB/s (SU), 183.935 us, 5863104 bytes | copy: 1590 GB/s, 8.437 us
   - EP:   4/32 | expanded dispatch: 18 GB/s (SO), 34 GB/s (SU), 184.006 us, 6252480 bytes | copy: 1093 GB/s, 13.578 us
   - EP:   3/32 | expanded dispatch: 18 GB/s (SO), 34 GB/s (SU), 183.830 us, 6207552 bytes | copy: 1915 GB/s, 7.271 us
   - EP:   2/32 | expanded dispatch: 19 GB/s (SO), 32 GB/s (SU), 183.973 us, 5952960 bytes | copy: 1540 GB/s, 8.730 us
   - EP:   5/32 | expanded dispatch: 18 GB/s (SO), 34 GB/s (SU), 183.976 us, 6200064 bytes | copy: 1151 GB/s, 12.738 us
   - EP:   7/32 | expanded dispatch: 18 GB/s (SO), 32 GB/s (SU), 184.049 us, 5803200 bytes | copy: 1052 GB/s, 12.577 us
   - EP:   1/32 | expanded dispatch: 19 GB/s (SO), 33 GB/s (SU), 183.885 us, 6042816 bytes | copy: 1457 GB/s, 9.328 us
   - EP:   6/32 | expanded dispatch: 18 GB/s (SO), 33 GB/s (SU), 184.021 us, 6020352 bytes | copy: 963 GB/s, 14.165 us
USDT:2026-09-09 04:11:16 488:488 SyncActivityProfilerHandler.cpp:52] profiler_startUSDT:2026-09-09 04:11:16 489:489 SyncActivityProfilerHandler.cpp:52] profiler_startUSDT:2026-09-09 04:11:16 485:485 SyncActivityProfilerHandler.cpp:52] profiler_startUSDT:2026-09-09 04:11:16 492:492 SyncActivityProfilerHandler.cpp:52] profiler_startUSDT:2026-09-09 04:11:16 487:487 SyncActivityProfilerHandler.cpp:52] profiler_startUSDT:2026-09-09 04:11:16 490:490 SyncActivityProfilerHandler.cpp:52] profiler_start
USDT:2026-09-09 04:11:16 486:486 SyncActivityProfilerHandler.cpp:52] profiler_start
USDT:2026-09-09 04:11:16 491:491 SyncActivityProfilerHandler.cpp:52] profiler_start





USDT:2026-09-09 04:11:17 486:486 SyncActivityProfilerHandler.cpp:59] profiler_stopUSDT:2026-09-09 04:11:17 490:490 SyncActivityProfilerHandler.cpp:59] profiler_stopUSDT:2026-09-09 04:11:17 489:489 SyncActivityProfilerHandler.cpp:59] profiler_stopUSDT:2026-09-09 04:11:17 487:487 SyncActivityProfilerHandler.cpp:59] profiler_stop
USDT:2026-09-09 04:11:17 491:491 SyncActivityProfilerHandler.cpp:59] profiler_stop



USDT:2026-09-09 04:11:17 492:492 SyncActivityProfilerHandler.cpp:59] profiler_stop
USDT:2026-09-09 04:11:17 488:488 SyncActivityProfilerHandler.cpp:59] profiler_stop
USDT:2026-09-09 04:11:17 485:485 SyncActivityProfilerHandler.cpp:59] profiler_stop
   # EP:   6/32 | cached dispatch: 19 GB/s (SO), 34 GB/s (SU), 177.701 us, 6020352 bytes | copy: 916 GB/s, 13.146 us
   # EP:   4/32 | cached dispatch: 19 GB/s (SO), 35 GB/s (SU), 177.640 us, 6252480 bytes | copy: 992 GB/s, 12.601 us   # EP:   3/32 | cached dispatch: 19 GB/s (SO), 35 GB/s (SU), 177.626 us, 6207552 bytes | copy: 1810 GB/s, 6.859 us

   # EP:   7/32 | cached dispatch: 19 GB/s (SO), 33 GB/s (SU), 177.577 us, 5803200 bytes | copy: 1212 GB/s, 9.573 us
   # EP:   2/32 | cached dispatch: 20 GB/s (SO), 34 GB/s (SU), 177.516 us, 5952960 bytes | copy: 1635 GB/s, 7.284 us
   # EP:   5/32 | cached dispatch: 19 GB/s (SO), 35 GB/s (SU), 177.670 us, 6200064 bytes | copy: 1006 GB/s, 12.332 us
   # EP:   1/32 | cached dispatch: 19 GB/s (SO), 34 GB/s (SU), 177.596 us, 6042816 bytes | copy: 1495 GB/s, 8.084 us
   # EP:   0/32 | cached dispatch: 20 GB/s (SO), 33 GB/s (SU), 177.549 us, 5863104 bytes | copy: 1743 GB/s, 6.729 us
USDT:2026-09-09 04:11:17 489:489 SyncActivityProfilerHandler.cpp:52] profiler_start
USDT:2026-09-09 04:11:17 485:485 SyncActivityProfilerHandler.cpp:52] profiler_startUSDT:2026-09-09 04:11:17 492:492 SyncActivityProfilerHandler.cpp:52] profiler_startUSDT:2026-09-09 04:11:17 486:486 SyncActivityProfilerHandler.cpp:52] profiler_start
USDT:2026-09-09 04:11:17 487:487 SyncActivityProfilerHandler.cpp:52] profiler_start


USDT:2026-09-09 04:11:17 490:490 SyncActivityProfilerHandler.cpp:52] profiler_start
USDT:2026-09-09 04:11:17 491:491 SyncActivityProfilerHandler.cpp:52] profiler_start
USDT:2026-09-09 04:11:17 488:488 SyncActivityProfilerHandler.cpp:52] profiler_start
USDT:2026-09-09 04:11:17 489:489 SyncActivityProfilerHandler.cpp:59] profiler_stop
USDT:2026-09-09 04:11:17 487:487 SyncActivityProfilerHandler.cpp:59] profiler_stopUSDT:2026-09-09 04:11:17 492:492 SyncActivityProfilerHandler.cpp:59] profiler_stopUSDT:2026-09-09 04:11:17 490:490 SyncActivityProfilerHandler.cpp:59] profiler_stopUSDT:2026-09-09 04:11:17 491:491 SyncActivityProfilerHandler.cpp:59] profiler_stop



USDT:2026-09-09 04:11:17 485:485 SyncActivityProfilerHandler.cpp:59] profiler_stopUSDT:2026-09-09 04:11:17 486:486 SyncActivityProfilerHandler.cpp:59] profiler_stop

USDT:2026-09-09 04:11:17 488:488 SyncActivityProfilerHandler.cpp:59] profiler_stop
   @ EP:   0/32 | combine: 28 GB/s (SO), 47 GB/s (SU), 237.056 us, 11250144 bytes | reduce: 1132 GB/s, 7.578 us
   @ EP:   4/32 | combine: 28 GB/s (SO), 51 GB/s (SU), 234.273 us, 11997280 bytes | reduce: 1114 GB/s, 7.443 us
   @ EP:   6/32 | combine: 27 GB/s (SO), 50 GB/s (SU), 233.025 us, 11551872 bytes | reduce: 1091 GB/s, 7.455 us
   @ EP:   2/32 | combine: 28 GB/s (SO), 49 GB/s (SU), 235.100 us, 11422560 bytes | reduce: 1136 GB/s, 7.473 us
   @ EP:   5/32 | combine: 27 GB/s (SO), 51 GB/s (SU), 233.290 us, 11896704 bytes | reduce: 1082 GB/s, 7.558 us
   @ EP:   7/32 | combine: 27 GB/s (SO), 48 GB/s (SU), 232.127 us, 11135200 bytes | reduce: 1090 GB/s, 7.418 us
   @ EP:   3/32 | combine: 28 GB/s (SO), 51 GB/s (SU), 231.589 us, 11911072 bytes | reduce: 1080 GB/s, 7.636 us
   @ EP:   1/32 | combine: 28 GB/s (SO), 50 GB/s (SU), 233.925 us, 11594976 bytes | reduce: 1152 GB/s, 7.308 us
USDT:2026-09-09 04:11:18 487:487 SyncActivityProfilerHandler.cpp:52] profiler_startUSDT:2026-09-09 04:11:18 488:488 SyncActivityProfilerHandler.cpp:52] profiler_start

USDT:2026-09-09 04:11:18 485:485 SyncActivityProfilerHandler.cpp:52] profiler_startUSDT:2026-09-09 04:11:18 490:490 SyncActivityProfilerHandler.cpp:52] profiler_startUSDT:2026-09-09 04:11:18 489:489 SyncActivityProfilerHandler.cpp:52] profiler_startUSDT:2026-09-09 04:11:18 491:491 SyncActivityProfilerHandler.cpp:52] profiler_start
USDT:2026-09-09 04:11:18 486:486 SyncActivityProfilerHandler.cpp:52] profiler_start
USDT:2026-09-09 04:11:18 492:492 SyncActivityProfilerHandler.cpp:52] profiler_start



USDT:2026-09-09 04:11:18 492:492 SyncActivityProfilerHandler.cpp:59] profiler_stop
USDT:2026-09-09 04:11:18 491:491 SyncActivityProfilerHandler.cpp:59] profiler_stop
USDT:2026-09-09 04:11:18 489:489 SyncActivityProfilerHandler.cpp:59] profiler_stop
USDT:2026-09-09 04:11:18 487:487 SyncActivityProfilerHandler.cpp:59] profiler_stopUSDT:2026-09-09 04:11:18 488:488 SyncActivityProfilerHandler.cpp:59] profiler_stopUSDT:2026-09-09 04:11:18 485:485 SyncActivityProfilerHandler.cpp:59] profiler_stop


USDT:2026-09-09 04:11:18 490:490 SyncActivityProfilerHandler.cpp:59] profiler_stop
USDT:2026-09-09 04:11:18 486:486 SyncActivityProfilerHandler.cpp:59] profiler_stop
   + EP:   6/32 | reduced combine: 26 GB/s (SO), 48 GB/s (SU), 242.993 us, 11551872 bytes | reduce: 1061 GB/s, 7.662 us
   + EP:   7/32 | reduced combine: 26 GB/s (SO), 46 GB/s (SU), 242.026 us, 11135200 bytes | reduce: 1126 GB/s, 7.186 us
   + EP:   2/32 | reduced combine: 27 GB/s (SO), 47 GB/s (SU), 245.088 us, 11422560 bytes | reduce: 1108 GB/s, 7.667 us
   + EP:   4/32 | reduced combine: 27 GB/s (SO), 49 GB/s (SU), 243.284 us, 11997280 bytes | reduce: 1110 GB/s, 7.471 us
   + EP:   0/32 | reduced combine: 27 GB/s (SO), 46 GB/s (SU), 246.721 us, 11250144 bytes | reduce: 1105 GB/s, 7.764 us
   + EP:   5/32 | reduced combine: 27 GB/s (SO), 49 GB/s (SU), 241.697 us, 11896704 bytes | reduce: 1086 GB/s, 7.526 us
   + EP:   3/32 | reduced combine: 26 GB/s (SO), 49 GB/s (SU), 243.509 us, 11911072 bytes | reduce: 1046 GB/s, 7.888 us
   + EP:   1/32 | reduced combine: 27 GB/s (SO), 47 GB/s (SU), 244.351 us, 11594976 bytes | reduce: 1113 GB/s, 7.566 us


