=== EP_NIC_NAME=rdmap110s0 (auto, 200 Gb/s) ===
=== GIN: NCCL_GIN_TYPE=5 NCCL_SYM_GIN_KERNELS_ENABLE=0 ===
=== PREFER_OVERLAP=0 (--prefer-overlap-with-compute) ===
=== IMAGE=deepep-v2-efa-official:sm90-54fffef  DeepEP=54fffeff810723f574c574b1790dff189f3c6ffb ===
+ docker run --rm --init --gpus all --privileged --network=host --ipc=host --ulimit memlock=-1 --ulimit stack=67108864 --device=/dev/infiniband --device=/dev/gdrdrv -v /sys/class/infiniband:/sys/class/infiniband:ro -e MASTER_ADDR=172.31.28.159 -e MASTER_PORT=8927 -e WORLD_SIZE=4 -e RANK=3 -e NCCL_DEBUG=WARN -e EP_NIC_NAME=rdmap110s0 -e NCCL_GIN_TYPE=5 -e NCCL_SYM_GIN_KERNELS_ENABLE=0 -e PYTHONUNBUFFERED=1 -e PYTHONFAULTHANDLER=1 deepep-v2-efa-official:sm90-54fffef bash -lc 'timeout -s ABRT --kill-after=60 1800     python3 -u /opt/DeepEP/tests/elastic/test_ep.py     --num-processes=8 --num-tokens=8192     --hidden=7168 --num-topk=8 --num-experts=256     --num-sms=12 --allow-hybrid-mode=1     --prefer-overlap-with-compute=0 --test-first-only      '

==========
== CUDA ==
==========

CUDA Version 13.0.2

Container image Copyright (c) 2016-2023, NVIDIA CORPORATION & AFFILIATES. All rights reserved.

This container image and its contents are governed by the NVIDIA Deep Learning Container License.
By pulling and using the container, you accept the terms and conditions of this license:
https://developer.nvidia.com/ngc/nvidia-deep-learning-container-license

A copy of this license is made available in this container at /NGC-DL-CONTAINER-LICENSE for your convenience.

DeepEP hybrid kernel selection: unordered
DeepEP hybrid kernel selection: unordered
DeepEP hybrid kernel selection: unordered
DeepEP hybrid kernel selection: unordered
DeepEP hybrid kernel selection: unordered
DeepEP hybrid kernel selection: unordered
DeepEP hybrid kernel selection: unordered
DeepEP hybrid kernel selection: unordered
DeepEP hybrid kernel selection: unordered
DeepEP hybrid kernel selection: unordered
DeepEP hybrid kernel selection: unordered
DeepEP hybrid kernel selection: unordered
DeepEP hybrid kernel selection: unordered
DeepEP hybrid kernel selection: unordered
DeepEP hybrid kernel selection: unordered
DeepEP hybrid kernel selection: unordered
Config:
 > Ranks: 4 x 8
 > Experts: 8/256
 > Tokens: 8168 (max: 8192), hidden: 7168
 > #SM: 12, #QPs: 11/11

Running all test cases:
 > Testing with do_handle_copy=1, expert_alignment=128, use_fp8_dispatch=1, num_bias=0, with_previous_event=0, async_with_compute_stream=0, allocate_on_comm_stream=0 ...
USDT:2026-09-09 06:22:50 488:488 SyncActivityProfilerHandler.cpp:52] profiler_startUSDT:2026-09-09 06:22:50 494:494 SyncActivityProfilerHandler.cpp:52] profiler_startUSDT:2026-09-09 06:22:50 493:493 SyncActivityProfilerHandler.cpp:52] profiler_startUSDT:2026-09-09 06:22:50 489:489 SyncActivityProfilerHandler.cpp:52] profiler_start


USDT:2026-09-09 06:22:50 491:491 SyncActivityProfilerHandler.cpp:52] profiler_start

USDT:2026-09-09 06:22:50 492:492 SyncActivityProfilerHandler.cpp:52] profiler_startUSDT:2026-09-09 06:22:50 490:490 SyncActivityProfilerHandler.cpp:52] profiler_start

USDT:2026-09-09 06:22:50 495:495 SyncActivityProfilerHandler.cpp:52] profiler_start
USDT:2026-09-09 06:22:50 491:491 SyncActivityProfilerHandler.cpp:59] profiler_stopUSDT:2026-09-09 06:22:50 489:489 SyncActivityProfilerHandler.cpp:59] profiler_stopUSDT:2026-09-09 06:22:50 490:490 SyncActivityProfilerHandler.cpp:59] profiler_stop


USDT:2026-09-09 06:22:50 488:488 SyncActivityProfilerHandler.cpp:59] profiler_stopUSDT:2026-09-09 06:22:50 492:492 SyncActivityProfilerHandler.cpp:59] profiler_stopUSDT:2026-09-09 06:22:50 494:494 SyncActivityProfilerHandler.cpp:59] profiler_stopUSDT:2026-09-09 06:22:50 493:493 SyncActivityProfilerHandler.cpp:59] profiler_stop


USDT:2026-09-09 06:22:50 495:495 SyncActivityProfilerHandler.cpp:59] profiler_stop

   * EP:  27/32 | dispatch: 56 GB/s (SO), 112 GB/s (SU), 3959.000 us, 444128256 bytes | copy: 2589 GB/s, 343.143 us
   * EP:  26/32 | dispatch: 56 GB/s (SO), 112 GB/s (SU), 3959.000 us, 444929472 bytes | copy: 2716 GB/s, 327.687 us
   * EP:  29/32 | dispatch: 56 GB/s (SO), 112 GB/s (SU), 3959.000 us, 443446848 bytes | copy: 2718 GB/s, 326.329 us
   * EP:  25/32 | dispatch: 56 GB/s (SO), 113 GB/s (SU), 3959.000 us, 446883840 bytes | copy: 2800 GB/s, 319.184 us   * EP:  31/32 | dispatch: 56 GB/s (SO), 112 GB/s (SU), 3959.000 us, 444682368 bytes | copy: 2693 GB/s, 330.198 us

   * EP:  24/32 | dispatch: 56 GB/s (SO), 113 GB/s (SU), 3959.000 us, 447026112 bytes | copy: 2625 GB/s, 340.575 us
   * EP:  30/32 | dispatch: 56 GB/s (SO), 113 GB/s (SU), 3959.000 us, 445887936 bytes | copy: 2639 GB/s, 337.865 us
   * EP:  28/32 | dispatch: 56 GB/s (SO), 112 GB/s (SU), 3959.000 us, 444614976 bytes | copy: 2572 GB/s, 345.701 us
USDT:2026-09-09 06:22:51 491:491 SyncActivityProfilerHandler.cpp:52] profiler_startUSDT:2026-09-09 06:22:51 495:495 SyncActivityProfilerHandler.cpp:52] profiler_startUSDT:2026-09-09 06:22:51 489:489 SyncActivityProfilerHandler.cpp:52] profiler_startUSDT:2026-09-09 06:22:51 494:494 SyncActivityProfilerHandler.cpp:52] profiler_start
USDT:2026-09-09 06:22:51 492:492 SyncActivityProfilerHandler.cpp:52] profiler_startUSDT:2026-09-09 06:22:51 488:488 SyncActivityProfilerHandler.cpp:52] profiler_start

USDT:2026-09-09 06:22:51 493:493 SyncActivityProfilerHandler.cpp:52] profiler_start

USDT:2026-09-09 06:22:51 490:490 SyncActivityProfilerHandler.cpp:52] profiler_start


USDT:2026-09-09 06:22:51 495:495 SyncActivityProfilerHandler.cpp:59] profiler_stopUSDT:2026-09-09 06:22:51 490:490 SyncActivityProfilerHandler.cpp:59] profiler_stopUSDT:2026-09-09 06:22:51 489:489 SyncActivityProfilerHandler.cpp:59] profiler_stop


USDT:2026-09-09 06:22:51 492:492 SyncActivityProfilerHandler.cpp:59] profiler_stopUSDT:2026-09-09 06:22:51 494:494 SyncActivityProfilerHandler.cpp:59] profiler_stop
USDT:2026-09-09 06:22:51 491:491 SyncActivityProfilerHandler.cpp:59] profiler_stop

USDT:2026-09-09 06:22:51 493:493 SyncActivityProfilerHandler.cpp:59] profiler_stopUSDT:2026-09-09 06:22:51 488:488 SyncActivityProfilerHandler.cpp:59] profiler_stop

   - EP:  29/32 | expanded dispatch: 56 GB/s (SO), 112 GB/s (SU), 3948.000 us, 443446848 bytes | copy: 2562 GB/s, 366.167 us
   - EP:  30/32 | expanded dispatch: 56 GB/s (SO), 113 GB/s (SU), 3948.000 us, 445887936 bytes | copy: 2421 GB/s, 389.098 us
   - EP:  24/32 | expanded dispatch: 56 GB/s (SO), 113 GB/s (SU), 3947.000 us, 447026112 bytes | copy: 2456 GB/s, 384.643 us
   - EP:  25/32 | expanded dispatch: 56 GB/s (SO), 113 GB/s (SU), 3948.000 us, 446883840 bytes | copy: 2463 GB/s, 383.176 us
   - EP:  27/32 | expanded dispatch: 56 GB/s (SO), 112 GB/s (SU), 3948.000 us, 444128256 bytes | copy: 2448 GB/s, 382.779 us
   - EP:  26/32 | expanded dispatch: 56 GB/s (SO), 113 GB/s (SU), 3948.000 us, 444929472 bytes | copy: 2415 GB/s, 389.015 us
   - EP:  31/32 | expanded dispatch: 56 GB/s (SO), 113 GB/s (SU), 3948.000 us, 444682368 bytes | copy: 2495 GB/s, 376.811 us
   - EP:  28/32 | expanded dispatch: 56 GB/s (SO), 113 GB/s (SU), 3947.000 us, 444614976 bytes | copy: 2549 GB/s, 368.833 us
USDT:2026-09-09 06:22:52 495:495 SyncActivityProfilerHandler.cpp:52] profiler_startUSDT:2026-09-09 06:22:52 491:491 SyncActivityProfilerHandler.cpp:52] profiler_startUSDT:2026-09-09 06:22:52 489:489 SyncActivityProfilerHandler.cpp:52] profiler_start

USDT:2026-09-09 06:22:52 492:492 SyncActivityProfilerHandler.cpp:52] profiler_startUSDT:2026-09-09 06:22:52 490:490 SyncActivityProfilerHandler.cpp:52] profiler_start
USDT:2026-09-09 06:22:52 488:488 SyncActivityProfilerHandler.cpp:52] profiler_start


USDT:2026-09-09 06:22:52 494:494 SyncActivityProfilerHandler.cpp:52] profiler_start
USDT:2026-09-09 06:22:52 493:493 SyncActivityProfilerHandler.cpp:52] profiler_start
USDT:2026-09-09 06:22:52 495:495 SyncActivityProfilerHandler.cpp:59] profiler_stop
USDT:2026-09-09 06:22:52 490:490 SyncActivityProfilerHandler.cpp:59] profiler_stop
USDT:2026-09-09 06:22:52 489:489 SyncActivityProfilerHandler.cpp:59] profiler_stopUSDT:2026-09-09 06:22:52 492:492 SyncActivityProfilerHandler.cpp:59] profiler_stop

USDT:2026-09-09 06:22:52 488:488 SyncActivityProfilerHandler.cpp:59] profiler_stop
USDT:2026-09-09 06:22:52 493:493 SyncActivityProfilerHandler.cpp:59] profiler_stop
USDT:2026-09-09 06:22:52 494:494 SyncActivityProfilerHandler.cpp:59] profiler_stop
USDT:2026-09-09 06:22:52 491:491 SyncActivityProfilerHandler.cpp:59] profiler_stop
   # EP:  24/32 | cached dispatch: 52 GB/s (SO), 105 GB/s (SU), 4258.000 us, 447026112 bytes | copy: 2190 GB/s, 408.278 us
   # EP:  30/32 | cached dispatch: 52 GB/s (SO), 105 GB/s (SU), 4258.000 us, 445887936 bytes | copy: 2408 GB/s, 370.292 us
   # EP:  25/32 | cached dispatch: 52 GB/s (SO), 105 GB/s (SU), 4258.000 us, 446883840 bytes | copy: 2414 GB/s, 370.245 us
   # EP:  31/32 | cached dispatch: 52 GB/s (SO), 104 GB/s (SU), 4258.000 us, 444682368 bytes | copy: 2440 GB/s, 364.428 us
   # EP:  29/32 | cached dispatch: 52 GB/s (SO), 104 GB/s (SU), 4258.000 us, 443446848 bytes | copy: 2708 GB/s, 327.523 us
   # EP:  28/32 | cached dispatch: 52 GB/s (SO), 104 GB/s (SU), 4258.000 us, 444614976 bytes | copy: 2540 GB/s, 350.121 us
   # EP:  27/32 | cached dispatch: 52 GB/s (SO), 104 GB/s (SU), 4258.000 us, 444128256 bytes | copy: 2339 GB/s, 379.788 us
   # EP:  26/32 | cached dispatch: 52 GB/s (SO), 104 GB/s (SU), 4258.000 us, 444929472 bytes | copy: 2487 GB/s, 357.868 us
USDT:2026-09-09 06:22:53 491:491 SyncActivityProfilerHandler.cpp:52] profiler_start
USDT:2026-09-09 06:22:53 492:492 SyncActivityProfilerHandler.cpp:52] profiler_start
USDT:2026-09-09 06:22:53 495:495 SyncActivityProfilerHandler.cpp:52] profiler_start
USDT:2026-09-09 06:22:53 488:488 SyncActivityProfilerHandler.cpp:52] profiler_start
USDT:2026-09-09 06:22:53 489:489 SyncActivityProfilerHandler.cpp:52] profiler_start
USDT:2026-09-09 06:22:53 494:494 SyncActivityProfilerHandler.cpp:52] profiler_start
USDT:2026-09-09 06:22:53 493:493 SyncActivityProfilerHandler.cpp:52] profiler_start
USDT:2026-09-09 06:22:53 490:490 SyncActivityProfilerHandler.cpp:52] profiler_start
USDT:2026-09-09 06:22:54 488:488 SyncActivityProfilerHandler.cpp:59] profiler_stop
USDT:2026-09-09 06:22:54 491:491 SyncActivityProfilerHandler.cpp:59] profiler_stop
USDT:2026-09-09 06:22:54 492:492 SyncActivityProfilerHandler.cpp:59] profiler_stop
USDT:2026-09-09 06:22:54 489:489 SyncActivityProfilerHandler.cpp:59] profiler_stop
USDT:2026-09-09 06:22:54 493:493 SyncActivityProfilerHandler.cpp:59] profiler_stop
USDT:2026-09-09 06:22:54 495:495 SyncActivityProfilerHandler.cpp:59] profiler_stop
USDT:2026-09-09 06:22:54 494:494 SyncActivityProfilerHandler.cpp:59] profiler_stop
USDT:2026-09-09 06:22:54 490:490 SyncActivityProfilerHandler.cpp:59] profiler_stop
   @ EP:  27/32 | combine: 57 GB/s (SO), 114 GB/s (SU), 7463.000 us, 852194816 bytes | reduce: 3625 GB/s, 149.389 us
   @ EP:  26/32 | combine: 55 GB/s (SO), 111 GB/s (SU), 7682.000 us, 853732192 bytes | reduce: 3618 GB/s, 149.588 us
   @ EP:  25/32 | combine: 57 GB/s (SO), 115 GB/s (SU), 7480.000 us, 857482240 bytes | reduce: 3620 GB/s, 149.769 us
   @ EP:  31/32 | combine: 57 GB/s (SO), 114 GB/s (SU), 7476.000 us, 853258048 bytes | reduce: 3622 GB/s, 149.717 us
   @ EP:  24/32 | combine: 57 GB/s (SO), 115 GB/s (SU), 7454.000 us, 857755232 bytes | reduce: 3617 GB/s, 149.590 us
   @ EP:  29/32 | combine: 57 GB/s (SO), 114 GB/s (SU), 7483.000 us, 850887328 bytes | reduce: 3624 GB/s, 149.605 us
   @ EP:  28/32 | combine: 57 GB/s (SO), 114 GB/s (SU), 7484.000 us, 853128736 bytes | reduce: 3645 GB/s, 148.345 us
   @ EP:  30/32 | combine: 56 GB/s (SO), 113 GB/s (SU), 7547.000 us, 855571296 bytes | reduce: 3627 GB/s, 149.314 us
USDT:2026-09-09 06:22:55 489:489 SyncActivityProfilerHandler.cpp:52] profiler_startUSDT:2026-09-09 06:22:55 493:493 SyncActivityProfilerHandler.cpp:52] profiler_start
USDT:2026-09-09 06:22:55 488:488 SyncActivityProfilerHandler.cpp:52] profiler_start

USDT:2026-09-09 06:22:55 495:495 SyncActivityProfilerHandler.cpp:52] profiler_start
USDT:2026-09-09 06:22:55 491:491 SyncActivityProfilerHandler.cpp:52] profiler_start
USDT:2026-09-09 06:22:55 490:490 SyncActivityProfilerHandler.cpp:52] profiler_start
USDT:2026-09-09 06:22:55 492:492 SyncActivityProfilerHandler.cpp:52] profiler_start
USDT:2026-09-09 06:22:55 494:494 SyncActivityProfilerHandler.cpp:52] profiler_start
USDT:2026-09-09 06:22:55 495:495 SyncActivityProfilerHandler.cpp:59] profiler_stop
USDT:2026-09-09 06:22:55 492:492 SyncActivityProfilerHandler.cpp:59] profiler_stop
USDT:2026-09-09 06:22:55 489:489 SyncActivityProfilerHandler.cpp:59] profiler_stop
USDT:2026-09-09 06:22:55 488:488 SyncActivityProfilerHandler.cpp:59] profiler_stopUSDT:2026-09-09 06:22:55 491:491 SyncActivityProfilerHandler.cpp:59] profiler_stop

USDT:2026-09-09 06:22:55 490:490 SyncActivityProfilerHandler.cpp:59] profiler_stop
USDT:2026-09-09 06:22:55 493:493 SyncActivityProfilerHandler.cpp:59] profiler_stop
USDT:2026-09-09 06:22:55 494:494 SyncActivityProfilerHandler.cpp:59] profiler_stop
   + EP:  31/32 | reduced combine: 57 GB/s (SO), 114 GB/s (SU), 7463.000 us, 853258048 bytes | reduce: 3615 GB/s, 149.989 us
   + EP:  25/32 | reduced combine: 56 GB/s (SO), 113 GB/s (SU), 7592.000 us, 857482240 bytes | reduce: 3616 GB/s, 149.922 us
   + EP:  27/32 | reduced combine: 55 GB/s (SO), 111 GB/s (SU), 7688.000 us, 852194816 bytes | reduce: 3626 GB/s, 149.323 us
   + EP:  26/32 | reduced combine: 55 GB/s (SO), 111 GB/s (SU), 7710.000 us, 853732192 bytes | reduce: 3626 GB/s, 149.236 us
   + EP:  24/32 | reduced combine: 57 GB/s (SO), 115 GB/s (SU), 7445.000 us, 857755232 bytes | reduce: 3601 GB/s, 150.259 us
   + EP:  29/32 | reduced combine: 55 GB/s (SO), 111 GB/s (SU), 7693.000 us, 850887328 bytes | reduce: 3619 GB/s, 149.815 us
   + EP:  28/32 | reduced combine: 55 GB/s (SO), 112 GB/s (SU), 7635.000 us, 853128736 bytes | reduce: 3639 GB/s, 148.602 us
   + EP:  30/32 | reduced combine: 53 GB/s (SO), 108 GB/s (SU), 7944.000 us, 855571296 bytes | reduce: 3610 GB/s, 150.025 us


