=== EP_NIC_NAME=rdmap110s0 (auto, 200 Gb/s) ===
=== GIN: NCCL_GIN_TYPE=5 NCCL_SYM_GIN_KERNELS_ENABLE=0 ===
=== PREFER_OVERLAP=0 (--prefer-overlap-with-compute) ===
=== IMAGE=deepep-v2-efa-official:sm90-bfbdd15  DeepEP=bfbdd15ff448783f877cb2210cb3246c8452b05e ===
+ docker run --rm --init --gpus all --privileged --network=host --ipc=host --ulimit memlock=-1 --ulimit stack=67108864 --device=/dev/infiniband --device=/dev/gdrdrv -v /sys/class/infiniband:/sys/class/infiniband:ro -e MASTER_ADDR=172.31.28.159 -e MASTER_PORT=8905 -e WORLD_SIZE=4 -e RANK=2 -e NCCL_DEBUG=WARN -e EP_NIC_NAME=rdmap110s0 -e NCCL_GIN_TYPE=5 -e NCCL_SYM_GIN_KERNELS_ENABLE=0 -e PYTHONUNBUFFERED=1 -e PYTHONFAULTHANDLER=1 deepep-v2-efa-official:sm90-bfbdd15 bash -lc 'timeout -s ABRT --kill-after=60 1800     python3 -u /opt/DeepEP/tests/elastic/test_ep.py     --num-processes=8 --num-tokens=128     --hidden=7168 --num-topk=8 --num-experts=256     --num-sms=12 --allow-hybrid-mode=1     --prefer-overlap-with-compute=0 --test-first-only      '

==========
== CUDA ==
==========

CUDA Version 13.0.2

Container image Copyright (c) 2016-2023, NVIDIA CORPORATION & AFFILIATES. All rights reserved.

This container image and its contents are governed by the NVIDIA Deep Learning Container License.
By pulling and using the container, you accept the terms and conditions of this license:
https://developer.nvidia.com/ngc/nvidia-deep-learning-container-license

A copy of this license is made available in this container at /NGC-DL-CONTAINER-LICENSE for your convenience.

DeepEP hybrid kernel selection: unordered
DeepEP hybrid kernel selection: unordered
DeepEP hybrid kernel selection: unordered
DeepEP hybrid kernel selection: unordered
DeepEP hybrid kernel selection: unordered
DeepEP hybrid kernel selection: unordered
DeepEP hybrid kernel selection: unordered
DeepEP hybrid kernel selection: unordered
DeepEP hybrid kernel selection: unordered
DeepEP hybrid kernel selection: unordered
DeepEP hybrid kernel selection: unordered
DeepEP hybrid kernel selection: unordered
DeepEP hybrid kernel selection: unordered
DeepEP hybrid kernel selection: unordered
DeepEP hybrid kernel selection: unordered
DeepEP hybrid kernel selection: unordered
Config:
 > Ranks: 4 x 8
 > Experts: 8/256
 > Tokens: 112 (max: 128), hidden: 7168
 > #SM: 12, #QPs: 11/11

Running all test cases:
 > Testing with do_handle_copy=1, expert_alignment=128, use_fp8_dispatch=1, num_bias=0, with_previous_event=0, async_with_compute_stream=0, allocate_on_comm_stream=0 ...
USDT:2026-09-09 03:43:01 489:489 SyncActivityProfilerHandler.cpp:52] profiler_startUSDT:2026-09-09 03:43:01 487:487 SyncActivityProfilerHandler.cpp:52] profiler_startUSDT:2026-09-09 03:43:01 492:492 SyncActivityProfilerHandler.cpp:52] profiler_startUSDT:2026-09-09 03:43:01 491:491 SyncActivityProfilerHandler.cpp:52] profiler_startUSDT:2026-09-09 03:43:01 493:493 SyncActivityProfilerHandler.cpp:52] profiler_startUSDT:2026-09-09 03:43:01 490:490 SyncActivityProfilerHandler.cpp:52] profiler_start
USDT:2026-09-09 03:43:01 486:486 SyncActivityProfilerHandler.cpp:52] profiler_start





USDT:2026-09-09 03:43:01 488:488 SyncActivityProfilerHandler.cpp:52] profiler_start
USDT:2026-09-09 03:43:02 491:491 SyncActivityProfilerHandler.cpp:59] profiler_stopUSDT:2026-09-09 03:43:02 490:490 SyncActivityProfilerHandler.cpp:59] profiler_stopUSDT:2026-09-09 03:43:02 492:492 SyncActivityProfilerHandler.cpp:59] profiler_stopUSDT:2026-09-09 03:43:02 486:486 SyncActivityProfilerHandler.cpp:59] profiler_stopUSDT:2026-09-09 03:43:02 493:493 SyncActivityProfilerHandler.cpp:59] profiler_stopUSDT:2026-09-09 03:43:02 489:489 SyncActivityProfilerHandler.cpp:59] profiler_stopUSDT:2026-09-09 03:43:02 487:487 SyncActivityProfilerHandler.cpp:59] profiler_stop






USDT:2026-09-09 03:43:02 488:488 SyncActivityProfilerHandler.cpp:59] profiler_stop
   * EP:  20/32 | dispatch: 17 GB/s (SO), 36 GB/s (SU), 170.418 us, 6072768 bytes | copy: 1322 GB/s, 9.186 us
   * EP:  16/32 | dispatch: 17 GB/s (SO), 37 GB/s (SU), 170.383 us, 6342336 bytes | copy: 1542 GB/s, 8.226 us
   * EP:  19/32 | dispatch: 17 GB/s (SO), 37 GB/s (SU), 170.569 us, 6289920 bytes | copy: 1060 GB/s, 11.872 us
   * EP:  22/32 | dispatch: 17 GB/s (SO), 37 GB/s (SU), 170.826 us, 6289920 bytes | copy: 1080 GB/s, 11.645 us
   * EP:  23/32 | dispatch: 17 GB/s (SO), 36 GB/s (SU), 170.591 us, 6200064 bytes | copy: 1165 GB/s, 10.642 us
   * EP:  21/32 | dispatch: 17 GB/s (SO), 36 GB/s (SU), 170.426 us, 6155136 bytes | copy: 1022 GB/s, 12.044 us
   * EP:  18/32 | dispatch: 17 GB/s (SO), 35 GB/s (SU), 170.505 us, 5885568 bytes | copy: 1458 GB/s, 8.074 us
   * EP:  17/32 | dispatch: 17 GB/s (SO), 37 GB/s (SU), 170.358 us, 6327360 bytes | copy: 1794 GB/s, 7.053 us
USDT:2026-09-09 03:43:02 491:491 SyncActivityProfilerHandler.cpp:52] profiler_startUSDT:2026-09-09 03:43:02 493:493 SyncActivityProfilerHandler.cpp:52] profiler_startUSDT:2026-09-09 03:43:02 487:487 SyncActivityProfilerHandler.cpp:52] profiler_startUSDT:2026-09-09 03:43:02 490:490 SyncActivityProfilerHandler.cpp:52] profiler_startUSDT:2026-09-09 03:43:02 492:492 SyncActivityProfilerHandler.cpp:52] profiler_startUSDT:2026-09-09 03:43:02 489:489 SyncActivityProfilerHandler.cpp:52] profiler_start
USDT:2026-09-09 03:43:02 488:488 SyncActivityProfilerHandler.cpp:52] profiler_start
USDT:2026-09-09 03:43:02 486:486 SyncActivityProfilerHandler.cpp:52] profiler_start





USDT:2026-09-09 03:43:02 489:489 SyncActivityProfilerHandler.cpp:59] profiler_stopUSDT:2026-09-09 03:43:02 488:488 SyncActivityProfilerHandler.cpp:59] profiler_stopUSDT:2026-09-09 03:43:02 486:486 SyncActivityProfilerHandler.cpp:59] profiler_stop


USDT:2026-09-09 03:43:02 490:490 SyncActivityProfilerHandler.cpp:59] profiler_stopUSDT:2026-09-09 03:43:02 492:492 SyncActivityProfilerHandler.cpp:59] profiler_stopUSDT:2026-09-09 03:43:02 487:487 SyncActivityProfilerHandler.cpp:59] profiler_stop

USDT:2026-09-09 03:43:02 493:493 SyncActivityProfilerHandler.cpp:59] profiler_stop

USDT:2026-09-09 03:43:02 491:491 SyncActivityProfilerHandler.cpp:59] profiler_stop
   - EP:  16/32 | expanded dispatch: 17 GB/s (SO), 36 GB/s (SU), 175.792 us, 6342336 bytes | copy: 1659 GB/s, 9.075 us
   - EP:  20/32 | expanded dispatch: 16 GB/s (SO), 35 GB/s (SU), 175.785 us, 6072768 bytes | copy: 1307 GB/s, 11.228 us
   - EP:  23/32 | expanded dispatch: 16 GB/s (SO), 35 GB/s (SU), 175.972 us, 6200064 bytes | copy: 1189 GB/s, 12.352 us
   - EP:  19/32 | expanded dispatch: 17 GB/s (SO), 36 GB/s (SU), 175.921 us, 6289920 bytes | copy: 1050 GB/s, 13.321 us
   - EP:  22/32 | expanded dispatch: 16 GB/s (SO), 36 GB/s (SU), 175.881 us, 6289920 bytes | copy: 1147 GB/s, 12.068 us
   - EP:  17/32 | expanded dispatch: 17 GB/s (SO), 36 GB/s (SU), 175.755 us, 6327360 bytes | copy: 1915 GB/s, 8.261 us
   - EP:  21/32 | expanded dispatch: 17 GB/s (SO), 35 GB/s (SU), 175.800 us, 6155136 bytes | copy: 1234 GB/s, 11.826 us
   - EP:  18/32 | expanded dispatch: 17 GB/s (SO), 33 GB/s (SU), 175.806 us, 5885568 bytes | copy: 1546 GB/s, 8.717 us
USDT:2026-09-09 03:43:03 493:493 SyncActivityProfilerHandler.cpp:52] profiler_startUSDT:2026-09-09 03:43:03 489:489 SyncActivityProfilerHandler.cpp:52] profiler_startUSDT:2026-09-09 03:43:03 487:487 SyncActivityProfilerHandler.cpp:52] profiler_startUSDT:2026-09-09 03:43:03 488:488 SyncActivityProfilerHandler.cpp:52] profiler_startUSDT:2026-09-09 03:43:03 492:492 SyncActivityProfilerHandler.cpp:52] profiler_startUSDT:2026-09-09 03:43:03 491:491 SyncActivityProfilerHandler.cpp:52] profiler_startUSDT:2026-09-09 03:43:03 486:486 SyncActivityProfilerHandler.cpp:52] profiler_start






USDT:2026-09-09 03:43:03 490:490 SyncActivityProfilerHandler.cpp:52] profiler_start
USDT:2026-09-09 03:43:03 488:488 SyncActivityProfilerHandler.cpp:59] profiler_stopUSDT:2026-09-09 03:43:03 489:489 SyncActivityProfilerHandler.cpp:59] profiler_stopUSDT:2026-09-09 03:43:03 492:492 SyncActivityProfilerHandler.cpp:59] profiler_stopUSDT:2026-09-09 03:43:03 486:486 SyncActivityProfilerHandler.cpp:59] profiler_stopUSDT:2026-09-09 03:43:03 491:491 SyncActivityProfilerHandler.cpp:59] profiler_stop




USDT:2026-09-09 03:43:03 487:487 SyncActivityProfilerHandler.cpp:59] profiler_stop
USDT:2026-09-09 03:43:03 493:493 SyncActivityProfilerHandler.cpp:59] profiler_stop
USDT:2026-09-09 03:43:03 490:490 SyncActivityProfilerHandler.cpp:59] profiler_stop
   # EP:  21/32 | cached dispatch: 16 GB/s (SO), 34 GB/s (SU), 179.696 us, 6155136 bytes | copy: 977 GB/s, 12.601 us
   # EP:  18/32 | cached dispatch: 16 GB/s (SO), 33 GB/s (SU), 179.746 us, 5885568 bytes | copy: 1058 GB/s, 11.125 us
   # EP:  23/32 | cached dispatch: 16 GB/s (SO), 34 GB/s (SU), 179.837 us, 6200064 bytes | copy: 1019 GB/s, 12.169 us
   # EP:  19/32 | cached dispatch: 16 GB/s (SO), 35 GB/s (SU), 179.708 us, 6289920 bytes | copy: 855 GB/s, 14.718 us
   # EP:  16/32 | cached dispatch: 17 GB/s (SO), 35 GB/s (SU), 179.780 us, 6342336 bytes | copy: 1105 GB/s, 11.483 us
   # EP:  22/32 | cached dispatch: 16 GB/s (SO), 35 GB/s (SU), 179.755 us, 6289920 bytes | copy: 879 GB/s, 14.314 us
   # EP:  20/32 | cached dispatch: 16 GB/s (SO), 34 GB/s (SU), 179.678 us, 6072768 bytes | copy: 942 GB/s, 12.892 us
   # EP:  17/32 | cached dispatch: 17 GB/s (SO), 35 GB/s (SU), 179.496 us, 6327360 bytes | copy: 2084 GB/s, 6.071 us
USDT:2026-09-09 03:43:04 493:493 SyncActivityProfilerHandler.cpp:52] profiler_startUSDT:2026-09-09 03:43:04 492:492 SyncActivityProfilerHandler.cpp:52] profiler_start

USDT:2026-09-09 03:43:04 486:486 SyncActivityProfilerHandler.cpp:52] profiler_startUSDT:2026-09-09 03:43:04 489:489 SyncActivityProfilerHandler.cpp:52] profiler_startUSDT:2026-09-09 03:43:04 491:491 SyncActivityProfilerHandler.cpp:52] profiler_startUSDT:2026-09-09 03:43:04 487:487 SyncActivityProfilerHandler.cpp:52] profiler_startUSDT:2026-09-09 03:43:04 488:488 SyncActivityProfilerHandler.cpp:52] profiler_start




USDT:2026-09-09 03:43:04 490:490 SyncActivityProfilerHandler.cpp:52] profiler_start
USDT:2026-09-09 03:43:04 492:492 SyncActivityProfilerHandler.cpp:59] profiler_stop
USDT:2026-09-09 03:43:04 491:491 SyncActivityProfilerHandler.cpp:59] profiler_stop
USDT:2026-09-09 03:43:04 489:489 SyncActivityProfilerHandler.cpp:59] profiler_stopUSDT:2026-09-09 03:43:04 486:486 SyncActivityProfilerHandler.cpp:59] profiler_stop

USDT:2026-09-09 03:43:04 493:493 SyncActivityProfilerHandler.cpp:59] profiler_stop
USDT:2026-09-09 03:43:04 487:487 SyncActivityProfilerHandler.cpp:59] profiler_stop
USDT:2026-09-09 03:43:04 488:488 SyncActivityProfilerHandler.cpp:59] profiler_stopUSDT:2026-09-09 03:43:04 490:490 SyncActivityProfilerHandler.cpp:59] profiler_stop

   @ EP:  23/32 | combine: 22 GB/s (SO), 49 GB/s (SU), 244.007 us, 11896704 bytes | reduce: 950 GB/s, 7.289 us
   @ EP:  19/32 | combine: 23 GB/s (SO), 49 GB/s (SU), 247.927 us, 12069120 bytes | reduce: 972 GB/s, 7.406 us
   @ EP:  16/32 | combine: 22 GB/s (SO), 48 GB/s (SU), 255.909 us, 12169696 bytes | reduce: 986 GB/s, 7.435 us
   @ EP:  18/32 | combine: 23 GB/s (SO), 46 GB/s (SU), 247.192 us, 11293248 bytes | reduce: 976 GB/s, 7.402 us
   @ EP:  21/32 | combine: 23 GB/s (SO), 48 GB/s (SU), 246.345 us, 11810496 bytes | reduce: 937 GB/s, 7.624 us
   @ EP:  22/32 | combine: 22 GB/s (SO), 49 GB/s (SU), 246.603 us, 12069120 bytes | reduce: 947 GB/s, 7.392 us
   @ EP:  20/32 | combine: 22 GB/s (SO), 47 GB/s (SU), 247.966 us, 11652448 bytes | reduce: 977 GB/s, 7.267 us
   @ EP:  17/32 | combine: 23 GB/s (SO), 48 GB/s (SU), 252.460 us, 12140960 bytes | reduce: 995 GB/s, 7.338 us
USDT:2026-09-09 03:43:04 493:493 SyncActivityProfilerHandler.cpp:52] profiler_start
USDT:2026-09-09 03:43:04 486:486 SyncActivityProfilerHandler.cpp:52] profiler_startUSDT:2026-09-09 03:43:04 492:492 SyncActivityProfilerHandler.cpp:52] profiler_startUSDT:2026-09-09 03:43:04 491:491 SyncActivityProfilerHandler.cpp:52] profiler_start

USDT:2026-09-09 03:43:04 489:489 SyncActivityProfilerHandler.cpp:52] profiler_start

USDT:2026-09-09 03:43:04 487:487 SyncActivityProfilerHandler.cpp:52] profiler_startUSDT:2026-09-09 03:43:04 490:490 SyncActivityProfilerHandler.cpp:52] profiler_start
USDT:2026-09-09 03:43:04 488:488 SyncActivityProfilerHandler.cpp:52] profiler_start

USDT:2026-09-09 03:43:05 489:489 SyncActivityProfilerHandler.cpp:59] profiler_stop
USDT:2026-09-09 03:43:05 493:493 SyncActivityProfilerHandler.cpp:59] profiler_stopUSDT:2026-09-09 03:43:05 486:486 SyncActivityProfilerHandler.cpp:59] profiler_stopUSDT:2026-09-09 03:43:05 492:492 SyncActivityProfilerHandler.cpp:59] profiler_stop


USDT:2026-09-09 03:43:05 491:491 SyncActivityProfilerHandler.cpp:59] profiler_stopUSDT:2026-09-09 03:43:05 490:490 SyncActivityProfilerHandler.cpp:59] profiler_stop

USDT:2026-09-09 03:43:05 488:488 SyncActivityProfilerHandler.cpp:59] profiler_stop
USDT:2026-09-09 03:43:05 487:487 SyncActivityProfilerHandler.cpp:59] profiler_stop
   + EP:  23/32 | reduced combine: 21 GB/s (SO), 46 GB/s (SU), 255.894 us, 11896704 bytes | reduce: 949 GB/s, 7.299 us
   + EP:  19/32 | reduced combine: 22 GB/s (SO), 46 GB/s (SU), 260.227 us, 12069120 bytes | reduce: 960 GB/s, 7.497 us
   + EP:  16/32 | reduced combine: 22 GB/s (SO), 46 GB/s (SU), 265.161 us, 12169696 bytes | reduce: 971 GB/s, 7.547 us
   + EP:  22/32 | reduced combine: 21 GB/s (SO), 47 GB/s (SU), 257.483 us, 12069120 bytes | reduce: 955 GB/s, 7.326 us
   + EP:  18/32 | reduced combine: 22 GB/s (SO), 43 GB/s (SU), 260.263 us, 11293248 bytes | reduce: 970 GB/s, 7.452 us
   + EP:  20/32 | reduced combine: 21 GB/s (SO), 45 GB/s (SU), 258.356 us, 11652448 bytes | reduce: 964 GB/s, 7.361 us
   + EP:  21/32 | reduced combine: 22 GB/s (SO), 46 GB/s (SU), 257.373 us, 11810496 bytes | reduce: 941 GB/s, 7.588 us
   + EP:  17/32 | reduced combine: 22 GB/s (SO), 46 GB/s (SU), 262.344 us, 12140960 bytes | reduce: 978 GB/s, 7.460 us


