=== EP_NIC_NAME=rdmap110s0 (auto, 200 Gb/s) ===
=== GIN: NCCL_GIN_TYPE=5 NCCL_SYM_GIN_KERNELS_ENABLE=0 ===
=== PREFER_OVERLAP=0 (--prefer-overlap-with-compute) ===
=== IMAGE=deepep-v2-efa-official:sm90-bfbdd15  DeepEP=bfbdd15ff448783f877cb2210cb3246c8452b05e ===
+ docker run --rm --init --gpus all --privileged --network=host --ipc=host --ulimit memlock=-1 --ulimit stack=67108864 --device=/dev/infiniband --device=/dev/gdrdrv -v /sys/class/infiniband:/sys/class/infiniband:ro -e MASTER_ADDR=172.31.28.159 -e MASTER_PORT=8932 -e WORLD_SIZE=4 -e RANK=2 -e NCCL_DEBUG=WARN -e EP_NIC_NAME=rdmap110s0 -e NCCL_GIN_TYPE=5 -e NCCL_SYM_GIN_KERNELS_ENABLE=0 -e EP_NUM_SUB_PARTS=1 -e PYTHONUNBUFFERED=1 -e PYTHONFAULTHANDLER=1 deepep-v2-efa-official:sm90-bfbdd15 bash -lc 'timeout -s ABRT --kill-after=60 1800     python3 -u /opt/DeepEP/tests/elastic/test_ep.py     --num-processes=8 --num-tokens=128     --hidden=7168 --num-topk=8 --num-experts=256     --num-sms=12 --allow-hybrid-mode=1     --prefer-overlap-with-compute=0 --test-first-only      '

==========
== CUDA ==
==========

CUDA Version 13.0.2

Container image Copyright (c) 2016-2023, NVIDIA CORPORATION & AFFILIATES. All rights reserved.

This container image and its contents are governed by the NVIDIA Deep Learning Container License.
By pulling and using the container, you accept the terms and conditions of this license:
https://developer.nvidia.com/ngc/nvidia-deep-learning-container-license

A copy of this license is made available in this container at /NGC-DL-CONTAINER-LICENSE for your convenience.

DeepEP hybrid kernel selection: unordered
DeepEP hybrid kernel selection: unordered
DeepEP hybrid kernel selection: unordered
DeepEP hybrid kernel selection: unordered
DeepEP hybrid kernel selection: unordered
DeepEP hybrid kernel selection: unordered
DeepEP hybrid kernel selection: unordered
DeepEP hybrid kernel selection: unordered
DeepEP hybrid kernel selection: unordered
DeepEP hybrid kernel selection: unordered
DeepEP hybrid kernel selection: unordered
DeepEP hybrid kernel selection: unordered
DeepEP hybrid kernel selection: unordered
DeepEP hybrid kernel selection: unordered
DeepEP hybrid kernel selection: unordered
DeepEP hybrid kernel selection: unordered
Config:
 > Ranks: 4 x 8
 > Experts: 8/256
 > Tokens: 112 (max: 128), hidden: 7168
 > #SM: 12, #QPs: 11/11

Running all test cases:
 > Testing with do_handle_copy=1, expert_alignment=128, use_fp8_dispatch=1, num_bias=0, with_previous_event=0, async_with_compute_stream=0, allocate_on_comm_stream=0 ...
USDT:2026-09-09 06:33:51 487:487 SyncActivityProfilerHandler.cpp:52] profiler_startUSDT:2026-09-09 06:33:51 484:484 SyncActivityProfilerHandler.cpp:52] profiler_startUSDT:2026-09-09 06:33:51 488:488 SyncActivityProfilerHandler.cpp:52] profiler_startUSDT:2026-09-09 06:33:51 490:490 SyncActivityProfilerHandler.cpp:52] profiler_startUSDT:2026-09-09 06:33:51 489:489 SyncActivityProfilerHandler.cpp:52] profiler_startUSDT:2026-09-09 06:33:51 491:491 SyncActivityProfilerHandler.cpp:52] profiler_startUSDT:2026-09-09 06:33:51 485:485 SyncActivityProfilerHandler.cpp:52] profiler_start






USDT:2026-09-09 06:33:51 486:486 SyncActivityProfilerHandler.cpp:52] profiler_start
USDT:2026-09-09 06:33:52 490:490 SyncActivityProfilerHandler.cpp:59] profiler_stopUSDT:2026-09-09 06:33:52 487:487 SyncActivityProfilerHandler.cpp:59] profiler_stopUSDT:2026-09-09 06:33:52 488:488 SyncActivityProfilerHandler.cpp:59] profiler_stopUSDT:2026-09-09 06:33:52 491:491 SyncActivityProfilerHandler.cpp:59] profiler_stop
USDT:2026-09-09 06:33:52 485:485 SyncActivityProfilerHandler.cpp:59] profiler_stop



USDT:2026-09-09 06:33:52 489:489 SyncActivityProfilerHandler.cpp:59] profiler_stop
USDT:2026-09-09 06:33:52 486:486 SyncActivityProfilerHandler.cpp:59] profiler_stop
USDT:2026-09-09 06:33:52 484:484 SyncActivityProfilerHandler.cpp:59] profiler_stop
   * EP:  22/32 | dispatch: 18 GB/s (SO), 40 GB/s (SU), 158.682 us, 6289920 bytes | copy: 1034 GB/s, 12.171 us
   * EP:  19/32 | dispatch: 18 GB/s (SO), 40 GB/s (SU), 158.809 us, 6289920 bytes | copy: 1267 GB/s, 9.928 us
   * EP:  21/32 | dispatch: 18 GB/s (SO), 39 GB/s (SU), 158.703 us, 6155136 bytes | copy: 1316 GB/s, 9.356 us
   * EP:  16/32 | dispatch: 19 GB/s (SO), 40 GB/s (SU), 158.793 us, 6342336 bytes | copy: 1667 GB/s, 7.611 us
   * EP:  17/32 | dispatch: 19 GB/s (SO), 40 GB/s (SU), 158.760 us, 6327360 bytes | copy: 1657 GB/s, 7.637 us
   * EP:  20/32 | dispatch: 18 GB/s (SO), 38 GB/s (SU), 158.678 us, 6072768 bytes | copy: 1457 GB/s, 8.336 us
   * EP:  23/32 | dispatch: 18 GB/s (SO), 39 GB/s (SU), 158.883 us, 6200064 bytes | copy: 1369 GB/s, 9.061 us
   * EP:  18/32 | dispatch: 19 GB/s (SO), 37 GB/s (SU), 158.671 us, 5885568 bytes | copy: 1885 GB/s, 6.244 us
USDT:2026-09-09 06:33:52 490:490 SyncActivityProfilerHandler.cpp:52] profiler_startUSDT:2026-09-09 06:33:52 488:488 SyncActivityProfilerHandler.cpp:52] profiler_startUSDT:2026-09-09 06:33:52 489:489 SyncActivityProfilerHandler.cpp:52] profiler_startUSDT:2026-09-09 06:33:52 487:487 SyncActivityProfilerHandler.cpp:52] profiler_start


USDT:2026-09-09 06:33:52 485:485 SyncActivityProfilerHandler.cpp:52] profiler_startUSDT:2026-09-09 06:33:52 486:486 SyncActivityProfilerHandler.cpp:52] profiler_start
USDT:2026-09-09 06:33:52 484:484 SyncActivityProfilerHandler.cpp:52] profiler_start


USDT:2026-09-09 06:33:52 491:491 SyncActivityProfilerHandler.cpp:52] profiler_start
USDT:2026-09-09 06:33:52 486:486 SyncActivityProfilerHandler.cpp:59] profiler_stopUSDT:2026-09-09 06:33:52 485:485 SyncActivityProfilerHandler.cpp:59] profiler_stop

USDT:2026-09-09 06:33:52 488:488 SyncActivityProfilerHandler.cpp:59] profiler_stopUSDT:2026-09-09 06:33:52 487:487 SyncActivityProfilerHandler.cpp:59] profiler_stop
USDT:2026-09-09 06:33:52 484:484 SyncActivityProfilerHandler.cpp:59] profiler_stopUSDT:2026-09-09 06:33:52 489:489 SyncActivityProfilerHandler.cpp:59] profiler_stop

USDT:2026-09-09 06:33:52 490:490 SyncActivityProfilerHandler.cpp:59] profiler_stop
USDT:2026-09-09 06:33:52 491:491 SyncActivityProfilerHandler.cpp:59] profiler_stop

   - EP:  19/32 | expanded dispatch: 18 GB/s (SO), 39 GB/s (SU), 159.880 us, 6289920 bytes | copy: 1258 GB/s, 11.116 us
   - EP:  20/32 | expanded dispatch: 18 GB/s (SO), 38 GB/s (SU), 159.813 us, 6072768 bytes | copy: 1465 GB/s, 10.018 us
   - EP:  16/32 | expanded dispatch: 19 GB/s (SO), 40 GB/s (SU), 159.808 us, 6342336 bytes | copy: 1986 GB/s, 7.580 us
   - EP:  18/32 | expanded dispatch: 18 GB/s (SO), 37 GB/s (SU), 159.791 us, 5885568 bytes | copy: 1523 GB/s, 8.849 us
   - EP:  22/32 | expanded dispatch: 18 GB/s (SO), 39 GB/s (SU), 159.837 us, 6289920 bytes | copy: 1098 GB/s, 12.608 us
   - EP:  17/32 | expanded dispatch: 19 GB/s (SO), 40 GB/s (SU), 159.802 us, 6327360 bytes | copy: 1928 GB/s, 8.203 us
   - EP:  23/32 | expanded dispatch: 18 GB/s (SO), 39 GB/s (SU), 159.922 us, 6200064 bytes | copy: 1395 GB/s, 10.528 us
   - EP:  21/32 | expanded dispatch: 18 GB/s (SO), 39 GB/s (SU), 159.820 us, 6155136 bytes | copy: 1287 GB/s, 11.335 us
USDT:2026-09-09 06:33:53 488:488 SyncActivityProfilerHandler.cpp:52] profiler_startUSDT:2026-09-09 06:33:53 484:484 SyncActivityProfilerHandler.cpp:52] profiler_startUSDT:2026-09-09 06:33:53 487:487 SyncActivityProfilerHandler.cpp:52] profiler_startUSDT:2026-09-09 06:33:53 485:485 SyncActivityProfilerHandler.cpp:52] profiler_startUSDT:2026-09-09 06:33:53 486:486 SyncActivityProfilerHandler.cpp:52] profiler_startUSDT:2026-09-09 06:33:53 491:491 SyncActivityProfilerHandler.cpp:52] profiler_start


USDT:2026-09-09 06:33:53 490:490 SyncActivityProfilerHandler.cpp:52] profiler_start



USDT:2026-09-09 06:33:53 489:489 SyncActivityProfilerHandler.cpp:52] profiler_start
USDT:2026-09-09 06:33:53 491:491 SyncActivityProfilerHandler.cpp:59] profiler_stopUSDT:2026-09-09 06:33:53 485:485 SyncActivityProfilerHandler.cpp:59] profiler_stopUSDT:2026-09-09 06:33:53 487:487 SyncActivityProfilerHandler.cpp:59] profiler_stopUSDT:2026-09-09 06:33:53 484:484 SyncActivityProfilerHandler.cpp:59] profiler_stop
USDT:2026-09-09 06:33:53 489:489 SyncActivityProfilerHandler.cpp:59] profiler_stopUSDT:2026-09-09 06:33:53 488:488 SyncActivityProfilerHandler.cpp:59] profiler_stop




USDT:2026-09-09 06:33:53 486:486 SyncActivityProfilerHandler.cpp:59] profiler_stop
USDT:2026-09-09 06:33:53 490:490 SyncActivityProfilerHandler.cpp:59] profiler_stop
   # EP:  18/32 | cached dispatch: 18 GB/s (SO), 37 GB/s (SU), 159.621 us, 5885568 bytes | copy: 1669 GB/s, 7.051 us
   # EP:  17/32 | cached dispatch: 19 GB/s (SO), 40 GB/s (SU), 159.840 us, 6327360 bytes | copy: 1618 GB/s, 7.822 us
   # EP:  21/32 | cached dispatch: 18 GB/s (SO), 39 GB/s (SU), 159.658 us, 6155136 bytes | copy: 1214 GB/s, 10.141 us
   # EP:  23/32 | cached dispatch: 18 GB/s (SO), 39 GB/s (SU), 159.909 us, 6200064 bytes | copy: 1262 GB/s, 9.828 us
   # EP:  20/32 | cached dispatch: 18 GB/s (SO), 38 GB/s (SU), 159.699 us, 6072768 bytes | copy: 1387 GB/s, 8.756 us
   # EP:  19/32 | cached dispatch: 18 GB/s (SO), 39 GB/s (SU), 159.844 us, 6289920 bytes | copy: 1053 GB/s, 11.946 us
   # EP:  16/32 | cached dispatch: 19 GB/s (SO), 40 GB/s (SU), 159.731 us, 6342336 bytes | copy: 1695 GB/s, 7.482 us
   # EP:  22/32 | cached dispatch: 18 GB/s (SO), 39 GB/s (SU), 159.728 us, 6289920 bytes | copy: 930 GB/s, 13.532 us
USDT:2026-09-09 06:33:54 488:488 SyncActivityProfilerHandler.cpp:52] profiler_start
USDT:2026-09-09 06:33:54 491:491 SyncActivityProfilerHandler.cpp:52] profiler_startUSDT:2026-09-09 06:33:54 484:484 SyncActivityProfilerHandler.cpp:52] profiler_start

USDT:2026-09-09 06:33:54 486:486 SyncActivityProfilerHandler.cpp:52] profiler_startUSDT:2026-09-09 06:33:54 490:490 SyncActivityProfilerHandler.cpp:52] profiler_start
USDT:2026-09-09 06:33:54 485:485 SyncActivityProfilerHandler.cpp:52] profiler_startUSDT:2026-09-09 06:33:54 487:487 SyncActivityProfilerHandler.cpp:52] profiler_start

USDT:2026-09-09 06:33:54 489:489 SyncActivityProfilerHandler.cpp:52] profiler_start

USDT:2026-09-09 06:33:54 488:488 SyncActivityProfilerHandler.cpp:59] profiler_stopUSDT:2026-09-09 06:33:54 490:490 SyncActivityProfilerHandler.cpp:59] profiler_stopUSDT:2026-09-09 06:33:54 485:485 SyncActivityProfilerHandler.cpp:59] profiler_stopUSDT:2026-09-09 06:33:54 484:484 SyncActivityProfilerHandler.cpp:59] profiler_stop
USDT:2026-09-09 06:33:54 487:487 SyncActivityProfilerHandler.cpp:59] profiler_stop


USDT:2026-09-09 06:33:54 491:491 SyncActivityProfilerHandler.cpp:59] profiler_stop

USDT:2026-09-09 06:33:54 486:486 SyncActivityProfilerHandler.cpp:59] profiler_stop
USDT:2026-09-09 06:33:54 489:489 SyncActivityProfilerHandler.cpp:59] profiler_stop
   @ EP:  22/32 | combine: 22 GB/s (SO), 49 GB/s (SU), 246.186 us, 12069120 bytes | reduce: 943 GB/s, 7.417 us   @ EP:  16/32 | combine: 22 GB/s (SO), 48 GB/s (SU), 255.776 us, 12169696 bytes | reduce: 992 GB/s, 7.386 us

   @ EP:  20/32 | combine: 22 GB/s (SO), 47 GB/s (SU), 247.266 us, 11652448 bytes | reduce: 970 GB/s, 7.318 us
   @ EP:  19/32 | combine: 23 GB/s (SO), 49 GB/s (SU), 247.085 us, 12069120 bytes | reduce: 921 GB/s, 7.817 us
   @ EP:  18/32 | combine: 23 GB/s (SO), 46 GB/s (SU), 247.689 us, 11293248 bytes | reduce: 979 GB/s, 7.384 us
   @ EP:  23/32 | combine: 22 GB/s (SO), 48 GB/s (SU), 245.801 us, 11896704 bytes | reduce: 913 GB/s, 7.587 us
   @ EP:  17/32 | combine: 22 GB/s (SO), 48 GB/s (SU), 253.596 us, 12140960 bytes | reduce: 992 GB/s, 7.357 us
   @ EP:  21/32 | combine: 23 GB/s (SO), 48 GB/s (SU), 245.799 us, 11810496 bytes | reduce: 992 GB/s, 7.201 us
USDT:2026-09-09 06:33:55 490:490 SyncActivityProfilerHandler.cpp:52] profiler_start
USDT:2026-09-09 06:33:55 489:489 SyncActivityProfilerHandler.cpp:52] profiler_startUSDT:2026-09-09 06:33:55 488:488 SyncActivityProfilerHandler.cpp:52] profiler_startUSDT:2026-09-09 06:33:55 491:491 SyncActivityProfilerHandler.cpp:52] profiler_startUSDT:2026-09-09 06:33:55 485:485 SyncActivityProfilerHandler.cpp:52] profiler_start
USDT:2026-09-09 06:33:55 484:484 SyncActivityProfilerHandler.cpp:52] profiler_start



USDT:2026-09-09 06:33:55 487:487 SyncActivityProfilerHandler.cpp:52] profiler_start
USDT:2026-09-09 06:33:55 486:486 SyncActivityProfilerHandler.cpp:52] profiler_start
USDT:2026-09-09 06:33:55 485:485 SyncActivityProfilerHandler.cpp:59] profiler_stopUSDT:2026-09-09 06:33:55 490:490 SyncActivityProfilerHandler.cpp:59] profiler_stop
USDT:2026-09-09 06:33:55 484:484 SyncActivityProfilerHandler.cpp:59] profiler_stop

USDT:2026-09-09 06:33:55 489:489 SyncActivityProfilerHandler.cpp:59] profiler_stopUSDT:2026-09-09 06:33:55 488:488 SyncActivityProfilerHandler.cpp:59] profiler_stop
USDT:2026-09-09 06:33:55 487:487 SyncActivityProfilerHandler.cpp:59] profiler_stop

USDT:2026-09-09 06:33:55 486:486 SyncActivityProfilerHandler.cpp:59] profiler_stopUSDT:2026-09-09 06:33:55 491:491 SyncActivityProfilerHandler.cpp:59] profiler_stop

   + EP:  22/32 | reduced combine: 21 GB/s (SO), 47 GB/s (SU), 256.293 us, 12069120 bytes | reduce: 955 GB/s, 7.325 us
   + EP:  20/32 | reduced combine: 22 GB/s (SO), 46 GB/s (SU), 255.100 us, 11652448 bytes | reduce: 968 GB/s, 7.333 us
   + EP:  17/32 | reduced combine: 22 GB/s (SO), 46 GB/s (SU), 261.526 us, 12140960 bytes | reduce: 986 GB/s, 7.404 us
   + EP:  16/32 | reduced combine: 22 GB/s (SO), 46 GB/s (SU), 264.095 us, 12169696 bytes | reduce: 980 GB/s, 7.475 us
   + EP:  19/32 | reduced combine: 22 GB/s (SO), 47 GB/s (SU), 258.708 us, 12069120 bytes | reduce: 931 GB/s, 7.733 us
   + EP:  23/32 | reduced combine: 21 GB/s (SO), 47 GB/s (SU), 253.970 us, 11896704 bytes | reduce: 922 GB/s, 7.515 us
   + EP:  18/32 | reduced combine: 22 GB/s (SO), 44 GB/s (SU), 257.862 us, 11293248 bytes | reduce: 964 GB/s, 7.498 us
   + EP:  21/32 | reduced combine: 22 GB/s (SO), 46 GB/s (SU), 255.653 us, 11810496 bytes | reduce: 981 GB/s, 7.282 us


