=== EP_NIC_NAME=rdmap110s0 (auto, 200 Gb/s) ===
=== GIN: NCCL_GIN_TYPE=5 NCCL_SYM_GIN_KERNELS_ENABLE=0 ===
=== PREFER_OVERLAP=0 (--prefer-overlap-with-compute) ===
=== IMAGE=deepep-v2-efa-official:sm90-bfbdd15  DeepEP=bfbdd15ff448783f877cb2210cb3246c8452b05e ===
+ docker run --rm --init --gpus all --privileged --network=host --ipc=host --ulimit memlock=-1 --ulimit stack=67108864 --device=/dev/infiniband --device=/dev/gdrdrv -v /sys/class/infiniband:/sys/class/infiniband:ro -e MASTER_ADDR=172.31.28.159 -e MASTER_PORT=8906 -e WORLD_SIZE=4 -e RANK=2 -e NCCL_DEBUG=WARN -e EP_NIC_NAME=rdmap110s0 -e NCCL_GIN_TYPE=5 -e NCCL_SYM_GIN_KERNELS_ENABLE=0 -e EP_NUM_SUB_PARTS=1 -e PYTHONUNBUFFERED=1 -e PYTHONFAULTHANDLER=1 deepep-v2-efa-official:sm90-bfbdd15 bash -lc 'timeout -s ABRT --kill-after=60 1800     python3 -u /opt/DeepEP/tests/elastic/test_ep.py     --num-processes=8 --num-tokens=128     --hidden=7168 --num-topk=8 --num-experts=256     --num-sms=12 --allow-hybrid-mode=1     --prefer-overlap-with-compute=0 --test-first-only      '

==========
== CUDA ==
==========

CUDA Version 13.0.2

Container image Copyright (c) 2016-2023, NVIDIA CORPORATION & AFFILIATES. All rights reserved.

This container image and its contents are governed by the NVIDIA Deep Learning Container License.
By pulling and using the container, you accept the terms and conditions of this license:
https://developer.nvidia.com/ngc/nvidia-deep-learning-container-license

A copy of this license is made available in this container at /NGC-DL-CONTAINER-LICENSE for your convenience.

DeepEP hybrid kernel selection: unordered
DeepEP hybrid kernel selection: unordered
DeepEP hybrid kernel selection: unordered
DeepEP hybrid kernel selection: unordered
DeepEP hybrid kernel selection: unordered
DeepEP hybrid kernel selection: unordered
DeepEP hybrid kernel selection: unordered
DeepEP hybrid kernel selection: unordered
DeepEP hybrid kernel selection: unordered
DeepEP hybrid kernel selection: unordered
DeepEP hybrid kernel selection: unordered
DeepEP hybrid kernel selection: unordered
DeepEP hybrid kernel selection: unordered
DeepEP hybrid kernel selection: unordered
DeepEP hybrid kernel selection: unordered
DeepEP hybrid kernel selection: unordered
Config:
 > Ranks: 4 x 8
 > Experts: 8/256
 > Tokens: 112 (max: 128), hidden: 7168
 > #SM: 12, #QPs: 11/11

Running all test cases:
 > Testing with do_handle_copy=1, expert_alignment=128, use_fp8_dispatch=1, num_bias=0, with_previous_event=0, async_with_compute_stream=0, allocate_on_comm_stream=0 ...
USDT:2026-09-09 03:45:09 487:487 SyncActivityProfilerHandler.cpp:52] profiler_startUSDT:2026-09-09 03:45:09 489:489 SyncActivityProfilerHandler.cpp:52] profiler_startUSDT:2026-09-09 03:45:09 488:488 SyncActivityProfilerHandler.cpp:52] profiler_startUSDT:2026-09-09 03:45:09 491:491 SyncActivityProfilerHandler.cpp:52] profiler_startUSDT:2026-09-09 03:45:09 494:494 SyncActivityProfilerHandler.cpp:52] profiler_start


USDT:2026-09-09 03:45:09 493:493 SyncActivityProfilerHandler.cpp:52] profiler_start
USDT:2026-09-09 03:45:09 490:490 SyncActivityProfilerHandler.cpp:52] profiler_start


USDT:2026-09-09 03:45:09 492:492 SyncActivityProfilerHandler.cpp:52] profiler_start
USDT:2026-09-09 03:45:09 489:489 SyncActivityProfilerHandler.cpp:59] profiler_stopUSDT:2026-09-09 03:45:09 487:487 SyncActivityProfilerHandler.cpp:59] profiler_stop

USDT:2026-09-09 03:45:09 494:494 SyncActivityProfilerHandler.cpp:59] profiler_stopUSDT:2026-09-09 03:45:09 491:491 SyncActivityProfilerHandler.cpp:59] profiler_stop
USDT:2026-09-09 03:45:09 490:490 SyncActivityProfilerHandler.cpp:59] profiler_stopUSDT:2026-09-09 03:45:09 493:493 SyncActivityProfilerHandler.cpp:59] profiler_stop

USDT:2026-09-09 03:45:09 488:488 SyncActivityProfilerHandler.cpp:59] profiler_stop

USDT:2026-09-09 03:45:09 492:492 SyncActivityProfilerHandler.cpp:59] profiler_stop
   * EP:  18/32 | dispatch: 18 GB/s (SO), 36 GB/s (SU), 161.383 us, 5885568 bytes | copy: 1613 GB/s, 7.299 us
   * EP:  17/32 | dispatch: 18 GB/s (SO), 39 GB/s (SU), 161.360 us, 6327360 bytes | copy: 1452 GB/s, 8.713 us
   * EP:  16/32 | dispatch: 18 GB/s (SO), 39 GB/s (SU), 161.422 us, 6342336 bytes | copy: 1715 GB/s, 7.397 us
   * EP:  19/32 | dispatch: 18 GB/s (SO), 39 GB/s (SU), 161.465 us, 6289920 bytes | copy: 1253 GB/s, 10.039 us
   * EP:  23/32 | dispatch: 17 GB/s (SO), 38 GB/s (SU), 161.542 us, 6200064 bytes | copy: 1225 GB/s, 10.122 us
   * EP:  22/32 | dispatch: 18 GB/s (SO), 39 GB/s (SU), 161.470 us, 6289920 bytes | copy: 1108 GB/s, 11.357 us
   * EP:  20/32 | dispatch: 18 GB/s (SO), 38 GB/s (SU), 161.362 us, 6072768 bytes | copy: 1687 GB/s, 7.201 us
   * EP:  21/32 | dispatch: 18 GB/s (SO), 38 GB/s (SU), 161.478 us, 6155136 bytes | copy: 1296 GB/s, 9.502 us
USDT:2026-09-09 03:45:09 487:487 SyncActivityProfilerHandler.cpp:52] profiler_startUSDT:2026-09-09 03:45:09 490:490 SyncActivityProfilerHandler.cpp:52] profiler_startUSDT:2026-09-09 03:45:09 494:494 SyncActivityProfilerHandler.cpp:52] profiler_startUSDT:2026-09-09 03:45:09 493:493 SyncActivityProfilerHandler.cpp:52] profiler_start


USDT:2026-09-09 03:45:09 489:489 SyncActivityProfilerHandler.cpp:52] profiler_start
USDT:2026-09-09 03:45:09 491:491 SyncActivityProfilerHandler.cpp:52] profiler_start
USDT:2026-09-09 03:45:09 488:488 SyncActivityProfilerHandler.cpp:52] profiler_startUSDT:2026-09-09 03:45:09 492:492 SyncActivityProfilerHandler.cpp:52] profiler_start


USDT:2026-09-09 03:45:10 487:487 SyncActivityProfilerHandler.cpp:59] profiler_stop
USDT:2026-09-09 03:45:10 494:494 SyncActivityProfilerHandler.cpp:59] profiler_stop
USDT:2026-09-09 03:45:10 493:493 SyncActivityProfilerHandler.cpp:59] profiler_stop
USDT:2026-09-09 03:45:10 488:488 SyncActivityProfilerHandler.cpp:59] profiler_stopUSDT:2026-09-09 03:45:10 490:490 SyncActivityProfilerHandler.cpp:59] profiler_stopUSDT:2026-09-09 03:45:10 491:491 SyncActivityProfilerHandler.cpp:59] profiler_stopUSDT:2026-09-09 03:45:10 489:489 SyncActivityProfilerHandler.cpp:59] profiler_stop



USDT:2026-09-09 03:45:10 492:492 SyncActivityProfilerHandler.cpp:59] profiler_stop
   - EP:  16/32 | expanded dispatch: 19 GB/s (SO), 39 GB/s (SU), 160.851 us, 6342336 bytes | copy: 1595 GB/s, 9.438 us
   - EP:  18/32 | expanded dispatch: 18 GB/s (SO), 37 GB/s (SU), 160.814 us, 5885568 bytes | copy: 1870 GB/s, 7.210 us
   - EP:  17/32 | expanded dispatch: 18 GB/s (SO), 39 GB/s (SU), 160.834 us, 6327360 bytes | copy: 1648 GB/s, 9.599 us
   - EP:  21/32 | expanded dispatch: 18 GB/s (SO), 38 GB/s (SU), 160.967 us, 6155136 bytes | copy: 1371 GB/s, 10.641 us
   - EP:  19/32 | expanded dispatch: 18 GB/s (SO), 39 GB/s (SU), 161.040 us, 6289920 bytes | copy: 1314 GB/s, 10.641 us
   - EP:  23/32 | expanded dispatch: 18 GB/s (SO), 39 GB/s (SU), 161.017 us, 6200064 bytes | copy: 1393 GB/s, 10.547 us
   - EP:  22/32 | expanded dispatch: 18 GB/s (SO), 39 GB/s (SU), 160.988 us, 6289920 bytes | copy: 1010 GB/s, 13.702 us
   - EP:  20/32 | expanded dispatch: 18 GB/s (SO), 38 GB/s (SU), 160.826 us, 6072768 bytes | copy: 1485 GB/s, 9.883 us
USDT:2026-09-09 03:45:10 489:489 SyncActivityProfilerHandler.cpp:52] profiler_startUSDT:2026-09-09 03:45:10 487:487 SyncActivityProfilerHandler.cpp:52] profiler_startUSDT:2026-09-09 03:45:10 494:494 SyncActivityProfilerHandler.cpp:52] profiler_start
USDT:2026-09-09 03:45:10 493:493 SyncActivityProfilerHandler.cpp:52] profiler_startUSDT:2026-09-09 03:45:10 491:491 SyncActivityProfilerHandler.cpp:52] profiler_startUSDT:2026-09-09 03:45:10 490:490 SyncActivityProfilerHandler.cpp:52] profiler_start
USDT:2026-09-09 03:45:10 488:488 SyncActivityProfilerHandler.cpp:52] profiler_start




USDT:2026-09-09 03:45:10 492:492 SyncActivityProfilerHandler.cpp:52] profiler_start
USDT:2026-09-09 03:45:11 489:489 SyncActivityProfilerHandler.cpp:59] profiler_stopUSDT:2026-09-09 03:45:11 487:487 SyncActivityProfilerHandler.cpp:59] profiler_stop

USDT:2026-09-09 03:45:11 494:494 SyncActivityProfilerHandler.cpp:59] profiler_stop
USDT:2026-09-09 03:45:11 488:488 SyncActivityProfilerHandler.cpp:59] profiler_stopUSDT:2026-09-09 03:45:11 490:490 SyncActivityProfilerHandler.cpp:59] profiler_stop

USDT:2026-09-09 03:45:11 493:493 SyncActivityProfilerHandler.cpp:59] profiler_stop
USDT:2026-09-09 03:45:11 491:491 SyncActivityProfilerHandler.cpp:59] profiler_stop
USDT:2026-09-09 03:45:11 492:492 SyncActivityProfilerHandler.cpp:59] profiler_stop
   # EP:  16/32 | cached dispatch: 19 GB/s (SO), 40 GB/s (SU), 159.501 us, 6342336 bytes | copy: 1606 GB/s, 7.896 us
   # EP:  18/32 | cached dispatch: 18 GB/s (SO), 37 GB/s (SU), 159.486 us, 5885568 bytes | copy: 1664 GB/s, 7.075 us
   # EP:  23/32 | cached dispatch: 18 GB/s (SO), 39 GB/s (SU), 159.538 us, 6200064 bytes | copy: 1448 GB/s, 8.562 us   # EP:  17/32 | cached dispatch: 19 GB/s (SO), 40 GB/s (SU), 159.413 us, 6327360 bytes | copy: 1394 GB/s, 9.077 us

   # EP:  20/32 | cached dispatch: 18 GB/s (SO), 38 GB/s (SU), 159.339 us, 6072768 bytes | copy: 1231 GB/s, 9.867 us
   # EP:  19/32 | cached dispatch: 18 GB/s (SO), 39 GB/s (SU), 159.597 us, 6289920 bytes | copy: 1140 GB/s, 11.034 us
   # EP:  22/32 | cached dispatch: 18 GB/s (SO), 39 GB/s (SU), 159.589 us, 6289920 bytes | copy: 938 GB/s, 13.410 us
   # EP:  21/32 | cached dispatch: 18 GB/s (SO), 39 GB/s (SU), 159.431 us, 6155136 bytes | copy: 1199 GB/s, 10.268 us
USDT:2026-09-09 03:45:11 489:489 SyncActivityProfilerHandler.cpp:52] profiler_start
USDT:2026-09-09 03:45:11 494:494 SyncActivityProfilerHandler.cpp:52] profiler_startUSDT:2026-09-09 03:45:11 487:487 SyncActivityProfilerHandler.cpp:52] profiler_startUSDT:2026-09-09 03:45:11 493:493 SyncActivityProfilerHandler.cpp:52] profiler_start


USDT:2026-09-09 03:45:11 490:490 SyncActivityProfilerHandler.cpp:52] profiler_startUSDT:2026-09-09 03:45:11 491:491 SyncActivityProfilerHandler.cpp:52] profiler_start

USDT:2026-09-09 03:45:11 488:488 SyncActivityProfilerHandler.cpp:52] profiler_start
USDT:2026-09-09 03:45:11 492:492 SyncActivityProfilerHandler.cpp:52] profiler_start
USDT:2026-09-09 03:45:11 489:489 SyncActivityProfilerHandler.cpp:59] profiler_stopUSDT:2026-09-09 03:45:11 493:493 SyncActivityProfilerHandler.cpp:59] profiler_stop

USDT:2026-09-09 03:45:11 490:490 SyncActivityProfilerHandler.cpp:59] profiler_stopUSDT:2026-09-09 03:45:11 491:491 SyncActivityProfilerHandler.cpp:59] profiler_stop

USDT:2026-09-09 03:45:11 488:488 SyncActivityProfilerHandler.cpp:59] profiler_stop
USDT:2026-09-09 03:45:11 492:492 SyncActivityProfilerHandler.cpp:59] profiler_stop
USDT:2026-09-09 03:45:11 487:487 SyncActivityProfilerHandler.cpp:59] profiler_stop
USDT:2026-09-09 03:45:11 494:494 SyncActivityProfilerHandler.cpp:59] profiler_stop
   @ EP:  18/32 | combine: 23 GB/s (SO), 46 GB/s (SU), 247.665 us, 11293248 bytes | reduce: 938 GB/s, 7.707 us
   @ EP:  19/32 | combine: 22 GB/s (SO), 48 GB/s (SU), 250.827 us, 12069120 bytes | reduce: 961 GB/s, 7.493 us
   @ EP:  16/32 | combine: 22 GB/s (SO), 47 GB/s (SU), 257.972 us, 12169696 bytes | reduce: 995 GB/s, 7.364 us
   @ EP:  17/32 | combine: 22 GB/s (SO), 48 GB/s (SU), 253.873 us, 12140960 bytes | reduce: 986 GB/s, 7.403 us   @ EP:  22/32 | combine: 22 GB/s (SO), 49 GB/s (SU), 247.152 us, 12069120 bytes | reduce: 889 GB/s, 7.870 us

   @ EP:  20/32 | combine: 22 GB/s (SO), 47 GB/s (SU), 249.672 us, 11652448 bytes | reduce: 946 GB/s, 7.505 us
   @ EP:  21/32 | combine: 23 GB/s (SO), 48 GB/s (SU), 247.525 us, 11810496 bytes | reduce: 982 GB/s, 7.270 us
   @ EP:  23/32 | combine: 22 GB/s (SO), 48 GB/s (SU), 246.650 us, 11896704 bytes | reduce: 957 GB/s, 7.233 us
USDT:2026-09-09 03:45:12 489:489 SyncActivityProfilerHandler.cpp:52] profiler_start
USDT:2026-09-09 03:45:12 493:493 SyncActivityProfilerHandler.cpp:52] profiler_startUSDT:2026-09-09 03:45:12 491:491 SyncActivityProfilerHandler.cpp:52] profiler_startUSDT:2026-09-09 03:45:12 490:490 SyncActivityProfilerHandler.cpp:52] profiler_start

USDT:2026-09-09 03:45:12 487:487 SyncActivityProfilerHandler.cpp:52] profiler_start
USDT:2026-09-09 03:45:12 492:492 SyncActivityProfilerHandler.cpp:52] profiler_start

USDT:2026-09-09 03:45:12 488:488 SyncActivityProfilerHandler.cpp:52] profiler_start
USDT:2026-09-09 03:45:12 494:494 SyncActivityProfilerHandler.cpp:52] profiler_start
USDT:2026-09-09 03:45:12 490:490 SyncActivityProfilerHandler.cpp:59] profiler_stopUSDT:2026-09-09 03:45:12 493:493 SyncActivityProfilerHandler.cpp:59] profiler_stopUSDT:2026-09-09 03:45:12 489:489 SyncActivityProfilerHandler.cpp:59] profiler_stop


USDT:2026-09-09 03:45:12 487:487 SyncActivityProfilerHandler.cpp:59] profiler_stop
USDT:2026-09-09 03:45:12 491:491 SyncActivityProfilerHandler.cpp:59] profiler_stopUSDT:2026-09-09 03:45:12 488:488 SyncActivityProfilerHandler.cpp:59] profiler_stop

USDT:2026-09-09 03:45:12 494:494 SyncActivityProfilerHandler.cpp:59] profiler_stop
USDT:2026-09-09 03:45:12 492:492 SyncActivityProfilerHandler.cpp:59] profiler_stop
   + EP:  18/32 | reduced combine: 22 GB/s (SO), 44 GB/s (SU), 259.115 us, 11293248 bytes | reduce: 950 GB/s, 7.608 us
   + EP:  19/32 | reduced combine: 22 GB/s (SO), 47 GB/s (SU), 258.536 us, 12069120 bytes | reduce: 952 GB/s, 7.562 us
   + EP:  16/32 | reduced combine: 22 GB/s (SO), 46 GB/s (SU), 265.467 us, 12169696 bytes | reduce: 989 GB/s, 7.408 us
   + EP:  22/32 | reduced combine: 21 GB/s (SO), 47 GB/s (SU), 256.891 us, 12069120 bytes | reduce: 897 GB/s, 7.802 us
   + EP:  17/32 | reduced combine: 22 GB/s (SO), 46 GB/s (SU), 262.431 us, 12140960 bytes | reduce: 989 GB/s, 7.378 us
   + EP:  20/32 | reduced combine: 22 GB/s (SO), 45 GB/s (SU), 256.690 us, 11652448 bytes | reduce: 957 GB/s, 7.416 us
   + EP:  21/32 | reduced combine: 22 GB/s (SO), 46 GB/s (SU), 256.939 us, 11810496 bytes | reduce: 970 GB/s, 7.359 us
   + EP:  23/32 | reduced combine: 21 GB/s (SO), 47 GB/s (SU), 255.536 us, 11896704 bytes | reduce: 960 GB/s, 7.212 us


