=== EP_NIC_NAME=rdmap110s0 (auto, 200 Gb/s) ===
=== GIN: NCCL_GIN_TYPE=5 NCCL_SYM_GIN_KERNELS_ENABLE=0 ===
=== PREFER_OVERLAP=0 (--prefer-overlap-with-compute) ===
=== IMAGE=deepep-v2-efa-official:sm90-bfbdd15  DeepEP=bfbdd15ff448783f877cb2210cb3246c8452b05e ===
+ docker run --rm --init --gpus all --privileged --network=host --ipc=host --ulimit memlock=-1 --ulimit stack=67108864 --device=/dev/infiniband --device=/dev/gdrdrv -v /sys/class/infiniband:/sys/class/infiniband:ro -e MASTER_ADDR=172.31.29.216 -e MASTER_PORT=8967 -e WORLD_SIZE=2 -e RANK=1 -e NCCL_DEBUG=WARN -e EP_NIC_NAME=rdmap110s0 -e NCCL_GIN_TYPE=5 -e NCCL_SYM_GIN_KERNELS_ENABLE=0 -e EP_NUM_SUB_PARTS=1 -e PYTHONUNBUFFERED=1 -e PYTHONFAULTHANDLER=1 deepep-v2-efa-official:sm90-bfbdd15 bash -lc 'timeout -s ABRT --kill-after=60 1800     python3 -u /opt/DeepEP/tests/elastic/test_ep.py     --num-processes=8 --num-tokens=8192     --hidden=7168 --num-topk=8 --num-experts=256     --num-sms=12 --allow-hybrid-mode=1     --prefer-overlap-with-compute=0 --test-first-only      '

==========
== CUDA ==
==========

CUDA Version 13.0.2

Container image Copyright (c) 2016-2023, NVIDIA CORPORATION & AFFILIATES. All rights reserved.

This container image and its contents are governed by the NVIDIA Deep Learning Container License.
By pulling and using the container, you accept the terms and conditions of this license:
https://developer.nvidia.com/ngc/nvidia-deep-learning-container-license

A copy of this license is made available in this container at /NGC-DL-CONTAINER-LICENSE for your convenience.

DeepEP hybrid kernel selection: unordered
DeepEP hybrid kernel selection: unordered
DeepEP hybrid kernel selection: unordered
DeepEP hybrid kernel selection: unordered
DeepEP hybrid kernel selection: unordered
DeepEP hybrid kernel selection: unordered
DeepEP hybrid kernel selection: unordered
DeepEP hybrid kernel selection: unordered
DeepEP hybrid kernel selection: unordered
DeepEP hybrid kernel selection: unordered
DeepEP hybrid kernel selection: unordered
DeepEP hybrid kernel selection: unordered
DeepEP hybrid kernel selection: unordered
DeepEP hybrid kernel selection: unordered
DeepEP hybrid kernel selection: unordered
DeepEP hybrid kernel selection: unordered
Config:
 > Ranks: 2 x 8
 > Experts: 8/256
 > Tokens: 8184 (max: 8192), hidden: 7168
 > #SM: 12, #QPs: 11/11

Running all test cases:
 > Testing with do_handle_copy=1, expert_alignment=128, use_fp8_dispatch=1, num_bias=0, with_previous_event=0, async_with_compute_stream=0, allocate_on_comm_stream=0 ...
USDT:2026-09-09 05:36:40 491:491 SyncActivityProfilerHandler.cpp:52] profiler_startUSDT:2026-09-09 05:36:40 490:490 SyncActivityProfilerHandler.cpp:52] profiler_startUSDT:2026-09-09 05:36:40 488:488 SyncActivityProfilerHandler.cpp:52] profiler_startUSDT:2026-09-09 05:36:40 486:486 SyncActivityProfilerHandler.cpp:52] profiler_startUSDT:2026-09-09 05:36:40 489:489 SyncActivityProfilerHandler.cpp:52] profiler_startUSDT:2026-09-09 05:36:40 492:492 SyncActivityProfilerHandler.cpp:52] profiler_startUSDT:2026-09-09 05:36:40 485:485 SyncActivityProfilerHandler.cpp:52] profiler_start

USDT:2026-09-09 05:36:40 487:487 SyncActivityProfilerHandler.cpp:52] profiler_start





USDT:2026-09-09 05:36:40 489:489 SyncActivityProfilerHandler.cpp:59] profiler_stopUSDT:2026-09-09 05:36:40 490:490 SyncActivityProfilerHandler.cpp:59] profiler_stopUSDT:2026-09-09 05:36:40 488:488 SyncActivityProfilerHandler.cpp:59] profiler_stopUSDT:2026-09-09 05:36:40 485:485 SyncActivityProfilerHandler.cpp:59] profiler_stopUSDT:2026-09-09 05:36:40 491:491 SyncActivityProfilerHandler.cpp:59] profiler_stopUSDT:2026-09-09 05:36:40 487:487 SyncActivityProfilerHandler.cpp:59] profiler_stopUSDT:2026-09-09 05:36:40 492:492 SyncActivityProfilerHandler.cpp:59] profiler_stopUSDT:2026-09-09 05:36:40 486:486 SyncActivityProfilerHandler.cpp:59] profiler_stop







   * EP:  12/16 | dispatch: 78 GB/s (SO), 257 GB/s (SU), 1562.000 us, 401401728 bytes | copy: 3162 GB/s, 253.868 us
   * EP:   8/16 | dispatch: 78 GB/s (SO), 256 GB/s (SU), 1562.000 us, 400166208 bytes | copy: 3231 GB/s, 247.712 us
   * EP:  10/16 | dispatch: 78 GB/s (SO), 257 GB/s (SU), 1562.000 us, 401289408 bytes | copy: 3194 GB/s, 251.241 us
   * EP:   9/16 | dispatch: 78 GB/s (SO), 255 GB/s (SU), 1562.000 us, 398795904 bytes | copy: 3198 GB/s, 249.439 us
   * EP:  13/16 | dispatch: 78 GB/s (SO), 255 GB/s (SU), 1562.000 us, 398728512 bytes | copy: 3210 GB/s, 248.456 us
   * EP:  14/16 | dispatch: 78 GB/s (SO), 256 GB/s (SU), 1562.000 us, 400525632 bytes | copy: 3247 GB/s, 246.734 us
   * EP:  15/16 | dispatch: 78 GB/s (SO), 257 GB/s (SU), 1562.000 us, 401903424 bytes | copy: 3187 GB/s, 252.227 us
   * EP:  11/16 | dispatch: 78 GB/s (SO), 256 GB/s (SU), 1562.000 us, 400203648 bytes | copy: 3174 GB/s, 252.215 us
USDT:2026-09-09 05:36:41 489:489 SyncActivityProfilerHandler.cpp:52] profiler_startUSDT:2026-09-09 05:36:41 485:485 SyncActivityProfilerHandler.cpp:52] profiler_startUSDT:2026-09-09 05:36:41 488:488 SyncActivityProfilerHandler.cpp:52] profiler_startUSDT:2026-09-09 05:36:41 490:490 SyncActivityProfilerHandler.cpp:52] profiler_startUSDT:2026-09-09 05:36:41 491:491 SyncActivityProfilerHandler.cpp:52] profiler_startUSDT:2026-09-09 05:36:41 486:486 SyncActivityProfilerHandler.cpp:52] profiler_startUSDT:2026-09-09 05:36:41 487:487 SyncActivityProfilerHandler.cpp:52] profiler_start



USDT:2026-09-09 05:36:41 492:492 SyncActivityProfilerHandler.cpp:52] profiler_start



USDT:2026-09-09 05:36:41 491:491 SyncActivityProfilerHandler.cpp:59] profiler_stopUSDT:2026-09-09 05:36:41 490:490 SyncActivityProfilerHandler.cpp:59] profiler_stopUSDT:2026-09-09 05:36:41 489:489 SyncActivityProfilerHandler.cpp:59] profiler_stopUSDT:2026-09-09 05:36:41 485:485 SyncActivityProfilerHandler.cpp:59] profiler_stopUSDT:2026-09-09 05:36:41 487:487 SyncActivityProfilerHandler.cpp:59] profiler_stop
USDT:2026-09-09 05:36:41 488:488 SyncActivityProfilerHandler.cpp:59] profiler_stop




USDT:2026-09-09 05:36:41 486:486 SyncActivityProfilerHandler.cpp:59] profiler_stop
USDT:2026-09-09 05:36:41 492:492 SyncActivityProfilerHandler.cpp:59] profiler_stop
   - EP:  12/16 | expanded dispatch: 78 GB/s (SO), 257 GB/s (SU), 1563.000 us, 401401728 bytes | copy: 2756 GB/s, 327.940 us
   - EP:  13/16 | expanded dispatch: 78 GB/s (SO), 255 GB/s (SU), 1563.000 us, 398728512 bytes | copy: 2750 GB/s, 326.288 us
   - EP:  14/16 | expanded dispatch: 78 GB/s (SO), 256 GB/s (SU), 1563.000 us, 400525632 bytes | copy: 2747 GB/s, 328.360 us
   - EP:   8/16 | expanded dispatch: 78 GB/s (SO), 256 GB/s (SU), 1563.000 us, 400166208 bytes | copy: 2833 GB/s, 318.410 us
   - EP:  10/16 | expanded dispatch: 78 GB/s (SO), 257 GB/s (SU), 1563.000 us, 401289408 bytes | copy: 2773 GB/s, 325.461 us
   - EP:  15/16 | expanded dispatch: 78 GB/s (SO), 257 GB/s (SU), 1563.000 us, 401903424 bytes | copy: 2766 GB/s, 326.964 us
   - EP:  11/16 | expanded dispatch: 78 GB/s (SO), 256 GB/s (SU), 1563.000 us, 400203648 bytes | copy: 2780 GB/s, 324.207 us
   - EP:   9/16 | expanded dispatch: 78 GB/s (SO), 255 GB/s (SU), 1563.000 us, 398795904 bytes | copy: 2706 GB/s, 330.765 us
USDT:2026-09-09 05:36:41 489:489 SyncActivityProfilerHandler.cpp:52] profiler_startUSDT:2026-09-09 05:36:41 485:485 SyncActivityProfilerHandler.cpp:52] profiler_startUSDT:2026-09-09 05:36:41 491:491 SyncActivityProfilerHandler.cpp:52] profiler_start

USDT:2026-09-09 05:36:41 492:492 SyncActivityProfilerHandler.cpp:52] profiler_startUSDT:2026-09-09 05:36:41 488:488 SyncActivityProfilerHandler.cpp:52] profiler_startUSDT:2026-09-09 05:36:41 490:490 SyncActivityProfilerHandler.cpp:52] profiler_start



USDT:2026-09-09 05:36:41 486:486 SyncActivityProfilerHandler.cpp:52] profiler_startUSDT:2026-09-09 05:36:41 487:487 SyncActivityProfilerHandler.cpp:52] profiler_start

USDT:2026-09-09 05:36:42 487:487 SyncActivityProfilerHandler.cpp:59] profiler_stopUSDT:2026-09-09 05:36:42 485:485 SyncActivityProfilerHandler.cpp:59] profiler_stopUSDT:2026-09-09 05:36:42 490:490 SyncActivityProfilerHandler.cpp:59] profiler_stop


USDT:2026-09-09 05:36:42 486:486 SyncActivityProfilerHandler.cpp:59] profiler_stopUSDT:2026-09-09 05:36:42 488:488 SyncActivityProfilerHandler.cpp:59] profiler_stop
USDT:2026-09-09 05:36:42 492:492 SyncActivityProfilerHandler.cpp:59] profiler_stopUSDT:2026-09-09 05:36:42 491:491 SyncActivityProfilerHandler.cpp:59] profiler_stop


USDT:2026-09-09 05:36:42 489:489 SyncActivityProfilerHandler.cpp:59] profiler_stop
   # EP:  12/16 | cached dispatch: 75 GB/s (SO), 247 GB/s (SU), 1628.000 us, 401401728 bytes | copy: 3330 GB/s, 241.109 us
   # EP:   8/16 | cached dispatch: 75 GB/s (SO), 246 GB/s (SU), 1628.000 us, 400166208 bytes | copy: 3386 GB/s, 236.363 us
   # EP:   9/16 | cached dispatch: 75 GB/s (SO), 245 GB/s (SU), 1628.000 us, 398795904 bytes | copy: 3383 GB/s, 235.762 us
   # EP:  15/16 | cached dispatch: 75 GB/s (SO), 247 GB/s (SU), 1628.000 us, 401903424 bytes | copy: 3318 GB/s, 242.236 us
   # EP:  13/16 | cached dispatch: 75 GB/s (SO), 245 GB/s (SU), 1628.000 us, 398728512 bytes | copy: 3337 GB/s, 239.009 us
   # EP:  14/16 | cached dispatch: 75 GB/s (SO), 246 GB/s (SU), 1628.000 us, 400525632 bytes | copy: 3394 GB/s, 236.032 us
   # EP:  10/16 | cached dispatch: 75 GB/s (SO), 246 GB/s (SU), 1628.000 us, 401289408 bytes | copy: 3373 GB/s, 237.918 us
   # EP:  11/16 | cached dispatch: 75 GB/s (SO), 246 GB/s (SU), 1628.000 us, 400203648 bytes | copy: 3295 GB/s, 242.888 us
USDT:2026-09-09 05:36:43 487:487 SyncActivityProfilerHandler.cpp:52] profiler_start
USDT:2026-09-09 05:36:43 488:488 SyncActivityProfilerHandler.cpp:52] profiler_start
USDT:2026-09-09 05:36:43 489:489 SyncActivityProfilerHandler.cpp:52] profiler_startUSDT:2026-09-09 05:36:43 491:491 SyncActivityProfilerHandler.cpp:52] profiler_start
USDT:2026-09-09 05:36:43 492:492 SyncActivityProfilerHandler.cpp:52] profiler_start

USDT:2026-09-09 05:36:43 486:486 SyncActivityProfilerHandler.cpp:52] profiler_startUSDT:2026-09-09 05:36:43 490:490 SyncActivityProfilerHandler.cpp:52] profiler_startUSDT:2026-09-09 05:36:43 485:485 SyncActivityProfilerHandler.cpp:52] profiler_start


USDT:2026-09-09 05:36:43 487:487 SyncActivityProfilerHandler.cpp:59] profiler_stop
USDT:2026-09-09 05:36:43 490:490 SyncActivityProfilerHandler.cpp:59] profiler_stop
USDT:2026-09-09 05:36:43 492:492 SyncActivityProfilerHandler.cpp:59] profiler_stop
USDT:2026-09-09 05:36:43 488:488 SyncActivityProfilerHandler.cpp:59] profiler_stop
USDT:2026-09-09 05:36:43 485:485 SyncActivityProfilerHandler.cpp:59] profiler_stop
USDT:2026-09-09 05:36:43 489:489 SyncActivityProfilerHandler.cpp:59] profiler_stop
USDT:2026-09-09 05:36:43 491:491 SyncActivityProfilerHandler.cpp:59] profiler_stopUSDT:2026-09-09 05:36:43 486:486 SyncActivityProfilerHandler.cpp:59] profiler_stop

   @ EP:  12/16 | combine: 63 GB/s (SO), 206 GB/s (SU), 3739.000 us, 770211008 bytes | reduce: 3653 GB/s, 96.290 us
   @ EP:  13/16 | combine: 63 GB/s (SO), 205 GB/s (SU), 3730.000 us, 765081632 bytes | reduce: 3654 GB/s, 96.290 us
   @ EP:   8/16 | combine: 62 GB/s (SO), 204 GB/s (SU), 3764.000 us, 767840288 bytes | reduce: 3663 GB/s, 96.092 us
   @ EP:   9/16 | combine: 63 GB/s (SO), 204 GB/s (SU), 3748.000 us, 765210944 bytes | reduce: 3647 GB/s, 96.492 us
   @ EP:  10/16 | combine: 63 GB/s (SO), 208 GB/s (SU), 3698.000 us, 769995488 bytes | reduce: 3683 GB/s, 95.562 us
   @ EP:  11/16 | combine: 63 GB/s (SO), 205 GB/s (SU), 3745.000 us, 767912128 bytes | reduce: 3654 GB/s, 96.269 us
   @ EP:  15/16 | combine: 62 GB/s (SO), 206 GB/s (SU), 3750.000 us, 771173664 bytes | reduce: 3651 GB/s, 96.266 us
   @ EP:  14/16 | combine: 63 GB/s (SO), 205 GB/s (SU), 3747.000 us, 768529952 bytes | reduce: 3651 GB/s, 96.352 us
USDT:2026-09-09 05:36:44 489:489 SyncActivityProfilerHandler.cpp:52] profiler_start
USDT:2026-09-09 05:36:44 491:491 SyncActivityProfilerHandler.cpp:52] profiler_startUSDT:2026-09-09 05:36:44 485:485 SyncActivityProfilerHandler.cpp:52] profiler_startUSDT:2026-09-09 05:36:44 487:487 SyncActivityProfilerHandler.cpp:52] profiler_startUSDT:2026-09-09 05:36:44 492:492 SyncActivityProfilerHandler.cpp:52] profiler_start

USDT:2026-09-09 05:36:44 488:488 SyncActivityProfilerHandler.cpp:52] profiler_start


USDT:2026-09-09 05:36:44 490:490 SyncActivityProfilerHandler.cpp:52] profiler_start
USDT:2026-09-09 05:36:44 486:486 SyncActivityProfilerHandler.cpp:52] profiler_start
USDT:2026-09-09 05:36:44 490:490 SyncActivityProfilerHandler.cpp:59] profiler_stop
USDT:2026-09-09 05:36:44 491:491 SyncActivityProfilerHandler.cpp:59] profiler_stop
USDT:2026-09-09 05:36:44 487:487 SyncActivityProfilerHandler.cpp:59] profiler_stopUSDT:2026-09-09 05:36:44 485:485 SyncActivityProfilerHandler.cpp:59] profiler_stopUSDT:2026-09-09 05:36:44 489:489 SyncActivityProfilerHandler.cpp:59] profiler_stop


USDT:2026-09-09 05:36:44 486:486 SyncActivityProfilerHandler.cpp:59] profiler_stopUSDT:2026-09-09 05:36:44 492:492 SyncActivityProfilerHandler.cpp:59] profiler_stop

USDT:2026-09-09 05:36:44 488:488 SyncActivityProfilerHandler.cpp:59] profiler_stop
   + EP:  12/16 | reduced combine: 55 GB/s (SO), 181 GB/s (SU), 4259.000 us, 770211008 bytes | reduce: 3649 GB/s, 96.393 us
   + EP:   8/16 | reduced combine: 55 GB/s (SO), 179 GB/s (SU), 4282.000 us, 767840288 bytes | reduce: 3664 GB/s, 96.081 us   + EP:  13/16 | reduced combine: 55 GB/s (SO), 179 GB/s (SU), 4264.000 us, 765081632 bytes | reduce: 3684 GB/s, 95.498 us

   + EP:  14/16 | reduced combine: 55 GB/s (SO), 180 GB/s (SU), 4268.000 us, 768529952 bytes | reduce: 3661 GB/s, 96.113 us
   + EP:   9/16 | reduced combine: 55 GB/s (SO), 179 GB/s (SU), 4277.000 us, 765210944 bytes | reduce: 3659 GB/s, 96.198 us
   + EP:  10/16 | reduced combine: 55 GB/s (SO), 180 GB/s (SU), 4281.000 us, 769995488 bytes | reduce: 3660 GB/s, 96.142 us
   + EP:  11/16 | reduced combine: 55 GB/s (SO), 180 GB/s (SU), 4260.000 us, 767912128 bytes | reduce: 3651 GB/s, 96.353 us
   + EP:  15/16 | reduced combine: 55 GB/s (SO), 182 GB/s (SU), 4248.000 us, 771173664 bytes | reduce: 3657 GB/s, 96.105 us


