=== EP_NIC_NAME=rdmap110s0 (auto, 200 Gb/s) ===
=== GIN: NCCL_GIN_TYPE=5 NCCL_SYM_GIN_KERNELS_ENABLE=0 ===
=== PREFER_OVERLAP=0 (--prefer-overlap-with-compute) ===
=== IMAGE=deepep-v2-efa-official:sm90-bfbdd15  DeepEP=bfbdd15ff448783f877cb2210cb3246c8452b05e ===
+ docker run --rm --init --gpus all --privileged --network=host --ipc=host --ulimit memlock=-1 --ulimit stack=67108864 --device=/dev/infiniband --device=/dev/gdrdrv -v /sys/class/infiniband:/sys/class/infiniband:ro -e MASTER_ADDR=172.31.29.216 -e MASTER_PORT=8965 -e WORLD_SIZE=2 -e RANK=0 -e NCCL_DEBUG=WARN -e EP_NIC_NAME=rdmap110s0 -e NCCL_GIN_TYPE=5 -e NCCL_SYM_GIN_KERNELS_ENABLE=0 -e PYTHONUNBUFFERED=1 -e PYTHONFAULTHANDLER=1 deepep-v2-efa-official:sm90-bfbdd15 bash -lc 'timeout -s ABRT --kill-after=60 1800     python3 -u /opt/DeepEP/tests/elastic/test_ep.py     --num-processes=8 --num-tokens=128     --hidden=7168 --num-topk=8 --num-experts=256     --num-sms=12 --allow-hybrid-mode=1     --prefer-overlap-with-compute=0 --test-first-only      '

==========
== CUDA ==
==========

CUDA Version 13.0.2

Container image Copyright (c) 2016-2023, NVIDIA CORPORATION & AFFILIATES. All rights reserved.

This container image and its contents are governed by the NVIDIA Deep Learning Container License.
By pulling and using the container, you accept the terms and conditions of this license:
https://developer.nvidia.com/ngc/nvidia-deep-learning-container-license

A copy of this license is made available in this container at /NGC-DL-CONTAINER-LICENSE for your convenience.

NCCL version 2.31.2+cuda13.3
DeepEP hybrid kernel selection: unordered
DeepEP hybrid kernel selection: unordered
DeepEP hybrid kernel selection: unordered
DeepEP hybrid kernel selection: unordered
DeepEP hybrid kernel selection: unordered
DeepEP hybrid kernel selection: unordered
DeepEP hybrid kernel selection: unordered
DeepEP hybrid kernel selection: unordered
DeepEP hybrid kernel selection: unordered
DeepEP hybrid kernel selection: unordered
DeepEP hybrid kernel selection: unordered
DeepEP hybrid kernel selection: unordered
DeepEP hybrid kernel selection: unordered
DeepEP hybrid kernel selection: unordered
DeepEP hybrid kernel selection: unordered
DeepEP hybrid kernel selection: unordered
Config:
 > Ranks: 2 x 8
 > Experts: 8/256
 > Tokens: 128 (max: 128), hidden: 7168
 > #SM: 12, #QPs: 11/11

Running all test cases:
 > Testing with do_handle_copy=1, expert_alignment=128, use_fp8_dispatch=1, num_bias=0, with_previous_event=0, async_with_compute_stream=0, allocate_on_comm_stream=0 ...
USDT:2026-09-09 05:32:28 491:491 SyncActivityProfilerHandler.cpp:52] profiler_startUSDT:2026-09-09 05:32:28 492:492 SyncActivityProfilerHandler.cpp:52] profiler_startUSDT:2026-09-09 05:32:28 490:490 SyncActivityProfilerHandler.cpp:52] profiler_startUSDT:2026-09-09 05:32:28 488:488 SyncActivityProfilerHandler.cpp:52] profiler_startUSDT:2026-09-09 05:32:28 494:494 SyncActivityProfilerHandler.cpp:52] profiler_start
USDT:2026-09-09 05:32:28 493:493 SyncActivityProfilerHandler.cpp:52] profiler_start
USDT:2026-09-09 05:32:28 489:489 SyncActivityProfilerHandler.cpp:52] profiler_startUSDT:2026-09-09 05:32:28 495:495 SyncActivityProfilerHandler.cpp:52] profiler_start





USDT:2026-09-09 05:32:29 491:491 SyncActivityProfilerHandler.cpp:59] profiler_stop
USDT:2026-09-09 05:32:29 490:490 SyncActivityProfilerHandler.cpp:59] profiler_stopUSDT:2026-09-09 05:32:29 488:488 SyncActivityProfilerHandler.cpp:59] profiler_stopUSDT:2026-09-09 05:32:29 492:492 SyncActivityProfilerHandler.cpp:59] profiler_stopUSDT:2026-09-09 05:32:29 493:493 SyncActivityProfilerHandler.cpp:59] profiler_stop



USDT:2026-09-09 05:32:29 489:489 SyncActivityProfilerHandler.cpp:59] profiler_stopUSDT:2026-09-09 05:32:29 494:494 SyncActivityProfilerHandler.cpp:59] profiler_stop

USDT:2026-09-09 05:32:29 495:495 SyncActivityProfilerHandler.cpp:59] profiler_stop
   * EP:   2/16 | dispatch: 17 GB/s (SO), 54 GB/s (SU), 108.530 us, 5840640 bytes | copy: 2204 GB/s, 5.300 us
   * EP:   3/16 | dispatch: 17 GB/s (SO), 54 GB/s (SU), 108.514 us, 5855616 bytes | copy: 1818 GB/s, 6.441 us
   * EP:   4/16 | dispatch: 17 GB/s (SO), 52 GB/s (SU), 108.720 us, 5623488 bytes | copy: 1724 GB/s, 6.524 us
   * EP:   6/16 | dispatch: 17 GB/s (SO), 55 GB/s (SU), 108.639 us, 5937984 bytes | copy: 1780 GB/s, 6.672 us
   * EP:   5/16 | dispatch: 17 GB/s (SO), 53 GB/s (SU), 108.636 us, 5705856 bytes | copy: 1355 GB/s, 8.420 us
   * EP:   7/16 | dispatch: 17 GB/s (SO), 55 GB/s (SU), 108.832 us, 5937984 bytes | copy: 1700 GB/s, 6.986 us
   * EP:   1/16 | dispatch: 17 GB/s (SO), 53 GB/s (SU), 108.719 us, 5720832 bytes | copy: 2017 GB/s, 5.674 us
   * EP:   0/16 | dispatch: 18 GB/s (SO), 53 GB/s (SU), 108.638 us, 5750784 bytes | copy: 1802 GB/s, 6.384 us
USDT:2026-09-09 05:32:29 492:492 SyncActivityProfilerHandler.cpp:52] profiler_start
USDT:2026-09-09 05:32:29 490:490 SyncActivityProfilerHandler.cpp:52] profiler_startUSDT:2026-09-09 05:32:29 494:494 SyncActivityProfilerHandler.cpp:52] profiler_startUSDT:2026-09-09 05:32:29 495:495 SyncActivityProfilerHandler.cpp:52] profiler_startUSDT:2026-09-09 05:32:29 493:493 SyncActivityProfilerHandler.cpp:52] profiler_startUSDT:2026-09-09 05:32:29 491:491 SyncActivityProfilerHandler.cpp:52] profiler_start
USDT:2026-09-09 05:32:29 488:488 SyncActivityProfilerHandler.cpp:52] profiler_startUSDT:2026-09-09 05:32:29 489:489 SyncActivityProfilerHandler.cpp:52] profiler_start





USDT:2026-09-09 05:32:30 492:492 SyncActivityProfilerHandler.cpp:59] profiler_stopUSDT:2026-09-09 05:32:30 491:491 SyncActivityProfilerHandler.cpp:59] profiler_stop

USDT:2026-09-09 05:32:30 490:490 SyncActivityProfilerHandler.cpp:59] profiler_stop
USDT:2026-09-09 05:32:30 494:494 SyncActivityProfilerHandler.cpp:59] profiler_stopUSDT:2026-09-09 05:32:30 489:489 SyncActivityProfilerHandler.cpp:59] profiler_stop

USDT:2026-09-09 05:32:30 495:495 SyncActivityProfilerHandler.cpp:59] profiler_stop
USDT:2026-09-09 05:32:30 488:488 SyncActivityProfilerHandler.cpp:59] profiler_stop
USDT:2026-09-09 05:32:30 493:493 SyncActivityProfilerHandler.cpp:59] profiler_stop
   - EP:   2/16 | expanded dispatch: 17 GB/s (SO), 54 GB/s (SU), 107.883 us, 5840640 bytes | copy: 2796 GB/s, 7.403 us
   - EP:   3/16 | expanded dispatch: 17 GB/s (SO), 54 GB/s (SU), 108.000 us, 5855616 bytes | copy: 2466 GB/s, 8.381 us
   - EP:   7/16 | expanded dispatch: 17 GB/s (SO), 55 GB/s (SU), 108.156 us, 5937984 bytes | copy: 2440 GB/s, 8.490 us
   - EP:   4/16 | expanded dispatch: 17 GB/s (SO), 52 GB/s (SU), 108.028 us, 5623488 bytes | copy: 2501 GB/s, 8.176 us
   - EP:   6/16 | expanded dispatch: 17 GB/s (SO), 55 GB/s (SU), 107.997 us, 5937984 bytes | copy: 2264 GB/s, 9.201 us
   - EP:   1/16 | expanded dispatch: 18 GB/s (SO), 53 GB/s (SU), 108.019 us, 5720832 bytes | copy: 2552 GB/s, 8.041 us
   - EP:   5/16 | expanded dispatch: 17 GB/s (SO), 53 GB/s (SU), 107.993 us, 5705856 bytes | copy: 2333 GB/s, 8.804 us
   - EP:   0/16 | expanded dispatch: 18 GB/s (SO), 53 GB/s (SU), 107.900 us, 5750784 bytes | copy: 3136 GB/s, 6.565 us
USDT:2026-09-09 05:32:30 492:492 SyncActivityProfilerHandler.cpp:52] profiler_startUSDT:2026-09-09 05:32:30 491:491 SyncActivityProfilerHandler.cpp:52] profiler_startUSDT:2026-09-09 05:32:30 494:494 SyncActivityProfilerHandler.cpp:52] profiler_startUSDT:2026-09-09 05:32:30 495:495 SyncActivityProfilerHandler.cpp:52] profiler_startUSDT:2026-09-09 05:32:30 489:489 SyncActivityProfilerHandler.cpp:52] profiler_start



USDT:2026-09-09 05:32:30 490:490 SyncActivityProfilerHandler.cpp:52] profiler_start

USDT:2026-09-09 05:32:30 493:493 SyncActivityProfilerHandler.cpp:52] profiler_start
USDT:2026-09-09 05:32:30 488:488 SyncActivityProfilerHandler.cpp:52] profiler_start
USDT:2026-09-09 05:32:30 491:491 SyncActivityProfilerHandler.cpp:59] profiler_stop
USDT:2026-09-09 05:32:30 492:492 SyncActivityProfilerHandler.cpp:59] profiler_stop
USDT:2026-09-09 05:32:30 494:494 SyncActivityProfilerHandler.cpp:59] profiler_stop
USDT:2026-09-09 05:32:30 495:495 SyncActivityProfilerHandler.cpp:59] profiler_stop
USDT:2026-09-09 05:32:30 489:489 SyncActivityProfilerHandler.cpp:59] profiler_stop
USDT:2026-09-09 05:32:30 490:490 SyncActivityProfilerHandler.cpp:59] profiler_stopUSDT:2026-09-09 05:32:30 488:488 SyncActivityProfilerHandler.cpp:59] profiler_stop

USDT:2026-09-09 05:32:30 493:493 SyncActivityProfilerHandler.cpp:59] profiler_stop
   # EP:   4/16 | cached dispatch: 17 GB/s (SO), 53 GB/s (SU), 105.673 us, 5623488 bytes | copy: 1363 GB/s, 8.254 us
   # EP:   7/16 | cached dispatch: 17 GB/s (SO), 56 GB/s (SU), 105.681 us, 5937984 bytes | copy: 1380 GB/s, 8.608 us
   # EP:   6/16 | cached dispatch: 17 GB/s (SO), 56 GB/s (SU), 105.582 us, 5937984 bytes | copy: 1351 GB/s, 8.790 us
   # EP:   3/16 | cached dispatch: 18 GB/s (SO), 55 GB/s (SU), 105.540 us, 5855616 bytes | copy: 1683 GB/s, 6.957 us
   # EP:   2/16 | cached dispatch: 18 GB/s (SO), 55 GB/s (SU), 105.576 us, 5840640 bytes | copy: 1630 GB/s, 7.166 us
   # EP:   5/16 | cached dispatch: 17 GB/s (SO), 54 GB/s (SU), 105.599 us, 5705856 bytes | copy: 1297 GB/s, 8.798 us
   # EP:   0/16 | cached dispatch: 18 GB/s (SO), 54 GB/s (SU), 105.590 us, 5750784 bytes | copy: 1711 GB/s, 6.723 us
   # EP:   1/16 | cached dispatch: 18 GB/s (SO), 54 GB/s (SU), 105.640 us, 5720832 bytes | copy: 1490 GB/s, 7.679 us
USDT:2026-09-09 05:32:31 491:491 SyncActivityProfilerHandler.cpp:52] profiler_startUSDT:2026-09-09 05:32:31 492:492 SyncActivityProfilerHandler.cpp:52] profiler_startUSDT:2026-09-09 05:32:31 494:494 SyncActivityProfilerHandler.cpp:52] profiler_startUSDT:2026-09-09 05:32:31 490:490 SyncActivityProfilerHandler.cpp:52] profiler_startUSDT:2026-09-09 05:32:31 495:495 SyncActivityProfilerHandler.cpp:52] profiler_start



USDT:2026-09-09 05:32:31 489:489 SyncActivityProfilerHandler.cpp:52] profiler_startUSDT:2026-09-09 05:32:31 488:488 SyncActivityProfilerHandler.cpp:52] profiler_start
USDT:2026-09-09 05:32:31 493:493 SyncActivityProfilerHandler.cpp:52] profiler_start


USDT:2026-09-09 05:32:31 492:492 SyncActivityProfilerHandler.cpp:59] profiler_stopUSDT:2026-09-09 05:32:31 490:490 SyncActivityProfilerHandler.cpp:59] profiler_stopUSDT:2026-09-09 05:32:31 491:491 SyncActivityProfilerHandler.cpp:59] profiler_stopUSDT:2026-09-09 05:32:31 494:494 SyncActivityProfilerHandler.cpp:59] profiler_stop
USDT:2026-09-09 05:32:31 489:489 SyncActivityProfilerHandler.cpp:59] profiler_stop



USDT:2026-09-09 05:32:31 495:495 SyncActivityProfilerHandler.cpp:59] profiler_stop
USDT:2026-09-09 05:32:31 488:488 SyncActivityProfilerHandler.cpp:59] profiler_stop
USDT:2026-09-09 05:32:31 493:493 SyncActivityProfilerHandler.cpp:59] profiler_stop
   @ EP:   3/16 | combine: 22 GB/s (SO), 70 GB/s (SU), 159.719 us, 11235776 bytes | reduce: 1098 GB/s, 4.908 us
   @ EP:   2/16 | combine: 23 GB/s (SO), 70 GB/s (SU), 160.038 us, 11207040 bytes | reduce: 1127 GB/s, 4.820 us
   @ EP:   1/16 | combine: 23 GB/s (SO), 68 GB/s (SU), 160.850 us, 10977152 bytes | reduce: 1117 GB/s, 4.900 us
   @ EP:   6/16 | combine: 22 GB/s (SO), 72 GB/s (SU), 157.943 us, 11393824 bytes | reduce: 1058 GB/s, 4.928 us
   @ EP:   4/16 | combine: 22 GB/s (SO), 68 GB/s (SU), 159.567 us, 10790368 bytes | reduce: 1062 GB/s, 5.008 us
   @ EP:   7/16 | combine: 22 GB/s (SO), 72 GB/s (SU), 158.241 us, 11393824 bytes | reduce: 1001 GB/s, 5.208 us
   @ EP:   0/16 | combine: 23 GB/s (SO), 69 GB/s (SU), 160.901 us, 11034624 bytes | reduce: 1080 GB/s, 5.094 us
   @ EP:   5/16 | combine: 22 GB/s (SO), 70 GB/s (SU), 157.241 us, 10948416 bytes | reduce: 1084 GB/s, 4.878 us
USDT:2026-09-09 05:32:32 490:490 SyncActivityProfilerHandler.cpp:52] profiler_startUSDT:2026-09-09 05:32:32 491:491 SyncActivityProfilerHandler.cpp:52] profiler_startUSDT:2026-09-09 05:32:32 494:494 SyncActivityProfilerHandler.cpp:52] profiler_startUSDT:2026-09-09 05:32:32 495:495 SyncActivityProfilerHandler.cpp:52] profiler_startUSDT:2026-09-09 05:32:32 492:492 SyncActivityProfilerHandler.cpp:52] profiler_start




USDT:2026-09-09 05:32:32 489:489 SyncActivityProfilerHandler.cpp:52] profiler_start
USDT:2026-09-09 05:32:32 488:488 SyncActivityProfilerHandler.cpp:52] profiler_start
USDT:2026-09-09 05:32:32 493:493 SyncActivityProfilerHandler.cpp:52] profiler_start
USDT:2026-09-09 05:32:32 491:491 SyncActivityProfilerHandler.cpp:59] profiler_stopUSDT:2026-09-09 05:32:32 492:492 SyncActivityProfilerHandler.cpp:59] profiler_stopUSDT:2026-09-09 05:32:32 490:490 SyncActivityProfilerHandler.cpp:59] profiler_stop


USDT:2026-09-09 05:32:32 489:489 SyncActivityProfilerHandler.cpp:59] profiler_stopUSDT:2026-09-09 05:32:32 494:494 SyncActivityProfilerHandler.cpp:59] profiler_stop

USDT:2026-09-09 05:32:32 495:495 SyncActivityProfilerHandler.cpp:59] profiler_stopUSDT:2026-09-09 05:32:32 488:488 SyncActivityProfilerHandler.cpp:59] profiler_stop

USDT:2026-09-09 05:32:32 493:493 SyncActivityProfilerHandler.cpp:59] profiler_stop
   + EP:   4/16 | reduced combine: 20 GB/s (SO), 61 GB/s (SU), 176.049 us, 10790368 bytes | reduce: 1054 GB/s, 5.043 us
   + EP:   6/16 | reduced combine: 20 GB/s (SO), 65 GB/s (SU), 175.489 us, 11393824 bytes | reduce: 1109 GB/s, 4.705 us
   + EP:   2/16 | reduced combine: 21 GB/s (SO), 64 GB/s (SU), 175.911 us, 11207040 bytes | reduce: 1061 GB/s, 5.117 us
   + EP:   3/16 | reduced combine: 20 GB/s (SO), 64 GB/s (SU), 176.000 us, 11235776 bytes | reduce: 1123 GB/s, 4.798 us
   + EP:   7/16 | reduced combine: 20 GB/s (SO), 65 GB/s (SU), 175.271 us, 11393824 bytes | reduce: 1040 GB/s, 5.016 us
   + EP:   1/16 | reduced combine: 21 GB/s (SO), 62 GB/s (SU), 177.432 us, 10977152 bytes | reduce: 1085 GB/s, 5.045 us
   + EP:   0/16 | reduced combine: 21 GB/s (SO), 62 GB/s (SU), 177.238 us, 11034624 bytes | reduce: 1086 GB/s, 5.068 us
   + EP:   5/16 | reduced combine: 20 GB/s (SO), 63 GB/s (SU), 174.615 us, 10948416 bytes | reduce: 1070 GB/s, 4.942 us


