=== EP_NIC_NAME=rdmap110s0 (auto, 200 Gb/s) ===
=== GIN: NCCL_GIN_TYPE=5 NCCL_SYM_GIN_KERNELS_ENABLE=0 ===
=== PREFER_OVERLAP=0 (--prefer-overlap-with-compute) ===
=== IMAGE=deepep-v2-efa-official:sm90-bfbdd15  DeepEP=bfbdd15ff448783f877cb2210cb3246c8452b05e ===
+ docker run --rm --init --gpus all --privileged --network=host --ipc=host --ulimit memlock=-1 --ulimit stack=67108864 --device=/dev/infiniband --device=/dev/gdrdrv -v /sys/class/infiniband:/sys/class/infiniband:ro -e MASTER_ADDR=172.31.28.159 -e MASTER_PORT=8919 -e WORLD_SIZE=4 -e RANK=3 -e NCCL_DEBUG=WARN -e EP_NIC_NAME=rdmap110s0 -e NCCL_GIN_TYPE=5 -e NCCL_SYM_GIN_KERNELS_ENABLE=0 -e EP_NUM_SUB_PARTS=1 -e PYTHONUNBUFFERED=1 -e PYTHONFAULTHANDLER=1 deepep-v2-efa-official:sm90-bfbdd15 bash -lc 'timeout -s ABRT --kill-after=60 1800     python3 -u /opt/DeepEP/tests/elastic/test_ep.py     --num-processes=8 --num-tokens=128     --hidden=7168 --num-topk=8 --num-experts=256     --num-sms=12 --allow-hybrid-mode=1     --prefer-overlap-with-compute=0 --test-first-only      '

==========
== CUDA ==
==========

CUDA Version 13.0.2

Container image Copyright (c) 2016-2023, NVIDIA CORPORATION & AFFILIATES. All rights reserved.

This container image and its contents are governed by the NVIDIA Deep Learning Container License.
By pulling and using the container, you accept the terms and conditions of this license:
https://developer.nvidia.com/ngc/nvidia-deep-learning-container-license

A copy of this license is made available in this container at /NGC-DL-CONTAINER-LICENSE for your convenience.

DeepEP hybrid kernel selection: unordered
DeepEP hybrid kernel selection: unordered
DeepEP hybrid kernel selection: unordered
DeepEP hybrid kernel selection: unordered
DeepEP hybrid kernel selection: unordered
DeepEP hybrid kernel selection: unordered
DeepEP hybrid kernel selection: unordered
DeepEP hybrid kernel selection: unordered
DeepEP hybrid kernel selection: unordered
DeepEP hybrid kernel selection: unordered
DeepEP hybrid kernel selection: unordered
DeepEP hybrid kernel selection: unordered
DeepEP hybrid kernel selection: unordered
DeepEP hybrid kernel selection: unordered
DeepEP hybrid kernel selection: unordered
DeepEP hybrid kernel selection: unordered
Config:
 > Ranks: 4 x 8
 > Experts: 8/256
 > Tokens: 104 (max: 128), hidden: 7168
 > #SM: 12, #QPs: 11/11

Running all test cases:
 > Testing with do_handle_copy=1, expert_alignment=128, use_fp8_dispatch=1, num_bias=0, with_previous_event=0, async_with_compute_stream=0, allocate_on_comm_stream=0 ...
USDT:2026-09-09 04:38:09 485:485 SyncActivityProfilerHandler.cpp:52] profiler_startUSDT:2026-09-09 04:38:09 489:489 SyncActivityProfilerHandler.cpp:52] profiler_startUSDT:2026-09-09 04:38:09 488:488 SyncActivityProfilerHandler.cpp:52] profiler_startUSDT:2026-09-09 04:38:09 490:490 SyncActivityProfilerHandler.cpp:52] profiler_startUSDT:2026-09-09 04:38:09 486:486 SyncActivityProfilerHandler.cpp:52] profiler_startUSDT:2026-09-09 04:38:09 484:484 SyncActivityProfilerHandler.cpp:52] profiler_startUSDT:2026-09-09 04:38:09 491:491 SyncActivityProfilerHandler.cpp:52] profiler_start






USDT:2026-09-09 04:38:09 487:487 SyncActivityProfilerHandler.cpp:52] profiler_start
USDT:2026-09-09 04:38:10 490:490 SyncActivityProfilerHandler.cpp:59] profiler_stopUSDT:2026-09-09 04:38:10 486:486 SyncActivityProfilerHandler.cpp:59] profiler_stopUSDT:2026-09-09 04:38:10 484:484 SyncActivityProfilerHandler.cpp:59] profiler_stopUSDT:2026-09-09 04:38:10 487:487 SyncActivityProfilerHandler.cpp:59] profiler_stopUSDT:2026-09-09 04:38:10 488:488 SyncActivityProfilerHandler.cpp:59] profiler_stopUSDT:2026-09-09 04:38:10 485:485 SyncActivityProfilerHandler.cpp:59] profiler_stop
USDT:2026-09-09 04:38:10 489:489 SyncActivityProfilerHandler.cpp:59] profiler_stop





USDT:2026-09-09 04:38:10 491:491 SyncActivityProfilerHandler.cpp:59] profiler_stop
   * EP:  30/32 | dispatch: 16 GB/s (SO), 40 GB/s (SU), 160.019 us, 6342336 bytes | copy: 1536 GB/s, 8.257 us
   * EP:  25/32 | dispatch: 17 GB/s (SO), 37 GB/s (SU), 160.007 us, 5863104 bytes | copy: 1042 GB/s, 11.251 us
   * EP:  28/32 | dispatch: 17 GB/s (SO), 39 GB/s (SU), 159.993 us, 6177600 bytes | copy: 1110 GB/s, 11.134 us
   * EP:  26/32 | dispatch: 17 GB/s (SO), 39 GB/s (SU), 160.121 us, 6200064 bytes | copy: 1030 GB/s, 12.040 us
   * EP:  24/32 | dispatch: 18 GB/s (SO), 40 GB/s (SU), 160.056 us, 6424704 bytes | copy: 1259 GB/s, 10.206 us
   * EP:  31/32 | dispatch: 17 GB/s (SO), 37 GB/s (SU), 160.174 us, 5923008 bytes | copy: 940 GB/s, 12.605 us
   * EP:  29/32 | dispatch: 17 GB/s (SO), 36 GB/s (SU), 160.002 us, 5818176 bytes | copy: 931 GB/s, 12.494 us
   * EP:  27/32 | dispatch: 17 GB/s (SO), 39 GB/s (SU), 160.109 us, 6215040 bytes | copy: 919 GB/s, 13.526 us
USDT:2026-09-09 04:38:10 485:485 SyncActivityProfilerHandler.cpp:52] profiler_startUSDT:2026-09-09 04:38:10 489:489 SyncActivityProfilerHandler.cpp:52] profiler_startUSDT:2026-09-09 04:38:10 490:490 SyncActivityProfilerHandler.cpp:52] profiler_startUSDT:2026-09-09 04:38:10 487:487 SyncActivityProfilerHandler.cpp:52] profiler_startUSDT:2026-09-09 04:38:10 488:488 SyncActivityProfilerHandler.cpp:52] profiler_start

USDT:2026-09-09 04:38:10 484:484 SyncActivityProfilerHandler.cpp:52] profiler_startUSDT:2026-09-09 04:38:10 486:486 SyncActivityProfilerHandler.cpp:52] profiler_start


USDT:2026-09-09 04:38:10 491:491 SyncActivityProfilerHandler.cpp:52] profiler_start


USDT:2026-09-09 04:38:10 490:490 SyncActivityProfilerHandler.cpp:59] profiler_stop
USDT:2026-09-09 04:38:10 489:489 SyncActivityProfilerHandler.cpp:59] profiler_stopUSDT:2026-09-09 04:38:10 487:487 SyncActivityProfilerHandler.cpp:59] profiler_stop

USDT:2026-09-09 04:38:10 488:488 SyncActivityProfilerHandler.cpp:59] profiler_stopUSDT:2026-09-09 04:38:10 486:486 SyncActivityProfilerHandler.cpp:59] profiler_stop
USDT:2026-09-09 04:38:10 484:484 SyncActivityProfilerHandler.cpp:59] profiler_stop

USDT:2026-09-09 04:38:10 485:485 SyncActivityProfilerHandler.cpp:59] profiler_stop
USDT:2026-09-09 04:38:10 491:491 SyncActivityProfilerHandler.cpp:59] profiler_stop
   - EP:  30/32 | expanded dispatch: 17 GB/s (SO), 41 GB/s (SU), 155.356 us, 6342336 bytes | copy: 1570 GB/s, 9.503 us
   - EP:  25/32 | expanded dispatch: 18 GB/s (SO), 38 GB/s (SU), 155.363 us, 5863104 bytes | copy: 1384 GB/s, 9.632 us
   - EP:  26/32 | expanded dispatch: 18 GB/s (SO), 40 GB/s (SU), 155.384 us, 6200064 bytes | copy: 1529 GB/s, 9.595 us
   - EP:  31/32 | expanded dispatch: 17 GB/s (SO), 38 GB/s (SU), 155.513 us, 5923008 bytes | copy: 1302 GB/s, 10.371 us
   - EP:  29/32 | expanded dispatch: 17 GB/s (SO), 37 GB/s (SU), 155.312 us, 5818176 bytes | copy: 1347 GB/s, 9.926 us
   - EP:  27/32 | expanded dispatch: 18 GB/s (SO), 40 GB/s (SU), 155.506 us, 6215040 bytes | copy: 1493 GB/s, 10.448 us
   - EP:  24/32 | expanded dispatch: 18 GB/s (SO), 41 GB/s (SU), 155.371 us, 6424704 bytes | copy: 1857 GB/s, 7.574 us
   - EP:  28/32 | expanded dispatch: 18 GB/s (SO), 40 GB/s (SU), 155.294 us, 6177600 bytes | copy: 1917 GB/s, 7.224 us
USDT:2026-09-09 04:38:11 487:487 SyncActivityProfilerHandler.cpp:52] profiler_startUSDT:2026-09-09 04:38:11 490:490 SyncActivityProfilerHandler.cpp:52] profiler_startUSDT:2026-09-09 04:38:11 489:489 SyncActivityProfilerHandler.cpp:52] profiler_startUSDT:2026-09-09 04:38:11 486:486 SyncActivityProfilerHandler.cpp:52] profiler_startUSDT:2026-09-09 04:38:11 488:488 SyncActivityProfilerHandler.cpp:52] profiler_startUSDT:2026-09-09 04:38:11 485:485 SyncActivityProfilerHandler.cpp:52] profiler_startUSDT:2026-09-09 04:38:11 484:484 SyncActivityProfilerHandler.cpp:52] profiler_start






USDT:2026-09-09 04:38:11 491:491 SyncActivityProfilerHandler.cpp:52] profiler_start
USDT:2026-09-09 04:38:12 485:485 SyncActivityProfilerHandler.cpp:59] profiler_stopUSDT:2026-09-09 04:38:12 484:484 SyncActivityProfilerHandler.cpp:59] profiler_stopUSDT:2026-09-09 04:38:12 488:488 SyncActivityProfilerHandler.cpp:59] profiler_stopUSDT:2026-09-09 04:38:12 489:489 SyncActivityProfilerHandler.cpp:59] profiler_stop


USDT:2026-09-09 04:38:12 486:486 SyncActivityProfilerHandler.cpp:59] profiler_stop
USDT:2026-09-09 04:38:12 487:487 SyncActivityProfilerHandler.cpp:59] profiler_stop
USDT:2026-09-09 04:38:12 490:490 SyncActivityProfilerHandler.cpp:59] profiler_stop

USDT:2026-09-09 04:38:12 491:491 SyncActivityProfilerHandler.cpp:59] profiler_stop
   # EP:  25/32 | cached dispatch: 18 GB/s (SO), 37 GB/s (SU), 156.829 us, 5863104 bytes | copy: 2461 GB/s, 4.764 us
   # EP:  24/32 | cached dispatch: 18 GB/s (SO), 41 GB/s (SU), 156.873 us, 6424704 bytes | copy: 1611 GB/s, 7.977 us
   # EP:  28/32 | cached dispatch: 18 GB/s (SO), 39 GB/s (SU), 156.922 us, 6177600 bytes | copy: 1283 GB/s, 9.630 us
   # EP:  27/32 | cached dispatch: 17 GB/s (SO), 40 GB/s (SU), 157.002 us, 6215040 bytes | copy: 987 GB/s, 12.592 us
   # EP:  26/32 | cached dispatch: 18 GB/s (SO), 40 GB/s (SU), 156.950 us, 6200064 bytes | copy: 1255 GB/s, 9.880 us
   # EP:  29/32 | cached dispatch: 17 GB/s (SO), 37 GB/s (SU), 156.889 us, 5818176 bytes | copy: 1005 GB/s, 11.573 us   # EP:  30/32 | cached dispatch: 17 GB/s (SO), 40 GB/s (SU), 156.992 us, 6342336 bytes | copy: 1149 GB/s, 11.040 us

   # EP:  31/32 | cached dispatch: 17 GB/s (SO), 38 GB/s (SU), 157.085 us, 5923008 bytes | copy: 1126 GB/s, 10.523 us
USDT:2026-09-09 04:38:12 490:490 SyncActivityProfilerHandler.cpp:52] profiler_start
USDT:2026-09-09 04:38:12 487:487 SyncActivityProfilerHandler.cpp:52] profiler_startUSDT:2026-09-09 04:38:12 486:486 SyncActivityProfilerHandler.cpp:52] profiler_startUSDT:2026-09-09 04:38:12 488:488 SyncActivityProfilerHandler.cpp:52] profiler_startUSDT:2026-09-09 04:38:12 489:489 SyncActivityProfilerHandler.cpp:52] profiler_start
USDT:2026-09-09 04:38:12 484:484 SyncActivityProfilerHandler.cpp:52] profiler_startUSDT:2026-09-09 04:38:12 485:485 SyncActivityProfilerHandler.cpp:52] profiler_start




USDT:2026-09-09 04:38:12 491:491 SyncActivityProfilerHandler.cpp:52] profiler_start
USDT:2026-09-09 04:38:12 485:485 SyncActivityProfilerHandler.cpp:59] profiler_stopUSDT:2026-09-09 04:38:12 490:490 SyncActivityProfilerHandler.cpp:59] profiler_stopUSDT:2026-09-09 04:38:12 489:489 SyncActivityProfilerHandler.cpp:59] profiler_stop

USDT:2026-09-09 04:38:12 484:484 SyncActivityProfilerHandler.cpp:59] profiler_stopUSDT:2026-09-09 04:38:12 488:488 SyncActivityProfilerHandler.cpp:59] profiler_stop
USDT:2026-09-09 04:38:12 486:486 SyncActivityProfilerHandler.cpp:59] profiler_stopUSDT:2026-09-09 04:38:12 487:487 SyncActivityProfilerHandler.cpp:59] profiler_stop



USDT:2026-09-09 04:38:12 491:491 SyncActivityProfilerHandler.cpp:59] profiler_stop
   @ EP:  25/32 | combine: 21 GB/s (SO), 43 GB/s (SU), 260.194 us, 11250144 bytes | reduce: 978 GB/s, 6.980 us
   @ EP:  30/32 | combine: 20 GB/s (SO), 48 GB/s (SU), 255.051 us, 12169696 bytes | reduce: 887 GB/s, 7.226 us
   @ EP:  28/32 | combine: 21 GB/s (SO), 46 GB/s (SU), 257.736 us, 11853600 bytes | reduce: 916 GB/s, 7.339 us
   @ EP:  24/32 | combine: 21 GB/s (SO), 47 GB/s (SU), 260.923 us, 12327744 bytes | reduce: 979 GB/s, 7.045 us
   @ EP:  27/32 | combine: 20 GB/s (SO), 46 GB/s (SU), 258.420 us, 11925440 bytes | reduce: 898 GB/s, 7.440 us
   @ EP:  29/32 | combine: 20 GB/s (SO), 44 GB/s (SU), 254.478 us, 11163936 bytes | reduce: 908 GB/s, 7.244 us
   @ EP:  31/32 | combine: 20 GB/s (SO), 45 GB/s (SU), 254.316 us, 11365088 bytes | reduce: 949 GB/s, 6.887 us
   @ EP:  26/32 | combine: 20 GB/s (SO), 46 GB/s (SU), 257.819 us, 11896704 bytes | reduce: 977 GB/s, 6.895 us
USDT:2026-09-09 04:38:13 485:485 SyncActivityProfilerHandler.cpp:52] profiler_startUSDT:2026-09-09 04:38:13 486:486 SyncActivityProfilerHandler.cpp:52] profiler_startUSDT:2026-09-09 04:38:13 484:484 SyncActivityProfilerHandler.cpp:52] profiler_start
USDT:2026-09-09 04:38:13 490:490 SyncActivityProfilerHandler.cpp:52] profiler_start

USDT:2026-09-09 04:38:13 489:489 SyncActivityProfilerHandler.cpp:52] profiler_start
USDT:2026-09-09 04:38:13 487:487 SyncActivityProfilerHandler.cpp:52] profiler_start

USDT:2026-09-09 04:38:13 491:491 SyncActivityProfilerHandler.cpp:52] profiler_start
USDT:2026-09-09 04:38:13 488:488 SyncActivityProfilerHandler.cpp:52] profiler_start
USDT:2026-09-09 04:38:13 490:490 SyncActivityProfilerHandler.cpp:59] profiler_stop
USDT:2026-09-09 04:38:13 488:488 SyncActivityProfilerHandler.cpp:59] profiler_stopUSDT:2026-09-09 04:38:13 484:484 SyncActivityProfilerHandler.cpp:59] profiler_stop

USDT:2026-09-09 04:38:13 489:489 SyncActivityProfilerHandler.cpp:59] profiler_stop
USDT:2026-09-09 04:38:13 487:487 SyncActivityProfilerHandler.cpp:59] profiler_stop
USDT:2026-09-09 04:38:13 486:486 SyncActivityProfilerHandler.cpp:59] profiler_stop
USDT:2026-09-09 04:38:13 485:485 SyncActivityProfilerHandler.cpp:59] profiler_stop
USDT:2026-09-09 04:38:13 491:491 SyncActivityProfilerHandler.cpp:59] profiler_stop
   + EP:  30/32 | reduced combine: 19 GB/s (SO), 47 GB/s (SU), 260.788 us, 12169696 bytes | reduce: 893 GB/s, 7.176 us
   + EP:  25/32 | reduced combine: 20 GB/s (SO), 42 GB/s (SU), 268.988 us, 11250144 bytes | reduce: 984 GB/s, 6.937 us
   + EP:  29/32 | reduced combine: 20 GB/s (SO), 43 GB/s (SU), 260.357 us, 11163936 bytes | reduce: 924 GB/s, 7.121 us
   + EP:  28/32 | reduced combine: 20 GB/s (SO), 45 GB/s (SU), 264.880 us, 11853600 bytes | reduce: 959 GB/s, 7.013 us
   + EP:  31/32 | reduced combine: 20 GB/s (SO), 43 GB/s (SU), 261.295 us, 11365088 bytes | reduce: 952 GB/s, 6.867 us
   + EP:  24/32 | reduced combine: 20 GB/s (SO), 46 GB/s (SU), 266.697 us, 12327744 bytes | reduce: 963 GB/s, 7.158 us
   + EP:  27/32 | reduced combine: 20 GB/s (SO), 45 GB/s (SU), 266.939 us, 11925440 bytes | reduce: 903 GB/s, 7.401 us
   + EP:  26/32 | reduced combine: 20 GB/s (SO), 45 GB/s (SU), 266.086 us, 11896704 bytes | reduce: 968 GB/s, 6.963 us


