=== EP_NIC_NAME=rdmap110s0 (auto, 200 Gb/s) ===
=== GIN: NCCL_GIN_TYPE=5 NCCL_SYM_GIN_KERNELS_ENABLE=0 ===
=== PREFER_OVERLAP=0 (--prefer-overlap-with-compute) ===
=== IMAGE=deepep-v2-efa-official:sm90-bfbdd15  DeepEP=bfbdd15ff448783f877cb2210cb3246c8452b05e ===
+ docker run --rm --init --gpus all --privileged --network=host --ipc=host --ulimit memlock=-1 --ulimit stack=67108864 --device=/dev/infiniband --device=/dev/gdrdrv -v /sys/class/infiniband:/sys/class/infiniband:ro -e MASTER_ADDR=172.31.28.159 -e MASTER_PORT=8932 -e WORLD_SIZE=4 -e RANK=3 -e NCCL_DEBUG=WARN -e EP_NIC_NAME=rdmap110s0 -e NCCL_GIN_TYPE=5 -e NCCL_SYM_GIN_KERNELS_ENABLE=0 -e EP_NUM_SUB_PARTS=1 -e PYTHONUNBUFFERED=1 -e PYTHONFAULTHANDLER=1 deepep-v2-efa-official:sm90-bfbdd15 bash -lc 'timeout -s ABRT --kill-after=60 1800     python3 -u /opt/DeepEP/tests/elastic/test_ep.py     --num-processes=8 --num-tokens=128     --hidden=7168 --num-topk=8 --num-experts=256     --num-sms=12 --allow-hybrid-mode=1     --prefer-overlap-with-compute=0 --test-first-only      '

==========
== CUDA ==
==========

CUDA Version 13.0.2

Container image Copyright (c) 2016-2023, NVIDIA CORPORATION & AFFILIATES. All rights reserved.

This container image and its contents are governed by the NVIDIA Deep Learning Container License.
By pulling and using the container, you accept the terms and conditions of this license:
https://developer.nvidia.com/ngc/nvidia-deep-learning-container-license

A copy of this license is made available in this container at /NGC-DL-CONTAINER-LICENSE for your convenience.

DeepEP hybrid kernel selection: unordered
DeepEP hybrid kernel selection: unordered
DeepEP hybrid kernel selection: unordered
DeepEP hybrid kernel selection: unordered
DeepEP hybrid kernel selection: unordered
DeepEP hybrid kernel selection: unordered
DeepEP hybrid kernel selection: unordered
DeepEP hybrid kernel selection: unordered
DeepEP hybrid kernel selection: unordered
DeepEP hybrid kernel selection: unordered
DeepEP hybrid kernel selection: unordered
DeepEP hybrid kernel selection: unordered
DeepEP hybrid kernel selection: unordered
DeepEP hybrid kernel selection: unordered
DeepEP hybrid kernel selection: unordered
DeepEP hybrid kernel selection: unordered
Config:
 > Ranks: 4 x 8
 > Experts: 8/256
 > Tokens: 104 (max: 128), hidden: 7168
 > #SM: 12, #QPs: 11/11

Running all test cases:
 > Testing with do_handle_copy=1, expert_alignment=128, use_fp8_dispatch=1, num_bias=0, with_previous_event=0, async_with_compute_stream=0, allocate_on_comm_stream=0 ...
USDT:2026-09-09 06:33:51 486:486 SyncActivityProfilerHandler.cpp:52] profiler_startUSDT:2026-09-09 06:33:51 488:488 SyncActivityProfilerHandler.cpp:52] profiler_startUSDT:2026-09-09 06:33:51 485:485 SyncActivityProfilerHandler.cpp:52] profiler_startUSDT:2026-09-09 06:33:51 489:489 SyncActivityProfilerHandler.cpp:52] profiler_startUSDT:2026-09-09 06:33:51 490:490 SyncActivityProfilerHandler.cpp:52] profiler_start



USDT:2026-09-09 06:33:51 487:487 SyncActivityProfilerHandler.cpp:52] profiler_start

USDT:2026-09-09 06:33:51 492:492 SyncActivityProfilerHandler.cpp:52] profiler_startUSDT:2026-09-09 06:33:51 491:491 SyncActivityProfilerHandler.cpp:52] profiler_start

USDT:2026-09-09 06:33:52 488:488 SyncActivityProfilerHandler.cpp:59] profiler_stopUSDT:2026-09-09 06:33:52 486:486 SyncActivityProfilerHandler.cpp:59] profiler_stop

USDT:2026-09-09 06:33:52 491:491 SyncActivityProfilerHandler.cpp:59] profiler_stopUSDT:2026-09-09 06:33:52 490:490 SyncActivityProfilerHandler.cpp:59] profiler_stop
USDT:2026-09-09 06:33:52 489:489 SyncActivityProfilerHandler.cpp:59] profiler_stopUSDT:2026-09-09 06:33:52 485:485 SyncActivityProfilerHandler.cpp:59] profiler_stop


USDT:2026-09-09 06:33:52 492:492 SyncActivityProfilerHandler.cpp:59] profiler_stop
USDT:2026-09-09 06:33:52 487:487 SyncActivityProfilerHandler.cpp:59] profiler_stop
   * EP:  25/32 | dispatch: 17 GB/s (SO), 36 GB/s (SU), 160.724 us, 5863104 bytes | copy: 1031 GB/s, 11.379 us
   * EP:  29/32 | dispatch: 17 GB/s (SO), 36 GB/s (SU), 160.833 us, 5818176 bytes | copy: 846 GB/s, 13.751 us
   * EP:  27/32 | dispatch: 17 GB/s (SO), 39 GB/s (SU), 160.752 us, 6215040 bytes | copy: 926 GB/s, 13.424 us
   * EP:  31/32 | dispatch: 17 GB/s (SO), 37 GB/s (SU), 160.798 us, 5923008 bytes | copy: 832 GB/s, 14.232 us
   * EP:  24/32 | dispatch: 18 GB/s (SO), 40 GB/s (SU), 160.800 us, 6424704 bytes | copy: 1055 GB/s, 12.179 us
   * EP:  30/32 | dispatch: 16 GB/s (SO), 39 GB/s (SU), 160.819 us, 6342336 bytes | copy: 1364 GB/s, 9.297 us
   * EP:  28/32 | dispatch: 17 GB/s (SO), 38 GB/s (SU), 160.800 us, 6177600 bytes | copy: 1181 GB/s, 10.463 us
   * EP:  26/32 | dispatch: 17 GB/s (SO), 39 GB/s (SU), 160.838 us, 6200064 bytes | copy: 1053 GB/s, 11.781 us
USDT:2026-09-09 06:33:52 488:488 SyncActivityProfilerHandler.cpp:52] profiler_startUSDT:2026-09-09 06:33:52 486:486 SyncActivityProfilerHandler.cpp:52] profiler_startUSDT:2026-09-09 06:33:52 487:487 SyncActivityProfilerHandler.cpp:52] profiler_startUSDT:2026-09-09 06:33:52 490:490 SyncActivityProfilerHandler.cpp:52] profiler_start
USDT:2026-09-09 06:33:52 492:492 SyncActivityProfilerHandler.cpp:52] profiler_startUSDT:2026-09-09 06:33:52 485:485 SyncActivityProfilerHandler.cpp:52] profiler_startUSDT:2026-09-09 06:33:52 491:491 SyncActivityProfilerHandler.cpp:52] profiler_start




USDT:2026-09-09 06:33:52 489:489 SyncActivityProfilerHandler.cpp:52] profiler_start

USDT:2026-09-09 06:33:52 490:490 SyncActivityProfilerHandler.cpp:59] profiler_stopUSDT:2026-09-09 06:33:52 492:492 SyncActivityProfilerHandler.cpp:59] profiler_stop
USDT:2026-09-09 06:33:52 486:486 SyncActivityProfilerHandler.cpp:59] profiler_stop
USDT:2026-09-09 06:33:52 485:485 SyncActivityProfilerHandler.cpp:59] profiler_stop

USDT:2026-09-09 06:33:52 489:489 SyncActivityProfilerHandler.cpp:59] profiler_stopUSDT:2026-09-09 06:33:52 488:488 SyncActivityProfilerHandler.cpp:59] profiler_stop

USDT:2026-09-09 06:33:52 491:491 SyncActivityProfilerHandler.cpp:59] profiler_stop
USDT:2026-09-09 06:33:52 487:487 SyncActivityProfilerHandler.cpp:59] profiler_stop
   - EP:  27/32 | expanded dispatch: 17 GB/s (SO), 40 GB/s (SU), 156.734 us, 6215040 bytes | copy: 1414 GB/s, 11.032 us
   - EP:  24/32 | expanded dispatch: 18 GB/s (SO), 41 GB/s (SU), 156.675 us, 6424704 bytes | copy: 1615 GB/s, 8.709 us
   - EP:  29/32 | expanded dispatch: 17 GB/s (SO), 37 GB/s (SU), 156.704 us, 5818176 bytes | copy: 1288 GB/s, 10.385 us
   - EP:  25/32 | expanded dispatch: 18 GB/s (SO), 37 GB/s (SU), 156.735 us, 5863104 bytes | copy: 1494 GB/s, 8.923 us
   - EP:  31/32 | expanded dispatch: 17 GB/s (SO), 38 GB/s (SU), 156.799 us, 5923008 bytes | copy: 1135 GB/s, 11.896 us
   - EP:  28/32 | expanded dispatch: 18 GB/s (SO), 39 GB/s (SU), 156.709 us, 6177600 bytes | copy: 1595 GB/s, 8.682 us
   - EP:  26/32 | expanded dispatch: 18 GB/s (SO), 40 GB/s (SU), 156.730 us, 6200064 bytes | copy: 1589 GB/s, 9.231 us
   - EP:  30/32 | expanded dispatch: 17 GB/s (SO), 40 GB/s (SU), 156.851 us, 6342336 bytes | copy: 1533 GB/s, 9.735 us
USDT:2026-09-09 06:33:53 486:486 SyncActivityProfilerHandler.cpp:52] profiler_startUSDT:2026-09-09 06:33:53 487:487 SyncActivityProfilerHandler.cpp:52] profiler_startUSDT:2026-09-09 06:33:53 491:491 SyncActivityProfilerHandler.cpp:52] profiler_start


USDT:2026-09-09 06:33:53 489:489 SyncActivityProfilerHandler.cpp:52] profiler_startUSDT:2026-09-09 06:33:53 488:488 SyncActivityProfilerHandler.cpp:52] profiler_startUSDT:2026-09-09 06:33:53 492:492 SyncActivityProfilerHandler.cpp:52] profiler_startUSDT:2026-09-09 06:33:53 485:485 SyncActivityProfilerHandler.cpp:52] profiler_start
USDT:2026-09-09 06:33:53 490:490 SyncActivityProfilerHandler.cpp:52] profiler_start



USDT:2026-09-09 06:33:53 492:492 SyncActivityProfilerHandler.cpp:59] profiler_stopUSDT:2026-09-09 06:33:53 490:490 SyncActivityProfilerHandler.cpp:59] profiler_stopUSDT:2026-09-09 06:33:53 487:487 SyncActivityProfilerHandler.cpp:59] profiler_stopUSDT:2026-09-09 06:33:53 488:488 SyncActivityProfilerHandler.cpp:59] profiler_stopUSDT:2026-09-09 06:33:53 485:485 SyncActivityProfilerHandler.cpp:59] profiler_stop
USDT:2026-09-09 06:33:53 491:491 SyncActivityProfilerHandler.cpp:59] profiler_stopUSDT:2026-09-09 06:33:53 486:486 SyncActivityProfilerHandler.cpp:59] profiler_stop





USDT:2026-09-09 06:33:53 489:489 SyncActivityProfilerHandler.cpp:59] profiler_stop
   # EP:  26/32 | cached dispatch: 17 GB/s (SO), 39 GB/s (SU), 158.128 us, 6200064 bytes | copy: 1166 GB/s, 10.632 us
   # EP:  27/32 | cached dispatch: 17 GB/s (SO), 39 GB/s (SU), 158.152 us, 6215040 bytes | copy: 1018 GB/s, 12.206 us   # EP:  25/32 | cached dispatch: 18 GB/s (SO), 37 GB/s (SU), 158.116 us, 5863104 bytes | copy: 1763 GB/s, 6.651 us   # EP:  30/32 | cached dispatch: 16 GB/s (SO), 40 GB/s (SU), 158.187 us, 6342336 bytes | copy: 1185 GB/s, 10.704 us


   # EP:  29/32 | cached dispatch: 17 GB/s (SO), 37 GB/s (SU), 158.141 us, 5818176 bytes | copy: 953 GB/s, 12.205 us
   # EP:  28/32 | cached dispatch: 17 GB/s (SO), 39 GB/s (SU), 158.139 us, 6177600 bytes | copy: 1783 GB/s, 6.928 us
   # EP:  31/32 | cached dispatch: 17 GB/s (SO), 37 GB/s (SU), 158.259 us, 5923008 bytes | copy: 1042 GB/s, 11.370 us
   # EP:  24/32 | cached dispatch: 18 GB/s (SO), 41 GB/s (SU), 158.042 us, 6424704 bytes | copy: 1675 GB/s, 7.671 us
USDT:2026-09-09 06:33:54 487:487 SyncActivityProfilerHandler.cpp:52] profiler_startUSDT:2026-09-09 06:33:54 486:486 SyncActivityProfilerHandler.cpp:52] profiler_startUSDT:2026-09-09 06:33:54 488:488 SyncActivityProfilerHandler.cpp:52] profiler_start

USDT:2026-09-09 06:33:54 491:491 SyncActivityProfilerHandler.cpp:52] profiler_start
USDT:2026-09-09 06:33:54 490:490 SyncActivityProfilerHandler.cpp:52] profiler_startUSDT:2026-09-09 06:33:54 489:489 SyncActivityProfilerHandler.cpp:52] profiler_start


USDT:2026-09-09 06:33:54 492:492 SyncActivityProfilerHandler.cpp:52] profiler_startUSDT:2026-09-09 06:33:54 485:485 SyncActivityProfilerHandler.cpp:52] profiler_start

USDT:2026-09-09 06:33:54 487:487 SyncActivityProfilerHandler.cpp:59] profiler_stopUSDT:2026-09-09 06:33:54 490:490 SyncActivityProfilerHandler.cpp:59] profiler_stop

USDT:2026-09-09 06:33:54 491:491 SyncActivityProfilerHandler.cpp:59] profiler_stopUSDT:2026-09-09 06:33:54 492:492 SyncActivityProfilerHandler.cpp:59] profiler_stop
USDT:2026-09-09 06:33:54 488:488 SyncActivityProfilerHandler.cpp:59] profiler_stopUSDT:2026-09-09 06:33:54 489:489 SyncActivityProfilerHandler.cpp:59] profiler_stop

USDT:2026-09-09 06:33:54 485:485 SyncActivityProfilerHandler.cpp:59] profiler_stop

USDT:2026-09-09 06:33:54 486:486 SyncActivityProfilerHandler.cpp:59] profiler_stop
   @ EP:  30/32 | combine: 20 GB/s (SO), 48 GB/s (SU), 255.020 us, 12169696 bytes | reduce: 930 GB/s, 6.889 us
   @ EP:  31/32 | combine: 20 GB/s (SO), 44 GB/s (SU), 255.423 us, 11365088 bytes | reduce: 920 GB/s, 7.103 us
   @ EP:  26/32 | combine: 21 GB/s (SO), 47 GB/s (SU), 255.739 us, 11896704 bytes | reduce: 895 GB/s, 7.528 us
   @ EP:  25/32 | combine: 20 GB/s (SO), 43 GB/s (SU), 261.016 us, 11250144 bytes | reduce: 961 GB/s, 7.100 us
   @ EP:  24/32 | combine: 21 GB/s (SO), 47 GB/s (SU), 259.754 us, 12327744 bytes | reduce: 907 GB/s, 7.605 us   @ EP:  27/32 | combine: 20 GB/s (SO), 46 GB/s (SU), 259.501 us, 11925440 bytes | reduce: 893 GB/s, 7.484 us   @ EP:  29/32 | combine: 20 GB/s (SO), 44 GB/s (SU), 255.506 us, 11163936 bytes | reduce: 858 GB/s, 7.666 us


   @ EP:  28/32 | combine: 20 GB/s (SO), 46 GB/s (SU), 259.031 us, 11853600 bytes | reduce: 963 GB/s, 6.984 us
USDT:2026-09-09 06:33:55 487:487 SyncActivityProfilerHandler.cpp:52] profiler_startUSDT:2026-09-09 06:33:55 490:490 SyncActivityProfilerHandler.cpp:52] profiler_startUSDT:2026-09-09 06:33:55 491:491 SyncActivityProfilerHandler.cpp:52] profiler_startUSDT:2026-09-09 06:33:55 489:489 SyncActivityProfilerHandler.cpp:52] profiler_start
USDT:2026-09-09 06:33:55 488:488 SyncActivityProfilerHandler.cpp:52] profiler_start


USDT:2026-09-09 06:33:55 485:485 SyncActivityProfilerHandler.cpp:52] profiler_start
USDT:2026-09-09 06:33:55 486:486 SyncActivityProfilerHandler.cpp:52] profiler_start

USDT:2026-09-09 06:33:55 492:492 SyncActivityProfilerHandler.cpp:52] profiler_start
USDT:2026-09-09 06:33:55 490:490 SyncActivityProfilerHandler.cpp:59] profiler_stopUSDT:2026-09-09 06:33:55 487:487 SyncActivityProfilerHandler.cpp:59] profiler_stop

USDT:2026-09-09 06:33:55 489:489 SyncActivityProfilerHandler.cpp:59] profiler_stopUSDT:2026-09-09 06:33:55 491:491 SyncActivityProfilerHandler.cpp:59] profiler_stop
USDT:2026-09-09 06:33:55 486:486 SyncActivityProfilerHandler.cpp:59] profiler_stop

USDT:2026-09-09 06:33:55 485:485 SyncActivityProfilerHandler.cpp:59] profiler_stop
USDT:2026-09-09 06:33:55 488:488 SyncActivityProfilerHandler.cpp:59] profiler_stop
USDT:2026-09-09 06:33:55 492:492 SyncActivityProfilerHandler.cpp:59] profiler_stop
   + EP:  25/32 | reduced combine: 20 GB/s (SO), 42 GB/s (SU), 269.078 us, 11250144 bytes | reduce: 986 GB/s, 6.924 us
   + EP:  26/32 | reduced combine: 20 GB/s (SO), 44 GB/s (SU), 267.851 us, 11896704 bytes | reduce: 913 GB/s, 7.380 us   + EP:  29/32 | reduced combine: 20 GB/s (SO), 43 GB/s (SU), 262.407 us, 11163936 bytes | reduce: 876 GB/s, 7.511 us

   + EP:  30/32 | reduced combine: 19 GB/s (SO), 47 GB/s (SU), 261.527 us, 12169696 bytes | reduce: 931 GB/s, 6.883 us
   + EP:  28/32 | reduced combine: 20 GB/s (SO), 45 GB/s (SU), 264.545 us, 11853600 bytes | reduce: 959 GB/s, 7.009 us
   + EP:  31/32 | reduced combine: 20 GB/s (SO), 43 GB/s (SU), 262.083 us, 11365088 bytes | reduce: 926 GB/s, 7.062 us   + EP:  27/32 | reduced combine: 20 GB/s (SO), 45 GB/s (SU), 266.511 us, 11925440 bytes | reduce: 908 GB/s, 7.362 us

   + EP:  24/32 | reduced combine: 20 GB/s (SO), 46 GB/s (SU), 268.101 us, 12327744 bytes | reduce: 923 GB/s, 7.472 us


