=== EP_NIC_NAME=rdmap110s0 (auto, 200 Gb/s) ===
=== GIN: NCCL_GIN_TYPE=5 NCCL_SYM_GIN_KERNELS_ENABLE=0 ===
=== PREFER_OVERLAP=0 (--prefer-overlap-with-compute) ===
=== IMAGE=deepep-v2-efa-official:sm90-bfbdd15  DeepEP=bfbdd15ff448783f877cb2210cb3246c8452b05e ===
+ docker run --rm --init --gpus all --privileged --network=host --ipc=host --ulimit memlock=-1 --ulimit stack=67108864 --device=/dev/infiniband --device=/dev/gdrdrv -v /sys/class/infiniband:/sys/class/infiniband:ro -e MASTER_ADDR=172.31.28.159 -e MASTER_PORT=8933 -e WORLD_SIZE=4 -e RANK=1 -e NCCL_DEBUG=WARN -e EP_NIC_NAME=rdmap110s0 -e NCCL_GIN_TYPE=5 -e NCCL_SYM_GIN_KERNELS_ENABLE=0 -e EP_NUM_SUB_PARTS=1 -e PYTHONUNBUFFERED=1 -e PYTHONFAULTHANDLER=1 deepep-v2-efa-official:sm90-bfbdd15 bash -lc 'timeout -s ABRT --kill-after=60 1800     python3 -u /opt/DeepEP/tests/elastic/test_ep.py     --num-processes=8 --num-tokens=8192     --hidden=7168 --num-topk=8 --num-experts=256     --num-sms=12 --allow-hybrid-mode=1     --prefer-overlap-with-compute=0 --test-first-only      '

==========
== CUDA ==
==========

CUDA Version 13.0.2

Container image Copyright (c) 2016-2023, NVIDIA CORPORATION & AFFILIATES. All rights reserved.

This container image and its contents are governed by the NVIDIA Deep Learning Container License.
By pulling and using the container, you accept the terms and conditions of this license:
https://developer.nvidia.com/ngc/nvidia-deep-learning-container-license

A copy of this license is made available in this container at /NGC-DL-CONTAINER-LICENSE for your convenience.

DeepEP hybrid kernel selection: unordered
DeepEP hybrid kernel selection: unordered
DeepEP hybrid kernel selection: unordered
DeepEP hybrid kernel selection: unordered
DeepEP hybrid kernel selection: unordered
DeepEP hybrid kernel selection: unordered
DeepEP hybrid kernel selection: unordered
DeepEP hybrid kernel selection: unordered
DeepEP hybrid kernel selection: unordered
DeepEP hybrid kernel selection: unordered
DeepEP hybrid kernel selection: unordered
DeepEP hybrid kernel selection: unordered
DeepEP hybrid kernel selection: unordered
DeepEP hybrid kernel selection: unordered
DeepEP hybrid kernel selection: unordered
DeepEP hybrid kernel selection: unordered
Config:
 > Ranks: 4 x 8
 > Experts: 8/256
 > Tokens: 8184 (max: 8192), hidden: 7168
 > #SM: 12, #QPs: 11/11

Running all test cases:
 > Testing with do_handle_copy=1, expert_alignment=128, use_fp8_dispatch=1, num_bias=0, with_previous_event=0, async_with_compute_stream=0, allocate_on_comm_stream=0 ...
USDT:2026-09-09 06:36:04 493:493 SyncActivityProfilerHandler.cpp:52] profiler_startUSDT:2026-09-09 06:36:04 486:486 SyncActivityProfilerHandler.cpp:52] profiler_startUSDT:2026-09-09 06:36:04 488:488 SyncActivityProfilerHandler.cpp:52] profiler_startUSDT:2026-09-09 06:36:04 492:492 SyncActivityProfilerHandler.cpp:52] profiler_startUSDT:2026-09-09 06:36:04 490:490 SyncActivityProfilerHandler.cpp:52] profiler_startUSDT:2026-09-09 06:36:04 489:489 SyncActivityProfilerHandler.cpp:52] profiler_start


USDT:2026-09-09 06:36:04 491:491 SyncActivityProfilerHandler.cpp:52] profiler_start



USDT:2026-09-09 06:36:04 487:487 SyncActivityProfilerHandler.cpp:52] profiler_start
USDT:2026-09-09 06:36:05 488:488 SyncActivityProfilerHandler.cpp:59] profiler_stopUSDT:2026-09-09 06:36:05 491:491 SyncActivityProfilerHandler.cpp:59] profiler_stopUSDT:2026-09-09 06:36:05 493:493 SyncActivityProfilerHandler.cpp:59] profiler_stopUSDT:2026-09-09 06:36:05 487:487 SyncActivityProfilerHandler.cpp:59] profiler_stopUSDT:2026-09-09 06:36:05 486:486 SyncActivityProfilerHandler.cpp:59] profiler_stopUSDT:2026-09-09 06:36:05 490:490 SyncActivityProfilerHandler.cpp:59] profiler_stopUSDT:2026-09-09 06:36:05 492:492 SyncActivityProfilerHandler.cpp:59] profiler_stop



USDT:2026-09-09 06:36:05 489:489 SyncActivityProfilerHandler.cpp:59] profiler_stop



   * EP:  10/32 | dispatch: 56 GB/s (SO), 112 GB/s (SU), 3972.000 us, 443776320 bytes | copy: 2656 GB/s, 334.175 us
   * EP:   8/32 | dispatch: 56 GB/s (SO), 111 GB/s (SU), 3972.000 us, 442668096 bytes | copy: 2818 GB/s, 314.119 us
   * EP:  12/32 | dispatch: 56 GB/s (SO), 112 GB/s (SU), 3972.000 us, 445917888 bytes | copy: 2677 GB/s, 333.094 us
   * EP:   9/32 | dispatch: 56 GB/s (SO), 112 GB/s (SU), 3972.000 us, 444158208 bytes | copy: 2905 GB/s, 305.758 us
   * EP:  14/32 | dispatch: 56 GB/s (SO), 112 GB/s (SU), 3972.000 us, 444255552 bytes | copy: 2583 GB/s, 343.957 us
   * EP:  11/32 | dispatch: 56 GB/s (SO), 112 GB/s (SU), 3972.000 us, 446112576 bytes | copy: 2753 GB/s, 324.094 us
   * EP:  15/32 | dispatch: 56 GB/s (SO), 112 GB/s (SU), 3972.000 us, 444629952 bytes | copy: 2668 GB/s, 333.293 us
   * EP:  13/32 | dispatch: 56 GB/s (SO), 112 GB/s (SU), 3971.000 us, 445513536 bytes | copy: 2874 GB/s, 310.082 us
USDT:2026-09-09 06:36:05 493:493 SyncActivityProfilerHandler.cpp:52] profiler_startUSDT:2026-09-09 06:36:05 487:487 SyncActivityProfilerHandler.cpp:52] profiler_startUSDT:2026-09-09 06:36:05 486:486 SyncActivityProfilerHandler.cpp:52] profiler_startUSDT:2026-09-09 06:36:05 491:491 SyncActivityProfilerHandler.cpp:52] profiler_start
USDT:2026-09-09 06:36:05 488:488 SyncActivityProfilerHandler.cpp:52] profiler_startUSDT:2026-09-09 06:36:05 492:492 SyncActivityProfilerHandler.cpp:52] profiler_start


USDT:2026-09-09 06:36:05 490:490 SyncActivityProfilerHandler.cpp:52] profiler_start

USDT:2026-09-09 06:36:05 489:489 SyncActivityProfilerHandler.cpp:52] profiler_start

USDT:2026-09-09 06:36:06 487:487 SyncActivityProfilerHandler.cpp:59] profiler_stopUSDT:2026-09-09 06:36:06 490:490 SyncActivityProfilerHandler.cpp:59] profiler_stopUSDT:2026-09-09 06:36:06 491:491 SyncActivityProfilerHandler.cpp:59] profiler_stopUSDT:2026-09-09 06:36:06 488:488 SyncActivityProfilerHandler.cpp:59] profiler_stopUSDT:2026-09-09 06:36:06 492:492 SyncActivityProfilerHandler.cpp:59] profiler_stopUSDT:2026-09-09 06:36:06 486:486 SyncActivityProfilerHandler.cpp:59] profiler_stop

USDT:2026-09-09 06:36:06 493:493 SyncActivityProfilerHandler.cpp:59] profiler_stop


USDT:2026-09-09 06:36:06 489:489 SyncActivityProfilerHandler.cpp:59] profiler_stop


   - EP:   8/32 | expanded dispatch: 56 GB/s (SO), 111 GB/s (SU), 3972.000 us, 442668096 bytes | copy: 2599 GB/s, 360.355 us
   - EP:  10/32 | expanded dispatch: 56 GB/s (SO), 112 GB/s (SU), 3972.000 us, 443776320 bytes | copy: 2426 GB/s, 386.464 us
   - EP:  14/32 | expanded dispatch: 56 GB/s (SO), 112 GB/s (SU), 3972.000 us, 444255552 bytes | copy: 2339 GB/s, 401.302 us
   - EP:   9/32 | expanded dispatch: 56 GB/s (SO), 112 GB/s (SU), 3972.000 us, 444158208 bytes | copy: 2711 GB/s, 346.334 us
   - EP:  12/32 | expanded dispatch: 56 GB/s (SO), 112 GB/s (SU), 3972.000 us, 445917888 bytes | copy: 2425 GB/s, 388.343 us
   - EP:  15/32 | expanded dispatch: 56 GB/s (SO), 112 GB/s (SU), 3972.000 us, 444629952 bytes | copy: 2510 GB/s, 374.656 us
   - EP:  13/32 | expanded dispatch: 56 GB/s (SO), 112 GB/s (SU), 3972.000 us, 445513536 bytes | copy: 2531 GB/s, 372.252 us
   - EP:  11/32 | expanded dispatch: 56 GB/s (SO), 112 GB/s (SU), 3972.000 us, 446112576 bytes | copy: 2442 GB/s, 385.636 us
USDT:2026-09-09 06:36:06 488:488 SyncActivityProfilerHandler.cpp:52] profiler_startUSDT:2026-09-09 06:36:06 487:487 SyncActivityProfilerHandler.cpp:52] profiler_startUSDT:2026-09-09 06:36:06 490:490 SyncActivityProfilerHandler.cpp:52] profiler_startUSDT:2026-09-09 06:36:06 493:493 SyncActivityProfilerHandler.cpp:52] profiler_startUSDT:2026-09-09 06:36:06 492:492 SyncActivityProfilerHandler.cpp:52] profiler_start
USDT:2026-09-09 06:36:06 486:486 SyncActivityProfilerHandler.cpp:52] profiler_start
USDT:2026-09-09 06:36:06 491:491 SyncActivityProfilerHandler.cpp:52] profiler_start




USDT:2026-09-09 06:36:06 489:489 SyncActivityProfilerHandler.cpp:52] profiler_start
USDT:2026-09-09 06:36:07 491:491 SyncActivityProfilerHandler.cpp:59] profiler_stopUSDT:2026-09-09 06:36:07 487:487 SyncActivityProfilerHandler.cpp:59] profiler_stopUSDT:2026-09-09 06:36:07 486:486 SyncActivityProfilerHandler.cpp:59] profiler_stopUSDT:2026-09-09 06:36:07 492:492 SyncActivityProfilerHandler.cpp:59] profiler_stopUSDT:2026-09-09 06:36:07 490:490 SyncActivityProfilerHandler.cpp:59] profiler_stop


USDT:2026-09-09 06:36:07 493:493 SyncActivityProfilerHandler.cpp:59] profiler_stop


USDT:2026-09-09 06:36:07 488:488 SyncActivityProfilerHandler.cpp:59] profiler_stopUSDT:2026-09-09 06:36:07 489:489 SyncActivityProfilerHandler.cpp:59] profiler_stop

   # EP:   8/32 | cached dispatch: 52 GB/s (SO), 104 GB/s (SU), 4268.000 us, 442668096 bytes | copy: 2954 GB/s, 299.671 us
   # EP:  10/32 | cached dispatch: 52 GB/s (SO), 104 GB/s (SU), 4268.000 us, 443776320 bytes | copy: 2528 GB/s, 351.130 us
   # EP:  13/32 | cached dispatch: 52 GB/s (SO), 104 GB/s (SU), 4268.000 us, 445513536 bytes | copy: 2408 GB/s, 370.013 us
   # EP:   9/32 | cached dispatch: 52 GB/s (SO), 104 GB/s (SU), 4268.000 us, 444158208 bytes | copy: 2675 GB/s, 332.107 us
   # EP:  15/32 | cached dispatch: 52 GB/s (SO), 104 GB/s (SU), 4268.000 us, 444629952 bytes | copy: 2515 GB/s, 353.636 us
   # EP:  12/32 | cached dispatch: 52 GB/s (SO), 105 GB/s (SU), 4267.000 us, 445917888 bytes | copy: 2247 GB/s, 396.945 us
   # EP:  11/32 | cached dispatch: 52 GB/s (SO), 105 GB/s (SU), 4268.000 us, 446112576 bytes | copy: 2571 GB/s, 347.029 us
   # EP:  14/32 | cached dispatch: 52 GB/s (SO), 104 GB/s (SU), 4268.000 us, 444255552 bytes | copy: 2433 GB/s, 365.192 us
USDT:2026-09-09 06:36:08 486:486 SyncActivityProfilerHandler.cpp:52] profiler_start
USDT:2026-09-09 06:36:08 488:488 SyncActivityProfilerHandler.cpp:52] profiler_start
USDT:2026-09-09 06:36:08 490:490 SyncActivityProfilerHandler.cpp:52] profiler_start
USDT:2026-09-09 06:36:08 489:489 SyncActivityProfilerHandler.cpp:52] profiler_start
USDT:2026-09-09 06:36:08 491:491 SyncActivityProfilerHandler.cpp:52] profiler_startUSDT:2026-09-09 06:36:08 492:492 SyncActivityProfilerHandler.cpp:52] profiler_start

USDT:2026-09-09 06:36:08 487:487 SyncActivityProfilerHandler.cpp:52] profiler_start
USDT:2026-09-09 06:36:08 493:493 SyncActivityProfilerHandler.cpp:52] profiler_start
USDT:2026-09-09 06:36:08 486:486 SyncActivityProfilerHandler.cpp:59] profiler_stop
USDT:2026-09-09 06:36:08 493:493 SyncActivityProfilerHandler.cpp:59] profiler_stop
USDT:2026-09-09 06:36:08 492:492 SyncActivityProfilerHandler.cpp:59] profiler_stop
USDT:2026-09-09 06:36:08 490:490 SyncActivityProfilerHandler.cpp:59] profiler_stop
USDT:2026-09-09 06:36:08 491:491 SyncActivityProfilerHandler.cpp:59] profiler_stop
USDT:2026-09-09 06:36:08 489:489 SyncActivityProfilerHandler.cpp:59] profiler_stop
USDT:2026-09-09 06:36:08 488:488 SyncActivityProfilerHandler.cpp:59] profiler_stop
USDT:2026-09-09 06:36:08 487:487 SyncActivityProfilerHandler.cpp:59] profiler_stop
   @ EP:  14/32 | combine: 57 GB/s (SO), 115 GB/s (SU), 7428.000 us, 852439072 bytes | reduce: 3617 GB/s, 150.049 us
   @ EP:  12/32 | combine: 57 GB/s (SO), 115 GB/s (SU), 7460.000 us, 855628768 bytes | reduce: 3618 GB/s, 150.157 us
   @ EP:  15/32 | combine: 57 GB/s (SO), 115 GB/s (SU), 7420.000 us, 853157472 bytes | reduce: 3597 GB/s, 150.453 us
   @ EP:  13/32 | combine: 57 GB/s (SO), 114 GB/s (SU), 7468.000 us, 854852896 bytes | reduce: 3608 GB/s, 150.713 us
   @ EP:   8/32 | combine: 58 GB/s (SO), 116 GB/s (SU), 7332.000 us, 849393056 bytes | reduce: 3609 GB/s, 150.443 us
   @ EP:  11/32 | combine: 57 GB/s (SO), 115 GB/s (SU), 7416.000 us, 856002336 bytes | reduce: 3593 GB/s, 150.772 us
   @ EP:  10/32 | combine: 57 GB/s (SO), 114 GB/s (SU), 7454.000 us, 851519520 bytes | reduce: 3597 GB/s, 150.702 us
   @ EP:   9/32 | combine: 57 GB/s (SO), 114 GB/s (SU), 7501.000 us, 852252288 bytes | reduce: 3629 GB/s, 149.526 us
USDT:2026-09-09 06:36:09 493:493 SyncActivityProfilerHandler.cpp:52] profiler_start
USDT:2026-09-09 06:36:09 492:492 SyncActivityProfilerHandler.cpp:52] profiler_start
USDT:2026-09-09 06:36:09 488:488 SyncActivityProfilerHandler.cpp:52] profiler_start
USDT:2026-09-09 06:36:09 486:486 SyncActivityProfilerHandler.cpp:52] profiler_start
USDT:2026-09-09 06:36:09 487:487 SyncActivityProfilerHandler.cpp:52] profiler_startUSDT:2026-09-09 06:36:09 491:491 SyncActivityProfilerHandler.cpp:52] profiler_start

USDT:2026-09-09 06:36:09 490:490 SyncActivityProfilerHandler.cpp:52] profiler_start
USDT:2026-09-09 06:36:09 489:489 SyncActivityProfilerHandler.cpp:52] profiler_start
USDT:2026-09-09 06:36:09 487:487 SyncActivityProfilerHandler.cpp:59] profiler_stopUSDT:2026-09-09 06:36:09 488:488 SyncActivityProfilerHandler.cpp:59] profiler_stop

USDT:2026-09-09 06:36:09 492:492 SyncActivityProfilerHandler.cpp:59] profiler_stop
USDT:2026-09-09 06:36:09 486:486 SyncActivityProfilerHandler.cpp:59] profiler_stop
USDT:2026-09-09 06:36:09 493:493 SyncActivityProfilerHandler.cpp:59] profiler_stop
USDT:2026-09-09 06:36:09 491:491 SyncActivityProfilerHandler.cpp:59] profiler_stop
USDT:2026-09-09 06:36:09 490:490 SyncActivityProfilerHandler.cpp:59] profiler_stop
USDT:2026-09-09 06:36:09 489:489 SyncActivityProfilerHandler.cpp:59] profiler_stop
   + EP:  10/32 | reduced combine: 57 GB/s (SO), 114 GB/s (SU), 7447.000 us, 851519520 bytes | reduce: 3593 GB/s, 150.891 us
   + EP:  14/32 | reduced combine: 57 GB/s (SO), 115 GB/s (SU), 7404.000 us, 852439072 bytes | reduce: 3617 GB/s, 150.056 us
   + EP:   8/32 | reduced combine: 57 GB/s (SO), 114 GB/s (SU), 7464.000 us, 849393056 bytes | reduce: 3609 GB/s, 150.456 us
   + EP:  15/32 | reduced combine: 57 GB/s (SO), 115 GB/s (SU), 7429.000 us, 853157472 bytes | reduce: 3594 GB/s, 150.548 us
   + EP:  13/32 | reduced combine: 57 GB/s (SO), 114 GB/s (SU), 7493.000 us, 854852896 bytes | reduce: 3606 GB/s, 150.776 us
   + EP:  12/32 | reduced combine: 56 GB/s (SO), 113 GB/s (SU), 7572.000 us, 855628768 bytes | reduce: 3607 GB/s, 150.629 us
   + EP:   9/32 | reduced combine: 56 GB/s (SO), 113 GB/s (SU), 7522.000 us, 852252288 bytes | reduce: 3629 GB/s, 149.519 us
   + EP:  11/32 | reduced combine: 57 GB/s (SO), 115 GB/s (SU), 7469.000 us, 856002336 bytes | reduce: 3588 GB/s, 150.999 us


