=== EP_NIC_NAME=rdmap110s0 (auto, 200 Gb/s) ===
=== GIN: NCCL_GIN_TYPE=5 NCCL_SYM_GIN_KERNELS_ENABLE=0 ===
=== PREFER_OVERLAP=0 (--prefer-overlap-with-compute) ===
=== IMAGE=deepep-v2-efa-official:sm90-bfbdd15  DeepEP=bfbdd15ff448783f877cb2210cb3246c8452b05e ===
+ docker run --rm --init --gpus all --privileged --network=host --ipc=host --ulimit memlock=-1 --ulimit stack=67108864 --device=/dev/infiniband --device=/dev/gdrdrv -v /sys/class/infiniband:/sys/class/infiniband:ro -e MASTER_ADDR=172.31.29.216 -e MASTER_PORT=8980 -e WORLD_SIZE=2 -e RANK=1 -e NCCL_DEBUG=WARN -e EP_NIC_NAME=rdmap110s0 -e NCCL_GIN_TYPE=5 -e NCCL_SYM_GIN_KERNELS_ENABLE=0 -e EP_NUM_SUB_PARTS=1 -e PYTHONUNBUFFERED=1 -e PYTHONFAULTHANDLER=1 deepep-v2-efa-official:sm90-bfbdd15 bash -lc 'timeout -s ABRT --kill-after=60 1800     python3 -u /opt/DeepEP/tests/elastic/test_ep.py     --num-processes=8 --num-tokens=8192     --hidden=7168 --num-topk=8 --num-experts=256     --num-sms=12 --allow-hybrid-mode=1     --prefer-overlap-with-compute=0 --test-first-only      '

==========
== CUDA ==
==========

CUDA Version 13.0.2

Container image Copyright (c) 2016-2023, NVIDIA CORPORATION & AFFILIATES. All rights reserved.

This container image and its contents are governed by the NVIDIA Deep Learning Container License.
By pulling and using the container, you accept the terms and conditions of this license:
https://developer.nvidia.com/ngc/nvidia-deep-learning-container-license

A copy of this license is made available in this container at /NGC-DL-CONTAINER-LICENSE for your convenience.

DeepEP hybrid kernel selection: unordered
DeepEP hybrid kernel selection: unordered
DeepEP hybrid kernel selection: unordered
DeepEP hybrid kernel selection: unordered
DeepEP hybrid kernel selection: unordered
DeepEP hybrid kernel selection: unordered
DeepEP hybrid kernel selection: unordered
DeepEP hybrid kernel selection: unordered
DeepEP hybrid kernel selection: unordered
DeepEP hybrid kernel selection: unordered
DeepEP hybrid kernel selection: unordered
DeepEP hybrid kernel selection: unordered
DeepEP hybrid kernel selection: unordered
DeepEP hybrid kernel selection: unordered
DeepEP hybrid kernel selection: unordered
DeepEP hybrid kernel selection: unordered
Config:
 > Ranks: 2 x 8
 > Experts: 8/256
 > Tokens: 8184 (max: 8192), hidden: 7168
 > #SM: 12, #QPs: 11/11

Running all test cases:
 > Testing with do_handle_copy=1, expert_alignment=128, use_fp8_dispatch=1, num_bias=0, with_previous_event=0, async_with_compute_stream=0, allocate_on_comm_stream=0 ...
USDT:2026-09-09 06:04:54 488:488 SyncActivityProfilerHandler.cpp:52] profiler_startUSDT:2026-09-09 06:04:54 493:493 SyncActivityProfilerHandler.cpp:52] profiler_start

USDT:2026-09-09 06:04:54 486:486 SyncActivityProfilerHandler.cpp:52] profiler_start
USDT:2026-09-09 06:04:54 491:491 SyncActivityProfilerHandler.cpp:52] profiler_startUSDT:2026-09-09 06:04:54 489:489 SyncActivityProfilerHandler.cpp:52] profiler_startUSDT:2026-09-09 06:04:54 487:487 SyncActivityProfilerHandler.cpp:52] profiler_startUSDT:2026-09-09 06:04:54 492:492 SyncActivityProfilerHandler.cpp:52] profiler_startUSDT:2026-09-09 06:04:54 490:490 SyncActivityProfilerHandler.cpp:52] profiler_start




USDT:2026-09-09 06:04:55 488:488 SyncActivityProfilerHandler.cpp:59] profiler_stop
USDT:2026-09-09 06:04:55 490:490 SyncActivityProfilerHandler.cpp:59] profiler_stopUSDT:2026-09-09 06:04:55 486:486 SyncActivityProfilerHandler.cpp:59] profiler_stopUSDT:2026-09-09 06:04:55 487:487 SyncActivityProfilerHandler.cpp:59] profiler_stopUSDT:2026-09-09 06:04:55 491:491 SyncActivityProfilerHandler.cpp:59] profiler_stopUSDT:2026-09-09 06:04:55 493:493 SyncActivityProfilerHandler.cpp:59] profiler_stop
USDT:2026-09-09 06:04:55 492:492 SyncActivityProfilerHandler.cpp:59] profiler_stopUSDT:2026-09-09 06:04:55 489:489 SyncActivityProfilerHandler.cpp:59] profiler_stop





   * EP:  10/16 | dispatch: 78 GB/s (SO), 258 GB/s (SU), 1556.000 us, 401289408 bytes | copy: 3157 GB/s, 254.237 us
   * EP:   9/16 | dispatch: 78 GB/s (SO), 256 GB/s (SU), 1556.000 us, 398795904 bytes | copy: 3248 GB/s, 245.527 us
   * EP:  11/16 | dispatch: 79 GB/s (SO), 257 GB/s (SU), 1555.000 us, 400203648 bytes | copy: 3269 GB/s, 244.816 us
   * EP:  15/16 | dispatch: 78 GB/s (SO), 258 GB/s (SU), 1556.000 us, 401903424 bytes | copy: 3188 GB/s, 252.130 us
   * EP:  14/16 | dispatch: 78 GB/s (SO), 257 GB/s (SU), 1556.000 us, 400525632 bytes | copy: 3266 GB/s, 245.298 us
   * EP:  12/16 | dispatch: 79 GB/s (SO), 258 GB/s (SU), 1555.000 us, 401401728 bytes | copy: 3197 GB/s, 251.123 us
   * EP:  13/16 | dispatch: 79 GB/s (SO), 256 GB/s (SU), 1555.000 us, 398728512 bytes | copy: 3211 GB/s, 248.359 us
   * EP:   8/16 | dispatch: 79 GB/s (SO), 257 GB/s (SU), 1556.000 us, 400166208 bytes | copy: 3304 GB/s, 242.222 us
USDT:2026-09-09 06:04:55 487:487 SyncActivityProfilerHandler.cpp:52] profiler_startUSDT:2026-09-09 06:04:55 489:489 SyncActivityProfilerHandler.cpp:52] profiler_startUSDT:2026-09-09 06:04:55 488:488 SyncActivityProfilerHandler.cpp:52] profiler_startUSDT:2026-09-09 06:04:55 486:486 SyncActivityProfilerHandler.cpp:52] profiler_startUSDT:2026-09-09 06:04:55 490:490 SyncActivityProfilerHandler.cpp:52] profiler_start


USDT:2026-09-09 06:04:55 493:493 SyncActivityProfilerHandler.cpp:52] profiler_start

USDT:2026-09-09 06:04:55 492:492 SyncActivityProfilerHandler.cpp:52] profiler_startUSDT:2026-09-09 06:04:55 491:491 SyncActivityProfilerHandler.cpp:52] profiler_start


USDT:2026-09-09 06:04:55 487:487 SyncActivityProfilerHandler.cpp:59] profiler_stopUSDT:2026-09-09 06:04:55 488:488 SyncActivityProfilerHandler.cpp:59] profiler_stop

USDT:2026-09-09 06:04:55 490:490 SyncActivityProfilerHandler.cpp:59] profiler_stopUSDT:2026-09-09 06:04:55 493:493 SyncActivityProfilerHandler.cpp:59] profiler_stopUSDT:2026-09-09 06:04:55 486:486 SyncActivityProfilerHandler.cpp:59] profiler_stop

USDT:2026-09-09 06:04:55 492:492 SyncActivityProfilerHandler.cpp:59] profiler_stop
USDT:2026-09-09 06:04:55 491:491 SyncActivityProfilerHandler.cpp:59] profiler_stop
USDT:2026-09-09 06:04:55 489:489 SyncActivityProfilerHandler.cpp:59] profiler_stop

   - EP:  10/16 | expanded dispatch: 78 GB/s (SO), 257 GB/s (SU), 1564.000 us, 401289408 bytes | copy: 2741 GB/s, 329.209 us
   - EP:   9/16 | expanded dispatch: 78 GB/s (SO), 255 GB/s (SU), 1564.000 us, 398795904 bytes | copy: 2788 GB/s, 321.109 us
   - EP:  15/16 | expanded dispatch: 78 GB/s (SO), 257 GB/s (SU), 1564.000 us, 401903424 bytes | copy: 2764 GB/s, 327.178 us
   - EP:  13/16 | expanded dispatch: 78 GB/s (SO), 255 GB/s (SU), 1564.000 us, 398728512 bytes | copy: 2720 GB/s, 329.904 us
   - EP:  14/16 | expanded dispatch: 78 GB/s (SO), 256 GB/s (SU), 1564.000 us, 400525632 bytes | copy: 2739 GB/s, 329.354 us
   - EP:  11/16 | expanded dispatch: 78 GB/s (SO), 256 GB/s (SU), 1564.000 us, 400203648 bytes | copy: 2796 GB/s, 322.302 us
   - EP:  12/16 | expanded dispatch: 78 GB/s (SO), 257 GB/s (SU), 1564.000 us, 401401728 bytes | copy: 2782 GB/s, 324.811 us
   - EP:   8/16 | expanded dispatch: 78 GB/s (SO), 256 GB/s (SU), 1564.000 us, 400166208 bytes | copy: 2826 GB/s, 319.301 us
USDT:2026-09-09 06:04:56 486:486 SyncActivityProfilerHandler.cpp:52] profiler_startUSDT:2026-09-09 06:04:56 488:488 SyncActivityProfilerHandler.cpp:52] profiler_start

USDT:2026-09-09 06:04:56 490:490 SyncActivityProfilerHandler.cpp:52] profiler_start
USDT:2026-09-09 06:04:56 493:493 SyncActivityProfilerHandler.cpp:52] profiler_startUSDT:2026-09-09 06:04:56 487:487 SyncActivityProfilerHandler.cpp:52] profiler_start
USDT:2026-09-09 06:04:56 491:491 SyncActivityProfilerHandler.cpp:52] profiler_start
USDT:2026-09-09 06:04:56 489:489 SyncActivityProfilerHandler.cpp:52] profiler_start

USDT:2026-09-09 06:04:56 492:492 SyncActivityProfilerHandler.cpp:52] profiler_start
USDT:2026-09-09 06:04:56 491:491 SyncActivityProfilerHandler.cpp:59] profiler_stopUSDT:2026-09-09 06:04:56 488:488 SyncActivityProfilerHandler.cpp:59] profiler_stopUSDT:2026-09-09 06:04:56 492:492 SyncActivityProfilerHandler.cpp:59] profiler_stop


USDT:2026-09-09 06:04:56 493:493 SyncActivityProfilerHandler.cpp:59] profiler_stop
USDT:2026-09-09 06:04:56 490:490 SyncActivityProfilerHandler.cpp:59] profiler_stop
USDT:2026-09-09 06:04:56 486:486 SyncActivityProfilerHandler.cpp:59] profiler_stop
USDT:2026-09-09 06:04:56 487:487 SyncActivityProfilerHandler.cpp:59] profiler_stop
USDT:2026-09-09 06:04:56 489:489 SyncActivityProfilerHandler.cpp:59] profiler_stop
   # EP:  10/16 | cached dispatch: 75 GB/s (SO), 246 GB/s (SU), 1632.000 us, 401289408 bytes | copy: 3261 GB/s, 246.123 us
   # EP:  15/16 | cached dispatch: 75 GB/s (SO), 246 GB/s (SU), 1632.000 us, 401903424 bytes | copy: 3286 GB/s, 244.603 us
   # EP:   8/16 | cached dispatch: 75 GB/s (SO), 245 GB/s (SU), 1632.000 us, 400166208 bytes | copy: 3311 GB/s, 241.685 us
   # EP:  11/16 | cached dispatch: 75 GB/s (SO), 245 GB/s (SU), 1632.000 us, 400203648 bytes | copy: 3279 GB/s, 244.076 us
   # EP:  13/16 | cached dispatch: 75 GB/s (SO), 244 GB/s (SU), 1632.000 us, 398728512 bytes | copy: 3327 GB/s, 239.673 us
   # EP:   9/16 | cached dispatch: 75 GB/s (SO), 244 GB/s (SU), 1632.000 us, 398795904 bytes | copy: 3248 GB/s, 245.550 us
   # EP:  12/16 | cached dispatch: 75 GB/s (SO), 246 GB/s (SU), 1632.000 us, 401401728 bytes | copy: 3313 GB/s, 242.355 us
   # EP:  14/16 | cached dispatch: 75 GB/s (SO), 245 GB/s (SU), 1632.000 us, 400525632 bytes | copy: 3261 GB/s, 245.672 us
USDT:2026-09-09 06:04:57 492:492 SyncActivityProfilerHandler.cpp:52] profiler_start
USDT:2026-09-09 06:04:57 490:490 SyncActivityProfilerHandler.cpp:52] profiler_start
USDT:2026-09-09 06:04:57 487:487 SyncActivityProfilerHandler.cpp:52] profiler_startUSDT:2026-09-09 06:04:57 488:488 SyncActivityProfilerHandler.cpp:52] profiler_start

USDT:2026-09-09 06:04:57 491:491 SyncActivityProfilerHandler.cpp:52] profiler_startUSDT:2026-09-09 06:04:57 486:486 SyncActivityProfilerHandler.cpp:52] profiler_start

USDT:2026-09-09 06:04:57 493:493 SyncActivityProfilerHandler.cpp:52] profiler_startUSDT:2026-09-09 06:04:57 489:489 SyncActivityProfilerHandler.cpp:52] profiler_start

USDT:2026-09-09 06:04:57 492:492 SyncActivityProfilerHandler.cpp:59] profiler_stopUSDT:2026-09-09 06:04:57 488:488 SyncActivityProfilerHandler.cpp:59] profiler_stopUSDT:2026-09-09 06:04:57 491:491 SyncActivityProfilerHandler.cpp:59] profiler_stop


USDT:2026-09-09 06:04:57 490:490 SyncActivityProfilerHandler.cpp:59] profiler_stop
USDT:2026-09-09 06:04:57 486:486 SyncActivityProfilerHandler.cpp:59] profiler_stopUSDT:2026-09-09 06:04:57 493:493 SyncActivityProfilerHandler.cpp:59] profiler_stop

USDT:2026-09-09 06:04:57 489:489 SyncActivityProfilerHandler.cpp:59] profiler_stop
USDT:2026-09-09 06:04:57 487:487 SyncActivityProfilerHandler.cpp:59] profiler_stop
   @ EP:  14/16 | combine: 63 GB/s (SO), 208 GB/s (SU), 3699.000 us, 768529952 bytes | reduce: 3680 GB/s, 95.606 us
   @ EP:  10/16 | combine: 62 GB/s (SO), 205 GB/s (SU), 3752.000 us, 769995488 bytes | reduce: 3657 GB/s, 96.236 us
   @ EP:   8/16 | combine: 62 GB/s (SO), 204 GB/s (SU), 3760.000 us, 767840288 bytes | reduce: 3660 GB/s, 96.175 us
   @ EP:  13/16 | combine: 63 GB/s (SO), 205 GB/s (SU), 3736.000 us, 765081632 bytes | reduce: 3652 GB/s, 96.348 us
   @ EP:  12/16 | combine: 63 GB/s (SO), 206 GB/s (SU), 3734.000 us, 770211008 bytes | reduce: 3653 GB/s, 96.294 us
   @ EP:  15/16 | combine: 62 GB/s (SO), 206 GB/s (SU), 3752.000 us, 771173664 bytes | reduce: 3656 GB/s, 96.138 us
   @ EP:   9/16 | combine: 63 GB/s (SO), 205 GB/s (SU), 3741.000 us, 765210944 bytes | reduce: 3655 GB/s, 96.282 us
   @ EP:  11/16 | combine: 63 GB/s (SO), 205 GB/s (SU), 3738.000 us, 767912128 bytes | reduce: 3655 GB/s, 96.260 us
USDT:2026-09-09 06:04:58 486:486 SyncActivityProfilerHandler.cpp:52] profiler_start
USDT:2026-09-09 06:04:58 488:488 SyncActivityProfilerHandler.cpp:52] profiler_start
USDT:2026-09-09 06:04:58 493:493 SyncActivityProfilerHandler.cpp:52] profiler_start
USDT:2026-09-09 06:04:58 487:487 SyncActivityProfilerHandler.cpp:52] profiler_start
USDT:2026-09-09 06:04:58 490:490 SyncActivityProfilerHandler.cpp:52] profiler_start
USDT:2026-09-09 06:04:58 489:489 SyncActivityProfilerHandler.cpp:52] profiler_start
USDT:2026-09-09 06:04:58 492:492 SyncActivityProfilerHandler.cpp:52] profiler_start
USDT:2026-09-09 06:04:58 491:491 SyncActivityProfilerHandler.cpp:52] profiler_start
USDT:2026-09-09 06:04:58 486:486 SyncActivityProfilerHandler.cpp:59] profiler_stop
USDT:2026-09-09 06:04:58 493:493 SyncActivityProfilerHandler.cpp:59] profiler_stop
USDT:2026-09-09 06:04:58 488:488 SyncActivityProfilerHandler.cpp:59] profiler_stop
USDT:2026-09-09 06:04:58 487:487 SyncActivityProfilerHandler.cpp:59] profiler_stop
USDT:2026-09-09 06:04:58 490:490 SyncActivityProfilerHandler.cpp:59] profiler_stop
USDT:2026-09-09 06:04:58 489:489 SyncActivityProfilerHandler.cpp:59] profiler_stop
USDT:2026-09-09 06:04:58 492:492 SyncActivityProfilerHandler.cpp:59] profiler_stop
USDT:2026-09-09 06:04:58 491:491 SyncActivityProfilerHandler.cpp:59] profiler_stop
   + EP:   8/16 | reduced combine: 59 GB/s (SO), 193 GB/s (SU), 3979.000 us, 767840288 bytes | reduce: 3682 GB/s, 95.596 us
   + EP:  10/16 | reduced combine: 58 GB/s (SO), 191 GB/s (SU), 4028.000 us, 769995488 bytes | reduce: 3684 GB/s, 95.531 us
   + EP:  14/16 | reduced combine: 56 GB/s (SO), 185 GB/s (SU), 4158.000 us, 768529952 bytes | reduce: 3697 GB/s, 95.157 us
   + EP:  15/16 | reduced combine: 58 GB/s (SO), 192 GB/s (SU), 4019.000 us, 771173664 bytes | reduce: 3685 GB/s, 95.372 us
   + EP:   9/16 | reduced combine: 57 GB/s (SO), 188 GB/s (SU), 4079.000 us, 765210944 bytes | reduce: 3681 GB/s, 95.604 us
   + EP:  12/16 | reduced combine: 57 GB/s (SO), 188 GB/s (SU), 4104.000 us, 770211008 bytes | reduce: 3683 GB/s, 95.510 us
   + EP:  13/16 | reduced combine: 55 GB/s (SO), 179 GB/s (SU), 4271.000 us, 765081632 bytes | reduce: 3686 GB/s, 95.446 us
   + EP:  11/16 | reduced combine: 57 GB/s (SO), 187 GB/s (SU), 4103.000 us, 767912128 bytes | reduce: 3684 GB/s, 95.501 us


