=== EP_NIC_NAME=rdmap110s0 (auto, 200 Gb/s) ===
=== GIN: NCCL_GIN_TYPE=5 NCCL_SYM_GIN_KERNELS_ENABLE=0 ===
=== PREFER_OVERLAP=0 (--prefer-overlap-with-compute) ===
=== IMAGE=deepep-v2-efa-official:sm90-bfbdd15  DeepEP=bfbdd15ff448783f877cb2210cb3246c8452b05e ===
+ docker run --rm --init --gpus all --privileged --network=host --ipc=host --ulimit memlock=-1 --ulimit stack=67108864 --device=/dev/infiniband --device=/dev/gdrdrv -v /sys/class/infiniband:/sys/class/infiniband:ro -e MASTER_ADDR=172.31.29.216 -e MASTER_PORT=8966 -e WORLD_SIZE=2 -e RANK=0 -e NCCL_DEBUG=WARN -e EP_NIC_NAME=rdmap110s0 -e NCCL_GIN_TYPE=5 -e NCCL_SYM_GIN_KERNELS_ENABLE=0 -e EP_NUM_SUB_PARTS=1 -e PYTHONUNBUFFERED=1 -e PYTHONFAULTHANDLER=1 deepep-v2-efa-official:sm90-bfbdd15 bash -lc 'timeout -s ABRT --kill-after=60 1800     python3 -u /opt/DeepEP/tests/elastic/test_ep.py     --num-processes=8 --num-tokens=128     --hidden=7168 --num-topk=8 --num-experts=256     --num-sms=12 --allow-hybrid-mode=1     --prefer-overlap-with-compute=0 --test-first-only      '

==========
== CUDA ==
==========

CUDA Version 13.0.2

Container image Copyright (c) 2016-2023, NVIDIA CORPORATION & AFFILIATES. All rights reserved.

This container image and its contents are governed by the NVIDIA Deep Learning Container License.
By pulling and using the container, you accept the terms and conditions of this license:
https://developer.nvidia.com/ngc/nvidia-deep-learning-container-license

A copy of this license is made available in this container at /NGC-DL-CONTAINER-LICENSE for your convenience.

NCCL version 2.31.2+cuda13.3
DeepEP hybrid kernel selection: unordered
DeepEP hybrid kernel selection: unordered
DeepEP hybrid kernel selection: unordered
DeepEP hybrid kernel selection: unordered
DeepEP hybrid kernel selection: unordered
DeepEP hybrid kernel selection: unordered
DeepEP hybrid kernel selection: unordered
DeepEP hybrid kernel selection: unordered
DeepEP hybrid kernel selection: unordered
DeepEP hybrid kernel selection: unordered
DeepEP hybrid kernel selection: unordered
DeepEP hybrid kernel selection: unordered
DeepEP hybrid kernel selection: unordered
DeepEP hybrid kernel selection: unordered
DeepEP hybrid kernel selection: unordered
DeepEP hybrid kernel selection: unordered
Config:
 > Ranks: 2 x 8
 > Experts: 8/256
 > Tokens: 128 (max: 128), hidden: 7168
 > #SM: 12, #QPs: 11/11

Running all test cases:
 > Testing with do_handle_copy=1, expert_alignment=128, use_fp8_dispatch=1, num_bias=0, with_previous_event=0, async_with_compute_stream=0, allocate_on_comm_stream=0 ...
USDT:2026-09-09 05:34:34 484:484 SyncActivityProfilerHandler.cpp:52] profiler_startUSDT:2026-09-09 05:34:34 481:481 SyncActivityProfilerHandler.cpp:52] profiler_startUSDT:2026-09-09 05:34:34 482:482 SyncActivityProfilerHandler.cpp:52] profiler_startUSDT:2026-09-09 05:34:34 486:486 SyncActivityProfilerHandler.cpp:52] profiler_startUSDT:2026-09-09 05:34:34 485:485 SyncActivityProfilerHandler.cpp:52] profiler_start
USDT:2026-09-09 05:34:34 487:487 SyncActivityProfilerHandler.cpp:52] profiler_start




USDT:2026-09-09 05:34:34 483:483 SyncActivityProfilerHandler.cpp:52] profiler_start
USDT:2026-09-09 05:34:34 488:488 SyncActivityProfilerHandler.cpp:52] profiler_start
USDT:2026-09-09 05:34:35 486:486 SyncActivityProfilerHandler.cpp:59] profiler_stopUSDT:2026-09-09 05:34:35 487:487 SyncActivityProfilerHandler.cpp:59] profiler_stopUSDT:2026-09-09 05:34:35 482:482 SyncActivityProfilerHandler.cpp:59] profiler_stop


USDT:2026-09-09 05:34:35 483:483 SyncActivityProfilerHandler.cpp:59] profiler_stop
USDT:2026-09-09 05:34:35 481:481 SyncActivityProfilerHandler.cpp:59] profiler_stopUSDT:2026-09-09 05:34:35 485:485 SyncActivityProfilerHandler.cpp:59] profiler_stopUSDT:2026-09-09 05:34:35 484:484 SyncActivityProfilerHandler.cpp:59] profiler_stop


USDT:2026-09-09 05:34:35 488:488 SyncActivityProfilerHandler.cpp:59] profiler_stop
   * EP:   6/16 | dispatch: 18 GB/s (SO), 59 GB/s (SU), 100.551 us, 5937984 bytes | copy: 2557 GB/s, 4.644 us
   * EP:   5/16 | dispatch: 18 GB/s (SO), 57 GB/s (SU), 100.540 us, 5705856 bytes | copy: 2449 GB/s, 4.659 us
   * EP:   0/16 | dispatch: 19 GB/s (SO), 57 GB/s (SU), 100.579 us, 5750784 bytes | copy: 2809 GB/s, 4.094 us
   * EP:   4/16 | dispatch: 18 GB/s (SO), 56 GB/s (SU), 100.649 us, 5623488 bytes | copy: 2410 GB/s, 4.667 us
   * EP:   3/16 | dispatch: 19 GB/s (SO), 58 GB/s (SU), 100.624 us, 5855616 bytes | copy: 2473 GB/s, 4.736 us
   * EP:   7/16 | dispatch: 18 GB/s (SO), 59 GB/s (SU), 100.765 us, 5937984 bytes | copy: 2691 GB/s, 4.414 us
   * EP:   1/16 | dispatch: 19 GB/s (SO), 57 GB/s (SU), 100.565 us, 5720832 bytes | copy: 2692 GB/s, 4.251 us
   * EP:   2/16 | dispatch: 19 GB/s (SO), 58 GB/s (SU), 100.607 us, 5840640 bytes | copy: 2535 GB/s, 4.608 us
USDT:2026-09-09 05:34:35 486:486 SyncActivityProfilerHandler.cpp:52] profiler_startUSDT:2026-09-09 05:34:35 484:484 SyncActivityProfilerHandler.cpp:52] profiler_start

USDT:2026-09-09 05:34:35 482:482 SyncActivityProfilerHandler.cpp:52] profiler_startUSDT:2026-09-09 05:34:35 485:485 SyncActivityProfilerHandler.cpp:52] profiler_startUSDT:2026-09-09 05:34:35 483:483 SyncActivityProfilerHandler.cpp:52] profiler_start
USDT:2026-09-09 05:34:35 481:481 SyncActivityProfilerHandler.cpp:52] profiler_startUSDT:2026-09-09 05:34:35 487:487 SyncActivityProfilerHandler.cpp:52] profiler_start



USDT:2026-09-09 05:34:35 488:488 SyncActivityProfilerHandler.cpp:52] profiler_start
USDT:2026-09-09 05:34:35 483:483 SyncActivityProfilerHandler.cpp:59] profiler_stopUSDT:2026-09-09 05:34:35 484:484 SyncActivityProfilerHandler.cpp:59] profiler_stop
USDT:2026-09-09 05:34:35 481:481 SyncActivityProfilerHandler.cpp:59] profiler_stop
USDT:2026-09-09 05:34:35 482:482 SyncActivityProfilerHandler.cpp:59] profiler_stop

USDT:2026-09-09 05:34:35 488:488 SyncActivityProfilerHandler.cpp:59] profiler_stopUSDT:2026-09-09 05:34:35 486:486 SyncActivityProfilerHandler.cpp:59] profiler_stopUSDT:2026-09-09 05:34:35 485:485 SyncActivityProfilerHandler.cpp:59] profiler_stop


USDT:2026-09-09 05:34:35 487:487 SyncActivityProfilerHandler.cpp:59] profiler_stop
   - EP:   4/16 | expanded dispatch: 18 GB/s (SO), 56 GB/s (SU), 100.261 us, 5623488 bytes | copy: 3366 GB/s, 6.076 us
   - EP:   7/16 | expanded dispatch: 18 GB/s (SO), 59 GB/s (SU), 100.430 us, 5937984 bytes | copy: 3149 GB/s, 6.578 us
   - EP:   3/16 | expanded dispatch: 19 GB/s (SO), 58 GB/s (SU), 100.246 us, 5855616 bytes | copy: 3260 GB/s, 6.339 us
   - EP:   5/16 | expanded dispatch: 18 GB/s (SO), 57 GB/s (SU), 100.220 us, 5705856 bytes | copy: 3455 GB/s, 5.945 us
   - EP:   0/16 | expanded dispatch: 19 GB/s (SO), 57 GB/s (SU), 100.170 us, 5750784 bytes | copy: 3683 GB/s, 5.590 us
   - EP:   6/16 | expanded dispatch: 18 GB/s (SO), 59 GB/s (SU), 100.228 us, 5937984 bytes | copy: 3093 GB/s, 6.735 us
   - EP:   1/16 | expanded dispatch: 19 GB/s (SO), 57 GB/s (SU), 100.300 us, 5720832 bytes | copy: 3315 GB/s, 6.189 us
   - EP:   2/16 | expanded dispatch: 19 GB/s (SO), 58 GB/s (SU), 100.250 us, 5840640 bytes | copy: 3295 GB/s, 6.282 us
USDT:2026-09-09 05:34:36 486:486 SyncActivityProfilerHandler.cpp:52] profiler_startUSDT:2026-09-09 05:34:36 482:482 SyncActivityProfilerHandler.cpp:52] profiler_startUSDT:2026-09-09 05:34:36 481:481 SyncActivityProfilerHandler.cpp:52] profiler_startUSDT:2026-09-09 05:34:36 483:483 SyncActivityProfilerHandler.cpp:52] profiler_startUSDT:2026-09-09 05:34:36 487:487 SyncActivityProfilerHandler.cpp:52] profiler_start

USDT:2026-09-09 05:34:36 484:484 SyncActivityProfilerHandler.cpp:52] profiler_start
USDT:2026-09-09 05:34:36 488:488 SyncActivityProfilerHandler.cpp:52] profiler_startUSDT:2026-09-09 05:34:36 485:485 SyncActivityProfilerHandler.cpp:52] profiler_start




USDT:2026-09-09 05:34:36 483:483 SyncActivityProfilerHandler.cpp:59] profiler_stop
USDT:2026-09-09 05:34:36 488:488 SyncActivityProfilerHandler.cpp:59] profiler_stopUSDT:2026-09-09 05:34:36 484:484 SyncActivityProfilerHandler.cpp:59] profiler_stop
USDT:2026-09-09 05:34:36 481:481 SyncActivityProfilerHandler.cpp:59] profiler_stopUSDT:2026-09-09 05:34:36 482:482 SyncActivityProfilerHandler.cpp:59] profiler_stop


USDT:2026-09-09 05:34:36 485:485 SyncActivityProfilerHandler.cpp:59] profiler_stopUSDT:2026-09-09 05:34:36 486:486 SyncActivityProfilerHandler.cpp:59] profiler_stop

USDT:2026-09-09 05:34:36 487:487 SyncActivityProfilerHandler.cpp:59] profiler_stop
   # EP:   1/16 | cached dispatch: 19 GB/s (SO), 58 GB/s (SU), 97.944 us, 5720832 bytes | copy: 1669 GB/s, 6.857 us
   # EP:   0/16 | cached dispatch: 20 GB/s (SO), 59 GB/s (SU), 97.868 us, 5750784 bytes | copy: 1776 GB/s, 6.477 us
   # EP:   7/16 | cached dispatch: 18 GB/s (SO), 61 GB/s (SU), 98.035 us, 5937984 bytes | copy: 1365 GB/s, 8.700 us
   # EP:   4/16 | cached dispatch: 19 GB/s (SO), 57 GB/s (SU), 97.913 us, 5623488 bytes | copy: 1706 GB/s, 6.591 us
   # EP:   2/16 | cached dispatch: 19 GB/s (SO), 60 GB/s (SU), 97.872 us, 5840640 bytes | copy: 1583 GB/s, 7.381 us
   # EP:   5/16 | cached dispatch: 19 GB/s (SO), 58 GB/s (SU), 97.828 us, 5705856 bytes | copy: 1564 GB/s, 7.298 us
   # EP:   3/16 | cached dispatch: 19 GB/s (SO), 60 GB/s (SU), 97.918 us, 5855616 bytes | copy: 1436 GB/s, 8.155 us
   # EP:   6/16 | cached dispatch: 18 GB/s (SO), 61 GB/s (SU), 97.868 us, 5937984 bytes | copy: 1660 GB/s, 7.153 us
USDT:2026-09-09 05:34:37 486:486 SyncActivityProfilerHandler.cpp:52] profiler_startUSDT:2026-09-09 05:34:37 482:482 SyncActivityProfilerHandler.cpp:52] profiler_startUSDT:2026-09-09 05:34:37 484:484 SyncActivityProfilerHandler.cpp:52] profiler_startUSDT:2026-09-09 05:34:37 485:485 SyncActivityProfilerHandler.cpp:52] profiler_startUSDT:2026-09-09 05:34:37 488:488 SyncActivityProfilerHandler.cpp:52] profiler_start

USDT:2026-09-09 05:34:37 481:481 SyncActivityProfilerHandler.cpp:52] profiler_start
USDT:2026-09-09 05:34:37 483:483 SyncActivityProfilerHandler.cpp:52] profiler_startUSDT:2026-09-09 05:34:37 487:487 SyncActivityProfilerHandler.cpp:52] profiler_start




USDT:2026-09-09 05:34:37 485:485 SyncActivityProfilerHandler.cpp:59] profiler_stopUSDT:2026-09-09 05:34:37 482:482 SyncActivityProfilerHandler.cpp:59] profiler_stopUSDT:2026-09-09 05:34:37 483:483 SyncActivityProfilerHandler.cpp:59] profiler_stopUSDT:2026-09-09 05:34:37 488:488 SyncActivityProfilerHandler.cpp:59] profiler_stopUSDT:2026-09-09 05:34:37 481:481 SyncActivityProfilerHandler.cpp:59] profiler_stopUSDT:2026-09-09 05:34:37 487:487 SyncActivityProfilerHandler.cpp:59] profiler_stop
USDT:2026-09-09 05:34:37 484:484 SyncActivityProfilerHandler.cpp:59] profiler_stop





USDT:2026-09-09 05:34:37 486:486 SyncActivityProfilerHandler.cpp:59] profiler_stop
   @ EP:   0/16 | combine: 23 GB/s (SO), 69 GB/s (SU), 160.836 us, 11034624 bytes | reduce: 1137 GB/s, 4.838 us
   @ EP:   4/16 | combine: 22 GB/s (SO), 68 GB/s (SU), 158.651 us, 10790368 bytes | reduce: 1070 GB/s, 4.969 us
   @ EP:   7/16 | combine: 22 GB/s (SO), 72 GB/s (SU), 157.335 us, 11393824 bytes | reduce: 1077 GB/s, 4.843 us
   @ EP:   1/16 | combine: 23 GB/s (SO), 68 GB/s (SU), 160.856 us, 10977152 bytes | reduce: 1117 GB/s, 4.900 us
   @ EP:   3/16 | combine: 22 GB/s (SO), 70 GB/s (SU), 160.297 us, 11235776 bytes | reduce: 1092 GB/s, 4.936 us
   @ EP:   2/16 | combine: 23 GB/s (SO), 70 GB/s (SU), 160.334 us, 11207040 bytes | reduce: 1135 GB/s, 4.786 us
   @ EP:   5/16 | combine: 22 GB/s (SO), 70 GB/s (SU), 157.321 us, 10948416 bytes | reduce: 1111 GB/s, 4.761 us
   @ EP:   6/16 | combine: 22 GB/s (SO), 72 GB/s (SU), 158.087 us, 11393824 bytes | reduce: 1070 GB/s, 4.875 us
USDT:2026-09-09 05:34:37 487:487 SyncActivityProfilerHandler.cpp:52] profiler_startUSDT:2026-09-09 05:34:37 483:483 SyncActivityProfilerHandler.cpp:52] profiler_startUSDT:2026-09-09 05:34:37 481:481 SyncActivityProfilerHandler.cpp:52] profiler_startUSDT:2026-09-09 05:34:37 485:485 SyncActivityProfilerHandler.cpp:52] profiler_startUSDT:2026-09-09 05:34:37 482:482 SyncActivityProfilerHandler.cpp:52] profiler_startUSDT:2026-09-09 05:34:37 484:484 SyncActivityProfilerHandler.cpp:52] profiler_startUSDT:2026-09-09 05:34:37 486:486 SyncActivityProfilerHandler.cpp:52] profiler_start






USDT:2026-09-09 05:34:37 488:488 SyncActivityProfilerHandler.cpp:52] profiler_start
USDT:2026-09-09 05:34:38 487:487 SyncActivityProfilerHandler.cpp:59] profiler_stop
USDT:2026-09-09 05:34:38 485:485 SyncActivityProfilerHandler.cpp:59] profiler_stop
USDT:2026-09-09 05:34:38 483:483 SyncActivityProfilerHandler.cpp:59] profiler_stopUSDT:2026-09-09 05:34:38 482:482 SyncActivityProfilerHandler.cpp:59] profiler_stop

USDT:2026-09-09 05:34:38 486:486 SyncActivityProfilerHandler.cpp:59] profiler_stop
USDT:2026-09-09 05:34:38 481:481 SyncActivityProfilerHandler.cpp:59] profiler_stopUSDT:2026-09-09 05:34:38 484:484 SyncActivityProfilerHandler.cpp:59] profiler_stop
USDT:2026-09-09 05:34:38 488:488 SyncActivityProfilerHandler.cpp:59] profiler_stop

   + EP:   2/16 | reduced combine: 21 GB/s (SO), 64 GB/s (SU), 175.832 us, 11207040 bytes | reduce: 1167 GB/s, 4.653 us
   + EP:   0/16 | reduced combine: 21 GB/s (SO), 62 GB/s (SU), 178.115 us, 11034624 bytes | reduce: 1181 GB/s, 4.661 us
   + EP:   4/16 | reduced combine: 20 GB/s (SO), 61 GB/s (SU), 176.854 us, 10790368 bytes | reduce: 1046 GB/s, 5.082 us
   + EP:   6/16 | reduced combine: 20 GB/s (SO), 65 GB/s (SU), 175.706 us, 11393824 bytes | reduce: 1110 GB/s, 4.697 us
   + EP:   7/16 | reduced combine: 20 GB/s (SO), 65 GB/s (SU), 174.908 us, 11393824 bytes | reduce: 1093 GB/s, 4.772 us   + EP:   1/16 | reduced combine: 21 GB/s (SO), 62 GB/s (SU), 177.825 us, 10977152 bytes | reduce: 1033 GB/s, 5.299 us

   + EP:   3/16 | reduced combine: 20 GB/s (SO), 64 GB/s (SU), 176.922 us, 11235776 bytes | reduce: 1106 GB/s, 4.873 us
   + EP:   5/16 | reduced combine: 20 GB/s (SO), 62 GB/s (SU), 175.301 us, 10948416 bytes | reduce: 1123 GB/s, 4.708 us


