=== EP_NIC_NAME=rdmap110s0 (auto, 200 Gb/s) ===
=== GIN: NCCL_GIN_TYPE=5 NCCL_SYM_GIN_KERNELS_ENABLE=0 ===
=== PREFER_OVERLAP=0 (--prefer-overlap-with-compute) ===
=== IMAGE=deepep-v2-efa-official:sm90-bfbdd15  DeepEP=bfbdd15ff448783f877cb2210cb3246c8452b05e ===
+ docker run --rm --init --gpus all --privileged --network=host --ipc=host --ulimit memlock=-1 --ulimit stack=67108864 --device=/dev/infiniband --device=/dev/gdrdrv -v /sys/class/infiniband:/sys/class/infiniband:ro -e MASTER_ADDR=172.31.28.159 -e MASTER_PORT=8920 -e WORLD_SIZE=4 -e RANK=1 -e NCCL_DEBUG=WARN -e EP_NIC_NAME=rdmap110s0 -e NCCL_GIN_TYPE=5 -e NCCL_SYM_GIN_KERNELS_ENABLE=0 -e EP_NUM_SUB_PARTS=1 -e PYTHONUNBUFFERED=1 -e PYTHONFAULTHANDLER=1 deepep-v2-efa-official:sm90-bfbdd15 bash -lc 'timeout -s ABRT --kill-after=60 1800     python3 -u /opt/DeepEP/tests/elastic/test_ep.py     --num-processes=8 --num-tokens=8192     --hidden=7168 --num-topk=8 --num-experts=256     --num-sms=12 --allow-hybrid-mode=1     --prefer-overlap-with-compute=0 --test-first-only      '

==========
== CUDA ==
==========

CUDA Version 13.0.2

Container image Copyright (c) 2016-2023, NVIDIA CORPORATION & AFFILIATES. All rights reserved.

This container image and its contents are governed by the NVIDIA Deep Learning Container License.
By pulling and using the container, you accept the terms and conditions of this license:
https://developer.nvidia.com/ngc/nvidia-deep-learning-container-license

A copy of this license is made available in this container at /NGC-DL-CONTAINER-LICENSE for your convenience.

DeepEP hybrid kernel selection: unordered
DeepEP hybrid kernel selection: unordered
DeepEP hybrid kernel selection: unordered
DeepEP hybrid kernel selection: unordered
DeepEP hybrid kernel selection: unordered
DeepEP hybrid kernel selection: unordered
DeepEP hybrid kernel selection: unordered
DeepEP hybrid kernel selection: unordered
DeepEP hybrid kernel selection: unordered
DeepEP hybrid kernel selection: unordered
DeepEP hybrid kernel selection: unordered
DeepEP hybrid kernel selection: unordered
DeepEP hybrid kernel selection: unordered
DeepEP hybrid kernel selection: unordered
DeepEP hybrid kernel selection: unordered
DeepEP hybrid kernel selection: unordered
Config:
 > Ranks: 4 x 8
 > Experts: 8/256
 > Tokens: 8184 (max: 8192), hidden: 7168
 > #SM: 12, #QPs: 11/11

Running all test cases:
 > Testing with do_handle_copy=1, expert_alignment=128, use_fp8_dispatch=1, num_bias=0, with_previous_event=0, async_with_compute_stream=0, allocate_on_comm_stream=0 ...
USDT:2026-09-09 04:59:45 492:492 SyncActivityProfilerHandler.cpp:52] profiler_startUSDT:2026-09-09 04:59:45 487:487 SyncActivityProfilerHandler.cpp:52] profiler_startUSDT:2026-09-09 04:59:45 490:490 SyncActivityProfilerHandler.cpp:52] profiler_startUSDT:2026-09-09 04:59:45 491:491 SyncActivityProfilerHandler.cpp:52] profiler_startUSDT:2026-09-09 04:59:45 493:493 SyncActivityProfilerHandler.cpp:52] profiler_start



USDT:2026-09-09 04:59:45 489:489 SyncActivityProfilerHandler.cpp:52] profiler_start

USDT:2026-09-09 04:59:45 494:494 SyncActivityProfilerHandler.cpp:52] profiler_start
USDT:2026-09-09 04:59:45 488:488 SyncActivityProfilerHandler.cpp:52] profiler_start
USDT:2026-09-09 04:59:45 489:489 SyncActivityProfilerHandler.cpp:59] profiler_stopUSDT:2026-09-09 04:59:45 490:490 SyncActivityProfilerHandler.cpp:59] profiler_stopUSDT:2026-09-09 04:59:45 493:493 SyncActivityProfilerHandler.cpp:59] profiler_stop
USDT:2026-09-09 04:59:45 487:487 SyncActivityProfilerHandler.cpp:59] profiler_stopUSDT:2026-09-09 04:59:45 492:492 SyncActivityProfilerHandler.cpp:59] profiler_stop



USDT:2026-09-09 04:59:45 494:494 SyncActivityProfilerHandler.cpp:59] profiler_stopUSDT:2026-09-09 04:59:45 488:488 SyncActivityProfilerHandler.cpp:59] profiler_stop

USDT:2026-09-09 04:59:45 491:491 SyncActivityProfilerHandler.cpp:59] profiler_stop
   * EP:  11/32 | dispatch: 56 GB/s (SO), 112 GB/s (SU), 3979.000 us, 446112576 bytes | copy: 2782 GB/s, 320.694 us
   * EP:  13/32 | dispatch: 56 GB/s (SO), 112 GB/s (SU), 3979.000 us, 445513536 bytes | copy: 2910 GB/s, 306.246 us
   * EP:  10/32 | dispatch: 56 GB/s (SO), 112 GB/s (SU), 3979.000 us, 443776320 bytes | copy: 2629 GB/s, 337.655 us
   * EP:  14/32 | dispatch: 56 GB/s (SO), 112 GB/s (SU), 3979.000 us, 444255552 bytes | copy: 2462 GB/s, 360.886 us
   * EP:   8/32 | dispatch: 56 GB/s (SO), 111 GB/s (SU), 3979.000 us, 442668096 bytes | copy: 2747 GB/s, 322.301 us
   * EP:   9/32 | dispatch: 56 GB/s (SO), 112 GB/s (SU), 3979.000 us, 444158208 bytes | copy: 2781 GB/s, 319.472 us
   * EP:  12/32 | dispatch: 56 GB/s (SO), 112 GB/s (SU), 3979.000 us, 445917888 bytes | copy: 2785 GB/s, 320.171 us
   * EP:  15/32 | dispatch: 55 GB/s (SO), 112 GB/s (SU), 3979.000 us, 444629952 bytes | copy: 2613 GB/s, 340.363 us
USDT:2026-09-09 04:59:46 487:487 SyncActivityProfilerHandler.cpp:52] profiler_startUSDT:2026-09-09 04:59:46 490:490 SyncActivityProfilerHandler.cpp:52] profiler_startUSDT:2026-09-09 04:59:46 489:489 SyncActivityProfilerHandler.cpp:52] profiler_startUSDT:2026-09-09 04:59:46 493:493 SyncActivityProfilerHandler.cpp:52] profiler_start
USDT:2026-09-09 04:59:46 491:491 SyncActivityProfilerHandler.cpp:52] profiler_startUSDT:2026-09-09 04:59:46 492:492 SyncActivityProfilerHandler.cpp:52] profiler_start
USDT:2026-09-09 04:59:46 494:494 SyncActivityProfilerHandler.cpp:52] profiler_start

USDT:2026-09-09 04:59:46 488:488 SyncActivityProfilerHandler.cpp:52] profiler_start



USDT:2026-09-09 04:59:46 489:489 SyncActivityProfilerHandler.cpp:59] profiler_stopUSDT:2026-09-09 04:59:46 490:490 SyncActivityProfilerHandler.cpp:59] profiler_stopUSDT:2026-09-09 04:59:46 493:493 SyncActivityProfilerHandler.cpp:59] profiler_stopUSDT:2026-09-09 04:59:46 492:492 SyncActivityProfilerHandler.cpp:59] profiler_stop
USDT:2026-09-09 04:59:46 488:488 SyncActivityProfilerHandler.cpp:59] profiler_stop

USDT:2026-09-09 04:59:46 487:487 SyncActivityProfilerHandler.cpp:59] profiler_stop

USDT:2026-09-09 04:59:46 494:494 SyncActivityProfilerHandler.cpp:59] profiler_stop
USDT:2026-09-09 04:59:46 491:491 SyncActivityProfilerHandler.cpp:59] profiler_stop

   - EP:  10/32 | expanded dispatch: 56 GB/s (SO), 112 GB/s (SU), 3976.000 us, 443776320 bytes | copy: 2427 GB/s, 386.347 us
   - EP:  11/32 | expanded dispatch: 56 GB/s (SO), 112 GB/s (SU), 3976.000 us, 446112576 bytes | copy: 2535 GB/s, 371.440 us
   - EP:  13/32 | expanded dispatch: 56 GB/s (SO), 112 GB/s (SU), 3976.000 us, 445513536 bytes | copy: 2513 GB/s, 374.966 us
   - EP:  14/32 | expanded dispatch: 56 GB/s (SO), 112 GB/s (SU), 3976.000 us, 444255552 bytes | copy: 2486 GB/s, 377.493 us
   - EP:   8/32 | expanded dispatch: 56 GB/s (SO), 111 GB/s (SU), 3976.000 us, 442668096 bytes | copy: 2504 GB/s, 374.156 us
   - EP:   9/32 | expanded dispatch: 56 GB/s (SO), 112 GB/s (SU), 3976.000 us, 444158208 bytes | copy: 2579 GB/s, 364.157 us
   - EP:  15/32 | expanded dispatch: 56 GB/s (SO), 112 GB/s (SU), 3977.000 us, 444629952 bytes | copy: 2634 GB/s, 357.059 us
   - EP:  12/32 | expanded dispatch: 56 GB/s (SO), 112 GB/s (SU), 3976.000 us, 445917888 bytes | copy: 2397 GB/s, 392.870 us
USDT:2026-09-09 04:59:47 489:489 SyncActivityProfilerHandler.cpp:52] profiler_startUSDT:2026-09-09 04:59:47 487:487 SyncActivityProfilerHandler.cpp:52] profiler_startUSDT:2026-09-09 04:59:47 490:490 SyncActivityProfilerHandler.cpp:52] profiler_startUSDT:2026-09-09 04:59:47 488:488 SyncActivityProfilerHandler.cpp:52] profiler_startUSDT:2026-09-09 04:59:47 494:494 SyncActivityProfilerHandler.cpp:52] profiler_start
USDT:2026-09-09 04:59:47 491:491 SyncActivityProfilerHandler.cpp:52] profiler_start




USDT:2026-09-09 04:59:47 493:493 SyncActivityProfilerHandler.cpp:52] profiler_startUSDT:2026-09-09 04:59:47 492:492 SyncActivityProfilerHandler.cpp:52] profiler_start

USDT:2026-09-09 04:59:47 489:489 SyncActivityProfilerHandler.cpp:59] profiler_stop
USDT:2026-09-09 04:59:47 488:488 SyncActivityProfilerHandler.cpp:59] profiler_stopUSDT:2026-09-09 04:59:47 494:494 SyncActivityProfilerHandler.cpp:59] profiler_stopUSDT:2026-09-09 04:59:47 493:493 SyncActivityProfilerHandler.cpp:59] profiler_stop


USDT:2026-09-09 04:59:47 492:492 SyncActivityProfilerHandler.cpp:59] profiler_stop
USDT:2026-09-09 04:59:47 490:490 SyncActivityProfilerHandler.cpp:59] profiler_stopUSDT:2026-09-09 04:59:47 487:487 SyncActivityProfilerHandler.cpp:59] profiler_stop

USDT:2026-09-09 04:59:47 491:491 SyncActivityProfilerHandler.cpp:59] profiler_stop
   # EP:  10/32 | cached dispatch: 52 GB/s (SO), 104 GB/s (SU), 4261.000 us, 443776320 bytes | copy: 2822 GB/s, 314.517 us
   # EP:   8/32 | cached dispatch: 52 GB/s (SO), 104 GB/s (SU), 4261.000 us, 442668096 bytes | copy: 2959 GB/s, 299.170 us
   # EP:  13/32 | cached dispatch: 52 GB/s (SO), 105 GB/s (SU), 4261.000 us, 445513536 bytes | copy: 2761 GB/s, 322.684 us
   # EP:  11/32 | cached dispatch: 52 GB/s (SO), 105 GB/s (SU), 4261.000 us, 446112576 bytes | copy: 2738 GB/s, 325.852 us
   # EP:  14/32 | cached dispatch: 52 GB/s (SO), 104 GB/s (SU), 4261.000 us, 444255552 bytes | copy: 2524 GB/s, 352.005 us
   # EP:   9/32 | cached dispatch: 52 GB/s (SO), 104 GB/s (SU), 4261.000 us, 444158208 bytes | copy: 2691 GB/s, 330.077 us
   # EP:  12/32 | cached dispatch: 52 GB/s (SO), 105 GB/s (SU), 4260.000 us, 445917888 bytes | copy: 2409 GB/s, 370.191 us
   # EP:  15/32 | cached dispatch: 52 GB/s (SO), 104 GB/s (SU), 4261.000 us, 444629952 bytes | copy: 2504 GB/s, 355.117 us
USDT:2026-09-09 04:59:48 489:489 SyncActivityProfilerHandler.cpp:52] profiler_start
USDT:2026-09-09 04:59:48 488:488 SyncActivityProfilerHandler.cpp:52] profiler_startUSDT:2026-09-09 04:59:48 492:492 SyncActivityProfilerHandler.cpp:52] profiler_start

USDT:2026-09-09 04:59:48 491:491 SyncActivityProfilerHandler.cpp:52] profiler_start
USDT:2026-09-09 04:59:48 487:487 SyncActivityProfilerHandler.cpp:52] profiler_start
USDT:2026-09-09 04:59:48 490:490 SyncActivityProfilerHandler.cpp:52] profiler_start
USDT:2026-09-09 04:59:48 493:493 SyncActivityProfilerHandler.cpp:52] profiler_start
USDT:2026-09-09 04:59:48 494:494 SyncActivityProfilerHandler.cpp:52] profiler_start
USDT:2026-09-09 04:59:48 494:494 SyncActivityProfilerHandler.cpp:59] profiler_stop
USDT:2026-09-09 04:59:48 491:491 SyncActivityProfilerHandler.cpp:59] profiler_stop
USDT:2026-09-09 04:59:48 489:489 SyncActivityProfilerHandler.cpp:59] profiler_stop
USDT:2026-09-09 04:59:48 490:490 SyncActivityProfilerHandler.cpp:59] profiler_stop
USDT:2026-09-09 04:59:48 488:488 SyncActivityProfilerHandler.cpp:59] profiler_stop
USDT:2026-09-09 04:59:48 493:493 SyncActivityProfilerHandler.cpp:59] profiler_stop
USDT:2026-09-09 04:59:48 492:492 SyncActivityProfilerHandler.cpp:59] profiler_stop
USDT:2026-09-09 04:59:48 487:487 SyncActivityProfilerHandler.cpp:59] profiler_stop
   @ EP:  11/32 | combine: 57 GB/s (SO), 115 GB/s (SU), 7470.000 us, 856002336 bytes | reduce: 3598 GB/s, 150.585 us
   @ EP:   8/32 | combine: 57 GB/s (SO), 113 GB/s (SU), 7489.000 us, 849393056 bytes | reduce: 3609 GB/s, 150.430 us
   @ EP:  12/32 | combine: 57 GB/s (SO), 115 GB/s (SU), 7448.000 us, 855628768 bytes | reduce: 3613 GB/s, 150.349 us
   @ EP:  13/32 | combine: 57 GB/s (SO), 115 GB/s (SU), 7463.000 us, 854852896 bytes | reduce: 3612 GB/s, 150.543 us
   @ EP:  15/32 | combine: 57 GB/s (SO), 114 GB/s (SU), 7455.000 us, 853157472 bytes | reduce: 3613 GB/s, 149.771 us
   @ EP:  14/32 | combine: 57 GB/s (SO), 114 GB/s (SU), 7485.000 us, 852439072 bytes | reduce: 3617 GB/s, 150.050 us
   @ EP:  10/32 | combine: 58 GB/s (SO), 116 GB/s (SU), 7330.000 us, 851519520 bytes | reduce: 3602 GB/s, 150.527 us
   @ EP:   9/32 | combine: 57 GB/s (SO), 115 GB/s (SU), 7437.000 us, 852252288 bytes | reduce: 3630 GB/s, 149.454 us
USDT:2026-09-09 04:59:49 488:488 SyncActivityProfilerHandler.cpp:52] profiler_start
USDT:2026-09-09 04:59:49 493:493 SyncActivityProfilerHandler.cpp:52] profiler_start
USDT:2026-09-09 04:59:49 489:489 SyncActivityProfilerHandler.cpp:52] profiler_start
USDT:2026-09-09 04:59:49 491:491 SyncActivityProfilerHandler.cpp:52] profiler_start
USDT:2026-09-09 04:59:49 490:490 SyncActivityProfilerHandler.cpp:52] profiler_start
USDT:2026-09-09 04:59:49 494:494 SyncActivityProfilerHandler.cpp:52] profiler_startUSDT:2026-09-09 04:59:49 487:487 SyncActivityProfilerHandler.cpp:52] profiler_start

USDT:2026-09-09 04:59:49 492:492 SyncActivityProfilerHandler.cpp:52] profiler_start
USDT:2026-09-09 04:59:50 493:493 SyncActivityProfilerHandler.cpp:59] profiler_stop
USDT:2026-09-09 04:59:50 494:494 SyncActivityProfilerHandler.cpp:59] profiler_stop
USDT:2026-09-09 04:59:50 487:487 SyncActivityProfilerHandler.cpp:59] profiler_stop
USDT:2026-09-09 04:59:50 492:492 SyncActivityProfilerHandler.cpp:59] profiler_stopUSDT:2026-09-09 04:59:50 488:488 SyncActivityProfilerHandler.cpp:59] profiler_stop

USDT:2026-09-09 04:59:50 491:491 SyncActivityProfilerHandler.cpp:59] profiler_stop
USDT:2026-09-09 04:59:50 490:490 SyncActivityProfilerHandler.cpp:59] profiler_stop
USDT:2026-09-09 04:59:50 489:489 SyncActivityProfilerHandler.cpp:59] profiler_stop
   + EP:  14/32 | reduced combine: 57 GB/s (SO), 114 GB/s (SU), 7479.000 us, 852439072 bytes | reduce: 3612 GB/s, 150.258 us
   + EP:  13/32 | reduced combine: 57 GB/s (SO), 114 GB/s (SU), 7492.000 us, 854852896 bytes | reduce: 3611 GB/s, 150.589 us
   + EP:  12/32 | reduced combine: 57 GB/s (SO), 115 GB/s (SU), 7457.000 us, 855628768 bytes | reduce: 3612 GB/s, 150.412 us   + EP:   9/32 | reduced combine: 58 GB/s (SO), 115 GB/s (SU), 7379.000 us, 852252288 bytes | reduce: 3623 GB/s, 149.738 us

   + EP:   8/32 | reduced combine: 57 GB/s (SO), 114 GB/s (SU), 7477.000 us, 849393056 bytes | reduce: 3609 GB/s, 150.448 us
   + EP:  11/32 | reduced combine: 57 GB/s (SO), 114 GB/s (SU), 7504.000 us, 856002336 bytes | reduce: 3591 GB/s, 150.863 us
   + EP:  10/32 | reduced combine: 57 GB/s (SO), 114 GB/s (SU), 7447.000 us, 851519520 bytes | reduce: 3607 GB/s, 150.287 us
   + EP:  15/32 | reduced combine: 57 GB/s (SO), 115 GB/s (SU), 7445.000 us, 853157472 bytes | reduce: 3615 GB/s, 149.691 us


