=== EP_NIC_NAME=rdmap110s0 (auto, 200 Gb/s) ===
=== GIN: NCCL_GIN_TYPE=5 NCCL_SYM_GIN_KERNELS_ENABLE=0 ===
=== PREFER_OVERLAP=0 (--prefer-overlap-with-compute) ===
=== IMAGE=deepep-v2-efa-official:sm90-bfbdd15  DeepEP=bfbdd15ff448783f877cb2210cb3246c8452b05e ===
+ docker run --rm --init --gpus all --privileged --network=host --ipc=host --ulimit memlock=-1 --ulimit stack=67108864 --device=/dev/infiniband --device=/dev/gdrdrv -v /sys/class/infiniband:/sys/class/infiniband:ro -e MASTER_ADDR=172.31.28.159 -e MASTER_PORT=8931 -e WORLD_SIZE=4 -e RANK=2 -e NCCL_DEBUG=WARN -e EP_NIC_NAME=rdmap110s0 -e NCCL_GIN_TYPE=5 -e NCCL_SYM_GIN_KERNELS_ENABLE=0 -e PYTHONUNBUFFERED=1 -e PYTHONFAULTHANDLER=1 deepep-v2-efa-official:sm90-bfbdd15 bash -lc 'timeout -s ABRT --kill-after=60 1800     python3 -u /opt/DeepEP/tests/elastic/test_ep.py     --num-processes=8 --num-tokens=128     --hidden=7168 --num-topk=8 --num-experts=256     --num-sms=12 --allow-hybrid-mode=1     --prefer-overlap-with-compute=0 --test-first-only      '

==========
== CUDA ==
==========

CUDA Version 13.0.2

Container image Copyright (c) 2016-2023, NVIDIA CORPORATION & AFFILIATES. All rights reserved.

This container image and its contents are governed by the NVIDIA Deep Learning Container License.
By pulling and using the container, you accept the terms and conditions of this license:
https://developer.nvidia.com/ngc/nvidia-deep-learning-container-license

A copy of this license is made available in this container at /NGC-DL-CONTAINER-LICENSE for your convenience.

DeepEP hybrid kernel selection: unordered
DeepEP hybrid kernel selection: unordered
DeepEP hybrid kernel selection: unordered
DeepEP hybrid kernel selection: unordered
DeepEP hybrid kernel selection: unordered
DeepEP hybrid kernel selection: unordered
DeepEP hybrid kernel selection: unordered
DeepEP hybrid kernel selection: unordered
DeepEP hybrid kernel selection: unordered
DeepEP hybrid kernel selection: unordered
DeepEP hybrid kernel selection: unordered
DeepEP hybrid kernel selection: unordered
DeepEP hybrid kernel selection: unordered
DeepEP hybrid kernel selection: unordered
DeepEP hybrid kernel selection: unordered
DeepEP hybrid kernel selection: unordered
Config:
 > Ranks: 4 x 8
 > Experts: 8/256
 > Tokens: 112 (max: 128), hidden: 7168
 > #SM: 12, #QPs: 11/11

Running all test cases:
 > Testing with do_handle_copy=1, expert_alignment=128, use_fp8_dispatch=1, num_bias=0, with_previous_event=0, async_with_compute_stream=0, allocate_on_comm_stream=0 ...
USDT:2026-09-09 06:31:41 486:486 SyncActivityProfilerHandler.cpp:52] profiler_startUSDT:2026-09-09 06:31:41 490:490 SyncActivityProfilerHandler.cpp:52] profiler_startUSDT:2026-09-09 06:31:41 493:493 SyncActivityProfilerHandler.cpp:52] profiler_startUSDT:2026-09-09 06:31:41 487:487 SyncActivityProfilerHandler.cpp:52] profiler_startUSDT:2026-09-09 06:31:41 488:488 SyncActivityProfilerHandler.cpp:52] profiler_startUSDT:2026-09-09 06:31:41 491:491 SyncActivityProfilerHandler.cpp:52] profiler_startUSDT:2026-09-09 06:31:41 492:492 SyncActivityProfilerHandler.cpp:52] profiler_start

USDT:2026-09-09 06:31:41 489:489 SyncActivityProfilerHandler.cpp:52] profiler_start





USDT:2026-09-09 06:31:41 489:489 SyncActivityProfilerHandler.cpp:59] profiler_stopUSDT:2026-09-09 06:31:41 486:486 SyncActivityProfilerHandler.cpp:59] profiler_stopUSDT:2026-09-09 06:31:41 493:493 SyncActivityProfilerHandler.cpp:59] profiler_stopUSDT:2026-09-09 06:31:41 490:490 SyncActivityProfilerHandler.cpp:59] profiler_stop


USDT:2026-09-09 06:31:41 492:492 SyncActivityProfilerHandler.cpp:59] profiler_stop
USDT:2026-09-09 06:31:41 491:491 SyncActivityProfilerHandler.cpp:59] profiler_stopUSDT:2026-09-09 06:31:41 487:487 SyncActivityProfilerHandler.cpp:59] profiler_stop
USDT:2026-09-09 06:31:41 488:488 SyncActivityProfilerHandler.cpp:59] profiler_stop


   * EP:  18/32 | dispatch: 17 GB/s (SO), 34 GB/s (SU), 175.597 us, 5885568 bytes | copy: 1371 GB/s, 8.585 us
   * EP:  19/32 | dispatch: 17 GB/s (SO), 36 GB/s (SU), 175.591 us, 6289920 bytes | copy: 1051 GB/s, 11.969 us
   * EP:  22/32 | dispatch: 16 GB/s (SO), 36 GB/s (SU), 175.614 us, 6289920 bytes | copy: 1162 GB/s, 10.830 us
   * EP:  23/32 | dispatch: 16 GB/s (SO), 35 GB/s (SU), 175.750 us, 6200064 bytes | copy: 1129 GB/s, 10.980 us
   * EP:  20/32 | dispatch: 16 GB/s (SO), 35 GB/s (SU), 175.656 us, 6072768 bytes | copy: 1127 GB/s, 10.773 us
   * EP:  21/32 | dispatch: 17 GB/s (SO), 35 GB/s (SU), 175.663 us, 6155136 bytes | copy: 1317 GB/s, 9.350 us
   * EP:  16/32 | dispatch: 17 GB/s (SO), 36 GB/s (SU), 175.635 us, 6342336 bytes | copy: 1757 GB/s, 7.220 us
   * EP:  17/32 | dispatch: 17 GB/s (SO), 36 GB/s (SU), 175.609 us, 6327360 bytes | copy: 1299 GB/s, 9.741 us
USDT:2026-09-09 06:31:41 490:490 SyncActivityProfilerHandler.cpp:52] profiler_startUSDT:2026-09-09 06:31:41 492:492 SyncActivityProfilerHandler.cpp:52] profiler_startUSDT:2026-09-09 06:31:41 491:491 SyncActivityProfilerHandler.cpp:52] profiler_startUSDT:2026-09-09 06:31:41 486:486 SyncActivityProfilerHandler.cpp:52] profiler_startUSDT:2026-09-09 06:31:41 489:489 SyncActivityProfilerHandler.cpp:52] profiler_startUSDT:2026-09-09 06:31:41 493:493 SyncActivityProfilerHandler.cpp:52] profiler_start

USDT:2026-09-09 06:31:41 487:487 SyncActivityProfilerHandler.cpp:52] profiler_start

USDT:2026-09-09 06:31:41 488:488 SyncActivityProfilerHandler.cpp:52] profiler_start



USDT:2026-09-09 06:31:42 493:493 SyncActivityProfilerHandler.cpp:59] profiler_stopUSDT:2026-09-09 06:31:42 492:492 SyncActivityProfilerHandler.cpp:59] profiler_stopUSDT:2026-09-09 06:31:42 491:491 SyncActivityProfilerHandler.cpp:59] profiler_stop


USDT:2026-09-09 06:31:42 487:487 SyncActivityProfilerHandler.cpp:59] profiler_stopUSDT:2026-09-09 06:31:42 489:489 SyncActivityProfilerHandler.cpp:59] profiler_stopUSDT:2026-09-09 06:31:42 488:488 SyncActivityProfilerHandler.cpp:59] profiler_stopUSDT:2026-09-09 06:31:42 490:490 SyncActivityProfilerHandler.cpp:59] profiler_stop



USDT:2026-09-09 06:31:42 486:486 SyncActivityProfilerHandler.cpp:59] profiler_stop
   - EP:  18/32 | expanded dispatch: 17 GB/s (SO), 34 GB/s (SU), 174.065 us, 5885568 bytes | copy: 1669 GB/s, 8.075 us
   - EP:  22/32 | expanded dispatch: 16 GB/s (SO), 36 GB/s (SU), 174.135 us, 6289920 bytes | copy: 1136 GB/s, 12.181 us
   - EP:  20/32 | expanded dispatch: 17 GB/s (SO), 35 GB/s (SU), 174.104 us, 6072768 bytes | copy: 1303 GB/s, 11.260 us
   - EP:  19/32 | expanded dispatch: 17 GB/s (SO), 36 GB/s (SU), 174.111 us, 6289920 bytes | copy: 1091 GB/s, 12.818 us
   - EP:  21/32 | expanded dispatch: 17 GB/s (SO), 35 GB/s (SU), 174.125 us, 6155136 bytes | copy: 1341 GB/s, 10.877 us
   - EP:  17/32 | expanded dispatch: 17 GB/s (SO), 36 GB/s (SU), 174.085 us, 6327360 bytes | copy: 1856 GB/s, 8.524 us
   - EP:  23/32 | expanded dispatch: 16 GB/s (SO), 36 GB/s (SU), 174.331 us, 6200064 bytes | copy: 1184 GB/s, 12.408 us
   - EP:  16/32 | expanded dispatch: 17 GB/s (SO), 36 GB/s (SU), 174.130 us, 6342336 bytes | copy: 1689 GB/s, 8.914 us
USDT:2026-09-09 06:31:42 490:490 SyncActivityProfilerHandler.cpp:52] profiler_startUSDT:2026-09-09 06:31:42 493:493 SyncActivityProfilerHandler.cpp:52] profiler_startUSDT:2026-09-09 06:31:42 489:489 SyncActivityProfilerHandler.cpp:52] profiler_startUSDT:2026-09-09 06:31:42 486:486 SyncActivityProfilerHandler.cpp:52] profiler_startUSDT:2026-09-09 06:31:42 487:487 SyncActivityProfilerHandler.cpp:52] profiler_startUSDT:2026-09-09 06:31:42 491:491 SyncActivityProfilerHandler.cpp:52] profiler_startUSDT:2026-09-09 06:31:42 492:492 SyncActivityProfilerHandler.cpp:52] profiler_start
USDT:2026-09-09 06:31:42 488:488 SyncActivityProfilerHandler.cpp:52] profiler_start






USDT:2026-09-09 06:31:43 487:487 SyncActivityProfilerHandler.cpp:59] profiler_stopUSDT:2026-09-09 06:31:43 491:491 SyncActivityProfilerHandler.cpp:59] profiler_stopUSDT:2026-09-09 06:31:43 490:490 SyncActivityProfilerHandler.cpp:59] profiler_stopUSDT:2026-09-09 06:31:43 492:492 SyncActivityProfilerHandler.cpp:59] profiler_stop



USDT:2026-09-09 06:31:43 488:488 SyncActivityProfilerHandler.cpp:59] profiler_stop
USDT:2026-09-09 06:31:43 489:489 SyncActivityProfilerHandler.cpp:59] profiler_stopUSDT:2026-09-09 06:31:43 493:493 SyncActivityProfilerHandler.cpp:59] profiler_stop

USDT:2026-09-09 06:31:43 486:486 SyncActivityProfilerHandler.cpp:59] profiler_stop
   # EP:  21/32 | cached dispatch: 16 GB/s (SO), 35 GB/s (SU), 177.353 us, 6155136 bytes | copy: 1315 GB/s, 9.358 us
   # EP:  17/32 | cached dispatch: 17 GB/s (SO), 36 GB/s (SU), 177.243 us, 6327360 bytes | copy: 1708 GB/s, 7.408 us
   # EP:  20/32 | cached dispatch: 16 GB/s (SO), 34 GB/s (SU), 177.350 us, 6072768 bytes | copy: 1158 GB/s, 10.492 us
   # EP:  22/32 | cached dispatch: 16 GB/s (SO), 35 GB/s (SU), 177.320 us, 6289920 bytes | copy: 1114 GB/s, 11.288 us
   # EP:  18/32 | cached dispatch: 17 GB/s (SO), 33 GB/s (SU), 177.397 us, 5885568 bytes | copy: 1303 GB/s, 9.036 us   # EP:  16/32 | cached dispatch: 17 GB/s (SO), 36 GB/s (SU), 177.390 us, 6342336 bytes | copy: 1346 GB/s, 9.423 us

   # EP:  19/32 | cached dispatch: 17 GB/s (SO), 36 GB/s (SU), 177.180 us, 6289920 bytes | copy: 933 GB/s, 13.476 us
   # EP:  23/32 | cached dispatch: 16 GB/s (SO), 35 GB/s (SU), 177.443 us, 6200064 bytes | copy: 1502 GB/s, 8.253 us
USDT:2026-09-09 06:31:43 492:492 SyncActivityProfilerHandler.cpp:52] profiler_startUSDT:2026-09-09 06:31:43 493:493 SyncActivityProfilerHandler.cpp:52] profiler_startUSDT:2026-09-09 06:31:43 489:489 SyncActivityProfilerHandler.cpp:52] profiler_startUSDT:2026-09-09 06:31:43 491:491 SyncActivityProfilerHandler.cpp:52] profiler_start



USDT:2026-09-09 06:31:43 487:487 SyncActivityProfilerHandler.cpp:52] profiler_startUSDT:2026-09-09 06:31:43 488:488 SyncActivityProfilerHandler.cpp:52] profiler_startUSDT:2026-09-09 06:31:43 490:490 SyncActivityProfilerHandler.cpp:52] profiler_start
USDT:2026-09-09 06:31:43 486:486 SyncActivityProfilerHandler.cpp:52] profiler_start


USDT:2026-09-09 06:31:43 487:487 SyncActivityProfilerHandler.cpp:59] profiler_stopUSDT:2026-09-09 06:31:43 489:489 SyncActivityProfilerHandler.cpp:59] profiler_stopUSDT:2026-09-09 06:31:43 491:491 SyncActivityProfilerHandler.cpp:59] profiler_stopUSDT:2026-09-09 06:31:43 492:492 SyncActivityProfilerHandler.cpp:59] profiler_stopUSDT:2026-09-09 06:31:43 493:493 SyncActivityProfilerHandler.cpp:59] profiler_stop


USDT:2026-09-09 06:31:43 488:488 SyncActivityProfilerHandler.cpp:59] profiler_stop
USDT:2026-09-09 06:31:43 490:490 SyncActivityProfilerHandler.cpp:59] profiler_stop


USDT:2026-09-09 06:31:43 486:486 SyncActivityProfilerHandler.cpp:59] profiler_stop
   @ EP:  19/32 | combine: 23 GB/s (SO), 48 GB/s (SU), 249.982 us, 12069120 bytes | reduce: 966 GB/s, 7.454 us
   @ EP:  18/32 | combine: 23 GB/s (SO), 45 GB/s (SU), 248.795 us, 11293248 bytes | reduce: 974 GB/s, 7.420 us
   @ EP:  22/32 | combine: 22 GB/s (SO), 49 GB/s (SU), 248.327 us, 12069120 bytes | reduce: 948 GB/s, 7.380 us
   @ EP:  21/32 | combine: 23 GB/s (SO), 48 GB/s (SU), 247.861 us, 11810496 bytes | reduce: 945 GB/s, 7.559 us
   @ EP:  17/32 | combine: 22 GB/s (SO), 48 GB/s (SU), 253.710 us, 12140960 bytes | reduce: 988 GB/s, 7.384 us
   @ EP:  20/32 | combine: 22 GB/s (SO), 47 GB/s (SU), 250.555 us, 11652448 bytes | reduce: 973 GB/s, 7.298 us
   @ EP:  16/32 | combine: 22 GB/s (SO), 47 GB/s (SU), 258.417 us, 12169696 bytes | reduce: 993 GB/s, 7.377 us
   @ EP:  23/32 | combine: 22 GB/s (SO), 48 GB/s (SU), 245.555 us, 11896704 bytes | reduce: 956 GB/s, 7.246 us
USDT:2026-09-09 06:31:44 492:492 SyncActivityProfilerHandler.cpp:52] profiler_startUSDT:2026-09-09 06:31:44 490:490 SyncActivityProfilerHandler.cpp:52] profiler_startUSDT:2026-09-09 06:31:44 493:493 SyncActivityProfilerHandler.cpp:52] profiler_startUSDT:2026-09-09 06:31:44 491:491 SyncActivityProfilerHandler.cpp:52] profiler_startUSDT:2026-09-09 06:31:44 487:487 SyncActivityProfilerHandler.cpp:52] profiler_start

USDT:2026-09-09 06:31:44 489:489 SyncActivityProfilerHandler.cpp:52] profiler_start
USDT:2026-09-09 06:31:44 486:486 SyncActivityProfilerHandler.cpp:52] profiler_start


USDT:2026-09-09 06:31:44 488:488 SyncActivityProfilerHandler.cpp:52] profiler_start

USDT:2026-09-09 06:31:44 487:487 SyncActivityProfilerHandler.cpp:59] profiler_stopUSDT:2026-09-09 06:31:44 489:489 SyncActivityProfilerHandler.cpp:59] profiler_stopUSDT:2026-09-09 06:31:44 492:492 SyncActivityProfilerHandler.cpp:59] profiler_stopUSDT:2026-09-09 06:31:44 486:486 SyncActivityProfilerHandler.cpp:59] profiler_stopUSDT:2026-09-09 06:31:44 488:488 SyncActivityProfilerHandler.cpp:59] profiler_stop

USDT:2026-09-09 06:31:44 491:491 SyncActivityProfilerHandler.cpp:59] profiler_stop

USDT:2026-09-09 06:31:44 493:493 SyncActivityProfilerHandler.cpp:59] profiler_stopUSDT:2026-09-09 06:31:44 490:490 SyncActivityProfilerHandler.cpp:59] profiler_stop



   + EP:  19/32 | reduced combine: 22 GB/s (SO), 47 GB/s (SU), 257.377 us, 12069120 bytes | reduce: 967 GB/s, 7.447 us
   + EP:  22/32 | reduced combine: 22 GB/s (SO), 47 GB/s (SU), 254.200 us, 12069120 bytes | reduce: 945 GB/s, 7.406 us
   + EP:  18/32 | reduced combine: 22 GB/s (SO), 44 GB/s (SU), 256.499 us, 11293248 bytes | reduce: 982 GB/s, 7.357 us
   + EP:  21/32 | reduced combine: 22 GB/s (SO), 46 GB/s (SU), 255.392 us, 11810496 bytes | reduce: 945 GB/s, 7.559 us
   + EP:  16/32 | reduced combine: 22 GB/s (SO), 46 GB/s (SU), 262.412 us, 12169696 bytes | reduce: 992 GB/s, 7.388 us
   + EP:  20/32 | reduced combine: 22 GB/s (SO), 45 GB/s (SU), 256.293 us, 11652448 bytes | reduce: 964 GB/s, 7.360 us
   + EP:  17/32 | reduced combine: 22 GB/s (SO), 46 GB/s (SU), 261.156 us, 12140960 bytes | reduce: 983 GB/s, 7.428 us
   + EP:  23/32 | reduced combine: 21 GB/s (SO), 47 GB/s (SU), 252.898 us, 11896704 bytes | reduce: 966 GB/s, 7.167 us


