=== EP_NIC_NAME=rdmap110s0 (auto, 200 Gb/s) ===
=== GIN: NCCL_GIN_TYPE=5 NCCL_SYM_GIN_KERNELS_ENABLE=0 ===
=== PREFER_OVERLAP=0 (--prefer-overlap-with-compute) ===
=== IMAGE=deepep-v2-efa-official:sm90-3c737dc  DeepEP=3c737dcf0da5889ba7efd26e05b4808307cc38af ===
+ docker run --rm --init --gpus all --privileged --network=host --ipc=host --ulimit memlock=-1 --ulimit stack=67108864 --device=/dev/infiniband --device=/dev/gdrdrv -v /sys/class/infiniband:/sys/class/infiniband:ro -e MASTER_ADDR=172.31.28.159 -e MASTER_PORT=8909 -e WORLD_SIZE=4 -e RANK=2 -e NCCL_DEBUG=WARN -e EP_NIC_NAME=rdmap110s0 -e NCCL_GIN_TYPE=5 -e NCCL_SYM_GIN_KERNELS_ENABLE=0 -e PYTHONUNBUFFERED=1 -e PYTHONFAULTHANDLER=1 deepep-v2-efa-official:sm90-3c737dc bash -lc 'timeout -s ABRT --kill-after=60 1800     python3 -u /opt/DeepEP/tests/elastic/test_ep.py     --num-processes=8 --num-tokens=128     --hidden=7168 --num-topk=8 --num-experts=256     --num-sms=12 --allow-hybrid-mode=1     --prefer-overlap-with-compute=0 --test-first-only      '

==========
== CUDA ==
==========

CUDA Version 13.0.2

Container image Copyright (c) 2016-2023, NVIDIA CORPORATION & AFFILIATES. All rights reserved.

This container image and its contents are governed by the NVIDIA Deep Learning Container License.
By pulling and using the container, you accept the terms and conditions of this license:
https://developer.nvidia.com/ngc/nvidia-deep-learning-container-license

A copy of this license is made available in this container at /NGC-DL-CONTAINER-LICENSE for your convenience.

DeepEP hybrid kernel selection: unordered
DeepEP hybrid kernel selection: unordered
DeepEP hybrid kernel selection: unordered
DeepEP hybrid kernel selection: unordered
DeepEP hybrid kernel selection: unordered
DeepEP hybrid kernel selection: unordered
DeepEP hybrid kernel selection: unordered
DeepEP hybrid kernel selection: unordered
DeepEP hybrid kernel selection: unordered
DeepEP hybrid kernel selection: unordered
DeepEP hybrid kernel selection: unordered
DeepEP hybrid kernel selection: unordered
DeepEP hybrid kernel selection: unordered
DeepEP hybrid kernel selection: unordered
DeepEP hybrid kernel selection: unordered
DeepEP hybrid kernel selection: unordered
Config:
 > Ranks: 4 x 8
 > Experts: 8/256
 > Tokens: 112 (max: 128), hidden: 7168
 > #SM: 12, #QPs: 13/13

Running all test cases:
 > Testing with do_handle_copy=1, expert_alignment=128, use_fp8_dispatch=1, num_bias=0, with_previous_event=0, async_with_compute_stream=0, allocate_on_comm_stream=0 ...
USDT:2026-09-09 03:51:27 486:486 SyncActivityProfilerHandler.cpp:52] profiler_startUSDT:2026-09-09 03:51:27 485:485 SyncActivityProfilerHandler.cpp:52] profiler_startUSDT:2026-09-09 03:51:27 482:482 SyncActivityProfilerHandler.cpp:52] profiler_startUSDT:2026-09-09 03:51:27 483:483 SyncActivityProfilerHandler.cpp:52] profiler_startUSDT:2026-09-09 03:51:27 487:487 SyncActivityProfilerHandler.cpp:52] profiler_startUSDT:2026-09-09 03:51:27 489:489 SyncActivityProfilerHandler.cpp:52] profiler_startUSDT:2026-09-09 03:51:27 488:488 SyncActivityProfilerHandler.cpp:52] profiler_start






USDT:2026-09-09 03:51:27 484:484 SyncActivityProfilerHandler.cpp:52] profiler_start
USDT:2026-09-09 03:51:28 482:482 SyncActivityProfilerHandler.cpp:59] profiler_stopUSDT:2026-09-09 03:51:28 486:486 SyncActivityProfilerHandler.cpp:59] profiler_stopUSDT:2026-09-09 03:51:28 483:483 SyncActivityProfilerHandler.cpp:59] profiler_stopUSDT:2026-09-09 03:51:28 485:485 SyncActivityProfilerHandler.cpp:59] profiler_stop



USDT:2026-09-09 03:51:28 489:489 SyncActivityProfilerHandler.cpp:59] profiler_stopUSDT:2026-09-09 03:51:28 487:487 SyncActivityProfilerHandler.cpp:59] profiler_stopUSDT:2026-09-09 03:51:28 488:488 SyncActivityProfilerHandler.cpp:59] profiler_stopUSDT:2026-09-09 03:51:28 484:484 SyncActivityProfilerHandler.cpp:59] profiler_stop



   * EP:  17/32 | dispatch: 17 GB/s (SO), 37 GB/s (SU), 172.657 us, 6327360 bytes | copy: 1752 GB/s, 7.222 us
   * EP:  18/32 | dispatch: 17 GB/s (SO), 34 GB/s (SU), 172.734 us, 5885568 bytes | copy: 1239 GB/s, 9.499 us
   * EP:  21/32 | dispatch: 17 GB/s (SO), 36 GB/s (SU), 172.770 us, 6155136 bytes | copy: 1006 GB/s, 12.236 us
   * EP:  23/32 | dispatch: 16 GB/s (SO), 36 GB/s (SU), 172.779 us, 6200064 bytes | copy: 1205 GB/s, 10.289 us
   * EP:  19/32 | dispatch: 17 GB/s (SO), 36 GB/s (SU), 172.903 us, 6289920 bytes | copy: 1170 GB/s, 10.752 us
   * EP:  22/32 | dispatch: 17 GB/s (SO), 36 GB/s (SU), 172.766 us, 6289920 bytes | copy: 1150 GB/s, 10.936 us
   * EP:  20/32 | dispatch: 17 GB/s (SO), 35 GB/s (SU), 172.767 us, 6072768 bytes | copy: 1267 GB/s, 9.588 us
   * EP:  16/32 | dispatch: 17 GB/s (SO), 37 GB/s (SU), 172.819 us, 6342336 bytes | copy: 1483 GB/s, 8.556 us
USDT:2026-09-09 03:51:28 486:486 SyncActivityProfilerHandler.cpp:52] profiler_startUSDT:2026-09-09 03:51:28 489:489 SyncActivityProfilerHandler.cpp:52] profiler_startUSDT:2026-09-09 03:51:28 487:487 SyncActivityProfilerHandler.cpp:52] profiler_startUSDT:2026-09-09 03:51:28 484:484 SyncActivityProfilerHandler.cpp:52] profiler_startUSDT:2026-09-09 03:51:28 488:488 SyncActivityProfilerHandler.cpp:52] profiler_startUSDT:2026-09-09 03:51:28 482:482 SyncActivityProfilerHandler.cpp:52] profiler_start



USDT:2026-09-09 03:51:28 485:485 SyncActivityProfilerHandler.cpp:52] profiler_start

USDT:2026-09-09 03:51:28 483:483 SyncActivityProfilerHandler.cpp:52] profiler_start

USDT:2026-09-09 03:51:28 487:487 SyncActivityProfilerHandler.cpp:59] profiler_stop
USDT:2026-09-09 03:51:28 485:485 SyncActivityProfilerHandler.cpp:59] profiler_stopUSDT:2026-09-09 03:51:28 488:488 SyncActivityProfilerHandler.cpp:59] profiler_stop

USDT:2026-09-09 03:51:28 489:489 SyncActivityProfilerHandler.cpp:59] profiler_stopUSDT:2026-09-09 03:51:28 486:486 SyncActivityProfilerHandler.cpp:59] profiler_stopUSDT:2026-09-09 03:51:28 484:484 SyncActivityProfilerHandler.cpp:59] profiler_stopUSDT:2026-09-09 03:51:28 483:483 SyncActivityProfilerHandler.cpp:59] profiler_stop



USDT:2026-09-09 03:51:28 482:482 SyncActivityProfilerHandler.cpp:59] profiler_stop
   - EP:  17/32 | expanded dispatch: 17 GB/s (SO), 36 GB/s (SU), 173.416 us, 6327360 bytes | copy: 1495 GB/s, 10.579 us
   - EP:  19/32 | expanded dispatch: 17 GB/s (SO), 36 GB/s (SU), 173.558 us, 6289920 bytes | copy: 1171 GB/s, 11.945 us
   - EP:  18/32 | expanded dispatch: 17 GB/s (SO), 34 GB/s (SU), 173.468 us, 5885568 bytes | copy: 1080 GB/s, 12.482 us
   - EP:  21/32 | expanded dispatch: 17 GB/s (SO), 35 GB/s (SU), 173.433 us, 6155136 bytes | copy: 1206 GB/s, 12.102 us
   - EP:  23/32 | expanded dispatch: 16 GB/s (SO), 36 GB/s (SU), 173.476 us, 6200064 bytes | copy: 1107 GB/s, 13.267 us
   - EP:  22/32 | expanded dispatch: 16 GB/s (SO), 36 GB/s (SU), 173.504 us, 6289920 bytes | copy: 1099 GB/s, 12.594 us
   - EP:  16/32 | expanded dispatch: 17 GB/s (SO), 37 GB/s (SU), 173.560 us, 6342336 bytes | copy: 1401 GB/s, 10.746 us
   - EP:  20/32 | expanded dispatch: 17 GB/s (SO), 35 GB/s (SU), 173.485 us, 6072768 bytes | copy: 1238 GB/s, 11.855 us
USDT:2026-09-09 03:51:29 487:487 SyncActivityProfilerHandler.cpp:52] profiler_startUSDT:2026-09-09 03:51:29 483:483 SyncActivityProfilerHandler.cpp:52] profiler_startUSDT:2026-09-09 03:51:29 485:485 SyncActivityProfilerHandler.cpp:52] profiler_startUSDT:2026-09-09 03:51:29 488:488 SyncActivityProfilerHandler.cpp:52] profiler_startUSDT:2026-09-09 03:51:29 486:486 SyncActivityProfilerHandler.cpp:52] profiler_startUSDT:2026-09-09 03:51:29 489:489 SyncActivityProfilerHandler.cpp:52] profiler_startUSDT:2026-09-09 03:51:29 484:484 SyncActivityProfilerHandler.cpp:52] profiler_start

USDT:2026-09-09 03:51:29 482:482 SyncActivityProfilerHandler.cpp:52] profiler_start





USDT:2026-09-09 03:51:29 489:489 SyncActivityProfilerHandler.cpp:59] profiler_stopUSDT:2026-09-09 03:51:29 487:487 SyncActivityProfilerHandler.cpp:59] profiler_stopUSDT:2026-09-09 03:51:29 488:488 SyncActivityProfilerHandler.cpp:59] profiler_stopUSDT:2026-09-09 03:51:29 486:486 SyncActivityProfilerHandler.cpp:59] profiler_stopUSDT:2026-09-09 03:51:29 482:482 SyncActivityProfilerHandler.cpp:59] profiler_stopUSDT:2026-09-09 03:51:29 483:483 SyncActivityProfilerHandler.cpp:59] profiler_stop





USDT:2026-09-09 03:51:29 485:485 SyncActivityProfilerHandler.cpp:59] profiler_stop
USDT:2026-09-09 03:51:29 484:484 SyncActivityProfilerHandler.cpp:59] profiler_stop
   # EP:  21/32 | cached dispatch: 17 GB/s (SO), 36 GB/s (SU), 169.743 us, 6155136 bytes | copy: 1212 GB/s, 10.157 us
   # EP:  20/32 | cached dispatch: 17 GB/s (SO), 36 GB/s (SU), 169.813 us, 6072768 bytes | copy: 1382 GB/s, 8.789 us   # EP:  22/32 | cached dispatch: 17 GB/s (SO), 37 GB/s (SU), 169.880 us, 6289920 bytes | copy: 1177 GB/s, 10.691 us

   # EP:  23/32 | cached dispatch: 17 GB/s (SO), 37 GB/s (SU), 169.818 us, 6200064 bytes | copy: 1165 GB/s, 10.643 us
   # EP:  16/32 | cached dispatch: 18 GB/s (SO), 37 GB/s (SU), 169.883 us, 6342336 bytes | copy: 1595 GB/s, 7.951 us
   # EP:  19/32 | cached dispatch: 17 GB/s (SO), 37 GB/s (SU), 169.867 us, 6289920 bytes | copy: 1237 GB/s, 10.166 us
   # EP:  17/32 | cached dispatch: 18 GB/s (SO), 37 GB/s (SU), 169.786 us, 6327360 bytes | copy: 1496 GB/s, 8.460 us
   # EP:  18/32 | cached dispatch: 17 GB/s (SO), 35 GB/s (SU), 169.766 us, 5885568 bytes | copy: 1109 GB/s, 10.611 us
USDT:2026-09-09 03:51:30 487:487 SyncActivityProfilerHandler.cpp:52] profiler_startUSDT:2026-09-09 03:51:30 488:488 SyncActivityProfilerHandler.cpp:52] profiler_startUSDT:2026-09-09 03:51:30 486:486 SyncActivityProfilerHandler.cpp:52] profiler_startUSDT:2026-09-09 03:51:30 483:483 SyncActivityProfilerHandler.cpp:52] profiler_startUSDT:2026-09-09 03:51:30 485:485 SyncActivityProfilerHandler.cpp:52] profiler_startUSDT:2026-09-09 03:51:30 489:489 SyncActivityProfilerHandler.cpp:52] profiler_start
USDT:2026-09-09 03:51:30 484:484 SyncActivityProfilerHandler.cpp:52] profiler_start


USDT:2026-09-09 03:51:30 482:482 SyncActivityProfilerHandler.cpp:52] profiler_start



USDT:2026-09-09 03:51:30 483:483 SyncActivityProfilerHandler.cpp:59] profiler_stopUSDT:2026-09-09 03:51:30 489:489 SyncActivityProfilerHandler.cpp:59] profiler_stopUSDT:2026-09-09 03:51:30 488:488 SyncActivityProfilerHandler.cpp:59] profiler_stopUSDT:2026-09-09 03:51:30 487:487 SyncActivityProfilerHandler.cpp:59] profiler_stopUSDT:2026-09-09 03:51:30 486:486 SyncActivityProfilerHandler.cpp:59] profiler_stop
USDT:2026-09-09 03:51:30 485:485 SyncActivityProfilerHandler.cpp:59] profiler_stop




USDT:2026-09-09 03:51:30 484:484 SyncActivityProfilerHandler.cpp:59] profiler_stop
USDT:2026-09-09 03:51:30 482:482 SyncActivityProfilerHandler.cpp:59] profiler_stop
   @ EP:  21/32 | combine: 23 GB/s (SO), 49 GB/s (SU), 240.102 us, 11810496 bytes | reduce: 975 GB/s, 7.324 us
   @ EP:  23/32 | combine: 23 GB/s (SO), 50 GB/s (SU), 237.376 us, 11896704 bytes | reduce: 953 GB/s, 7.264 us
   @ EP:  17/32 | combine: 23 GB/s (SO), 50 GB/s (SU), 243.145 us, 12140960 bytes | reduce: 996 GB/s, 7.331 us
   @ EP:  19/32 | combine: 23 GB/s (SO), 50 GB/s (SU), 241.448 us, 12069120 bytes | reduce: 1016 GB/s, 7.085 us
   @ EP:  22/32 | combine: 23 GB/s (SO), 50 GB/s (SU), 241.753 us, 12069120 bytes | reduce: 1035 GB/s, 6.761 us
   @ EP:  20/32 | combine: 23 GB/s (SO), 49 GB/s (SU), 240.212 us, 11652448 bytes | reduce: 1011 GB/s, 7.018 us
   @ EP:  18/32 | combine: 23 GB/s (SO), 47 GB/s (SU), 241.389 us, 11293248 bytes | reduce: 1010 GB/s, 7.153 us
   @ EP:  16/32 | combine: 23 GB/s (SO), 50 GB/s (SU), 243.794 us, 12169696 bytes | reduce: 1052 GB/s, 6.965 us
USDT:2026-09-09 03:51:30 483:483 SyncActivityProfilerHandler.cpp:52] profiler_start
USDT:2026-09-09 03:51:30 482:482 SyncActivityProfilerHandler.cpp:52] profiler_startUSDT:2026-09-09 03:51:30 487:487 SyncActivityProfilerHandler.cpp:52] profiler_startUSDT:2026-09-09 03:51:30 486:486 SyncActivityProfilerHandler.cpp:52] profiler_start

USDT:2026-09-09 03:51:30 485:485 SyncActivityProfilerHandler.cpp:52] profiler_start
USDT:2026-09-09 03:51:30 488:488 SyncActivityProfilerHandler.cpp:52] profiler_start

USDT:2026-09-09 03:51:30 489:489 SyncActivityProfilerHandler.cpp:52] profiler_startUSDT:2026-09-09 03:51:30 484:484 SyncActivityProfilerHandler.cpp:52] profiler_start

USDT:2026-09-09 03:51:31 488:488 SyncActivityProfilerHandler.cpp:59] profiler_stop
USDT:2026-09-09 03:51:31 486:486 SyncActivityProfilerHandler.cpp:59] profiler_stopUSDT:2026-09-09 03:51:31 483:483 SyncActivityProfilerHandler.cpp:59] profiler_stopUSDT:2026-09-09 03:51:31 489:489 SyncActivityProfilerHandler.cpp:59] profiler_stopUSDT:2026-09-09 03:51:31 487:487 SyncActivityProfilerHandler.cpp:59] profiler_stop


USDT:2026-09-09 03:51:31 484:484 SyncActivityProfilerHandler.cpp:59] profiler_stop

USDT:2026-09-09 03:51:31 485:485 SyncActivityProfilerHandler.cpp:59] profiler_stop
USDT:2026-09-09 03:51:31 482:482 SyncActivityProfilerHandler.cpp:59] profiler_stop
   + EP:  21/32 | reduced combine: 23 GB/s (SO), 49 GB/s (SU), 240.977 us, 11810496 bytes | reduce: 1002 GB/s, 7.125 us
   + EP:  23/32 | reduced combine: 23 GB/s (SO), 50 GB/s (SU), 238.318 us, 11896704 bytes | reduce: 939 GB/s, 7.378 us
   + EP:  17/32 | reduced combine: 23 GB/s (SO), 50 GB/s (SU), 243.279 us, 12140960 bytes | reduce: 981 GB/s, 7.439 us
   + EP:  22/32 | reduced combine: 23 GB/s (SO), 50 GB/s (SU), 242.441 us, 12069120 bytes | reduce: 1012 GB/s, 6.916 us
   + EP:  19/32 | reduced combine: 23 GB/s (SO), 50 GB/s (SU), 242.511 us, 12069120 bytes | reduce: 1022 GB/s, 7.042 us
   + EP:  20/32 | reduced combine: 23 GB/s (SO), 48 GB/s (SU), 241.452 us, 11652448 bytes | reduce: 975 GB/s, 7.278 us
   + EP:  18/32 | reduced combine: 23 GB/s (SO), 46 GB/s (SU), 243.459 us, 11293248 bytes | reduce: 1019 GB/s, 7.089 us
   + EP:  16/32 | reduced combine: 23 GB/s (SO), 49 GB/s (SU), 246.244 us, 12169696 bytes | reduce: 1053 GB/s, 6.962 us


