=== EP_NIC_NAME=rdmap110s0 (auto, 200 Gb/s) ===
=== GIN: NCCL_GIN_TYPE=5 NCCL_SYM_GIN_KERNELS_ENABLE=0 ===
=== PREFER_OVERLAP=0 (--prefer-overlap-with-compute) ===
=== IMAGE=deepep-v2-efa-official:sm90-3c737dc  DeepEP=3c737dcf0da5889ba7efd26e05b4808307cc38af ===
+ docker run --rm --init --gpus all --privileged --network=host --ipc=host --ulimit memlock=-1 --ulimit stack=67108864 --device=/dev/infiniband --device=/dev/gdrdrv -v /sys/class/infiniband:/sys/class/infiniband:ro -e MASTER_ADDR=172.31.28.159 -e MASTER_PORT=8922 -e WORLD_SIZE=4 -e RANK=1 -e NCCL_DEBUG=WARN -e EP_NIC_NAME=rdmap110s0 -e NCCL_GIN_TYPE=5 -e NCCL_SYM_GIN_KERNELS_ENABLE=0 -e PYTHONUNBUFFERED=1 -e PYTHONFAULTHANDLER=1 deepep-v2-efa-official:sm90-3c737dc bash -lc 'timeout -s ABRT --kill-after=60 1800     python3 -u /opt/DeepEP/tests/elastic/test_ep.py     --num-processes=8 --num-tokens=128     --hidden=7168 --num-topk=8 --num-experts=256     --num-sms=12 --allow-hybrid-mode=1     --prefer-overlap-with-compute=0 --test-first-only      '

==========
== CUDA ==
==========

CUDA Version 13.0.2

Container image Copyright (c) 2016-2023, NVIDIA CORPORATION & AFFILIATES. All rights reserved.

This container image and its contents are governed by the NVIDIA Deep Learning Container License.
By pulling and using the container, you accept the terms and conditions of this license:
https://developer.nvidia.com/ngc/nvidia-deep-learning-container-license

A copy of this license is made available in this container at /NGC-DL-CONTAINER-LICENSE for your convenience.

DeepEP hybrid kernel selection: unordered
DeepEP hybrid kernel selection: unordered
DeepEP hybrid kernel selection: unordered
DeepEP hybrid kernel selection: unordered
DeepEP hybrid kernel selection: unordered
DeepEP hybrid kernel selection: unordered
DeepEP hybrid kernel selection: unordered
DeepEP hybrid kernel selection: unordered
DeepEP hybrid kernel selection: unordered
DeepEP hybrid kernel selection: unordered
DeepEP hybrid kernel selection: unordered
DeepEP hybrid kernel selection: unordered
DeepEP hybrid kernel selection: unordered
DeepEP hybrid kernel selection: unordered
DeepEP hybrid kernel selection: unordered
DeepEP hybrid kernel selection: unordered
Config:
 > Ranks: 4 x 8
 > Experts: 8/256
 > Tokens: 120 (max: 128), hidden: 7168
 > #SM: 12, #QPs: 13/13

Running all test cases:
 > Testing with do_handle_copy=1, expert_alignment=128, use_fp8_dispatch=1, num_bias=0, with_previous_event=0, async_with_compute_stream=0, allocate_on_comm_stream=0 ...
USDT:2026-09-09 05:04:08 492:492 SyncActivityProfilerHandler.cpp:52] profiler_startUSDT:2026-09-09 05:04:08 490:490 SyncActivityProfilerHandler.cpp:52] profiler_startUSDT:2026-09-09 05:04:08 489:489 SyncActivityProfilerHandler.cpp:52] profiler_start


USDT:2026-09-09 05:04:08 493:493 SyncActivityProfilerHandler.cpp:52] profiler_start
USDT:2026-09-09 05:04:08 491:491 SyncActivityProfilerHandler.cpp:52] profiler_start
USDT:2026-09-09 05:04:08 488:488 SyncActivityProfilerHandler.cpp:52] profiler_startUSDT:2026-09-09 05:04:08 494:494 SyncActivityProfilerHandler.cpp:52] profiler_startUSDT:2026-09-09 05:04:08 487:487 SyncActivityProfilerHandler.cpp:52] profiler_start


USDT:2026-09-09 05:04:08 493:493 SyncActivityProfilerHandler.cpp:59] profiler_stopUSDT:2026-09-09 05:04:08 492:492 SyncActivityProfilerHandler.cpp:59] profiler_stopUSDT:2026-09-09 05:04:08 489:489 SyncActivityProfilerHandler.cpp:59] profiler_stopUSDT:2026-09-09 05:04:08 490:490 SyncActivityProfilerHandler.cpp:59] profiler_stop



USDT:2026-09-09 05:04:08 488:488 SyncActivityProfilerHandler.cpp:59] profiler_stopUSDT:2026-09-09 05:04:08 494:494 SyncActivityProfilerHandler.cpp:59] profiler_stopUSDT:2026-09-09 05:04:08 487:487 SyncActivityProfilerHandler.cpp:59] profiler_stopUSDT:2026-09-09 05:04:08 491:491 SyncActivityProfilerHandler.cpp:59] profiler_stop



   * EP:  12/32 | dispatch: 16 GB/s (SO), 29 GB/s (SU), 196.040 us, 5780736 bytes | copy: 508 GB/s, 22.777 us
   * EP:  11/32 | dispatch: 16 GB/s (SO), 32 GB/s (SU), 196.264 us, 6334848 bytes | copy: 357 GB/s, 35.495 us
   * EP:  13/32 | dispatch: 16 GB/s (SO), 32 GB/s (SU), 196.271 us, 6215040 bytes | copy: 346 GB/s, 35.921 us
   * EP:   8/32 | dispatch: 17 GB/s (SO), 32 GB/s (SU), 196.248 us, 6222528 bytes | copy: 450 GB/s, 27.641 us
   * EP:  14/32 | dispatch: 16 GB/s (SO), 31 GB/s (SU), 196.205 us, 6012864 bytes | copy: 334 GB/s, 36.003 us
   * EP:  10/32 | dispatch: 16 GB/s (SO), 31 GB/s (SU), 196.294 us, 6102720 bytes | copy: 352 GB/s, 34.638 us
   * EP:   9/32 | dispatch: 17 GB/s (SO), 32 GB/s (SU), 195.878 us, 6200064 bytes | copy: 2434 GB/s, 5.095 us
   * EP:  15/32 | dispatch: 15 GB/s (SO), 31 GB/s (SU), 196.288 us, 6147648 bytes | copy: 429 GB/s, 28.650 us
USDT:2026-09-09 05:04:09 493:493 SyncActivityProfilerHandler.cpp:52] profiler_startUSDT:2026-09-09 05:04:09 492:492 SyncActivityProfilerHandler.cpp:52] profiler_startUSDT:2026-09-09 05:04:09 490:490 SyncActivityProfilerHandler.cpp:52] profiler_startUSDT:2026-09-09 05:04:09 489:489 SyncActivityProfilerHandler.cpp:52] profiler_start



USDT:2026-09-09 05:04:09 488:488 SyncActivityProfilerHandler.cpp:52] profiler_startUSDT:2026-09-09 05:04:09 487:487 SyncActivityProfilerHandler.cpp:52] profiler_startUSDT:2026-09-09 05:04:09 491:491 SyncActivityProfilerHandler.cpp:52] profiler_startUSDT:2026-09-09 05:04:09 494:494 SyncActivityProfilerHandler.cpp:52] profiler_start



USDT:2026-09-09 05:04:09 492:492 SyncActivityProfilerHandler.cpp:59] profiler_stopUSDT:2026-09-09 05:04:09 493:493 SyncActivityProfilerHandler.cpp:59] profiler_stop

USDT:2026-09-09 05:04:09 490:490 SyncActivityProfilerHandler.cpp:59] profiler_stop
USDT:2026-09-09 05:04:09 489:489 SyncActivityProfilerHandler.cpp:59] profiler_stop
USDT:2026-09-09 05:04:09 487:487 SyncActivityProfilerHandler.cpp:59] profiler_stopUSDT:2026-09-09 05:04:09 494:494 SyncActivityProfilerHandler.cpp:59] profiler_stopUSDT:2026-09-09 05:04:09 491:491 SyncActivityProfilerHandler.cpp:59] profiler_stopUSDT:2026-09-09 05:04:09 488:488 SyncActivityProfilerHandler.cpp:59] profiler_stop



   - EP:  11/32 | expanded dispatch: 17 GB/s (SO), 33 GB/s (SU), 193.087 us, 6334848 bytes | copy: 402 GB/s, 34.580 us
   - EP:  13/32 | expanded dispatch: 16 GB/s (SO), 32 GB/s (SU), 193.111 us, 6215040 bytes | copy: 403 GB/s, 36.741 us
   - EP:  12/32 | expanded dispatch: 16 GB/s (SO), 30 GB/s (SU), 192.962 us, 5780736 bytes | copy: 395 GB/s, 33.472 us
   - EP:  10/32 | expanded dispatch: 16 GB/s (SO), 32 GB/s (SU), 193.140 us, 6102720 bytes | copy: 409 GB/s, 33.492 us
   - EP:  14/32 | expanded dispatch: 16 GB/s (SO), 31 GB/s (SU), 193.121 us, 6012864 bytes | copy: 380 GB/s, 36.012 us
   - EP:  15/32 | expanded dispatch: 15 GB/s (SO), 32 GB/s (SU), 193.205 us, 6147648 bytes | copy: 385 GB/s, 35.547 us
   - EP:   9/32 | expanded dispatch: 17 GB/s (SO), 32 GB/s (SU), 192.755 us, 6200064 bytes | copy: 2517 GB/s, 5.877 us
   - EP:   8/32 | expanded dispatch: 17 GB/s (SO), 32 GB/s (SU), 193.033 us, 6222528 bytes | copy: 404 GB/s, 34.333 us
USDT:2026-09-09 05:04:10 493:493 SyncActivityProfilerHandler.cpp:52] profiler_startUSDT:2026-09-09 05:04:10 490:490 SyncActivityProfilerHandler.cpp:52] profiler_startUSDT:2026-09-09 05:04:10 492:492 SyncActivityProfilerHandler.cpp:52] profiler_start


USDT:2026-09-09 05:04:10 489:489 SyncActivityProfilerHandler.cpp:52] profiler_start
USDT:2026-09-09 05:04:10 488:488 SyncActivityProfilerHandler.cpp:52] profiler_startUSDT:2026-09-09 05:04:10 487:487 SyncActivityProfilerHandler.cpp:52] profiler_startUSDT:2026-09-09 05:04:10 494:494 SyncActivityProfilerHandler.cpp:52] profiler_startUSDT:2026-09-09 05:04:10 491:491 SyncActivityProfilerHandler.cpp:52] profiler_start



USDT:2026-09-09 05:04:10 488:488 SyncActivityProfilerHandler.cpp:59] profiler_stopUSDT:2026-09-09 05:04:10 494:494 SyncActivityProfilerHandler.cpp:59] profiler_stopUSDT:2026-09-09 05:04:10 487:487 SyncActivityProfilerHandler.cpp:59] profiler_stopUSDT:2026-09-09 05:04:10 491:491 SyncActivityProfilerHandler.cpp:59] profiler_stopUSDT:2026-09-09 05:04:10 492:492 SyncActivityProfilerHandler.cpp:59] profiler_stopUSDT:2026-09-09 05:04:10 490:490 SyncActivityProfilerHandler.cpp:59] profiler_stopUSDT:2026-09-09 05:04:10 493:493 SyncActivityProfilerHandler.cpp:59] profiler_stop






USDT:2026-09-09 05:04:10 489:489 SyncActivityProfilerHandler.cpp:59] profiler_stop
   # EP:  12/32 | cached dispatch: 17 GB/s (SO), 31 GB/s (SU), 186.449 us, 5780736 bytes | copy: 393 GB/s, 29.412 us
   # EP:   8/32 | cached dispatch: 18 GB/s (SO), 33 GB/s (SU), 186.630 us, 6222528 bytes | copy: 417 GB/s, 29.849 us
   # EP:  14/32 | cached dispatch: 16 GB/s (SO), 32 GB/s (SU), 186.556 us, 6012864 bytes | copy: 392 GB/s, 30.704 us
   # EP:  13/32 | cached dispatch: 17 GB/s (SO), 33 GB/s (SU), 186.606 us, 6215040 bytes | copy: 398 GB/s, 31.251 us
   # EP:  15/32 | cached dispatch: 16 GB/s (SO), 33 GB/s (SU), 186.731 us, 6147648 bytes | copy: 388 GB/s, 31.703 us
   # EP:  11/32 | cached dispatch: 17 GB/s (SO), 34 GB/s (SU), 186.620 us, 6334848 bytes | copy: 412 GB/s, 30.780 us
   # EP:  10/32 | cached dispatch: 17 GB/s (SO), 33 GB/s (SU), 186.653 us, 6102720 bytes | copy: 406 GB/s, 30.093 us
   # EP:   9/32 | cached dispatch: 17 GB/s (SO), 33 GB/s (SU), 186.204 us, 6200064 bytes | copy: 2947 GB/s, 4.207 us
USDT:2026-09-09 05:04:11 492:492 SyncActivityProfilerHandler.cpp:52] profiler_startUSDT:2026-09-09 05:04:11 489:489 SyncActivityProfilerHandler.cpp:52] profiler_startUSDT:2026-09-09 05:04:11 490:490 SyncActivityProfilerHandler.cpp:52] profiler_startUSDT:2026-09-09 05:04:11 493:493 SyncActivityProfilerHandler.cpp:52] profiler_startUSDT:2026-09-09 05:04:11 487:487 SyncActivityProfilerHandler.cpp:52] profiler_startUSDT:2026-09-09 05:04:11 488:488 SyncActivityProfilerHandler.cpp:52] profiler_startUSDT:2026-09-09 05:04:11 494:494 SyncActivityProfilerHandler.cpp:52] profiler_startUSDT:2026-09-09 05:04:11 491:491 SyncActivityProfilerHandler.cpp:52] profiler_start







USDT:2026-09-09 05:04:11 487:487 SyncActivityProfilerHandler.cpp:59] profiler_stopUSDT:2026-09-09 05:04:11 494:494 SyncActivityProfilerHandler.cpp:59] profiler_stopUSDT:2026-09-09 05:04:11 491:491 SyncActivityProfilerHandler.cpp:59] profiler_stopUSDT:2026-09-09 05:04:11 493:493 SyncActivityProfilerHandler.cpp:59] profiler_stopUSDT:2026-09-09 05:04:11 492:492 SyncActivityProfilerHandler.cpp:59] profiler_stopUSDT:2026-09-09 05:04:11 490:490 SyncActivityProfilerHandler.cpp:59] profiler_stop





USDT:2026-09-09 05:04:11 489:489 SyncActivityProfilerHandler.cpp:59] profiler_stop
USDT:2026-09-09 05:04:11 488:488 SyncActivityProfilerHandler.cpp:59] profiler_stop
   @ EP:  12/32 | combine: 27 GB/s (SO), 49 GB/s (SU), 226.423 us, 11092096 bytes | reduce: 1085 GB/s, 7.166 us
   @ EP:   8/32 | combine: 28 GB/s (SO), 52 GB/s (SU), 228.259 us, 11939808 bytes | reduce: 1080 GB/s, 7.452 us
   @ EP:  14/32 | combine: 26 GB/s (SO), 51 GB/s (SU), 224.599 us, 11537504 bytes | reduce: 998 GB/s, 7.515 us
   @ EP:  15/32 | combine: 25 GB/s (SO), 53 GB/s (SU), 224.401 us, 11796128 bytes | reduce: 987 GB/s, 7.421 us
   @ EP:  13/32 | combine: 27 GB/s (SO), 53 GB/s (SU), 223.363 us, 11925440 bytes | reduce: 1025 GB/s, 7.412 us
   @ EP:  10/32 | combine: 27 GB/s (SO), 51 GB/s (SU), 228.461 us, 11709920 bytes | reduce: 1057 GB/s, 7.354 us
   @ EP:  11/32 | combine: 27 GB/s (SO), 54 GB/s (SU), 225.993 us, 12155328 bytes | reduce: 1068 GB/s, 7.320 us
   @ EP:   9/32 | combine: 26 GB/s (SO), 51 GB/s (SU), 235.036 us, 11896704 bytes | reduce: 1086 GB/s, 7.303 us
USDT:2026-09-09 05:04:11 492:492 SyncActivityProfilerHandler.cpp:52] profiler_start
USDT:2026-09-09 05:04:11 493:493 SyncActivityProfilerHandler.cpp:52] profiler_start
USDT:2026-09-09 05:04:11 489:489 SyncActivityProfilerHandler.cpp:52] profiler_start
USDT:2026-09-09 05:04:11 490:490 SyncActivityProfilerHandler.cpp:52] profiler_start
USDT:2026-09-09 05:04:11 491:491 SyncActivityProfilerHandler.cpp:52] profiler_startUSDT:2026-09-09 05:04:11 494:494 SyncActivityProfilerHandler.cpp:52] profiler_start

USDT:2026-09-09 05:04:11 488:488 SyncActivityProfilerHandler.cpp:52] profiler_start
USDT:2026-09-09 05:04:11 487:487 SyncActivityProfilerHandler.cpp:52] profiler_start
USDT:2026-09-09 05:04:12 493:493 SyncActivityProfilerHandler.cpp:59] profiler_stopUSDT:2026-09-09 05:04:12 487:487 SyncActivityProfilerHandler.cpp:59] profiler_stopUSDT:2026-09-09 05:04:12 492:492 SyncActivityProfilerHandler.cpp:59] profiler_stopUSDT:2026-09-09 05:04:12 494:494 SyncActivityProfilerHandler.cpp:59] profiler_stopUSDT:2026-09-09 05:04:12 491:491 SyncActivityProfilerHandler.cpp:59] profiler_stop




USDT:2026-09-09 05:04:12 490:490 SyncActivityProfilerHandler.cpp:59] profiler_stop
USDT:2026-09-09 05:04:12 489:489 SyncActivityProfilerHandler.cpp:59] profiler_stopUSDT:2026-09-09 05:04:12 488:488 SyncActivityProfilerHandler.cpp:59] profiler_stop

   + EP:  12/32 | reduced combine: 27 GB/s (SO), 48 GB/s (SU), 229.274 us, 11092096 bytes | reduce: 1078 GB/s, 7.209 us
   + EP:  15/32 | reduced combine: 25 GB/s (SO), 52 GB/s (SU), 226.726 us, 11796128 bytes | reduce: 991 GB/s, 7.395 us   + EP:  14/32 | reduced combine: 26 GB/s (SO), 51 GB/s (SU), 228.009 us, 11537504 bytes | reduce: 998 GB/s, 7.516 us

   + EP:  13/32 | reduced combine: 26 GB/s (SO), 52 GB/s (SU), 228.185 us, 11925440 bytes | reduce: 1032 GB/s, 7.363 us
   + EP:  11/32 | reduced combine: 27 GB/s (SO), 53 GB/s (SU), 230.758 us, 12155328 bytes | reduce: 1083 GB/s, 7.214 us
   + EP:  10/32 | reduced combine: 26 GB/s (SO), 51 GB/s (SU), 229.882 us, 11709920 bytes | reduce: 1032 GB/s, 7.530 us
   + EP:   9/32 | reduced combine: 26 GB/s (SO), 49 GB/s (SU), 241.628 us, 11896704 bytes | reduce: 1074 GB/s, 7.387 us
   + EP:   8/32 | reduced combine: 27 GB/s (SO), 52 GB/s (SU), 231.559 us, 11939808 bytes | reduce: 1073 GB/s, 7.500 us


