=== EP_NIC_NAME=rdmap110s0 (auto, 200 Gb/s) ===
=== GIN: NCCL_GIN_TYPE=5 NCCL_SYM_GIN_KERNELS_ENABLE=0 ===
=== PREFER_OVERLAP=0 (--prefer-overlap-with-compute) ===
=== IMAGE=deepep-v2-efa-official:sm90-3c737dc  DeepEP=3c737dcf0da5889ba7efd26e05b4808307cc38af ===
+ docker run --rm --init --gpus all --privileged --network=host --ipc=host --ulimit memlock=-1 --ulimit stack=67108864 --device=/dev/infiniband --device=/dev/gdrdrv -v /sys/class/infiniband:/sys/class/infiniband:ro -e MASTER_ADDR=172.31.28.159 -e MASTER_PORT=8908 -e WORLD_SIZE=4 -e RANK=1 -e NCCL_DEBUG=WARN -e EP_NIC_NAME=rdmap110s0 -e NCCL_GIN_TYPE=5 -e NCCL_SYM_GIN_KERNELS_ENABLE=0 -e PYTHONUNBUFFERED=1 -e PYTHONFAULTHANDLER=1 deepep-v2-efa-official:sm90-3c737dc bash -lc 'timeout -s ABRT --kill-after=60 1800     python3 -u /opt/DeepEP/tests/elastic/test_ep.py     --num-processes=8 --num-tokens=8192     --hidden=7168 --num-topk=8 --num-experts=256     --num-sms=12 --allow-hybrid-mode=1     --prefer-overlap-with-compute=0 --test-first-only      '

==========
== CUDA ==
==========

CUDA Version 13.0.2

Container image Copyright (c) 2016-2023, NVIDIA CORPORATION & AFFILIATES. All rights reserved.

This container image and its contents are governed by the NVIDIA Deep Learning Container License.
By pulling and using the container, you accept the terms and conditions of this license:
https://developer.nvidia.com/ngc/nvidia-deep-learning-container-license

A copy of this license is made available in this container at /NGC-DL-CONTAINER-LICENSE for your convenience.

DeepEP hybrid kernel selection: unordered
DeepEP hybrid kernel selection: unordered
DeepEP hybrid kernel selection: unordered
DeepEP hybrid kernel selection: unordered
DeepEP hybrid kernel selection: unordered
DeepEP hybrid kernel selection: unordered
DeepEP hybrid kernel selection: unordered
DeepEP hybrid kernel selection: unordered
DeepEP hybrid kernel selection: unordered
DeepEP hybrid kernel selection: unordered
DeepEP hybrid kernel selection: unordered
DeepEP hybrid kernel selection: unordered
DeepEP hybrid kernel selection: unordered
DeepEP hybrid kernel selection: unordered
DeepEP hybrid kernel selection: unordered
DeepEP hybrid kernel selection: unordered
Config:
 > Ranks: 4 x 8
 > Experts: 8/256
 > Tokens: 8184 (max: 8192), hidden: 7168
 > #SM: 12, #QPs: 13/13

Running all test cases:
 > Testing with do_handle_copy=1, expert_alignment=128, use_fp8_dispatch=1, num_bias=0, with_previous_event=0, async_with_compute_stream=0, allocate_on_comm_stream=0 ...
USDT:2026-09-09 03:49:22 488:488 SyncActivityProfilerHandler.cpp:52] profiler_startUSDT:2026-09-09 03:49:22 490:490 SyncActivityProfilerHandler.cpp:52] profiler_startUSDT:2026-09-09 03:49:22 489:489 SyncActivityProfilerHandler.cpp:52] profiler_startUSDT:2026-09-09 03:49:22 485:485 SyncActivityProfilerHandler.cpp:52] profiler_startUSDT:2026-09-09 03:49:22 486:486 SyncActivityProfilerHandler.cpp:52] profiler_startUSDT:2026-09-09 03:49:22 491:491 SyncActivityProfilerHandler.cpp:52] profiler_start
USDT:2026-09-09 03:49:22 487:487 SyncActivityProfilerHandler.cpp:52] profiler_start




USDT:2026-09-09 03:49:22 492:492 SyncActivityProfilerHandler.cpp:52] profiler_start

USDT:2026-09-09 03:49:23 487:487 SyncActivityProfilerHandler.cpp:59] profiler_stopUSDT:2026-09-09 03:49:23 492:492 SyncActivityProfilerHandler.cpp:59] profiler_stopUSDT:2026-09-09 03:49:23 485:485 SyncActivityProfilerHandler.cpp:59] profiler_stopUSDT:2026-09-09 03:49:23 486:486 SyncActivityProfilerHandler.cpp:59] profiler_stopUSDT:2026-09-09 03:49:23 491:491 SyncActivityProfilerHandler.cpp:59] profiler_stopUSDT:2026-09-09 03:49:23 489:489 SyncActivityProfilerHandler.cpp:59] profiler_stop

USDT:2026-09-09 03:49:23 488:488 SyncActivityProfilerHandler.cpp:59] profiler_stop




USDT:2026-09-09 03:49:23 490:490 SyncActivityProfilerHandler.cpp:59] profiler_stop
   * EP:  12/32 | dispatch: 56 GB/s (SO), 112 GB/s (SU), 3977.000 us, 445917888 bytes | copy: 2581 GB/s, 345.588 us
   * EP:  13/32 | dispatch: 56 GB/s (SO), 112 GB/s (SU), 3977.000 us, 445513536 bytes | copy: 2892 GB/s, 308.102 us
   * EP:  10/32 | dispatch: 56 GB/s (SO), 112 GB/s (SU), 3978.000 us, 443776320 bytes | copy: 2582 GB/s, 343.800 us
   * EP:  14/32 | dispatch: 56 GB/s (SO), 112 GB/s (SU), 3978.000 us, 444255552 bytes | copy: 2588 GB/s, 343.331 us
   * EP:   8/32 | dispatch: 56 GB/s (SO), 111 GB/s (SU), 3978.000 us, 442668096 bytes | copy: 2920 GB/s, 303.157 us
   * EP:  15/32 | dispatch: 56 GB/s (SO), 112 GB/s (SU), 3978.000 us, 444629952 bytes | copy: 2414 GB/s, 368.359 us
   * EP:   9/32 | dispatch: 56 GB/s (SO), 112 GB/s (SU), 3978.000 us, 444158208 bytes | copy: 2789 GB/s, 318.451 us
   * EP:  11/32 | dispatch: 56 GB/s (SO), 112 GB/s (SU), 3978.000 us, 446112576 bytes | copy: 2702 GB/s, 330.195 us
USDT:2026-09-09 03:49:23 487:487 SyncActivityProfilerHandler.cpp:52] profiler_startUSDT:2026-09-09 03:49:23 491:491 SyncActivityProfilerHandler.cpp:52] profiler_startUSDT:2026-09-09 03:49:23 489:489 SyncActivityProfilerHandler.cpp:52] profiler_startUSDT:2026-09-09 03:49:23 488:488 SyncActivityProfilerHandler.cpp:52] profiler_startUSDT:2026-09-09 03:49:23 485:485 SyncActivityProfilerHandler.cpp:52] profiler_startUSDT:2026-09-09 03:49:23 492:492 SyncActivityProfilerHandler.cpp:52] profiler_start
USDT:2026-09-09 03:49:23 486:486 SyncActivityProfilerHandler.cpp:52] profiler_start





USDT:2026-09-09 03:49:23 490:490 SyncActivityProfilerHandler.cpp:52] profiler_start
USDT:2026-09-09 03:49:24 489:489 SyncActivityProfilerHandler.cpp:59] profiler_stopUSDT:2026-09-09 03:49:24 491:491 SyncActivityProfilerHandler.cpp:59] profiler_stopUSDT:2026-09-09 03:49:24 486:486 SyncActivityProfilerHandler.cpp:59] profiler_stopUSDT:2026-09-09 03:49:24 485:485 SyncActivityProfilerHandler.cpp:59] profiler_stopUSDT:2026-09-09 03:49:24 487:487 SyncActivityProfilerHandler.cpp:59] profiler_stop




USDT:2026-09-09 03:49:24 492:492 SyncActivityProfilerHandler.cpp:59] profiler_stopUSDT:2026-09-09 03:49:24 488:488 SyncActivityProfilerHandler.cpp:59] profiler_stopUSDT:2026-09-09 03:49:24 490:490 SyncActivityProfilerHandler.cpp:59] profiler_stop


   - EP:  12/32 | expanded dispatch: 56 GB/s (SO), 112 GB/s (SU), 3964.000 us, 445917888 bytes | copy: 2444 GB/s, 385.391 us
   - EP:  13/32 | expanded dispatch: 56 GB/s (SO), 112 GB/s (SU), 3964.000 us, 445513536 bytes | copy: 2584 GB/s, 364.593 us
   - EP:  10/32 | expanded dispatch: 56 GB/s (SO), 112 GB/s (SU), 3964.000 us, 443776320 bytes | copy: 2342 GB/s, 400.386 us
   - EP:  14/32 | expanded dispatch: 56 GB/s (SO), 112 GB/s (SU), 3964.000 us, 444255552 bytes | copy: 2361 GB/s, 397.518 us
   - EP:   8/32 | expanded dispatch: 56 GB/s (SO), 112 GB/s (SU), 3964.000 us, 442668096 bytes | copy: 2630 GB/s, 356.232 us
   - EP:  15/32 | expanded dispatch: 56 GB/s (SO), 112 GB/s (SU), 3964.000 us, 444629952 bytes | copy: 2379 GB/s, 395.343 us
   - EP:   9/32 | expanded dispatch: 56 GB/s (SO), 112 GB/s (SU), 3964.000 us, 444158208 bytes | copy: 2563 GB/s, 366.334 us
   - EP:  11/32 | expanded dispatch: 56 GB/s (SO), 113 GB/s (SU), 3964.000 us, 446112576 bytes | copy: 2492 GB/s, 377.993 us
USDT:2026-09-09 03:49:24 488:488 SyncActivityProfilerHandler.cpp:52] profiler_startUSDT:2026-09-09 03:49:24 485:485 SyncActivityProfilerHandler.cpp:52] profiler_startUSDT:2026-09-09 03:49:24 487:487 SyncActivityProfilerHandler.cpp:52] profiler_startUSDT:2026-09-09 03:49:24 492:492 SyncActivityProfilerHandler.cpp:52] profiler_startUSDT:2026-09-09 03:49:24 486:486 SyncActivityProfilerHandler.cpp:52] profiler_start


USDT:2026-09-09 03:49:24 491:491 SyncActivityProfilerHandler.cpp:52] profiler_startUSDT:2026-09-09 03:49:24 489:489 SyncActivityProfilerHandler.cpp:52] profiler_start



USDT:2026-09-09 03:49:24 490:490 SyncActivityProfilerHandler.cpp:52] profiler_start
USDT:2026-09-09 03:49:25 488:488 SyncActivityProfilerHandler.cpp:59] profiler_stop
USDT:2026-09-09 03:49:25 486:486 SyncActivityProfilerHandler.cpp:59] profiler_stopUSDT:2026-09-09 03:49:25 485:485 SyncActivityProfilerHandler.cpp:59] profiler_stopUSDT:2026-09-09 03:49:25 492:492 SyncActivityProfilerHandler.cpp:59] profiler_stop
USDT:2026-09-09 03:49:25 491:491 SyncActivityProfilerHandler.cpp:59] profiler_stop
USDT:2026-09-09 03:49:25 487:487 SyncActivityProfilerHandler.cpp:59] profiler_stop
USDT:2026-09-09 03:49:25 489:489 SyncActivityProfilerHandler.cpp:59] profiler_stop


USDT:2026-09-09 03:49:25 490:490 SyncActivityProfilerHandler.cpp:59] profiler_stop
   # EP:  12/32 | cached dispatch: 56 GB/s (SO), 113 GB/s (SU), 3938.000 us, 445917888 bytes | copy: 2820 GB/s, 316.215 us
   # EP:  13/32 | cached dispatch: 56 GB/s (SO), 113 GB/s (SU), 3938.000 us, 445513536 bytes | copy: 3042 GB/s, 292.889 us
   # EP:  11/32 | cached dispatch: 56 GB/s (SO), 113 GB/s (SU), 3938.000 us, 446112576 bytes | copy: 2950 GB/s, 302.471 us
   # EP:  14/32 | cached dispatch: 56 GB/s (SO), 113 GB/s (SU), 3938.000 us, 444255552 bytes | copy: 2774 GB/s, 320.265 us
   # EP:  10/32 | cached dispatch: 56 GB/s (SO), 113 GB/s (SU), 3938.000 us, 443776320 bytes | copy: 2737 GB/s, 324.266 us
   # EP:  15/32 | cached dispatch: 56 GB/s (SO), 113 GB/s (SU), 3938.000 us, 444629952 bytes | copy: 2794 GB/s, 318.221 us
   # EP:   8/32 | cached dispatch: 56 GB/s (SO), 112 GB/s (SU), 3938.000 us, 442668096 bytes | copy: 2859 GB/s, 309.619 us
   # EP:   9/32 | cached dispatch: 56 GB/s (SO), 113 GB/s (SU), 3938.000 us, 444158208 bytes | copy: 3080 GB/s, 288.418 us
USDT:2026-09-09 03:49:25 490:490 SyncActivityProfilerHandler.cpp:52] profiler_start
USDT:2026-09-09 03:49:25 489:489 SyncActivityProfilerHandler.cpp:52] profiler_start
USDT:2026-09-09 03:49:25 491:491 SyncActivityProfilerHandler.cpp:52] profiler_start
USDT:2026-09-09 03:49:25 486:486 SyncActivityProfilerHandler.cpp:52] profiler_start
USDT:2026-09-09 03:49:25 488:488 SyncActivityProfilerHandler.cpp:52] profiler_start
USDT:2026-09-09 03:49:25 492:492 SyncActivityProfilerHandler.cpp:52] profiler_start
USDT:2026-09-09 03:49:25 487:487 SyncActivityProfilerHandler.cpp:52] profiler_startUSDT:2026-09-09 03:49:25 485:485 SyncActivityProfilerHandler.cpp:52] profiler_start

USDT:2026-09-09 03:49:26 489:489 SyncActivityProfilerHandler.cpp:59] profiler_stop
USDT:2026-09-09 03:49:26 488:488 SyncActivityProfilerHandler.cpp:59] profiler_stop
USDT:2026-09-09 03:49:26 490:490 SyncActivityProfilerHandler.cpp:59] profiler_stop
USDT:2026-09-09 03:49:26 486:486 SyncActivityProfilerHandler.cpp:59] profiler_stopUSDT:2026-09-09 03:49:26 487:487 SyncActivityProfilerHandler.cpp:59] profiler_stop

USDT:2026-09-09 03:49:26 485:485 SyncActivityProfilerHandler.cpp:59] profiler_stop
USDT:2026-09-09 03:49:26 492:492 SyncActivityProfilerHandler.cpp:59] profiler_stop
USDT:2026-09-09 03:49:26 491:491 SyncActivityProfilerHandler.cpp:59] profiler_stop
   @ EP:  11/32 | combine: 56 GB/s (SO), 114 GB/s (SU), 7526.000 us, 856002336 bytes | reduce: 3593 GB/s, 150.769 us
   @ EP:  12/32 | combine: 57 GB/s (SO), 114 GB/s (SU), 7481.000 us, 855628768 bytes | reduce: 3614 GB/s, 150.342 us
   @ EP:  13/32 | combine: 57 GB/s (SO), 113 GB/s (SU), 7540.000 us, 854852896 bytes | reduce: 3623 GB/s, 150.075 us
   @ EP:   8/32 | combine: 56 GB/s (SO), 111 GB/s (SU), 7660.000 us, 849393056 bytes | reduce: 3625 GB/s, 149.768 us
   @ EP:   9/32 | combine: 57 GB/s (SO), 113 GB/s (SU), 7510.000 us, 852252288 bytes | reduce: 3614 GB/s, 150.134 us   @ EP:  10/32 | combine: 56 GB/s (SO), 112 GB/s (SU), 7600.000 us, 851519520 bytes | reduce: 3611 GB/s, 150.128 us

   @ EP:  15/32 | combine: 57 GB/s (SO), 114 GB/s (SU), 7493.000 us, 853157472 bytes | reduce: 3602 GB/s, 150.223 us
   @ EP:  14/32 | combine: 57 GB/s (SO), 114 GB/s (SU), 7506.000 us, 852439072 bytes | reduce: 3588 GB/s, 151.267 us
USDT:2026-09-09 03:49:27 491:491 SyncActivityProfilerHandler.cpp:52] profiler_start
USDT:2026-09-09 03:49:27 488:488 SyncActivityProfilerHandler.cpp:52] profiler_start
USDT:2026-09-09 03:49:27 492:492 SyncActivityProfilerHandler.cpp:52] profiler_start
USDT:2026-09-09 03:49:27 486:486 SyncActivityProfilerHandler.cpp:52] profiler_start
USDT:2026-09-09 03:49:27 489:489 SyncActivityProfilerHandler.cpp:52] profiler_start
USDT:2026-09-09 03:49:27 485:485 SyncActivityProfilerHandler.cpp:52] profiler_start
USDT:2026-09-09 03:49:27 490:490 SyncActivityProfilerHandler.cpp:52] profiler_start
USDT:2026-09-09 03:49:27 487:487 SyncActivityProfilerHandler.cpp:52] profiler_start
USDT:2026-09-09 03:49:27 491:491 SyncActivityProfilerHandler.cpp:59] profiler_stop
USDT:2026-09-09 03:49:27 488:488 SyncActivityProfilerHandler.cpp:59] profiler_stop
USDT:2026-09-09 03:49:27 486:486 SyncActivityProfilerHandler.cpp:59] profiler_stopUSDT:2026-09-09 03:49:27 487:487 SyncActivityProfilerHandler.cpp:59] profiler_stop

USDT:2026-09-09 03:49:27 489:489 SyncActivityProfilerHandler.cpp:59] profiler_stop
USDT:2026-09-09 03:49:27 485:485 SyncActivityProfilerHandler.cpp:59] profiler_stopUSDT:2026-09-09 03:49:27 492:492 SyncActivityProfilerHandler.cpp:59] profiler_stop

USDT:2026-09-09 03:49:27 490:490 SyncActivityProfilerHandler.cpp:59] profiler_stop
   + EP:  11/32 | reduced combine: 52 GB/s (SO), 105 GB/s (SU), 8149.000 us, 856002336 bytes | reduce: 3579 GB/s, 151.395 us
   + EP:  14/32 | reduced combine: 54 GB/s (SO), 108 GB/s (SU), 7921.000 us, 852439072 bytes | reduce: 3584 GB/s, 151.468 us
   + EP:   8/32 | reduced combine: 50 GB/s (SO), 101 GB/s (SU), 8430.000 us, 849393056 bytes | reduce: 3614 GB/s, 150.252 us
   + EP:  15/32 | reduced combine: 50 GB/s (SO), 101 GB/s (SU), 8425.000 us, 853157472 bytes | reduce: 3599 GB/s, 150.363 us
   + EP:   9/32 | reduced combine: 50 GB/s (SO), 101 GB/s (SU), 8420.000 us, 852252288 bytes | reduce: 3606 GB/s, 150.451 us   + EP:  10/32 | reduced combine: 50 GB/s (SO), 101 GB/s (SU), 8415.000 us, 851519520 bytes | reduce: 3607 GB/s, 150.288 us   + EP:  12/32 | reduced combine: 51 GB/s (SO), 102 GB/s (SU), 8399.000 us, 855628768 bytes | reduce: 3603 GB/s, 150.791 us


   + EP:  13/32 | reduced combine: 50 GB/s (SO), 101 GB/s (SU), 8456.000 us, 854852896 bytes | reduce: 3615 GB/s, 150.400 us


