=== EP_NIC_NAME=rdmap110s0 (auto, 200 Gb/s) ===
=== GIN: NCCL_GIN_TYPE=5 NCCL_SYM_GIN_KERNELS_ENABLE=0 ===
=== PREFER_OVERLAP=0 (--prefer-overlap-with-compute) ===
=== IMAGE=deepep-v2-efa-official:sm90-3c737dc  DeepEP=3c737dcf0da5889ba7efd26e05b4808307cc38af ===
+ docker run --rm --init --gpus all --privileged --network=host --ipc=host --ulimit memlock=-1 --ulimit stack=67108864 --device=/dev/infiniband --device=/dev/gdrdrv -v /sys/class/infiniband:/sys/class/infiniband:ro -e MASTER_ADDR=172.31.28.159 -e MASTER_PORT=8909 -e WORLD_SIZE=4 -e RANK=3 -e NCCL_DEBUG=WARN -e EP_NIC_NAME=rdmap110s0 -e NCCL_GIN_TYPE=5 -e NCCL_SYM_GIN_KERNELS_ENABLE=0 -e PYTHONUNBUFFERED=1 -e PYTHONFAULTHANDLER=1 deepep-v2-efa-official:sm90-3c737dc bash -lc 'timeout -s ABRT --kill-after=60 1800     python3 -u /opt/DeepEP/tests/elastic/test_ep.py     --num-processes=8 --num-tokens=128     --hidden=7168 --num-topk=8 --num-experts=256     --num-sms=12 --allow-hybrid-mode=1     --prefer-overlap-with-compute=0 --test-first-only      '

==========
== CUDA ==
==========

CUDA Version 13.0.2

Container image Copyright (c) 2016-2023, NVIDIA CORPORATION & AFFILIATES. All rights reserved.

This container image and its contents are governed by the NVIDIA Deep Learning Container License.
By pulling and using the container, you accept the terms and conditions of this license:
https://developer.nvidia.com/ngc/nvidia-deep-learning-container-license

A copy of this license is made available in this container at /NGC-DL-CONTAINER-LICENSE for your convenience.

DeepEP hybrid kernel selection: unordered
DeepEP hybrid kernel selection: unordered
DeepEP hybrid kernel selection: unordered
DeepEP hybrid kernel selection: unordered
DeepEP hybrid kernel selection: unordered
DeepEP hybrid kernel selection: unordered
DeepEP hybrid kernel selection: unordered
DeepEP hybrid kernel selection: unordered
DeepEP hybrid kernel selection: unordered
DeepEP hybrid kernel selection: unordered
DeepEP hybrid kernel selection: unordered
DeepEP hybrid kernel selection: unordered
DeepEP hybrid kernel selection: unordered
DeepEP hybrid kernel selection: unordered
DeepEP hybrid kernel selection: unordered
DeepEP hybrid kernel selection: unordered
Config:
 > Ranks: 4 x 8
 > Experts: 8/256
 > Tokens: 104 (max: 128), hidden: 7168
 > #SM: 12, #QPs: 13/13

Running all test cases:
 > Testing with do_handle_copy=1, expert_alignment=128, use_fp8_dispatch=1, num_bias=0, with_previous_event=0, async_with_compute_stream=0, allocate_on_comm_stream=0 ...
USDT:2026-09-09 03:51:27 488:488 SyncActivityProfilerHandler.cpp:52] profiler_startUSDT:2026-09-09 03:51:27 489:489 SyncActivityProfilerHandler.cpp:52] profiler_startUSDT:2026-09-09 03:51:27 494:494 SyncActivityProfilerHandler.cpp:52] profiler_startUSDT:2026-09-09 03:51:27 490:490 SyncActivityProfilerHandler.cpp:52] profiler_startUSDT:2026-09-09 03:51:27 492:492 SyncActivityProfilerHandler.cpp:52] profiler_startUSDT:2026-09-09 03:51:27 495:495 SyncActivityProfilerHandler.cpp:52] profiler_startUSDT:2026-09-09 03:51:27 493:493 SyncActivityProfilerHandler.cpp:52] profiler_start






USDT:2026-09-09 03:51:27 491:491 SyncActivityProfilerHandler.cpp:52] profiler_start
USDT:2026-09-09 03:51:28 495:495 SyncActivityProfilerHandler.cpp:59] profiler_stopUSDT:2026-09-09 03:51:28 493:493 SyncActivityProfilerHandler.cpp:59] profiler_stopUSDT:2026-09-09 03:51:28 489:489 SyncActivityProfilerHandler.cpp:59] profiler_stopUSDT:2026-09-09 03:51:28 488:488 SyncActivityProfilerHandler.cpp:59] profiler_stopUSDT:2026-09-09 03:51:28 492:492 SyncActivityProfilerHandler.cpp:59] profiler_stop

USDT:2026-09-09 03:51:28 494:494 SyncActivityProfilerHandler.cpp:59] profiler_stop



USDT:2026-09-09 03:51:28 491:491 SyncActivityProfilerHandler.cpp:59] profiler_stop
USDT:2026-09-09 03:51:28 490:490 SyncActivityProfilerHandler.cpp:59] profiler_stop
   * EP:  24/32 | dispatch: 16 GB/s (SO), 38 GB/s (SU), 170.941 us, 6424704 bytes | copy: 1656 GB/s, 7.760 us
   * EP:  29/32 | dispatch: 16 GB/s (SO), 34 GB/s (SU), 170.908 us, 5818176 bytes | copy: 1286 GB/s, 9.049 us
   * EP:  28/32 | dispatch: 16 GB/s (SO), 36 GB/s (SU), 170.852 us, 6177600 bytes | copy: 1230 GB/s, 10.045 us
   * EP:  25/32 | dispatch: 16 GB/s (SO), 34 GB/s (SU), 170.833 us, 5863104 bytes | copy: 1368 GB/s, 8.570 us
   * EP:  31/32 | dispatch: 16 GB/s (SO), 35 GB/s (SU), 170.897 us, 5923008 bytes | copy: 1124 GB/s, 10.536 us
   * EP:  30/32 | dispatch: 15 GB/s (SO), 37 GB/s (SU), 170.888 us, 6342336 bytes | copy: 1100 GB/s, 11.535 us
   * EP:  26/32 | dispatch: 16 GB/s (SO), 36 GB/s (SU), 170.902 us, 6200064 bytes | copy: 1386 GB/s, 8.944 us
   * EP:  27/32 | dispatch: 16 GB/s (SO), 36 GB/s (SU), 170.920 us, 6215040 bytes | copy: 1238 GB/s, 10.040 us
USDT:2026-09-09 03:51:28 489:489 SyncActivityProfilerHandler.cpp:52] profiler_startUSDT:2026-09-09 03:51:28 495:495 SyncActivityProfilerHandler.cpp:52] profiler_startUSDT:2026-09-09 03:51:28 491:491 SyncActivityProfilerHandler.cpp:52] profiler_startUSDT:2026-09-09 03:51:28 492:492 SyncActivityProfilerHandler.cpp:52] profiler_start



USDT:2026-09-09 03:51:28 494:494 SyncActivityProfilerHandler.cpp:52] profiler_startUSDT:2026-09-09 03:51:28 490:490 SyncActivityProfilerHandler.cpp:52] profiler_start

USDT:2026-09-09 03:51:28 493:493 SyncActivityProfilerHandler.cpp:52] profiler_start
USDT:2026-09-09 03:51:28 488:488 SyncActivityProfilerHandler.cpp:52] profiler_start
USDT:2026-09-09 03:51:28 495:495 SyncActivityProfilerHandler.cpp:59] profiler_stop
USDT:2026-09-09 03:51:28 494:494 SyncActivityProfilerHandler.cpp:59] profiler_stopUSDT:2026-09-09 03:51:28 489:489 SyncActivityProfilerHandler.cpp:59] profiler_stop

USDT:2026-09-09 03:51:28 488:488 SyncActivityProfilerHandler.cpp:59] profiler_stopUSDT:2026-09-09 03:51:28 491:491 SyncActivityProfilerHandler.cpp:59] profiler_stopUSDT:2026-09-09 03:51:28 493:493 SyncActivityProfilerHandler.cpp:59] profiler_stop


USDT:2026-09-09 03:51:28 490:490 SyncActivityProfilerHandler.cpp:59] profiler_stop
USDT:2026-09-09 03:51:28 492:492 SyncActivityProfilerHandler.cpp:59] profiler_stop
   - EP:  24/32 | expanded dispatch: 16 GB/s (SO), 37 GB/s (SU), 172.311 us, 6424704 bytes | copy: 1472 GB/s, 9.554 us
   - EP:  25/32 | expanded dispatch: 16 GB/s (SO), 34 GB/s (SU), 172.121 us, 5863104 bytes | copy: 1349 GB/s, 9.880 us
   - EP:  29/32 | expanded dispatch: 16 GB/s (SO), 34 GB/s (SU), 172.234 us, 5818176 bytes | copy: 1190 GB/s, 11.235 us
   - EP:  28/32 | expanded dispatch: 16 GB/s (SO), 36 GB/s (SU), 172.168 us, 6177600 bytes | copy: 1117 GB/s, 12.403 us
   - EP:  31/32 | expanded dispatch: 16 GB/s (SO), 34 GB/s (SU), 172.205 us, 5923008 bytes | copy: 1142 GB/s, 11.824 us
   - EP:  26/32 | expanded dispatch: 16 GB/s (SO), 36 GB/s (SU), 172.220 us, 6200064 bytes | copy: 1417 GB/s, 10.356 us
   - EP:  30/32 | expanded dispatch: 15 GB/s (SO), 37 GB/s (SU), 172.142 us, 6342336 bytes | copy: 1385 GB/s, 10.775 us
   - EP:  27/32 | expanded dispatch: 16 GB/s (SO), 36 GB/s (SU), 172.187 us, 6215040 bytes | copy: 1473 GB/s, 10.593 us
USDT:2026-09-09 03:51:29 489:489 SyncActivityProfilerHandler.cpp:52] profiler_startUSDT:2026-09-09 03:51:29 493:493 SyncActivityProfilerHandler.cpp:52] profiler_startUSDT:2026-09-09 03:51:29 491:491 SyncActivityProfilerHandler.cpp:52] profiler_startUSDT:2026-09-09 03:51:29 492:492 SyncActivityProfilerHandler.cpp:52] profiler_startUSDT:2026-09-09 03:51:29 494:494 SyncActivityProfilerHandler.cpp:52] profiler_startUSDT:2026-09-09 03:51:29 495:495 SyncActivityProfilerHandler.cpp:52] profiler_startUSDT:2026-09-09 03:51:29 488:488 SyncActivityProfilerHandler.cpp:52] profiler_start


USDT:2026-09-09 03:51:29 490:490 SyncActivityProfilerHandler.cpp:52] profiler_start




USDT:2026-09-09 03:51:29 489:489 SyncActivityProfilerHandler.cpp:59] profiler_stopUSDT:2026-09-09 03:51:29 491:491 SyncActivityProfilerHandler.cpp:59] profiler_stopUSDT:2026-09-09 03:51:29 493:493 SyncActivityProfilerHandler.cpp:59] profiler_stop
USDT:2026-09-09 03:51:29 495:495 SyncActivityProfilerHandler.cpp:59] profiler_stopUSDT:2026-09-09 03:51:29 492:492 SyncActivityProfilerHandler.cpp:59] profiler_stopUSDT:2026-09-09 03:51:29 488:488 SyncActivityProfilerHandler.cpp:59] profiler_stop




USDT:2026-09-09 03:51:29 494:494 SyncActivityProfilerHandler.cpp:59] profiler_stop
USDT:2026-09-09 03:51:29 490:490 SyncActivityProfilerHandler.cpp:59] profiler_stop
   # EP:  28/32 | cached dispatch: 16 GB/s (SO), 36 GB/s (SU), 169.614 us, 6177600 bytes | copy: 1227 GB/s, 10.066 us
   # EP:  30/32 | cached dispatch: 15 GB/s (SO), 37 GB/s (SU), 169.612 us, 6342336 bytes | copy: 1136 GB/s, 11.163 us
   # EP:  27/32 | cached dispatch: 16 GB/s (SO), 37 GB/s (SU), 169.579 us, 6215040 bytes | copy: 1329 GB/s, 9.350 us
   # EP:  24/32 | cached dispatch: 17 GB/s (SO), 38 GB/s (SU), 169.676 us, 6424704 bytes | copy: 1474 GB/s, 8.720 us
   # EP:  31/32 | cached dispatch: 16 GB/s (SO), 35 GB/s (SU), 169.709 us, 5923008 bytes | copy: 1143 GB/s, 10.364 us
   # EP:  29/32 | cached dispatch: 16 GB/s (SO), 34 GB/s (SU), 169.608 us, 5818176 bytes | copy: 1282 GB/s, 9.078 us
   # EP:  25/32 | cached dispatch: 16 GB/s (SO), 35 GB/s (SU), 169.585 us, 5863104 bytes | copy: 1468 GB/s, 7.989 us
   # EP:  26/32 | cached dispatch: 16 GB/s (SO), 37 GB/s (SU), 169.602 us, 6200064 bytes | copy: 1155 GB/s, 10.737 us
USDT:2026-09-09 03:51:30 492:492 SyncActivityProfilerHandler.cpp:52] profiler_startUSDT:2026-09-09 03:51:30 495:495 SyncActivityProfilerHandler.cpp:52] profiler_startUSDT:2026-09-09 03:51:30 491:491 SyncActivityProfilerHandler.cpp:52] profiler_startUSDT:2026-09-09 03:51:30 489:489 SyncActivityProfilerHandler.cpp:52] profiler_startUSDT:2026-09-09 03:51:30 494:494 SyncActivityProfilerHandler.cpp:52] profiler_start



USDT:2026-09-09 03:51:30 488:488 SyncActivityProfilerHandler.cpp:52] profiler_startUSDT:2026-09-09 03:51:30 493:493 SyncActivityProfilerHandler.cpp:52] profiler_start
USDT:2026-09-09 03:51:30 490:490 SyncActivityProfilerHandler.cpp:52] profiler_start


USDT:2026-09-09 03:51:30 489:489 SyncActivityProfilerHandler.cpp:59] profiler_stopUSDT:2026-09-09 03:51:30 493:493 SyncActivityProfilerHandler.cpp:59] profiler_stopUSDT:2026-09-09 03:51:30 488:488 SyncActivityProfilerHandler.cpp:59] profiler_stopUSDT:2026-09-09 03:51:30 495:495 SyncActivityProfilerHandler.cpp:59] profiler_stopUSDT:2026-09-09 03:51:30 494:494 SyncActivityProfilerHandler.cpp:59] profiler_stop

USDT:2026-09-09 03:51:30 491:491 SyncActivityProfilerHandler.cpp:59] profiler_stop



USDT:2026-09-09 03:51:30 490:490 SyncActivityProfilerHandler.cpp:59] profiler_stopUSDT:2026-09-09 03:51:30 492:492 SyncActivityProfilerHandler.cpp:59] profiler_stop

   @ EP:  24/32 | combine: 21 GB/s (SO), 49 GB/s (SU), 252.509 us, 12327744 bytes | reduce: 946 GB/s, 7.292 us
   @ EP:  29/32 | combine: 21 GB/s (SO), 46 GB/s (SU), 245.311 us, 11163936 bytes | reduce: 965 GB/s, 6.822 us
   @ EP:  28/32 | combine: 21 GB/s (SO), 48 GB/s (SU), 246.172 us, 11853600 bytes | reduce: 983 GB/s, 6.841 us
   @ EP:  30/32 | combine: 20 GB/s (SO), 50 GB/s (SU), 244.473 us, 12169696 bytes | reduce: 884 GB/s, 7.252 us
   @ EP:  25/32 | combine: 21 GB/s (SO), 45 GB/s (SU), 251.809 us, 11250144 bytes | reduce: 990 GB/s, 6.896 us
   @ EP:  27/32 | combine: 21 GB/s (SO), 48 GB/s (SU), 247.331 us, 11925440 bytes | reduce: 967 GB/s, 6.906 us
   @ EP:  31/32 | combine: 21 GB/s (SO), 47 GB/s (SU), 242.269 us, 11365088 bytes | reduce: 950 GB/s, 6.883 us
   @ EP:  26/32 | combine: 21 GB/s (SO), 48 GB/s (SU), 248.219 us, 11896704 bytes | reduce: 947 GB/s, 7.115 us
USDT:2026-09-09 03:51:30 495:495 SyncActivityProfilerHandler.cpp:52] profiler_startUSDT:2026-09-09 03:51:30 488:488 SyncActivityProfilerHandler.cpp:52] profiler_startUSDT:2026-09-09 03:51:30 492:492 SyncActivityProfilerHandler.cpp:52] profiler_startUSDT:2026-09-09 03:51:30 493:493 SyncActivityProfilerHandler.cpp:52] profiler_start


USDT:2026-09-09 03:51:30 489:489 SyncActivityProfilerHandler.cpp:52] profiler_start
USDT:2026-09-09 03:51:30 491:491 SyncActivityProfilerHandler.cpp:52] profiler_start

USDT:2026-09-09 03:51:30 490:490 SyncActivityProfilerHandler.cpp:52] profiler_start
USDT:2026-09-09 03:51:30 494:494 SyncActivityProfilerHandler.cpp:52] profiler_start
USDT:2026-09-09 03:51:31 495:495 SyncActivityProfilerHandler.cpp:59] profiler_stopUSDT:2026-09-09 03:51:31 489:489 SyncActivityProfilerHandler.cpp:59] profiler_stop

USDT:2026-09-09 03:51:31 492:492 SyncActivityProfilerHandler.cpp:59] profiler_stop
USDT:2026-09-09 03:51:31 491:491 SyncActivityProfilerHandler.cpp:59] profiler_stop
USDT:2026-09-09 03:51:31 488:488 SyncActivityProfilerHandler.cpp:59] profiler_stop
USDT:2026-09-09 03:51:31 493:493 SyncActivityProfilerHandler.cpp:59] profiler_stop
USDT:2026-09-09 03:51:31 494:494 SyncActivityProfilerHandler.cpp:59] profiler_stop
USDT:2026-09-09 03:51:31 490:490 SyncActivityProfilerHandler.cpp:59] profiler_stop
   + EP:  24/32 | reduced combine: 21 GB/s (SO), 48 GB/s (SU), 257.009 us, 12327744 bytes | reduce: 979 GB/s, 7.048 us
   + EP:  31/32 | reduced combine: 21 GB/s (SO), 46 GB/s (SU), 248.494 us, 11365088 bytes | reduce: 945 GB/s, 6.915 us
   + EP:  28/32 | reduced combine: 21 GB/s (SO), 47 GB/s (SU), 250.977 us, 11853600 bytes | reduce: 981 GB/s, 6.856 us
   + EP:  29/32 | reduced combine: 21 GB/s (SO), 44 GB/s (SU), 251.026 us, 11163936 bytes | reduce: 985 GB/s, 6.684 us
   + EP:  25/32 | reduced combine: 21 GB/s (SO), 44 GB/s (SU), 255.478 us, 11250144 bytes | reduce: 1010 GB/s, 6.759 us
   + EP:  27/32 | reduced combine: 21 GB/s (SO), 47 GB/s (SU), 251.153 us, 11925440 bytes | reduce: 958 GB/s, 6.971 us
   + EP:  30/32 | reduced combine: 20 GB/s (SO), 49 GB/s (SU), 250.855 us, 12169696 bytes | reduce: 889 GB/s, 7.208 us
   + EP:  26/32 | reduced combine: 21 GB/s (SO), 47 GB/s (SU), 253.180 us, 11896704 bytes | reduce: 961 GB/s, 7.015 us


