=== EP_NIC_NAME=rdmap110s0 (auto, 200 Gb/s) ===
=== GIN: NCCL_GIN_TYPE=5 NCCL_SYM_GIN_KERNELS_ENABLE=0 ===
=== PREFER_OVERLAP=0 (--prefer-overlap-with-compute) ===
=== IMAGE=deepep-v2-efa-official:sm90-3c737dc  DeepEP=3c737dcf0da5889ba7efd26e05b4808307cc38af ===
+ docker run --rm --init --gpus all --privileged --network=host --ipc=host --ulimit memlock=-1 --ulimit stack=67108864 --device=/dev/infiniband --device=/dev/gdrdrv -v /sys/class/infiniband:/sys/class/infiniband:ro -e MASTER_ADDR=172.31.28.159 -e MASTER_PORT=8934 -e WORLD_SIZE=4 -e RANK=1 -e NCCL_DEBUG=WARN -e EP_NIC_NAME=rdmap110s0 -e NCCL_GIN_TYPE=5 -e NCCL_SYM_GIN_KERNELS_ENABLE=0 -e PYTHONUNBUFFERED=1 -e PYTHONFAULTHANDLER=1 deepep-v2-efa-official:sm90-3c737dc bash -lc 'timeout -s ABRT --kill-after=60 1800     python3 -u /opt/DeepEP/tests/elastic/test_ep.py     --num-processes=8 --num-tokens=8192     --hidden=7168 --num-topk=8 --num-experts=256     --num-sms=12 --allow-hybrid-mode=1     --prefer-overlap-with-compute=0 --test-first-only      '

==========
== CUDA ==
==========

CUDA Version 13.0.2

Container image Copyright (c) 2016-2023, NVIDIA CORPORATION & AFFILIATES. All rights reserved.

This container image and its contents are governed by the NVIDIA Deep Learning Container License.
By pulling and using the container, you accept the terms and conditions of this license:
https://developer.nvidia.com/ngc/nvidia-deep-learning-container-license

A copy of this license is made available in this container at /NGC-DL-CONTAINER-LICENSE for your convenience.

DeepEP hybrid kernel selection: unordered
DeepEP hybrid kernel selection: unordered
DeepEP hybrid kernel selection: unordered
DeepEP hybrid kernel selection: unordered
DeepEP hybrid kernel selection: unordered
DeepEP hybrid kernel selection: unordered
DeepEP hybrid kernel selection: unordered
DeepEP hybrid kernel selection: unordered
DeepEP hybrid kernel selection: unordered
DeepEP hybrid kernel selection: unordered
DeepEP hybrid kernel selection: unordered
DeepEP hybrid kernel selection: unordered
DeepEP hybrid kernel selection: unordered
DeepEP hybrid kernel selection: unordered
DeepEP hybrid kernel selection: unordered
DeepEP hybrid kernel selection: unordered
Config:
 > Ranks: 4 x 8
 > Experts: 8/256
 > Tokens: 8184 (max: 8192), hidden: 7168
 > #SM: 12, #QPs: 13/13

Running all test cases:
 > Testing with do_handle_copy=1, expert_alignment=128, use_fp8_dispatch=1, num_bias=0, with_previous_event=0, async_with_compute_stream=0, allocate_on_comm_stream=0 ...
USDT:2026-09-09 06:38:16 489:489 SyncActivityProfilerHandler.cpp:52] profiler_startUSDT:2026-09-09 06:38:16 492:492 SyncActivityProfilerHandler.cpp:52] profiler_startUSDT:2026-09-09 06:38:16 490:490 SyncActivityProfilerHandler.cpp:52] profiler_startUSDT:2026-09-09 06:38:16 486:486 SyncActivityProfilerHandler.cpp:52] profiler_start



USDT:2026-09-09 06:38:16 488:488 SyncActivityProfilerHandler.cpp:52] profiler_start
USDT:2026-09-09 06:38:16 487:487 SyncActivityProfilerHandler.cpp:52] profiler_startUSDT:2026-09-09 06:38:16 491:491 SyncActivityProfilerHandler.cpp:52] profiler_start
USDT:2026-09-09 06:38:16 493:493 SyncActivityProfilerHandler.cpp:52] profiler_start

USDT:2026-09-09 06:38:16 489:489 SyncActivityProfilerHandler.cpp:59] profiler_stopUSDT:2026-09-09 06:38:16 486:486 SyncActivityProfilerHandler.cpp:59] profiler_stopUSDT:2026-09-09 06:38:16 488:488 SyncActivityProfilerHandler.cpp:59] profiler_stopUSDT:2026-09-09 06:38:16 492:492 SyncActivityProfilerHandler.cpp:59] profiler_stopUSDT:2026-09-09 06:38:16 490:490 SyncActivityProfilerHandler.cpp:59] profiler_stop




USDT:2026-09-09 06:38:16 487:487 SyncActivityProfilerHandler.cpp:59] profiler_stopUSDT:2026-09-09 06:38:16 491:491 SyncActivityProfilerHandler.cpp:59] profiler_stop

USDT:2026-09-09 06:38:16 493:493 SyncActivityProfilerHandler.cpp:59] profiler_stop
   * EP:  14/32 | dispatch: 56 GB/s (SO), 112 GB/s (SU), 3972.000 us, 444255552 bytes | copy: 2529 GB/s, 351.271 us
   * EP:  11/32 | dispatch: 56 GB/s (SO), 112 GB/s (SU), 3971.000 us, 446112576 bytes | copy: 2666 GB/s, 334.662 us
   * EP:   8/32 | dispatch: 56 GB/s (SO), 111 GB/s (SU), 3971.000 us, 442668096 bytes | copy: 2817 GB/s, 314.284 us
   * EP:  10/32 | dispatch: 56 GB/s (SO), 112 GB/s (SU), 3972.000 us, 443776320 bytes | copy: 2440 GB/s, 363.781 us
   * EP:   9/32 | dispatch: 56 GB/s (SO), 112 GB/s (SU), 3972.000 us, 444158208 bytes | copy: 2891 GB/s, 307.226 us
   * EP:  12/32 | dispatch: 56 GB/s (SO), 112 GB/s (SU), 3971.000 us, 445917888 bytes | copy: 2576 GB/s, 346.207 us
   * EP:  13/32 | dispatch: 56 GB/s (SO), 112 GB/s (SU), 3971.000 us, 445513536 bytes | copy: 2913 GB/s, 305.880 us
   * EP:  15/32 | dispatch: 56 GB/s (SO), 112 GB/s (SU), 3972.000 us, 444629952 bytes | copy: 2743 GB/s, 324.238 us
USDT:2026-09-09 06:38:17 488:488 SyncActivityProfilerHandler.cpp:52] profiler_startUSDT:2026-09-09 06:38:17 492:492 SyncActivityProfilerHandler.cpp:52] profiler_startUSDT:2026-09-09 06:38:17 486:486 SyncActivityProfilerHandler.cpp:52] profiler_startUSDT:2026-09-09 06:38:17 489:489 SyncActivityProfilerHandler.cpp:52] profiler_startUSDT:2026-09-09 06:38:17 490:490 SyncActivityProfilerHandler.cpp:52] profiler_start
USDT:2026-09-09 06:38:17 487:487 SyncActivityProfilerHandler.cpp:52] profiler_start




USDT:2026-09-09 06:38:17 493:493 SyncActivityProfilerHandler.cpp:52] profiler_start
USDT:2026-09-09 06:38:17 491:491 SyncActivityProfilerHandler.cpp:52] profiler_start
USDT:2026-09-09 06:38:17 492:492 SyncActivityProfilerHandler.cpp:59] profiler_stopUSDT:2026-09-09 06:38:17 489:489 SyncActivityProfilerHandler.cpp:59] profiler_stopUSDT:2026-09-09 06:38:17 486:486 SyncActivityProfilerHandler.cpp:59] profiler_stopUSDT:2026-09-09 06:38:17 488:488 SyncActivityProfilerHandler.cpp:59] profiler_stopUSDT:2026-09-09 06:38:17 490:490 SyncActivityProfilerHandler.cpp:59] profiler_stop


USDT:2026-09-09 06:38:17 487:487 SyncActivityProfilerHandler.cpp:59] profiler_stop


USDT:2026-09-09 06:38:17 493:493 SyncActivityProfilerHandler.cpp:59] profiler_stopUSDT:2026-09-09 06:38:17 491:491 SyncActivityProfilerHandler.cpp:59] profiler_stop

   - EP:  10/32 | expanded dispatch: 56 GB/s (SO), 112 GB/s (SU), 3956.000 us, 443776320 bytes | copy: 2432 GB/s, 385.548 us
   - EP:  11/32 | expanded dispatch: 56 GB/s (SO), 113 GB/s (SU), 3956.000 us, 446112576 bytes | copy: 2460 GB/s, 382.837 us
   - EP:  14/32 | expanded dispatch: 56 GB/s (SO), 112 GB/s (SU), 3956.000 us, 444255552 bytes | copy: 2277 GB/s, 412.221 us
   - EP:   9/32 | expanded dispatch: 56 GB/s (SO), 112 GB/s (SU), 3956.000 us, 444158208 bytes | copy: 2746 GB/s, 341.910 us
   - EP:  13/32 | expanded dispatch: 56 GB/s (SO), 113 GB/s (SU), 3956.000 us, 445513536 bytes | copy: 2521 GB/s, 373.797 us
   - EP:   8/32 | expanded dispatch: 56 GB/s (SO), 112 GB/s (SU), 3956.000 us, 442668096 bytes | copy: 2552 GB/s, 366.986 us
   - EP:  15/32 | expanded dispatch: 56 GB/s (SO), 112 GB/s (SU), 3956.000 us, 444629952 bytes | copy: 2379 GB/s, 395.394 us
   - EP:  12/32 | expanded dispatch: 56 GB/s (SO), 113 GB/s (SU), 3956.000 us, 445917888 bytes | copy: 2374 GB/s, 396.635 us
USDT:2026-09-09 06:38:18 488:488 SyncActivityProfilerHandler.cpp:52] profiler_startUSDT:2026-09-09 06:38:18 486:486 SyncActivityProfilerHandler.cpp:52] profiler_startUSDT:2026-09-09 06:38:18 492:492 SyncActivityProfilerHandler.cpp:52] profiler_start
USDT:2026-09-09 06:38:18 489:489 SyncActivityProfilerHandler.cpp:52] profiler_start
USDT:2026-09-09 06:38:18 487:487 SyncActivityProfilerHandler.cpp:52] profiler_start
USDT:2026-09-09 06:38:18 490:490 SyncActivityProfilerHandler.cpp:52] profiler_start


USDT:2026-09-09 06:38:18 491:491 SyncActivityProfilerHandler.cpp:52] profiler_start
USDT:2026-09-09 06:38:18 493:493 SyncActivityProfilerHandler.cpp:52] profiler_start
USDT:2026-09-09 06:38:18 492:492 SyncActivityProfilerHandler.cpp:59] profiler_stopUSDT:2026-09-09 06:38:18 488:488 SyncActivityProfilerHandler.cpp:59] profiler_stop

USDT:2026-09-09 06:38:18 491:491 SyncActivityProfilerHandler.cpp:59] profiler_stop
USDT:2026-09-09 06:38:18 489:489 SyncActivityProfilerHandler.cpp:59] profiler_stopUSDT:2026-09-09 06:38:18 486:486 SyncActivityProfilerHandler.cpp:59] profiler_stopUSDT:2026-09-09 06:38:18 487:487 SyncActivityProfilerHandler.cpp:59] profiler_stop


USDT:2026-09-09 06:38:18 493:493 SyncActivityProfilerHandler.cpp:59] profiler_stop
USDT:2026-09-09 06:38:18 490:490 SyncActivityProfilerHandler.cpp:59] profiler_stop
   # EP:  11/32 | cached dispatch: 56 GB/s (SO), 113 GB/s (SU), 3943.000 us, 446112576 bytes | copy: 3049 GB/s, 292.605 us
   # EP:  14/32 | cached dispatch: 56 GB/s (SO), 113 GB/s (SU), 3943.000 us, 444255552 bytes | copy: 2575 GB/s, 345.054 us
   # EP:   8/32 | cached dispatch: 56 GB/s (SO), 112 GB/s (SU), 3943.000 us, 442668096 bytes | copy: 2897 GB/s, 305.558 us
   # EP:   9/32 | cached dispatch: 56 GB/s (SO), 113 GB/s (SU), 3943.000 us, 444158208 bytes | copy: 3021 GB/s, 294.075 us
   # EP:  10/32 | cached dispatch: 56 GB/s (SO), 113 GB/s (SU), 3943.000 us, 443776320 bytes | copy: 2780 GB/s, 319.303 us
   # EP:  12/32 | cached dispatch: 56 GB/s (SO), 113 GB/s (SU), 3943.000 us, 445917888 bytes | copy: 2919 GB/s, 305.557 us
   # EP:  15/32 | cached dispatch: 56 GB/s (SO), 113 GB/s (SU), 3943.000 us, 444629952 bytes | copy: 2770 GB/s, 320.979 us
   # EP:  13/32 | cached dispatch: 56 GB/s (SO), 113 GB/s (SU), 3943.000 us, 445513536 bytes | copy: 2985 GB/s, 298.495 us
USDT:2026-09-09 06:38:19 486:486 SyncActivityProfilerHandler.cpp:52] profiler_start
USDT:2026-09-09 06:38:19 492:492 SyncActivityProfilerHandler.cpp:52] profiler_startUSDT:2026-09-09 06:38:19 487:487 SyncActivityProfilerHandler.cpp:52] profiler_start

USDT:2026-09-09 06:38:19 489:489 SyncActivityProfilerHandler.cpp:52] profiler_start
USDT:2026-09-09 06:38:19 488:488 SyncActivityProfilerHandler.cpp:52] profiler_start
USDT:2026-09-09 06:38:19 491:491 SyncActivityProfilerHandler.cpp:52] profiler_start
USDT:2026-09-09 06:38:19 490:490 SyncActivityProfilerHandler.cpp:52] profiler_start
USDT:2026-09-09 06:38:19 493:493 SyncActivityProfilerHandler.cpp:52] profiler_start
USDT:2026-09-09 06:38:20 491:491 SyncActivityProfilerHandler.cpp:59] profiler_stop
USDT:2026-09-09 06:38:20 488:488 SyncActivityProfilerHandler.cpp:59] profiler_stop
USDT:2026-09-09 06:38:20 487:487 SyncActivityProfilerHandler.cpp:59] profiler_stop
USDT:2026-09-09 06:38:20 486:486 SyncActivityProfilerHandler.cpp:59] profiler_stop
USDT:2026-09-09 06:38:20 492:492 SyncActivityProfilerHandler.cpp:59] profiler_stop
USDT:2026-09-09 06:38:20 489:489 SyncActivityProfilerHandler.cpp:59] profiler_stop
USDT:2026-09-09 06:38:20 490:490 SyncActivityProfilerHandler.cpp:59] profiler_stop
USDT:2026-09-09 06:38:20 493:493 SyncActivityProfilerHandler.cpp:59] profiler_stop
   @ EP:  10/32 | combine: 57 GB/s (SO), 114 GB/s (SU), 7451.000 us, 851519520 bytes | reduce: 3611 GB/s, 150.141 us
   @ EP:  13/32 | combine: 57 GB/s (SO), 114 GB/s (SU), 7491.000 us, 854852896 bytes | reduce: 3623 GB/s, 150.070 us   @ EP:   8/32 | combine: 57 GB/s (SO), 114 GB/s (SU), 7482.000 us, 849393056 bytes | reduce: 3626 GB/s, 149.754 us

   @ EP:   9/32 | combine: 56 GB/s (SO), 113 GB/s (SU), 7548.000 us, 852252288 bytes | reduce: 3615 GB/s, 150.080 us
   @ EP:  12/32 | combine: 57 GB/s (SO), 114 GB/s (SU), 7512.000 us, 855628768 bytes | reduce: 3607 GB/s, 150.595 us
   @ EP:  14/32 | combine: 56 GB/s (SO), 113 GB/s (SU), 7550.000 us, 852439072 bytes | reduce: 3578 GB/s, 151.721 us
   @ EP:  11/32 | combine: 57 GB/s (SO), 115 GB/s (SU), 7471.000 us, 856002336 bytes | reduce: 3595 GB/s, 150.698 us
   @ EP:  15/32 | combine: 56 GB/s (SO), 113 GB/s (SU), 7572.000 us, 853157472 bytes | reduce: 3607 GB/s, 150.005 us
USDT:2026-09-09 06:38:20 492:492 SyncActivityProfilerHandler.cpp:52] profiler_start
USDT:2026-09-09 06:38:20 486:486 SyncActivityProfilerHandler.cpp:52] profiler_start
USDT:2026-09-09 06:38:20 489:489 SyncActivityProfilerHandler.cpp:52] profiler_startUSDT:2026-09-09 06:38:20 491:491 SyncActivityProfilerHandler.cpp:52] profiler_start

USDT:2026-09-09 06:38:20 487:487 SyncActivityProfilerHandler.cpp:52] profiler_start
USDT:2026-09-09 06:38:20 488:488 SyncActivityProfilerHandler.cpp:52] profiler_start
USDT:2026-09-09 06:38:20 490:490 SyncActivityProfilerHandler.cpp:52] profiler_start
USDT:2026-09-09 06:38:20 493:493 SyncActivityProfilerHandler.cpp:52] profiler_start
USDT:2026-09-09 06:38:21 492:492 SyncActivityProfilerHandler.cpp:59] profiler_stop
USDT:2026-09-09 06:38:21 487:487 SyncActivityProfilerHandler.cpp:59] profiler_stop
USDT:2026-09-09 06:38:21 491:491 SyncActivityProfilerHandler.cpp:59] profiler_stop
USDT:2026-09-09 06:38:21 490:490 SyncActivityProfilerHandler.cpp:59] profiler_stop
USDT:2026-09-09 06:38:21 489:489 SyncActivityProfilerHandler.cpp:59] profiler_stop
USDT:2026-09-09 06:38:21 486:486 SyncActivityProfilerHandler.cpp:59] profiler_stop
USDT:2026-09-09 06:38:21 488:488 SyncActivityProfilerHandler.cpp:59] profiler_stop
USDT:2026-09-09 06:38:21 493:493 SyncActivityProfilerHandler.cpp:59] profiler_stop
   + EP:  14/32 | reduced combine: 56 GB/s (SO), 113 GB/s (SU), 7546.000 us, 852439072 bytes | reduce: 3579 GB/s, 151.667 us   + EP:  12/32 | reduced combine: 56 GB/s (SO), 113 GB/s (SU), 7546.000 us, 855628768 bytes | reduce: 3609 GB/s, 150.512 us

   + EP:  11/32 | reduced combine: 56 GB/s (SO), 113 GB/s (SU), 7544.000 us, 856002336 bytes | reduce: 3594 GB/s, 150.758 us
   + EP:  10/32 | reduced combine: 56 GB/s (SO), 112 GB/s (SU), 7636.000 us, 851519520 bytes | reduce: 3607 GB/s, 150.315 us
   + EP:  13/32 | reduced combine: 55 GB/s (SO), 111 GB/s (SU), 7705.000 us, 854852896 bytes | reduce: 3615 GB/s, 150.399 us
   + EP:   8/32 | reduced combine: 56 GB/s (SO), 112 GB/s (SU), 7590.000 us, 849393056 bytes | reduce: 3615 GB/s, 150.186 us
   + EP:   9/32 | reduced combine: 56 GB/s (SO), 112 GB/s (SU), 7584.000 us, 852252288 bytes | reduce: 3615 GB/s, 150.104 us
   + EP:  15/32 | reduced combine: 56 GB/s (SO), 113 GB/s (SU), 7539.000 us, 853157472 bytes | reduce: 3600 GB/s, 150.317 us


