=== EP_NIC_NAME=rdmap110s0 (auto, 200 Gb/s) ===
=== GIN: NCCL_GIN_TYPE=5 NCCL_SYM_GIN_KERNELS_ENABLE=0 ===
=== PREFER_OVERLAP=0 (--prefer-overlap-with-compute) ===
=== IMAGE=deepep-v2-efa-official:sm90-3c737dc  DeepEP=3c737dcf0da5889ba7efd26e05b4808307cc38af ===
+ docker run --rm --init --gpus all --privileged --network=host --ipc=host --ulimit memlock=-1 --ulimit stack=67108864 --device=/dev/infiniband --device=/dev/gdrdrv -v /sys/class/infiniband:/sys/class/infiniband:ro -e MASTER_ADDR=172.31.29.216 -e MASTER_PORT=8968 -e WORLD_SIZE=2 -e RANK=1 -e NCCL_DEBUG=WARN -e EP_NIC_NAME=rdmap110s0 -e NCCL_GIN_TYPE=5 -e NCCL_SYM_GIN_KERNELS_ENABLE=0 -e PYTHONUNBUFFERED=1 -e PYTHONFAULTHANDLER=1 deepep-v2-efa-official:sm90-3c737dc bash -lc 'timeout -s ABRT --kill-after=60 1800     python3 -u /opt/DeepEP/tests/elastic/test_ep.py     --num-processes=8 --num-tokens=8192     --hidden=7168 --num-topk=8 --num-experts=256     --num-sms=12 --allow-hybrid-mode=1     --prefer-overlap-with-compute=0 --test-first-only      '

==========
== CUDA ==
==========

CUDA Version 13.0.2

Container image Copyright (c) 2016-2023, NVIDIA CORPORATION & AFFILIATES. All rights reserved.

This container image and its contents are governed by the NVIDIA Deep Learning Container License.
By pulling and using the container, you accept the terms and conditions of this license:
https://developer.nvidia.com/ngc/nvidia-deep-learning-container-license

A copy of this license is made available in this container at /NGC-DL-CONTAINER-LICENSE for your convenience.

DeepEP hybrid kernel selection: unordered
DeepEP hybrid kernel selection: unordered
DeepEP hybrid kernel selection: unordered
DeepEP hybrid kernel selection: unordered
DeepEP hybrid kernel selection: unordered
DeepEP hybrid kernel selection: unordered
DeepEP hybrid kernel selection: unordered
DeepEP hybrid kernel selection: unordered
DeepEP hybrid kernel selection: unordered
DeepEP hybrid kernel selection: unordered
DeepEP hybrid kernel selection: unordered
DeepEP hybrid kernel selection: unordered
DeepEP hybrid kernel selection: unordered
DeepEP hybrid kernel selection: unordered
DeepEP hybrid kernel selection: unordered
DeepEP hybrid kernel selection: unordered
Config:
 > Ranks: 2 x 8
 > Experts: 8/256
 > Tokens: 8184 (max: 8192), hidden: 7168
 > #SM: 12, #QPs: 13/13

Running all test cases:
 > Testing with do_handle_copy=1, expert_alignment=128, use_fp8_dispatch=1, num_bias=0, with_previous_event=0, async_with_compute_stream=0, allocate_on_comm_stream=0 ...
USDT:2026-09-09 05:38:44 487:487 SyncActivityProfilerHandler.cpp:52] profiler_startUSDT:2026-09-09 05:38:44 489:489 SyncActivityProfilerHandler.cpp:52] profiler_startUSDT:2026-09-09 05:38:44 488:488 SyncActivityProfilerHandler.cpp:52] profiler_startUSDT:2026-09-09 05:38:44 492:492 SyncActivityProfilerHandler.cpp:52] profiler_startUSDT:2026-09-09 05:38:44 493:493 SyncActivityProfilerHandler.cpp:52] profiler_start




USDT:2026-09-09 05:38:44 494:494 SyncActivityProfilerHandler.cpp:52] profiler_start
USDT:2026-09-09 05:38:44 490:490 SyncActivityProfilerHandler.cpp:52] profiler_startUSDT:2026-09-09 05:38:44 491:491 SyncActivityProfilerHandler.cpp:52] profiler_start

USDT:2026-09-09 05:38:45 493:493 SyncActivityProfilerHandler.cpp:59] profiler_stopUSDT:2026-09-09 05:38:45 489:489 SyncActivityProfilerHandler.cpp:59] profiler_stopUSDT:2026-09-09 05:38:45 487:487 SyncActivityProfilerHandler.cpp:59] profiler_stopUSDT:2026-09-09 05:38:45 488:488 SyncActivityProfilerHandler.cpp:59] profiler_stopUSDT:2026-09-09 05:38:45 490:490 SyncActivityProfilerHandler.cpp:59] profiler_stop


USDT:2026-09-09 05:38:45 491:491 SyncActivityProfilerHandler.cpp:59] profiler_stop


USDT:2026-09-09 05:38:45 494:494 SyncActivityProfilerHandler.cpp:59] profiler_stop
USDT:2026-09-09 05:38:45 492:492 SyncActivityProfilerHandler.cpp:59] profiler_stop
   * EP:   8/16 | dispatch: 81 GB/s (SO), 267 GB/s (SU), 1500.000 us, 400166208 bytes | copy: 3258 GB/s, 245.687 us
   * EP:  10/16 | dispatch: 81 GB/s (SO), 268 GB/s (SU), 1500.000 us, 401289408 bytes | copy: 3251 GB/s, 246.885 us
   * EP:  15/16 | dispatch: 81 GB/s (SO), 268 GB/s (SU), 1500.000 us, 401903424 bytes | copy: 3239 GB/s, 248.147 us
   * EP:  11/16 | dispatch: 81 GB/s (SO), 267 GB/s (SU), 1500.000 us, 400203648 bytes | copy: 3189 GB/s, 251.010 us
   * EP:  13/16 | dispatch: 81 GB/s (SO), 266 GB/s (SU), 1500.000 us, 398728512 bytes | copy: 3185 GB/s, 250.369 us
   * EP:  14/16 | dispatch: 81 GB/s (SO), 267 GB/s (SU), 1500.000 us, 400525632 bytes | copy: 3177 GB/s, 252.140 us
   * EP:   9/16 | dispatch: 81 GB/s (SO), 266 GB/s (SU), 1500.000 us, 398795904 bytes | copy: 3241 GB/s, 246.077 us
   * EP:  12/16 | dispatch: 81 GB/s (SO), 268 GB/s (SU), 1500.000 us, 401401728 bytes | copy: 3179 GB/s, 252.525 us
USDT:2026-09-09 05:38:45 494:494 SyncActivityProfilerHandler.cpp:52] profiler_startUSDT:2026-09-09 05:38:45 488:488 SyncActivityProfilerHandler.cpp:52] profiler_startUSDT:2026-09-09 05:38:45 493:493 SyncActivityProfilerHandler.cpp:52] profiler_startUSDT:2026-09-09 05:38:45 489:489 SyncActivityProfilerHandler.cpp:52] profiler_startUSDT:2026-09-09 05:38:45 487:487 SyncActivityProfilerHandler.cpp:52] profiler_startUSDT:2026-09-09 05:38:45 490:490 SyncActivityProfilerHandler.cpp:52] profiler_start
USDT:2026-09-09 05:38:45 491:491 SyncActivityProfilerHandler.cpp:52] profiler_start


USDT:2026-09-09 05:38:45 492:492 SyncActivityProfilerHandler.cpp:52] profiler_start



USDT:2026-09-09 05:38:45 487:487 SyncActivityProfilerHandler.cpp:59] profiler_stopUSDT:2026-09-09 05:38:45 494:494 SyncActivityProfilerHandler.cpp:59] profiler_stopUSDT:2026-09-09 05:38:45 493:493 SyncActivityProfilerHandler.cpp:59] profiler_stopUSDT:2026-09-09 05:38:45 489:489 SyncActivityProfilerHandler.cpp:59] profiler_stopUSDT:2026-09-09 05:38:45 491:491 SyncActivityProfilerHandler.cpp:59] profiler_stop




USDT:2026-09-09 05:38:45 488:488 SyncActivityProfilerHandler.cpp:59] profiler_stopUSDT:2026-09-09 05:38:45 490:490 SyncActivityProfilerHandler.cpp:59] profiler_stop

USDT:2026-09-09 05:38:45 492:492 SyncActivityProfilerHandler.cpp:59] profiler_stop
   - EP:   9/16 | expanded dispatch: 81 GB/s (SO), 266 GB/s (SU), 1501.000 us, 398795904 bytes | copy: 2785 GB/s, 321.452 us
   - EP:  14/16 | expanded dispatch: 81 GB/s (SO), 267 GB/s (SU), 1501.000 us, 400525632 bytes | copy: 2824 GB/s, 319.434 us
   - EP:  13/16 | expanded dispatch: 81 GB/s (SO), 266 GB/s (SU), 1501.000 us, 398728512 bytes | copy: 2785 GB/s, 322.122 us   - EP:  15/16 | expanded dispatch: 81 GB/s (SO), 268 GB/s (SU), 1501.000 us, 401903424 bytes | copy: 2843 GB/s, 318.077 us

   - EP:   8/16 | expanded dispatch: 81 GB/s (SO), 267 GB/s (SU), 1501.000 us, 400166208 bytes | copy: 2805 GB/s, 321.640 us
   - EP:  11/16 | expanded dispatch: 81 GB/s (SO), 267 GB/s (SU), 1501.000 us, 400203648 bytes | copy: 2780 GB/s, 324.221 us
   - EP:  12/16 | expanded dispatch: 81 GB/s (SO), 267 GB/s (SU), 1501.000 us, 401401728 bytes | copy: 2775 GB/s, 325.615 us
   - EP:  10/16 | expanded dispatch: 81 GB/s (SO), 267 GB/s (SU), 1501.000 us, 401289408 bytes | copy: 2807 GB/s, 321.504 us
USDT:2026-09-09 05:38:46 493:493 SyncActivityProfilerHandler.cpp:52] profiler_startUSDT:2026-09-09 05:38:46 494:494 SyncActivityProfilerHandler.cpp:52] profiler_startUSDT:2026-09-09 05:38:46 490:490 SyncActivityProfilerHandler.cpp:52] profiler_startUSDT:2026-09-09 05:38:46 491:491 SyncActivityProfilerHandler.cpp:52] profiler_start

USDT:2026-09-09 05:38:46 488:488 SyncActivityProfilerHandler.cpp:52] profiler_start
USDT:2026-09-09 05:38:46 487:487 SyncActivityProfilerHandler.cpp:52] profiler_startUSDT:2026-09-09 05:38:46 489:489 SyncActivityProfilerHandler.cpp:52] profiler_start



USDT:2026-09-09 05:38:46 492:492 SyncActivityProfilerHandler.cpp:52] profiler_start
USDT:2026-09-09 05:38:46 494:494 SyncActivityProfilerHandler.cpp:59] profiler_stopUSDT:2026-09-09 05:38:46 491:491 SyncActivityProfilerHandler.cpp:59] profiler_stopUSDT:2026-09-09 05:38:46 487:487 SyncActivityProfilerHandler.cpp:59] profiler_stop
USDT:2026-09-09 05:38:46 490:490 SyncActivityProfilerHandler.cpp:59] profiler_stop
USDT:2026-09-09 05:38:46 493:493 SyncActivityProfilerHandler.cpp:59] profiler_stop


USDT:2026-09-09 05:38:46 488:488 SyncActivityProfilerHandler.cpp:59] profiler_stopUSDT:2026-09-09 05:38:46 489:489 SyncActivityProfilerHandler.cpp:59] profiler_stop

USDT:2026-09-09 05:38:46 492:492 SyncActivityProfilerHandler.cpp:59] profiler_stop
   # EP:   9/16 | cached dispatch: 81 GB/s (SO), 266 GB/s (SU), 1500.000 us, 398795904 bytes | copy: 3362 GB/s, 237.222 us
   # EP:  14/16 | cached dispatch: 81 GB/s (SO), 267 GB/s (SU), 1500.000 us, 400525632 bytes | copy: 3390 GB/s, 236.309 us
   # EP:  15/16 | cached dispatch: 81 GB/s (SO), 268 GB/s (SU), 1501.000 us, 401903424 bytes | copy: 3366 GB/s, 238.784 us
   # EP:  10/16 | cached dispatch: 81 GB/s (SO), 267 GB/s (SU), 1501.000 us, 401289408 bytes | copy: 3282 GB/s, 244.568 us
   # EP:  13/16 | cached dispatch: 81 GB/s (SO), 266 GB/s (SU), 1500.000 us, 398728512 bytes | copy: 3396 GB/s, 234.843 us
   # EP:  11/16 | cached dispatch: 81 GB/s (SO), 267 GB/s (SU), 1500.000 us, 400203648 bytes | copy: 3300 GB/s, 242.541 us
   # EP:   8/16 | cached dispatch: 81 GB/s (SO), 267 GB/s (SU), 1500.000 us, 400166208 bytes | copy: 3301 GB/s, 242.441 us
   # EP:  12/16 | cached dispatch: 81 GB/s (SO), 268 GB/s (SU), 1500.000 us, 401401728 bytes | copy: 3286 GB/s, 244.282 us
USDT:2026-09-09 05:38:47 489:489 SyncActivityProfilerHandler.cpp:52] profiler_startUSDT:2026-09-09 05:38:47 487:487 SyncActivityProfilerHandler.cpp:52] profiler_start

USDT:2026-09-09 05:38:47 493:493 SyncActivityProfilerHandler.cpp:52] profiler_start
USDT:2026-09-09 05:38:47 490:490 SyncActivityProfilerHandler.cpp:52] profiler_startUSDT:2026-09-09 05:38:47 491:491 SyncActivityProfilerHandler.cpp:52] profiler_start

USDT:2026-09-09 05:38:47 492:492 SyncActivityProfilerHandler.cpp:52] profiler_start
USDT:2026-09-09 05:38:47 488:488 SyncActivityProfilerHandler.cpp:52] profiler_start
USDT:2026-09-09 05:38:47 494:494 SyncActivityProfilerHandler.cpp:52] profiler_start
USDT:2026-09-09 05:38:47 493:493 SyncActivityProfilerHandler.cpp:59] profiler_stopUSDT:2026-09-09 05:38:47 487:487 SyncActivityProfilerHandler.cpp:59] profiler_stop

USDT:2026-09-09 05:38:47 490:490 SyncActivityProfilerHandler.cpp:59] profiler_stop
USDT:2026-09-09 05:38:47 489:489 SyncActivityProfilerHandler.cpp:59] profiler_stopUSDT:2026-09-09 05:38:47 491:491 SyncActivityProfilerHandler.cpp:59] profiler_stop

USDT:2026-09-09 05:38:47 492:492 SyncActivityProfilerHandler.cpp:59] profiler_stopUSDT:2026-09-09 05:38:47 494:494 SyncActivityProfilerHandler.cpp:59] profiler_stop

USDT:2026-09-09 05:38:47 488:488 SyncActivityProfilerHandler.cpp:59] profiler_stop
   @ EP:  12/16 | combine: 75 GB/s (SO), 246 GB/s (SU), 3125.000 us, 770211008 bytes | reduce: 3707 GB/s, 94.890 us
   @ EP:  11/16 | combine: 76 GB/s (SO), 248 GB/s (SU), 3097.000 us, 767912128 bytes | reduce: 3709 GB/s, 94.865 us
   @ EP:  15/16 | combine: 74 GB/s (SO), 243 GB/s (SU), 3169.000 us, 771173664 bytes | reduce: 3712 GB/s, 94.689 us
   @ EP:   8/16 | combine: 76 GB/s (SO), 248 GB/s (SU), 3090.000 us, 767840288 bytes | reduce: 3703 GB/s, 95.053 us
   @ EP:  13/16 | combine: 76 GB/s (SO), 247 GB/s (SU), 3099.000 us, 765081632 bytes | reduce: 3704 GB/s, 94.998 us
   @ EP:  14/16 | combine: 75 GB/s (SO), 247 GB/s (SU), 3115.000 us, 768529952 bytes | reduce: 3709 GB/s, 94.855 us
   @ EP:  10/16 | combine: 76 GB/s (SO), 249 GB/s (SU), 3088.000 us, 769995488 bytes | reduce: 3713 GB/s, 94.783 us
   @ EP:   9/16 | combine: 75 GB/s (SO), 245 GB/s (SU), 3127.000 us, 765210944 bytes | reduce: 3708 GB/s, 94.910 us
USDT:2026-09-09 05:38:48 490:490 SyncActivityProfilerHandler.cpp:52] profiler_start
USDT:2026-09-09 05:38:48 489:489 SyncActivityProfilerHandler.cpp:52] profiler_start
USDT:2026-09-09 05:38:48 494:494 SyncActivityProfilerHandler.cpp:52] profiler_start
USDT:2026-09-09 05:38:48 493:493 SyncActivityProfilerHandler.cpp:52] profiler_startUSDT:2026-09-09 05:38:48 487:487 SyncActivityProfilerHandler.cpp:52] profiler_start

USDT:2026-09-09 05:38:48 488:488 SyncActivityProfilerHandler.cpp:52] profiler_start
USDT:2026-09-09 05:38:48 491:491 SyncActivityProfilerHandler.cpp:52] profiler_start
USDT:2026-09-09 05:38:48 492:492 SyncActivityProfilerHandler.cpp:52] profiler_start
USDT:2026-09-09 05:38:48 490:490 SyncActivityProfilerHandler.cpp:59] profiler_stop
USDT:2026-09-09 05:38:48 489:489 SyncActivityProfilerHandler.cpp:59] profiler_stop
USDT:2026-09-09 05:38:48 493:493 SyncActivityProfilerHandler.cpp:59] profiler_stop
USDT:2026-09-09 05:38:48 487:487 SyncActivityProfilerHandler.cpp:59] profiler_stop
USDT:2026-09-09 05:38:48 494:494 SyncActivityProfilerHandler.cpp:59] profiler_stop
USDT:2026-09-09 05:38:48 488:488 SyncActivityProfilerHandler.cpp:59] profiler_stop
USDT:2026-09-09 05:38:48 491:491 SyncActivityProfilerHandler.cpp:59] profiler_stop
USDT:2026-09-09 05:38:48 492:492 SyncActivityProfilerHandler.cpp:59] profiler_stop
   + EP:  11/16 | reduced combine: 65 GB/s (SO), 212 GB/s (SU), 3616.000 us, 767912128 bytes | reduce: 3705 GB/s, 94.949 us
   + EP:  15/16 | reduced combine: 63 GB/s (SO), 209 GB/s (SU), 3691.000 us, 771173664 bytes | reduce: 3713 GB/s, 94.651 us
   + EP:  14/16 | reduced combine: 63 GB/s (SO), 208 GB/s (SU), 3692.000 us, 768529952 bytes | reduce: 3711 GB/s, 94.800 us
   + EP:  10/16 | reduced combine: 64 GB/s (SO), 210 GB/s (SU), 3660.000 us, 769995488 bytes | reduce: 3713 GB/s, 94.772 us
   + EP:  12/16 | reduced combine: 63 GB/s (SO), 206 GB/s (SU), 3742.000 us, 770211008 bytes | reduce: 3707 GB/s, 94.883 us
   + EP:   9/16 | reduced combine: 63 GB/s (SO), 206 GB/s (SU), 3713.000 us, 765210944 bytes | reduce: 3703 GB/s, 95.049 us
   + EP:   8/16 | reduced combine: 64 GB/s (SO), 208 GB/s (SU), 3687.000 us, 767840288 bytes | reduce: 3711 GB/s, 94.868 us
   + EP:  13/16 | reduced combine: 60 GB/s (SO), 196 GB/s (SU), 3902.000 us, 765081632 bytes | reduce: 3710 GB/s, 94.838 us


