=== EP_NIC_NAME=rdmap110s0 (auto, 200 Gb/s) ===
=== GIN: NCCL_GIN_TYPE=5 NCCL_SYM_GIN_KERNELS_ENABLE=0 ===
=== PREFER_OVERLAP=0 (--prefer-overlap-with-compute) ===
=== IMAGE=deepep-v2-efa-official:sm90-3c737dc  DeepEP=3c737dcf0da5889ba7efd26e05b4808307cc38af ===
+ docker run --rm --init --gpus all --privileged --network=host --ipc=host --ulimit memlock=-1 --ulimit stack=67108864 --device=/dev/infiniband --device=/dev/gdrdrv -v /sys/class/infiniband:/sys/class/infiniband:ro -e MASTER_ADDR=172.31.28.159 -e MASTER_PORT=8909 -e WORLD_SIZE=4 -e RANK=1 -e NCCL_DEBUG=WARN -e EP_NIC_NAME=rdmap110s0 -e NCCL_GIN_TYPE=5 -e NCCL_SYM_GIN_KERNELS_ENABLE=0 -e PYTHONUNBUFFERED=1 -e PYTHONFAULTHANDLER=1 deepep-v2-efa-official:sm90-3c737dc bash -lc 'timeout -s ABRT --kill-after=60 1800     python3 -u /opt/DeepEP/tests/elastic/test_ep.py     --num-processes=8 --num-tokens=128     --hidden=7168 --num-topk=8 --num-experts=256     --num-sms=12 --allow-hybrid-mode=1     --prefer-overlap-with-compute=0 --test-first-only      '

==========
== CUDA ==
==========

CUDA Version 13.0.2

Container image Copyright (c) 2016-2023, NVIDIA CORPORATION & AFFILIATES. All rights reserved.

This container image and its contents are governed by the NVIDIA Deep Learning Container License.
By pulling and using the container, you accept the terms and conditions of this license:
https://developer.nvidia.com/ngc/nvidia-deep-learning-container-license

A copy of this license is made available in this container at /NGC-DL-CONTAINER-LICENSE for your convenience.

DeepEP hybrid kernel selection: unordered
DeepEP hybrid kernel selection: unordered
DeepEP hybrid kernel selection: unordered
DeepEP hybrid kernel selection: unordered
DeepEP hybrid kernel selection: unordered
DeepEP hybrid kernel selection: unordered
DeepEP hybrid kernel selection: unordered
DeepEP hybrid kernel selection: unordered
DeepEP hybrid kernel selection: unordered
DeepEP hybrid kernel selection: unordered
DeepEP hybrid kernel selection: unordered
DeepEP hybrid kernel selection: unordered
DeepEP hybrid kernel selection: unordered
DeepEP hybrid kernel selection: unordered
DeepEP hybrid kernel selection: unordered
DeepEP hybrid kernel selection: unordered
Config:
 > Ranks: 4 x 8
 > Experts: 8/256
 > Tokens: 120 (max: 128), hidden: 7168
 > #SM: 12, #QPs: 13/13

Running all test cases:
 > Testing with do_handle_copy=1, expert_alignment=128, use_fp8_dispatch=1, num_bias=0, with_previous_event=0, async_with_compute_stream=0, allocate_on_comm_stream=0 ...
USDT:2026-09-09 03:51:27 491:491 SyncActivityProfilerHandler.cpp:52] profiler_startUSDT:2026-09-09 03:51:27 489:489 SyncActivityProfilerHandler.cpp:52] profiler_startUSDT:2026-09-09 03:51:27 486:486 SyncActivityProfilerHandler.cpp:52] profiler_startUSDT:2026-09-09 03:51:27 490:490 SyncActivityProfilerHandler.cpp:52] profiler_startUSDT:2026-09-09 03:51:27 485:485 SyncActivityProfilerHandler.cpp:52] profiler_startUSDT:2026-09-09 03:51:27 484:484 SyncActivityProfilerHandler.cpp:52] profiler_start



USDT:2026-09-09 03:51:27 487:487 SyncActivityProfilerHandler.cpp:52] profiler_start

USDT:2026-09-09 03:51:27 488:488 SyncActivityProfilerHandler.cpp:52] profiler_start

USDT:2026-09-09 03:51:28 484:484 SyncActivityProfilerHandler.cpp:59] profiler_stopUSDT:2026-09-09 03:51:28 491:491 SyncActivityProfilerHandler.cpp:59] profiler_stopUSDT:2026-09-09 03:51:28 490:490 SyncActivityProfilerHandler.cpp:59] profiler_stopUSDT:2026-09-09 03:51:28 486:486 SyncActivityProfilerHandler.cpp:59] profiler_stopUSDT:2026-09-09 03:51:28 485:485 SyncActivityProfilerHandler.cpp:59] profiler_stopUSDT:2026-09-09 03:51:28 487:487 SyncActivityProfilerHandler.cpp:59] profiler_stop
USDT:2026-09-09 03:51:28 488:488 SyncActivityProfilerHandler.cpp:59] profiler_stop





USDT:2026-09-09 03:51:28 489:489 SyncActivityProfilerHandler.cpp:59] profiler_stop
   * EP:  15/32 | dispatch: 17 GB/s (SO), 36 GB/s (SU), 170.157 us, 6147648 bytes | copy: 1161 GB/s, 10.588 us
   * EP:   9/32 | dispatch: 19 GB/s (SO), 36 GB/s (SU), 169.985 us, 6200064 bytes | copy: 1343 GB/s, 9.231 us
   * EP:  10/32 | dispatch: 19 GB/s (SO), 36 GB/s (SU), 170.093 us, 6102720 bytes | copy: 1241 GB/s, 9.834 us
   * EP:  11/32 | dispatch: 19 GB/s (SO), 37 GB/s (SU), 170.081 us, 6334848 bytes | copy: 1235 GB/s, 10.262 us
   * EP:   8/32 | dispatch: 19 GB/s (SO), 37 GB/s (SU), 170.056 us, 6222528 bytes | copy: 1286 GB/s, 9.679 us
   * EP:  14/32 | dispatch: 18 GB/s (SO), 35 GB/s (SU), 170.148 us, 6012864 bytes | copy: 1046 GB/s, 11.494 us
   * EP:  12/32 | dispatch: 19 GB/s (SO), 34 GB/s (SU), 169.823 us, 5780736 bytes | copy: 1282 GB/s, 9.019 us
   * EP:  13/32 | dispatch: 18 GB/s (SO), 37 GB/s (SU), 170.058 us, 6215040 bytes | copy: 1219 GB/s, 10.201 us
USDT:2026-09-09 03:51:28 487:487 SyncActivityProfilerHandler.cpp:52] profiler_startUSDT:2026-09-09 03:51:28 491:491 SyncActivityProfilerHandler.cpp:52] profiler_startUSDT:2026-09-09 03:51:28 488:488 SyncActivityProfilerHandler.cpp:52] profiler_startUSDT:2026-09-09 03:51:28 484:484 SyncActivityProfilerHandler.cpp:52] profiler_start

USDT:2026-09-09 03:51:28 485:485 SyncActivityProfilerHandler.cpp:52] profiler_start
USDT:2026-09-09 03:51:28 490:490 SyncActivityProfilerHandler.cpp:52] profiler_start

USDT:2026-09-09 03:51:28 486:486 SyncActivityProfilerHandler.cpp:52] profiler_start
USDT:2026-09-09 03:51:28 489:489 SyncActivityProfilerHandler.cpp:52] profiler_start

USDT:2026-09-09 03:51:28 484:484 SyncActivityProfilerHandler.cpp:59] profiler_stop
USDT:2026-09-09 03:51:28 485:485 SyncActivityProfilerHandler.cpp:59] profiler_stopUSDT:2026-09-09 03:51:28 487:487 SyncActivityProfilerHandler.cpp:59] profiler_stopUSDT:2026-09-09 03:51:28 490:490 SyncActivityProfilerHandler.cpp:59] profiler_stop
USDT:2026-09-09 03:51:28 491:491 SyncActivityProfilerHandler.cpp:59] profiler_stop

USDT:2026-09-09 03:51:28 486:486 SyncActivityProfilerHandler.cpp:59] profiler_stop

USDT:2026-09-09 03:51:28 489:489 SyncActivityProfilerHandler.cpp:59] profiler_stop
USDT:2026-09-09 03:51:28 488:488 SyncActivityProfilerHandler.cpp:59] profiler_stop
   - EP:  14/32 | expanded dispatch: 18 GB/s (SO), 35 GB/s (SU), 170.630 us, 6012864 bytes | copy: 1148 GB/s, 11.901 us
   - EP:  15/32 | expanded dispatch: 17 GB/s (SO), 36 GB/s (SU), 170.647 us, 6147648 bytes | copy: 1063 GB/s, 12.889 us
   - EP:  11/32 | expanded dispatch: 19 GB/s (SO), 37 GB/s (SU), 170.612 us, 6334848 bytes | copy: 1210 GB/s, 11.475 us
   - EP:   8/32 | expanded dispatch: 19 GB/s (SO), 36 GB/s (SU), 170.601 us, 6222528 bytes | copy: 1187 GB/s, 11.701 us
   - EP:   9/32 | expanded dispatch: 19 GB/s (SO), 36 GB/s (SU), 170.525 us, 6200064 bytes | copy: 1428 GB/s, 10.357 us
   - EP:  10/32 | expanded dispatch: 19 GB/s (SO), 36 GB/s (SU), 170.621 us, 6102720 bytes | copy: 1308 GB/s, 10.459 us
   - EP:  13/32 | expanded dispatch: 18 GB/s (SO), 36 GB/s (SU), 170.503 us, 6215040 bytes | copy: 1342 GB/s, 11.033 us
   - EP:  12/32 | expanded dispatch: 19 GB/s (SO), 34 GB/s (SU), 170.376 us, 5780736 bytes | copy: 1109 GB/s, 11.934 us
USDT:2026-09-09 03:51:29 484:484 SyncActivityProfilerHandler.cpp:52] profiler_startUSDT:2026-09-09 03:51:29 485:485 SyncActivityProfilerHandler.cpp:52] profiler_startUSDT:2026-09-09 03:51:29 487:487 SyncActivityProfilerHandler.cpp:52] profiler_startUSDT:2026-09-09 03:51:29 488:488 SyncActivityProfilerHandler.cpp:52] profiler_startUSDT:2026-09-09 03:51:29 491:491 SyncActivityProfilerHandler.cpp:52] profiler_startUSDT:2026-09-09 03:51:29 486:486 SyncActivityProfilerHandler.cpp:52] profiler_start
USDT:2026-09-09 03:51:29 490:490 SyncActivityProfilerHandler.cpp:52] profiler_start




USDT:2026-09-09 03:51:29 489:489 SyncActivityProfilerHandler.cpp:52] profiler_start

USDT:2026-09-09 03:51:29 488:488 SyncActivityProfilerHandler.cpp:59] profiler_stop
USDT:2026-09-09 03:51:29 484:484 SyncActivityProfilerHandler.cpp:59] profiler_stopUSDT:2026-09-09 03:51:29 485:485 SyncActivityProfilerHandler.cpp:59] profiler_stopUSDT:2026-09-09 03:51:29 491:491 SyncActivityProfilerHandler.cpp:59] profiler_stopUSDT:2026-09-09 03:51:29 490:490 SyncActivityProfilerHandler.cpp:59] profiler_stop

USDT:2026-09-09 03:51:29 486:486 SyncActivityProfilerHandler.cpp:59] profiler_stop


USDT:2026-09-09 03:51:29 487:487 SyncActivityProfilerHandler.cpp:59] profiler_stop
USDT:2026-09-09 03:51:29 489:489 SyncActivityProfilerHandler.cpp:59] profiler_stop
   # EP:  12/32 | cached dispatch: 19 GB/s (SO), 35 GB/s (SU), 165.563 us, 5780736 bytes | copy: 1226 GB/s, 9.428 us
   # EP:  10/32 | cached dispatch: 19 GB/s (SO), 37 GB/s (SU), 165.800 us, 6102720 bytes | copy: 1327 GB/s, 9.201 us
   # EP:   9/32 | cached dispatch: 20 GB/s (SO), 37 GB/s (SU), 165.762 us, 6200064 bytes | copy: 1667 GB/s, 7.437 us
   # EP:   8/32 | cached dispatch: 20 GB/s (SO), 38 GB/s (SU), 165.785 us, 6222528 bytes | copy: 1400 GB/s, 8.890 us
   # EP:  15/32 | cached dispatch: 18 GB/s (SO), 37 GB/s (SU), 165.868 us, 6147648 bytes | copy: 1114 GB/s, 11.034 us
   # EP:  11/32 | cached dispatch: 19 GB/s (SO), 38 GB/s (SU), 165.850 us, 6334848 bytes | copy: 1183 GB/s, 10.713 us   # EP:  14/32 | cached dispatch: 18 GB/s (SO), 36 GB/s (SU), 165.853 us, 6012864 bytes | copy: 1021 GB/s, 11.782 us

   # EP:  13/32 | cached dispatch: 19 GB/s (SO), 37 GB/s (SU), 165.743 us, 6215040 bytes | copy: 1207 GB/s, 10.296 us
USDT:2026-09-09 03:51:30 490:490 SyncActivityProfilerHandler.cpp:52] profiler_startUSDT:2026-09-09 03:51:30 487:487 SyncActivityProfilerHandler.cpp:52] profiler_start
USDT:2026-09-09 03:51:30 488:488 SyncActivityProfilerHandler.cpp:52] profiler_start
USDT:2026-09-09 03:51:30 486:486 SyncActivityProfilerHandler.cpp:52] profiler_startUSDT:2026-09-09 03:51:30 484:484 SyncActivityProfilerHandler.cpp:52] profiler_startUSDT:2026-09-09 03:51:30 485:485 SyncActivityProfilerHandler.cpp:52] profiler_start

USDT:2026-09-09 03:51:30 491:491 SyncActivityProfilerHandler.cpp:52] profiler_start


USDT:2026-09-09 03:51:30 489:489 SyncActivityProfilerHandler.cpp:52] profiler_start
USDT:2026-09-09 03:51:30 485:485 SyncActivityProfilerHandler.cpp:59] profiler_stopUSDT:2026-09-09 03:51:30 487:487 SyncActivityProfilerHandler.cpp:59] profiler_stopUSDT:2026-09-09 03:51:30 490:490 SyncActivityProfilerHandler.cpp:59] profiler_stopUSDT:2026-09-09 03:51:30 488:488 SyncActivityProfilerHandler.cpp:59] profiler_stop


USDT:2026-09-09 03:51:30 491:491 SyncActivityProfilerHandler.cpp:59] profiler_stop
USDT:2026-09-09 03:51:30 486:486 SyncActivityProfilerHandler.cpp:59] profiler_stop

USDT:2026-09-09 03:51:30 484:484 SyncActivityProfilerHandler.cpp:59] profiler_stop
USDT:2026-09-09 03:51:30 489:489 SyncActivityProfilerHandler.cpp:59] profiler_stop
   @ EP:  10/32 | combine: 27 GB/s (SO), 52 GB/s (SU), 225.888 us, 11709920 bytes | reduce: 1063 GB/s, 7.315 us
   @ EP:  11/32 | combine: 27 GB/s (SO), 54 GB/s (SU), 224.411 us, 12155328 bytes | reduce: 1078 GB/s, 7.250 us
   @ EP:  15/32 | combine: 26 GB/s (SO), 53 GB/s (SU), 221.239 us, 11796128 bytes | reduce: 992 GB/s, 7.385 us
   @ EP:  14/32 | combine: 26 GB/s (SO), 51 GB/s (SU), 225.243 us, 11537504 bytes | reduce: 956 GB/s, 7.847 us
   @ EP:  12/32 | combine: 27 GB/s (SO), 49 GB/s (SU), 225.422 us, 11092096 bytes | reduce: 1070 GB/s, 7.264 us
   @ EP:   9/32 | combine: 27 GB/s (SO), 52 GB/s (SU), 227.259 us, 11896704 bytes | reduce: 1082 GB/s, 7.332 us
   @ EP:   8/32 | combine: 28 GB/s (SO), 52 GB/s (SU), 227.988 us, 11939808 bytes | reduce: 1111 GB/s, 7.239 us
   @ EP:  13/32 | combine: 27 GB/s (SO), 53 GB/s (SU), 224.234 us, 11925440 bytes | reduce: 1038 GB/s, 7.325 us
USDT:2026-09-09 03:51:30 484:484 SyncActivityProfilerHandler.cpp:52] profiler_startUSDT:2026-09-09 03:51:30 490:490 SyncActivityProfilerHandler.cpp:52] profiler_startUSDT:2026-09-09 03:51:30 488:488 SyncActivityProfilerHandler.cpp:52] profiler_startUSDT:2026-09-09 03:51:30 491:491 SyncActivityProfilerHandler.cpp:52] profiler_start

USDT:2026-09-09 03:51:30 485:485 SyncActivityProfilerHandler.cpp:52] profiler_start
USDT:2026-09-09 03:51:30 487:487 SyncActivityProfilerHandler.cpp:52] profiler_start
USDT:2026-09-09 03:51:30 489:489 SyncActivityProfilerHandler.cpp:52] profiler_start


USDT:2026-09-09 03:51:30 486:486 SyncActivityProfilerHandler.cpp:52] profiler_start
USDT:2026-09-09 03:51:31 487:487 SyncActivityProfilerHandler.cpp:59] profiler_stopUSDT:2026-09-09 03:51:31 485:485 SyncActivityProfilerHandler.cpp:59] profiler_stopUSDT:2026-09-09 03:51:31 490:490 SyncActivityProfilerHandler.cpp:59] profiler_stopUSDT:2026-09-09 03:51:31 491:491 SyncActivityProfilerHandler.cpp:59] profiler_stop



USDT:2026-09-09 03:51:31 488:488 SyncActivityProfilerHandler.cpp:59] profiler_stop
USDT:2026-09-09 03:51:31 486:486 SyncActivityProfilerHandler.cpp:59] profiler_stopUSDT:2026-09-09 03:51:31 489:489 SyncActivityProfilerHandler.cpp:59] profiler_stop

USDT:2026-09-09 03:51:31 484:484 SyncActivityProfilerHandler.cpp:59] profiler_stop
   + EP:  12/32 | reduced combine: 27 GB/s (SO), 49 GB/s (SU), 228.367 us, 11092096 bytes | reduce: 1054 GB/s, 7.377 us
   + EP:   9/32 | reduced combine: 27 GB/s (SO), 52 GB/s (SU), 230.949 us, 11896704 bytes | reduce: 1080 GB/s, 7.341 us
   + EP:  11/32 | reduced combine: 27 GB/s (SO), 53 GB/s (SU), 228.309 us, 12155328 bytes | reduce: 1087 GB/s, 7.189 us
   + EP:   8/32 | reduced combine: 28 GB/s (SO), 52 GB/s (SU), 229.286 us, 11939808 bytes | reduce: 1098 GB/s, 7.328 us
   + EP:  15/32 | reduced combine: 25 GB/s (SO), 53 GB/s (SU), 224.101 us, 11796128 bytes | reduce: 991 GB/s, 7.391 us   + EP:  10/32 | reduced combine: 27 GB/s (SO), 51 GB/s (SU), 227.539 us, 11709920 bytes | reduce: 1051 GB/s, 7.397 us

   + EP:  14/32 | reduced combine: 26 GB/s (SO), 51 GB/s (SU), 225.485 us, 11537504 bytes | reduce: 955 GB/s, 7.857 us
   + EP:  13/32 | reduced combine: 26 GB/s (SO), 53 GB/s (SU), 226.351 us, 11925440 bytes | reduce: 1027 GB/s, 7.403 us


