=== EP_NIC_NAME=rdmap110s0 (auto, 200 Gb/s) ===
=== GIN: NCCL_GIN_TYPE=5 NCCL_SYM_GIN_KERNELS_ENABLE=0 ===
=== PREFER_OVERLAP=0 (--prefer-overlap-with-compute) ===
=== IMAGE=deepep-v2-efa-official:sm90-stack3c737dcxbfbdd15  DeepEP=a35285f0af98856625e542df24bd17a985bc05d9 ===
=== DeepEP is a MERGE of: 3c737dcf0da5889ba7efd26e05b4808307cc38af bfbdd15ff448783f877cb2210cb3246c8452b05e ===
+ docker run --rm --init --gpus all --privileged --network=host --ipc=host --ulimit memlock=-1 --ulimit stack=67108864 --device=/dev/infiniband --device=/dev/gdrdrv -v /sys/class/infiniband:/sys/class/infiniband:ro -e MASTER_ADDR=172.31.28.159 -e MASTER_PORT=8938 -e WORLD_SIZE=4 -e RANK=2 -e NCCL_DEBUG=WARN -e EP_NIC_NAME=rdmap110s0 -e NCCL_GIN_TYPE=5 -e NCCL_SYM_GIN_KERNELS_ENABLE=0 -e EP_NUM_SUB_PARTS=1 -e PYTHONUNBUFFERED=1 -e PYTHONFAULTHANDLER=1 deepep-v2-efa-official:sm90-stack3c737dcxbfbdd15 bash -lc 'timeout -s ABRT --kill-after=60 1800     python3 -u /opt/DeepEP/tests/elastic/test_ep.py     --num-processes=8 --num-tokens=128     --hidden=7168 --num-topk=8 --num-experts=256     --num-sms=12 --allow-hybrid-mode=1     --prefer-overlap-with-compute=0 --test-first-only      '

==========
== CUDA ==
==========

CUDA Version 13.0.2

Container image Copyright (c) 2016-2023, NVIDIA CORPORATION & AFFILIATES. All rights reserved.

This container image and its contents are governed by the NVIDIA Deep Learning Container License.
By pulling and using the container, you accept the terms and conditions of this license:
https://developer.nvidia.com/ngc/nvidia-deep-learning-container-license

A copy of this license is made available in this container at /NGC-DL-CONTAINER-LICENSE for your convenience.

DeepEP hybrid kernel selection: unordered
DeepEP hybrid kernel selection: unordered
DeepEP hybrid kernel selection: unordered
DeepEP hybrid kernel selection: unordered
DeepEP hybrid kernel selection: unordered
DeepEP hybrid kernel selection: unordered
DeepEP hybrid kernel selection: unordered
DeepEP hybrid kernel selection: unordered
DeepEP hybrid kernel selection: unordered
DeepEP hybrid kernel selection: unordered
DeepEP hybrid kernel selection: unordered
DeepEP hybrid kernel selection: unordered
DeepEP hybrid kernel selection: unordered
DeepEP hybrid kernel selection: unordered
DeepEP hybrid kernel selection: unordered
DeepEP hybrid kernel selection: unordered
Config:
 > Ranks: 4 x 8
 > Experts: 8/256
 > Tokens: 112 (max: 128), hidden: 7168
 > #SM: 12, #QPs: 13/13

Running all test cases:
 > Testing with do_handle_copy=1, expert_alignment=128, use_fp8_dispatch=1, num_bias=0, with_previous_event=0, async_with_compute_stream=0, allocate_on_comm_stream=0 ...
USDT:2026-09-09 06:46:53 492:492 SyncActivityProfilerHandler.cpp:52] profiler_startUSDT:2026-09-09 06:46:53 490:490 SyncActivityProfilerHandler.cpp:52] profiler_startUSDT:2026-09-09 06:46:53 487:487 SyncActivityProfilerHandler.cpp:52] profiler_startUSDT:2026-09-09 06:46:53 488:488 SyncActivityProfilerHandler.cpp:52] profiler_startUSDT:2026-09-09 06:46:53 489:489 SyncActivityProfilerHandler.cpp:52] profiler_start


USDT:2026-09-09 06:46:53 491:491 SyncActivityProfilerHandler.cpp:52] profiler_start
USDT:2026-09-09 06:46:53 486:486 SyncActivityProfilerHandler.cpp:52] profiler_start
USDT:2026-09-09 06:46:53 493:493 SyncActivityProfilerHandler.cpp:52] profiler_start


USDT:2026-09-09 06:46:53 493:493 SyncActivityProfilerHandler.cpp:59] profiler_stopUSDT:2026-09-09 06:46:53 486:486 SyncActivityProfilerHandler.cpp:59] profiler_stopUSDT:2026-09-09 06:46:53 491:491 SyncActivityProfilerHandler.cpp:59] profiler_stopUSDT:2026-09-09 06:46:53 487:487 SyncActivityProfilerHandler.cpp:59] profiler_stopUSDT:2026-09-09 06:46:53 490:490 SyncActivityProfilerHandler.cpp:59] profiler_stop
USDT:2026-09-09 06:46:53 488:488 SyncActivityProfilerHandler.cpp:59] profiler_stop
USDT:2026-09-09 06:46:53 489:489 SyncActivityProfilerHandler.cpp:59] profiler_stopUSDT:2026-09-09 06:46:53 492:492 SyncActivityProfilerHandler.cpp:59] profiler_stop





   * EP:  23/32 | dispatch: 18 GB/s (SO), 39 GB/s (SU), 159.073 us, 6200064 bytes | copy: 941 GB/s, 13.171 us
   * EP:  17/32 | dispatch: 19 GB/s (SO), 40 GB/s (SU), 158.895 us, 6327360 bytes | copy: 1394 GB/s, 9.079 us
   * EP:  22/32 | dispatch: 18 GB/s (SO), 40 GB/s (SU), 158.675 us, 6289920 bytes | copy: 1060 GB/s, 11.867 us
   * EP:  20/32 | dispatch: 18 GB/s (SO), 38 GB/s (SU), 158.749 us, 6072768 bytes | copy: 1333 GB/s, 9.111 us
   * EP:  21/32 | dispatch: 18 GB/s (SO), 39 GB/s (SU), 158.898 us, 6155136 bytes | copy: 1013 GB/s, 12.156 us
   * EP:  18/32 | dispatch: 19 GB/s (SO), 37 GB/s (SU), 158.718 us, 5885568 bytes | copy: 1562 GB/s, 7.537 us
   * EP:  19/32 | dispatch: 18 GB/s (SO), 40 GB/s (SU), 158.829 us, 6289920 bytes | copy: 1118 GB/s, 11.253 us
   * EP:  16/32 | dispatch: 19 GB/s (SO), 40 GB/s (SU), 158.699 us, 6342336 bytes | copy: 2059 GB/s, 6.162 us
USDT:2026-09-09 06:46:53 492:492 SyncActivityProfilerHandler.cpp:52] profiler_startUSDT:2026-09-09 06:46:53 488:488 SyncActivityProfilerHandler.cpp:52] profiler_startUSDT:2026-09-09 06:46:53 490:490 SyncActivityProfilerHandler.cpp:52] profiler_startUSDT:2026-09-09 06:46:53 487:487 SyncActivityProfilerHandler.cpp:52] profiler_start

USDT:2026-09-09 06:46:53 489:489 SyncActivityProfilerHandler.cpp:52] profiler_startUSDT:2026-09-09 06:46:53 491:491 SyncActivityProfilerHandler.cpp:52] profiler_startUSDT:2026-09-09 06:46:53 486:486 SyncActivityProfilerHandler.cpp:52] profiler_start


USDT:2026-09-09 06:46:53 493:493 SyncActivityProfilerHandler.cpp:52] profiler_start


USDT:2026-09-09 06:46:54 488:488 SyncActivityProfilerHandler.cpp:59] profiler_stopUSDT:2026-09-09 06:46:54 490:490 SyncActivityProfilerHandler.cpp:59] profiler_stop
USDT:2026-09-09 06:46:54 492:492 SyncActivityProfilerHandler.cpp:59] profiler_stop
USDT:2026-09-09 06:46:54 487:487 SyncActivityProfilerHandler.cpp:59] profiler_stopUSDT:2026-09-09 06:46:54 486:486 SyncActivityProfilerHandler.cpp:59] profiler_stop
USDT:2026-09-09 06:46:54 489:489 SyncActivityProfilerHandler.cpp:59] profiler_stop
USDT:2026-09-09 06:46:54 493:493 SyncActivityProfilerHandler.cpp:59] profiler_stop

USDT:2026-09-09 06:46:54 491:491 SyncActivityProfilerHandler.cpp:59] profiler_stop

   - EP:  18/32 | expanded dispatch: 18 GB/s (SO), 37 GB/s (SU), 160.863 us, 5885568 bytes | copy: 1614 GB/s, 8.351 us
   - EP:  17/32 | expanded dispatch: 18 GB/s (SO), 39 GB/s (SU), 161.067 us, 6327360 bytes | copy: 1727 GB/s, 9.158 us
   - EP:  16/32 | expanded dispatch: 19 GB/s (SO), 39 GB/s (SU), 160.917 us, 6342336 bytes | copy: 1773 GB/s, 8.491 us
   - EP:  21/32 | expanded dispatch: 18 GB/s (SO), 38 GB/s (SU), 161.062 us, 6155136 bytes | copy: 1200 GB/s, 12.155 us
   - EP:  22/32 | expanded dispatch: 18 GB/s (SO), 39 GB/s (SU), 160.874 us, 6289920 bytes | copy: 1148 GB/s, 12.061 us
   - EP:  20/32 | expanded dispatch: 18 GB/s (SO), 38 GB/s (SU), 160.939 us, 6072768 bytes | copy: 1373 GB/s, 10.689 us
   - EP:  23/32 | expanded dispatch: 18 GB/s (SO), 38 GB/s (SU), 161.230 us, 6200064 bytes | copy: 1146 GB/s, 12.818 us
   - EP:  19/32 | expanded dispatch: 18 GB/s (SO), 39 GB/s (SU), 160.986 us, 6289920 bytes | copy: 1172 GB/s, 11.929 us
USDT:2026-09-09 06:46:54 489:489 SyncActivityProfilerHandler.cpp:52] profiler_startUSDT:2026-09-09 06:46:54 487:487 SyncActivityProfilerHandler.cpp:52] profiler_startUSDT:2026-09-09 06:46:54 490:490 SyncActivityProfilerHandler.cpp:52] profiler_startUSDT:2026-09-09 06:46:54 486:486 SyncActivityProfilerHandler.cpp:52] profiler_startUSDT:2026-09-09 06:46:54 492:492 SyncActivityProfilerHandler.cpp:52] profiler_startUSDT:2026-09-09 06:46:54 488:488 SyncActivityProfilerHandler.cpp:52] profiler_start





USDT:2026-09-09 06:46:54 493:493 SyncActivityProfilerHandler.cpp:52] profiler_startUSDT:2026-09-09 06:46:54 491:491 SyncActivityProfilerHandler.cpp:52] profiler_start

USDT:2026-09-09 06:46:55 489:489 SyncActivityProfilerHandler.cpp:59] profiler_stop
USDT:2026-09-09 06:46:55 487:487 SyncActivityProfilerHandler.cpp:59] profiler_stopUSDT:2026-09-09 06:46:55 493:493 SyncActivityProfilerHandler.cpp:59] profiler_stopUSDT:2026-09-09 06:46:55 492:492 SyncActivityProfilerHandler.cpp:59] profiler_stop
USDT:2026-09-09 06:46:55 488:488 SyncActivityProfilerHandler.cpp:59] profiler_stop


USDT:2026-09-09 06:46:55 486:486 SyncActivityProfilerHandler.cpp:59] profiler_stop
USDT:2026-09-09 06:46:55 490:490 SyncActivityProfilerHandler.cpp:59] profiler_stop
USDT:2026-09-09 06:46:55 491:491 SyncActivityProfilerHandler.cpp:59] profiler_stop
   # EP:  19/32 | cached dispatch: 19 GB/s (SO), 41 GB/s (SU), 154.938 us, 6289920 bytes | copy: 1384 GB/s, 9.089 us
   # EP:  17/32 | cached dispatch: 19 GB/s (SO), 41 GB/s (SU), 154.990 us, 6327360 bytes | copy: 1560 GB/s, 8.114 us
   # EP:  21/32 | cached dispatch: 19 GB/s (SO), 40 GB/s (SU), 154.973 us, 6155136 bytes | copy: 1102 GB/s, 11.169 us
   # EP:  18/32 | cached dispatch: 19 GB/s (SO), 38 GB/s (SU), 154.837 us, 5885568 bytes | copy: 1870 GB/s, 6.295 us
   # EP:  16/32 | cached dispatch: 19 GB/s (SO), 41 GB/s (SU), 154.938 us, 6342336 bytes | copy: 1568 GB/s, 8.092 us   # EP:  23/32 | cached dispatch: 18 GB/s (SO), 40 GB/s (SU), 155.132 us, 6200064 bytes | copy: 1070 GB/s, 11.586 us

   # EP:  22/32 | cached dispatch: 18 GB/s (SO), 41 GB/s (SU), 154.842 us, 6289920 bytes | copy: 1241 GB/s, 10.133 us
   # EP:  20/32 | cached dispatch: 19 GB/s (SO), 39 GB/s (SU), 154.854 us, 6072768 bytes | copy: 1289 GB/s, 9.420 us
USDT:2026-09-09 06:46:55 493:493 SyncActivityProfilerHandler.cpp:52] profiler_startUSDT:2026-09-09 06:46:55 488:488 SyncActivityProfilerHandler.cpp:52] profiler_startUSDT:2026-09-09 06:46:55 487:487 SyncActivityProfilerHandler.cpp:52] profiler_startUSDT:2026-09-09 06:46:55 489:489 SyncActivityProfilerHandler.cpp:52] profiler_startUSDT:2026-09-09 06:46:55 490:490 SyncActivityProfilerHandler.cpp:52] profiler_start
USDT:2026-09-09 06:46:55 492:492 SyncActivityProfilerHandler.cpp:52] profiler_start




USDT:2026-09-09 06:46:55 486:486 SyncActivityProfilerHandler.cpp:52] profiler_start
USDT:2026-09-09 06:46:55 491:491 SyncActivityProfilerHandler.cpp:52] profiler_start
USDT:2026-09-09 06:46:55 492:492 SyncActivityProfilerHandler.cpp:59] profiler_stop
USDT:2026-09-09 06:46:55 493:493 SyncActivityProfilerHandler.cpp:59] profiler_stopUSDT:2026-09-09 06:46:55 489:489 SyncActivityProfilerHandler.cpp:59] profiler_stop
USDT:2026-09-09 06:46:55 488:488 SyncActivityProfilerHandler.cpp:59] profiler_stopUSDT:2026-09-09 06:46:55 487:487 SyncActivityProfilerHandler.cpp:59] profiler_stop


USDT:2026-09-09 06:46:55 486:486 SyncActivityProfilerHandler.cpp:59] profiler_stop
USDT:2026-09-09 06:46:55 490:490 SyncActivityProfilerHandler.cpp:59] profiler_stop
USDT:2026-09-09 06:46:55 491:491 SyncActivityProfilerHandler.cpp:59] profiler_stop
   @ EP:  18/32 | combine: 24 GB/s (SO), 47 GB/s (SU), 238.886 us, 11293248 bytes | reduce: 1017 GB/s, 7.106 us
   @ EP:  19/32 | combine: 23 GB/s (SO), 50 GB/s (SU), 239.749 us, 12069120 bytes | reduce: 993 GB/s, 7.249 us
   @ EP:  22/32 | combine: 23 GB/s (SO), 50 GB/s (SU), 239.824 us, 12069120 bytes | reduce: 979 GB/s, 7.146 us   @ EP:  16/32 | combine: 24 GB/s (SO), 50 GB/s (SU), 241.575 us, 12169696 bytes | reduce: 1022 GB/s, 7.170 us

   @ EP:  17/32 | combine: 24 GB/s (SO), 50 GB/s (SU), 240.857 us, 12140960 bytes | reduce: 1020 GB/s, 7.158 us
   @ EP:  21/32 | combine: 24 GB/s (SO), 50 GB/s (SU), 237.282 us, 11810496 bytes | reduce: 978 GB/s, 7.303 us
   @ EP:  23/32 | combine: 23 GB/s (SO), 51 GB/s (SU), 235.034 us, 11896704 bytes | reduce: 946 GB/s, 7.321 us
   @ EP:  20/32 | combine: 23 GB/s (SO), 49 GB/s (SU), 238.223 us, 11652448 bytes | reduce: 977 GB/s, 7.262 us
USDT:2026-09-09 06:46:56 488:488 SyncActivityProfilerHandler.cpp:52] profiler_startUSDT:2026-09-09 06:46:56 490:490 SyncActivityProfilerHandler.cpp:52] profiler_start
USDT:2026-09-09 06:46:56 487:487 SyncActivityProfilerHandler.cpp:52] profiler_start
USDT:2026-09-09 06:46:56 489:489 SyncActivityProfilerHandler.cpp:52] profiler_start

USDT:2026-09-09 06:46:56 493:493 SyncActivityProfilerHandler.cpp:52] profiler_startUSDT:2026-09-09 06:46:56 492:492 SyncActivityProfilerHandler.cpp:52] profiler_start

USDT:2026-09-09 06:46:56 486:486 SyncActivityProfilerHandler.cpp:52] profiler_start
USDT:2026-09-09 06:46:56 491:491 SyncActivityProfilerHandler.cpp:52] profiler_start
USDT:2026-09-09 06:46:56 493:493 SyncActivityProfilerHandler.cpp:59] profiler_stop
USDT:2026-09-09 06:46:56 492:492 SyncActivityProfilerHandler.cpp:59] profiler_stop
USDT:2026-09-09 06:46:56 490:490 SyncActivityProfilerHandler.cpp:59] profiler_stop
USDT:2026-09-09 06:46:56 487:487 SyncActivityProfilerHandler.cpp:59] profiler_stopUSDT:2026-09-09 06:46:56 486:486 SyncActivityProfilerHandler.cpp:59] profiler_stop
USDT:2026-09-09 06:46:56 489:489 SyncActivityProfilerHandler.cpp:59] profiler_stop

USDT:2026-09-09 06:46:56 488:488 SyncActivityProfilerHandler.cpp:59] profiler_stop
USDT:2026-09-09 06:46:56 491:491 SyncActivityProfilerHandler.cpp:59] profiler_stop
   + EP:  22/32 | reduced combine: 23 GB/s (SO), 50 GB/s (SU), 241.487 us, 12069120 bytes | reduce: 991 GB/s, 7.061 us
   + EP:  19/32 | reduced combine: 23 GB/s (SO), 50 GB/s (SU), 241.424 us, 12069120 bytes | reduce: 1030 GB/s, 6.991 us
   + EP:  23/32 | reduced combine: 23 GB/s (SO), 50 GB/s (SU), 238.295 us, 11896704 bytes | reduce: 947 GB/s, 7.312 us
   + EP:  18/32 | reduced combine: 23 GB/s (SO), 47 GB/s (SU), 241.099 us, 11293248 bytes | reduce: 1016 GB/s, 7.112 us
   + EP:  17/32 | reduced combine: 23 GB/s (SO), 50 GB/s (SU), 242.862 us, 12140960 bytes | reduce: 1009 GB/s, 7.231 us
   + EP:  16/32 | reduced combine: 23 GB/s (SO), 49 GB/s (SU), 246.174 us, 12169696 bytes | reduce: 1054 GB/s, 6.954 us
   + EP:  20/32 | reduced combine: 23 GB/s (SO), 48 GB/s (SU), 240.967 us, 11652448 bytes | reduce: 980 GB/s, 7.243 us
   + EP:  21/32 | reduced combine: 23 GB/s (SO), 49 GB/s (SU), 240.084 us, 11810496 bytes | reduce: 972 GB/s, 7.345 us


