=== EP_NIC_NAME=rdmap110s0 (auto, 200 Gb/s) ===
=== GIN: NCCL_GIN_TYPE=5 NCCL_SYM_GIN_KERNELS_ENABLE=0 ===
=== PREFER_OVERLAP=0 (--prefer-overlap-with-compute) ===
=== IMAGE=deepep-v2-efa-official:sm90-stack3c737dcxbfbdd15  DeepEP=a35285f0af98856625e542df24bd17a985bc05d9 ===
=== DeepEP is a MERGE of: 3c737dcf0da5889ba7efd26e05b4808307cc38af bfbdd15ff448783f877cb2210cb3246c8452b05e ===
+ docker run --rm --init --gpus all --privileged --network=host --ipc=host --ulimit memlock=-1 --ulimit stack=67108864 --device=/dev/infiniband --device=/dev/gdrdrv -v /sys/class/infiniband:/sys/class/infiniband:ro -e MASTER_ADDR=172.31.28.159 -e MASTER_PORT=8913 -e WORLD_SIZE=4 -e RANK=0 -e NCCL_DEBUG=WARN -e EP_NIC_NAME=rdmap110s0 -e NCCL_GIN_TYPE=5 -e NCCL_SYM_GIN_KERNELS_ENABLE=0 -e EP_NUM_SUB_PARTS=1 -e PYTHONUNBUFFERED=1 -e PYTHONFAULTHANDLER=1 deepep-v2-efa-official:sm90-stack3c737dcxbfbdd15 bash -lc 'timeout -s ABRT --kill-after=60 1800     python3 -u /opt/DeepEP/tests/elastic/test_ep.py     --num-processes=8 --num-tokens=8192     --hidden=7168 --num-topk=8 --num-experts=256     --num-sms=12 --allow-hybrid-mode=1     --prefer-overlap-with-compute=0 --test-first-only      '

==========
== CUDA ==
==========

CUDA Version 13.0.2

Container image Copyright (c) 2016-2023, NVIDIA CORPORATION & AFFILIATES. All rights reserved.

This container image and its contents are governed by the NVIDIA Deep Learning Container License.
By pulling and using the container, you accept the terms and conditions of this license:
https://developer.nvidia.com/ngc/nvidia-deep-learning-container-license

A copy of this license is made available in this container at /NGC-DL-CONTAINER-LICENSE for your convenience.

NCCL version 2.31.2+cuda13.3
DeepEP hybrid kernel selection: unordered
DeepEP hybrid kernel selection: unordered
DeepEP hybrid kernel selection: unordered
DeepEP hybrid kernel selection: unordered
DeepEP hybrid kernel selection: unordered
DeepEP hybrid kernel selection: unordered
DeepEP hybrid kernel selection: unordered
DeepEP hybrid kernel selection: unordered
DeepEP hybrid kernel selection: unordered
DeepEP hybrid kernel selection: unordered
DeepEP hybrid kernel selection: unordered
DeepEP hybrid kernel selection: unordered
DeepEP hybrid kernel selection: unordered
DeepEP hybrid kernel selection: unordered
DeepEP hybrid kernel selection: unordered
DeepEP hybrid kernel selection: unordered
Config:
 > Ranks: 4 x 8
 > Experts: 8/256
 > Tokens: 8192 (max: 8192), hidden: 7168
 > #SM: 12, #QPs: 13/13

Running all test cases:
 > Testing with do_handle_copy=1, expert_alignment=128, use_fp8_dispatch=1, num_bias=0, with_previous_event=0, async_with_compute_stream=0, allocate_on_comm_stream=0 ...
USDT:2026-09-09 04:06:56 487:487 SyncActivityProfilerHandler.cpp:52] profiler_start
USDT:2026-09-09 04:06:56 492:492 SyncActivityProfilerHandler.cpp:52] profiler_startUSDT:2026-09-09 04:06:56 491:491 SyncActivityProfilerHandler.cpp:52] profiler_startUSDT:2026-09-09 04:06:56 486:486 SyncActivityProfilerHandler.cpp:52] profiler_startUSDT:2026-09-09 04:06:56 489:489 SyncActivityProfilerHandler.cpp:52] profiler_startUSDT:2026-09-09 04:06:56 493:493 SyncActivityProfilerHandler.cpp:52] profiler_start
USDT:2026-09-09 04:06:56 490:490 SyncActivityProfilerHandler.cpp:52] profiler_start




USDT:2026-09-09 04:06:56 488:488 SyncActivityProfilerHandler.cpp:52] profiler_start
USDT:2026-09-09 04:06:56 487:487 SyncActivityProfilerHandler.cpp:59] profiler_stop
USDT:2026-09-09 04:06:56 488:488 SyncActivityProfilerHandler.cpp:59] profiler_stopUSDT:2026-09-09 04:06:56 492:492 SyncActivityProfilerHandler.cpp:59] profiler_stopUSDT:2026-09-09 04:06:56 489:489 SyncActivityProfilerHandler.cpp:59] profiler_stopUSDT:2026-09-09 04:06:56 486:486 SyncActivityProfilerHandler.cpp:59] profiler_stop



USDT:2026-09-09 04:06:56 491:491 SyncActivityProfilerHandler.cpp:59] profiler_stopUSDT:2026-09-09 04:06:56 493:493 SyncActivityProfilerHandler.cpp:59] profiler_stop

USDT:2026-09-09 04:06:56 490:490 SyncActivityProfilerHandler.cpp:59] profiler_stop
   * EP:   1/32 | dispatch: 56 GB/s (SO), 111 GB/s (SU), 3996.000 us, 442361088 bytes | copy: 2768 GB/s, 319.636 us
   * EP:   6/32 | dispatch: 55 GB/s (SO), 111 GB/s (SU), 3995.000 us, 443783808 bytes | copy: 2663 GB/s, 333.280 us
   * EP:   0/32 | dispatch: 55 GB/s (SO), 111 GB/s (SU), 3996.000 us, 444435264 bytes | copy: 2778 GB/s, 320.005 us
   * EP:   2/32 | dispatch: 56 GB/s (SO), 110 GB/s (SU), 3996.000 us, 441425088 bytes | copy: 2765 GB/s, 319.277 us
   * EP:   5/32 | dispatch: 56 GB/s (SO), 111 GB/s (SU), 3996.000 us, 444292992 bytes | copy: 2819 GB/s, 315.183 us
   * EP:   3/32 | dispatch: 55 GB/s (SO), 111 GB/s (SU), 3996.000 us, 444397824 bytes | copy: 2844 GB/s, 312.555 us
   * EP:   7/32 | dispatch: 55 GB/s (SO), 112 GB/s (SU), 3996.000 us, 447700032 bytes | copy: 2681 GB/s, 333.995 us
   * EP:   4/32 | dispatch: 55 GB/s (SO), 111 GB/s (SU), 3996.000 us, 443327040 bytes | copy: 2726 GB/s, 325.236 us
USDT:2026-09-09 04:06:57 487:487 SyncActivityProfilerHandler.cpp:52] profiler_startUSDT:2026-09-09 04:06:57 488:488 SyncActivityProfilerHandler.cpp:52] profiler_start

USDT:2026-09-09 04:06:57 491:491 SyncActivityProfilerHandler.cpp:52] profiler_startUSDT:2026-09-09 04:06:57 492:492 SyncActivityProfilerHandler.cpp:52] profiler_start

USDT:2026-09-09 04:06:57 489:489 SyncActivityProfilerHandler.cpp:52] profiler_startUSDT:2026-09-09 04:06:57 490:490 SyncActivityProfilerHandler.cpp:52] profiler_start
USDT:2026-09-09 04:06:57 486:486 SyncActivityProfilerHandler.cpp:52] profiler_start

USDT:2026-09-09 04:06:57 493:493 SyncActivityProfilerHandler.cpp:52] profiler_start
USDT:2026-09-09 04:06:57 489:489 SyncActivityProfilerHandler.cpp:59] profiler_stopUSDT:2026-09-09 04:06:57 492:492 SyncActivityProfilerHandler.cpp:59] profiler_stopUSDT:2026-09-09 04:06:57 487:487 SyncActivityProfilerHandler.cpp:59] profiler_stopUSDT:2026-09-09 04:06:57 491:491 SyncActivityProfilerHandler.cpp:59] profiler_stop

USDT:2026-09-09 04:06:57 490:490 SyncActivityProfilerHandler.cpp:59] profiler_stopUSDT:2026-09-09 04:06:57 486:486 SyncActivityProfilerHandler.cpp:59] profiler_stop

USDT:2026-09-09 04:06:57 488:488 SyncActivityProfilerHandler.cpp:59] profiler_stop


USDT:2026-09-09 04:06:57 493:493 SyncActivityProfilerHandler.cpp:59] profiler_stop
   - EP:   0/32 | expanded dispatch: 55 GB/s (SO), 111 GB/s (SU), 4010.000 us, 444435264 bytes | copy: 2509 GB/s, 374.841 us
   - EP:   1/32 | expanded dispatch: 55 GB/s (SO), 110 GB/s (SU), 4010.000 us, 442361088 bytes | copy: 2413 GB/s, 387.110 us
   - EP:   6/32 | expanded dispatch: 55 GB/s (SO), 111 GB/s (SU), 4010.000 us, 443783808 bytes | copy: 2353 GB/s, 398.610 us
   - EP:   5/32 | expanded dispatch: 55 GB/s (SO), 111 GB/s (SU), 4010.000 us, 444292992 bytes | copy: 2447 GB/s, 383.652 us
   - EP:   3/32 | expanded dispatch: 55 GB/s (SO), 111 GB/s (SU), 4010.000 us, 444397824 bytes | copy: 2678 GB/s, 351.116 us
   - EP:   2/32 | expanded dispatch: 55 GB/s (SO), 110 GB/s (SU), 4010.000 us, 441425088 bytes | copy: 2380 GB/s, 392.260 us
   - EP:   7/32 | expanded dispatch: 55 GB/s (SO), 112 GB/s (SU), 4010.000 us, 447700032 bytes | copy: 2350 GB/s, 403.015 us
   - EP:   4/32 | expanded dispatch: 55 GB/s (SO), 111 GB/s (SU), 4010.000 us, 443327040 bytes | copy: 2433 GB/s, 385.759 us
USDT:2026-09-09 04:06:58 488:488 SyncActivityProfilerHandler.cpp:52] profiler_startUSDT:2026-09-09 04:06:58 492:492 SyncActivityProfilerHandler.cpp:52] profiler_startUSDT:2026-09-09 04:06:58 491:491 SyncActivityProfilerHandler.cpp:52] profiler_startUSDT:2026-09-09 04:06:58 486:486 SyncActivityProfilerHandler.cpp:52] profiler_start
USDT:2026-09-09 04:06:58 490:490 SyncActivityProfilerHandler.cpp:52] profiler_start


USDT:2026-09-09 04:06:58 487:487 SyncActivityProfilerHandler.cpp:52] profiler_start
USDT:2026-09-09 04:06:58 489:489 SyncActivityProfilerHandler.cpp:52] profiler_start

USDT:2026-09-09 04:06:58 493:493 SyncActivityProfilerHandler.cpp:52] profiler_start
USDT:2026-09-09 04:06:58 491:491 SyncActivityProfilerHandler.cpp:59] profiler_stop
USDT:2026-09-09 04:06:58 489:489 SyncActivityProfilerHandler.cpp:59] profiler_stopUSDT:2026-09-09 04:06:58 492:492 SyncActivityProfilerHandler.cpp:59] profiler_stop

USDT:2026-09-09 04:06:58 488:488 SyncActivityProfilerHandler.cpp:59] profiler_stopUSDT:2026-09-09 04:06:58 490:490 SyncActivityProfilerHandler.cpp:59] profiler_stopUSDT:2026-09-09 04:06:58 487:487 SyncActivityProfilerHandler.cpp:59] profiler_stop


USDT:2026-09-09 04:06:58 486:486 SyncActivityProfilerHandler.cpp:59] profiler_stop
USDT:2026-09-09 04:06:58 493:493 SyncActivityProfilerHandler.cpp:59] profiler_stop
   # EP:   1/32 | cached dispatch: 56 GB/s (SO), 111 GB/s (SU), 3988.000 us, 442361088 bytes | copy: 2836 GB/s, 311.949 us
   # EP:   6/32 | cached dispatch: 56 GB/s (SO), 111 GB/s (SU), 3988.000 us, 443783808 bytes | copy: 2695 GB/s, 329.369 us
   # EP:   0/32 | cached dispatch: 56 GB/s (SO), 111 GB/s (SU), 3988.000 us, 444435264 bytes | copy: 2776 GB/s, 320.164 us
   # EP:   2/32 | cached dispatch: 56 GB/s (SO), 111 GB/s (SU), 3988.000 us, 441425088 bytes | copy: 2683 GB/s, 329.047 us
   # EP:   3/32 | cached dispatch: 55 GB/s (SO), 111 GB/s (SU), 3988.000 us, 444397824 bytes | copy: 3062 GB/s, 290.291 us
   # EP:   4/32 | cached dispatch: 55 GB/s (SO), 111 GB/s (SU), 3988.000 us, 443327040 bytes | copy: 2763 GB/s, 320.923 us
   # EP:   5/32 | cached dispatch: 56 GB/s (SO), 111 GB/s (SU), 3988.000 us, 444292992 bytes | copy: 2795 GB/s, 317.918 us
   # EP:   7/32 | cached dispatch: 56 GB/s (SO), 112 GB/s (SU), 3988.000 us, 447700032 bytes | copy: 2712 GB/s, 330.210 us
USDT:2026-09-09 04:06:59 490:490 SyncActivityProfilerHandler.cpp:52] profiler_start
USDT:2026-09-09 04:06:59 487:487 SyncActivityProfilerHandler.cpp:52] profiler_startUSDT:2026-09-09 04:06:59 489:489 SyncActivityProfilerHandler.cpp:52] profiler_start

USDT:2026-09-09 04:06:59 486:486 SyncActivityProfilerHandler.cpp:52] profiler_start
USDT:2026-09-09 04:06:59 488:488 SyncActivityProfilerHandler.cpp:52] profiler_start
USDT:2026-09-09 04:06:59 492:492 SyncActivityProfilerHandler.cpp:52] profiler_start
USDT:2026-09-09 04:06:59 491:491 SyncActivityProfilerHandler.cpp:52] profiler_start
USDT:2026-09-09 04:06:59 493:493 SyncActivityProfilerHandler.cpp:52] profiler_start
USDT:2026-09-09 04:07:00 493:493 SyncActivityProfilerHandler.cpp:59] profiler_stop
USDT:2026-09-09 04:07:00 490:490 SyncActivityProfilerHandler.cpp:59] profiler_stop
USDT:2026-09-09 04:07:00 492:492 SyncActivityProfilerHandler.cpp:59] profiler_stop
USDT:2026-09-09 04:07:00 489:489 SyncActivityProfilerHandler.cpp:59] profiler_stop
USDT:2026-09-09 04:07:00 486:486 SyncActivityProfilerHandler.cpp:59] profiler_stop
USDT:2026-09-09 04:07:00 491:491 SyncActivityProfilerHandler.cpp:59] profiler_stopUSDT:2026-09-09 04:07:00 487:487 SyncActivityProfilerHandler.cpp:59] profiler_stop

USDT:2026-09-09 04:07:00 488:488 SyncActivityProfilerHandler.cpp:59] profiler_stop
   @ EP:   0/32 | combine: 56 GB/s (SO), 113 GB/s (SU), 7570.000 us, 852783904 bytes | reduce: 3611 GB/s, 150.378 us
   @ EP:   2/32 | combine: 56 GB/s (SO), 112 GB/s (SU), 7550.000 us, 847007968 bytes | reduce: 3620 GB/s, 150.213 us
   @ EP:   7/32 | combine: 57 GB/s (SO), 116 GB/s (SU), 7397.000 us, 859048352 bytes | reduce: 3619 GB/s, 149.897 us
   @ EP:   5/32 | combine: 56 GB/s (SO), 113 GB/s (SU), 7533.000 us, 852510912 bytes | reduce: 3591 GB/s, 151.295 us
   @ EP:   6/32 | combine: 57 GB/s (SO), 113 GB/s (SU), 7505.000 us, 851533888 bytes | reduce: 3610 GB/s, 150.389 us
   @ EP:   4/32 | combine: 57 GB/s (SO), 115 GB/s (SU), 7384.000 us, 850657440 bytes | reduce: 3593 GB/s, 150.855 us
   @ EP:   3/32 | combine: 56 GB/s (SO), 113 GB/s (SU), 7551.000 us, 852712064 bytes | reduce: 3600 GB/s, 150.365 us
   @ EP:   1/32 | combine: 57 GB/s (SO), 113 GB/s (SU), 7519.000 us, 848803968 bytes | reduce: 3600 GB/s, 150.940 us
USDT:2026-09-09 04:07:00 489:489 SyncActivityProfilerHandler.cpp:52] profiler_start
USDT:2026-09-09 04:07:00 488:488 SyncActivityProfilerHandler.cpp:52] profiler_start
USDT:2026-09-09 04:07:00 487:487 SyncActivityProfilerHandler.cpp:52] profiler_start
USDT:2026-09-09 04:07:00 486:486 SyncActivityProfilerHandler.cpp:52] profiler_start
USDT:2026-09-09 04:07:00 492:492 SyncActivityProfilerHandler.cpp:52] profiler_start
USDT:2026-09-09 04:07:00 491:491 SyncActivityProfilerHandler.cpp:52] profiler_start
USDT:2026-09-09 04:07:00 493:493 SyncActivityProfilerHandler.cpp:52] profiler_start
USDT:2026-09-09 04:07:00 490:490 SyncActivityProfilerHandler.cpp:52] profiler_start
USDT:2026-09-09 04:07:01 486:486 SyncActivityProfilerHandler.cpp:59] profiler_stop
USDT:2026-09-09 04:07:01 487:487 SyncActivityProfilerHandler.cpp:59] profiler_stopUSDT:2026-09-09 04:07:01 491:491 SyncActivityProfilerHandler.cpp:59] profiler_stop

USDT:2026-09-09 04:07:01 490:490 SyncActivityProfilerHandler.cpp:59] profiler_stop
USDT:2026-09-09 04:07:01 489:489 SyncActivityProfilerHandler.cpp:59] profiler_stop
USDT:2026-09-09 04:07:01 488:488 SyncActivityProfilerHandler.cpp:59] profiler_stop
USDT:2026-09-09 04:07:01 492:492 SyncActivityProfilerHandler.cpp:59] profiler_stop
USDT:2026-09-09 04:07:01 493:493 SyncActivityProfilerHandler.cpp:59] profiler_stop
   + EP:   0/32 | reduced combine: 57 GB/s (SO), 113 GB/s (SU), 7515.000 us, 852783904 bytes | reduce: 3618 GB/s, 150.088 us
   + EP:   5/32 | reduced combine: 57 GB/s (SO), 114 GB/s (SU), 7492.000 us, 852510912 bytes | reduce: 3604 GB/s, 150.745 us
   + EP:   3/32 | reduced combine: 56 GB/s (SO), 113 GB/s (SU), 7513.000 us, 852712064 bytes | reduce: 3602 GB/s, 150.275 us
   + EP:   1/32 | reduced combine: 57 GB/s (SO), 113 GB/s (SU), 7507.000 us, 848803968 bytes | reduce: 3608 GB/s, 150.644 us
   + EP:   2/32 | reduced combine: 57 GB/s (SO), 113 GB/s (SU), 7509.000 us, 847007968 bytes | reduce: 3614 GB/s, 150.460 us
   + EP:   6/32 | reduced combine: 57 GB/s (SO), 113 GB/s (SU), 7506.000 us, 851533888 bytes | reduce: 3616 GB/s, 150.141 us
   + EP:   4/32 | reduced combine: 57 GB/s (SO), 113 GB/s (SU), 7495.000 us, 850657440 bytes | reduce: 3592 GB/s, 150.867 us
   + EP:   7/32 | reduced combine: 56 GB/s (SO), 114 GB/s (SU), 7524.000 us, 859048352 bytes | reduce: 3618 GB/s, 149.955 us


