=== EP_NIC_NAME=rdmap110s0 (auto, 200 Gb/s) ===
=== GIN: NCCL_GIN_TYPE=5 NCCL_SYM_GIN_KERNELS_ENABLE=0 ===
=== PREFER_OVERLAP=0 (--prefer-overlap-with-compute) ===
=== IMAGE=deepep-v2-efa-official:sm90-stack3c737dcxbfbdd15  DeepEP=a35285f0af98856625e542df24bd17a985bc05d9 ===
=== DeepEP is a MERGE of: 3c737dcf0da5889ba7efd26e05b4808307cc38af bfbdd15ff448783f877cb2210cb3246c8452b05e ===
+ docker run --rm --init --gpus all --privileged --network=host --ipc=host --ulimit memlock=-1 --ulimit stack=67108864 --device=/dev/infiniband --device=/dev/gdrdrv -v /sys/class/infiniband:/sys/class/infiniband:ro -e MASTER_ADDR=172.31.28.159 -e MASTER_PORT=8938 -e WORLD_SIZE=4 -e RANK=1 -e NCCL_DEBUG=WARN -e EP_NIC_NAME=rdmap110s0 -e NCCL_GIN_TYPE=5 -e NCCL_SYM_GIN_KERNELS_ENABLE=0 -e EP_NUM_SUB_PARTS=1 -e PYTHONUNBUFFERED=1 -e PYTHONFAULTHANDLER=1 deepep-v2-efa-official:sm90-stack3c737dcxbfbdd15 bash -lc 'timeout -s ABRT --kill-after=60 1800     python3 -u /opt/DeepEP/tests/elastic/test_ep.py     --num-processes=8 --num-tokens=128     --hidden=7168 --num-topk=8 --num-experts=256     --num-sms=12 --allow-hybrid-mode=1     --prefer-overlap-with-compute=0 --test-first-only      '

==========
== CUDA ==
==========

CUDA Version 13.0.2

Container image Copyright (c) 2016-2023, NVIDIA CORPORATION & AFFILIATES. All rights reserved.

This container image and its contents are governed by the NVIDIA Deep Learning Container License.
By pulling and using the container, you accept the terms and conditions of this license:
https://developer.nvidia.com/ngc/nvidia-deep-learning-container-license

A copy of this license is made available in this container at /NGC-DL-CONTAINER-LICENSE for your convenience.

DeepEP hybrid kernel selection: unordered
DeepEP hybrid kernel selection: unordered
DeepEP hybrid kernel selection: unordered
DeepEP hybrid kernel selection: unordered
DeepEP hybrid kernel selection: unordered
DeepEP hybrid kernel selection: unordered
DeepEP hybrid kernel selection: unordered
DeepEP hybrid kernel selection: unordered
DeepEP hybrid kernel selection: unordered
DeepEP hybrid kernel selection: unordered
DeepEP hybrid kernel selection: unordered
DeepEP hybrid kernel selection: unordered
DeepEP hybrid kernel selection: unordered
DeepEP hybrid kernel selection: unordered
DeepEP hybrid kernel selection: unordered
DeepEP hybrid kernel selection: unordered
Config:
 > Ranks: 4 x 8
 > Experts: 8/256
 > Tokens: 120 (max: 128), hidden: 7168
 > #SM: 12, #QPs: 13/13

Running all test cases:
 > Testing with do_handle_copy=1, expert_alignment=128, use_fp8_dispatch=1, num_bias=0, with_previous_event=0, async_with_compute_stream=0, allocate_on_comm_stream=0 ...
USDT:2026-09-09 06:46:53 490:490 SyncActivityProfilerHandler.cpp:52] profiler_startUSDT:2026-09-09 06:46:53 491:491 SyncActivityProfilerHandler.cpp:52] profiler_startUSDT:2026-09-09 06:46:53 486:486 SyncActivityProfilerHandler.cpp:52] profiler_startUSDT:2026-09-09 06:46:53 492:492 SyncActivityProfilerHandler.cpp:52] profiler_start



USDT:2026-09-09 06:46:53 488:488 SyncActivityProfilerHandler.cpp:52] profiler_startUSDT:2026-09-09 06:46:53 487:487 SyncActivityProfilerHandler.cpp:52] profiler_start

USDT:2026-09-09 06:46:53 489:489 SyncActivityProfilerHandler.cpp:52] profiler_start
USDT:2026-09-09 06:46:53 485:485 SyncActivityProfilerHandler.cpp:52] profiler_start
USDT:2026-09-09 06:46:53 490:490 SyncActivityProfilerHandler.cpp:59] profiler_stop
USDT:2026-09-09 06:46:53 491:491 SyncActivityProfilerHandler.cpp:59] profiler_stopUSDT:2026-09-09 06:46:53 486:486 SyncActivityProfilerHandler.cpp:59] profiler_stop
USDT:2026-09-09 06:46:53 492:492 SyncActivityProfilerHandler.cpp:59] profiler_stop
USDT:2026-09-09 06:46:53 485:485 SyncActivityProfilerHandler.cpp:59] profiler_stopUSDT:2026-09-09 06:46:53 487:487 SyncActivityProfilerHandler.cpp:59] profiler_stopUSDT:2026-09-09 06:46:53 489:489 SyncActivityProfilerHandler.cpp:59] profiler_stop



USDT:2026-09-09 06:46:53 488:488 SyncActivityProfilerHandler.cpp:59] profiler_stop
   * EP:  10/32 | dispatch: 21 GB/s (SO), 40 GB/s (SU), 154.051 us, 6102720 bytes | copy: 1583 GB/s, 7.711 us
   * EP:   8/32 | dispatch: 21 GB/s (SO), 40 GB/s (SU), 154.029 us, 6222528 bytes | copy: 1575 GB/s, 7.902 us
   * EP:  13/32 | dispatch: 20 GB/s (SO), 40 GB/s (SU), 154.014 us, 6215040 bytes | copy: 937 GB/s, 13.263 us
   * EP:  12/32 | dispatch: 21 GB/s (SO), 38 GB/s (SU), 153.765 us, 5780736 bytes | copy: 1192 GB/s, 9.700 us
   * EP:  14/32 | dispatch: 20 GB/s (SO), 39 GB/s (SU), 154.095 us, 6012864 bytes | copy: 1004 GB/s, 11.973 us
   * EP:  11/32 | dispatch: 21 GB/s (SO), 41 GB/s (SU), 153.991 us, 6334848 bytes | copy: 1329 GB/s, 9.534 us
   * EP:  15/32 | dispatch: 19 GB/s (SO), 40 GB/s (SU), 153.934 us, 6147648 bytes | copy: 1117 GB/s, 11.003 us
   * EP:   9/32 | dispatch: 21 GB/s (SO), 40 GB/s (SU), 153.853 us, 6200064 bytes | copy: 1137 GB/s, 10.908 us
USDT:2026-09-09 06:46:53 489:489 SyncActivityProfilerHandler.cpp:52] profiler_startUSDT:2026-09-09 06:46:53 490:490 SyncActivityProfilerHandler.cpp:52] profiler_startUSDT:2026-09-09 06:46:53 492:492 SyncActivityProfilerHandler.cpp:52] profiler_startUSDT:2026-09-09 06:46:53 486:486 SyncActivityProfilerHandler.cpp:52] profiler_startUSDT:2026-09-09 06:46:53 491:491 SyncActivityProfilerHandler.cpp:52] profiler_startUSDT:2026-09-09 06:46:53 485:485 SyncActivityProfilerHandler.cpp:52] profiler_start

USDT:2026-09-09 06:46:53 487:487 SyncActivityProfilerHandler.cpp:52] profiler_startUSDT:2026-09-09 06:46:53 488:488 SyncActivityProfilerHandler.cpp:52] profiler_start





USDT:2026-09-09 06:46:54 485:485 SyncActivityProfilerHandler.cpp:59] profiler_stopUSDT:2026-09-09 06:46:54 486:486 SyncActivityProfilerHandler.cpp:59] profiler_stopUSDT:2026-09-09 06:46:54 489:489 SyncActivityProfilerHandler.cpp:59] profiler_stopUSDT:2026-09-09 06:46:54 491:491 SyncActivityProfilerHandler.cpp:59] profiler_stopUSDT:2026-09-09 06:46:54 490:490 SyncActivityProfilerHandler.cpp:59] profiler_stopUSDT:2026-09-09 06:46:54 492:492 SyncActivityProfilerHandler.cpp:59] profiler_stopUSDT:2026-09-09 06:46:54 487:487 SyncActivityProfilerHandler.cpp:59] profiler_stop






USDT:2026-09-09 06:46:54 488:488 SyncActivityProfilerHandler.cpp:59] profiler_stop
   - EP:  11/32 | expanded dispatch: 21 GB/s (SO), 41 GB/s (SU), 153.928 us, 6334848 bytes | copy: 1189 GB/s, 11.679 us
   - EP:  10/32 | expanded dispatch: 21 GB/s (SO), 40 GB/s (SU), 154.058 us, 6102720 bytes | copy: 1423 GB/s, 9.616 us
   - EP:  13/32 | expanded dispatch: 20 GB/s (SO), 40 GB/s (SU), 153.947 us, 6215040 bytes | copy: 1212 GB/s, 12.217 us
   - EP:  12/32 | expanded dispatch: 21 GB/s (SO), 38 GB/s (SU), 153.741 us, 5780736 bytes | copy: 1241 GB/s, 10.659 us
   - EP:  15/32 | expanded dispatch: 19 GB/s (SO), 40 GB/s (SU), 153.866 us, 6147648 bytes | copy: 1179 GB/s, 11.622 us
   - EP:   8/32 | expanded dispatch: 21 GB/s (SO), 40 GB/s (SU), 153.999 us, 6222528 bytes | copy: 1771 GB/s, 7.843 us
   - EP:   9/32 | expanded dispatch: 21 GB/s (SO), 40 GB/s (SU), 153.849 us, 6200064 bytes | copy: 1359 GB/s, 10.886 us
   - EP:  14/32 | expanded dispatch: 20 GB/s (SO), 39 GB/s (SU), 154.040 us, 6012864 bytes | copy: 1110 GB/s, 12.315 us
USDT:2026-09-09 06:46:54 486:486 SyncActivityProfilerHandler.cpp:52] profiler_startUSDT:2026-09-09 06:46:54 485:485 SyncActivityProfilerHandler.cpp:52] profiler_startUSDT:2026-09-09 06:46:54 492:492 SyncActivityProfilerHandler.cpp:52] profiler_startUSDT:2026-09-09 06:46:54 489:489 SyncActivityProfilerHandler.cpp:52] profiler_startUSDT:2026-09-09 06:46:54 487:487 SyncActivityProfilerHandler.cpp:52] profiler_start

USDT:2026-09-09 06:46:54 491:491 SyncActivityProfilerHandler.cpp:52] profiler_start


USDT:2026-09-09 06:46:54 490:490 SyncActivityProfilerHandler.cpp:52] profiler_start

USDT:2026-09-09 06:46:54 488:488 SyncActivityProfilerHandler.cpp:52] profiler_start
USDT:2026-09-09 06:46:55 489:489 SyncActivityProfilerHandler.cpp:59] profiler_stopUSDT:2026-09-09 06:46:55 486:486 SyncActivityProfilerHandler.cpp:59] profiler_stop

USDT:2026-09-09 06:46:55 490:490 SyncActivityProfilerHandler.cpp:59] profiler_stopUSDT:2026-09-09 06:46:55 491:491 SyncActivityProfilerHandler.cpp:59] profiler_stopUSDT:2026-09-09 06:46:55 492:492 SyncActivityProfilerHandler.cpp:59] profiler_stopUSDT:2026-09-09 06:46:55 487:487 SyncActivityProfilerHandler.cpp:59] profiler_stop



USDT:2026-09-09 06:46:55 485:485 SyncActivityProfilerHandler.cpp:59] profiler_stop
USDT:2026-09-09 06:46:55 488:488 SyncActivityProfilerHandler.cpp:59] profiler_stop
   # EP:  14/32 | cached dispatch: 20 GB/s (SO), 40 GB/s (SU), 149.265 us, 6012864 bytes | copy: 1159 GB/s, 10.374 us
   # EP:   9/32 | cached dispatch: 22 GB/s (SO), 42 GB/s (SU), 149.064 us, 6200064 bytes | copy: 1448 GB/s, 8.565 us
   # EP:  13/32 | cached dispatch: 21 GB/s (SO), 42 GB/s (SU), 149.237 us, 6215040 bytes | copy: 1083 GB/s, 11.481 us
   # EP:  12/32 | cached dispatch: 21 GB/s (SO), 39 GB/s (SU), 148.979 us, 5780736 bytes | copy: 1263 GB/s, 9.153 us   # EP:  10/32 | cached dispatch: 21 GB/s (SO), 41 GB/s (SU), 149.248 us, 6102720 bytes | copy: 1731 GB/s, 7.053 us

   # EP:   8/32 | cached dispatch: 22 GB/s (SO), 42 GB/s (SU), 149.279 us, 6222528 bytes | copy: 1575 GB/s, 7.900 us
   # EP:  11/32 | cached dispatch: 21 GB/s (SO), 42 GB/s (SU), 149.197 us, 6334848 bytes | copy: 1349 GB/s, 9.392 us
   # EP:  15/32 | cached dispatch: 20 GB/s (SO), 41 GB/s (SU), 149.185 us, 6147648 bytes | copy: 1221 GB/s, 10.067 us
USDT:2026-09-09 06:46:55 487:487 SyncActivityProfilerHandler.cpp:52] profiler_start
USDT:2026-09-09 06:46:55 489:489 SyncActivityProfilerHandler.cpp:52] profiler_start
USDT:2026-09-09 06:46:55 492:492 SyncActivityProfilerHandler.cpp:52] profiler_startUSDT:2026-09-09 06:46:55 491:491 SyncActivityProfilerHandler.cpp:52] profiler_start
USDT:2026-09-09 06:46:55 490:490 SyncActivityProfilerHandler.cpp:52] profiler_startUSDT:2026-09-09 06:46:55 485:485 SyncActivityProfilerHandler.cpp:52] profiler_start


USDT:2026-09-09 06:46:55 488:488 SyncActivityProfilerHandler.cpp:52] profiler_startUSDT:2026-09-09 06:46:55 486:486 SyncActivityProfilerHandler.cpp:52] profiler_start

USDT:2026-09-09 06:46:55 489:489 SyncActivityProfilerHandler.cpp:59] profiler_stop
USDT:2026-09-09 06:46:55 487:487 SyncActivityProfilerHandler.cpp:59] profiler_stop
USDT:2026-09-09 06:46:55 486:486 SyncActivityProfilerHandler.cpp:59] profiler_stopUSDT:2026-09-09 06:46:55 492:492 SyncActivityProfilerHandler.cpp:59] profiler_stopUSDT:2026-09-09 06:46:55 491:491 SyncActivityProfilerHandler.cpp:59] profiler_stop


USDT:2026-09-09 06:46:55 490:490 SyncActivityProfilerHandler.cpp:59] profiler_stop
USDT:2026-09-09 06:46:55 488:488 SyncActivityProfilerHandler.cpp:59] profiler_stop
USDT:2026-09-09 06:46:55 485:485 SyncActivityProfilerHandler.cpp:59] profiler_stop
   @ EP:  10/32 | combine: 27 GB/s (SO), 52 GB/s (SU), 227.019 us, 11709920 bytes | reduce: 1054 GB/s, 7.373 us
   @ EP:  12/32 | combine: 27 GB/s (SO), 49 GB/s (SU), 226.344 us, 11092096 bytes | reduce: 1054 GB/s, 7.377 us
   @ EP:  11/32 | combine: 27 GB/s (SO), 54 GB/s (SU), 225.813 us, 12155328 bytes | reduce: 1066 GB/s, 7.329 us
   @ EP:  14/32 | combine: 26 GB/s (SO), 52 GB/s (SU), 223.642 us, 11537504 bytes | reduce: 998 GB/s, 7.514 us
   @ EP:  15/32 | combine: 26 GB/s (SO), 53 GB/s (SU), 221.767 us, 11796128 bytes | reduce: 967 GB/s, 7.574 us   @ EP:  13/32 | combine: 27 GB/s (SO), 53 GB/s (SU), 223.263 us, 11925440 bytes | reduce: 1029 GB/s, 7.386 us

   @ EP:   9/32 | combine: 27 GB/s (SO), 52 GB/s (SU), 228.157 us, 11896704 bytes | reduce: 1082 GB/s, 7.328 us
   @ EP:   8/32 | combine: 28 GB/s (SO), 52 GB/s (SU), 228.448 us, 11939808 bytes | reduce: 1094 GB/s, 7.355 us
USDT:2026-09-09 06:46:56 489:489 SyncActivityProfilerHandler.cpp:52] profiler_startUSDT:2026-09-09 06:46:56 486:486 SyncActivityProfilerHandler.cpp:52] profiler_startUSDT:2026-09-09 06:46:56 492:492 SyncActivityProfilerHandler.cpp:52] profiler_startUSDT:2026-09-09 06:46:56 491:491 SyncActivityProfilerHandler.cpp:52] profiler_start
USDT:2026-09-09 06:46:56 490:490 SyncActivityProfilerHandler.cpp:52] profiler_start
USDT:2026-09-09 06:46:56 487:487 SyncActivityProfilerHandler.cpp:52] profiler_start



USDT:2026-09-09 06:46:56 485:485 SyncActivityProfilerHandler.cpp:52] profiler_startUSDT:2026-09-09 06:46:56 488:488 SyncActivityProfilerHandler.cpp:52] profiler_start

USDT:2026-09-09 06:46:56 489:489 SyncActivityProfilerHandler.cpp:59] profiler_stopUSDT:2026-09-09 06:46:56 491:491 SyncActivityProfilerHandler.cpp:59] profiler_stopUSDT:2026-09-09 06:46:56 490:490 SyncActivityProfilerHandler.cpp:59] profiler_stopUSDT:2026-09-09 06:46:56 487:487 SyncActivityProfilerHandler.cpp:59] profiler_stop



USDT:2026-09-09 06:46:56 492:492 SyncActivityProfilerHandler.cpp:59] profiler_stop
USDT:2026-09-09 06:46:56 486:486 SyncActivityProfilerHandler.cpp:59] profiler_stop
USDT:2026-09-09 06:46:56 485:485 SyncActivityProfilerHandler.cpp:59] profiler_stopUSDT:2026-09-09 06:46:56 488:488 SyncActivityProfilerHandler.cpp:59] profiler_stop

   + EP:  14/32 | reduced combine: 26 GB/s (SO), 51 GB/s (SU), 225.189 us, 11537504 bytes | reduce: 984 GB/s, 7.625 us
   + EP:  10/32 | reduced combine: 27 GB/s (SO), 51 GB/s (SU), 228.977 us, 11709920 bytes | reduce: 1049 GB/s, 7.409 us
   + EP:  12/32 | reduced combine: 27 GB/s (SO), 49 GB/s (SU), 228.431 us, 11092096 bytes | reduce: 1061 GB/s, 7.328 us
   + EP:  15/32 | reduced combine: 25 GB/s (SO), 53 GB/s (SU), 224.668 us, 11796128 bytes | reduce: 988 GB/s, 7.413 us
   + EP:  11/32 | reduced combine: 27 GB/s (SO), 53 GB/s (SU), 228.131 us, 12155328 bytes | reduce: 1077 GB/s, 7.257 us
   + EP:  13/32 | reduced combine: 26 GB/s (SO), 53 GB/s (SU), 226.898 us, 11925440 bytes | reduce: 1039 GB/s, 7.315 us
   + EP:   9/32 | reduced combine: 27 GB/s (SO), 52 GB/s (SU), 229.409 us, 11896704 bytes | reduce: 1067 GB/s, 7.436 us
   + EP:   8/32 | reduced combine: 28 GB/s (SO), 52 GB/s (SU), 229.590 us, 11939808 bytes | reduce: 1094 GB/s, 7.353 us


