=== EP_NIC_NAME=rdmap110s0 (auto, 200 Gb/s) ===
=== GIN: NCCL_GIN_TYPE=5 NCCL_SYM_GIN_KERNELS_ENABLE=0 ===
=== PREFER_OVERLAP=0 (--prefer-overlap-with-compute) ===
=== IMAGE=deepep-v2-efa-official:sm90-stack3c737dcxbfbdd15  DeepEP=a35285f0af98856625e542df24bd17a985bc05d9 ===
=== DeepEP is a MERGE of: 3c737dcf0da5889ba7efd26e05b4808307cc38af bfbdd15ff448783f877cb2210cb3246c8452b05e ===
+ docker run --rm --init --gpus all --privileged --network=host --ipc=host --ulimit memlock=-1 --ulimit stack=67108864 --device=/dev/infiniband --device=/dev/gdrdrv -v /sys/class/infiniband:/sys/class/infiniband:ro -e MASTER_ADDR=172.31.29.216 -e MASTER_PORT=8972 -e WORLD_SIZE=2 -e RANK=1 -e NCCL_DEBUG=WARN -e EP_NIC_NAME=rdmap110s0 -e NCCL_GIN_TYPE=5 -e NCCL_SYM_GIN_KERNELS_ENABLE=0 -e EP_NUM_SUB_PARTS=1 -e PYTHONUNBUFFERED=1 -e PYTHONFAULTHANDLER=1 deepep-v2-efa-official:sm90-stack3c737dcxbfbdd15 bash -lc 'timeout -s ABRT --kill-after=60 1800     python3 -u /opt/DeepEP/tests/elastic/test_ep.py     --num-processes=8 --num-tokens=128     --hidden=7168 --num-topk=8 --num-experts=256     --num-sms=12 --allow-hybrid-mode=1     --prefer-overlap-with-compute=0 --test-first-only      '

==========
== CUDA ==
==========

CUDA Version 13.0.2

Container image Copyright (c) 2016-2023, NVIDIA CORPORATION & AFFILIATES. All rights reserved.

This container image and its contents are governed by the NVIDIA Deep Learning Container License.
By pulling and using the container, you accept the terms and conditions of this license:
https://developer.nvidia.com/ngc/nvidia-deep-learning-container-license

A copy of this license is made available in this container at /NGC-DL-CONTAINER-LICENSE for your convenience.

DeepEP hybrid kernel selection: unordered
DeepEP hybrid kernel selection: unordered
DeepEP hybrid kernel selection: unordered
DeepEP hybrid kernel selection: unordered
DeepEP hybrid kernel selection: unordered
DeepEP hybrid kernel selection: unordered
DeepEP hybrid kernel selection: unordered
DeepEP hybrid kernel selection: unordered
DeepEP hybrid kernel selection: unordered
DeepEP hybrid kernel selection: unordered
DeepEP hybrid kernel selection: unordered
DeepEP hybrid kernel selection: unordered
DeepEP hybrid kernel selection: unordered
DeepEP hybrid kernel selection: unordered
DeepEP hybrid kernel selection: unordered
DeepEP hybrid kernel selection: unordered
Config:
 > Ranks: 2 x 8
 > Experts: 8/256
 > Tokens: 120 (max: 128), hidden: 7168
 > #SM: 12, #QPs: 13/13

Running all test cases:
 > Testing with do_handle_copy=1, expert_alignment=128, use_fp8_dispatch=1, num_bias=0, with_previous_event=0, async_with_compute_stream=0, allocate_on_comm_stream=0 ...
USDT:2026-09-09 05:46:56 485:485 SyncActivityProfilerHandler.cpp:52] profiler_startUSDT:2026-09-09 05:46:56 489:489 SyncActivityProfilerHandler.cpp:52] profiler_startUSDT:2026-09-09 05:46:56 484:484 SyncActivityProfilerHandler.cpp:52] profiler_startUSDT:2026-09-09 05:46:56 490:490 SyncActivityProfilerHandler.cpp:52] profiler_start
USDT:2026-09-09 05:46:56 486:486 SyncActivityProfilerHandler.cpp:52] profiler_start
USDT:2026-09-09 05:46:56 487:487 SyncActivityProfilerHandler.cpp:52] profiler_start



USDT:2026-09-09 05:46:56 488:488 SyncActivityProfilerHandler.cpp:52] profiler_start
USDT:2026-09-09 05:46:56 491:491 SyncActivityProfilerHandler.cpp:52] profiler_start
USDT:2026-09-09 05:46:57 487:487 SyncActivityProfilerHandler.cpp:59] profiler_stopUSDT:2026-09-09 05:46:57 489:489 SyncActivityProfilerHandler.cpp:59] profiler_stopUSDT:2026-09-09 05:46:57 484:484 SyncActivityProfilerHandler.cpp:59] profiler_stop


USDT:2026-09-09 05:46:57 490:490 SyncActivityProfilerHandler.cpp:59] profiler_stopUSDT:2026-09-09 05:46:57 488:488 SyncActivityProfilerHandler.cpp:59] profiler_stop
USDT:2026-09-09 05:46:57 486:486 SyncActivityProfilerHandler.cpp:59] profiler_stop
USDT:2026-09-09 05:46:57 491:491 SyncActivityProfilerHandler.cpp:59] profiler_stopUSDT:2026-09-09 05:46:57 485:485 SyncActivityProfilerHandler.cpp:59] profiler_stop


   * EP:  14/16 | dispatch: 17 GB/s (SO), 62 GB/s (SU), 99.038 us, 6162624 bytes | copy: 2071 GB/s, 5.950 us
   * EP:  11/16 | dispatch: 18 GB/s (SO), 58 GB/s (SU), 99.072 us, 5698368 bytes | copy: 2011 GB/s, 5.667 us
   * EP:   9/16 | dispatch: 18 GB/s (SO), 58 GB/s (SU), 98.996 us, 5773248 bytes | copy: 2173 GB/s, 5.313 us
   * EP:  13/16 | dispatch: 17 GB/s (SO), 58 GB/s (SU), 99.124 us, 5728320 bytes | copy: 2052 GB/s, 5.582 us
   * EP:  15/16 | dispatch: 17 GB/s (SO), 61 GB/s (SU), 99.245 us, 6005376 bytes | copy: 2312 GB/s, 5.195 us   * EP:  10/16 | dispatch: 18 GB/s (SO), 64 GB/s (SU), 99.041 us, 6312384 bytes | copy: 2168 GB/s, 5.824 us

   * EP:   8/16 | dispatch: 18 GB/s (SO), 59 GB/s (SU), 98.985 us, 5833152 bytes | copy: 2269 GB/s, 5.142 us
   * EP:  12/16 | dispatch: 17 GB/s (SO), 62 GB/s (SU), 99.111 us, 6117696 bytes | copy: 2106 GB/s, 5.810 us
USDT:2026-09-09 05:46:57 485:485 SyncActivityProfilerHandler.cpp:52] profiler_startUSDT:2026-09-09 05:46:57 487:487 SyncActivityProfilerHandler.cpp:52] profiler_startUSDT:2026-09-09 05:46:57 489:489 SyncActivityProfilerHandler.cpp:52] profiler_startUSDT:2026-09-09 05:46:57 486:486 SyncActivityProfilerHandler.cpp:52] profiler_startUSDT:2026-09-09 05:46:57 490:490 SyncActivityProfilerHandler.cpp:52] profiler_start
USDT:2026-09-09 05:46:57 484:484 SyncActivityProfilerHandler.cpp:52] profiler_start

USDT:2026-09-09 05:46:57 491:491 SyncActivityProfilerHandler.cpp:52] profiler_startUSDT:2026-09-09 05:46:57 488:488 SyncActivityProfilerHandler.cpp:52] profiler_start




USDT:2026-09-09 05:46:57 485:485 SyncActivityProfilerHandler.cpp:59] profiler_stopUSDT:2026-09-09 05:46:57 487:487 SyncActivityProfilerHandler.cpp:59] profiler_stop

USDT:2026-09-09 05:46:57 488:488 SyncActivityProfilerHandler.cpp:59] profiler_stop
USDT:2026-09-09 05:46:57 489:489 SyncActivityProfilerHandler.cpp:59] profiler_stopUSDT:2026-09-09 05:46:57 486:486 SyncActivityProfilerHandler.cpp:59] profiler_stopUSDT:2026-09-09 05:46:57 491:491 SyncActivityProfilerHandler.cpp:59] profiler_stopUSDT:2026-09-09 05:46:57 484:484 SyncActivityProfilerHandler.cpp:59] profiler_stop



USDT:2026-09-09 05:46:57 490:490 SyncActivityProfilerHandler.cpp:59] profiler_stop
   - EP:  14/16 | expanded dispatch: 17 GB/s (SO), 61 GB/s (SU), 100.380 us, 6162624 bytes | copy: 2366 GB/s, 8.881 us
   - EP:   9/16 | expanded dispatch: 18 GB/s (SO), 58 GB/s (SU), 100.303 us, 5773248 bytes | copy: 2559 GB/s, 8.077 us
   - EP:  15/16 | expanded dispatch: 17 GB/s (SO), 60 GB/s (SU), 100.591 us, 6005376 bytes | copy: 2672 GB/s, 7.840 us
   - EP:  10/16 | expanded dispatch: 18 GB/s (SO), 63 GB/s (SU), 100.336 us, 6312384 bytes | copy: 2298 GB/s, 9.222 us
   - EP:  11/16 | expanded dispatch: 17 GB/s (SO), 57 GB/s (SU), 100.445 us, 5698368 bytes | copy: 2260 GB/s, 9.090 us
   - EP:  12/16 | expanded dispatch: 17 GB/s (SO), 61 GB/s (SU), 100.478 us, 6117696 bytes | copy: 2054 GB/s, 10.196 us
   - EP:   8/16 | expanded dispatch: 18 GB/s (SO), 58 GB/s (SU), 100.305 us, 5833152 bytes | copy: 2571 GB/s, 8.063 us
   - EP:  13/16 | expanded dispatch: 17 GB/s (SO), 57 GB/s (SU), 100.487 us, 5728320 bytes | copy: 2162 GB/s, 9.571 us
USDT:2026-09-09 05:46:58 485:485 SyncActivityProfilerHandler.cpp:52] profiler_startUSDT:2026-09-09 05:46:58 487:487 SyncActivityProfilerHandler.cpp:52] profiler_startUSDT:2026-09-09 05:46:58 489:489 SyncActivityProfilerHandler.cpp:52] profiler_startUSDT:2026-09-09 05:46:58 488:488 SyncActivityProfilerHandler.cpp:52] profiler_start


USDT:2026-09-09 05:46:58 490:490 SyncActivityProfilerHandler.cpp:52] profiler_startUSDT:2026-09-09 05:46:58 486:486 SyncActivityProfilerHandler.cpp:52] profiler_start
USDT:2026-09-09 05:46:58 491:491 SyncActivityProfilerHandler.cpp:52] profiler_startUSDT:2026-09-09 05:46:58 484:484 SyncActivityProfilerHandler.cpp:52] profiler_start



USDT:2026-09-09 05:46:58 485:485 SyncActivityProfilerHandler.cpp:59] profiler_stopUSDT:2026-09-09 05:46:58 487:487 SyncActivityProfilerHandler.cpp:59] profiler_stopUSDT:2026-09-09 05:46:58 490:490 SyncActivityProfilerHandler.cpp:59] profiler_stop
USDT:2026-09-09 05:46:58 484:484 SyncActivityProfilerHandler.cpp:59] profiler_stop
USDT:2026-09-09 05:46:58 488:488 SyncActivityProfilerHandler.cpp:59] profiler_stopUSDT:2026-09-09 05:46:58 491:491 SyncActivityProfilerHandler.cpp:59] profiler_stop



USDT:2026-09-09 05:46:58 489:489 SyncActivityProfilerHandler.cpp:59] profiler_stopUSDT:2026-09-09 05:46:58 486:486 SyncActivityProfilerHandler.cpp:59] profiler_stop

   # EP:   8/16 | cached dispatch: 19 GB/s (SO), 61 GB/s (SU), 95.128 us, 5833152 bytes | copy: 1806 GB/s, 6.460 us
   # EP:  13/16 | cached dispatch: 18 GB/s (SO), 60 GB/s (SU), 95.206 us, 5728320 bytes | copy: 1503 GB/s, 7.621 us
   # EP:  12/16 | cached dispatch: 18 GB/s (SO), 64 GB/s (SU), 95.169 us, 6117696 bytes | copy: 1696 GB/s, 7.216 us
   # EP:  11/16 | cached dispatch: 18 GB/s (SO), 60 GB/s (SU), 95.244 us, 5698368 bytes | copy: 1432 GB/s, 7.958 us
   # EP:  10/16 | cached dispatch: 19 GB/s (SO), 66 GB/s (SU), 95.052 us, 6312384 bytes | copy: 1786 GB/s, 7.069 us
   # EP:  15/16 | cached dispatch: 18 GB/s (SO), 63 GB/s (SU), 95.310 us, 6005376 bytes | copy: 1517 GB/s, 7.915 us   # EP:   9/16 | cached dispatch: 19 GB/s (SO), 61 GB/s (SU), 95.066 us, 5773248 bytes | copy: 1742 GB/s, 6.628 us

   # EP:  14/16 | cached dispatch: 18 GB/s (SO), 65 GB/s (SU), 95.148 us, 6162624 bytes | copy: 1609 GB/s, 7.659 us
USDT:2026-09-09 05:46:59 487:487 SyncActivityProfilerHandler.cpp:52] profiler_startUSDT:2026-09-09 05:46:59 485:485 SyncActivityProfilerHandler.cpp:52] profiler_startUSDT:2026-09-09 05:46:59 489:489 SyncActivityProfilerHandler.cpp:52] profiler_startUSDT:2026-09-09 05:46:59 488:488 SyncActivityProfilerHandler.cpp:52] profiler_startUSDT:2026-09-09 05:46:59 484:484 SyncActivityProfilerHandler.cpp:52] profiler_start
USDT:2026-09-09 05:46:59 486:486 SyncActivityProfilerHandler.cpp:52] profiler_start




USDT:2026-09-09 05:46:59 491:491 SyncActivityProfilerHandler.cpp:52] profiler_startUSDT:2026-09-09 05:46:59 490:490 SyncActivityProfilerHandler.cpp:52] profiler_start

USDT:2026-09-09 05:46:59 485:485 SyncActivityProfilerHandler.cpp:59] profiler_stop
USDT:2026-09-09 05:46:59 491:491 SyncActivityProfilerHandler.cpp:59] profiler_stopUSDT:2026-09-09 05:46:59 489:489 SyncActivityProfilerHandler.cpp:59] profiler_stopUSDT:2026-09-09 05:46:59 487:487 SyncActivityProfilerHandler.cpp:59] profiler_stop


USDT:2026-09-09 05:46:59 490:490 SyncActivityProfilerHandler.cpp:59] profiler_stopUSDT:2026-09-09 05:46:59 486:486 SyncActivityProfilerHandler.cpp:59] profiler_stop

USDT:2026-09-09 05:46:59 484:484 SyncActivityProfilerHandler.cpp:59] profiler_stop
USDT:2026-09-09 05:46:59 488:488 SyncActivityProfilerHandler.cpp:59] profiler_stop
   @ EP:  13/16 | combine: 25 GB/s (SO), 82 GB/s (SU), 133.828 us, 10991520 bytes | reduce: 960 GB/s, 5.161 us
   @ EP:  10/16 | combine: 25 GB/s (SO), 90 GB/s (SU), 134.241 us, 12112224 bytes | reduce: 1060 GB/s, 4.785 us
   @ EP:  15/16 | combine: 24 GB/s (SO), 87 GB/s (SU), 132.164 us, 11523136 bytes | reduce: 935 GB/s, 5.196 us
   @ EP:   9/16 | combine: 25 GB/s (SO), 82 GB/s (SU), 134.390 us, 11077728 bytes | reduce: 1054 GB/s, 4.854 us
   @ EP:  14/16 | combine: 25 GB/s (SO), 89 GB/s (SU), 133.510 us, 11824864 bytes | reduce: 965 GB/s, 5.091 us
   @ EP:   8/16 | combine: 26 GB/s (SO), 83 GB/s (SU), 134.657 us, 11192672 bytes | reduce: 1037 GB/s, 4.976 us
   @ EP:  11/16 | combine: 25 GB/s (SO), 81 GB/s (SU), 134.811 us, 10934048 bytes | reduce: 1091 GB/s, 4.608 us
   @ EP:  12/16 | combine: 25 GB/s (SO), 88 GB/s (SU), 133.682 us, 11738656 bytes | reduce: 962 GB/s, 5.183 us
USDT:2026-09-09 05:46:59 489:489 SyncActivityProfilerHandler.cpp:52] profiler_startUSDT:2026-09-09 05:46:59 490:490 SyncActivityProfilerHandler.cpp:52] profiler_startUSDT:2026-09-09 05:46:59 491:491 SyncActivityProfilerHandler.cpp:52] profiler_startUSDT:2026-09-09 05:46:59 487:487 SyncActivityProfilerHandler.cpp:52] profiler_startUSDT:2026-09-09 05:46:59 485:485 SyncActivityProfilerHandler.cpp:52] profiler_start
USDT:2026-09-09 05:46:59 486:486 SyncActivityProfilerHandler.cpp:52] profiler_start



USDT:2026-09-09 05:46:59 484:484 SyncActivityProfilerHandler.cpp:52] profiler_start

USDT:2026-09-09 05:46:59 488:488 SyncActivityProfilerHandler.cpp:52] profiler_start
USDT:2026-09-09 05:47:00 491:491 SyncActivityProfilerHandler.cpp:59] profiler_stopUSDT:2026-09-09 05:47:00 487:487 SyncActivityProfilerHandler.cpp:59] profiler_stopUSDT:2026-09-09 05:47:00 486:486 SyncActivityProfilerHandler.cpp:59] profiler_stopUSDT:2026-09-09 05:47:00 485:485 SyncActivityProfilerHandler.cpp:59] profiler_stop

USDT:2026-09-09 05:47:00 484:484 SyncActivityProfilerHandler.cpp:59] profiler_stop
USDT:2026-09-09 05:47:00 490:490 SyncActivityProfilerHandler.cpp:59] profiler_stop
USDT:2026-09-09 05:47:00 489:489 SyncActivityProfilerHandler.cpp:59] profiler_stop


USDT:2026-09-09 05:47:00 488:488 SyncActivityProfilerHandler.cpp:59] profiler_stop
   + EP:  10/16 | reduced combine: 24 GB/s (SO), 87 GB/s (SU), 138.909 us, 12112224 bytes | reduce: 911 GB/s, 5.569 us
   + EP:  15/16 | reduced combine: 23 GB/s (SO), 83 GB/s (SU), 138.693 us, 11523136 bytes | reduce: 881 GB/s, 5.513 us
   + EP:  11/16 | reduced combine: 24 GB/s (SO), 79 GB/s (SU), 138.932 us, 10934048 bytes | reduce: 897 GB/s, 5.609 us
   + EP:  14/16 | reduced combine: 23 GB/s (SO), 84 GB/s (SU), 140.159 us, 11824864 bytes | reduce: 915 GB/s, 5.372 us   + EP:  13/16 | reduced combine: 24 GB/s (SO), 79 GB/s (SU), 139.494 us, 10991520 bytes | reduce: 931 GB/s, 5.325 us

   + EP:   9/16 | reduced combine: 24 GB/s (SO), 79 GB/s (SU), 140.182 us, 11077728 bytes | reduce: 914 GB/s, 5.595 us
   + EP:   8/16 | reduced combine: 25 GB/s (SO), 81 GB/s (SU), 138.095 us, 11192672 bytes | reduce: 962 GB/s, 5.363 us
   + EP:  12/16 | reduced combine: 24 GB/s (SO), 84 GB/s (SU), 139.018 us, 11738656 bytes | reduce: 936 GB/s, 5.324 us


