=== EP_NIC_NAME=rdmap110s0 (auto, 200 Gb/s) ===
=== GIN: NCCL_GIN_TYPE=5 NCCL_SYM_GIN_KERNELS_ENABLE=0 ===
=== PREFER_OVERLAP=0 (--prefer-overlap-with-compute) ===
=== IMAGE=deepep-v2-efa-official:sm90-stack3c737dcxbfbdd15  DeepEP=a35285f0af98856625e542df24bd17a985bc05d9 ===
=== DeepEP is a MERGE of: 3c737dcf0da5889ba7efd26e05b4808307cc38af bfbdd15ff448783f877cb2210cb3246c8452b05e ===
+ docker run --rm --init --gpus all --privileged --network=host --ipc=host --ulimit memlock=-1 --ulimit stack=67108864 --device=/dev/infiniband --device=/dev/gdrdrv -v /sys/class/infiniband:/sys/class/infiniband:ro -e MASTER_ADDR=172.31.28.159 -e MASTER_PORT=8910 -e WORLD_SIZE=4 -e RANK=1 -e NCCL_DEBUG=WARN -e EP_NIC_NAME=rdmap110s0 -e NCCL_GIN_TYPE=5 -e NCCL_SYM_GIN_KERNELS_ENABLE=0 -e PYTHONUNBUFFERED=1 -e PYTHONFAULTHANDLER=1 deepep-v2-efa-official:sm90-stack3c737dcxbfbdd15 bash -lc 'timeout -s ABRT --kill-after=60 1800     python3 -u /opt/DeepEP/tests/elastic/test_ep.py     --num-processes=8 --num-tokens=8192     --hidden=7168 --num-topk=8 --num-experts=256     --num-sms=12 --allow-hybrid-mode=1     --prefer-overlap-with-compute=0 --test-first-only      '

==========
== CUDA ==
==========

CUDA Version 13.0.2

Container image Copyright (c) 2016-2023, NVIDIA CORPORATION & AFFILIATES. All rights reserved.

This container image and its contents are governed by the NVIDIA Deep Learning Container License.
By pulling and using the container, you accept the terms and conditions of this license:
https://developer.nvidia.com/ngc/nvidia-deep-learning-container-license

A copy of this license is made available in this container at /NGC-DL-CONTAINER-LICENSE for your convenience.

DeepEP hybrid kernel selection: unordered
DeepEP hybrid kernel selection: unordered
DeepEP hybrid kernel selection: unordered
DeepEP hybrid kernel selection: unordered
DeepEP hybrid kernel selection: unordered
DeepEP hybrid kernel selection: unordered
DeepEP hybrid kernel selection: unordered
DeepEP hybrid kernel selection: unordered
DeepEP hybrid kernel selection: unordered
DeepEP hybrid kernel selection: unordered
DeepEP hybrid kernel selection: unordered
DeepEP hybrid kernel selection: unordered
DeepEP hybrid kernel selection: unordered
DeepEP hybrid kernel selection: unordered
DeepEP hybrid kernel selection: unordered
DeepEP hybrid kernel selection: unordered
Config:
 > Ranks: 4 x 8
 > Experts: 8/256
 > Tokens: 8184 (max: 8192), hidden: 7168
 > #SM: 12, #QPs: 13/13

Running all test cases:
 > Testing with do_handle_copy=1, expert_alignment=128, use_fp8_dispatch=1, num_bias=0, with_previous_event=0, async_with_compute_stream=0, allocate_on_comm_stream=0 ...
USDT:2026-09-09 04:00:46 487:487 SyncActivityProfilerHandler.cpp:52] profiler_startUSDT:2026-09-09 04:00:46 494:494 SyncActivityProfilerHandler.cpp:52] profiler_startUSDT:2026-09-09 04:00:46 488:488 SyncActivityProfilerHandler.cpp:52] profiler_startUSDT:2026-09-09 04:00:46 492:492 SyncActivityProfilerHandler.cpp:52] profiler_startUSDT:2026-09-09 04:00:46 491:491 SyncActivityProfilerHandler.cpp:52] profiler_start
USDT:2026-09-09 04:00:46 493:493 SyncActivityProfilerHandler.cpp:52] profiler_start
USDT:2026-09-09 04:00:46 489:489 SyncActivityProfilerHandler.cpp:52] profiler_start




USDT:2026-09-09 04:00:46 490:490 SyncActivityProfilerHandler.cpp:52] profiler_start
USDT:2026-09-09 04:00:47 491:491 SyncActivityProfilerHandler.cpp:59] profiler_stopUSDT:2026-09-09 04:00:47 490:490 SyncActivityProfilerHandler.cpp:59] profiler_stopUSDT:2026-09-09 04:00:47 489:489 SyncActivityProfilerHandler.cpp:59] profiler_stopUSDT:2026-09-09 04:00:47 493:493 SyncActivityProfilerHandler.cpp:59] profiler_stopUSDT:2026-09-09 04:00:47 494:494 SyncActivityProfilerHandler.cpp:59] profiler_stop




USDT:2026-09-09 04:00:47 487:487 SyncActivityProfilerHandler.cpp:59] profiler_stopUSDT:2026-09-09 04:00:47 488:488 SyncActivityProfilerHandler.cpp:59] profiler_stopUSDT:2026-09-09 04:00:47 492:492 SyncActivityProfilerHandler.cpp:59] profiler_stop


   * EP:   9/32 | dispatch: 56 GB/s (SO), 112 GB/s (SU), 3949.000 us, 444158208 bytes | copy: 2797 GB/s, 317.591 us
   * EP:  10/32 | dispatch: 56 GB/s (SO), 112 GB/s (SU), 3949.000 us, 443776320 bytes | copy: 2421 GB/s, 366.582 us
   * EP:  12/32 | dispatch: 56 GB/s (SO), 113 GB/s (SU), 3949.000 us, 445917888 bytes | copy: 2555 GB/s, 349.108 us
   * EP:  14/32 | dispatch: 56 GB/s (SO), 112 GB/s (SU), 3949.000 us, 444255552 bytes | copy: 2522 GB/s, 352.323 us
   * EP:   8/32 | dispatch: 56 GB/s (SO), 112 GB/s (SU), 3949.000 us, 442668096 bytes | copy: 3002 GB/s, 294.870 us
   * EP:  13/32 | dispatch: 56 GB/s (SO), 113 GB/s (SU), 3949.000 us, 445513536 bytes | copy: 3065 GB/s, 290.710 us
   * EP:  15/32 | dispatch: 56 GB/s (SO), 113 GB/s (SU), 3949.000 us, 444629952 bytes | copy: 2721 GB/s, 326.806 us
   * EP:  11/32 | dispatch: 56 GB/s (SO), 113 GB/s (SU), 3949.000 us, 446112576 bytes | copy: 2878 GB/s, 310.032 us
USDT:2026-09-09 04:00:47 491:491 SyncActivityProfilerHandler.cpp:52] profiler_startUSDT:2026-09-09 04:00:47 493:493 SyncActivityProfilerHandler.cpp:52] profiler_startUSDT:2026-09-09 04:00:47 488:488 SyncActivityProfilerHandler.cpp:52] profiler_startUSDT:2026-09-09 04:00:47 490:490 SyncActivityProfilerHandler.cpp:52] profiler_startUSDT:2026-09-09 04:00:47 487:487 SyncActivityProfilerHandler.cpp:52] profiler_startUSDT:2026-09-09 04:00:47 489:489 SyncActivityProfilerHandler.cpp:52] profiler_startUSDT:2026-09-09 04:00:47 492:492 SyncActivityProfilerHandler.cpp:52] profiler_startUSDT:2026-09-09 04:00:47 494:494 SyncActivityProfilerHandler.cpp:52] profiler_start







USDT:2026-09-09 04:00:48 492:492 SyncActivityProfilerHandler.cpp:59] profiler_stopUSDT:2026-09-09 04:00:48 490:490 SyncActivityProfilerHandler.cpp:59] profiler_stopUSDT:2026-09-09 04:00:48 491:491 SyncActivityProfilerHandler.cpp:59] profiler_stopUSDT:2026-09-09 04:00:48 488:488 SyncActivityProfilerHandler.cpp:59] profiler_stopUSDT:2026-09-09 04:00:48 487:487 SyncActivityProfilerHandler.cpp:59] profiler_stopUSDT:2026-09-09 04:00:48 494:494 SyncActivityProfilerHandler.cpp:59] profiler_stopUSDT:2026-09-09 04:00:48 493:493 SyncActivityProfilerHandler.cpp:59] profiler_stop





USDT:2026-09-09 04:00:48 489:489 SyncActivityProfilerHandler.cpp:59] profiler_stop

   - EP:   9/32 | expanded dispatch: 56 GB/s (SO), 112 GB/s (SU), 3957.000 us, 444158208 bytes | copy: 2694 GB/s, 348.576 us
   - EP:  13/32 | expanded dispatch: 56 GB/s (SO), 113 GB/s (SU), 3957.000 us, 445513536 bytes | copy: 2615 GB/s, 360.358 us
   - EP:  14/32 | expanded dispatch: 56 GB/s (SO), 112 GB/s (SU), 3957.000 us, 444255552 bytes | copy: 2377 GB/s, 394.870 us
   - EP:  10/32 | expanded dispatch: 56 GB/s (SO), 112 GB/s (SU), 3957.000 us, 443776320 bytes | copy: 2315 GB/s, 404.989 us
   - EP:  12/32 | expanded dispatch: 56 GB/s (SO), 113 GB/s (SU), 3957.000 us, 445917888 bytes | copy: 2400 GB/s, 392.431 us
   - EP:   8/32 | expanded dispatch: 56 GB/s (SO), 112 GB/s (SU), 3957.000 us, 442668096 bytes | copy: 2544 GB/s, 368.263 us
   - EP:  11/32 | expanded dispatch: 56 GB/s (SO), 113 GB/s (SU), 3957.000 us, 446112576 bytes | copy: 2544 GB/s, 370.181 us
   - EP:  15/32 | expanded dispatch: 56 GB/s (SO), 112 GB/s (SU), 3957.000 us, 444629952 bytes | copy: 2364 GB/s, 397.786 us
USDT:2026-09-09 04:00:48 491:491 SyncActivityProfilerHandler.cpp:52] profiler_startUSDT:2026-09-09 04:00:48 488:488 SyncActivityProfilerHandler.cpp:52] profiler_startUSDT:2026-09-09 04:00:48 494:494 SyncActivityProfilerHandler.cpp:52] profiler_startUSDT:2026-09-09 04:00:48 490:490 SyncActivityProfilerHandler.cpp:52] profiler_startUSDT:2026-09-09 04:00:48 493:493 SyncActivityProfilerHandler.cpp:52] profiler_start

USDT:2026-09-09 04:00:48 492:492 SyncActivityProfilerHandler.cpp:52] profiler_start
USDT:2026-09-09 04:00:48 487:487 SyncActivityProfilerHandler.cpp:52] profiler_startUSDT:2026-09-09 04:00:48 489:489 SyncActivityProfilerHandler.cpp:52] profiler_start




USDT:2026-09-09 04:00:49 493:493 SyncActivityProfilerHandler.cpp:59] profiler_stopUSDT:2026-09-09 04:00:49 492:492 SyncActivityProfilerHandler.cpp:59] profiler_stop
USDT:2026-09-09 04:00:49 491:491 SyncActivityProfilerHandler.cpp:59] profiler_stop
USDT:2026-09-09 04:00:49 494:494 SyncActivityProfilerHandler.cpp:59] profiler_stopUSDT:2026-09-09 04:00:49 490:490 SyncActivityProfilerHandler.cpp:59] profiler_stop
USDT:2026-09-09 04:00:49 488:488 SyncActivityProfilerHandler.cpp:59] profiler_stop


USDT:2026-09-09 04:00:49 489:489 SyncActivityProfilerHandler.cpp:59] profiler_stop
USDT:2026-09-09 04:00:49 487:487 SyncActivityProfilerHandler.cpp:59] profiler_stop
   # EP:  10/32 | cached dispatch: 56 GB/s (SO), 113 GB/s (SU), 3940.000 us, 443776320 bytes | copy: 2797 GB/s, 317.269 us
   # EP:  13/32 | cached dispatch: 56 GB/s (SO), 113 GB/s (SU), 3940.000 us, 445513536 bytes | copy: 3007 GB/s, 296.284 us
   # EP:   9/32 | cached dispatch: 56 GB/s (SO), 113 GB/s (SU), 3940.000 us, 444158208 bytes | copy: 2916 GB/s, 304.630 us
   # EP:  14/32 | cached dispatch: 56 GB/s (SO), 113 GB/s (SU), 3940.000 us, 444255552 bytes | copy: 2689 GB/s, 330.485 us
   # EP:   8/32 | cached dispatch: 56 GB/s (SO), 112 GB/s (SU), 3940.000 us, 442668096 bytes | copy: 3026 GB/s, 292.544 us
   # EP:  12/32 | cached dispatch: 56 GB/s (SO), 113 GB/s (SU), 3940.000 us, 445917888 bytes | copy: 2690 GB/s, 331.513 us
   # EP:  15/32 | cached dispatch: 56 GB/s (SO), 113 GB/s (SU), 3940.000 us, 444629952 bytes | copy: 2722 GB/s, 326.746 us
   # EP:  11/32 | cached dispatch: 56 GB/s (SO), 113 GB/s (SU), 3940.000 us, 446112576 bytes | copy: 3041 GB/s, 293.425 us
USDT:2026-09-09 04:00:50 489:489 SyncActivityProfilerHandler.cpp:52] profiler_start
USDT:2026-09-09 04:00:50 492:492 SyncActivityProfilerHandler.cpp:52] profiler_start
USDT:2026-09-09 04:00:50 487:487 SyncActivityProfilerHandler.cpp:52] profiler_startUSDT:2026-09-09 04:00:50 491:491 SyncActivityProfilerHandler.cpp:52] profiler_startUSDT:2026-09-09 04:00:50 494:494 SyncActivityProfilerHandler.cpp:52] profiler_startUSDT:2026-09-09 04:00:50 490:490 SyncActivityProfilerHandler.cpp:52] profiler_start



USDT:2026-09-09 04:00:50 488:488 SyncActivityProfilerHandler.cpp:52] profiler_start
USDT:2026-09-09 04:00:50 493:493 SyncActivityProfilerHandler.cpp:52] profiler_start
USDT:2026-09-09 04:00:50 489:489 SyncActivityProfilerHandler.cpp:59] profiler_stop
USDT:2026-09-09 04:00:50 493:493 SyncActivityProfilerHandler.cpp:59] profiler_stop
USDT:2026-09-09 04:00:50 490:490 SyncActivityProfilerHandler.cpp:59] profiler_stop
USDT:2026-09-09 04:00:50 488:488 SyncActivityProfilerHandler.cpp:59] profiler_stop
USDT:2026-09-09 04:00:50 492:492 SyncActivityProfilerHandler.cpp:59] profiler_stop
USDT:2026-09-09 04:00:50 487:487 SyncActivityProfilerHandler.cpp:59] profiler_stopUSDT:2026-09-09 04:00:50 494:494 SyncActivityProfilerHandler.cpp:59] profiler_stop

USDT:2026-09-09 04:00:50 491:491 SyncActivityProfilerHandler.cpp:59] profiler_stop
   @ EP:   9/32 | combine: 56 GB/s (SO), 112 GB/s (SU), 7596.000 us, 852252288 bytes | reduce: 3612 GB/s, 150.191 us
   @ EP:  11/32 | combine: 57 GB/s (SO), 115 GB/s (SU), 7439.000 us, 856002336 bytes | reduce: 3590 GB/s, 150.897 us
   @ EP:  10/32 | combine: 58 GB/s (SO), 115 GB/s (SU), 7375.000 us, 851519520 bytes | reduce: 3614 GB/s, 150.002 us
   @ EP:  14/32 | combine: 57 GB/s (SO), 114 GB/s (SU), 7491.000 us, 852439072 bytes | reduce: 3580 GB/s, 151.601 us
   @ EP:  15/32 | combine: 56 GB/s (SO), 113 GB/s (SU), 7580.000 us, 853157472 bytes | reduce: 3613 GB/s, 149.791 us
   @ EP:  13/32 | combine: 57 GB/s (SO), 114 GB/s (SU), 7506.000 us, 854852896 bytes | reduce: 3616 GB/s, 150.345 us
   @ EP:  12/32 | combine: 56 GB/s (SO), 113 GB/s (SU), 7555.000 us, 855628768 bytes | reduce: 3606 GB/s, 150.659 us
   @ EP:   8/32 | combine: 57 GB/s (SO), 115 GB/s (SU), 7408.000 us, 849393056 bytes | reduce: 3624 GB/s, 149.803 us
USDT:2026-09-09 04:00:51 493:493 SyncActivityProfilerHandler.cpp:52] profiler_startUSDT:2026-09-09 04:00:51 491:491 SyncActivityProfilerHandler.cpp:52] profiler_start

USDT:2026-09-09 04:00:51 492:492 SyncActivityProfilerHandler.cpp:52] profiler_start
USDT:2026-09-09 04:00:51 494:494 SyncActivityProfilerHandler.cpp:52] profiler_start
USDT:2026-09-09 04:00:51 488:488 SyncActivityProfilerHandler.cpp:52] profiler_startUSDT:2026-09-09 04:00:51 489:489 SyncActivityProfilerHandler.cpp:52] profiler_start

USDT:2026-09-09 04:00:51 487:487 SyncActivityProfilerHandler.cpp:52] profiler_start
USDT:2026-09-09 04:00:51 490:490 SyncActivityProfilerHandler.cpp:52] profiler_start
USDT:2026-09-09 04:00:52 492:492 SyncActivityProfilerHandler.cpp:59] profiler_stop
USDT:2026-09-09 04:00:52 489:489 SyncActivityProfilerHandler.cpp:59] profiler_stop
USDT:2026-09-09 04:00:52 494:494 SyncActivityProfilerHandler.cpp:59] profiler_stop
USDT:2026-09-09 04:00:52 493:493 SyncActivityProfilerHandler.cpp:59] profiler_stop
USDT:2026-09-09 04:00:52 491:491 SyncActivityProfilerHandler.cpp:59] profiler_stop
USDT:2026-09-09 04:00:52 487:487 SyncActivityProfilerHandler.cpp:59] profiler_stop
USDT:2026-09-09 04:00:52 490:490 SyncActivityProfilerHandler.cpp:59] profiler_stop
USDT:2026-09-09 04:00:52 488:488 SyncActivityProfilerHandler.cpp:59] profiler_stop
   + EP:  15/32 | reduced combine: 56 GB/s (SO), 114 GB/s (SU), 7502.000 us, 853157472 bytes | reduce: 3604 GB/s, 150.138 us   + EP:  13/32 | reduced combine: 56 GB/s (SO), 113 GB/s (SU), 7551.000 us, 854852896 bytes | reduce: 3616 GB/s, 150.349 us

   + EP:   9/32 | reduced combine: 56 GB/s (SO), 113 GB/s (SU), 7550.000 us, 852252288 bytes | reduce: 3611 GB/s, 150.247 us
   + EP:  14/32 | reduced combine: 56 GB/s (SO), 112 GB/s (SU), 7607.000 us, 852439072 bytes | reduce: 3591 GB/s, 151.171 us
   + EP:  10/32 | reduced combine: 56 GB/s (SO), 113 GB/s (SU), 7534.000 us, 851519520 bytes | reduce: 3618 GB/s, 149.868 us
   + EP:  11/32 | reduced combine: 55 GB/s (SO), 112 GB/s (SU), 7675.000 us, 856002336 bytes | reduce: 3592 GB/s, 150.844 us
   + EP:  12/32 | reduced combine: 56 GB/s (SO), 113 GB/s (SU), 7578.000 us, 855628768 bytes | reduce: 3613 GB/s, 150.356 us
   + EP:   8/32 | reduced combine: 56 GB/s (SO), 112 GB/s (SU), 7552.000 us, 849393056 bytes | reduce: 3620 GB/s, 149.998 us


