=== EP_NIC_NAME=rdmap110s0 (auto, 200 Gb/s) ===
=== GIN: NCCL_GIN_TYPE=5 NCCL_SYM_GIN_KERNELS_ENABLE=0 ===
=== PREFER_OVERLAP=0 (--prefer-overlap-with-compute) ===
=== IMAGE=deepep-v2-efa-official:sm90-stack3c737dcxbfbdd15  DeepEP=a35285f0af98856625e542df24bd17a985bc05d9 ===
=== DeepEP is a MERGE of: 3c737dcf0da5889ba7efd26e05b4808307cc38af bfbdd15ff448783f877cb2210cb3246c8452b05e ===
+ docker run --rm --init --gpus all --privileged --network=host --ipc=host --ulimit memlock=-1 --ulimit stack=67108864 --device=/dev/infiniband --device=/dev/gdrdrv -v /sys/class/infiniband:/sys/class/infiniband:ro -e MASTER_ADDR=172.31.29.216 -e MASTER_PORT=8983 -e WORLD_SIZE=2 -e RANK=1 -e NCCL_DEBUG=WARN -e EP_NIC_NAME=rdmap110s0 -e NCCL_GIN_TYPE=5 -e NCCL_SYM_GIN_KERNELS_ENABLE=0 -e PYTHONUNBUFFERED=1 -e PYTHONFAULTHANDLER=1 deepep-v2-efa-official:sm90-stack3c737dcxbfbdd15 bash -lc 'timeout -s ABRT --kill-after=60 1800     python3 -u /opt/DeepEP/tests/elastic/test_ep.py     --num-processes=8 --num-tokens=8192     --hidden=7168 --num-topk=8 --num-experts=256     --num-sms=12 --allow-hybrid-mode=1     --prefer-overlap-with-compute=0 --test-first-only      '

==========
== CUDA ==
==========

CUDA Version 13.0.2

Container image Copyright (c) 2016-2023, NVIDIA CORPORATION & AFFILIATES. All rights reserved.

This container image and its contents are governed by the NVIDIA Deep Learning Container License.
By pulling and using the container, you accept the terms and conditions of this license:
https://developer.nvidia.com/ngc/nvidia-deep-learning-container-license

A copy of this license is made available in this container at /NGC-DL-CONTAINER-LICENSE for your convenience.

DeepEP hybrid kernel selection: unordered
DeepEP hybrid kernel selection: unordered
DeepEP hybrid kernel selection: unordered
DeepEP hybrid kernel selection: unordered
DeepEP hybrid kernel selection: unordered
DeepEP hybrid kernel selection: unordered
DeepEP hybrid kernel selection: unordered
DeepEP hybrid kernel selection: unordered
DeepEP hybrid kernel selection: unordered
DeepEP hybrid kernel selection: unordered
DeepEP hybrid kernel selection: unordered
DeepEP hybrid kernel selection: unordered
DeepEP hybrid kernel selection: unordered
DeepEP hybrid kernel selection: unordered
DeepEP hybrid kernel selection: unordered
DeepEP hybrid kernel selection: unordered
Config:
 > Ranks: 2 x 8
 > Experts: 8/256
 > Tokens: 8184 (max: 8192), hidden: 7168
 > #SM: 12, #QPs: 13/13

Running all test cases:
 > Testing with do_handle_copy=1, expert_alignment=128, use_fp8_dispatch=1, num_bias=0, with_previous_event=0, async_with_compute_stream=0, allocate_on_comm_stream=0 ...
USDT:2026-09-09 06:11:04 488:488 SyncActivityProfilerHandler.cpp:52] profiler_startUSDT:2026-09-09 06:11:04 491:491 SyncActivityProfilerHandler.cpp:52] profiler_startUSDT:2026-09-09 06:11:04 495:495 SyncActivityProfilerHandler.cpp:52] profiler_startUSDT:2026-09-09 06:11:04 493:493 SyncActivityProfilerHandler.cpp:52] profiler_startUSDT:2026-09-09 06:11:04 494:494 SyncActivityProfilerHandler.cpp:52] profiler_startUSDT:2026-09-09 06:11:04 490:490 SyncActivityProfilerHandler.cpp:52] profiler_startUSDT:2026-09-09 06:11:04 492:492 SyncActivityProfilerHandler.cpp:52] profiler_startUSDT:2026-09-09 06:11:04 489:489 SyncActivityProfilerHandler.cpp:52] profiler_start







USDT:2026-09-09 06:11:04 490:490 SyncActivityProfilerHandler.cpp:59] profiler_stopUSDT:2026-09-09 06:11:04 493:493 SyncActivityProfilerHandler.cpp:59] profiler_stop
USDT:2026-09-09 06:11:04 491:491 SyncActivityProfilerHandler.cpp:59] profiler_stop

USDT:2026-09-09 06:11:04 494:494 SyncActivityProfilerHandler.cpp:59] profiler_stopUSDT:2026-09-09 06:11:04 489:489 SyncActivityProfilerHandler.cpp:59] profiler_stop

USDT:2026-09-09 06:11:04 492:492 SyncActivityProfilerHandler.cpp:59] profiler_stop
USDT:2026-09-09 06:11:04 488:488 SyncActivityProfilerHandler.cpp:59] profiler_stop
USDT:2026-09-09 06:11:04 495:495 SyncActivityProfilerHandler.cpp:59] profiler_stop
   * EP:  10/16 | dispatch: 81 GB/s (SO), 267 GB/s (SU), 1503.000 us, 401289408 bytes | copy: 3248 GB/s, 247.128 us
   * EP:  13/16 | dispatch: 81 GB/s (SO), 265 GB/s (SU), 1503.000 us, 398728512 bytes | copy: 3248 GB/s, 245.552 us
   * EP:   9/16 | dispatch: 81 GB/s (SO), 265 GB/s (SU), 1503.000 us, 398795904 bytes | copy: 3153 GB/s, 252.997 us
   * EP:   8/16 | dispatch: 81 GB/s (SO), 266 GB/s (SU), 1503.000 us, 400166208 bytes | copy: 3190 GB/s, 250.881 us
   * EP:  15/16 | dispatch: 81 GB/s (SO), 267 GB/s (SU), 1503.000 us, 401903424 bytes | copy: 3222 GB/s, 249.508 us
   * EP:  14/16 | dispatch: 81 GB/s (SO), 266 GB/s (SU), 1503.000 us, 400525632 bytes | copy: 3208 GB/s, 249.675 us
   * EP:  11/16 | dispatch: 81 GB/s (SO), 266 GB/s (SU), 1503.000 us, 400203648 bytes | copy: 3195 GB/s, 250.530 us
   * EP:  12/16 | dispatch: 81 GB/s (SO), 267 GB/s (SU), 1503.000 us, 401401728 bytes | copy: 3160 GB/s, 254.022 us
USDT:2026-09-09 06:11:04 490:490 SyncActivityProfilerHandler.cpp:52] profiler_start
USDT:2026-09-09 06:11:04 491:491 SyncActivityProfilerHandler.cpp:52] profiler_startUSDT:2026-09-09 06:11:04 494:494 SyncActivityProfilerHandler.cpp:52] profiler_startUSDT:2026-09-09 06:11:04 493:493 SyncActivityProfilerHandler.cpp:52] profiler_start
USDT:2026-09-09 06:11:04 489:489 SyncActivityProfilerHandler.cpp:52] profiler_start
USDT:2026-09-09 06:11:04 488:488 SyncActivityProfilerHandler.cpp:52] profiler_start
USDT:2026-09-09 06:11:04 492:492 SyncActivityProfilerHandler.cpp:52] profiler_start
USDT:2026-09-09 06:11:04 495:495 SyncActivityProfilerHandler.cpp:52] profiler_start


USDT:2026-09-09 06:11:05 490:490 SyncActivityProfilerHandler.cpp:59] profiler_stop
USDT:2026-09-09 06:11:05 494:494 SyncActivityProfilerHandler.cpp:59] profiler_stopUSDT:2026-09-09 06:11:05 493:493 SyncActivityProfilerHandler.cpp:59] profiler_stopUSDT:2026-09-09 06:11:05 491:491 SyncActivityProfilerHandler.cpp:59] profiler_stopUSDT:2026-09-09 06:11:05 488:488 SyncActivityProfilerHandler.cpp:59] profiler_stopUSDT:2026-09-09 06:11:05 489:489 SyncActivityProfilerHandler.cpp:59] profiler_stopUSDT:2026-09-09 06:11:05 492:492 SyncActivityProfilerHandler.cpp:59] profiler_stop





USDT:2026-09-09 06:11:05 495:495 SyncActivityProfilerHandler.cpp:59] profiler_stop
   - EP:  10/16 | expanded dispatch: 81 GB/s (SO), 267 GB/s (SU), 1501.000 us, 401289408 bytes | copy: 2800 GB/s, 322.271 us
   - EP:   8/16 | expanded dispatch: 81 GB/s (SO), 267 GB/s (SU), 1501.000 us, 400166208 bytes | copy: 2808 GB/s, 321.254 us
   - EP:  13/16 | expanded dispatch: 81 GB/s (SO), 266 GB/s (SU), 1501.000 us, 398728512 bytes | copy: 2804 GB/s, 319.960 us
   - EP:   9/16 | expanded dispatch: 81 GB/s (SO), 266 GB/s (SU), 1501.000 us, 398795904 bytes | copy: 2781 GB/s, 321.937 us
   - EP:  11/16 | expanded dispatch: 81 GB/s (SO), 267 GB/s (SU), 1501.000 us, 400203648 bytes | copy: 2746 GB/s, 328.158 us
   - EP:  15/16 | expanded dispatch: 81 GB/s (SO), 268 GB/s (SU), 1501.000 us, 401903424 bytes | copy: 2799 GB/s, 323.094 us
   - EP:  12/16 | expanded dispatch: 81 GB/s (SO), 267 GB/s (SU), 1501.000 us, 401401728 bytes | copy: 2789 GB/s, 323.983 us
   - EP:  14/16 | expanded dispatch: 81 GB/s (SO), 267 GB/s (SU), 1501.000 us, 400525632 bytes | copy: 2807 GB/s, 321.285 us
USDT:2026-09-09 06:11:05 490:490 SyncActivityProfilerHandler.cpp:52] profiler_startUSDT:2026-09-09 06:11:05 493:493 SyncActivityProfilerHandler.cpp:52] profiler_startUSDT:2026-09-09 06:11:05 489:489 SyncActivityProfilerHandler.cpp:52] profiler_startUSDT:2026-09-09 06:11:05 491:491 SyncActivityProfilerHandler.cpp:52] profiler_start

USDT:2026-09-09 06:11:05 494:494 SyncActivityProfilerHandler.cpp:52] profiler_startUSDT:2026-09-09 06:11:05 492:492 SyncActivityProfilerHandler.cpp:52] profiler_startUSDT:2026-09-09 06:11:05 488:488 SyncActivityProfilerHandler.cpp:52] profiler_start




USDT:2026-09-09 06:11:05 495:495 SyncActivityProfilerHandler.cpp:52] profiler_start
USDT:2026-09-09 06:11:06 493:493 SyncActivityProfilerHandler.cpp:59] profiler_stopUSDT:2026-09-09 06:11:06 494:494 SyncActivityProfilerHandler.cpp:59] profiler_stop

USDT:2026-09-09 06:11:06 490:490 SyncActivityProfilerHandler.cpp:59] profiler_stopUSDT:2026-09-09 06:11:06 489:489 SyncActivityProfilerHandler.cpp:59] profiler_stop
USDT:2026-09-09 06:11:06 488:488 SyncActivityProfilerHandler.cpp:59] profiler_stop

USDT:2026-09-09 06:11:06 492:492 SyncActivityProfilerHandler.cpp:59] profiler_stopUSDT:2026-09-09 06:11:06 495:495 SyncActivityProfilerHandler.cpp:59] profiler_stop

USDT:2026-09-09 06:11:06 491:491 SyncActivityProfilerHandler.cpp:59] profiler_stop
   # EP:  14/16 | cached dispatch: 81 GB/s (SO), 267 GB/s (SU), 1500.000 us, 400525632 bytes | copy: 3396 GB/s, 235.867 us
   # EP:   9/16 | cached dispatch: 81 GB/s (SO), 266 GB/s (SU), 1501.000 us, 398795904 bytes | copy: 3346 GB/s, 238.392 us
   # EP:  12/16 | cached dispatch: 81 GB/s (SO), 267 GB/s (SU), 1501.000 us, 401401728 bytes | copy: 3351 GB/s, 239.581 us
   # EP:  13/16 | cached dispatch: 81 GB/s (SO), 266 GB/s (SU), 1501.000 us, 398728512 bytes | copy: 3351 GB/s, 237.968 us
   # EP:  10/16 | cached dispatch: 81 GB/s (SO), 267 GB/s (SU), 1501.000 us, 401289408 bytes | copy: 3291 GB/s, 243.878 us
   # EP:   8/16 | cached dispatch: 81 GB/s (SO), 267 GB/s (SU), 1501.000 us, 400166208 bytes | copy: 3335 GB/s, 239.948 us
   # EP:  11/16 | cached dispatch: 81 GB/s (SO), 267 GB/s (SU), 1501.000 us, 400203648 bytes | copy: 3311 GB/s, 241.731 us
   # EP:  15/16 | cached dispatch: 81 GB/s (SO), 268 GB/s (SU), 1501.000 us, 401903424 bytes | copy: 3303 GB/s, 243.392 us
USDT:2026-09-09 06:11:06 493:493 SyncActivityProfilerHandler.cpp:52] profiler_startUSDT:2026-09-09 06:11:06 489:489 SyncActivityProfilerHandler.cpp:52] profiler_start
USDT:2026-09-09 06:11:06 490:490 SyncActivityProfilerHandler.cpp:52] profiler_start
USDT:2026-09-09 06:11:06 494:494 SyncActivityProfilerHandler.cpp:52] profiler_startUSDT:2026-09-09 06:11:06 491:491 SyncActivityProfilerHandler.cpp:52] profiler_start


USDT:2026-09-09 06:11:06 488:488 SyncActivityProfilerHandler.cpp:52] profiler_start
USDT:2026-09-09 06:11:06 492:492 SyncActivityProfilerHandler.cpp:52] profiler_start
USDT:2026-09-09 06:11:06 495:495 SyncActivityProfilerHandler.cpp:52] profiler_start
USDT:2026-09-09 06:11:07 493:493 SyncActivityProfilerHandler.cpp:59] profiler_stopUSDT:2026-09-09 06:11:07 488:488 SyncActivityProfilerHandler.cpp:59] profiler_stop

USDT:2026-09-09 06:11:07 489:489 SyncActivityProfilerHandler.cpp:59] profiler_stop
USDT:2026-09-09 06:11:07 494:494 SyncActivityProfilerHandler.cpp:59] profiler_stopUSDT:2026-09-09 06:11:07 490:490 SyncActivityProfilerHandler.cpp:59] profiler_stopUSDT:2026-09-09 06:11:07 491:491 SyncActivityProfilerHandler.cpp:59] profiler_stop


USDT:2026-09-09 06:11:07 492:492 SyncActivityProfilerHandler.cpp:59] profiler_stop
USDT:2026-09-09 06:11:07 495:495 SyncActivityProfilerHandler.cpp:59] profiler_stop
   @ EP:  10/16 | combine: 75 GB/s (SO), 246 GB/s (SU), 3128.000 us, 769995488 bytes | reduce: 3717 GB/s, 94.688 us
   @ EP:  11/16 | combine: 75 GB/s (SO), 247 GB/s (SU), 3112.000 us, 767912128 bytes | reduce: 3707 GB/s, 94.917 us
   @ EP:  13/16 | combine: 76 GB/s (SO), 248 GB/s (SU), 3091.000 us, 765081632 bytes | reduce: 3711 GB/s, 94.804 us
   @ EP:   9/16 | combine: 75 GB/s (SO), 246 GB/s (SU), 3107.000 us, 765210944 bytes | reduce: 3708 GB/s, 94.904 us   @ EP:   8/16 | combine: 75 GB/s (SO), 246 GB/s (SU), 3126.000 us, 767840288 bytes | reduce: 3709 GB/s, 94.910 us

   @ EP:  15/16 | combine: 74 GB/s (SO), 243 GB/s (SU), 3171.000 us, 771173664 bytes | reduce: 3714 GB/s, 94.631 us
   @ EP:  12/16 | combine: 74 GB/s (SO), 244 GB/s (SU), 3158.000 us, 770211008 bytes | reduce: 3705 GB/s, 94.935 us
   @ EP:  14/16 | combine: 75 GB/s (SO), 246 GB/s (SU), 3120.000 us, 768529952 bytes | reduce: 3705 GB/s, 94.958 us
USDT:2026-09-09 06:11:07 491:491 SyncActivityProfilerHandler.cpp:52] profiler_start
USDT:2026-09-09 06:11:07 490:490 SyncActivityProfilerHandler.cpp:52] profiler_startUSDT:2026-09-09 06:11:07 492:492 SyncActivityProfilerHandler.cpp:52] profiler_start

USDT:2026-09-09 06:11:07 493:493 SyncActivityProfilerHandler.cpp:52] profiler_start
USDT:2026-09-09 06:11:07 488:488 SyncActivityProfilerHandler.cpp:52] profiler_start
USDT:2026-09-09 06:11:07 495:495 SyncActivityProfilerHandler.cpp:52] profiler_start
USDT:2026-09-09 06:11:07 494:494 SyncActivityProfilerHandler.cpp:52] profiler_start
USDT:2026-09-09 06:11:07 489:489 SyncActivityProfilerHandler.cpp:52] profiler_start
USDT:2026-09-09 06:11:08 492:492 SyncActivityProfilerHandler.cpp:59] profiler_stopUSDT:2026-09-09 06:11:08 491:491 SyncActivityProfilerHandler.cpp:59] profiler_stop

USDT:2026-09-09 06:11:08 493:493 SyncActivityProfilerHandler.cpp:59] profiler_stop
USDT:2026-09-09 06:11:08 490:490 SyncActivityProfilerHandler.cpp:59] profiler_stop
USDT:2026-09-09 06:11:08 488:488 SyncActivityProfilerHandler.cpp:59] profiler_stop
USDT:2026-09-09 06:11:08 495:495 SyncActivityProfilerHandler.cpp:59] profiler_stop
USDT:2026-09-09 06:11:08 494:494 SyncActivityProfilerHandler.cpp:59] profiler_stop
USDT:2026-09-09 06:11:08 489:489 SyncActivityProfilerHandler.cpp:59] profiler_stop
   + EP:  10/16 | reduced combine: 64 GB/s (SO), 209 GB/s (SU), 3687.000 us, 769995488 bytes | reduce: 3713 GB/s, 94.783 us
   + EP:  11/16 | reduced combine: 64 GB/s (SO), 209 GB/s (SU), 3671.000 us, 767912128 bytes | reduce: 3704 GB/s, 94.991 us
   + EP:   8/16 | reduced combine: 64 GB/s (SO), 209 GB/s (SU), 3678.000 us, 767840288 bytes | reduce: 3710 GB/s, 94.892 us
   + EP:  12/16 | reduced combine: 64 GB/s (SO), 210 GB/s (SU), 3673.000 us, 770211008 bytes | reduce: 3712 GB/s, 94.772 us   + EP:  15/16 | reduced combine: 63 GB/s (SO), 206 GB/s (SU), 3737.000 us, 771173664 bytes | reduce: 3716 GB/s, 94.577 us

   + EP:   9/16 | reduced combine: 61 GB/s (SO), 199 GB/s (SU), 3837.000 us, 765210944 bytes | reduce: 3706 GB/s, 94.976 us
   + EP:  13/16 | reduced combine: 64 GB/s (SO), 208 GB/s (SU), 3679.000 us, 765081632 bytes | reduce: 3709 GB/s, 94.866 us
   + EP:  14/16 | reduced combine: 62 GB/s (SO), 203 GB/s (SU), 3781.000 us, 768529952 bytes | reduce: 3712 GB/s, 94.782 us


