=== EP_NIC_NAME=rdmap110s0 (auto, 200 Gb/s) ===
=== GIN: NCCL_GIN_TYPE=5 NCCL_SYM_GIN_KERNELS_ENABLE=0 ===
=== PREFER_OVERLAP=0 (--prefer-overlap-with-compute) ===
=== IMAGE=deepep-v2-efa-official:sm90-stack3c737dcxbfbdd15  DeepEP=a35285f0af98856625e542df24bd17a985bc05d9 ===
=== DeepEP is a MERGE of: 3c737dcf0da5889ba7efd26e05b4808307cc38af bfbdd15ff448783f877cb2210cb3246c8452b05e ===
+ docker run --rm --init --gpus all --privileged --network=host --ipc=host --ulimit memlock=-1 --ulimit stack=67108864 --device=/dev/infiniband --device=/dev/gdrdrv -v /sys/class/infiniband:/sys/class/infiniband:ro -e MASTER_ADDR=172.31.28.159 -e MASTER_PORT=8913 -e WORLD_SIZE=4 -e RANK=2 -e NCCL_DEBUG=WARN -e EP_NIC_NAME=rdmap110s0 -e NCCL_GIN_TYPE=5 -e NCCL_SYM_GIN_KERNELS_ENABLE=0 -e EP_NUM_SUB_PARTS=1 -e PYTHONUNBUFFERED=1 -e PYTHONFAULTHANDLER=1 deepep-v2-efa-official:sm90-stack3c737dcxbfbdd15 bash -lc 'timeout -s ABRT --kill-after=60 1800     python3 -u /opt/DeepEP/tests/elastic/test_ep.py     --num-processes=8 --num-tokens=8192     --hidden=7168 --num-topk=8 --num-experts=256     --num-sms=12 --allow-hybrid-mode=1     --prefer-overlap-with-compute=0 --test-first-only      '

==========
== CUDA ==
==========

CUDA Version 13.0.2

Container image Copyright (c) 2016-2023, NVIDIA CORPORATION & AFFILIATES. All rights reserved.

This container image and its contents are governed by the NVIDIA Deep Learning Container License.
By pulling and using the container, you accept the terms and conditions of this license:
https://developer.nvidia.com/ngc/nvidia-deep-learning-container-license

A copy of this license is made available in this container at /NGC-DL-CONTAINER-LICENSE for your convenience.

DeepEP hybrid kernel selection: unordered
DeepEP hybrid kernel selection: unordered
DeepEP hybrid kernel selection: unordered
DeepEP hybrid kernel selection: unordered
DeepEP hybrid kernel selection: unordered
DeepEP hybrid kernel selection: unordered
DeepEP hybrid kernel selection: unordered
DeepEP hybrid kernel selection: unordered
DeepEP hybrid kernel selection: unordered
DeepEP hybrid kernel selection: unordered
DeepEP hybrid kernel selection: unordered
DeepEP hybrid kernel selection: unordered
DeepEP hybrid kernel selection: unordered
DeepEP hybrid kernel selection: unordered
DeepEP hybrid kernel selection: unordered
DeepEP hybrid kernel selection: unordered
Config:
 > Ranks: 4 x 8
 > Experts: 8/256
 > Tokens: 8176 (max: 8192), hidden: 7168
 > #SM: 12, #QPs: 13/13

Running all test cases:
 > Testing with do_handle_copy=1, expert_alignment=128, use_fp8_dispatch=1, num_bias=0, with_previous_event=0, async_with_compute_stream=0, allocate_on_comm_stream=0 ...
USDT:2026-09-09 04:06:56 491:491 SyncActivityProfilerHandler.cpp:52] profiler_startUSDT:2026-09-09 04:06:56 493:493 SyncActivityProfilerHandler.cpp:52] profiler_startUSDT:2026-09-09 04:06:56 489:489 SyncActivityProfilerHandler.cpp:52] profiler_startUSDT:2026-09-09 04:06:56 494:494 SyncActivityProfilerHandler.cpp:52] profiler_startUSDT:2026-09-09 04:06:56 490:490 SyncActivityProfilerHandler.cpp:52] profiler_startUSDT:2026-09-09 04:06:56 492:492 SyncActivityProfilerHandler.cpp:52] profiler_start





USDT:2026-09-09 04:06:56 495:495 SyncActivityProfilerHandler.cpp:52] profiler_startUSDT:2026-09-09 04:06:56 488:488 SyncActivityProfilerHandler.cpp:52] profiler_start

USDT:2026-09-09 04:06:56 494:494 SyncActivityProfilerHandler.cpp:59] profiler_stopUSDT:2026-09-09 04:06:56 491:491 SyncActivityProfilerHandler.cpp:59] profiler_stopUSDT:2026-09-09 04:06:56 495:495 SyncActivityProfilerHandler.cpp:59] profiler_stopUSDT:2026-09-09 04:06:56 492:492 SyncActivityProfilerHandler.cpp:59] profiler_stop
USDT:2026-09-09 04:06:56 490:490 SyncActivityProfilerHandler.cpp:59] profiler_stop
USDT:2026-09-09 04:06:56 489:489 SyncActivityProfilerHandler.cpp:59] profiler_stopUSDT:2026-09-09 04:06:56 488:488 SyncActivityProfilerHandler.cpp:59] profiler_stop




USDT:2026-09-09 04:06:56 493:493 SyncActivityProfilerHandler.cpp:59] profiler_stop
   * EP:  19/32 | dispatch: 55 GB/s (SO), 110 GB/s (SU), 4035.000 us, 445850496 bytes | copy: 2382 GB/s, 374.372 us
   * EP:  23/32 | dispatch: 55 GB/s (SO), 111 GB/s (SU), 4035.000 us, 446719104 bytes | copy: 2652 GB/s, 336.853 us
   * EP:  21/32 | dispatch: 55 GB/s (SO), 111 GB/s (SU), 4035.000 us, 445970304 bytes | copy: 2782 GB/s, 320.657 us
   * EP:  22/32 | dispatch: 55 GB/s (SO), 110 GB/s (SU), 4035.000 us, 443731392 bytes | copy: 2684 GB/s, 330.626 us
   * EP:  16/32 | dispatch: 55 GB/s (SO), 110 GB/s (SU), 4035.000 us, 444809664 bytes | copy: 2697 GB/s, 329.830 us
   * EP:  18/32 | dispatch: 55 GB/s (SO), 110 GB/s (SU), 4035.000 us, 444674880 bytes | copy: 2687 GB/s, 330.972 us
   * EP:  17/32 | dispatch: 55 GB/s (SO), 111 GB/s (SU), 4035.000 us, 447018624 bytes | copy: 2893 GB/s, 309.082 us
   * EP:  20/32 | dispatch: 55 GB/s (SO), 111 GB/s (SU), 4035.000 us, 447497856 bytes | copy: 2550 GB/s, 351.024 us
USDT:2026-09-09 04:06:57 489:489 SyncActivityProfilerHandler.cpp:52] profiler_startUSDT:2026-09-09 04:06:57 491:491 SyncActivityProfilerHandler.cpp:52] profiler_startUSDT:2026-09-09 04:06:57 494:494 SyncActivityProfilerHandler.cpp:52] profiler_start


USDT:2026-09-09 04:06:57 490:490 SyncActivityProfilerHandler.cpp:52] profiler_startUSDT:2026-09-09 04:06:57 492:492 SyncActivityProfilerHandler.cpp:52] profiler_startUSDT:2026-09-09 04:06:57 488:488 SyncActivityProfilerHandler.cpp:52] profiler_start

USDT:2026-09-09 04:06:57 495:495 SyncActivityProfilerHandler.cpp:52] profiler_start
USDT:2026-09-09 04:06:57 493:493 SyncActivityProfilerHandler.cpp:52] profiler_start

USDT:2026-09-09 04:06:57 491:491 SyncActivityProfilerHandler.cpp:59] profiler_stopUSDT:2026-09-09 04:06:57 492:492 SyncActivityProfilerHandler.cpp:59] profiler_stopUSDT:2026-09-09 04:06:57 494:494 SyncActivityProfilerHandler.cpp:59] profiler_stop


USDT:2026-09-09 04:06:57 488:488 SyncActivityProfilerHandler.cpp:59] profiler_stopUSDT:2026-09-09 04:06:57 489:489 SyncActivityProfilerHandler.cpp:59] profiler_stopUSDT:2026-09-09 04:06:57 490:490 SyncActivityProfilerHandler.cpp:59] profiler_stop

USDT:2026-09-09 04:06:57 495:495 SyncActivityProfilerHandler.cpp:59] profiler_stop

USDT:2026-09-09 04:06:57 493:493 SyncActivityProfilerHandler.cpp:59] profiler_stop
   - EP:  19/32 | expanded dispatch: 55 GB/s (SO), 110 GB/s (SU), 4048.000 us, 445850496 bytes | copy: 2211 GB/s, 426.595 us
   - EP:  23/32 | expanded dispatch: 55 GB/s (SO), 110 GB/s (SU), 4048.000 us, 446719104 bytes | copy: 2343 GB/s, 402.406 us
   - EP:  21/32 | expanded dispatch: 55 GB/s (SO), 110 GB/s (SU), 4048.000 us, 445970304 bytes | copy: 2465 GB/s, 382.755 us
   - EP:  16/32 | expanded dispatch: 55 GB/s (SO), 110 GB/s (SU), 4048.000 us, 444809664 bytes | copy: 2341 GB/s, 401.804 us
   - EP:  18/32 | expanded dispatch: 55 GB/s (SO), 110 GB/s (SU), 4048.000 us, 444674880 bytes | copy: 2433 GB/s, 386.014 us
   - EP:  20/32 | expanded dispatch: 55 GB/s (SO), 111 GB/s (SU), 4048.000 us, 447497856 bytes | copy: 2194 GB/s, 431.296 us
   - EP:  17/32 | expanded dispatch: 55 GB/s (SO), 110 GB/s (SU), 4048.000 us, 447018624 bytes | copy: 2523 GB/s, 373.981 us
   - EP:  22/32 | expanded dispatch: 54 GB/s (SO), 110 GB/s (SU), 4048.000 us, 443731392 bytes | copy: 2401 GB/s, 390.365 us
USDT:2026-09-09 04:06:58 494:494 SyncActivityProfilerHandler.cpp:52] profiler_startUSDT:2026-09-09 04:06:58 491:491 SyncActivityProfilerHandler.cpp:52] profiler_startUSDT:2026-09-09 04:06:58 492:492 SyncActivityProfilerHandler.cpp:52] profiler_startUSDT:2026-09-09 04:06:58 495:495 SyncActivityProfilerHandler.cpp:52] profiler_start

USDT:2026-09-09 04:06:58 490:490 SyncActivityProfilerHandler.cpp:52] profiler_startUSDT:2026-09-09 04:06:58 489:489 SyncActivityProfilerHandler.cpp:52] profiler_startUSDT:2026-09-09 04:06:58 488:488 SyncActivityProfilerHandler.cpp:52] profiler_start




USDT:2026-09-09 04:06:58 493:493 SyncActivityProfilerHandler.cpp:52] profiler_start
USDT:2026-09-09 04:06:58 491:491 SyncActivityProfilerHandler.cpp:59] profiler_stop
USDT:2026-09-09 04:06:58 489:489 SyncActivityProfilerHandler.cpp:59] profiler_stop
USDT:2026-09-09 04:06:58 488:488 SyncActivityProfilerHandler.cpp:59] profiler_stop
USDT:2026-09-09 04:06:58 495:495 SyncActivityProfilerHandler.cpp:59] profiler_stopUSDT:2026-09-09 04:06:58 492:492 SyncActivityProfilerHandler.cpp:59] profiler_stopUSDT:2026-09-09 04:06:58 490:490 SyncActivityProfilerHandler.cpp:59] profiler_stop

USDT:2026-09-09 04:06:58 494:494 SyncActivityProfilerHandler.cpp:59] profiler_stop

USDT:2026-09-09 04:06:58 493:493 SyncActivityProfilerHandler.cpp:59] profiler_stop
   # EP:  19/32 | cached dispatch: 55 GB/s (SO), 111 GB/s (SU), 4009.000 us, 445850496 bytes | copy: 2671 GB/s, 333.879 us
   # EP:  23/32 | cached dispatch: 55 GB/s (SO), 111 GB/s (SU), 4009.000 us, 446719104 bytes | copy: 2980 GB/s, 299.764 us
   # EP:  20/32 | cached dispatch: 55 GB/s (SO), 112 GB/s (SU), 4009.000 us, 447497856 bytes | copy: 2684 GB/s, 333.471 us
   # EP:  18/32 | cached dispatch: 55 GB/s (SO), 111 GB/s (SU), 4009.000 us, 444674880 bytes | copy: 2982 GB/s, 298.271 us
   # EP:  17/32 | cached dispatch: 55 GB/s (SO), 112 GB/s (SU), 4009.000 us, 447018624 bytes | copy: 2968 GB/s, 301.204 us
   # EP:  21/32 | cached dispatch: 55 GB/s (SO), 111 GB/s (SU), 4009.000 us, 445970304 bytes | copy: 2823 GB/s, 315.911 us
   # EP:  22/32 | cached dispatch: 55 GB/s (SO), 111 GB/s (SU), 4009.000 us, 443731392 bytes | copy: 2798 GB/s, 317.139 us
   # EP:  16/32 | cached dispatch: 55 GB/s (SO), 111 GB/s (SU), 4009.000 us, 444809664 bytes | copy: 2832 GB/s, 314.085 us
USDT:2026-09-09 04:06:59 493:493 SyncActivityProfilerHandler.cpp:52] profiler_start
USDT:2026-09-09 04:06:59 494:494 SyncActivityProfilerHandler.cpp:52] profiler_start
USDT:2026-09-09 04:06:59 491:491 SyncActivityProfilerHandler.cpp:52] profiler_start
USDT:2026-09-09 04:06:59 495:495 SyncActivityProfilerHandler.cpp:52] profiler_start
USDT:2026-09-09 04:06:59 490:490 SyncActivityProfilerHandler.cpp:52] profiler_startUSDT:2026-09-09 04:06:59 489:489 SyncActivityProfilerHandler.cpp:52] profiler_startUSDT:2026-09-09 04:06:59 492:492 SyncActivityProfilerHandler.cpp:52] profiler_start


USDT:2026-09-09 04:06:59 488:488 SyncActivityProfilerHandler.cpp:52] profiler_start
USDT:2026-09-09 04:07:00 494:494 SyncActivityProfilerHandler.cpp:59] profiler_stop
USDT:2026-09-09 04:07:00 491:491 SyncActivityProfilerHandler.cpp:59] profiler_stop
USDT:2026-09-09 04:07:00 492:492 SyncActivityProfilerHandler.cpp:59] profiler_stop
USDT:2026-09-09 04:07:00 493:493 SyncActivityProfilerHandler.cpp:59] profiler_stop
USDT:2026-09-09 04:07:00 495:495 SyncActivityProfilerHandler.cpp:59] profiler_stop
USDT:2026-09-09 04:07:00 490:490 SyncActivityProfilerHandler.cpp:59] profiler_stop
USDT:2026-09-09 04:07:00 489:489 SyncActivityProfilerHandler.cpp:59] profiler_stop
USDT:2026-09-09 04:07:00 488:488 SyncActivityProfilerHandler.cpp:59] profiler_stop
   @ EP:  22/32 | combine: 57 GB/s (SO), 114 GB/s (SU), 7442.000 us, 851433312 bytes | reduce: 3606 GB/s, 149.909 us
   @ EP:  19/32 | combine: 57 GB/s (SO), 114 GB/s (SU), 7478.000 us, 855499456 bytes | reduce: 3599 GB/s, 150.650 us
   @ EP:  18/32 | combine: 57 GB/s (SO), 114 GB/s (SU), 7499.000 us, 853243680 bytes | reduce: 3599 GB/s, 150.385 us
   @ EP:  20/32 | combine: 57 GB/s (SO), 115 GB/s (SU), 7477.000 us, 858660416 bytes | reduce: 3619 GB/s, 149.648 us
   @ EP:  21/32 | combine: 57 GB/s (SO), 114 GB/s (SU), 7493.000 us, 855729344 bytes | reduce: 3608 GB/s, 150.413 us   @ EP:  23/32 | combine: 57 GB/s (SO), 114 GB/s (SU), 7500.000 us, 857166144 bytes | reduce: 3611 GB/s, 150.072 us

   @ EP:  16/32 | combine: 57 GB/s (SO), 114 GB/s (SU), 7471.000 us, 853502304 bytes | reduce: 3599 GB/s, 150.892 us
   @ EP:  17/32 | combine: 57 GB/s (SO), 114 GB/s (SU), 7499.000 us, 857740864 bytes | reduce: 3621 GB/s, 149.697 us
USDT:2026-09-09 04:07:00 494:494 SyncActivityProfilerHandler.cpp:52] profiler_start
USDT:2026-09-09 04:07:00 488:488 SyncActivityProfilerHandler.cpp:52] profiler_startUSDT:2026-09-09 04:07:00 495:495 SyncActivityProfilerHandler.cpp:52] profiler_start

USDT:2026-09-09 04:07:00 490:490 SyncActivityProfilerHandler.cpp:52] profiler_start
USDT:2026-09-09 04:07:00 491:491 SyncActivityProfilerHandler.cpp:52] profiler_start
USDT:2026-09-09 04:07:00 489:489 SyncActivityProfilerHandler.cpp:52] profiler_start
USDT:2026-09-09 04:07:00 492:492 SyncActivityProfilerHandler.cpp:52] profiler_start
USDT:2026-09-09 04:07:00 493:493 SyncActivityProfilerHandler.cpp:52] profiler_start
USDT:2026-09-09 04:07:01 493:493 SyncActivityProfilerHandler.cpp:59] profiler_stop
USDT:2026-09-09 04:07:01 490:490 SyncActivityProfilerHandler.cpp:59] profiler_stopUSDT:2026-09-09 04:07:01 491:491 SyncActivityProfilerHandler.cpp:59] profiler_stop

USDT:2026-09-09 04:07:01 494:494 SyncActivityProfilerHandler.cpp:59] profiler_stop
USDT:2026-09-09 04:07:01 488:488 SyncActivityProfilerHandler.cpp:59] profiler_stop
USDT:2026-09-09 04:07:01 489:489 SyncActivityProfilerHandler.cpp:59] profiler_stop
USDT:2026-09-09 04:07:01 492:492 SyncActivityProfilerHandler.cpp:59] profiler_stop
USDT:2026-09-09 04:07:01 495:495 SyncActivityProfilerHandler.cpp:59] profiler_stop
   + EP:  22/32 | reduced combine: 58 GB/s (SO), 116 GB/s (SU), 7357.000 us, 851433312 bytes | reduce: 3608 GB/s, 149.837 us
   + EP:  19/32 | reduced combine: 57 GB/s (SO), 115 GB/s (SU), 7417.000 us, 855499456 bytes | reduce: 3593 GB/s, 150.897 us
   + EP:  18/32 | reduced combine: 57 GB/s (SO), 115 GB/s (SU), 7396.000 us, 853243680 bytes | reduce: 3596 GB/s, 150.513 us
   + EP:  16/32 | reduced combine: 57 GB/s (SO), 115 GB/s (SU), 7411.000 us, 853502304 bytes | reduce: 3610 GB/s, 150.413 us
   + EP:  21/32 | reduced combine: 58 GB/s (SO), 116 GB/s (SU), 7364.000 us, 855729344 bytes | reduce: 3606 GB/s, 150.474 us
   + EP:  23/32 | reduced combine: 57 GB/s (SO), 116 GB/s (SU), 7404.000 us, 857166144 bytes | reduce: 3606 GB/s, 150.263 us
   + EP:  20/32 | reduced combine: 57 GB/s (SO), 116 GB/s (SU), 7387.000 us, 858660416 bytes | reduce: 3624 GB/s, 149.456 us
   + EP:  17/32 | reduced combine: 57 GB/s (SO), 116 GB/s (SU), 7414.000 us, 857740864 bytes | reduce: 3627 GB/s, 149.482 us


