=== EP_NIC_NAME=rdmap110s0 (auto, 200 Gb/s) ===
=== GIN: NCCL_GIN_TYPE=5 NCCL_SYM_GIN_KERNELS_ENABLE=0 ===
=== PREFER_OVERLAP=0 (--prefer-overlap-with-compute) ===
=== IMAGE=deepep-v2-efa-official:sm90-stack3c737dcxbfbdd15  DeepEP=a35285f0af98856625e542df24bd17a985bc05d9 ===
=== DeepEP is a MERGE of: 3c737dcf0da5889ba7efd26e05b4808307cc38af bfbdd15ff448783f877cb2210cb3246c8452b05e ===
+ docker run --rm --init --gpus all --privileged --network=host --ipc=host --ulimit memlock=-1 --ulimit stack=67108864 --device=/dev/infiniband --device=/dev/gdrdrv -v /sys/class/infiniband:/sys/class/infiniband:ro -e MASTER_ADDR=172.31.29.216 -e MASTER_PORT=8971 -e WORLD_SIZE=2 -e RANK=0 -e NCCL_DEBUG=WARN -e EP_NIC_NAME=rdmap110s0 -e NCCL_GIN_TYPE=5 -e NCCL_SYM_GIN_KERNELS_ENABLE=0 -e PYTHONUNBUFFERED=1 -e PYTHONFAULTHANDLER=1 deepep-v2-efa-official:sm90-stack3c737dcxbfbdd15 bash -lc 'timeout -s ABRT --kill-after=60 1800     python3 -u /opt/DeepEP/tests/elastic/test_ep.py     --num-processes=8 --num-tokens=128     --hidden=7168 --num-topk=8 --num-experts=256     --num-sms=12 --allow-hybrid-mode=1     --prefer-overlap-with-compute=0 --test-first-only      '

==========
== CUDA ==
==========

CUDA Version 13.0.2

Container image Copyright (c) 2016-2023, NVIDIA CORPORATION & AFFILIATES. All rights reserved.

This container image and its contents are governed by the NVIDIA Deep Learning Container License.
By pulling and using the container, you accept the terms and conditions of this license:
https://developer.nvidia.com/ngc/nvidia-deep-learning-container-license

A copy of this license is made available in this container at /NGC-DL-CONTAINER-LICENSE for your convenience.

NCCL version 2.31.2+cuda13.3
DeepEP hybrid kernel selection: unordered
DeepEP hybrid kernel selection: unordered
DeepEP hybrid kernel selection: unordered
DeepEP hybrid kernel selection: unordered
DeepEP hybrid kernel selection: unordered
DeepEP hybrid kernel selection: unordered
DeepEP hybrid kernel selection: unordered
DeepEP hybrid kernel selection: unordered
DeepEP hybrid kernel selection: unordered
DeepEP hybrid kernel selection: unordered
DeepEP hybrid kernel selection: unordered
DeepEP hybrid kernel selection: unordered
DeepEP hybrid kernel selection: unordered
DeepEP hybrid kernel selection: unordered
DeepEP hybrid kernel selection: unordered
DeepEP hybrid kernel selection: unordered
Config:
 > Ranks: 2 x 8
 > Experts: 8/256
 > Tokens: 128 (max: 128), hidden: 7168
 > #SM: 12, #QPs: 13/13

Running all test cases:
 > Testing with do_handle_copy=1, expert_alignment=128, use_fp8_dispatch=1, num_bias=0, with_previous_event=0, async_with_compute_stream=0, allocate_on_comm_stream=0 ...
USDT:2026-09-09 05:44:55 489:489 SyncActivityProfilerHandler.cpp:52] profiler_startUSDT:2026-09-09 05:44:55 490:490 SyncActivityProfilerHandler.cpp:52] profiler_startUSDT:2026-09-09 05:44:55 487:487 SyncActivityProfilerHandler.cpp:52] profiler_startUSDT:2026-09-09 05:44:55 488:488 SyncActivityProfilerHandler.cpp:52] profiler_startUSDT:2026-09-09 05:44:55 494:494 SyncActivityProfilerHandler.cpp:52] profiler_startUSDT:2026-09-09 05:44:55 493:493 SyncActivityProfilerHandler.cpp:52] profiler_startUSDT:2026-09-09 05:44:55 492:492 SyncActivityProfilerHandler.cpp:52] profiler_startUSDT:2026-09-09 05:44:55 491:491 SyncActivityProfilerHandler.cpp:52] profiler_start







USDT:2026-09-09 05:44:56 494:494 SyncActivityProfilerHandler.cpp:59] profiler_stopUSDT:2026-09-09 05:44:56 490:490 SyncActivityProfilerHandler.cpp:59] profiler_stopUSDT:2026-09-09 05:44:56 488:488 SyncActivityProfilerHandler.cpp:59] profiler_stopUSDT:2026-09-09 05:44:56 489:489 SyncActivityProfilerHandler.cpp:59] profiler_stopUSDT:2026-09-09 05:44:56 493:493 SyncActivityProfilerHandler.cpp:59] profiler_stopUSDT:2026-09-09 05:44:56 487:487 SyncActivityProfilerHandler.cpp:59] profiler_stopUSDT:2026-09-09 05:44:56 491:491 SyncActivityProfilerHandler.cpp:59] profiler_stop




USDT:2026-09-09 05:44:56 492:492 SyncActivityProfilerHandler.cpp:59] profiler_stop


   * EP:   1/16 | dispatch: 18 GB/s (SO), 53 GB/s (SU), 107.300 us, 5720832 bytes | copy: 1820 GB/s, 6.286 us
   * EP:   6/16 | dispatch: 17 GB/s (SO), 55 GB/s (SU), 107.500 us, 5937984 bytes | copy: 1672 GB/s, 7.104 us
   * EP:   3/16 | dispatch: 17 GB/s (SO), 54 GB/s (SU), 107.527 us, 5855616 bytes | copy: 1648 GB/s, 7.106 us
   * EP:   5/16 | dispatch: 17 GB/s (SO), 53 GB/s (SU), 107.415 us, 5705856 bytes | copy: 1745 GB/s, 6.541 us
   * EP:   2/16 | dispatch: 18 GB/s (SO), 54 GB/s (SU), 107.459 us, 5840640 bytes | copy: 2022 GB/s, 5.777 us
   * EP:   0/16 | dispatch: 18 GB/s (SO), 54 GB/s (SU), 107.212 us, 5750784 bytes | copy: 2197 GB/s, 5.235 us
   * EP:   4/16 | dispatch: 17 GB/s (SO), 52 GB/s (SU), 107.312 us, 5623488 bytes | copy: 1757 GB/s, 6.401 us
   * EP:   7/16 | dispatch: 17 GB/s (SO), 55 GB/s (SU), 107.590 us, 5937984 bytes | copy: 1534 GB/s, 7.740 us
USDT:2026-09-09 05:44:56 489:489 SyncActivityProfilerHandler.cpp:52] profiler_startUSDT:2026-09-09 05:44:56 491:491 SyncActivityProfilerHandler.cpp:52] profiler_startUSDT:2026-09-09 05:44:56 490:490 SyncActivityProfilerHandler.cpp:52] profiler_startUSDT:2026-09-09 05:44:56 493:493 SyncActivityProfilerHandler.cpp:52] profiler_startUSDT:2026-09-09 05:44:56 492:492 SyncActivityProfilerHandler.cpp:52] profiler_startUSDT:2026-09-09 05:44:56 487:487 SyncActivityProfilerHandler.cpp:52] profiler_start
USDT:2026-09-09 05:44:56 488:488 SyncActivityProfilerHandler.cpp:52] profiler_start

USDT:2026-09-09 05:44:56 494:494 SyncActivityProfilerHandler.cpp:52] profiler_start




USDT:2026-09-09 05:44:56 487:487 SyncActivityProfilerHandler.cpp:59] profiler_stopUSDT:2026-09-09 05:44:56 493:493 SyncActivityProfilerHandler.cpp:59] profiler_stop
USDT:2026-09-09 05:44:56 490:490 SyncActivityProfilerHandler.cpp:59] profiler_stopUSDT:2026-09-09 05:44:56 491:491 SyncActivityProfilerHandler.cpp:59] profiler_stopUSDT:2026-09-09 05:44:56 492:492 SyncActivityProfilerHandler.cpp:59] profiler_stop
USDT:2026-09-09 05:44:56 488:488 SyncActivityProfilerHandler.cpp:59] profiler_stop

USDT:2026-09-09 05:44:56 489:489 SyncActivityProfilerHandler.cpp:59] profiler_stopUSDT:2026-09-09 05:44:56 494:494 SyncActivityProfilerHandler.cpp:59] profiler_stop



   - EP:   6/16 | expanded dispatch: 17 GB/s (SO), 55 GB/s (SU), 108.468 us, 5937984 bytes | copy: 1990 GB/s, 10.469 us
   - EP:   4/16 | expanded dispatch: 17 GB/s (SO), 52 GB/s (SU), 108.272 us, 5623488 bytes | copy: 2341 GB/s, 8.737 us
   - EP:   3/16 | expanded dispatch: 17 GB/s (SO), 54 GB/s (SU), 108.528 us, 5855616 bytes | copy: 1947 GB/s, 10.615 us
   - EP:   5/16 | expanded dispatch: 17 GB/s (SO), 53 GB/s (SU), 108.415 us, 5705856 bytes | copy: 2295 GB/s, 8.949 us
   - EP:   1/16 | expanded dispatch: 18 GB/s (SO), 53 GB/s (SU), 108.231 us, 5720832 bytes | copy: 2228 GB/s, 9.210 us
   - EP:   2/16 | expanded dispatch: 17 GB/s (SO), 54 GB/s (SU), 108.452 us, 5840640 bytes | copy: 2138 GB/s, 9.680 us
   - EP:   0/16 | expanded dispatch: 18 GB/s (SO), 53 GB/s (SU), 108.158 us, 5750784 bytes | copy: 2456 GB/s, 8.381 us
   - EP:   7/16 | expanded dispatch: 17 GB/s (SO), 55 GB/s (SU), 108.719 us, 5937984 bytes | copy: 1962 GB/s, 10.560 us
USDT:2026-09-09 05:44:57 492:492 SyncActivityProfilerHandler.cpp:52] profiler_startUSDT:2026-09-09 05:44:57 488:488 SyncActivityProfilerHandler.cpp:52] profiler_startUSDT:2026-09-09 05:44:57 489:489 SyncActivityProfilerHandler.cpp:52] profiler_startUSDT:2026-09-09 05:44:57 490:490 SyncActivityProfilerHandler.cpp:52] profiler_startUSDT:2026-09-09 05:44:57 487:487 SyncActivityProfilerHandler.cpp:52] profiler_startUSDT:2026-09-09 05:44:57 493:493 SyncActivityProfilerHandler.cpp:52] profiler_startUSDT:2026-09-09 05:44:57 494:494 SyncActivityProfilerHandler.cpp:52] profiler_startUSDT:2026-09-09 05:44:57 491:491 SyncActivityProfilerHandler.cpp:52] profiler_start







USDT:2026-09-09 05:44:57 489:489 SyncActivityProfilerHandler.cpp:59] profiler_stopUSDT:2026-09-09 05:44:57 494:494 SyncActivityProfilerHandler.cpp:59] profiler_stopUSDT:2026-09-09 05:44:57 490:490 SyncActivityProfilerHandler.cpp:59] profiler_stopUSDT:2026-09-09 05:44:57 488:488 SyncActivityProfilerHandler.cpp:59] profiler_stopUSDT:2026-09-09 05:44:57 493:493 SyncActivityProfilerHandler.cpp:59] profiler_stop




USDT:2026-09-09 05:44:57 487:487 SyncActivityProfilerHandler.cpp:59] profiler_stopUSDT:2026-09-09 05:44:57 492:492 SyncActivityProfilerHandler.cpp:59] profiler_stopUSDT:2026-09-09 05:44:57 491:491 SyncActivityProfilerHandler.cpp:59] profiler_stop


   # EP:   0/16 | cached dispatch: 18 GB/s (SO), 55 GB/s (SU), 104.587 us, 5750784 bytes | copy: 1700 GB/s, 6.765 us
   # EP:   5/16 | cached dispatch: 18 GB/s (SO), 54 GB/s (SU), 104.819 us, 5705856 bytes | copy: 1158 GB/s, 9.853 us
   # EP:   7/16 | cached dispatch: 17 GB/s (SO), 56 GB/s (SU), 105.158 us, 5937984 bytes | copy: 1107 GB/s, 10.724 us
   # EP:   2/16 | cached dispatch: 18 GB/s (SO), 56 GB/s (SU), 104.833 us, 5840640 bytes | copy: 1399 GB/s, 8.352 us
   # EP:   3/16 | cached dispatch: 18 GB/s (SO), 56 GB/s (SU), 104.899 us, 5855616 bytes | copy: 1360 GB/s, 8.611 us
   # EP:   1/16 | cached dispatch: 18 GB/s (SO), 55 GB/s (SU), 104.649 us, 5720832 bytes | copy: 1349 GB/s, 8.479 us
   # EP:   4/16 | cached dispatch: 18 GB/s (SO), 54 GB/s (SU), 104.766 us, 5623488 bytes | copy: 1319 GB/s, 8.526 us
   # EP:   6/16 | cached dispatch: 17 GB/s (SO), 57 GB/s (SU), 104.845 us, 5937984 bytes | copy: 1132 GB/s, 10.495 us
USDT:2026-09-09 05:44:58 491:491 SyncActivityProfilerHandler.cpp:52] profiler_startUSDT:2026-09-09 05:44:58 492:492 SyncActivityProfilerHandler.cpp:52] profiler_startUSDT:2026-09-09 05:44:58 493:493 SyncActivityProfilerHandler.cpp:52] profiler_startUSDT:2026-09-09 05:44:58 494:494 SyncActivityProfilerHandler.cpp:52] profiler_start
USDT:2026-09-09 05:44:58 490:490 SyncActivityProfilerHandler.cpp:52] profiler_startUSDT:2026-09-09 05:44:58 488:488 SyncActivityProfilerHandler.cpp:52] profiler_start




USDT:2026-09-09 05:44:58 487:487 SyncActivityProfilerHandler.cpp:52] profiler_start
USDT:2026-09-09 05:44:58 489:489 SyncActivityProfilerHandler.cpp:52] profiler_start
USDT:2026-09-09 05:44:58 490:490 SyncActivityProfilerHandler.cpp:59] profiler_stopUSDT:2026-09-09 05:44:58 492:492 SyncActivityProfilerHandler.cpp:59] profiler_stopUSDT:2026-09-09 05:44:58 493:493 SyncActivityProfilerHandler.cpp:59] profiler_stopUSDT:2026-09-09 05:44:58 494:494 SyncActivityProfilerHandler.cpp:59] profiler_stopUSDT:2026-09-09 05:44:58 489:489 SyncActivityProfilerHandler.cpp:59] profiler_stop
USDT:2026-09-09 05:44:58 491:491 SyncActivityProfilerHandler.cpp:59] profiler_stop


USDT:2026-09-09 05:44:58 487:487 SyncActivityProfilerHandler.cpp:59] profiler_stopUSDT:2026-09-09 05:44:58 488:488 SyncActivityProfilerHandler.cpp:59] profiler_stop



   @ EP:   3/16 | combine: 25 GB/s (SO), 79 GB/s (SU), 142.002 us, 11235776 bytes | reduce: 1038 GB/s, 5.191 us
   @ EP:   7/16 | combine: 25 GB/s (SO), 81 GB/s (SU), 140.740 us, 11393824 bytes | reduce: 1064 GB/s, 4.901 us
   @ EP:   6/16 | combine: 25 GB/s (SO), 81 GB/s (SU), 141.151 us, 11393824 bytes | reduce: 1015 GB/s, 5.140 us
   @ EP:   4/16 | combine: 25 GB/s (SO), 76 GB/s (SU), 141.239 us, 10790368 bytes | reduce: 993 GB/s, 5.355 us
   @ EP:   0/16 | combine: 26 GB/s (SO), 78 GB/s (SU), 142.215 us, 11034624 bytes | reduce: 1015 GB/s, 5.419 us
   @ EP:   2/16 | combine: 25 GB/s (SO), 79 GB/s (SU), 142.182 us, 11207040 bytes | reduce: 977 GB/s, 5.559 us
   @ EP:   5/16 | combine: 25 GB/s (SO), 79 GB/s (SU), 139.358 us, 10948416 bytes | reduce: 1061 GB/s, 4.982 us
   @ EP:   1/16 | combine: 26 GB/s (SO), 78 GB/s (SU), 140.753 us, 10977152 bytes | reduce: 1004 GB/s, 5.453 us
USDT:2026-09-09 05:44:58 492:492 SyncActivityProfilerHandler.cpp:52] profiler_startUSDT:2026-09-09 05:44:58 494:494 SyncActivityProfilerHandler.cpp:52] profiler_startUSDT:2026-09-09 05:44:58 489:489 SyncActivityProfilerHandler.cpp:52] profiler_start
USDT:2026-09-09 05:44:58 488:488 SyncActivityProfilerHandler.cpp:52] profiler_startUSDT:2026-09-09 05:44:58 487:487 SyncActivityProfilerHandler.cpp:52] profiler_start

USDT:2026-09-09 05:44:58 493:493 SyncActivityProfilerHandler.cpp:52] profiler_start


USDT:2026-09-09 05:44:58 490:490 SyncActivityProfilerHandler.cpp:52] profiler_start
USDT:2026-09-09 05:44:58 491:491 SyncActivityProfilerHandler.cpp:52] profiler_start
USDT:2026-09-09 05:44:59 493:493 SyncActivityProfilerHandler.cpp:59] profiler_stopUSDT:2026-09-09 05:44:59 492:492 SyncActivityProfilerHandler.cpp:59] profiler_stopUSDT:2026-09-09 05:44:59 494:494 SyncActivityProfilerHandler.cpp:59] profiler_stopUSDT:2026-09-09 05:44:59 489:489 SyncActivityProfilerHandler.cpp:59] profiler_stop


USDT:2026-09-09 05:44:59 488:488 SyncActivityProfilerHandler.cpp:59] profiler_stop
USDT:2026-09-09 05:44:59 490:490 SyncActivityProfilerHandler.cpp:59] profiler_stopUSDT:2026-09-09 05:44:59 487:487 SyncActivityProfilerHandler.cpp:59] profiler_stop


USDT:2026-09-09 05:44:59 491:491 SyncActivityProfilerHandler.cpp:59] profiler_stop
   + EP:   5/16 | reduced combine: 24 GB/s (SO), 76 GB/s (SU), 144.988 us, 10948416 bytes | reduce: 962 GB/s, 5.495 us
   + EP:   0/16 | reduced combine: 25 GB/s (SO), 74 GB/s (SU), 149.128 us, 11034624 bytes | reduce: 931 GB/s, 5.912 us
   + EP:   7/16 | reduced combine: 24 GB/s (SO), 78 GB/s (SU), 146.899 us, 11393824 bytes | reduce: 928 GB/s, 5.621 us
   + EP:   1/16 | reduced combine: 25 GB/s (SO), 74 GB/s (SU), 148.923 us, 10977152 bytes | reduce: 935 GB/s, 5.852 us
   + EP:   2/16 | reduced combine: 24 GB/s (SO), 75 GB/s (SU), 149.834 us, 11207040 bytes | reduce: 944 GB/s, 5.751 us
   + EP:   6/16 | reduced combine: 24 GB/s (SO), 78 GB/s (SU), 146.855 us, 11393824 bytes | reduce: 944 GB/s, 5.526 us
   + EP:   3/16 | reduced combine: 24 GB/s (SO), 76 GB/s (SU), 148.594 us, 11235776 bytes | reduce: 1009 GB/s, 5.340 us
   + EP:   4/16 | reduced combine: 24 GB/s (SO), 74 GB/s (SU), 146.784 us, 10790368 bytes | reduce: 939 GB/s, 5.663 us


