=== EP_NIC_NAME=rdmap110s0 (auto, 200 Gb/s) ===
=== GIN: NCCL_GIN_TYPE=5 NCCL_SYM_GIN_KERNELS_ENABLE=0 ===
=== PREFER_OVERLAP=0 (--prefer-overlap-with-compute) ===
=== IMAGE=deepep-v2-efa-official:sm90-stack3c737dcxbfbdd15  DeepEP=a35285f0af98856625e542df24bd17a985bc05d9 ===
=== DeepEP is a MERGE of: 3c737dcf0da5889ba7efd26e05b4808307cc38af bfbdd15ff448783f877cb2210cb3246c8452b05e ===
+ docker run --rm --init --gpus all --privileged --network=host --ipc=host --ulimit memlock=-1 --ulimit stack=67108864 --device=/dev/infiniband --device=/dev/gdrdrv -v /sys/class/infiniband:/sys/class/infiniband:ro -e MASTER_ADDR=172.31.28.159 -e MASTER_PORT=8911 -e WORLD_SIZE=4 -e RANK=2 -e NCCL_DEBUG=WARN -e EP_NIC_NAME=rdmap110s0 -e NCCL_GIN_TYPE=5 -e NCCL_SYM_GIN_KERNELS_ENABLE=0 -e PYTHONUNBUFFERED=1 -e PYTHONFAULTHANDLER=1 deepep-v2-efa-official:sm90-stack3c737dcxbfbdd15 bash -lc 'timeout -s ABRT --kill-after=60 1800     python3 -u /opt/DeepEP/tests/elastic/test_ep.py     --num-processes=8 --num-tokens=128     --hidden=7168 --num-topk=8 --num-experts=256     --num-sms=12 --allow-hybrid-mode=1     --prefer-overlap-with-compute=0 --test-first-only      '

==========
== CUDA ==
==========

CUDA Version 13.0.2

Container image Copyright (c) 2016-2023, NVIDIA CORPORATION & AFFILIATES. All rights reserved.

This container image and its contents are governed by the NVIDIA Deep Learning Container License.
By pulling and using the container, you accept the terms and conditions of this license:
https://developer.nvidia.com/ngc/nvidia-deep-learning-container-license

A copy of this license is made available in this container at /NGC-DL-CONTAINER-LICENSE for your convenience.

DeepEP hybrid kernel selection: unordered
DeepEP hybrid kernel selection: unordered
DeepEP hybrid kernel selection: unordered
DeepEP hybrid kernel selection: unordered
DeepEP hybrid kernel selection: unordered
DeepEP hybrid kernel selection: unordered
DeepEP hybrid kernel selection: unordered
DeepEP hybrid kernel selection: unordered
DeepEP hybrid kernel selection: unordered
DeepEP hybrid kernel selection: unordered
DeepEP hybrid kernel selection: unordered
DeepEP hybrid kernel selection: unordered
DeepEP hybrid kernel selection: unordered
DeepEP hybrid kernel selection: unordered
DeepEP hybrid kernel selection: unordered
DeepEP hybrid kernel selection: unordered
Config:
 > Ranks: 4 x 8
 > Experts: 8/256
 > Tokens: 112 (max: 128), hidden: 7168
 > #SM: 12, #QPs: 13/13

Running all test cases:
 > Testing with do_handle_copy=1, expert_alignment=128, use_fp8_dispatch=1, num_bias=0, with_previous_event=0, async_with_compute_stream=0, allocate_on_comm_stream=0 ...
USDT:2026-09-09 04:02:51 494:494 SyncActivityProfilerHandler.cpp:52] profiler_startUSDT:2026-09-09 04:02:51 496:496 SyncActivityProfilerHandler.cpp:52] profiler_startUSDT:2026-09-09 04:02:51 493:493 SyncActivityProfilerHandler.cpp:52] profiler_startUSDT:2026-09-09 04:02:51 492:492 SyncActivityProfilerHandler.cpp:52] profiler_startUSDT:2026-09-09 04:02:51 495:495 SyncActivityProfilerHandler.cpp:52] profiler_start




USDT:2026-09-09 04:02:51 491:491 SyncActivityProfilerHandler.cpp:52] profiler_start
USDT:2026-09-09 04:02:51 497:497 SyncActivityProfilerHandler.cpp:52] profiler_start
USDT:2026-09-09 04:02:51 490:490 SyncActivityProfilerHandler.cpp:52] profiler_start
USDT:2026-09-09 04:02:51 491:491 SyncActivityProfilerHandler.cpp:59] profiler_stopUSDT:2026-09-09 04:02:51 490:490 SyncActivityProfilerHandler.cpp:59] profiler_stop

USDT:2026-09-09 04:02:51 492:492 SyncActivityProfilerHandler.cpp:59] profiler_stopUSDT:2026-09-09 04:02:51 496:496 SyncActivityProfilerHandler.cpp:59] profiler_stop

USDT:2026-09-09 04:02:51 495:495 SyncActivityProfilerHandler.cpp:59] profiler_stop
USDT:2026-09-09 04:02:51 494:494 SyncActivityProfilerHandler.cpp:59] profiler_stop
USDT:2026-09-09 04:02:51 497:497 SyncActivityProfilerHandler.cpp:59] profiler_stop
USDT:2026-09-09 04:02:51 493:493 SyncActivityProfilerHandler.cpp:59] profiler_stop
   * EP:  19/32 | dispatch: 16 GB/s (SO), 34 GB/s (SU), 186.921 us, 6289920 bytes | copy: 1018 GB/s, 12.353 us
   * EP:  18/32 | dispatch: 16 GB/s (SO), 32 GB/s (SU), 186.822 us, 5885568 bytes | copy: 1421 GB/s, 8.285 us
   * EP:  20/32 | dispatch: 15 GB/s (SO), 32 GB/s (SU), 186.904 us, 6072768 bytes | copy: 1412 GB/s, 8.601 us
   * EP:  22/32 | dispatch: 15 GB/s (SO), 34 GB/s (SU), 186.833 us, 6289920 bytes | copy: 1037 GB/s, 12.126 us
   * EP:  23/32 | dispatch: 15 GB/s (SO), 33 GB/s (SU), 186.942 us, 6200064 bytes | copy: 966 GB/s, 12.830 us
   * EP:  21/32 | dispatch: 16 GB/s (SO), 33 GB/s (SU), 186.912 us, 6155136 bytes | copy: 1004 GB/s, 12.258 us
   * EP:  17/32 | dispatch: 16 GB/s (SO), 34 GB/s (SU), 186.889 us, 6327360 bytes | copy: 1506 GB/s, 8.403 us
   * EP:  16/32 | dispatch: 16 GB/s (SO), 34 GB/s (SU), 186.948 us, 6342336 bytes | copy: 1467 GB/s, 8.647 us
USDT:2026-09-09 04:02:51 492:492 SyncActivityProfilerHandler.cpp:52] profiler_startUSDT:2026-09-09 04:02:51 491:491 SyncActivityProfilerHandler.cpp:52] profiler_startUSDT:2026-09-09 04:02:51 495:495 SyncActivityProfilerHandler.cpp:52] profiler_startUSDT:2026-09-09 04:02:51 496:496 SyncActivityProfilerHandler.cpp:52] profiler_startUSDT:2026-09-09 04:02:51 497:497 SyncActivityProfilerHandler.cpp:52] profiler_startUSDT:2026-09-09 04:02:51 494:494 SyncActivityProfilerHandler.cpp:52] profiler_startUSDT:2026-09-09 04:02:51 490:490 SyncActivityProfilerHandler.cpp:52] profiler_start

USDT:2026-09-09 04:02:51 493:493 SyncActivityProfilerHandler.cpp:52] profiler_start





USDT:2026-09-09 04:02:52 496:496 SyncActivityProfilerHandler.cpp:59] profiler_stop
USDT:2026-09-09 04:02:52 490:490 SyncActivityProfilerHandler.cpp:59] profiler_stopUSDT:2026-09-09 04:02:52 492:492 SyncActivityProfilerHandler.cpp:59] profiler_stopUSDT:2026-09-09 04:02:52 494:494 SyncActivityProfilerHandler.cpp:59] profiler_stopUSDT:2026-09-09 04:02:52 491:491 SyncActivityProfilerHandler.cpp:59] profiler_stop

USDT:2026-09-09 04:02:52 493:493 SyncActivityProfilerHandler.cpp:59] profiler_stop
USDT:2026-09-09 04:02:52 495:495 SyncActivityProfilerHandler.cpp:59] profiler_stop


USDT:2026-09-09 04:02:52 497:497 SyncActivityProfilerHandler.cpp:59] profiler_stop
   - EP:  17/32 | expanded dispatch: 16 GB/s (SO), 34 GB/s (SU), 185.520 us, 6327360 bytes | copy: 1835 GB/s, 8.622 us
   - EP:  23/32 | expanded dispatch: 15 GB/s (SO), 33 GB/s (SU), 185.562 us, 6200064 bytes | copy: 1113 GB/s, 13.196 us
   - EP:  21/32 | expanded dispatch: 16 GB/s (SO), 33 GB/s (SU), 185.551 us, 6155136 bytes | copy: 1181 GB/s, 12.352 us
   - EP:  19/32 | expanded dispatch: 16 GB/s (SO), 34 GB/s (SU), 185.446 us, 6289920 bytes | copy: 1040 GB/s, 13.443 us
   - EP:  20/32 | expanded dispatch: 16 GB/s (SO), 33 GB/s (SU), 185.472 us, 6072768 bytes | copy: 1362 GB/s, 10.772 us
   - EP:  18/32 | expanded dispatch: 16 GB/s (SO), 32 GB/s (SU), 185.405 us, 5885568 bytes | copy: 1539 GB/s, 8.758 us
   - EP:  16/32 | expanded dispatch: 16 GB/s (SO), 34 GB/s (SU), 185.532 us, 6342336 bytes | copy: 1628 GB/s, 9.249 us
   - EP:  22/32 | expanded dispatch: 15 GB/s (SO), 34 GB/s (SU), 185.467 us, 6289920 bytes | copy: 981 GB/s, 14.105 us
USDT:2026-09-09 04:02:52 491:491 SyncActivityProfilerHandler.cpp:52] profiler_startUSDT:2026-09-09 04:02:52 495:495 SyncActivityProfilerHandler.cpp:52] profiler_startUSDT:2026-09-09 04:02:52 493:493 SyncActivityProfilerHandler.cpp:52] profiler_startUSDT:2026-09-09 04:02:52 492:492 SyncActivityProfilerHandler.cpp:52] profiler_startUSDT:2026-09-09 04:02:52 494:494 SyncActivityProfilerHandler.cpp:52] profiler_startUSDT:2026-09-09 04:02:52 496:496 SyncActivityProfilerHandler.cpp:52] profiler_startUSDT:2026-09-09 04:02:52 490:490 SyncActivityProfilerHandler.cpp:52] profiler_start






USDT:2026-09-09 04:02:52 497:497 SyncActivityProfilerHandler.cpp:52] profiler_start
USDT:2026-09-09 04:02:52 491:491 SyncActivityProfilerHandler.cpp:59] profiler_stopUSDT:2026-09-09 04:02:52 496:496 SyncActivityProfilerHandler.cpp:59] profiler_stop
USDT:2026-09-09 04:02:52 492:492 SyncActivityProfilerHandler.cpp:59] profiler_stopUSDT:2026-09-09 04:02:52 494:494 SyncActivityProfilerHandler.cpp:59] profiler_stop

USDT:2026-09-09 04:02:52 495:495 SyncActivityProfilerHandler.cpp:59] profiler_stopUSDT:2026-09-09 04:02:52 493:493 SyncActivityProfilerHandler.cpp:59] profiler_stop


USDT:2026-09-09 04:02:52 490:490 SyncActivityProfilerHandler.cpp:59] profiler_stop
USDT:2026-09-09 04:02:52 497:497 SyncActivityProfilerHandler.cpp:59] profiler_stop
   # EP:  16/32 | cached dispatch: 16 GB/s (SO), 35 GB/s (SU), 183.670 us, 6342336 bytes | copy: 1437 GB/s, 8.827 us
   # EP:  17/32 | cached dispatch: 16 GB/s (SO), 34 GB/s (SU), 183.575 us, 6327360 bytes | copy: 1798 GB/s, 7.040 us
   # EP:  20/32 | cached dispatch: 16 GB/s (SO), 33 GB/s (SU), 183.623 us, 6072768 bytes | copy: 1396 GB/s, 8.698 us
   # EP:  21/32 | cached dispatch: 16 GB/s (SO), 34 GB/s (SU), 183.678 us, 6155136 bytes | copy: 1056 GB/s, 11.658 us
   # EP:  19/32 | cached dispatch: 16 GB/s (SO), 34 GB/s (SU), 183.538 us, 6289920 bytes | copy: 1130 GB/s, 11.133 us
   # EP:  18/32 | cached dispatch: 16 GB/s (SO), 32 GB/s (SU), 183.580 us, 5885568 bytes | copy: 1422 GB/s, 8.277 us
   # EP:  22/32 | cached dispatch: 16 GB/s (SO), 34 GB/s (SU), 183.404 us, 6289920 bytes | copy: 1098 GB/s, 11.455 us
   # EP:  23/32 | cached dispatch: 15 GB/s (SO), 34 GB/s (SU), 183.696 us, 6200064 bytes | copy: 977 GB/s, 12.686 us
USDT:2026-09-09 04:02:53 491:491 SyncActivityProfilerHandler.cpp:52] profiler_startUSDT:2026-09-09 04:02:53 490:490 SyncActivityProfilerHandler.cpp:52] profiler_start

USDT:2026-09-09 04:02:53 495:495 SyncActivityProfilerHandler.cpp:52] profiler_startUSDT:2026-09-09 04:02:53 494:494 SyncActivityProfilerHandler.cpp:52] profiler_startUSDT:2026-09-09 04:02:53 496:496 SyncActivityProfilerHandler.cpp:52] profiler_startUSDT:2026-09-09 04:02:53 492:492 SyncActivityProfilerHandler.cpp:52] profiler_start



USDT:2026-09-09 04:02:53 493:493 SyncActivityProfilerHandler.cpp:52] profiler_start
USDT:2026-09-09 04:02:53 497:497 SyncActivityProfilerHandler.cpp:52] profiler_start
USDT:2026-09-09 04:02:53 493:493 SyncActivityProfilerHandler.cpp:59] profiler_stopUSDT:2026-09-09 04:02:53 495:495 SyncActivityProfilerHandler.cpp:59] profiler_stopUSDT:2026-09-09 04:02:53 496:496 SyncActivityProfilerHandler.cpp:59] profiler_stop


USDT:2026-09-09 04:02:53 494:494 SyncActivityProfilerHandler.cpp:59] profiler_stopUSDT:2026-09-09 04:02:53 491:491 SyncActivityProfilerHandler.cpp:59] profiler_stop
USDT:2026-09-09 04:02:53 492:492 SyncActivityProfilerHandler.cpp:59] profiler_stop

USDT:2026-09-09 04:02:53 490:490 SyncActivityProfilerHandler.cpp:59] profiler_stop
USDT:2026-09-09 04:02:53 497:497 SyncActivityProfilerHandler.cpp:59] profiler_stop
   @ EP:  22/32 | combine: 23 GB/s (SO), 50 GB/s (SU), 239.117 us, 12069120 bytes | reduce: 975 GB/s, 7.176 us
   @ EP:  17/32 | combine: 24 GB/s (SO), 50 GB/s (SU), 242.050 us, 12140960 bytes | reduce: 990 GB/s, 7.371 us
   @ EP:  21/32 | combine: 24 GB/s (SO), 50 GB/s (SU), 237.650 us, 11810496 bytes | reduce: 946 GB/s, 7.551 us
   @ EP:  16/32 | combine: 24 GB/s (SO), 50 GB/s (SU), 242.870 us, 12169696 bytes | reduce: 1014 GB/s, 7.226 us
   @ EP:  20/32 | combine: 23 GB/s (SO), 49 GB/s (SU), 239.119 us, 11652448 bytes | reduce: 999 GB/s, 7.107 us
   @ EP:  19/32 | combine: 23 GB/s (SO), 50 GB/s (SU), 240.212 us, 12069120 bytes | reduce: 997 GB/s, 7.218 us
   @ EP:  18/32 | combine: 23 GB/s (SO), 47 GB/s (SU), 240.655 us, 11293248 bytes | reduce: 984 GB/s, 7.347 us
   @ EP:  23/32 | combine: 23 GB/s (SO), 50 GB/s (SU), 235.878 us, 11896704 bytes | reduce: 907 GB/s, 7.635 us
USDT:2026-09-09 04:02:54 495:495 SyncActivityProfilerHandler.cpp:52] profiler_startUSDT:2026-09-09 04:02:54 491:491 SyncActivityProfilerHandler.cpp:52] profiler_startUSDT:2026-09-09 04:02:54 496:496 SyncActivityProfilerHandler.cpp:52] profiler_startUSDT:2026-09-09 04:02:54 494:494 SyncActivityProfilerHandler.cpp:52] profiler_startUSDT:2026-09-09 04:02:54 492:492 SyncActivityProfilerHandler.cpp:52] profiler_start
USDT:2026-09-09 04:02:54 497:497 SyncActivityProfilerHandler.cpp:52] profiler_start




USDT:2026-09-09 04:02:54 493:493 SyncActivityProfilerHandler.cpp:52] profiler_start
USDT:2026-09-09 04:02:54 490:490 SyncActivityProfilerHandler.cpp:52] profiler_start
USDT:2026-09-09 04:02:54 495:495 SyncActivityProfilerHandler.cpp:59] profiler_stopUSDT:2026-09-09 04:02:54 493:493 SyncActivityProfilerHandler.cpp:59] profiler_stopUSDT:2026-09-09 04:02:54 491:491 SyncActivityProfilerHandler.cpp:59] profiler_stop


USDT:2026-09-09 04:02:54 492:492 SyncActivityProfilerHandler.cpp:59] profiler_stop
USDT:2026-09-09 04:02:54 496:496 SyncActivityProfilerHandler.cpp:59] profiler_stop
USDT:2026-09-09 04:02:54 490:490 SyncActivityProfilerHandler.cpp:59] profiler_stopUSDT:2026-09-09 04:02:54 494:494 SyncActivityProfilerHandler.cpp:59] profiler_stop

USDT:2026-09-09 04:02:54 497:497 SyncActivityProfilerHandler.cpp:59] profiler_stop
   + EP:  17/32 | reduced combine: 23 GB/s (SO), 50 GB/s (SU), 243.739 us, 12140960 bytes | reduce: 985 GB/s, 7.413 us
   + EP:  19/32 | reduced combine: 23 GB/s (SO), 50 GB/s (SU), 242.430 us, 12069120 bytes | reduce: 997 GB/s, 7.221 us
   + EP:  21/32 | reduced combine: 23 GB/s (SO), 49 GB/s (SU), 241.169 us, 11810496 bytes | reduce: 960 GB/s, 7.440 us
   + EP:  22/32 | reduced combine: 23 GB/s (SO), 50 GB/s (SU), 241.560 us, 12069120 bytes | reduce: 989 GB/s, 7.073 us
   + EP:  20/32 | reduced combine: 23 GB/s (SO), 48 GB/s (SU), 241.616 us, 11652448 bytes | reduce: 987 GB/s, 7.188 us
   + EP:  16/32 | reduced combine: 23 GB/s (SO), 49 GB/s (SU), 246.156 us, 12169696 bytes | reduce: 1012 GB/s, 7.244 us
   + EP:  18/32 | reduced combine: 23 GB/s (SO), 47 GB/s (SU), 242.310 us, 11293248 bytes | reduce: 981 GB/s, 7.370 us
   + EP:  23/32 | reduced combine: 23 GB/s (SO), 50 GB/s (SU), 238.130 us, 11896704 bytes | reduce: 913 GB/s, 7.587 us


