=== EP_NIC_NAME=rdmap110s0 (auto, 200 Gb/s) ===
=== GIN: NCCL_GIN_TYPE=5 NCCL_SYM_GIN_KERNELS_ENABLE=0 ===
=== PREFER_OVERLAP=0 (--prefer-overlap-with-compute) ===
=== IMAGE=deepep-v2-efa-official:sm90-stack3c737dcxbfbdd15  DeepEP=a35285f0af98856625e542df24bd17a985bc05d9 ===
=== DeepEP is a MERGE of: 3c737dcf0da5889ba7efd26e05b4808307cc38af bfbdd15ff448783f877cb2210cb3246c8452b05e ===
+ docker run --rm --init --gpus all --privileged --network=host --ipc=host --ulimit memlock=-1 --ulimit stack=67108864 --device=/dev/infiniband --device=/dev/gdrdrv -v /sys/class/infiniband:/sys/class/infiniband:ro -e MASTER_ADDR=172.31.28.159 -e MASTER_PORT=8925 -e WORLD_SIZE=4 -e RANK=3 -e NCCL_DEBUG=WARN -e EP_NIC_NAME=rdmap110s0 -e NCCL_GIN_TYPE=5 -e NCCL_SYM_GIN_KERNELS_ENABLE=0 -e EP_NUM_SUB_PARTS=1 -e PYTHONUNBUFFERED=1 -e PYTHONFAULTHANDLER=1 deepep-v2-efa-official:sm90-stack3c737dcxbfbdd15 bash -lc 'timeout -s ABRT --kill-after=60 1800     python3 -u /opt/DeepEP/tests/elastic/test_ep.py     --num-processes=8 --num-tokens=128     --hidden=7168 --num-topk=8 --num-experts=256     --num-sms=12 --allow-hybrid-mode=1     --prefer-overlap-with-compute=0 --test-first-only      '

==========
== CUDA ==
==========

CUDA Version 13.0.2

Container image Copyright (c) 2016-2023, NVIDIA CORPORATION & AFFILIATES. All rights reserved.

This container image and its contents are governed by the NVIDIA Deep Learning Container License.
By pulling and using the container, you accept the terms and conditions of this license:
https://developer.nvidia.com/ngc/nvidia-deep-learning-container-license

A copy of this license is made available in this container at /NGC-DL-CONTAINER-LICENSE for your convenience.

DeepEP hybrid kernel selection: unordered
DeepEP hybrid kernel selection: unordered
DeepEP hybrid kernel selection: unordered
DeepEP hybrid kernel selection: unordered
DeepEP hybrid kernel selection: unordered
DeepEP hybrid kernel selection: unordered
DeepEP hybrid kernel selection: unordered
DeepEP hybrid kernel selection: unordered
DeepEP hybrid kernel selection: unordered
DeepEP hybrid kernel selection: unordered
DeepEP hybrid kernel selection: unordered
DeepEP hybrid kernel selection: unordered
DeepEP hybrid kernel selection: unordered
DeepEP hybrid kernel selection: unordered
DeepEP hybrid kernel selection: unordered
DeepEP hybrid kernel selection: unordered
Config:
 > Ranks: 4 x 8
 > Experts: 8/256
 > Tokens: 104 (max: 128), hidden: 7168
 > #SM: 12, #QPs: 13/13

Running all test cases:
 > Testing with do_handle_copy=1, expert_alignment=128, use_fp8_dispatch=1, num_bias=0, with_previous_event=0, async_with_compute_stream=0, allocate_on_comm_stream=0 ...
USDT:2026-09-09 05:11:01 489:489 SyncActivityProfilerHandler.cpp:52] profiler_startUSDT:2026-09-09 05:11:01 493:493 SyncActivityProfilerHandler.cpp:52] profiler_startUSDT:2026-09-09 05:11:01 490:490 SyncActivityProfilerHandler.cpp:52] profiler_start


USDT:2026-09-09 05:11:01 491:491 SyncActivityProfilerHandler.cpp:52] profiler_start
USDT:2026-09-09 05:11:01 487:487 SyncActivityProfilerHandler.cpp:52] profiler_startUSDT:2026-09-09 05:11:01 486:486 SyncActivityProfilerHandler.cpp:52] profiler_start
USDT:2026-09-09 05:11:01 492:492 SyncActivityProfilerHandler.cpp:52] profiler_start

USDT:2026-09-09 05:11:01 488:488 SyncActivityProfilerHandler.cpp:52] profiler_start
USDT:2026-09-09 05:11:02 489:489 SyncActivityProfilerHandler.cpp:59] profiler_stopUSDT:2026-09-09 05:11:02 490:490 SyncActivityProfilerHandler.cpp:59] profiler_stop

USDT:2026-09-09 05:11:02 491:491 SyncActivityProfilerHandler.cpp:59] profiler_stopUSDT:2026-09-09 05:11:02 488:488 SyncActivityProfilerHandler.cpp:59] profiler_stop

USDT:2026-09-09 05:11:02 492:492 SyncActivityProfilerHandler.cpp:59] profiler_stopUSDT:2026-09-09 05:11:02 493:493 SyncActivityProfilerHandler.cpp:59] profiler_stop
USDT:2026-09-09 05:11:02 486:486 SyncActivityProfilerHandler.cpp:59] profiler_stop
USDT:2026-09-09 05:11:02 487:487 SyncActivityProfilerHandler.cpp:59] profiler_stop

   * EP:  27/32 | dispatch: 17 GB/s (SO), 40 GB/s (SU), 157.319 us, 6215040 bytes | copy: 1290 GB/s, 9.633 us
   * EP:  29/32 | dispatch: 17 GB/s (SO), 37 GB/s (SU), 157.201 us, 5818176 bytes | copy: 1037 GB/s, 11.225 us
   * EP:  31/32 | dispatch: 17 GB/s (SO), 38 GB/s (SU), 157.250 us, 5923008 bytes | copy: 1095 GB/s, 10.817 us
   * EP:  30/32 | dispatch: 17 GB/s (SO), 40 GB/s (SU), 157.180 us, 6342336 bytes | copy: 1197 GB/s, 10.594 us
   * EP:  28/32 | dispatch: 18 GB/s (SO), 39 GB/s (SU), 157.139 us, 6177600 bytes | copy: 1484 GB/s, 8.323 us
   * EP:  26/32 | dispatch: 17 GB/s (SO), 39 GB/s (SU), 157.325 us, 6200064 bytes | copy: 1297 GB/s, 9.561 us
   * EP:  24/32 | dispatch: 18 GB/s (SO), 41 GB/s (SU), 157.314 us, 6424704 bytes | copy: 1661 GB/s, 7.736 us
   * EP:  25/32 | dispatch: 18 GB/s (SO), 37 GB/s (SU), 157.097 us, 5863104 bytes | copy: 1731 GB/s, 6.773 us
USDT:2026-09-09 05:11:02 491:491 SyncActivityProfilerHandler.cpp:52] profiler_startUSDT:2026-09-09 05:11:02 489:489 SyncActivityProfilerHandler.cpp:52] profiler_startUSDT:2026-09-09 05:11:02 488:488 SyncActivityProfilerHandler.cpp:52] profiler_startUSDT:2026-09-09 05:11:02 486:486 SyncActivityProfilerHandler.cpp:52] profiler_startUSDT:2026-09-09 05:11:02 490:490 SyncActivityProfilerHandler.cpp:52] profiler_start
USDT:2026-09-09 05:11:02 493:493 SyncActivityProfilerHandler.cpp:52] profiler_start



USDT:2026-09-09 05:11:02 492:492 SyncActivityProfilerHandler.cpp:52] profiler_startUSDT:2026-09-09 05:11:02 487:487 SyncActivityProfilerHandler.cpp:52] profiler_start


USDT:2026-09-09 05:11:02 489:489 SyncActivityProfilerHandler.cpp:59] profiler_stopUSDT:2026-09-09 05:11:02 490:490 SyncActivityProfilerHandler.cpp:59] profiler_stopUSDT:2026-09-09 05:11:02 488:488 SyncActivityProfilerHandler.cpp:59] profiler_stop


USDT:2026-09-09 05:11:02 493:493 SyncActivityProfilerHandler.cpp:59] profiler_stop
USDT:2026-09-09 05:11:02 492:492 SyncActivityProfilerHandler.cpp:59] profiler_stopUSDT:2026-09-09 05:11:02 486:486 SyncActivityProfilerHandler.cpp:59] profiler_stopUSDT:2026-09-09 05:11:02 491:491 SyncActivityProfilerHandler.cpp:59] profiler_stop


USDT:2026-09-09 05:11:02 487:487 SyncActivityProfilerHandler.cpp:59] profiler_stop
   - EP:  27/32 | expanded dispatch: 17 GB/s (SO), 40 GB/s (SU), 156.637 us, 6215040 bytes | copy: 1511 GB/s, 10.328 us
   - EP:  29/32 | expanded dispatch: 17 GB/s (SO), 37 GB/s (SU), 156.553 us, 5818176 bytes | copy: 1001 GB/s, 13.365 us
   - EP:  31/32 | expanded dispatch: 17 GB/s (SO), 38 GB/s (SU), 156.585 us, 5923008 bytes | copy: 1104 GB/s, 12.228 us
   - EP:  26/32 | expanded dispatch: 18 GB/s (SO), 40 GB/s (SU), 156.675 us, 6200064 bytes | copy: 1310 GB/s, 11.196 us
   - EP:  25/32 | expanded dispatch: 18 GB/s (SO), 37 GB/s (SU), 156.412 us, 5863104 bytes | copy: 1843 GB/s, 7.232 us
   - EP:  28/32 | expanded dispatch: 18 GB/s (SO), 39 GB/s (SU), 156.486 us, 6177600 bytes | copy: 1314 GB/s, 10.538 us
   - EP:  30/32 | expanded dispatch: 17 GB/s (SO), 41 GB/s (SU), 156.495 us, 6342336 bytes | copy: 1384 GB/s, 10.777 us
   - EP:  24/32 | expanded dispatch: 18 GB/s (SO), 41 GB/s (SU), 156.596 us, 6424704 bytes | copy: 1588 GB/s, 8.857 us
USDT:2026-09-09 05:11:03 491:491 SyncActivityProfilerHandler.cpp:52] profiler_startUSDT:2026-09-09 05:11:03 493:493 SyncActivityProfilerHandler.cpp:52] profiler_startUSDT:2026-09-09 05:11:03 489:489 SyncActivityProfilerHandler.cpp:52] profiler_startUSDT:2026-09-09 05:11:03 492:492 SyncActivityProfilerHandler.cpp:52] profiler_startUSDT:2026-09-09 05:11:03 490:490 SyncActivityProfilerHandler.cpp:52] profiler_startUSDT:2026-09-09 05:11:03 488:488 SyncActivityProfilerHandler.cpp:52] profiler_startUSDT:2026-09-09 05:11:03 486:486 SyncActivityProfilerHandler.cpp:52] profiler_start






USDT:2026-09-09 05:11:03 487:487 SyncActivityProfilerHandler.cpp:52] profiler_start
USDT:2026-09-09 05:11:03 492:492 SyncActivityProfilerHandler.cpp:59] profiler_stopUSDT:2026-09-09 05:11:03 488:488 SyncActivityProfilerHandler.cpp:59] profiler_stop

USDT:2026-09-09 05:11:03 486:486 SyncActivityProfilerHandler.cpp:59] profiler_stopUSDT:2026-09-09 05:11:03 489:489 SyncActivityProfilerHandler.cpp:59] profiler_stopUSDT:2026-09-09 05:11:03 490:490 SyncActivityProfilerHandler.cpp:59] profiler_stop


USDT:2026-09-09 05:11:03 491:491 SyncActivityProfilerHandler.cpp:59] profiler_stopUSDT:2026-09-09 05:11:03 493:493 SyncActivityProfilerHandler.cpp:59] profiler_stop

USDT:2026-09-09 05:11:03 487:487 SyncActivityProfilerHandler.cpp:59] profiler_stop
   # EP:  29/32 | cached dispatch: 18 GB/s (SO), 39 GB/s (SU), 150.914 us, 5818176 bytes | copy: 1015 GB/s, 11.463 us
   # EP:  31/32 | cached dispatch: 18 GB/s (SO), 39 GB/s (SU), 151.005 us, 5923008 bytes | copy: 1010 GB/s, 11.732 us
   # EP:  30/32 | cached dispatch: 17 GB/s (SO), 42 GB/s (SU), 150.862 us, 6342336 bytes | copy: 1279 GB/s, 9.919 us
   # EP:  28/32 | cached dispatch: 18 GB/s (SO), 41 GB/s (SU), 150.842 us, 6177600 bytes | copy: 1487 GB/s, 8.308 us
   # EP:  24/32 | cached dispatch: 19 GB/s (SO), 43 GB/s (SU), 150.972 us, 6424704 bytes | copy: 1548 GB/s, 8.300 us
   # EP:  25/32 | cached dispatch: 18 GB/s (SO), 39 GB/s (SU), 150.835 us, 5863104 bytes | copy: 1915 GB/s, 6.122 us
   # EP:  27/32 | cached dispatch: 18 GB/s (SO), 41 GB/s (SU), 151.058 us, 6215040 bytes | copy: 1192 GB/s, 10.428 us
   # EP:  26/32 | cached dispatch: 18 GB/s (SO), 41 GB/s (SU), 151.001 us, 6200064 bytes | copy: 1386 GB/s, 8.944 us
USDT:2026-09-09 05:11:04 488:488 SyncActivityProfilerHandler.cpp:52] profiler_startUSDT:2026-09-09 05:11:04 490:490 SyncActivityProfilerHandler.cpp:52] profiler_startUSDT:2026-09-09 05:11:04 492:492 SyncActivityProfilerHandler.cpp:52] profiler_start


USDT:2026-09-09 05:11:04 491:491 SyncActivityProfilerHandler.cpp:52] profiler_startUSDT:2026-09-09 05:11:04 493:493 SyncActivityProfilerHandler.cpp:52] profiler_start

USDT:2026-09-09 05:11:04 489:489 SyncActivityProfilerHandler.cpp:52] profiler_start
USDT:2026-09-09 05:11:04 486:486 SyncActivityProfilerHandler.cpp:52] profiler_start
USDT:2026-09-09 05:11:04 487:487 SyncActivityProfilerHandler.cpp:52] profiler_start
USDT:2026-09-09 05:11:04 491:491 SyncActivityProfilerHandler.cpp:59] profiler_stopUSDT:2026-09-09 05:11:04 486:486 SyncActivityProfilerHandler.cpp:59] profiler_stopUSDT:2026-09-09 05:11:04 488:488 SyncActivityProfilerHandler.cpp:59] profiler_stopUSDT:2026-09-09 05:11:04 489:489 SyncActivityProfilerHandler.cpp:59] profiler_stop

USDT:2026-09-09 05:11:04 493:493 SyncActivityProfilerHandler.cpp:59] profiler_stopUSDT:2026-09-09 05:11:04 492:492 SyncActivityProfilerHandler.cpp:59] profiler_stop

USDT:2026-09-09 05:11:04 490:490 SyncActivityProfilerHandler.cpp:59] profiler_stop


USDT:2026-09-09 05:11:04 487:487 SyncActivityProfilerHandler.cpp:59] profiler_stop
   @ EP:  29/32 | combine: 21 GB/s (SO), 45 GB/s (SU), 246.649 us, 11163936 bytes | reduce: 893 GB/s, 7.365 us
   @ EP:  28/32 | combine: 21 GB/s (SO), 48 GB/s (SU), 247.746 us, 11853600 bytes | reduce: 972 GB/s, 6.918 us
   @ EP:  30/32 | combine: 20 GB/s (SO), 49 GB/s (SU), 246.650 us, 12169696 bytes | reduce: 859 GB/s, 7.463 us
   @ EP:  27/32 | combine: 21 GB/s (SO), 48 GB/s (SU), 249.225 us, 11925440 bytes | reduce: 964 GB/s, 6.931 us
   @ EP:  24/32 | combine: 21 GB/s (SO), 49 GB/s (SU), 252.679 us, 12327744 bytes | reduce: 942 GB/s, 7.323 us
   @ EP:  31/32 | combine: 21 GB/s (SO), 46 GB/s (SU), 246.227 us, 11365088 bytes | reduce: 948 GB/s, 6.894 us
   @ EP:  26/32 | combine: 21 GB/s (SO), 48 GB/s (SU), 250.220 us, 11896704 bytes | reduce: 993 GB/s, 6.784 us
   @ EP:  25/32 | combine: 21 GB/s (SO), 45 GB/s (SU), 251.824 us, 11250144 bytes | reduce: 972 GB/s, 7.021 us
USDT:2026-09-09 05:11:05 493:493 SyncActivityProfilerHandler.cpp:52] profiler_startUSDT:2026-09-09 05:11:05 490:490 SyncActivityProfilerHandler.cpp:52] profiler_start

USDT:2026-09-09 05:11:05 489:489 SyncActivityProfilerHandler.cpp:52] profiler_startUSDT:2026-09-09 05:11:05 492:492 SyncActivityProfilerHandler.cpp:52] profiler_startUSDT:2026-09-09 05:11:05 491:491 SyncActivityProfilerHandler.cpp:52] profiler_start


USDT:2026-09-09 05:11:05 486:486 SyncActivityProfilerHandler.cpp:52] profiler_start
USDT:2026-09-09 05:11:05 487:487 SyncActivityProfilerHandler.cpp:52] profiler_start
USDT:2026-09-09 05:11:05 488:488 SyncActivityProfilerHandler.cpp:52] profiler_start
USDT:2026-09-09 05:11:05 489:489 SyncActivityProfilerHandler.cpp:59] profiler_stopUSDT:2026-09-09 05:11:05 491:491 SyncActivityProfilerHandler.cpp:59] profiler_stopUSDT:2026-09-09 05:11:05 490:490 SyncActivityProfilerHandler.cpp:59] profiler_stop


USDT:2026-09-09 05:11:05 493:493 SyncActivityProfilerHandler.cpp:59] profiler_stopUSDT:2026-09-09 05:11:05 486:486 SyncActivityProfilerHandler.cpp:59] profiler_stop
USDT:2026-09-09 05:11:05 492:492 SyncActivityProfilerHandler.cpp:59] profiler_stop

USDT:2026-09-09 05:11:05 487:487 SyncActivityProfilerHandler.cpp:59] profiler_stop
USDT:2026-09-09 05:11:05 488:488 SyncActivityProfilerHandler.cpp:59] profiler_stop
   + EP:  27/32 | reduced combine: 21 GB/s (SO), 48 GB/s (SU), 248.027 us, 11925440 bytes | reduce: 957 GB/s, 6.979 us
   + EP:  31/32 | reduced combine: 21 GB/s (SO), 46 GB/s (SU), 244.667 us, 11365088 bytes | reduce: 959 GB/s, 6.818 us
   + EP:  29/32 | reduced combine: 21 GB/s (SO), 45 GB/s (SU), 247.448 us, 11163936 bytes | reduce: 931 GB/s, 7.069 us
   + EP:  24/32 | reduced combine: 21 GB/s (SO), 49 GB/s (SU), 252.949 us, 12327744 bytes | reduce: 952 GB/s, 7.242 us
   + EP:  25/32 | reduced combine: 21 GB/s (SO), 45 GB/s (SU), 252.647 us, 11250144 bytes | reduce: 999 GB/s, 6.835 us
   + EP:  28/32 | reduced combine: 21 GB/s (SO), 48 GB/s (SU), 247.570 us, 11853600 bytes | reduce: 979 GB/s, 6.867 us
   + EP:  30/32 | reduced combine: 20 GB/s (SO), 49 GB/s (SU), 247.225 us, 12169696 bytes | reduce: 881 GB/s, 7.276 us
   + EP:  26/32 | reduced combine: 21 GB/s (SO), 47 GB/s (SU), 250.938 us, 11896704 bytes | reduce: 1000 GB/s, 6.741 us


