=== EP_NIC_NAME=rdmap110s0 (auto, 200 Gb/s) ===
=== GIN: NCCL_GIN_TYPE=5 NCCL_SYM_GIN_KERNELS_ENABLE=0 ===
=== PREFER_OVERLAP=0 (--prefer-overlap-with-compute) ===
=== IMAGE=deepep-v2-efa-official:sm90-stack3c737dcxbfbdd15  DeepEP=a35285f0af98856625e542df24bd17a985bc05d9 ===
=== DeepEP is a MERGE of: 3c737dcf0da5889ba7efd26e05b4808307cc38af bfbdd15ff448783f877cb2210cb3246c8452b05e ===
+ docker run --rm --init --gpus all --privileged --network=host --ipc=host --ulimit memlock=-1 --ulimit stack=67108864 --device=/dev/infiniband --device=/dev/gdrdrv -v /sys/class/infiniband:/sys/class/infiniband:ro -e MASTER_ADDR=172.31.29.216 -e MASTER_PORT=8970 -e WORLD_SIZE=2 -e RANK=0 -e NCCL_DEBUG=WARN -e EP_NIC_NAME=rdmap110s0 -e NCCL_GIN_TYPE=5 -e NCCL_SYM_GIN_KERNELS_ENABLE=0 -e PYTHONUNBUFFERED=1 -e PYTHONFAULTHANDLER=1 deepep-v2-efa-official:sm90-stack3c737dcxbfbdd15 bash -lc 'timeout -s ABRT --kill-after=60 1800     python3 -u /opt/DeepEP/tests/elastic/test_ep.py     --num-processes=8 --num-tokens=8192     --hidden=7168 --num-topk=8 --num-experts=256     --num-sms=12 --allow-hybrid-mode=1     --prefer-overlap-with-compute=0 --test-first-only      '

==========
== CUDA ==
==========

CUDA Version 13.0.2

Container image Copyright (c) 2016-2023, NVIDIA CORPORATION & AFFILIATES. All rights reserved.

This container image and its contents are governed by the NVIDIA Deep Learning Container License.
By pulling and using the container, you accept the terms and conditions of this license:
https://developer.nvidia.com/ngc/nvidia-deep-learning-container-license

A copy of this license is made available in this container at /NGC-DL-CONTAINER-LICENSE for your convenience.

NCCL version 2.31.2+cuda13.3
DeepEP hybrid kernel selection: unordered
DeepEP hybrid kernel selection: unordered
DeepEP hybrid kernel selection: unordered
DeepEP hybrid kernel selection: unordered
DeepEP hybrid kernel selection: unordered
DeepEP hybrid kernel selection: unordered
DeepEP hybrid kernel selection: unordered
DeepEP hybrid kernel selection: unordered
DeepEP hybrid kernel selection: unordered
DeepEP hybrid kernel selection: unordered
DeepEP hybrid kernel selection: unordered
DeepEP hybrid kernel selection: unordered
DeepEP hybrid kernel selection: unordered
DeepEP hybrid kernel selection: unordered
DeepEP hybrid kernel selection: unordered
DeepEP hybrid kernel selection: unordered
Config:
 > Ranks: 2 x 8
 > Experts: 8/256
 > Tokens: 8192 (max: 8192), hidden: 7168
 > #SM: 12, #QPs: 13/13

Running all test cases:
 > Testing with do_handle_copy=1, expert_alignment=128, use_fp8_dispatch=1, num_bias=0, with_previous_event=0, async_with_compute_stream=0, allocate_on_comm_stream=0 ...
USDT:2026-09-09 05:42:51 490:490 SyncActivityProfilerHandler.cpp:52] profiler_startUSDT:2026-09-09 05:42:51 486:486 SyncActivityProfilerHandler.cpp:52] profiler_startUSDT:2026-09-09 05:42:51 484:484 SyncActivityProfilerHandler.cpp:52] profiler_start


USDT:2026-09-09 05:42:51 489:489 SyncActivityProfilerHandler.cpp:52] profiler_startUSDT:2026-09-09 05:42:51 485:485 SyncActivityProfilerHandler.cpp:52] profiler_start

USDT:2026-09-09 05:42:51 487:487 SyncActivityProfilerHandler.cpp:52] profiler_start
USDT:2026-09-09 05:42:51 491:491 SyncActivityProfilerHandler.cpp:52] profiler_startUSDT:2026-09-09 05:42:51 488:488 SyncActivityProfilerHandler.cpp:52] profiler_start

USDT:2026-09-09 05:42:52 485:485 SyncActivityProfilerHandler.cpp:59] profiler_stopUSDT:2026-09-09 05:42:52 491:491 SyncActivityProfilerHandler.cpp:59] profiler_stopUSDT:2026-09-09 05:42:52 490:490 SyncActivityProfilerHandler.cpp:59] profiler_stopUSDT:2026-09-09 05:42:52 489:489 SyncActivityProfilerHandler.cpp:59] profiler_stopUSDT:2026-09-09 05:42:52 484:484 SyncActivityProfilerHandler.cpp:59] profiler_stopUSDT:2026-09-09 05:42:52 486:486 SyncActivityProfilerHandler.cpp:59] profiler_stop
USDT:2026-09-09 05:42:52 487:487 SyncActivityProfilerHandler.cpp:59] profiler_stop





USDT:2026-09-09 05:42:52 488:488 SyncActivityProfilerHandler.cpp:59] profiler_stop
   * EP:   6/16 | dispatch: 81 GB/s (SO), 265 GB/s (SU), 1502.000 us, 397642752 bytes | copy: 3264 GB/s, 243.619 us
   * EP:   5/16 | dispatch: 81 GB/s (SO), 266 GB/s (SU), 1502.000 us, 399821760 bytes | copy: 3293 GB/s, 242.858 us
   * EP:   4/16 | dispatch: 81 GB/s (SO), 268 GB/s (SU), 1502.000 us, 402360192 bytes | copy: 3241 GB/s, 248.318 us
   * EP:   2/16 | dispatch: 81 GB/s (SO), 266 GB/s (SU), 1502.000 us, 399155328 bytes | copy: 3197 GB/s, 249.723 us
   * EP:   3/16 | dispatch: 81 GB/s (SO), 265 GB/s (SU), 1502.000 us, 398309184 bytes | copy: 3206 GB/s, 248.508 us
   * EP:   0/16 | dispatch: 81 GB/s (SO), 264 GB/s (SU), 1502.000 us, 395942976 bytes | copy: 3268 GB/s, 242.285 us
   * EP:   7/16 | dispatch: 81 GB/s (SO), 266 GB/s (SU), 1502.000 us, 399252672 bytes | copy: 3227 GB/s, 247.437 us
   * EP:   1/16 | dispatch: 81 GB/s (SO), 267 GB/s (SU), 1502.000 us, 400900032 bytes | copy: 3213 GB/s, 249.559 us
USDT:2026-09-09 05:42:52 490:490 SyncActivityProfilerHandler.cpp:52] profiler_startUSDT:2026-09-09 05:42:52 489:489 SyncActivityProfilerHandler.cpp:52] profiler_startUSDT:2026-09-09 05:42:52 484:484 SyncActivityProfilerHandler.cpp:52] profiler_startUSDT:2026-09-09 05:42:52 486:486 SyncActivityProfilerHandler.cpp:52] profiler_startUSDT:2026-09-09 05:42:52 487:487 SyncActivityProfilerHandler.cpp:52] profiler_startUSDT:2026-09-09 05:42:52 491:491 SyncActivityProfilerHandler.cpp:52] profiler_start

USDT:2026-09-09 05:42:52 485:485 SyncActivityProfilerHandler.cpp:52] profiler_start


USDT:2026-09-09 05:42:52 488:488 SyncActivityProfilerHandler.cpp:52] profiler_start


USDT:2026-09-09 05:42:52 491:491 SyncActivityProfilerHandler.cpp:59] profiler_stopUSDT:2026-09-09 05:42:52 484:484 SyncActivityProfilerHandler.cpp:59] profiler_stop
USDT:2026-09-09 05:42:52 486:486 SyncActivityProfilerHandler.cpp:59] profiler_stopUSDT:2026-09-09 05:42:52 489:489 SyncActivityProfilerHandler.cpp:59] profiler_stop
USDT:2026-09-09 05:42:52 487:487 SyncActivityProfilerHandler.cpp:59] profiler_stop
USDT:2026-09-09 05:42:52 490:490 SyncActivityProfilerHandler.cpp:59] profiler_stop
USDT:2026-09-09 05:42:52 485:485 SyncActivityProfilerHandler.cpp:59] profiler_stop

USDT:2026-09-09 05:42:52 488:488 SyncActivityProfilerHandler.cpp:59] profiler_stop

   - EP:   0/16 | expanded dispatch: 81 GB/s (SO), 263 GB/s (SU), 1506.000 us, 395942976 bytes | copy: 2810 GB/s, 316.256 us
   - EP:   3/16 | expanded dispatch: 81 GB/s (SO), 264 GB/s (SU), 1506.000 us, 398309184 bytes | copy: 2802 GB/s, 320.157 us
   - EP:   1/16 | expanded dispatch: 81 GB/s (SO), 266 GB/s (SU), 1506.000 us, 400900032 bytes | copy: 2790 GB/s, 322.222 us
   - EP:   2/16 | expanded dispatch: 81 GB/s (SO), 265 GB/s (SU), 1506.000 us, 399155328 bytes | copy: 2776 GB/s, 323.761 us
   - EP:   7/16 | expanded dispatch: 81 GB/s (SO), 265 GB/s (SU), 1506.000 us, 399252672 bytes | copy: 2779 GB/s, 321.783 us
   - EP:   6/16 | expanded dispatch: 81 GB/s (SO), 264 GB/s (SU), 1506.000 us, 397642752 bytes | copy: 2802 GB/s, 319.093 us
   - EP:   5/16 | expanded dispatch: 81 GB/s (SO), 265 GB/s (SU), 1506.000 us, 399821760 bytes | copy: 2857 GB/s, 315.196 us
   - EP:   4/16 | expanded dispatch: 81 GB/s (SO), 267 GB/s (SU), 1506.000 us, 402360192 bytes | copy: 2871 GB/s, 315.554 us
USDT:2026-09-09 05:42:53 484:484 SyncActivityProfilerHandler.cpp:52] profiler_startUSDT:2026-09-09 05:42:53 491:491 SyncActivityProfilerHandler.cpp:52] profiler_startUSDT:2026-09-09 05:42:53 485:485 SyncActivityProfilerHandler.cpp:52] profiler_startUSDT:2026-09-09 05:42:53 489:489 SyncActivityProfilerHandler.cpp:52] profiler_startUSDT:2026-09-09 05:42:53 487:487 SyncActivityProfilerHandler.cpp:52] profiler_startUSDT:2026-09-09 05:42:53 490:490 SyncActivityProfilerHandler.cpp:52] profiler_startUSDT:2026-09-09 05:42:53 486:486 SyncActivityProfilerHandler.cpp:52] profiler_start






USDT:2026-09-09 05:42:53 488:488 SyncActivityProfilerHandler.cpp:52] profiler_start
USDT:2026-09-09 05:42:53 490:490 SyncActivityProfilerHandler.cpp:59] profiler_stopUSDT:2026-09-09 05:42:53 487:487 SyncActivityProfilerHandler.cpp:59] profiler_stopUSDT:2026-09-09 05:42:53 486:486 SyncActivityProfilerHandler.cpp:59] profiler_stop

USDT:2026-09-09 05:42:53 484:484 SyncActivityProfilerHandler.cpp:59] profiler_stop
USDT:2026-09-09 05:42:53 491:491 SyncActivityProfilerHandler.cpp:59] profiler_stop
USDT:2026-09-09 05:42:53 489:489 SyncActivityProfilerHandler.cpp:59] profiler_stop

USDT:2026-09-09 05:42:53 485:485 SyncActivityProfilerHandler.cpp:59] profiler_stop
USDT:2026-09-09 05:42:53 488:488 SyncActivityProfilerHandler.cpp:59] profiler_stop
   # EP:   6/16 | cached dispatch: 81 GB/s (SO), 265 GB/s (SU), 1503.000 us, 397642752 bytes | copy: 3376 GB/s, 235.582 us
   # EP:   7/16 | cached dispatch: 81 GB/s (SO), 266 GB/s (SU), 1503.000 us, 399252672 bytes | copy: 3334 GB/s, 239.536 us
   # EP:   3/16 | cached dispatch: 81 GB/s (SO), 265 GB/s (SU), 1503.000 us, 398309184 bytes | copy: 3247 GB/s, 245.335 us
   # EP:   1/16 | cached dispatch: 81 GB/s (SO), 267 GB/s (SU), 1503.000 us, 400900032 bytes | copy: 3323 GB/s, 241.285 us
   # EP:   0/16 | cached dispatch: 81 GB/s (SO), 263 GB/s (SU), 1503.000 us, 395942976 bytes | copy: 3419 GB/s, 231.638 us
   # EP:   5/16 | cached dispatch: 81 GB/s (SO), 266 GB/s (SU), 1503.000 us, 399821760 bytes | copy: 3416 GB/s, 234.064 us
   # EP:   2/16 | cached dispatch: 81 GB/s (SO), 266 GB/s (SU), 1503.000 us, 399155328 bytes | copy: 3342 GB/s, 238.885 us
   # EP:   4/16 | cached dispatch: 81 GB/s (SO), 268 GB/s (SU), 1503.000 us, 402360192 bytes | copy: 3383 GB/s, 237.868 us
USDT:2026-09-09 05:42:54 487:487 SyncActivityProfilerHandler.cpp:52] profiler_startUSDT:2026-09-09 05:42:54 490:490 SyncActivityProfilerHandler.cpp:52] profiler_start

USDT:2026-09-09 05:42:54 484:484 SyncActivityProfilerHandler.cpp:52] profiler_start
USDT:2026-09-09 05:42:54 486:486 SyncActivityProfilerHandler.cpp:52] profiler_startUSDT:2026-09-09 05:42:54 491:491 SyncActivityProfilerHandler.cpp:52] profiler_startUSDT:2026-09-09 05:42:54 489:489 SyncActivityProfilerHandler.cpp:52] profiler_start


USDT:2026-09-09 05:42:54 485:485 SyncActivityProfilerHandler.cpp:52] profiler_start
USDT:2026-09-09 05:42:54 488:488 SyncActivityProfilerHandler.cpp:52] profiler_start
USDT:2026-09-09 05:42:54 490:490 SyncActivityProfilerHandler.cpp:59] profiler_stopUSDT:2026-09-09 05:42:54 487:487 SyncActivityProfilerHandler.cpp:59] profiler_stop

USDT:2026-09-09 05:42:54 485:485 SyncActivityProfilerHandler.cpp:59] profiler_stopUSDT:2026-09-09 05:42:54 484:484 SyncActivityProfilerHandler.cpp:59] profiler_stop

USDT:2026-09-09 05:42:54 486:486 SyncActivityProfilerHandler.cpp:59] profiler_stopUSDT:2026-09-09 05:42:54 491:491 SyncActivityProfilerHandler.cpp:59] profiler_stopUSDT:2026-09-09 05:42:54 489:489 SyncActivityProfilerHandler.cpp:59] profiler_stop


USDT:2026-09-09 05:42:54 488:488 SyncActivityProfilerHandler.cpp:59] profiler_stop
   @ EP:   3/16 | combine: 77 GB/s (SO), 252 GB/s (SU), 3038.000 us, 764277024 bytes | reduce: 3715 GB/s, 94.813 us
   @ EP:   0/16 | combine: 77 GB/s (SO), 248 GB/s (SU), 3064.000 us, 759736736 bytes | reduce: 3711 GB/s, 94.965 us
   @ EP:   6/16 | combine: 77 GB/s (SO), 249 GB/s (SU), 3065.000 us, 762998272 bytes | reduce: 3713 GB/s, 94.856 us
   @ EP:   1/16 | combine: 76 GB/s (SO), 248 GB/s (SU), 3097.000 us, 769248352 bytes | reduce: 3718 GB/s, 94.750 us
   @ EP:   7/16 | combine: 76 GB/s (SO), 248 GB/s (SU), 3085.000 us, 766087392 bytes | reduce: 3723 GB/s, 94.572 us
   @ EP:   2/16 | combine: 76 GB/s (SO), 248 GB/s (SU), 3086.000 us, 765900608 bytes | reduce: 3718 GB/s, 94.732 us
   @ EP:   5/16 | combine: 76 GB/s (SO), 247 GB/s (SU), 3104.000 us, 767179360 bytes | reduce: 3717 GB/s, 94.733 us
   @ EP:   4/16 | combine: 73 GB/s (SO), 242 GB/s (SU), 3192.000 us, 772050112 bytes | reduce: 3720 GB/s, 94.677 us
USDT:2026-09-09 05:42:55 486:486 SyncActivityProfilerHandler.cpp:52] profiler_startUSDT:2026-09-09 05:42:55 490:490 SyncActivityProfilerHandler.cpp:52] profiler_start

USDT:2026-09-09 05:42:55 488:488 SyncActivityProfilerHandler.cpp:52] profiler_start
USDT:2026-09-09 05:42:55 484:484 SyncActivityProfilerHandler.cpp:52] profiler_start
USDT:2026-09-09 05:42:55 489:489 SyncActivityProfilerHandler.cpp:52] profiler_start
USDT:2026-09-09 05:42:55 487:487 SyncActivityProfilerHandler.cpp:52] profiler_start
USDT:2026-09-09 05:42:55 485:485 SyncActivityProfilerHandler.cpp:52] profiler_start
USDT:2026-09-09 05:42:55 491:491 SyncActivityProfilerHandler.cpp:52] profiler_start
USDT:2026-09-09 05:42:55 486:486 SyncActivityProfilerHandler.cpp:59] profiler_stop
USDT:2026-09-09 05:42:55 490:490 SyncActivityProfilerHandler.cpp:59] profiler_stop
USDT:2026-09-09 05:42:55 487:487 SyncActivityProfilerHandler.cpp:59] profiler_stop
USDT:2026-09-09 05:42:55 484:484 SyncActivityProfilerHandler.cpp:59] profiler_stop
USDT:2026-09-09 05:42:55 488:488 SyncActivityProfilerHandler.cpp:59] profiler_stop
USDT:2026-09-09 05:42:55 489:489 SyncActivityProfilerHandler.cpp:59] profiler_stop
USDT:2026-09-09 05:42:55 485:485 SyncActivityProfilerHandler.cpp:59] profiler_stop
USDT:2026-09-09 05:42:55 491:491 SyncActivityProfilerHandler.cpp:59] profiler_stop
   + EP:   1/16 | reduced combine: 64 GB/s (SO), 210 GB/s (SU), 3670.000 us, 769248352 bytes | reduce: 3724 GB/s, 94.607 us
   + EP:   5/16 | reduced combine: 65 GB/s (SO), 211 GB/s (SU), 3630.000 us, 767179360 bytes | reduce: 3718 GB/s, 94.709 us
   + EP:   3/16 | reduced combine: 66 GB/s (SO), 214 GB/s (SU), 3577.000 us, 764277024 bytes | reduce: 3717 GB/s, 94.764 us
   + EP:   7/16 | reduced combine: 63 GB/s (SO), 207 GB/s (SU), 3694.000 us, 766087392 bytes | reduce: 3726 GB/s, 94.507 us
   + EP:   6/16 | reduced combine: 65 GB/s (SO), 212 GB/s (SU), 3593.000 us, 762998272 bytes | reduce: 3714 GB/s, 94.829 us
   + EP:   4/16 | reduced combine: 65 GB/s (SO), 216 GB/s (SU), 3581.000 us, 772050112 bytes | reduce: 3722 GB/s, 94.609 us
   + EP:   0/16 | reduced combine: 65 GB/s (SO), 211 GB/s (SU), 3606.000 us, 759736736 bytes | reduce: 3712 GB/s, 94.950 us
   + EP:   2/16 | reduced combine: 66 GB/s (SO), 215 GB/s (SU), 3565.000 us, 765900608 bytes | reduce: 3712 GB/s, 94.891 us


