DeepEP hybrid kernel selection: unordered
DeepEP hybrid kernel selection: unordered
DeepEP hybrid kernel selection: unordered
DeepEP hybrid kernel selection: unordered
DeepEP hybrid kernel selection: unordered
DeepEP hybrid kernel selection: unordered
DeepEP hybrid kernel selection: unordered
DeepEP hybrid kernel selection: unordered
DeepEP hybrid kernel selection: unordered
DeepEP hybrid kernel selection: unordered
DeepEP hybrid kernel selection: unordered
DeepEP hybrid kernel selection: unordered
DeepEP hybrid kernel selection: unordered
DeepEP hybrid kernel selection: unordered
DeepEP hybrid kernel selection: unordered
DeepEP hybrid kernel selection: unordered
Config:
 > Ranks: 2 x 8
 > Experts: 8/256
 > Tokens: 120 (max: 128), hidden: 7168
 > #SM: 12, #QPs: 11/11

Running all test cases:
 > Testing with do_handle_copy=1, expert_alignment=128, use_fp8_dispatch=1, num_bias=0, with_previous_event=0, async_with_compute_stream=0, allocate_on_comm_stream=0 ...
USDT:2026-10-10 09:07:35 62981:62981 SyncActivityProfilerHandler.cpp:52] profiler_startUSDT:2026-10-10 09:07:35 62983:62983 SyncActivityProfilerHandler.cpp:52] profiler_startUSDT:2026-10-10 09:07:35 62976:62976 SyncActivityProfilerHandler.cpp:52] profiler_startUSDT:2026-10-10 09:07:35 62978:62978 SyncActivityProfilerHandler.cpp:52] profiler_startUSDT:2026-10-10 09:07:35 62977:62977 SyncActivityProfilerHandler.cpp:52] profiler_startUSDT:2026-10-10 09:07:35 62979:62979 SyncActivityProfilerHandler.cpp:52] profiler_start



USDT:2026-10-10 09:07:35 62980:62980 SyncActivityProfilerHandler.cpp:52] profiler_start


USDT:2026-10-10 09:07:35 62982:62982 SyncActivityProfilerHandler.cpp:52] profiler_start
USDT:2026-10-10 09:07:35 62978:62978 SyncActivityProfilerHandler.cpp:59] profiler_stopUSDT:2026-10-10 09:07:35 62976:62976 SyncActivityProfilerHandler.cpp:59] profiler_stopUSDT:2026-10-10 09:07:35 62980:62980 SyncActivityProfilerHandler.cpp:59] profiler_stopUSDT:2026-10-10 09:07:35 62977:62977 SyncActivityProfilerHandler.cpp:59] profiler_stopUSDT:2026-10-10 09:07:35 62983:62983 SyncActivityProfilerHandler.cpp:59] profiler_stop
USDT:2026-10-10 09:07:35 62982:62982 SyncActivityProfilerHandler.cpp:59] profiler_stop
USDT:2026-10-10 09:07:35 62981:62981 SyncActivityProfilerHandler.cpp:59] profiler_stop

USDT:2026-10-10 09:07:35 62979:62979 SyncActivityProfilerHandler.cpp:59] profiler_stop



   * EP:   8/16 | dispatch: 14 GB/s (SO), 46 GB/s (SU), 127.010 us, 5833152 bytes | copy: 1038 GB/s, 11.239 us
   * EP:  10/16 | dispatch: 14 GB/s (SO), 49 GB/s (SU), 128.725 us, 6312384 bytes | copy: 969 GB/s, 13.022 us
   * EP:   9/16 | dispatch: 14 GB/s (SO), 45 GB/s (SU), 128.710 us, 5773248 bytes | copy: 842 GB/s, 13.718 us
   * EP:  15/16 | dispatch: 13 GB/s (SO), 47 GB/s (SU), 127.488 us, 6005376 bytes | copy: 1057 GB/s, 11.359 us   * EP:  14/16 | dispatch: 13 GB/s (SO), 48 GB/s (SU), 128.165 us, 6162624 bytes | copy: 990 GB/s, 12.452 us

   * EP:  13/16 | dispatch: 13 GB/s (SO), 44 GB/s (SU), 128.912 us, 5728320 bytes | copy: 752 GB/s, 15.243 us
   * EP:  11/16 | dispatch: 14 GB/s (SO), 44 GB/s (SU), 128.884 us, 5698368 bytes | copy: 753 GB/s, 15.143 us
   * EP:  12/16 | dispatch: 14 GB/s (SO), 48 GB/s (SU), 126.456 us, 6117696 bytes | copy: 1200 GB/s, 10.193 us
USDT:2026-10-10 09:07:35 62980:62980 SyncActivityProfilerHandler.cpp:52] profiler_startUSDT:2026-10-10 09:07:35 62977:62977 SyncActivityProfilerHandler.cpp:52] profiler_startUSDT:2026-10-10 09:07:35 62976:62976 SyncActivityProfilerHandler.cpp:52] profiler_startUSDT:2026-10-10 09:07:35 62978:62978 SyncActivityProfilerHandler.cpp:52] profiler_startUSDT:2026-10-10 09:07:35 62983:62983 SyncActivityProfilerHandler.cpp:52] profiler_startUSDT:2026-10-10 09:07:35 62981:62981 SyncActivityProfilerHandler.cpp:52] profiler_startUSDT:2026-10-10 09:07:35 62982:62982 SyncActivityProfilerHandler.cpp:52] profiler_start
USDT:2026-10-10 09:07:35 62979:62979 SyncActivityProfilerHandler.cpp:52] profiler_start






USDT:2026-10-10 09:07:36 62983:62983 SyncActivityProfilerHandler.cpp:59] profiler_stopUSDT:2026-10-10 09:07:36 62980:62980 SyncActivityProfilerHandler.cpp:59] profiler_stopUSDT:2026-10-10 09:07:36 62976:62976 SyncActivityProfilerHandler.cpp:59] profiler_stop
USDT:2026-10-10 09:07:36 62978:62978 SyncActivityProfilerHandler.cpp:59] profiler_stopUSDT:2026-10-10 09:07:36 62982:62982 SyncActivityProfilerHandler.cpp:59] profiler_stopUSDT:2026-10-10 09:07:36 62981:62981 SyncActivityProfilerHandler.cpp:59] profiler_stopUSDT:2026-10-10 09:07:36 62979:62979 SyncActivityProfilerHandler.cpp:59] profiler_stop





USDT:2026-10-10 09:07:36 62977:62977 SyncActivityProfilerHandler.cpp:59] profiler_stop
   - EP:   8/16 | expanded dispatch: 14 GB/s (SO), 46 GB/s (SU), 127.680 us, 5833152 bytes | copy: 1610 GB/s, 12.878 us
   - EP:  10/16 | expanded dispatch: 14 GB/s (SO), 49 GB/s (SU), 129.330 us, 6312384 bytes | copy: 1374 GB/s, 15.425 us
   - EP:  12/16 | expanded dispatch: 14 GB/s (SO), 48 GB/s (SU), 126.794 us, 6117696 bytes | copy: 2206 GB/s, 9.494 us
   - EP:  14/16 | expanded dispatch: 13 GB/s (SO), 48 GB/s (SU), 128.863 us, 6162624 bytes | copy: 1410 GB/s, 14.904 us
   - EP:   9/16 | expanded dispatch: 14 GB/s (SO), 45 GB/s (SU), 129.410 us, 5773248 bytes | copy: 1295 GB/s, 15.964 us
   - EP:  13/16 | expanded dispatch: 13 GB/s (SO), 44 GB/s (SU), 129.404 us, 5728320 bytes | copy: 1219 GB/s, 16.966 us
   - EP:  11/16 | expanded dispatch: 13 GB/s (SO), 44 GB/s (SU), 129.644 us, 5698368 bytes | copy: 1009 GB/s, 20.348 us
   - EP:  15/16 | expanded dispatch: 13 GB/s (SO), 47 GB/s (SU), 127.938 us, 6005376 bytes | copy: 1556 GB/s, 13.459 us
USDT:2026-10-10 09:07:36 62976:62976 SyncActivityProfilerHandler.cpp:52] profiler_startUSDT:2026-10-10 09:07:36 62980:62980 SyncActivityProfilerHandler.cpp:52] profiler_startUSDT:2026-10-10 09:07:36 62983:62983 SyncActivityProfilerHandler.cpp:52] profiler_startUSDT:2026-10-10 09:07:36 62979:62979 SyncActivityProfilerHandler.cpp:52] profiler_start
USDT:2026-10-10 09:07:36 62978:62978 SyncActivityProfilerHandler.cpp:52] profiler_startUSDT:2026-10-10 09:07:36 62982:62982 SyncActivityProfilerHandler.cpp:52] profiler_startUSDT:2026-10-10 09:07:36 62977:62977 SyncActivityProfilerHandler.cpp:52] profiler_start

USDT:2026-10-10 09:07:36 62981:62981 SyncActivityProfilerHandler.cpp:52] profiler_start




USDT:2026-10-10 09:07:36 62976:62976 SyncActivityProfilerHandler.cpp:59] profiler_stopUSDT:2026-10-10 09:07:36 62983:62983 SyncActivityProfilerHandler.cpp:59] profiler_stopUSDT:2026-10-10 09:07:36 62981:62981 SyncActivityProfilerHandler.cpp:59] profiler_stopUSDT:2026-10-10 09:07:36 62982:62982 SyncActivityProfilerHandler.cpp:59] profiler_stopUSDT:2026-10-10 09:07:36 62977:62977 SyncActivityProfilerHandler.cpp:59] profiler_stopUSDT:2026-10-10 09:07:36 62978:62978 SyncActivityProfilerHandler.cpp:59] profiler_stopUSDT:2026-10-10 09:07:36 62979:62979 SyncActivityProfilerHandler.cpp:59] profiler_stop






USDT:2026-10-10 09:07:36 62980:62980 SyncActivityProfilerHandler.cpp:59] profiler_stop
   # EP:   8/16 | cached dispatch: 15 GB/s (SO), 48 GB/s (SU), 120.694 us, 5833152 bytes | copy: 1156 GB/s, 10.088 us
   # EP:  15/16 | cached dispatch: 14 GB/s (SO), 49 GB/s (SU), 121.772 us, 6005376 bytes | copy: 999 GB/s, 12.019 us
   # EP:  13/16 | cached dispatch: 14 GB/s (SO), 47 GB/s (SU), 122.960 us, 5728320 bytes | copy: 762 GB/s, 15.026 us
   # EP:  14/16 | cached dispatch: 14 GB/s (SO), 50 GB/s (SU), 122.376 us, 6162624 bytes | copy: 1006 GB/s, 12.254 us
   # EP:   9/16 | cached dispatch: 14 GB/s (SO), 47 GB/s (SU), 122.787 us, 5773248 bytes | copy: 941 GB/s, 12.275 us
   # EP:  10/16 | cached dispatch: 14 GB/s (SO), 51 GB/s (SU), 122.795 us, 6312384 bytes | copy: 1129 GB/s, 11.178 us
   # EP:  12/16 | cached dispatch: 14 GB/s (SO), 51 GB/s (SU), 120.493 us, 6117696 bytes | copy: 1072 GB/s, 11.417 us
   # EP:  11/16 | cached dispatch: 14 GB/s (SO), 46 GB/s (SU), 122.929 us, 5698368 bytes | copy: 519 GB/s, 21.955 us
USDT:2026-10-10 09:07:37 62979:62979 SyncActivityProfilerHandler.cpp:52] profiler_startUSDT:2026-10-10 09:07:37 62981:62981 SyncActivityProfilerHandler.cpp:52] profiler_startUSDT:2026-10-10 09:07:37 62976:62976 SyncActivityProfilerHandler.cpp:52] profiler_startUSDT:2026-10-10 09:07:37 62977:62977 SyncActivityProfilerHandler.cpp:52] profiler_startUSDT:2026-10-10 09:07:37 62980:62980 SyncActivityProfilerHandler.cpp:52] profiler_startUSDT:2026-10-10 09:07:37 62983:62983 SyncActivityProfilerHandler.cpp:52] profiler_start
USDT:2026-10-10 09:07:37 62982:62982 SyncActivityProfilerHandler.cpp:52] profiler_start
USDT:2026-10-10 09:07:37 62978:62978 SyncActivityProfilerHandler.cpp:52] profiler_start





USDT:2026-10-10 09:07:37 62979:62979 SyncActivityProfilerHandler.cpp:59] profiler_stopUSDT:2026-10-10 09:07:37 62977:62977 SyncActivityProfilerHandler.cpp:59] profiler_stopUSDT:2026-10-10 09:07:37 62980:62980 SyncActivityProfilerHandler.cpp:59] profiler_stop
USDT:2026-10-10 09:07:37 62983:62983 SyncActivityProfilerHandler.cpp:59] profiler_stopUSDT:2026-10-10 09:07:37 62976:62976 SyncActivityProfilerHandler.cpp:59] profiler_stop
USDT:2026-10-10 09:07:37 62981:62981 SyncActivityProfilerHandler.cpp:59] profiler_stopUSDT:2026-10-10 09:07:37 62978:62978 SyncActivityProfilerHandler.cpp:59] profiler_stop


USDT:2026-10-10 09:07:37 62982:62982 SyncActivityProfilerHandler.cpp:59] profiler_stop


   @ EP:  12/16 | combine: 19 GB/s (SO), 66 GB/s (SU), 176.714 us, 11738656 bytes | reduce: 818 GB/s, 6.093 us
   @ EP:   8/16 | combine: 19 GB/s (SO), 63 GB/s (SU), 178.418 us, 11192672 bytes | reduce: 865 GB/s, 5.965 us
   @ EP:  11/16 | combine: 20 GB/s (SO), 67 GB/s (SU), 164.241 us, 10934048 bytes | reduce: 828 GB/s, 6.074 us
   @ EP:   9/16 | combine: 20 GB/s (SO), 64 GB/s (SU), 172.596 us, 11077728 bytes | reduce: 833 GB/s, 6.139 us
   @ EP:  14/16 | combine: 19 GB/s (SO), 69 GB/s (SU), 171.876 us, 11824864 bytes | reduce: 834 GB/s, 5.889 us
   @ EP:  15/16 | combine: 19 GB/s (SO), 67 GB/s (SU), 171.868 us, 11523136 bytes | reduce: 806 GB/s, 6.029 us
   @ EP:  10/16 | combine: 19 GB/s (SO), 69 GB/s (SU), 175.238 us, 12112224 bytes | reduce: 840 GB/s, 6.035 us
   @ EP:  13/16 | combine: 19 GB/s (SO), 63 GB/s (SU), 173.468 us, 10991520 bytes | reduce: 817 GB/s, 6.067 us
USDT:2026-10-10 09:07:38 62977:62977 SyncActivityProfilerHandler.cpp:52] profiler_startUSDT:2026-10-10 09:07:38 62980:62980 SyncActivityProfilerHandler.cpp:52] profiler_startUSDT:2026-10-10 09:07:38 62983:62983 SyncActivityProfilerHandler.cpp:52] profiler_startUSDT:2026-10-10 09:07:38 62981:62981 SyncActivityProfilerHandler.cpp:52] profiler_startUSDT:2026-10-10 09:07:38 62978:62978 SyncActivityProfilerHandler.cpp:52] profiler_startUSDT:2026-10-10 09:07:38 62979:62979 SyncActivityProfilerHandler.cpp:52] profiler_start
USDT:2026-10-10 09:07:38 62982:62982 SyncActivityProfilerHandler.cpp:52] profiler_start





USDT:2026-10-10 09:07:38 62976:62976 SyncActivityProfilerHandler.cpp:52] profiler_start
USDT:2026-10-10 09:07:38 62977:62977 SyncActivityProfilerHandler.cpp:59] profiler_stopUSDT:2026-10-10 09:07:38 62981:62981 SyncActivityProfilerHandler.cpp:59] profiler_stopUSDT:2026-10-10 09:07:38 62983:62983 SyncActivityProfilerHandler.cpp:59] profiler_stop
USDT:2026-10-10 09:07:38 62980:62980 SyncActivityProfilerHandler.cpp:59] profiler_stopUSDT:2026-10-10 09:07:38 62976:62976 SyncActivityProfilerHandler.cpp:59] profiler_stop
USDT:2026-10-10 09:07:38 62978:62978 SyncActivityProfilerHandler.cpp:59] profiler_stop


USDT:2026-10-10 09:07:38 62982:62982 SyncActivityProfilerHandler.cpp:59] profiler_stop

USDT:2026-10-10 09:07:38 62979:62979 SyncActivityProfilerHandler.cpp:59] profiler_stop
   + EP:   9/16 | reduced combine: 18 GB/s (SO), 58 GB/s (SU), 190.618 us, 11077728 bytes | reduce: 856 GB/s, 5.976 us
   + EP:  12/16 | reduced combine: 17 GB/s (SO), 60 GB/s (SU), 196.400 us, 11738656 bytes | reduce: 850 GB/s, 5.865 us
   + EP:  10/16 | reduced combine: 17 GB/s (SO), 62 GB/s (SU), 194.822 us, 12112224 bytes | reduce: 851 GB/s, 5.962 us
   + EP:  15/16 | reduced combine: 17 GB/s (SO), 60 GB/s (SU), 191.014 us, 11523136 bytes | reduce: 792 GB/s, 6.130 us
   + EP:  14/16 | reduced combine: 17 GB/s (SO), 62 GB/s (SU), 190.606 us, 11824864 bytes | reduce: 831 GB/s, 5.913 us
   + EP:  13/16 | reduced combine: 17 GB/s (SO), 58 GB/s (SU), 189.384 us, 10991520 bytes | reduce: 852 GB/s, 5.821 us
   + EP:  11/16 | reduced combine: 18 GB/s (SO), 59 GB/s (SU), 186.507 us, 10934048 bytes | reduce: 834 GB/s, 6.030 us
   + EP:   8/16 | reduced combine: 18 GB/s (SO), 57 GB/s (SU), 195.387 us, 11192672 bytes | reduce: 858 GB/s, 6.010 us


