NCCL version 2.32.3+cuda13.4
DeepEP hybrid kernel selection: unordered
DeepEP hybrid kernel selection: unordered
DeepEP hybrid kernel selection: unordered
DeepEP hybrid kernel selection: unordered
DeepEP hybrid kernel selection: unordered
DeepEP hybrid kernel selection: unordered
DeepEP hybrid kernel selection: unordered
DeepEP hybrid kernel selection: unordered
DeepEP hybrid kernel selection: unordered
DeepEP hybrid kernel selection: unordered
DeepEP hybrid kernel selection: unordered
DeepEP hybrid kernel selection: unordered
DeepEP hybrid kernel selection: unordered
DeepEP hybrid kernel selection: unordered
DeepEP hybrid kernel selection: unordered
DeepEP hybrid kernel selection: unordered
Config:
 > Ranks: 2 x 8
 > Experts: 8/256
 > Tokens: 128 (max: 128), hidden: 7168
 > #SM: 12, #QPs: 11/11

Running all test cases:
 > Testing with do_handle_copy=1, expert_alignment=128, use_fp8_dispatch=1, num_bias=0, with_previous_event=0, async_with_compute_stream=0, allocate_on_comm_stream=0 ...
USDT:2026-10-10 09:09:02 73062:73062 SyncActivityProfilerHandler.cpp:52] profiler_startUSDT:2026-10-10 09:09:02 73059:73059 SyncActivityProfilerHandler.cpp:52] profiler_startUSDT:2026-10-10 09:09:02 73061:73061 SyncActivityProfilerHandler.cpp:52] profiler_startUSDT:2026-10-10 09:09:02 73058:73058 SyncActivityProfilerHandler.cpp:52] profiler_startUSDT:2026-10-10 09:09:02 73064:73064 SyncActivityProfilerHandler.cpp:52] profiler_startUSDT:2026-10-10 09:09:02 73065:73065 SyncActivityProfilerHandler.cpp:52] profiler_start


USDT:2026-10-10 09:09:02 73060:73060 SyncActivityProfilerHandler.cpp:52] profiler_start


USDT:2026-10-10 09:09:02 73063:73063 SyncActivityProfilerHandler.cpp:52] profiler_start

USDT:2026-10-10 09:09:02 73058:73058 SyncActivityProfilerHandler.cpp:59] profiler_stopUSDT:2026-10-10 09:09:02 73062:73062 SyncActivityProfilerHandler.cpp:59] profiler_stopUSDT:2026-10-10 09:09:02 73064:73064 SyncActivityProfilerHandler.cpp:59] profiler_stop
USDT:2026-10-10 09:09:02 73065:73065 SyncActivityProfilerHandler.cpp:59] profiler_stopUSDT:2026-10-10 09:09:02 73061:73061 SyncActivityProfilerHandler.cpp:59] profiler_stop



USDT:2026-10-10 09:09:02 73060:73060 SyncActivityProfilerHandler.cpp:59] profiler_stop
USDT:2026-10-10 09:09:02 73063:73063 SyncActivityProfilerHandler.cpp:59] profiler_stop
USDT:2026-10-10 09:09:02 73059:73059 SyncActivityProfilerHandler.cpp:59] profiler_stop
   * EP:   5/16 | dispatch: 14 GB/s (SO), 44 GB/s (SU), 129.930 us, 5705856 bytes | copy: 1023 GB/s, 11.159 us
   * EP:   6/16 | dispatch: 14 GB/s (SO), 46 GB/s (SU), 129.912 us, 5937984 bytes | copy: 1240 GB/s, 9.580 us   * EP:   4/16 | dispatch: 14 GB/s (SO), 43 GB/s (SU), 129.529 us, 5623488 bytes | copy: 947 GB/s, 11.874 us

   * EP:   1/16 | dispatch: 15 GB/s (SO), 44 GB/s (SU), 130.055 us, 5720832 bytes | copy: 961 GB/s, 11.908 us
   * EP:   7/16 | dispatch: 14 GB/s (SO), 46 GB/s (SU), 129.415 us, 5937984 bytes | copy: 1313 GB/s, 9.044 us
   * EP:   3/16 | dispatch: 15 GB/s (SO), 46 GB/s (SU), 127.923 us, 5855616 bytes | copy: 1447 GB/s, 8.091 us
   * EP:   2/16 | dispatch: 15 GB/s (SO), 45 GB/s (SU), 129.175 us, 5840640 bytes | copy: 1358 GB/s, 8.604 us
   * EP:   0/16 | dispatch: 15 GB/s (SO), 45 GB/s (SU), 127.620 us, 5750784 bytes | copy: 1201 GB/s, 9.576 us
USDT:2026-10-10 09:09:03 73058:73058 SyncActivityProfilerHandler.cpp:52] profiler_startUSDT:2026-10-10 09:09:03 73064:73064 SyncActivityProfilerHandler.cpp:52] profiler_startUSDT:2026-10-10 09:09:03 73065:73065 SyncActivityProfilerHandler.cpp:52] profiler_startUSDT:2026-10-10 09:09:03 73060:73060 SyncActivityProfilerHandler.cpp:52] profiler_startUSDT:2026-10-10 09:09:03 73062:73062 SyncActivityProfilerHandler.cpp:52] profiler_startUSDT:2026-10-10 09:09:03 73063:73063 SyncActivityProfilerHandler.cpp:52] profiler_startUSDT:2026-10-10 09:09:03 73059:73059 SyncActivityProfilerHandler.cpp:52] profiler_start



USDT:2026-10-10 09:09:03 73061:73061 SyncActivityProfilerHandler.cpp:52] profiler_start



USDT:2026-10-10 09:09:03 73065:73065 SyncActivityProfilerHandler.cpp:59] profiler_stopUSDT:2026-10-10 09:09:03 73058:73058 SyncActivityProfilerHandler.cpp:59] profiler_stopUSDT:2026-10-10 09:09:03 73060:73060 SyncActivityProfilerHandler.cpp:59] profiler_stop
USDT:2026-10-10 09:09:03 73059:73059 SyncActivityProfilerHandler.cpp:59] profiler_stopUSDT:2026-10-10 09:09:03 73063:73063 SyncActivityProfilerHandler.cpp:59] profiler_stopUSDT:2026-10-10 09:09:03 73062:73062 SyncActivityProfilerHandler.cpp:59] profiler_stop
USDT:2026-10-10 09:09:03 73064:73064 SyncActivityProfilerHandler.cpp:59] profiler_stop




USDT:2026-10-10 09:09:03 73061:73061 SyncActivityProfilerHandler.cpp:59] profiler_stop
   - EP:   5/16 | expanded dispatch: 14 GB/s (SO), 44 GB/s (SU), 130.267 us, 5705856 bytes | copy: 1381 GB/s, 14.870 us
   - EP:   7/16 | expanded dispatch: 14 GB/s (SO), 46 GB/s (SU), 129.721 us, 5937984 bytes | copy: 1702 GB/s, 12.170 us
   - EP:   2/16 | expanded dispatch: 15 GB/s (SO), 45 GB/s (SU), 129.371 us, 5840640 bytes | copy: 1754 GB/s, 11.803 us
   - EP:   0/16 | expanded dispatch: 15 GB/s (SO), 45 GB/s (SU), 127.332 us, 5750784 bytes | copy: 1586 GB/s, 12.980 us
   - EP:   4/16 | expanded dispatch: 14 GB/s (SO), 43 GB/s (SU), 129.792 us, 5623488 bytes | copy: 1216 GB/s, 16.811 us
   - EP:   6/16 | expanded dispatch: 14 GB/s (SO), 45 GB/s (SU), 130.661 us, 5937984 bytes | copy: 1484 GB/s, 14.036 us
   - EP:   3/16 | expanded dispatch: 15 GB/s (SO), 46 GB/s (SU), 128.113 us, 5855616 bytes | copy: 1723 GB/s, 11.998 us
   - EP:   1/16 | expanded dispatch: 15 GB/s (SO), 44 GB/s (SU), 130.281 us, 5720832 bytes | copy: 1320 GB/s, 15.549 us
USDT:2026-10-10 09:09:04 73065:73065 SyncActivityProfilerHandler.cpp:52] profiler_startUSDT:2026-10-10 09:09:04 73058:73058 SyncActivityProfilerHandler.cpp:52] profiler_startUSDT:2026-10-10 09:09:04 73060:73060 SyncActivityProfilerHandler.cpp:52] profiler_startUSDT:2026-10-10 09:09:04 73064:73064 SyncActivityProfilerHandler.cpp:52] profiler_startUSDT:2026-10-10 09:09:04 73063:73063 SyncActivityProfilerHandler.cpp:52] profiler_startUSDT:2026-10-10 09:09:04 73059:73059 SyncActivityProfilerHandler.cpp:52] profiler_startUSDT:2026-10-10 09:09:04 73062:73062 SyncActivityProfilerHandler.cpp:52] profiler_start






USDT:2026-10-10 09:09:04 73061:73061 SyncActivityProfilerHandler.cpp:52] profiler_start
USDT:2026-10-10 09:09:04 73058:73058 SyncActivityProfilerHandler.cpp:59] profiler_stopUSDT:2026-10-10 09:09:04 73060:73060 SyncActivityProfilerHandler.cpp:59] profiler_stopUSDT:2026-10-10 09:09:04 73064:73064 SyncActivityProfilerHandler.cpp:59] profiler_stop
USDT:2026-10-10 09:09:04 73063:73063 SyncActivityProfilerHandler.cpp:59] profiler_stopUSDT:2026-10-10 09:09:04 73065:73065 SyncActivityProfilerHandler.cpp:59] profiler_stop



USDT:2026-10-10 09:09:04 73062:73062 SyncActivityProfilerHandler.cpp:59] profiler_stop
USDT:2026-10-10 09:09:04 73059:73059 SyncActivityProfilerHandler.cpp:59] profiler_stop
USDT:2026-10-10 09:09:04 73061:73061 SyncActivityProfilerHandler.cpp:59] profiler_stop
   # EP:   5/16 | cached dispatch: 15 GB/s (SO), 46 GB/s (SU), 124.533 us, 5705856 bytes | copy: 799 GB/s, 14.290 us
   # EP:   2/16 | cached dispatch: 15 GB/s (SO), 47 GB/s (SU), 123.362 us, 5840640 bytes | copy: 1106 GB/s, 10.558 us   # EP:   6/16 | cached dispatch: 14 GB/s (SO), 48 GB/s (SU), 124.769 us, 5937984 bytes | copy: 854 GB/s, 13.899 us

   # EP:   4/16 | cached dispatch: 15 GB/s (SO), 45 GB/s (SU), 124.156 us, 5623488 bytes | copy: 661 GB/s, 17.019 us   # EP:   7/16 | cached dispatch: 15 GB/s (SO), 48 GB/s (SU), 124.229 us, 5937984 bytes | copy: 931 GB/s, 12.754 us

   # EP:   0/16 | cached dispatch: 16 GB/s (SO), 47 GB/s (SU), 122.686 us, 5750784 bytes | copy: 702 GB/s, 16.394 us
   # EP:   1/16 | cached dispatch: 15 GB/s (SO), 46 GB/s (SU), 124.505 us, 5720832 bytes | copy: 859 GB/s, 13.313 us
   # EP:   3/16 | cached dispatch: 15 GB/s (SO), 48 GB/s (SU), 122.332 us, 5855616 bytes | copy: 1064 GB/s, 11.011 us
USDT:2026-10-10 09:09:04 73058:73058 SyncActivityProfilerHandler.cpp:52] profiler_startUSDT:2026-10-10 09:09:04 73060:73060 SyncActivityProfilerHandler.cpp:52] profiler_startUSDT:2026-10-10 09:09:04 73065:73065 SyncActivityProfilerHandler.cpp:52] profiler_start

USDT:2026-10-10 09:09:04 73061:73061 SyncActivityProfilerHandler.cpp:52] profiler_startUSDT:2026-10-10 09:09:04 73062:73062 SyncActivityProfilerHandler.cpp:52] profiler_startUSDT:2026-10-10 09:09:04 73063:73063 SyncActivityProfilerHandler.cpp:52] profiler_start



USDT:2026-10-10 09:09:04 73059:73059 SyncActivityProfilerHandler.cpp:52] profiler_start
USDT:2026-10-10 09:09:04 73064:73064 SyncActivityProfilerHandler.cpp:52] profiler_start
USDT:2026-10-10 09:09:05 73058:73058 SyncActivityProfilerHandler.cpp:59] profiler_stopUSDT:2026-10-10 09:09:05 73060:73060 SyncActivityProfilerHandler.cpp:59] profiler_stop

USDT:2026-10-10 09:09:05 73065:73065 SyncActivityProfilerHandler.cpp:59] profiler_stopUSDT:2026-10-10 09:09:05 73061:73061 SyncActivityProfilerHandler.cpp:59] profiler_stopUSDT:2026-10-10 09:09:05 73063:73063 SyncActivityProfilerHandler.cpp:59] profiler_stop


USDT:2026-10-10 09:09:05 73062:73062 SyncActivityProfilerHandler.cpp:59] profiler_stop
USDT:2026-10-10 09:09:05 73059:73059 SyncActivityProfilerHandler.cpp:59] profiler_stop
USDT:2026-10-10 09:09:05 73064:73064 SyncActivityProfilerHandler.cpp:59] profiler_stop
   @ EP:   2/16 | combine: 21 GB/s (SO), 64 GB/s (SU), 176.273 us, 11207040 bytes | reduce: 922 GB/s, 5.893 us
   @ EP:   5/16 | combine: 20 GB/s (SO), 64 GB/s (SU), 172.216 us, 10948416 bytes | reduce: 874 GB/s, 6.053 us
   @ EP:   7/16 | combine: 20 GB/s (SO), 65 GB/s (SU), 174.693 us, 11393824 bytes | reduce: 861 GB/s, 6.061 us
   @ EP:   1/16 | combine: 21 GB/s (SO), 62 GB/s (SU), 175.731 us, 10977152 bytes | reduce: 913 GB/s, 5.999 us
   @ EP:   0/16 | combine: 22 GB/s (SO), 65 GB/s (SU), 168.989 us, 11034624 bytes | reduce: 934 GB/s, 5.889 us
   @ EP:   4/16 | combine: 21 GB/s (SO), 65 GB/s (SU), 166.488 us, 10790368 bytes | reduce: 911 GB/s, 5.835 us
   @ EP:   3/16 | combine: 21 GB/s (SO), 65 GB/s (SU), 173.864 us, 11235776 bytes | reduce: 867 GB/s, 6.218 us
   @ EP:   6/16 | combine: 20 GB/s (SO), 65 GB/s (SU), 175.535 us, 11393824 bytes | reduce: 853 GB/s, 6.113 us
USDT:2026-10-10 09:09:05 73058:73058 SyncActivityProfilerHandler.cpp:52] profiler_startUSDT:2026-10-10 09:09:05 73062:73062 SyncActivityProfilerHandler.cpp:52] profiler_startUSDT:2026-10-10 09:09:05 73060:73060 SyncActivityProfilerHandler.cpp:52] profiler_start
USDT:2026-10-10 09:09:05 73065:73065 SyncActivityProfilerHandler.cpp:52] profiler_startUSDT:2026-10-10 09:09:05 73061:73061 SyncActivityProfilerHandler.cpp:52] profiler_start
USDT:2026-10-10 09:09:05 73063:73063 SyncActivityProfilerHandler.cpp:52] profiler_start
USDT:2026-10-10 09:09:05 73064:73064 SyncActivityProfilerHandler.cpp:52] profiler_start

USDT:2026-10-10 09:09:05 73059:73059 SyncActivityProfilerHandler.cpp:52] profiler_start


USDT:2026-10-10 09:09:05 73058:73058 SyncActivityProfilerHandler.cpp:59] profiler_stopUSDT:2026-10-10 09:09:05 73062:73062 SyncActivityProfilerHandler.cpp:59] profiler_stopUSDT:2026-10-10 09:09:05 73065:73065 SyncActivityProfilerHandler.cpp:59] profiler_stopUSDT:2026-10-10 09:09:05 73060:73060 SyncActivityProfilerHandler.cpp:59] profiler_stop

USDT:2026-10-10 09:09:05 73063:73063 SyncActivityProfilerHandler.cpp:59] profiler_stopUSDT:2026-10-10 09:09:05 73059:73059 SyncActivityProfilerHandler.cpp:59] profiler_stopUSDT:2026-10-10 09:09:05 73061:73061 SyncActivityProfilerHandler.cpp:59] profiler_stop
USDT:2026-10-10 09:09:05 73064:73064 SyncActivityProfilerHandler.cpp:59] profiler_stop




   + EP:   5/16 | reduced combine: 19 GB/s (SO), 58 GB/s (SU), 187.716 us, 10948416 bytes | reduce: 865 GB/s, 6.113 us
   + EP:   2/16 | reduced combine: 19 GB/s (SO), 58 GB/s (SU), 193.589 us, 11207040 bytes | reduce: 885 GB/s, 6.137 us
   + EP:   1/16 | reduced combine: 19 GB/s (SO), 56 GB/s (SU), 194.851 us, 10977152 bytes | reduce: 901 GB/s, 6.076 us
   + EP:   7/16 | reduced combine: 18 GB/s (SO), 59 GB/s (SU), 193.877 us, 11393824 bytes | reduce: 855 GB/s, 6.097 us   + EP:   4/16 | reduced combine: 19 GB/s (SO), 58 GB/s (SU), 185.863 us, 10790368 bytes | reduce: 859 GB/s, 6.192 us

   + EP:   0/16 | reduced combine: 19 GB/s (SO), 59 GB/s (SU), 188.149 us, 11034624 bytes | reduce: 926 GB/s, 5.941 us
   + EP:   3/16 | reduced combine: 19 GB/s (SO), 59 GB/s (SU), 191.165 us, 11235776 bytes | reduce: 895 GB/s, 6.020 us
   + EP:   6/16 | reduced combine: 18 GB/s (SO), 58 GB/s (SU), 196.287 us, 11393824 bytes | reduce: 865 GB/s, 6.029 us


