NCCL version 2.32.3+cuda13.4
DeepEP hybrid kernel selection: unordered
DeepEP hybrid kernel selection: unordered
DeepEP hybrid kernel selection: unordered
DeepEP hybrid kernel selection: unordered
DeepEP hybrid kernel selection: unordered
DeepEP hybrid kernel selection: unordered
DeepEP hybrid kernel selection: unordered
DeepEP hybrid kernel selection: unordered
Config:
 > Ranks: 2 x 8
 > Experts: 8/256
 > Tokens: 128 (max: 128), hidden: 7168
 > #SM: 12, #QPs: 11/11

Running all test cases:
 > Testing with expert_alignment=128, use_fp8_dispatch=1, num_bias=0, with_previous_event=0, async_with_compute_stream=0, allocate_on_comm_stream=0 ...
USDT:2026-10-10 09:06:49 67190:67190 SyncActivityProfilerHandler.cpp:52] profiler_startUSDT:2026-10-10 09:06:49 67188:67188 SyncActivityProfilerHandler.cpp:52] profiler_startUSDT:2026-10-10 09:06:49 67187:67187 SyncActivityProfilerHandler.cpp:52] profiler_startUSDT:2026-10-10 09:06:49 67186:67186 SyncActivityProfilerHandler.cpp:52] profiler_startUSDT:2026-10-10 09:06:49 67183:67183 SyncActivityProfilerHandler.cpp:52] profiler_start




USDT:2026-10-10 09:06:49 67184:67184 SyncActivityProfilerHandler.cpp:52] profiler_startUSDT:2026-10-10 09:06:49 67189:67189 SyncActivityProfilerHandler.cpp:52] profiler_start

USDT:2026-10-10 09:06:49 67185:67185 SyncActivityProfilerHandler.cpp:52] profiler_start
USDT:2026-10-10 09:06:49 67186:67186 SyncActivityProfilerHandler.cpp:59] profiler_stopUSDT:2026-10-10 09:06:49 67183:67183 SyncActivityProfilerHandler.cpp:59] profiler_stopUSDT:2026-10-10 09:06:49 67187:67187 SyncActivityProfilerHandler.cpp:59] profiler_stopUSDT:2026-10-10 09:06:49 67190:67190 SyncActivityProfilerHandler.cpp:59] profiler_stopUSDT:2026-10-10 09:06:49 67189:67189 SyncActivityProfilerHandler.cpp:59] profiler_stopUSDT:2026-10-10 09:06:49 67188:67188 SyncActivityProfilerHandler.cpp:59] profiler_stop

USDT:2026-10-10 09:06:49 67185:67185 SyncActivityProfilerHandler.cpp:59] profiler_stop




USDT:2026-10-10 09:06:49 67184:67184 SyncActivityProfilerHandler.cpp:59] profiler_stop
   * EP:   0/16 | dispatch: 15 GB/s (SO), 46 GB/s (SU), 124.565 us, 5750784 bytes | copy: 753 GB/s, 15.273 us
   * EP:   3/16 | dispatch: 15 GB/s (SO), 46 GB/s (SU), 127.126 us, 5855616 bytes | copy: 769 GB/s, 15.230 us
   * EP:   4/16 | dispatch: 14 GB/s (SO), 44 GB/s (SU), 128.882 us, 5623488 bytes | copy: 596 GB/s, 18.869 us
   * EP:   7/16 | dispatch: 14 GB/s (SO), 46 GB/s (SU), 128.668 us, 5937984 bytes | copy: 914 GB/s, 12.996 us
   * EP:   6/16 | dispatch: 14 GB/s (SO), 46 GB/s (SU), 129.457 us, 5937984 bytes | copy: 1045 GB/s, 11.364 us
   * EP:   5/16 | dispatch: 14 GB/s (SO), 44 GB/s (SU), 128.577 us, 5705856 bytes | copy: 803 GB/s, 14.206 us
   * EP:   2/16 | dispatch: 15 GB/s (SO), 45 GB/s (SU), 128.596 us, 5840640 bytes | copy: 969 GB/s, 12.057 us
   * EP:   1/16 | dispatch: 15 GB/s (SO), 44 GB/s (SU), 128.818 us, 5720832 bytes | copy: 791 GB/s, 14.469 us
USDT:2026-10-10 09:06:50 67186:67186 SyncActivityProfilerHandler.cpp:52] profiler_startUSDT:2026-10-10 09:06:50 67189:67189 SyncActivityProfilerHandler.cpp:52] profiler_startUSDT:2026-10-10 09:06:50 67183:67183 SyncActivityProfilerHandler.cpp:52] profiler_startUSDT:2026-10-10 09:06:50 67190:67190 SyncActivityProfilerHandler.cpp:52] profiler_startUSDT:2026-10-10 09:06:50 67184:67184 SyncActivityProfilerHandler.cpp:52] profiler_start
USDT:2026-10-10 09:06:50 67185:67185 SyncActivityProfilerHandler.cpp:52] profiler_startUSDT:2026-10-10 09:06:50 67188:67188 SyncActivityProfilerHandler.cpp:52] profiler_startUSDT:2026-10-10 09:06:50 67187:67187 SyncActivityProfilerHandler.cpp:52] profiler_start






USDT:2026-10-10 09:06:50 67190:67190 SyncActivityProfilerHandler.cpp:59] profiler_stopUSDT:2026-10-10 09:06:50 67189:67189 SyncActivityProfilerHandler.cpp:59] profiler_stopUSDT:2026-10-10 09:06:50 67184:67184 SyncActivityProfilerHandler.cpp:59] profiler_stop

USDT:2026-10-10 09:06:50 67186:67186 SyncActivityProfilerHandler.cpp:59] profiler_stopUSDT:2026-10-10 09:06:50 67188:67188 SyncActivityProfilerHandler.cpp:59] profiler_stop
USDT:2026-10-10 09:06:50 67187:67187 SyncActivityProfilerHandler.cpp:59] profiler_stopUSDT:2026-10-10 09:06:50 67185:67185 SyncActivityProfilerHandler.cpp:59] profiler_stop


USDT:2026-10-10 09:06:50 67183:67183 SyncActivityProfilerHandler.cpp:59] profiler_stop

   - EP:   6/16 | expanded dispatch: 14 GB/s (SO), 46 GB/s (SU), 128.934 us, 5937984 bytes | copy: 1420 GB/s, 14.668 us
   - EP:   7/16 | expanded dispatch: 14 GB/s (SO), 46 GB/s (SU), 128.167 us, 5937984 bytes | copy: 1433 GB/s, 14.450 us
   - EP:   5/16 | expanded dispatch: 14 GB/s (SO), 44 GB/s (SU), 128.850 us, 5705856 bytes | copy: 1202 GB/s, 17.091 us
   - EP:   1/16 | expanded dispatch: 15 GB/s (SO), 44 GB/s (SU), 128.830 us, 5720832 bytes | copy: 1179 GB/s, 17.403 us
   - EP:   3/16 | expanded dispatch: 15 GB/s (SO), 46 GB/s (SU), 126.867 us, 5855616 bytes | copy: 1245 GB/s, 16.604 us
   - EP:   4/16 | expanded dispatch: 14 GB/s (SO), 44 GB/s (SU), 128.380 us, 5623488 bytes | copy: 1028 GB/s, 19.885 us
   - EP:   2/16 | expanded dispatch: 15 GB/s (SO), 46 GB/s (SU), 127.893 us, 5840640 bytes | copy: 1589 GB/s, 13.026 us
   - EP:   0/16 | expanded dispatch: 15 GB/s (SO), 46 GB/s (SU), 124.883 us, 5750784 bytes | copy: 1184 GB/s, 17.390 us
USDT:2026-10-10 09:06:50 67188:67188 SyncActivityProfilerHandler.cpp:52] profiler_startUSDT:2026-10-10 09:06:50 67184:67184 SyncActivityProfilerHandler.cpp:52] profiler_startUSDT:2026-10-10 09:06:50 67189:67189 SyncActivityProfilerHandler.cpp:52] profiler_startUSDT:2026-10-10 09:06:50 67190:67190 SyncActivityProfilerHandler.cpp:52] profiler_startUSDT:2026-10-10 09:06:50 67185:67185 SyncActivityProfilerHandler.cpp:52] profiler_startUSDT:2026-10-10 09:06:50 67183:67183 SyncActivityProfilerHandler.cpp:52] profiler_startUSDT:2026-10-10 09:06:50 67186:67186 SyncActivityProfilerHandler.cpp:52] profiler_start






USDT:2026-10-10 09:06:50 67187:67187 SyncActivityProfilerHandler.cpp:52] profiler_start
USDT:2026-10-10 09:06:51 67184:67184 SyncActivityProfilerHandler.cpp:59] profiler_stopUSDT:2026-10-10 09:06:51 67185:67185 SyncActivityProfilerHandler.cpp:59] profiler_stopUSDT:2026-10-10 09:06:51 67189:67189 SyncActivityProfilerHandler.cpp:59] profiler_stop
USDT:2026-10-10 09:06:51 67190:67190 SyncActivityProfilerHandler.cpp:59] profiler_stopUSDT:2026-10-10 09:06:51 67183:67183 SyncActivityProfilerHandler.cpp:59] profiler_stopUSDT:2026-10-10 09:06:51 67188:67188 SyncActivityProfilerHandler.cpp:59] profiler_stop

USDT:2026-10-10 09:06:51 67186:67186 SyncActivityProfilerHandler.cpp:59] profiler_stop



USDT:2026-10-10 09:06:51 67187:67187 SyncActivityProfilerHandler.cpp:59] profiler_stop
   # EP:   1/16 | cached dispatch: 16 GB/s (SO), 47 GB/s (SU), 120.742 us, 5720832 bytes | copy: 973 GB/s, 11.759 us
   # EP:   5/16 | cached dispatch: 15 GB/s (SO), 47 GB/s (SU), 120.736 us, 5705856 bytes | copy: 742 GB/s, 15.376 us
   # EP:   7/16 | cached dispatch: 15 GB/s (SO), 49 GB/s (SU), 120.156 us, 5937984 bytes | copy: 981 GB/s, 12.112 us
   # EP:   2/16 | cached dispatch: 16 GB/s (SO), 49 GB/s (SU), 119.571 us, 5840640 bytes | copy: 1005 GB/s, 11.619 us
   # EP:   3/16 | cached dispatch: 16 GB/s (SO), 49 GB/s (SU), 118.520 us, 5855616 bytes | copy: 977 GB/s, 11.983 us   # EP:   6/16 | cached dispatch: 15 GB/s (SO), 49 GB/s (SU), 120.920 us, 5937984 bytes | copy: 795 GB/s, 14.941 us

   # EP:   0/16 | cached dispatch: 16 GB/s (SO), 48 GB/s (SU), 118.803 us, 5750784 bytes | copy: 643 GB/s, 17.894 us
   # EP:   4/16 | cached dispatch: 15 GB/s (SO), 47 GB/s (SU), 120.074 us, 5623488 bytes | copy: 624 GB/s, 18.035 us
USDT:2026-10-10 09:06:51 67190:67190 SyncActivityProfilerHandler.cpp:52] profiler_startUSDT:2026-10-10 09:06:51 67184:67184 SyncActivityProfilerHandler.cpp:52] profiler_startUSDT:2026-10-10 09:06:51 67188:67188 SyncActivityProfilerHandler.cpp:52] profiler_startUSDT:2026-10-10 09:06:51 67185:67185 SyncActivityProfilerHandler.cpp:52] profiler_start
USDT:2026-10-10 09:06:51 67189:67189 SyncActivityProfilerHandler.cpp:52] profiler_start


USDT:2026-10-10 09:06:51 67186:67186 SyncActivityProfilerHandler.cpp:52] profiler_start
USDT:2026-10-10 09:06:51 67187:67187 SyncActivityProfilerHandler.cpp:52] profiler_start

USDT:2026-10-10 09:06:51 67183:67183 SyncActivityProfilerHandler.cpp:52] profiler_start
USDT:2026-10-10 09:06:51 67188:67188 SyncActivityProfilerHandler.cpp:59] profiler_stopUSDT:2026-10-10 09:06:51 67183:67183 SyncActivityProfilerHandler.cpp:59] profiler_stop
USDT:2026-10-10 09:06:51 67189:67189 SyncActivityProfilerHandler.cpp:59] profiler_stop
USDT:2026-10-10 09:06:51 67185:67185 SyncActivityProfilerHandler.cpp:59] profiler_stop
USDT:2026-10-10 09:06:51 67184:67184 SyncActivityProfilerHandler.cpp:59] profiler_stop

USDT:2026-10-10 09:06:51 67186:67186 SyncActivityProfilerHandler.cpp:59] profiler_stop
USDT:2026-10-10 09:06:51 67190:67190 SyncActivityProfilerHandler.cpp:59] profiler_stop
USDT:2026-10-10 09:06:51 67187:67187 SyncActivityProfilerHandler.cpp:59] profiler_stop
   @ EP:   5/16 | combine: 21 GB/s (SO), 64 GB/s (SU), 170.052 us, 10948416 bytes | reduce: 866 GB/s, 6.109 us
   @ EP:   6/16 | combine: 20 GB/s (SO), 66 GB/s (SU), 173.064 us, 11393824 bytes | reduce: 839 GB/s, 6.216 us
   @ EP:   1/16 | combine: 21 GB/s (SO), 64 GB/s (SU), 172.090 us, 10977152 bytes | reduce: 921 GB/s, 5.944 us
   @ EP:   2/16 | combine: 21 GB/s (SO), 65 GB/s (SU), 172.665 us, 11207040 bytes | reduce: 861 GB/s, 6.306 us
   @ EP:   3/16 | combine: 21 GB/s (SO), 65 GB/s (SU), 171.808 us, 11235776 bytes | reduce: 886 GB/s, 6.081 us
   @ EP:   0/16 | combine: 22 GB/s (SO), 66 GB/s (SU), 166.371 us, 11034624 bytes | reduce: 901 GB/s, 6.110 us
   @ EP:   7/16 | combine: 20 GB/s (SO), 66 GB/s (SU), 172.696 us, 11393824 bytes | reduce: 812 GB/s, 6.425 us
   @ EP:   4/16 | combine: 22 GB/s (SO), 66 GB/s (SU), 163.324 us, 10790368 bytes | reduce: 869 GB/s, 6.115 us
USDT:2026-10-10 09:06:52 67183:67183 SyncActivityProfilerHandler.cpp:52] profiler_startUSDT:2026-10-10 09:06:52 67186:67186 SyncActivityProfilerHandler.cpp:52] profiler_startUSDT:2026-10-10 09:06:52 67189:67189 SyncActivityProfilerHandler.cpp:52] profiler_startUSDT:2026-10-10 09:06:52 67190:67190 SyncActivityProfilerHandler.cpp:52] profiler_start
USDT:2026-10-10 09:06:52 67187:67187 SyncActivityProfilerHandler.cpp:52] profiler_startUSDT:2026-10-10 09:06:52 67184:67184 SyncActivityProfilerHandler.cpp:52] profiler_start

USDT:2026-10-10 09:06:52 67185:67185 SyncActivityProfilerHandler.cpp:52] profiler_start
USDT:2026-10-10 09:06:52 67188:67188 SyncActivityProfilerHandler.cpp:52] profiler_start



USDT:2026-10-10 09:06:52 67183:67183 SyncActivityProfilerHandler.cpp:59] profiler_stopUSDT:2026-10-10 09:06:52 67190:67190 SyncActivityProfilerHandler.cpp:59] profiler_stopUSDT:2026-10-10 09:06:52 67186:67186 SyncActivityProfilerHandler.cpp:59] profiler_stop
USDT:2026-10-10 09:06:52 67187:67187 SyncActivityProfilerHandler.cpp:59] profiler_stop
USDT:2026-10-10 09:06:52 67188:67188 SyncActivityProfilerHandler.cpp:59] profiler_stop
USDT:2026-10-10 09:06:52 67184:67184 SyncActivityProfilerHandler.cpp:59] profiler_stop

USDT:2026-10-10 09:06:52 67189:67189 SyncActivityProfilerHandler.cpp:59] profiler_stop
USDT:2026-10-10 09:06:52 67185:67185 SyncActivityProfilerHandler.cpp:59] profiler_stop

   + EP:   3/16 | reduced combine: 19 GB/s (SO), 59 GB/s (SU), 189.558 us, 11235776 bytes | reduce: 910 GB/s, 5.924 us
   + EP:   6/16 | reduced combine: 18 GB/s (SO), 59 GB/s (SU), 193.466 us, 11393824 bytes | reduce: 821 GB/s, 6.355 us   + EP:   1/16 | reduced combine: 19 GB/s (SO), 57 GB/s (SU), 191.337 us, 10977152 bytes | reduce: 893 GB/s, 6.132 us

   + EP:   5/16 | reduced combine: 19 GB/s (SO), 59 GB/s (SU), 186.013 us, 10948416 bytes | reduce: 892 GB/s, 5.926 us
   + EP:   0/16 | reduced combine: 20 GB/s (SO), 60 GB/s (SU), 184.787 us, 11034624 bytes | reduce: 926 GB/s, 5.943 us
   + EP:   4/16 | reduced combine: 19 GB/s (SO), 59 GB/s (SU), 182.129 us, 10790368 bytes | reduce: 898 GB/s, 5.920 us
   + EP:   7/16 | reduced combine: 18 GB/s (SO), 60 GB/s (SU), 191.422 us, 11393824 bytes | reduce: 837 GB/s, 6.230 us
   + EP:   2/16 | reduced combine: 19 GB/s (SO), 58 GB/s (SU), 191.682 us, 11207040 bytes | reduce: 852 GB/s, 6.377 us


