DeepEP hybrid kernel selection: unordered
DeepEP hybrid kernel selection: unordered
DeepEP hybrid kernel selection: unordered
DeepEP hybrid kernel selection: unordered
DeepEP hybrid kernel selection: unordered
DeepEP hybrid kernel selection: unordered
DeepEP hybrid kernel selection: unordered
DeepEP hybrid kernel selection: unordered
Config:
 > Ranks: 2 x 8
 > Experts: 8/256
 > Tokens: 120 (max: 128), hidden: 7168
 > #SM: 12, #QPs: 11/11

Running all test cases:
 > Testing with expert_alignment=128, use_fp8_dispatch=1, num_bias=0, with_previous_event=0, async_with_compute_stream=0, allocate_on_comm_stream=0 ...
USDT:2026-10-10 09:06:49 61089:61089 SyncActivityProfilerHandler.cpp:52] profiler_startUSDT:2026-10-10 09:06:49 61090:61090 SyncActivityProfilerHandler.cpp:52] profiler_startUSDT:2026-10-10 09:06:49 61088:61088 SyncActivityProfilerHandler.cpp:52] profiler_start

USDT:2026-10-10 09:06:49 61087:61087 SyncActivityProfilerHandler.cpp:52] profiler_start

USDT:2026-10-10 09:06:49 61093:61093 SyncActivityProfilerHandler.cpp:52] profiler_startUSDT:2026-10-10 09:06:49 61091:61091 SyncActivityProfilerHandler.cpp:52] profiler_startUSDT:2026-10-10 09:06:49 61092:61092 SyncActivityProfilerHandler.cpp:52] profiler_start
USDT:2026-10-10 09:06:49 61086:61086 SyncActivityProfilerHandler.cpp:52] profiler_start


USDT:2026-10-10 09:06:49 61089:61089 SyncActivityProfilerHandler.cpp:59] profiler_stopUSDT:2026-10-10 09:06:49 61086:61086 SyncActivityProfilerHandler.cpp:59] profiler_stopUSDT:2026-10-10 09:06:49 61090:61090 SyncActivityProfilerHandler.cpp:59] profiler_stopUSDT:2026-10-10 09:06:49 61088:61088 SyncActivityProfilerHandler.cpp:59] profiler_stopUSDT:2026-10-10 09:06:49 61092:61092 SyncActivityProfilerHandler.cpp:59] profiler_stopUSDT:2026-10-10 09:06:49 61087:61087 SyncActivityProfilerHandler.cpp:59] profiler_stop





USDT:2026-10-10 09:06:49 61093:61093 SyncActivityProfilerHandler.cpp:59] profiler_stop
USDT:2026-10-10 09:06:49 61091:61091 SyncActivityProfilerHandler.cpp:59] profiler_stop
   * EP:  11/16 | dispatch: 14 GB/s (SO), 44 GB/s (SU), 128.321 us, 5698368 bytes | copy: 669 GB/s, 17.044 us
   * EP:  10/16 | dispatch: 14 GB/s (SO), 49 GB/s (SU), 128.472 us, 6312384 bytes | copy: 937 GB/s, 13.469 us
   * EP:  14/16 | dispatch: 13 GB/s (SO), 48 GB/s (SU), 127.282 us, 6162624 bytes | copy: 1024 GB/s, 12.034 us
   * EP:   8/16 | dispatch: 14 GB/s (SO), 46 GB/s (SU), 127.823 us, 5833152 bytes | copy: 1012 GB/s, 11.528 us
   * EP:   9/16 | dispatch: 14 GB/s (SO), 45 GB/s (SU), 129.373 us, 5773248 bytes | copy: 822 GB/s, 14.047 us
   * EP:  12/16 | dispatch: 14 GB/s (SO), 49 GB/s (SU), 126.030 us, 6117696 bytes | copy: 1170 GB/s, 10.460 us
   * EP:  13/16 | dispatch: 13 GB/s (SO), 45 GB/s (SU), 128.651 us, 5728320 bytes | copy: 2106 GB/s, 5.440 us
   * EP:  15/16 | dispatch: 13 GB/s (SO), 47 GB/s (SU), 126.870 us, 6005376 bytes | copy: 1149 GB/s, 10.452 us
USDT:2026-10-10 09:06:50 61089:61089 SyncActivityProfilerHandler.cpp:52] profiler_startUSDT:2026-10-10 09:06:50 61087:61087 SyncActivityProfilerHandler.cpp:52] profiler_startUSDT:2026-10-10 09:06:50 61091:61091 SyncActivityProfilerHandler.cpp:52] profiler_startUSDT:2026-10-10 09:06:50 61086:61086 SyncActivityProfilerHandler.cpp:52] profiler_startUSDT:2026-10-10 09:06:50 61092:61092 SyncActivityProfilerHandler.cpp:52] profiler_startUSDT:2026-10-10 09:06:50 61088:61088 SyncActivityProfilerHandler.cpp:52] profiler_startUSDT:2026-10-10 09:06:50 61093:61093 SyncActivityProfilerHandler.cpp:52] profiler_startUSDT:2026-10-10 09:06:50 61090:61090 SyncActivityProfilerHandler.cpp:52] profiler_start







USDT:2026-10-10 09:06:50 61086:61086 SyncActivityProfilerHandler.cpp:59] profiler_stopUSDT:2026-10-10 09:06:50 61089:61089 SyncActivityProfilerHandler.cpp:59] profiler_stopUSDT:2026-10-10 09:06:50 61091:61091 SyncActivityProfilerHandler.cpp:59] profiler_stop

USDT:2026-10-10 09:06:50 61090:61090 SyncActivityProfilerHandler.cpp:59] profiler_stopUSDT:2026-10-10 09:06:50 61093:61093 SyncActivityProfilerHandler.cpp:59] profiler_stop


USDT:2026-10-10 09:06:50 61092:61092 SyncActivityProfilerHandler.cpp:59] profiler_stopUSDT:2026-10-10 09:06:50 61088:61088 SyncActivityProfilerHandler.cpp:59] profiler_stop

USDT:2026-10-10 09:06:50 61087:61087 SyncActivityProfilerHandler.cpp:59] profiler_stop
   - EP:   8/16 | expanded dispatch: 14 GB/s (SO), 46 GB/s (SU), 127.126 us, 5833152 bytes | copy: 1302 GB/s, 15.926 us
   - EP:  11/16 | expanded dispatch: 14 GB/s (SO), 44 GB/s (SU), 128.089 us, 5698368 bytes | copy: 918 GB/s, 22.368 us
   - EP:  13/16 | expanded dispatch: 13 GB/s (SO), 45 GB/s (SU), 127.761 us, 5728320 bytes | copy: 1319 GB/s, 15.684 us
   - EP:  12/16 | expanded dispatch: 14 GB/s (SO), 49 GB/s (SU), 125.855 us, 6117696 bytes | copy: 1782 GB/s, 11.754 us   - EP:  15/16 | expanded dispatch: 13 GB/s (SO), 47 GB/s (SU), 126.703 us, 6005376 bytes | copy: 1600 GB/s, 13.092 us

   - EP:   9/16 | expanded dispatch: 14 GB/s (SO), 45 GB/s (SU), 128.262 us, 5773248 bytes | copy: 1444 GB/s, 14.311 us
   - EP:  10/16 | expanded dispatch: 14 GB/s (SO), 49 GB/s (SU), 128.144 us, 6312384 bytes | copy: 1392 GB/s, 15.231 us
   - EP:  14/16 | expanded dispatch: 13 GB/s (SO), 48 GB/s (SU), 127.312 us, 6162624 bytes | copy: 1505 GB/s, 13.966 us
USDT:2026-10-10 09:06:50 61089:61089 SyncActivityProfilerHandler.cpp:52] profiler_startUSDT:2026-10-10 09:06:50 61086:61086 SyncActivityProfilerHandler.cpp:52] profiler_startUSDT:2026-10-10 09:06:50 61092:61092 SyncActivityProfilerHandler.cpp:52] profiler_startUSDT:2026-10-10 09:06:50 61090:61090 SyncActivityProfilerHandler.cpp:52] profiler_startUSDT:2026-10-10 09:06:50 61091:61091 SyncActivityProfilerHandler.cpp:52] profiler_startUSDT:2026-10-10 09:06:50 61093:61093 SyncActivityProfilerHandler.cpp:52] profiler_start





USDT:2026-10-10 09:06:50 61087:61087 SyncActivityProfilerHandler.cpp:52] profiler_start
USDT:2026-10-10 09:06:50 61088:61088 SyncActivityProfilerHandler.cpp:52] profiler_start
USDT:2026-10-10 09:06:51 61089:61089 SyncActivityProfilerHandler.cpp:59] profiler_stopUSDT:2026-10-10 09:06:51 61093:61093 SyncActivityProfilerHandler.cpp:59] profiler_stop
USDT:2026-10-10 09:06:51 61092:61092 SyncActivityProfilerHandler.cpp:59] profiler_stop
USDT:2026-10-10 09:06:51 61086:61086 SyncActivityProfilerHandler.cpp:59] profiler_stopUSDT:2026-10-10 09:06:51 61090:61090 SyncActivityProfilerHandler.cpp:59] profiler_stop


USDT:2026-10-10 09:06:51 61087:61087 SyncActivityProfilerHandler.cpp:59] profiler_stop
USDT:2026-10-10 09:06:51 61091:61091 SyncActivityProfilerHandler.cpp:59] profiler_stop
USDT:2026-10-10 09:06:51 61088:61088 SyncActivityProfilerHandler.cpp:59] profiler_stop
   # EP:  11/16 | cached dispatch: 14 GB/s (SO), 47 GB/s (SU), 120.419 us, 5698368 bytes | copy: 491 GB/s, 23.204 us
   # EP:   8/16 | cached dispatch: 15 GB/s (SO), 49 GB/s (SU), 118.442 us, 5833152 bytes | copy: 1223 GB/s, 9.540 us
   # EP:  15/16 | cached dispatch: 14 GB/s (SO), 50 GB/s (SU), 119.343 us, 6005376 bytes | copy: 1137 GB/s, 10.566 us
   # EP:  12/16 | cached dispatch: 15 GB/s (SO), 52 GB/s (SU), 118.400 us, 6117696 bytes | copy: 1263 GB/s, 9.690 us
   # EP:  14/16 | cached dispatch: 14 GB/s (SO), 51 GB/s (SU), 120.285 us, 6162624 bytes | copy: 1053 GB/s, 11.702 us
   # EP:  13/16 | cached dispatch: 14 GB/s (SO), 48 GB/s (SU), 120.431 us, 5728320 bytes | copy: 797 GB/s, 14.381 us
   # EP:   9/16 | cached dispatch: 15 GB/s (SO), 48 GB/s (SU), 121.026 us, 5773248 bytes | copy: 844 GB/s, 13.676 us
   # EP:  10/16 | cached dispatch: 15 GB/s (SO), 52 GB/s (SU), 120.781 us, 6312384 bytes | copy: 1029 GB/s, 12.266 us
USDT:2026-10-10 09:06:51 61092:61092 SyncActivityProfilerHandler.cpp:52] profiler_startUSDT:2026-10-10 09:06:51 61093:61093 SyncActivityProfilerHandler.cpp:52] profiler_startUSDT:2026-10-10 09:06:51 61086:61086 SyncActivityProfilerHandler.cpp:52] profiler_startUSDT:2026-10-10 09:06:51 61090:61090 SyncActivityProfilerHandler.cpp:52] profiler_startUSDT:2026-10-10 09:06:51 61088:61088 SyncActivityProfilerHandler.cpp:52] profiler_start
USDT:2026-10-10 09:06:51 61087:61087 SyncActivityProfilerHandler.cpp:52] profiler_start



USDT:2026-10-10 09:06:51 61089:61089 SyncActivityProfilerHandler.cpp:52] profiler_start

USDT:2026-10-10 09:06:51 61091:61091 SyncActivityProfilerHandler.cpp:52] profiler_start
USDT:2026-10-10 09:06:51 61089:61089 SyncActivityProfilerHandler.cpp:59] profiler_stopUSDT:2026-10-10 09:06:51 61086:61086 SyncActivityProfilerHandler.cpp:59] profiler_stopUSDT:2026-10-10 09:06:51 61090:61090 SyncActivityProfilerHandler.cpp:59] profiler_stopUSDT:2026-10-10 09:06:51 61093:61093 SyncActivityProfilerHandler.cpp:59] profiler_stopUSDT:2026-10-10 09:06:51 61087:61087 SyncActivityProfilerHandler.cpp:59] profiler_stopUSDT:2026-10-10 09:06:51 61088:61088 SyncActivityProfilerHandler.cpp:59] profiler_stop
USDT:2026-10-10 09:06:51 61092:61092 SyncActivityProfilerHandler.cpp:59] profiler_stop





USDT:2026-10-10 09:06:51 61091:61091 SyncActivityProfilerHandler.cpp:59] profiler_stop
   @ EP:   8/16 | combine: 20 GB/s (SO), 64 GB/s (SU), 176.094 us, 11192672 bytes | reduce: 835 GB/s, 6.181 us
   @ EP:  12/16 | combine: 19 GB/s (SO), 67 GB/s (SU), 176.279 us, 11738656 bytes | reduce: 797 GB/s, 6.255 us
   @ EP:  15/16 | combine: 19 GB/s (SO), 67 GB/s (SU), 170.922 us, 11523136 bytes | reduce: 789 GB/s, 6.152 us
   @ EP:  14/16 | combine: 19 GB/s (SO), 69 GB/s (SU), 172.153 us, 11824864 bytes | reduce: 808 GB/s, 6.079 us
   @ EP:  11/16 | combine: 20 GB/s (SO), 66 GB/s (SU), 164.642 us, 10934048 bytes | reduce: 831 GB/s, 6.053 us
   @ EP:   9/16 | combine: 20 GB/s (SO), 65 GB/s (SU), 170.866 us, 11077728 bytes | reduce: 836 GB/s, 6.119 us
   @ EP:  10/16 | combine: 19 GB/s (SO), 69 GB/s (SU), 174.482 us, 12112224 bytes | reduce: 846 GB/s, 5.995 us
   @ EP:  13/16 | combine: 19 GB/s (SO), 64 GB/s (SU), 171.207 us, 10991520 bytes | reduce: 800 GB/s, 6.195 us
USDT:2026-10-10 09:06:52 61089:61089 SyncActivityProfilerHandler.cpp:52] profiler_startUSDT:2026-10-10 09:06:52 61092:61092 SyncActivityProfilerHandler.cpp:52] profiler_startUSDT:2026-10-10 09:06:52 61093:61093 SyncActivityProfilerHandler.cpp:52] profiler_startUSDT:2026-10-10 09:06:52 61088:61088 SyncActivityProfilerHandler.cpp:52] profiler_start
USDT:2026-10-10 09:06:52 61090:61090 SyncActivityProfilerHandler.cpp:52] profiler_start
USDT:2026-10-10 09:06:52 61087:61087 SyncActivityProfilerHandler.cpp:52] profiler_start
USDT:2026-10-10 09:06:52 61091:61091 SyncActivityProfilerHandler.cpp:52] profiler_start



USDT:2026-10-10 09:06:52 61086:61086 SyncActivityProfilerHandler.cpp:52] profiler_start
USDT:2026-10-10 09:06:52 61093:61093 SyncActivityProfilerHandler.cpp:59] profiler_stopUSDT:2026-10-10 09:06:52 61090:61090 SyncActivityProfilerHandler.cpp:59] profiler_stopUSDT:2026-10-10 09:06:52 61092:61092 SyncActivityProfilerHandler.cpp:59] profiler_stop
USDT:2026-10-10 09:06:52 61088:61088 SyncActivityProfilerHandler.cpp:59] profiler_stop

USDT:2026-10-10 09:06:52 61086:61086 SyncActivityProfilerHandler.cpp:59] profiler_stopUSDT:2026-10-10 09:06:52 61087:61087 SyncActivityProfilerHandler.cpp:59] profiler_stopUSDT:2026-10-10 09:06:52 61091:61091 SyncActivityProfilerHandler.cpp:59] profiler_stop


USDT:2026-10-10 09:06:52 61089:61089 SyncActivityProfilerHandler.cpp:59] profiler_stop

   + EP:  14/16 | reduced combine: 17 GB/s (SO), 62 GB/s (SU), 190.589 us, 11824864 bytes | reduce: 829 GB/s, 5.926 us
   + EP:  15/16 | reduced combine: 17 GB/s (SO), 61 GB/s (SU), 189.970 us, 11523136 bytes | reduce: 790 GB/s, 6.149 us
   + EP:  12/16 | reduced combine: 17 GB/s (SO), 60 GB/s (SU), 195.112 us, 11738656 bytes | reduce: 826 GB/s, 6.038 us
   + EP:  11/16 | reduced combine: 18 GB/s (SO), 59 GB/s (SU), 185.873 us, 10934048 bytes | reduce: 838 GB/s, 5.998 us
   + EP:  10/16 | reduced combine: 17 GB/s (SO), 62 GB/s (SU), 194.046 us, 12112224 bytes | reduce: 840 GB/s, 6.040 us
   + EP:   9/16 | reduced combine: 18 GB/s (SO), 58 GB/s (SU), 189.898 us, 11077728 bytes | reduce: 850 GB/s, 6.019 us
   + EP:  13/16 | reduced combine: 17 GB/s (SO), 58 GB/s (SU), 188.958 us, 10991520 bytes | reduce: 835 GB/s, 5.940 us
   + EP:   8/16 | reduced combine: 18 GB/s (SO), 58 GB/s (SU), 193.633 us, 11192672 bytes | reduce: 846 GB/s, 6.099 us


