=== EP_NIC_NAME=rdmap110s0 (auto, 200 Gb/s) ===
=== GIN: NCCL_GIN_TYPE=5 NCCL_SYM_GIN_KERNELS_ENABLE=0 ===
=== PREFER_OVERLAP=1 (--prefer-overlap-with-compute) ===
=== IMAGE=deepep-v2-efa-official:sm90-54fffef  DeepEP=54fffeff810723f574c574b1790dff189f3c6ffb ===
+ docker run --rm --init --gpus all --privileged --network=host --ipc=host --ulimit memlock=-1 --ulimit stack=67108864 --device=/dev/infiniband --device=/dev/gdrdrv -v /sys/class/infiniband:/sys/class/infiniband:ro -e MASTER_ADDR=172.31.11.137 -e MASTER_PORT=8701 -e WORLD_SIZE=2 -e RANK=1 -e NCCL_DEBUG=WARN -e EP_NIC_NAME=rdmap110s0 -e NCCL_GIN_TYPE=5 -e NCCL_SYM_GIN_KERNELS_ENABLE=0 -e PYTHONUNBUFFERED=1 -e PYTHONFAULTHANDLER=1 deepep-v2-efa-official:sm90-54fffef bash -lc 'timeout -s ABRT --kill-after=60 1800     python3 -u /opt/DeepEP/tests/elastic/test_ep.py     --num-processes=8 --num-tokens=128     --hidden=7168 --num-topk=8 --num-experts=256     --num-sms=12 --allow-hybrid-mode=1     --prefer-overlap-with-compute=1 --test-first-only      '

==========
== CUDA ==
==========

CUDA Version 13.0.2

Container image Copyright (c) 2016-2023, NVIDIA CORPORATION & AFFILIATES. All rights reserved.

This container image and its contents are governed by the NVIDIA Deep Learning Container License.
By pulling and using the container, you accept the terms and conditions of this license:
https://developer.nvidia.com/ngc/nvidia-deep-learning-container-license

A copy of this license is made available in this container at /NGC-DL-CONTAINER-LICENSE for your convenience.

DeepEP hybrid kernel selection: unordered
DeepEP hybrid kernel selection: unordered
DeepEP hybrid kernel selection: unordered
DeepEP hybrid kernel selection: unordered
DeepEP hybrid kernel selection: unordered
DeepEP hybrid kernel selection: unordered
DeepEP hybrid kernel selection: unordered
DeepEP hybrid kernel selection: unordered
DeepEP hybrid kernel selection: unordered
DeepEP hybrid kernel selection: unordered
DeepEP hybrid kernel selection: unordered
DeepEP hybrid kernel selection: unordered
DeepEP hybrid kernel selection: unordered
DeepEP hybrid kernel selection: unordered
DeepEP hybrid kernel selection: unordered
DeepEP hybrid kernel selection: unordered
Config:
 > Ranks: 2 x 8
 > Experts: 8/256
 > Tokens: 120 (max: 128), hidden: 7168
 > #SM: 12, #QPs: 11/11

Running all test cases:
 > Testing with do_handle_copy=1, expert_alignment=128, use_fp8_dispatch=1, num_bias=0, with_previous_event=0, async_with_compute_stream=0, allocate_on_comm_stream=0 ...
USDT:2026-08-31 09:22:34 486:486 SyncActivityProfilerHandler.cpp:52] profiler_start
USDT:2026-08-31 09:22:34 487:487 SyncActivityProfilerHandler.cpp:52] profiler_startUSDT:2026-08-31 09:22:34 492:492 SyncActivityProfilerHandler.cpp:52] profiler_start
USDT:2026-08-31 09:22:34 489:489 SyncActivityProfilerHandler.cpp:52] profiler_start
USDT:2026-08-31 09:22:34 485:485 SyncActivityProfilerHandler.cpp:52] profiler_startUSDT:2026-08-31 09:22:34 490:490 SyncActivityProfilerHandler.cpp:52] profiler_startUSDT:2026-08-31 09:22:34 488:488 SyncActivityProfilerHandler.cpp:52] profiler_startUSDT:2026-08-31 09:22:34 491:491 SyncActivityProfilerHandler.cpp:52] profiler_start




USDT:2026-08-31 09:22:34 487:487 SyncActivityProfilerHandler.cpp:59] profiler_stopUSDT:2026-08-31 09:22:34 492:492 SyncActivityProfilerHandler.cpp:59] profiler_stopUSDT:2026-08-31 09:22:34 489:489 SyncActivityProfilerHandler.cpp:59] profiler_stop


USDT:2026-08-31 09:22:34 485:485 SyncActivityProfilerHandler.cpp:59] profiler_stop
USDT:2026-08-31 09:22:34 486:486 SyncActivityProfilerHandler.cpp:59] profiler_stopUSDT:2026-08-31 09:22:34 488:488 SyncActivityProfilerHandler.cpp:59] profiler_stopUSDT:2026-08-31 09:22:34 490:490 SyncActivityProfilerHandler.cpp:59] profiler_stopUSDT:2026-08-31 09:22:34 491:491 SyncActivityProfilerHandler.cpp:59] profiler_stop



   * EP:  11/16 | dispatch: 12 GB/s (SO), 38 GB/s (SU), 149.326 us, 5698368 bytes | copy: 1175 GB/s, 9.699 us
   * EP:  15/16 | dispatch: 11 GB/s (SO), 40 GB/s (SU), 149.296 us, 6005376 bytes | copy: 1129 GB/s, 10.642 us
   * EP:  13/16 | dispatch: 12 GB/s (SO), 38 GB/s (SU), 149.253 us, 5728320 bytes | copy: 1308 GB/s, 8.758 us
   * EP:  14/16 | dispatch: 11 GB/s (SO), 41 GB/s (SU), 149.266 us, 6162624 bytes | copy: 1333 GB/s, 9.249 us
   * EP:   9/16 | dispatch: 12 GB/s (SO), 39 GB/s (SU), 149.220 us, 5773248 bytes | copy: 944 GB/s, 12.234 us
   * EP:  10/16 | dispatch: 12 GB/s (SO), 42 GB/s (SU), 149.333 us, 6312384 bytes | copy: 907 GB/s, 13.923 us
   * EP:  12/16 | dispatch: 12 GB/s (SO), 41 GB/s (SU), 149.032 us, 6117696 bytes | copy: 1979 GB/s, 6.182 us
   * EP:   8/16 | dispatch: 12 GB/s (SO), 39 GB/s (SU), 149.233 us, 5833152 bytes | copy: 893 GB/s, 13.068 us
USDT:2026-08-31 09:22:34 487:487 SyncActivityProfilerHandler.cpp:52] profiler_startUSDT:2026-08-31 09:22:34 488:488 SyncActivityProfilerHandler.cpp:52] profiler_startUSDT:2026-08-31 09:22:34 489:489 SyncActivityProfilerHandler.cpp:52] profiler_startUSDT:2026-08-31 09:22:34 491:491 SyncActivityProfilerHandler.cpp:52] profiler_startUSDT:2026-08-31 09:22:34 486:486 SyncActivityProfilerHandler.cpp:52] profiler_startUSDT:2026-08-31 09:22:34 492:492 SyncActivityProfilerHandler.cpp:52] profiler_start





USDT:2026-08-31 09:22:34 490:490 SyncActivityProfilerHandler.cpp:52] profiler_start
USDT:2026-08-31 09:22:34 485:485 SyncActivityProfilerHandler.cpp:52] profiler_start
USDT:2026-08-31 09:22:35 487:487 SyncActivityProfilerHandler.cpp:59] profiler_stopUSDT:2026-08-31 09:22:35 489:489 SyncActivityProfilerHandler.cpp:59] profiler_stopUSDT:2026-08-31 09:22:35 490:490 SyncActivityProfilerHandler.cpp:59] profiler_stopUSDT:2026-08-31 09:22:35 491:491 SyncActivityProfilerHandler.cpp:59] profiler_stopUSDT:2026-08-31 09:22:35 492:492 SyncActivityProfilerHandler.cpp:59] profiler_stopUSDT:2026-08-31 09:22:35 488:488 SyncActivityProfilerHandler.cpp:59] profiler_stop

USDT:2026-08-31 09:22:35 486:486 SyncActivityProfilerHandler.cpp:59] profiler_stop




USDT:2026-08-31 09:22:35 485:485 SyncActivityProfilerHandler.cpp:59] profiler_stop
   - EP:  11/16 | expanded dispatch: 12 GB/s (SO), 38 GB/s (SU), 149.300 us, 5698368 bytes | copy: 1901 GB/s, 10.804 us
   - EP:   9/16 | expanded dispatch: 12 GB/s (SO), 39 GB/s (SU), 149.160 us, 5773248 bytes | copy: 1598 GB/s, 12.930 us
   - EP:  13/16 | expanded dispatch: 12 GB/s (SO), 38 GB/s (SU), 149.219 us, 5728320 bytes | copy: 2245 GB/s, 9.217 us
   - EP:  10/16 | expanded dispatch: 12 GB/s (SO), 42 GB/s (SU), 149.273 us, 6312384 bytes | copy: 1412 GB/s, 15.011 us
   - EP:  14/16 | expanded dispatch: 11 GB/s (SO), 41 GB/s (SU), 149.114 us, 6162624 bytes | copy: 2285 GB/s, 9.196 us
   - EP:  15/16 | expanded dispatch: 11 GB/s (SO), 40 GB/s (SU), 149.160 us, 6005376 bytes | copy: 2055 GB/s, 10.191 us
   - EP:  12/16 | expanded dispatch: 12 GB/s (SO), 41 GB/s (SU), 149.021 us, 6117696 bytes | copy: 2638 GB/s, 7.941 us
   - EP:   8/16 | expanded dispatch: 12 GB/s (SO), 39 GB/s (SU), 149.215 us, 5833152 bytes | copy: 1491 GB/s, 13.906 us
USDT:2026-08-31 09:22:35 486:486 SyncActivityProfilerHandler.cpp:52] profiler_startUSDT:2026-08-31 09:22:35 487:487 SyncActivityProfilerHandler.cpp:52] profiler_startUSDT:2026-08-31 09:22:35 492:492 SyncActivityProfilerHandler.cpp:52] profiler_startUSDT:2026-08-31 09:22:35 489:489 SyncActivityProfilerHandler.cpp:52] profiler_start



USDT:2026-08-31 09:22:35 491:491 SyncActivityProfilerHandler.cpp:52] profiler_start
USDT:2026-08-31 09:22:35 485:485 SyncActivityProfilerHandler.cpp:52] profiler_startUSDT:2026-08-31 09:22:35 490:490 SyncActivityProfilerHandler.cpp:52] profiler_start
USDT:2026-08-31 09:22:35 488:488 SyncActivityProfilerHandler.cpp:52] profiler_start

USDT:2026-08-31 09:22:36 492:492 SyncActivityProfilerHandler.cpp:59] profiler_stopUSDT:2026-08-31 09:22:36 487:487 SyncActivityProfilerHandler.cpp:59] profiler_stopUSDT:2026-08-31 09:22:36 489:489 SyncActivityProfilerHandler.cpp:59] profiler_stopUSDT:2026-08-31 09:22:36 486:486 SyncActivityProfilerHandler.cpp:59] profiler_stopUSDT:2026-08-31 09:22:36 485:485 SyncActivityProfilerHandler.cpp:59] profiler_stop




USDT:2026-08-31 09:22:36 491:491 SyncActivityProfilerHandler.cpp:59] profiler_stop
USDT:2026-08-31 09:22:36 488:488 SyncActivityProfilerHandler.cpp:59] profiler_stop
USDT:2026-08-31 09:22:36 490:490 SyncActivityProfilerHandler.cpp:59] profiler_stop
   # EP:  10/16 | cached dispatch: 12 GB/s (SO), 44 GB/s (SU), 142.917 us, 6312384 bytes | copy: 1015 GB/s, 12.444 us   # EP:  12/16 | cached dispatch: 12 GB/s (SO), 43 GB/s (SU), 142.689 us, 6117696 bytes | copy: 1485 GB/s, 8.237 us

   # EP:   9/16 | cached dispatch: 12 GB/s (SO), 40 GB/s (SU), 142.801 us, 5773248 bytes | copy: 992 GB/s, 11.643 us
   # EP:   8/16 | cached dispatch: 13 GB/s (SO), 41 GB/s (SU), 142.788 us, 5833152 bytes | copy: 1041 GB/s, 11.210 us   # EP:  15/16 | cached dispatch: 12 GB/s (SO), 42 GB/s (SU), 142.841 us, 6005376 bytes | copy: 1305 GB/s, 9.207 us

   # EP:  14/16 | cached dispatch: 12 GB/s (SO), 43 GB/s (SU), 142.740 us, 6162624 bytes | copy: 1674 GB/s, 7.361 us
   # EP:  11/16 | cached dispatch: 12 GB/s (SO), 40 GB/s (SU), 142.971 us, 5698368 bytes | copy: 1178 GB/s, 9.671 us
   # EP:  13/16 | cached dispatch: 12 GB/s (SO), 40 GB/s (SU), 142.783 us, 5728320 bytes | copy: 1490 GB/s, 7.688 us
USDT:2026-08-31 09:22:36 486:486 SyncActivityProfilerHandler.cpp:52] profiler_startUSDT:2026-08-31 09:22:36 487:487 SyncActivityProfilerHandler.cpp:52] profiler_start

USDT:2026-08-31 09:22:36 491:491 SyncActivityProfilerHandler.cpp:52] profiler_startUSDT:2026-08-31 09:22:36 485:485 SyncActivityProfilerHandler.cpp:52] profiler_startUSDT:2026-08-31 09:22:36 492:492 SyncActivityProfilerHandler.cpp:52] profiler_startUSDT:2026-08-31 09:22:36 489:489 SyncActivityProfilerHandler.cpp:52] profiler_start



USDT:2026-08-31 09:22:36 490:490 SyncActivityProfilerHandler.cpp:52] profiler_startUSDT:2026-08-31 09:22:36 488:488 SyncActivityProfilerHandler.cpp:52] profiler_start

USDT:2026-08-31 09:22:36 486:486 SyncActivityProfilerHandler.cpp:59] profiler_stopUSDT:2026-08-31 09:22:36 492:492 SyncActivityProfilerHandler.cpp:59] profiler_stopUSDT:2026-08-31 09:22:36 485:485 SyncActivityProfilerHandler.cpp:59] profiler_stop


USDT:2026-08-31 09:22:36 487:487 SyncActivityProfilerHandler.cpp:59] profiler_stop
USDT:2026-08-31 09:22:36 489:489 SyncActivityProfilerHandler.cpp:59] profiler_stopUSDT:2026-08-31 09:22:36 490:490 SyncActivityProfilerHandler.cpp:59] profiler_stopUSDT:2026-08-31 09:22:36 491:491 SyncActivityProfilerHandler.cpp:59] profiler_stop


USDT:2026-08-31 09:22:36 488:488 SyncActivityProfilerHandler.cpp:59] profiler_stop
   @ EP:  15/16 | combine: 20 GB/s (SO), 71 GB/s (SU), 162.944 us, 11523136 bytes | reduce: 1059 GB/s, 4.587 us
   @ EP:   9/16 | combine: 21 GB/s (SO), 68 GB/s (SU), 163.867 us, 11077728 bytes | reduce: 1059 GB/s, 4.830 us
   @ EP:   8/16 | combine: 21 GB/s (SO), 68 GB/s (SU), 164.784 us, 11192672 bytes | reduce: 1062 GB/s, 4.858 us
   @ EP:  10/16 | combine: 21 GB/s (SO), 74 GB/s (SU), 163.552 us, 12112224 bytes | reduce: 1062 GB/s, 4.777 us
   @ EP:  11/16 | combine: 20 GB/s (SO), 67 GB/s (SU), 163.670 us, 10934048 bytes | reduce: 1064 GB/s, 4.728 us
   @ EP:  14/16 | combine: 20 GB/s (SO), 72 GB/s (SU), 163.681 us, 11824864 bytes | reduce: 1052 GB/s, 4.673 us
   @ EP:  12/16 | combine: 20 GB/s (SO), 71 GB/s (SU), 165.754 us, 11738656 bytes | reduce: 1045 GB/s, 4.769 us
   @ EP:  13/16 | combine: 20 GB/s (SO), 67 GB/s (SU), 163.886 us, 10991520 bytes | reduce: 1025 GB/s, 4.836 us
USDT:2026-08-31 09:22:37 489:489 SyncActivityProfilerHandler.cpp:52] profiler_startUSDT:2026-08-31 09:22:37 487:487 SyncActivityProfilerHandler.cpp:52] profiler_startUSDT:2026-08-31 09:22:37 486:486 SyncActivityProfilerHandler.cpp:52] profiler_startUSDT:2026-08-31 09:22:37 492:492 SyncActivityProfilerHandler.cpp:52] profiler_startUSDT:2026-08-31 09:22:37 488:488 SyncActivityProfilerHandler.cpp:52] profiler_startUSDT:2026-08-31 09:22:37 491:491 SyncActivityProfilerHandler.cpp:52] profiler_start




USDT:2026-08-31 09:22:37 490:490 SyncActivityProfilerHandler.cpp:52] profiler_start

USDT:2026-08-31 09:22:37 485:485 SyncActivityProfilerHandler.cpp:52] profiler_start
USDT:2026-08-31 09:22:37 486:486 SyncActivityProfilerHandler.cpp:59] profiler_stopUSDT:2026-08-31 09:22:37 487:487 SyncActivityProfilerHandler.cpp:59] profiler_stopUSDT:2026-08-31 09:22:37 492:492 SyncActivityProfilerHandler.cpp:59] profiler_stop


USDT:2026-08-31 09:22:37 491:491 SyncActivityProfilerHandler.cpp:59] profiler_stopUSDT:2026-08-31 09:22:37 485:485 SyncActivityProfilerHandler.cpp:59] profiler_stop

USDT:2026-08-31 09:22:37 489:489 SyncActivityProfilerHandler.cpp:59] profiler_stop
USDT:2026-08-31 09:22:37 488:488 SyncActivityProfilerHandler.cpp:59] profiler_stop
USDT:2026-08-31 09:22:37 490:490 SyncActivityProfilerHandler.cpp:59] profiler_stop
   + EP:  10/16 | reduced combine: 20 GB/s (SO), 71 GB/s (SU), 169.805 us, 12112224 bytes | reduce: 1020 GB/s, 4.973 us   + EP:  15/16 | reduced combine: 19 GB/s (SO), 68 GB/s (SU), 169.788 us, 11523136 bytes | reduce: 1002 GB/s, 4.845 us

   + EP:  11/16 | reduced combine: 20 GB/s (SO), 64 GB/s (SU), 171.115 us, 10934048 bytes | reduce: 1068 GB/s, 4.710 us
   + EP:  14/16 | reduced combine: 19 GB/s (SO), 70 GB/s (SU), 169.604 us, 11824864 bytes | reduce: 1033 GB/s, 4.756 us
   + EP:   9/16 | reduced combine: 20 GB/s (SO), 66 GB/s (SU), 169.106 us, 11077728 bytes | reduce: 1087 GB/s, 4.707 us
   + EP:  12/16 | reduced combine: 19 GB/s (SO), 67 GB/s (SU), 174.043 us, 11738656 bytes | reduce: 960 GB/s, 5.194 us
   + EP:  13/16 | reduced combine: 19 GB/s (SO), 65 GB/s (SU), 169.966 us, 10991520 bytes | reduce: 1022 GB/s, 4.852 us
   + EP:   8/16 | reduced combine: 20 GB/s (SO), 66 GB/s (SU), 169.203 us, 11192672 bytes | reduce: 1009 GB/s, 5.112 us


