=== EP_NIC_NAME=rdmap110s0 (auto, 200 Gb/s) ===
+ docker run --rm --gpus all --privileged --network=host --ipc=host --ulimit memlock=-1 --ulimit stack=67108864 --device=/dev/infiniband --device=/dev/gdrdrv -v /sys/class/infiniband:/sys/class/infiniband:ro -e MASTER_ADDR=172.31.20.74 -e MASTER_PORT=29717 -e WORLD_SIZE=4 -e RANK=2 -e NCCL_DEBUG=WARN -e EP_NIC_NAME=rdmap110s0 -e NCCL_GIN_TYPE=5 -e NCCL_SYM_GIN_KERNELS_ENABLE=0 -e PYTHONUNBUFFERED=1 -e PYTHONFAULTHANDLER=1 deepep-v2-efa-official:main-8e7b42e bash -lc 'timeout -s ABRT --kill-after=60 1500     python3 -u /opt/DeepEP/tests/elastic/test_ep.py     --num-processes=8 --num-tokens=8192     --hidden=7168 --num-topk=8 --num-experts=256     --num-sms=12 --allow-hybrid-mode=1     --prefer-overlap-with-compute=0 --test-first-only      '

==========
== CUDA ==
==========

CUDA Version 13.0.2

Container image Copyright (c) 2016-2023, NVIDIA CORPORATION & AFFILIATES. All rights reserved.

This container image and its contents are governed by the NVIDIA Deep Learning Container License.
By pulling and using the container, you accept the terms and conditions of this license:
https://developer.nvidia.com/ngc/nvidia-deep-learning-container-license

A copy of this license is made available in this container at /NGC-DL-CONTAINER-LICENSE for your convenience.

DeepEP hybrid kernel selection: unordered
DeepEP hybrid kernel selection: unordered
DeepEP hybrid kernel selection: unordered
DeepEP hybrid kernel selection: unordered
DeepEP hybrid kernel selection: unordered
DeepEP hybrid kernel selection: unordered
DeepEP hybrid kernel selection: unordered
DeepEP hybrid kernel selection: unordered
DeepEP hybrid kernel selection: unordered
DeepEP hybrid kernel selection: unordered
DeepEP hybrid kernel selection: unordered
DeepEP hybrid kernel selection: unordered
DeepEP hybrid kernel selection: unordered
DeepEP hybrid kernel selection: unordered
DeepEP hybrid kernel selection: unordered
DeepEP hybrid kernel selection: unordered
Config:
 > Ranks: 4 x 8
 > Experts: 8/256
 > Tokens: 8176 (max: 8192), hidden: 7168
 > #SM: 12, #QPs: 11/11

Running all test cases:
 > Testing with do_handle_copy=1, expert_alignment=128, use_fp8_dispatch=1, num_bias=0, with_previous_event=0, async_with_compute_stream=0, allocate_on_comm_stream=0 ...
USDT:2026-08-25 04:31:58 435:435 SyncActivityProfilerHandler.cpp:52] profiler_startUSDT:2026-08-25 04:31:58 434:434 SyncActivityProfilerHandler.cpp:52] profiler_startUSDT:2026-08-25 04:31:58 438:438 SyncActivityProfilerHandler.cpp:52] profiler_startUSDT:2026-08-25 04:31:58 441:441 SyncActivityProfilerHandler.cpp:52] profiler_startUSDT:2026-08-25 04:31:58 440:440 SyncActivityProfilerHandler.cpp:52] profiler_startUSDT:2026-08-25 04:31:58 436:436 SyncActivityProfilerHandler.cpp:52] profiler_start


USDT:2026-08-25 04:31:58 439:439 SyncActivityProfilerHandler.cpp:52] profiler_startUSDT:2026-08-25 04:31:58 437:437 SyncActivityProfilerHandler.cpp:52] profiler_start




USDT:2026-08-25 04:31:58 438:438 SyncActivityProfilerHandler.cpp:59] profiler_stopUSDT:2026-08-25 04:31:58 435:435 SyncActivityProfilerHandler.cpp:59] profiler_stopUSDT:2026-08-25 04:31:58 434:434 SyncActivityProfilerHandler.cpp:59] profiler_stopUSDT:2026-08-25 04:31:58 437:437 SyncActivityProfilerHandler.cpp:59] profiler_stopUSDT:2026-08-25 04:31:58 436:436 SyncActivityProfilerHandler.cpp:59] profiler_stop
USDT:2026-08-25 04:31:58 440:440 SyncActivityProfilerHandler.cpp:59] profiler_stop


USDT:2026-08-25 04:31:58 441:441 SyncActivityProfilerHandler.cpp:59] profiler_stop


USDT:2026-08-25 04:31:58 439:439 SyncActivityProfilerHandler.cpp:59] profiler_stop
   * EP:  16/32 | dispatch: 56 GB/s (SO), 113 GB/s (SU), 3936.000 us, 444809664 bytes | copy: 2729 GB/s, 326.006 us
   * EP:  17/32 | dispatch: 56 GB/s (SO), 114 GB/s (SU), 3936.000 us, 447018624 bytes | copy: 2851 GB/s, 313.625 us
   * EP:  18/32 | dispatch: 56 GB/s (SO), 113 GB/s (SU), 3936.000 us, 444674880 bytes | copy: 2884 GB/s, 308.422 us
   * EP:  23/32 | dispatch: 56 GB/s (SO), 113 GB/s (SU), 3936.000 us, 446719104 bytes | copy: 2684 GB/s, 332.922 us
   * EP:  21/32 | dispatch: 56 GB/s (SO), 113 GB/s (SU), 3936.000 us, 445970304 bytes | copy: 2857 GB/s, 312.218 us   * EP:  20/32 | dispatch: 56 GB/s (SO), 114 GB/s (SU), 3936.000 us, 447497856 bytes | copy: 2723 GB/s, 328.722 us

   * EP:  19/32 | dispatch: 56 GB/s (SO), 113 GB/s (SU), 3936.000 us, 445850496 bytes | copy: 2723 GB/s, 327.509 us
   * EP:  22/32 | dispatch: 56 GB/s (SO), 113 GB/s (SU), 3936.000 us, 443731392 bytes | copy: 2736 GB/s, 324.357 us
USDT:2026-08-25 04:31:59 441:441 SyncActivityProfilerHandler.cpp:52] profiler_startUSDT:2026-08-25 04:31:59 440:440 SyncActivityProfilerHandler.cpp:52] profiler_startUSDT:2026-08-25 04:31:59 437:437 SyncActivityProfilerHandler.cpp:52] profiler_startUSDT:2026-08-25 04:31:59 438:438 SyncActivityProfilerHandler.cpp:52] profiler_start
USDT:2026-08-25 04:31:59 439:439 SyncActivityProfilerHandler.cpp:52] profiler_startUSDT:2026-08-25 04:31:59 434:434 SyncActivityProfilerHandler.cpp:52] profiler_startUSDT:2026-08-25 04:31:59 435:435 SyncActivityProfilerHandler.cpp:52] profiler_startUSDT:2026-08-25 04:31:59 436:436 SyncActivityProfilerHandler.cpp:52] profiler_start






USDT:2026-08-25 04:31:59 434:434 SyncActivityProfilerHandler.cpp:59] profiler_stop
USDT:2026-08-25 04:31:59 441:441 SyncActivityProfilerHandler.cpp:59] profiler_stopUSDT:2026-08-25 04:31:59 440:440 SyncActivityProfilerHandler.cpp:59] profiler_stopUSDT:2026-08-25 04:31:59 435:435 SyncActivityProfilerHandler.cpp:59] profiler_stopUSDT:2026-08-25 04:31:59 436:436 SyncActivityProfilerHandler.cpp:59] profiler_stop

USDT:2026-08-25 04:31:59 439:439 SyncActivityProfilerHandler.cpp:59] profiler_stopUSDT:2026-08-25 04:31:59 437:437 SyncActivityProfilerHandler.cpp:59] profiler_stop



USDT:2026-08-25 04:31:59 438:438 SyncActivityProfilerHandler.cpp:59] profiler_stop
   - EP:  23/32 | expanded dispatch: 56 GB/s (SO), 113 GB/s (SU), 3937.000 us, 446719104 bytes | copy: 2432 GB/s, 387.671 us
   - EP:  16/32 | expanded dispatch: 56 GB/s (SO), 113 GB/s (SU), 3937.000 us, 444809664 bytes | copy: 2366 GB/s, 397.691 us
   - EP:  17/32 | expanded dispatch: 56 GB/s (SO), 114 GB/s (SU), 3937.000 us, 447018624 bytes | copy: 2548 GB/s, 370.276 us
   - EP:  18/32 | expanded dispatch: 56 GB/s (SO), 113 GB/s (SU), 3937.000 us, 444674880 bytes | copy: 2508 GB/s, 374.421 us
   - EP:  21/32 | expanded dispatch: 56 GB/s (SO), 113 GB/s (SU), 3937.000 us, 445970304 bytes | copy: 2537 GB/s, 372.011 us
   - EP:  19/32 | expanded dispatch: 56 GB/s (SO), 113 GB/s (SU), 3937.000 us, 445850496 bytes | copy: 2374 GB/s, 397.403 us
   - EP:  20/32 | expanded dispatch: 56 GB/s (SO), 114 GB/s (SU), 3937.000 us, 447497856 bytes | copy: 2579 GB/s, 366.880 us
   - EP:  22/32 | expanded dispatch: 56 GB/s (SO), 113 GB/s (SU), 3937.000 us, 443731392 bytes | copy: 2438 GB/s, 384.438 us
USDT:2026-08-25 04:32:00 434:434 SyncActivityProfilerHandler.cpp:52] profiler_startUSDT:2026-08-25 04:32:00 440:440 SyncActivityProfilerHandler.cpp:52] profiler_startUSDT:2026-08-25 04:32:00 441:441 SyncActivityProfilerHandler.cpp:52] profiler_startUSDT:2026-08-25 04:32:00 435:435 SyncActivityProfilerHandler.cpp:52] profiler_start
USDT:2026-08-25 04:32:00 437:437 SyncActivityProfilerHandler.cpp:52] profiler_startUSDT:2026-08-25 04:32:00 436:436 SyncActivityProfilerHandler.cpp:52] profiler_startUSDT:2026-08-25 04:32:00 438:438 SyncActivityProfilerHandler.cpp:52] profiler_start





USDT:2026-08-25 04:32:00 439:439 SyncActivityProfilerHandler.cpp:52] profiler_start
USDT:2026-08-25 04:32:00 436:436 SyncActivityProfilerHandler.cpp:59] profiler_stopUSDT:2026-08-25 04:32:00 437:437 SyncActivityProfilerHandler.cpp:59] profiler_stopUSDT:2026-08-25 04:32:00 438:438 SyncActivityProfilerHandler.cpp:59] profiler_stopUSDT:2026-08-25 04:32:00 434:434 SyncActivityProfilerHandler.cpp:59] profiler_stopUSDT:2026-08-25 04:32:00 441:441 SyncActivityProfilerHandler.cpp:59] profiler_stop

USDT:2026-08-25 04:32:00 440:440 SyncActivityProfilerHandler.cpp:59] profiler_stop


USDT:2026-08-25 04:32:00 435:435 SyncActivityProfilerHandler.cpp:59] profiler_stop

USDT:2026-08-25 04:32:00 439:439 SyncActivityProfilerHandler.cpp:59] profiler_stop
   # EP:  16/32 | cached dispatch: 53 GB/s (SO), 106 GB/s (SU), 4204.000 us, 444809664 bytes | copy: 2519 GB/s, 353.096 us
   # EP:  23/32 | cached dispatch: 53 GB/s (SO), 106 GB/s (SU), 4204.000 us, 446719104 bytes | copy: 2506 GB/s, 356.450 us
   # EP:  17/32 | cached dispatch: 53 GB/s (SO), 106 GB/s (SU), 4204.000 us, 447018624 bytes | copy: 2531 GB/s, 353.204 us
   # EP:  18/32 | cached dispatch: 53 GB/s (SO), 106 GB/s (SU), 4204.000 us, 444674880 bytes | copy: 2628 GB/s, 338.421 us
   # EP:  20/32 | cached dispatch: 53 GB/s (SO), 106 GB/s (SU), 4204.000 us, 447497856 bytes | copy: 2577 GB/s, 347.308 us
   # EP:  21/32 | cached dispatch: 53 GB/s (SO), 106 GB/s (SU), 4204.000 us, 445970304 bytes | copy: 2830 GB/s, 315.150 us
   # EP:  19/32 | cached dispatch: 53 GB/s (SO), 106 GB/s (SU), 4204.000 us, 445850496 bytes | copy: 2524 GB/s, 353.334 us
   # EP:  22/32 | cached dispatch: 52 GB/s (SO), 106 GB/s (SU), 4204.000 us, 443731392 bytes | copy: 2722 GB/s, 326.070 us
USDT:2026-08-25 04:32:01 436:436 SyncActivityProfilerHandler.cpp:52] profiler_start
USDT:2026-08-25 04:32:01 440:440 SyncActivityProfilerHandler.cpp:52] profiler_start
USDT:2026-08-25 04:32:01 441:441 SyncActivityProfilerHandler.cpp:52] profiler_start
USDT:2026-08-25 04:32:01 434:434 SyncActivityProfilerHandler.cpp:52] profiler_start
USDT:2026-08-25 04:32:01 439:439 SyncActivityProfilerHandler.cpp:52] profiler_start
USDT:2026-08-25 04:32:01 437:437 SyncActivityProfilerHandler.cpp:52] profiler_start
USDT:2026-08-25 04:32:01 438:438 SyncActivityProfilerHandler.cpp:52] profiler_start
USDT:2026-08-25 04:32:01 435:435 SyncActivityProfilerHandler.cpp:52] profiler_start
USDT:2026-08-25 04:32:02 435:435 SyncActivityProfilerHandler.cpp:59] profiler_stop
USDT:2026-08-25 04:32:02 436:436 SyncActivityProfilerHandler.cpp:59] profiler_stop
USDT:2026-08-25 04:32:02 434:434 SyncActivityProfilerHandler.cpp:59] profiler_stop
USDT:2026-08-25 04:32:02 440:440 SyncActivityProfilerHandler.cpp:59] profiler_stop
USDT:2026-08-25 04:32:02 437:437 SyncActivityProfilerHandler.cpp:59] profiler_stop
USDT:2026-08-25 04:32:02 441:441 SyncActivityProfilerHandler.cpp:59] profiler_stop
USDT:2026-08-25 04:32:02 439:439 SyncActivityProfilerHandler.cpp:59] profiler_stop
USDT:2026-08-25 04:32:02 438:438 SyncActivityProfilerHandler.cpp:59] profiler_stop
   @ EP:  18/32 | combine: 57 GB/s (SO), 115 GB/s (SU), 7439.000 us, 853243680 bytes | reduce: 3614 GB/s, 149.793 us
   @ EP:  17/32 | combine: 57 GB/s (SO), 115 GB/s (SU), 7484.000 us, 857740864 bytes | reduce: 3620 GB/s, 149.760 us
   @ EP:  16/32 | combine: 56 GB/s (SO), 113 GB/s (SU), 7548.000 us, 853502304 bytes | reduce: 3607 GB/s, 150.531 us
   @ EP:  22/32 | combine: 57 GB/s (SO), 115 GB/s (SU), 7436.000 us, 851433312 bytes | reduce: 3615 GB/s, 149.529 us
   @ EP:  23/32 | combine: 57 GB/s (SO), 115 GB/s (SU), 7440.000 us, 857166144 bytes | reduce: 3602 GB/s, 150.417 us
   @ EP:  20/32 | combine: 55 GB/s (SO), 111 GB/s (SU), 7754.000 us, 858660416 bytes | reduce: 3604 GB/s, 150.272 us
   @ EP:  19/32 | combine: 57 GB/s (SO), 114 GB/s (SU), 7505.000 us, 855499456 bytes | reduce: 3607 GB/s, 150.321 us
   @ EP:  21/32 | combine: 57 GB/s (SO), 114 GB/s (SU), 7503.000 us, 855729344 bytes | reduce: 3619 GB/s, 149.957 us
USDT:2026-08-25 04:32:03 436:436 SyncActivityProfilerHandler.cpp:52] profiler_start
USDT:2026-08-25 04:32:03 437:437 SyncActivityProfilerHandler.cpp:52] profiler_start
USDT:2026-08-25 04:32:03 438:438 SyncActivityProfilerHandler.cpp:52] profiler_start
USDT:2026-08-25 04:32:03 440:440 SyncActivityProfilerHandler.cpp:52] profiler_start
USDT:2026-08-25 04:32:03 441:441 SyncActivityProfilerHandler.cpp:52] profiler_start
USDT:2026-08-25 04:32:03 435:435 SyncActivityProfilerHandler.cpp:52] profiler_start
USDT:2026-08-25 04:32:03 434:434 SyncActivityProfilerHandler.cpp:52] profiler_start
USDT:2026-08-25 04:32:03 439:439 SyncActivityProfilerHandler.cpp:52] profiler_start
USDT:2026-08-25 04:32:03 440:440 SyncActivityProfilerHandler.cpp:59] profiler_stop
USDT:2026-08-25 04:32:03 438:438 SyncActivityProfilerHandler.cpp:59] profiler_stop
USDT:2026-08-25 04:32:03 441:441 SyncActivityProfilerHandler.cpp:59] profiler_stop
USDT:2026-08-25 04:32:03 437:437 SyncActivityProfilerHandler.cpp:59] profiler_stop
USDT:2026-08-25 04:32:03 434:434 SyncActivityProfilerHandler.cpp:59] profiler_stop
USDT:2026-08-25 04:32:03 436:436 SyncActivityProfilerHandler.cpp:59] profiler_stop
USDT:2026-08-25 04:32:03 435:435 SyncActivityProfilerHandler.cpp:59] profiler_stop
USDT:2026-08-25 04:32:03 439:439 SyncActivityProfilerHandler.cpp:59] profiler_stop
   + EP:  23/32 | reduced combine: 57 GB/s (SO), 115 GB/s (SU), 7472.000 us, 857166144 bytes | reduce: 3604 GB/s, 150.341 us
   + EP:  20/32 | reduced combine: 57 GB/s (SO), 116 GB/s (SU), 7423.000 us, 858660416 bytes | reduce: 3610 GB/s, 150.015 us   + EP:  18/32 | reduced combine: 57 GB/s (SO), 115 GB/s (SU), 7439.000 us, 853243680 bytes | reduce: 3614 GB/s, 149.779 us

   + EP:  17/32 | reduced combine: 57 GB/s (SO), 115 GB/s (SU), 7484.000 us, 857740864 bytes | reduce: 3618 GB/s, 149.833 us
   + EP:  22/32 | reduced combine: 57 GB/s (SO), 115 GB/s (SU), 7430.000 us, 851433312 bytes | reduce: 3611 GB/s, 149.683 us
   + EP:  19/32 | reduced combine: 57 GB/s (SO), 115 GB/s (SU), 7417.000 us, 855499456 bytes | reduce: 3604 GB/s, 150.430 us
   + EP:  16/32 | reduced combine: 56 GB/s (SO), 113 GB/s (SU), 7569.000 us, 853502304 bytes | reduce: 3609 GB/s, 150.472 us
   + EP:  21/32 | reduced combine: 54 GB/s (SO), 109 GB/s (SU), 7838.000 us, 855729344 bytes | reduce: 3607 GB/s, 150.442 us


