=== EP_NIC_NAME=rdmap110s0 (auto, 200 Gb/s) ===
+ docker run --rm --gpus all --privileged --network=host --ipc=host --ulimit memlock=-1 --ulimit stack=67108864 --device=/dev/infiniband --device=/dev/gdrdrv -v /sys/class/infiniband:/sys/class/infiniband:ro -e MASTER_ADDR=172.31.20.74 -e MASTER_PORT=29718 -e WORLD_SIZE=4 -e RANK=2 -e NCCL_DEBUG=WARN -e EP_NIC_NAME=rdmap110s0 -e NCCL_GIN_TYPE=5 -e NCCL_SYM_GIN_KERNELS_ENABLE=0 -e PYTHONUNBUFFERED=1 -e PYTHONFAULTHANDLER=1 deepep-v2-efa-official:main-8e7b42e bash -lc 'timeout -s ABRT --kill-after=60 1500     python3 -u /opt/DeepEP/tests/elastic/test_ep.py     --num-processes=8 --num-tokens=128     --hidden=7168 --num-topk=8 --num-experts=256     --num-sms=12 --allow-hybrid-mode=1     --prefer-overlap-with-compute=0 --test-first-only      '

==========
== CUDA ==
==========

CUDA Version 13.0.2

Container image Copyright (c) 2016-2023, NVIDIA CORPORATION & AFFILIATES. All rights reserved.

This container image and its contents are governed by the NVIDIA Deep Learning Container License.
By pulling and using the container, you accept the terms and conditions of this license:
https://developer.nvidia.com/ngc/nvidia-deep-learning-container-license

A copy of this license is made available in this container at /NGC-DL-CONTAINER-LICENSE for your convenience.

DeepEP hybrid kernel selection: unordered
DeepEP hybrid kernel selection: unordered
DeepEP hybrid kernel selection: unordered
DeepEP hybrid kernel selection: unordered
DeepEP hybrid kernel selection: unordered
DeepEP hybrid kernel selection: unordered
DeepEP hybrid kernel selection: unordered
DeepEP hybrid kernel selection: unordered
DeepEP hybrid kernel selection: unordered
DeepEP hybrid kernel selection: unordered
DeepEP hybrid kernel selection: unordered
DeepEP hybrid kernel selection: unordered
DeepEP hybrid kernel selection: unordered
DeepEP hybrid kernel selection: unordered
DeepEP hybrid kernel selection: unordered
DeepEP hybrid kernel selection: unordered
Config:
 > Ranks: 4 x 8
 > Experts: 8/256
 > Tokens: 112 (max: 128), hidden: 7168
 > #SM: 12, #QPs: 11/11

Running all test cases:
 > Testing with do_handle_copy=1, expert_alignment=128, use_fp8_dispatch=1, num_bias=0, with_previous_event=0, async_with_compute_stream=0, allocate_on_comm_stream=0 ...
USDT:2026-08-25 04:33:41 441:441 SyncActivityProfilerHandler.cpp:52] profiler_startUSDT:2026-08-25 04:33:41 435:435 SyncActivityProfilerHandler.cpp:52] profiler_startUSDT:2026-08-25 04:33:41 437:437 SyncActivityProfilerHandler.cpp:52] profiler_startUSDT:2026-08-25 04:33:41 438:438 SyncActivityProfilerHandler.cpp:52] profiler_startUSDT:2026-08-25 04:33:41 442:442 SyncActivityProfilerHandler.cpp:52] profiler_startUSDT:2026-08-25 04:33:41 439:439 SyncActivityProfilerHandler.cpp:52] profiler_start

USDT:2026-08-25 04:33:41 440:440 SyncActivityProfilerHandler.cpp:52] profiler_start




USDT:2026-08-25 04:33:41 436:436 SyncActivityProfilerHandler.cpp:52] profiler_start
USDT:2026-08-25 04:33:41 436:436 SyncActivityProfilerHandler.cpp:59] profiler_stopUSDT:2026-08-25 04:33:41 440:440 SyncActivityProfilerHandler.cpp:59] profiler_stopUSDT:2026-08-25 04:33:41 439:439 SyncActivityProfilerHandler.cpp:59] profiler_stopUSDT:2026-08-25 04:33:41 441:441 SyncActivityProfilerHandler.cpp:59] profiler_stopUSDT:2026-08-25 04:33:41 437:437 SyncActivityProfilerHandler.cpp:59] profiler_stopUSDT:2026-08-25 04:33:41 435:435 SyncActivityProfilerHandler.cpp:59] profiler_stop


USDT:2026-08-25 04:33:41 438:438 SyncActivityProfilerHandler.cpp:59] profiler_stopUSDT:2026-08-25 04:33:41 442:442 SyncActivityProfilerHandler.cpp:59] profiler_stop




   * EP:  23/32 | dispatch: 15 GB/s (SO), 34 GB/s (SU), 185.036 us, 6200064 bytes | copy: 1135 GB/s, 10.927 us
   * EP:  22/32 | dispatch: 15 GB/s (SO), 34 GB/s (SU), 185.038 us, 6289920 bytes | copy: 944 GB/s, 13.327 us
   * EP:  19/32 | dispatch: 16 GB/s (SO), 34 GB/s (SU), 184.987 us, 6289920 bytes | copy: 1213 GB/s, 10.372 us
   * EP:  16/32 | dispatch: 16 GB/s (SO), 34 GB/s (SU), 184.804 us, 6342336 bytes | copy: 1601 GB/s, 7.922 us
   * EP:  18/32 | dispatch: 16 GB/s (SO), 32 GB/s (SU), 184.826 us, 5885568 bytes | copy: 2107 GB/s, 5.586 us
   * EP:  17/32 | dispatch: 16 GB/s (SO), 34 GB/s (SU), 185.127 us, 6327360 bytes | copy: 1299 GB/s, 9.740 us
   * EP:  21/32 | dispatch: 16 GB/s (SO), 33 GB/s (SU), 185.012 us, 6155136 bytes | copy: 819 GB/s, 15.025 us
   * EP:  20/32 | dispatch: 16 GB/s (SO), 33 GB/s (SU), 184.942 us, 6072768 bytes | copy: 787 GB/s, 15.423 us
USDT:2026-08-25 04:33:41 439:439 SyncActivityProfilerHandler.cpp:52] profiler_startUSDT:2026-08-25 04:33:41 442:442 SyncActivityProfilerHandler.cpp:52] profiler_startUSDT:2026-08-25 04:33:41 441:441 SyncActivityProfilerHandler.cpp:52] profiler_startUSDT:2026-08-25 04:33:41 440:440 SyncActivityProfilerHandler.cpp:52] profiler_start
USDT:2026-08-25 04:33:41 435:435 SyncActivityProfilerHandler.cpp:52] profiler_startUSDT:2026-08-25 04:33:41 438:438 SyncActivityProfilerHandler.cpp:52] profiler_startUSDT:2026-08-25 04:33:41 436:436 SyncActivityProfilerHandler.cpp:52] profiler_start
USDT:2026-08-25 04:33:41 437:437 SyncActivityProfilerHandler.cpp:52] profiler_start





USDT:2026-08-25 04:33:42 435:435 SyncActivityProfilerHandler.cpp:59] profiler_stopUSDT:2026-08-25 04:33:42 442:442 SyncActivityProfilerHandler.cpp:59] profiler_stopUSDT:2026-08-25 04:33:42 441:441 SyncActivityProfilerHandler.cpp:59] profiler_stopUSDT:2026-08-25 04:33:42 440:440 SyncActivityProfilerHandler.cpp:59] profiler_stop



USDT:2026-08-25 04:33:42 438:438 SyncActivityProfilerHandler.cpp:59] profiler_stopUSDT:2026-08-25 04:33:42 439:439 SyncActivityProfilerHandler.cpp:59] profiler_stop
USDT:2026-08-25 04:33:42 436:436 SyncActivityProfilerHandler.cpp:59] profiler_stop
USDT:2026-08-25 04:33:42 437:437 SyncActivityProfilerHandler.cpp:59] profiler_stop

   - EP:  20/32 | expanded dispatch: 16 GB/s (SO), 33 GB/s (SU), 184.334 us, 6072768 bytes | copy: 959 GB/s, 15.299 us
   - EP:  21/32 | expanded dispatch: 16 GB/s (SO), 33 GB/s (SU), 184.392 us, 6155136 bytes | copy: 1098 GB/s, 13.287 us
   - EP:  17/32 | expanded dispatch: 16 GB/s (SO), 34 GB/s (SU), 184.457 us, 6327360 bytes | copy: 1682 GB/s, 9.402 us
   - EP:  18/32 | expanded dispatch: 16 GB/s (SO), 32 GB/s (SU), 184.150 us, 5885568 bytes | copy: 1922 GB/s, 7.013 us
   - EP:  22/32 | expanded dispatch: 15 GB/s (SO), 34 GB/s (SU), 184.371 us, 6289920 bytes | copy: 1087 GB/s, 12.734 us
   - EP:  16/32 | expanded dispatch: 16 GB/s (SO), 34 GB/s (SU), 184.163 us, 6342336 bytes | copy: 1837 GB/s, 8.196 us
   - EP:  23/32 | expanded dispatch: 15 GB/s (SO), 34 GB/s (SU), 184.396 us, 6200064 bytes | copy: 1493 GB/s, 9.838 us
   - EP:  19/32 | expanded dispatch: 16 GB/s (SO), 34 GB/s (SU), 184.296 us, 6289920 bytes | copy: 1437 GB/s, 9.734 us
USDT:2026-08-25 04:33:42 438:438 SyncActivityProfilerHandler.cpp:52] profiler_startUSDT:2026-08-25 04:33:42 435:435 SyncActivityProfilerHandler.cpp:52] profiler_startUSDT:2026-08-25 04:33:42 437:437 SyncActivityProfilerHandler.cpp:52] profiler_startUSDT:2026-08-25 04:33:42 442:442 SyncActivityProfilerHandler.cpp:52] profiler_startUSDT:2026-08-25 04:33:42 441:441 SyncActivityProfilerHandler.cpp:52] profiler_startUSDT:2026-08-25 04:33:42 439:439 SyncActivityProfilerHandler.cpp:52] profiler_start

USDT:2026-08-25 04:33:42 436:436 SyncActivityProfilerHandler.cpp:52] profiler_startUSDT:2026-08-25 04:33:42 440:440 SyncActivityProfilerHandler.cpp:52] profiler_start





USDT:2026-08-25 04:33:43 440:440 SyncActivityProfilerHandler.cpp:59] profiler_stopUSDT:2026-08-25 04:33:43 438:438 SyncActivityProfilerHandler.cpp:59] profiler_stopUSDT:2026-08-25 04:33:43 437:437 SyncActivityProfilerHandler.cpp:59] profiler_stopUSDT:2026-08-25 04:33:43 436:436 SyncActivityProfilerHandler.cpp:59] profiler_stopUSDT:2026-08-25 04:33:43 435:435 SyncActivityProfilerHandler.cpp:59] profiler_stopUSDT:2026-08-25 04:33:43 439:439 SyncActivityProfilerHandler.cpp:59] profiler_stopUSDT:2026-08-25 04:33:43 442:442 SyncActivityProfilerHandler.cpp:59] profiler_stop




USDT:2026-08-25 04:33:43 441:441 SyncActivityProfilerHandler.cpp:59] profiler_stop


   # EP:  17/32 | cached dispatch: 16 GB/s (SO), 35 GB/s (SU), 180.530 us, 6327360 bytes | copy: 1274 GB/s, 9.933 us
   # EP:  21/32 | cached dispatch: 16 GB/s (SO), 34 GB/s (SU), 180.556 us, 6155136 bytes | copy: 797 GB/s, 15.444 us
   # EP:  19/32 | cached dispatch: 16 GB/s (SO), 35 GB/s (SU), 180.502 us, 6289920 bytes | copy: 1175 GB/s, 10.709 us   # EP:  23/32 | cached dispatch: 16 GB/s (SO), 34 GB/s (SU), 180.645 us, 6200064 bytes | copy: 1083 GB/s, 11.446 us

   # EP:  18/32 | cached dispatch: 16 GB/s (SO), 33 GB/s (SU), 180.380 us, 5885568 bytes | copy: 2355 GB/s, 4.998 us
   # EP:  22/32 | cached dispatch: 16 GB/s (SO), 35 GB/s (SU), 180.598 us, 6289920 bytes | copy: 950 GB/s, 13.245 us
   # EP:  20/32 | cached dispatch: 16 GB/s (SO), 34 GB/s (SU), 180.473 us, 6072768 bytes | copy: 788 GB/s, 15.411 us
   # EP:  16/32 | cached dispatch: 17 GB/s (SO), 35 GB/s (SU), 180.456 us, 6342336 bytes | copy: 1432 GB/s, 8.861 us
USDT:2026-08-25 04:33:43 439:439 SyncActivityProfilerHandler.cpp:52] profiler_startUSDT:2026-08-25 04:33:43 440:440 SyncActivityProfilerHandler.cpp:52] profiler_startUSDT:2026-08-25 04:33:43 436:436 SyncActivityProfilerHandler.cpp:52] profiler_startUSDT:2026-08-25 04:33:43 441:441 SyncActivityProfilerHandler.cpp:52] profiler_startUSDT:2026-08-25 04:33:43 442:442 SyncActivityProfilerHandler.cpp:52] profiler_start


USDT:2026-08-25 04:33:43 435:435 SyncActivityProfilerHandler.cpp:52] profiler_start
USDT:2026-08-25 04:33:43 438:438 SyncActivityProfilerHandler.cpp:52] profiler_start
USDT:2026-08-25 04:33:43 437:437 SyncActivityProfilerHandler.cpp:52] profiler_start


USDT:2026-08-25 04:33:43 440:440 SyncActivityProfilerHandler.cpp:59] profiler_stopUSDT:2026-08-25 04:33:43 441:441 SyncActivityProfilerHandler.cpp:59] profiler_stop

USDT:2026-08-25 04:33:43 439:439 SyncActivityProfilerHandler.cpp:59] profiler_stopUSDT:2026-08-25 04:33:43 442:442 SyncActivityProfilerHandler.cpp:59] profiler_stop

USDT:2026-08-25 04:33:43 438:438 SyncActivityProfilerHandler.cpp:59] profiler_stopUSDT:2026-08-25 04:33:43 436:436 SyncActivityProfilerHandler.cpp:59] profiler_stop

USDT:2026-08-25 04:33:43 437:437 SyncActivityProfilerHandler.cpp:59] profiler_stopUSDT:2026-08-25 04:33:43 435:435 SyncActivityProfilerHandler.cpp:59] profiler_stop

   @ EP:  21/32 | combine: 23 GB/s (SO), 48 GB/s (SU), 246.148 us, 11810496 bytes | reduce: 982 GB/s, 7.270 us
   @ EP:  20/32 | combine: 22 GB/s (SO), 47 GB/s (SU), 247.958 us, 11652448 bytes | reduce: 927 GB/s, 7.656 us
   @ EP:  23/32 | combine: 22 GB/s (SO), 49 GB/s (SU), 244.865 us, 11896704 bytes | reduce: 945 GB/s, 7.326 us
   @ EP:  17/32 | combine: 23 GB/s (SO), 48 GB/s (SU), 252.157 us, 12140960 bytes | reduce: 986 GB/s, 7.402 us
   @ EP:  22/32 | combine: 22 GB/s (SO), 49 GB/s (SU), 246.620 us, 12069120 bytes | reduce: 948 GB/s, 7.379 us
   @ EP:  18/32 | combine: 23 GB/s (SO), 46 GB/s (SU), 246.913 us, 11293248 bytes | reduce: 983 GB/s, 7.349 us
   @ EP:  19/32 | combine: 23 GB/s (SO), 49 GB/s (SU), 247.209 us, 12069120 bytes | reduce: 969 GB/s, 7.427 us
   @ EP:  16/32 | combine: 23 GB/s (SO), 48 GB/s (SU), 253.850 us, 12169696 bytes | reduce: 977 GB/s, 7.503 us
USDT:2026-08-25 04:33:44 442:442 SyncActivityProfilerHandler.cpp:52] profiler_startUSDT:2026-08-25 04:33:44 438:438 SyncActivityProfilerHandler.cpp:52] profiler_startUSDT:2026-08-25 04:33:44 441:441 SyncActivityProfilerHandler.cpp:52] profiler_startUSDT:2026-08-25 04:33:44 440:440 SyncActivityProfilerHandler.cpp:52] profiler_start
USDT:2026-08-25 04:33:44 436:436 SyncActivityProfilerHandler.cpp:52] profiler_start
USDT:2026-08-25 04:33:44 437:437 SyncActivityProfilerHandler.cpp:52] profiler_start

USDT:2026-08-25 04:33:44 439:439 SyncActivityProfilerHandler.cpp:52] profiler_startUSDT:2026-08-25 04:33:44 435:435 SyncActivityProfilerHandler.cpp:52] profiler_start



USDT:2026-08-25 04:33:44 440:440 SyncActivityProfilerHandler.cpp:59] profiler_stopUSDT:2026-08-25 04:33:44 437:437 SyncActivityProfilerHandler.cpp:59] profiler_stop

USDT:2026-08-25 04:33:44 442:442 SyncActivityProfilerHandler.cpp:59] profiler_stopUSDT:2026-08-25 04:33:44 438:438 SyncActivityProfilerHandler.cpp:59] profiler_stopUSDT:2026-08-25 04:33:44 436:436 SyncActivityProfilerHandler.cpp:59] profiler_stopUSDT:2026-08-25 04:33:44 441:441 SyncActivityProfilerHandler.cpp:59] profiler_stop

USDT:2026-08-25 04:33:44 439:439 SyncActivityProfilerHandler.cpp:59] profiler_stop


USDT:2026-08-25 04:33:44 435:435 SyncActivityProfilerHandler.cpp:59] profiler_stop
   + EP:  21/32 | reduced combine: 22 GB/s (SO), 46 GB/s (SU), 254.224 us, 11810496 bytes | reduce: 951 GB/s, 7.505 us
   + EP:  18/32 | reduced combine: 22 GB/s (SO), 44 GB/s (SU), 256.310 us, 11293248 bytes | reduce: 982 GB/s, 7.362 us
   + EP:  20/32 | reduced combine: 22 GB/s (SO), 46 GB/s (SU), 255.803 us, 11652448 bytes | reduce: 915 GB/s, 7.754 us
   + EP:  22/32 | reduced combine: 21 GB/s (SO), 47 GB/s (SU), 255.037 us, 12069120 bytes | reduce: 936 GB/s, 7.472 us
   + EP:  19/32 | reduced combine: 22 GB/s (SO), 47 GB/s (SU), 257.795 us, 12069120 bytes | reduce: 939 GB/s, 7.662 us
   + EP:  23/32 | reduced combine: 21 GB/s (SO), 47 GB/s (SU), 253.285 us, 11896704 bytes | reduce: 919 GB/s, 7.534 us
   + EP:  17/32 | reduced combine: 22 GB/s (SO), 46 GB/s (SU), 261.665 us, 12140960 bytes | reduce: 994 GB/s, 7.344 us
   + EP:  16/32 | reduced combine: 22 GB/s (SO), 46 GB/s (SU), 262.775 us, 12169696 bytes | reduce: 966 GB/s, 7.589 us


