=== EP_NIC_NAME=rdmap110s0 (auto, 200 Gb/s) ===
+ docker run --rm --gpus all --privileged --network=host --ipc=host --ulimit memlock=-1 --ulimit stack=67108864 --device=/dev/infiniband --device=/dev/gdrdrv -v /sys/class/infiniband:/sys/class/infiniband:ro -e MASTER_ADDR=172.31.20.74 -e MASTER_PORT=29602 -e WORLD_SIZE=2 -e RANK=1 -e NCCL_DEBUG=WARN -e EP_NIC_NAME=rdmap110s0 -e PYTHONUNBUFFERED=1 -e PYTHONFAULTHANDLER=1 deepep-v2-efa-official:main-8e7b42e bash -lc 'timeout -s ABRT --kill-after=60 1500     python3 -u /opt/DeepEP/tests/elastic/test_ep.py     --num-processes=8 --num-tokens=8192     --hidden=7168 --num-topk=8 --num-experts=256     --num-sms=12 --allow-hybrid-mode=1     --prefer-overlap-with-compute=0 --test-first-only      '

==========
== CUDA ==
==========

CUDA Version 13.0.2

Container image Copyright (c) 2016-2023, NVIDIA CORPORATION & AFFILIATES. All rights reserved.

This container image and its contents are governed by the NVIDIA Deep Learning Container License.
By pulling and using the container, you accept the terms and conditions of this license:
https://developer.nvidia.com/ngc/nvidia-deep-learning-container-license

A copy of this license is made available in this container at /NGC-DL-CONTAINER-LICENSE for your convenience.

DeepEP hybrid kernel selection: unordered
DeepEP hybrid kernel selection: unordered
DeepEP hybrid kernel selection: unordered
DeepEP hybrid kernel selection: unordered
DeepEP hybrid kernel selection: unordered
DeepEP hybrid kernel selection: unordered
DeepEP hybrid kernel selection: unordered
DeepEP hybrid kernel selection: unordered
DeepEP hybrid kernel selection: unordered
DeepEP hybrid kernel selection: unordered
DeepEP hybrid kernel selection: unordered
DeepEP hybrid kernel selection: unordered
DeepEP hybrid kernel selection: unordered
DeepEP hybrid kernel selection: unordered
DeepEP hybrid kernel selection: unordered
DeepEP hybrid kernel selection: unordered
Config:
 > Ranks: 2 x 8
 > Experts: 8/256
 > Tokens: 8184 (max: 8192), hidden: 7168
 > #SM: 12, #QPs: 11/11

Running all test cases:
 > Testing with do_handle_copy=1, expert_alignment=128, use_fp8_dispatch=1, num_bias=0, with_previous_event=0, async_with_compute_stream=0, allocate_on_comm_stream=0 ...
USDT:2026-08-25 03:02:15 440:440 SyncActivityProfilerHandler.cpp:52] profiler_startUSDT:2026-08-25 03:02:15 438:438 SyncActivityProfilerHandler.cpp:52] profiler_startUSDT:2026-08-25 03:02:15 435:435 SyncActivityProfilerHandler.cpp:52] profiler_startUSDT:2026-08-25 03:02:15 434:434 SyncActivityProfilerHandler.cpp:52] profiler_startUSDT:2026-08-25 03:02:15 433:433 SyncActivityProfilerHandler.cpp:52] profiler_start
USDT:2026-08-25 03:02:15 437:437 SyncActivityProfilerHandler.cpp:52] profiler_startUSDT:2026-08-25 03:02:15 436:436 SyncActivityProfilerHandler.cpp:52] profiler_start





USDT:2026-08-25 03:02:15 439:439 SyncActivityProfilerHandler.cpp:52] profiler_start
USDT:2026-08-25 03:02:15 439:439 SyncActivityProfilerHandler.cpp:59] profiler_stop
USDT:2026-08-25 03:02:15 438:438 SyncActivityProfilerHandler.cpp:59] profiler_stopUSDT:2026-08-25 03:02:15 440:440 SyncActivityProfilerHandler.cpp:59] profiler_stopUSDT:2026-08-25 03:02:15 434:434 SyncActivityProfilerHandler.cpp:59] profiler_stopUSDT:2026-08-25 03:02:15 433:433 SyncActivityProfilerHandler.cpp:59] profiler_stop

USDT:2026-08-25 03:02:15 437:437 SyncActivityProfilerHandler.cpp:59] profiler_stop
USDT:2026-08-25 03:02:15 436:436 SyncActivityProfilerHandler.cpp:59] profiler_stop


USDT:2026-08-25 03:02:15 435:435 SyncActivityProfilerHandler.cpp:59] profiler_stop
   * EP:  12/16 | dispatch: 73 GB/s (SO), 241 GB/s (SU), 1664.000 us, 401401728 bytes | copy: 3104 GB/s, 258.666 us
   * EP:   8/16 | dispatch: 73 GB/s (SO), 240 GB/s (SU), 1665.000 us, 400166208 bytes | copy: 2544 GB/s, 314.579 us
   * EP:  15/16 | dispatch: 73 GB/s (SO), 241 GB/s (SU), 1665.000 us, 401903424 bytes | copy: 2553 GB/s, 314.816 us
   * EP:  13/16 | dispatch: 73 GB/s (SO), 239 GB/s (SU), 1665.000 us, 398728512 bytes | copy: 2799 GB/s, 284.927 us
   * EP:   9/16 | dispatch: 73 GB/s (SO), 240 GB/s (SU), 1665.000 us, 398795904 bytes | copy: 2602 GB/s, 306.546 us
   * EP:  11/16 | dispatch: 73 GB/s (SO), 241 GB/s (SU), 1664.000 us, 400203648 bytes | copy: 2778 GB/s, 288.161 us
   * EP:  14/16 | dispatch: 73 GB/s (SO), 241 GB/s (SU), 1664.000 us, 400525632 bytes | copy: 2762 GB/s, 289.998 us
   * EP:  10/16 | dispatch: 73 GB/s (SO), 241 GB/s (SU), 1665.000 us, 401289408 bytes | copy: 2489 GB/s, 322.454 us
USDT:2026-08-25 03:02:15 440:440 SyncActivityProfilerHandler.cpp:52] profiler_startUSDT:2026-08-25 03:02:15 439:439 SyncActivityProfilerHandler.cpp:52] profiler_startUSDT:2026-08-25 03:02:15 437:437 SyncActivityProfilerHandler.cpp:52] profiler_startUSDT:2026-08-25 03:02:15 436:436 SyncActivityProfilerHandler.cpp:52] profiler_startUSDT:2026-08-25 03:02:15 433:433 SyncActivityProfilerHandler.cpp:52] profiler_startUSDT:2026-08-25 03:02:15 435:435 SyncActivityProfilerHandler.cpp:52] profiler_startUSDT:2026-08-25 03:02:15 438:438 SyncActivityProfilerHandler.cpp:52] profiler_startUSDT:2026-08-25 03:02:15 434:434 SyncActivityProfilerHandler.cpp:52] profiler_start







USDT:2026-08-25 03:02:16 435:435 SyncActivityProfilerHandler.cpp:59] profiler_stopUSDT:2026-08-25 03:02:16 438:438 SyncActivityProfilerHandler.cpp:59] profiler_stopUSDT:2026-08-25 03:02:16 436:436 SyncActivityProfilerHandler.cpp:59] profiler_stopUSDT:2026-08-25 03:02:16 440:440 SyncActivityProfilerHandler.cpp:59] profiler_stopUSDT:2026-08-25 03:02:16 439:439 SyncActivityProfilerHandler.cpp:59] profiler_stopUSDT:2026-08-25 03:02:16 434:434 SyncActivityProfilerHandler.cpp:59] profiler_stop




USDT:2026-08-25 03:02:16 437:437 SyncActivityProfilerHandler.cpp:59] profiler_stop
USDT:2026-08-25 03:02:16 433:433 SyncActivityProfilerHandler.cpp:59] profiler_stop

   - EP:  12/16 | expanded dispatch: 74 GB/s (SO), 244 GB/s (SU), 1643.000 us, 401401728 bytes | copy: 2670 GB/s, 338.464 us
   - EP:  15/16 | expanded dispatch: 74 GB/s (SO), 245 GB/s (SU), 1643.000 us, 401903424 bytes | copy: 2437 GB/s, 371.191 us
   - EP:   8/16 | expanded dispatch: 74 GB/s (SO), 244 GB/s (SU), 1643.000 us, 400166208 bytes | copy: 2439 GB/s, 369.890 us
   - EP:  13/16 | expanded dispatch: 74 GB/s (SO), 243 GB/s (SU), 1643.000 us, 398728512 bytes | copy: 2636 GB/s, 340.413 us
   - EP:   9/16 | expanded dispatch: 74 GB/s (SO), 243 GB/s (SU), 1643.000 us, 398795904 bytes | copy: 2462 GB/s, 363.541 us
   - EP:  11/16 | expanded dispatch: 74 GB/s (SO), 244 GB/s (SU), 1643.000 us, 400203648 bytes | copy: 2740 GB/s, 328.880 us
   - EP:  14/16 | expanded dispatch: 74 GB/s (SO), 244 GB/s (SU), 1643.000 us, 400525632 bytes | copy: 2676 GB/s, 337.100 us
   - EP:  10/16 | expanded dispatch: 74 GB/s (SO), 244 GB/s (SU), 1643.000 us, 401289408 bytes | copy: 2465 GB/s, 366.181 us
USDT:2026-08-25 03:02:16 440:440 SyncActivityProfilerHandler.cpp:52] profiler_startUSDT:2026-08-25 03:02:16 435:435 SyncActivityProfilerHandler.cpp:52] profiler_startUSDT:2026-08-25 03:02:16 438:438 SyncActivityProfilerHandler.cpp:52] profiler_startUSDT:2026-08-25 03:02:16 439:439 SyncActivityProfilerHandler.cpp:52] profiler_startUSDT:2026-08-25 03:02:16 434:434 SyncActivityProfilerHandler.cpp:52] profiler_startUSDT:2026-08-25 03:02:16 437:437 SyncActivityProfilerHandler.cpp:52] profiler_start

USDT:2026-08-25 03:02:16 433:433 SyncActivityProfilerHandler.cpp:52] profiler_startUSDT:2026-08-25 03:02:16 436:436 SyncActivityProfilerHandler.cpp:52] profiler_start





USDT:2026-08-25 03:02:17 435:435 SyncActivityProfilerHandler.cpp:59] profiler_stopUSDT:2026-08-25 03:02:17 433:433 SyncActivityProfilerHandler.cpp:59] profiler_stopUSDT:2026-08-25 03:02:17 438:438 SyncActivityProfilerHandler.cpp:59] profiler_stopUSDT:2026-08-25 03:02:17 437:437 SyncActivityProfilerHandler.cpp:59] profiler_stop

USDT:2026-08-25 03:02:17 436:436 SyncActivityProfilerHandler.cpp:59] profiler_stop

USDT:2026-08-25 03:02:17 439:439 SyncActivityProfilerHandler.cpp:59] profiler_stop
USDT:2026-08-25 03:02:17 440:440 SyncActivityProfilerHandler.cpp:59] profiler_stop

USDT:2026-08-25 03:02:17 434:434 SyncActivityProfilerHandler.cpp:59] profiler_stop
   # EP:  12/16 | cached dispatch: 73 GB/s (SO), 242 GB/s (SU), 1661.000 us, 401401728 bytes | copy: 3083 GB/s, 260.410 us
   # EP:  15/16 | cached dispatch: 73 GB/s (SO), 242 GB/s (SU), 1662.000 us, 401903424 bytes | copy: 2697 GB/s, 298.040 us
   # EP:   8/16 | cached dispatch: 74 GB/s (SO), 241 GB/s (SU), 1662.000 us, 400166208 bytes | copy: 2689 GB/s, 297.687 us
   # EP:   9/16 | cached dispatch: 73 GB/s (SO), 240 GB/s (SU), 1662.000 us, 398795904 bytes | copy: 2698 GB/s, 295.573 us
   # EP:  14/16 | cached dispatch: 73 GB/s (SO), 241 GB/s (SU), 1662.000 us, 400525632 bytes | copy: 2878 GB/s, 278.347 us
   # EP:  13/16 | cached dispatch: 73 GB/s (SO), 240 GB/s (SU), 1662.000 us, 398728512 bytes | copy: 2892 GB/s, 275.779 us
   # EP:  11/16 | cached dispatch: 74 GB/s (SO), 241 GB/s (SU), 1661.000 us, 400203648 bytes | copy: 2880 GB/s, 277.934 us
   # EP:  10/16 | cached dispatch: 73 GB/s (SO), 241 GB/s (SU), 1662.000 us, 401289408 bytes | copy: 2725 GB/s, 294.575 us
USDT:2026-08-25 03:02:17 433:433 SyncActivityProfilerHandler.cpp:52] profiler_startUSDT:2026-08-25 03:02:17 436:436 SyncActivityProfilerHandler.cpp:52] profiler_start

USDT:2026-08-25 03:02:17 435:435 SyncActivityProfilerHandler.cpp:52] profiler_start
USDT:2026-08-25 03:02:17 440:440 SyncActivityProfilerHandler.cpp:52] profiler_startUSDT:2026-08-25 03:02:17 434:434 SyncActivityProfilerHandler.cpp:52] profiler_start

USDT:2026-08-25 03:02:17 437:437 SyncActivityProfilerHandler.cpp:52] profiler_start
USDT:2026-08-25 03:02:17 439:439 SyncActivityProfilerHandler.cpp:52] profiler_start
USDT:2026-08-25 03:02:17 438:438 SyncActivityProfilerHandler.cpp:52] profiler_start
USDT:2026-08-25 03:02:18 433:433 SyncActivityProfilerHandler.cpp:59] profiler_stop
USDT:2026-08-25 03:02:18 435:435 SyncActivityProfilerHandler.cpp:59] profiler_stopUSDT:2026-08-25 03:02:18 440:440 SyncActivityProfilerHandler.cpp:59] profiler_stop

USDT:2026-08-25 03:02:18 436:436 SyncActivityProfilerHandler.cpp:59] profiler_stop
USDT:2026-08-25 03:02:18 434:434 SyncActivityProfilerHandler.cpp:59] profiler_stop
USDT:2026-08-25 03:02:18 437:437 SyncActivityProfilerHandler.cpp:59] profiler_stop
USDT:2026-08-25 03:02:18 439:439 SyncActivityProfilerHandler.cpp:59] profiler_stop
USDT:2026-08-25 03:02:18 438:438 SyncActivityProfilerHandler.cpp:59] profiler_stop
   @ EP:   8/16 | combine: 74 GB/s (SO), 241 GB/s (SU), 3180.000 us, 767840288 bytes | reduce: 3658 GB/s, 96.235 us
   @ EP:  15/16 | combine: 73 GB/s (SO), 240 GB/s (SU), 3216.000 us, 771173664 bytes | reduce: 3666 GB/s, 95.865 us   @ EP:  11/16 | combine: 73 GB/s (SO), 239 GB/s (SU), 3217.000 us, 767912128 bytes | reduce: 3671 GB/s, 95.835 us

   @ EP:  14/16 | combine: 71 GB/s (SO), 233 GB/s (SU), 3299.000 us, 768529952 bytes | reduce: 3672 GB/s, 95.807 us
   @ EP:  10/16 | combine: 73 GB/s (SO), 240 GB/s (SU), 3204.000 us, 769995488 bytes | reduce: 3661 GB/s, 96.124 us
   @ EP:  12/16 | combine: 72 GB/s (SO), 238 GB/s (SU), 3232.000 us, 770211008 bytes | reduce: 3664 GB/s, 96.003 us
   @ EP:  13/16 | combine: 63 GB/s (SO), 207 GB/s (SU), 3692.000 us, 765081632 bytes | reduce: 3690 GB/s, 95.350 us
   @ EP:   9/16 | combine: 73 GB/s (SO), 237 GB/s (SU), 3228.000 us, 765210944 bytes | reduce: 3660 GB/s, 96.162 us
USDT:2026-08-25 03:02:18 433:433 SyncActivityProfilerHandler.cpp:52] profiler_start
USDT:2026-08-25 03:02:18 440:440 SyncActivityProfilerHandler.cpp:52] profiler_start
USDT:2026-08-25 03:02:18 439:439 SyncActivityProfilerHandler.cpp:52] profiler_start
USDT:2026-08-25 03:02:18 436:436 SyncActivityProfilerHandler.cpp:52] profiler_start
USDT:2026-08-25 03:02:18 437:437 SyncActivityProfilerHandler.cpp:52] profiler_start
USDT:2026-08-25 03:02:18 434:434 SyncActivityProfilerHandler.cpp:52] profiler_start
USDT:2026-08-25 03:02:18 438:438 SyncActivityProfilerHandler.cpp:52] profiler_start
USDT:2026-08-25 03:02:18 435:435 SyncActivityProfilerHandler.cpp:52] profiler_start
USDT:2026-08-25 03:02:19 433:433 SyncActivityProfilerHandler.cpp:59] profiler_stop
USDT:2026-08-25 03:02:19 440:440 SyncActivityProfilerHandler.cpp:59] profiler_stop
USDT:2026-08-25 03:02:19 439:439 SyncActivityProfilerHandler.cpp:59] profiler_stop
USDT:2026-08-25 03:02:19 437:437 SyncActivityProfilerHandler.cpp:59] profiler_stop
USDT:2026-08-25 03:02:19 434:434 SyncActivityProfilerHandler.cpp:59] profiler_stop
USDT:2026-08-25 03:02:19 438:438 SyncActivityProfilerHandler.cpp:59] profiler_stop
USDT:2026-08-25 03:02:19 436:436 SyncActivityProfilerHandler.cpp:59] profiler_stop
USDT:2026-08-25 03:02:19 435:435 SyncActivityProfilerHandler.cpp:59] profiler_stop
   + EP:   8/16 | reduced combine: 56 GB/s (SO), 184 GB/s (SU), 4181.000 us, 767840288 bytes | reduce: 3678 GB/s, 95.709 us
   + EP:  15/16 | reduced combine: 55 GB/s (SO), 183 GB/s (SU), 4225.000 us, 771173664 bytes | reduce: 3690 GB/s, 95.246 us   + EP:  14/16 | reduced combine: 55 GB/s (SO), 181 GB/s (SU), 4253.000 us, 768529952 bytes | reduce: 3677 GB/s, 95.683 us

   + EP:  11/16 | reduced combine: 55 GB/s (SO), 180 GB/s (SU), 4262.000 us, 767912128 bytes | reduce: 3678 GB/s, 95.647 us
   + EP:  12/16 | reduced combine: 55 GB/s (SO), 181 GB/s (SU), 4263.000 us, 770211008 bytes | reduce: 3676 GB/s, 95.684 us
   + EP:  10/16 | reduced combine: 54 GB/s (SO), 177 GB/s (SU), 4345.000 us, 769995488 bytes | reduce: 3673 GB/s, 95.803 us
   + EP:  13/16 | reduced combine: 54 GB/s (SO), 178 GB/s (SU), 4304.000 us, 765081632 bytes | reduce: 3683 GB/s, 95.528 us
   + EP:   9/16 | reduced combine: 55 GB/s (SO), 179 GB/s (SU), 4276.000 us, 765210944 bytes | reduce: 3676 GB/s, 95.730 us


