=== EP_NIC_NAME=rdmap110s0 (auto, 200 Gb/s) ===
+ docker run --rm --gpus all --privileged --network=host --ipc=host --ulimit memlock=-1 --ulimit stack=67108864 --device=/dev/infiniband --device=/dev/gdrdrv -v /sys/class/infiniband:/sys/class/infiniband:ro -e MASTER_ADDR=172.31.20.74 -e MASTER_PORT=29717 -e WORLD_SIZE=4 -e RANK=0 -e NCCL_DEBUG=WARN -e EP_NIC_NAME=rdmap110s0 -e NCCL_GIN_TYPE=5 -e NCCL_SYM_GIN_KERNELS_ENABLE=0 -e PYTHONUNBUFFERED=1 -e PYTHONFAULTHANDLER=1 deepep-v2-efa-official:main-8e7b42e bash -lc 'timeout -s ABRT --kill-after=60 1500     python3 -u /opt/DeepEP/tests/elastic/test_ep.py     --num-processes=8 --num-tokens=8192     --hidden=7168 --num-topk=8 --num-experts=256     --num-sms=12 --allow-hybrid-mode=1     --prefer-overlap-with-compute=0 --test-first-only      '

==========
== CUDA ==
==========

CUDA Version 13.0.2

Container image Copyright (c) 2016-2023, NVIDIA CORPORATION & AFFILIATES. All rights reserved.

This container image and its contents are governed by the NVIDIA Deep Learning Container License.
By pulling and using the container, you accept the terms and conditions of this license:
https://developer.nvidia.com/ngc/nvidia-deep-learning-container-license

A copy of this license is made available in this container at /NGC-DL-CONTAINER-LICENSE for your convenience.

NCCL version 2.31.2+cuda13.3
DeepEP hybrid kernel selection: unordered
DeepEP hybrid kernel selection: unordered
DeepEP hybrid kernel selection: unordered
DeepEP hybrid kernel selection: unordered
DeepEP hybrid kernel selection: unordered
DeepEP hybrid kernel selection: unordered
DeepEP hybrid kernel selection: unordered
DeepEP hybrid kernel selection: unordered
DeepEP hybrid kernel selection: unordered
DeepEP hybrid kernel selection: unordered
DeepEP hybrid kernel selection: unordered
DeepEP hybrid kernel selection: unordered
DeepEP hybrid kernel selection: unordered
DeepEP hybrid kernel selection: unordered
DeepEP hybrid kernel selection: unordered
DeepEP hybrid kernel selection: unordered
Config:
 > Ranks: 4 x 8
 > Experts: 8/256
 > Tokens: 8192 (max: 8192), hidden: 7168
 > #SM: 12, #QPs: 11/11

Running all test cases:
 > Testing with do_handle_copy=1, expert_alignment=128, use_fp8_dispatch=1, num_bias=0, with_previous_event=0, async_with_compute_stream=0, allocate_on_comm_stream=0 ...
USDT:2026-08-25 04:31:58 433:433 SyncActivityProfilerHandler.cpp:52] profiler_startUSDT:2026-08-25 04:31:58 432:432 SyncActivityProfilerHandler.cpp:52] profiler_startUSDT:2026-08-25 04:31:58 438:438 SyncActivityProfilerHandler.cpp:52] profiler_startUSDT:2026-08-25 04:31:58 436:436 SyncActivityProfilerHandler.cpp:52] profiler_start
USDT:2026-08-25 04:31:58 437:437 SyncActivityProfilerHandler.cpp:52] profiler_startUSDT:2026-08-25 04:31:58 435:435 SyncActivityProfilerHandler.cpp:52] profiler_start




USDT:2026-08-25 04:31:58 434:434 SyncActivityProfilerHandler.cpp:52] profiler_start
USDT:2026-08-25 04:31:58 439:439 SyncActivityProfilerHandler.cpp:52] profiler_start
USDT:2026-08-25 04:31:58 433:433 SyncActivityProfilerHandler.cpp:59] profiler_stopUSDT:2026-08-25 04:31:58 437:437 SyncActivityProfilerHandler.cpp:59] profiler_stopUSDT:2026-08-25 04:31:58 434:434 SyncActivityProfilerHandler.cpp:59] profiler_stopUSDT:2026-08-25 04:31:58 438:438 SyncActivityProfilerHandler.cpp:59] profiler_stopUSDT:2026-08-25 04:31:58 435:435 SyncActivityProfilerHandler.cpp:59] profiler_stopUSDT:2026-08-25 04:31:58 436:436 SyncActivityProfilerHandler.cpp:59] profiler_stop





USDT:2026-08-25 04:31:58 439:439 SyncActivityProfilerHandler.cpp:59] profiler_stop
USDT:2026-08-25 04:31:58 432:432 SyncActivityProfilerHandler.cpp:59] profiler_stop
   * EP:   1/32 | dispatch: 56 GB/s (SO), 111 GB/s (SU), 3975.000 us, 442361088 bytes | copy: 2793 GB/s, 316.771 us
   * EP:   5/32 | dispatch: 56 GB/s (SO), 112 GB/s (SU), 3975.000 us, 444292992 bytes | copy: 2853 GB/s, 311.441 us
   * EP:   4/32 | dispatch: 56 GB/s (SO), 112 GB/s (SU), 3975.000 us, 443327040 bytes | copy: 2651 GB/s, 334.413 us
   * EP:   2/32 | dispatch: 56 GB/s (SO), 111 GB/s (SU), 3975.000 us, 441425088 bytes | copy: 2700 GB/s, 327.034 us
   * EP:   3/32 | dispatch: 56 GB/s (SO), 112 GB/s (SU), 3975.000 us, 444397824 bytes | copy: 2591 GB/s, 343.041 us
   * EP:   6/32 | dispatch: 56 GB/s (SO), 112 GB/s (SU), 3975.000 us, 443783808 bytes | copy: 2679 GB/s, 331.338 us
   * EP:   0/32 | dispatch: 56 GB/s (SO), 112 GB/s (SU), 3975.000 us, 444435264 bytes | copy: 2858 GB/s, 310.968 us
   * EP:   7/32 | dispatch: 56 GB/s (SO), 113 GB/s (SU), 3975.000 us, 447700032 bytes | copy: 2708 GB/s, 330.670 us
USDT:2026-08-25 04:31:59 433:433 SyncActivityProfilerHandler.cpp:52] profiler_startUSDT:2026-08-25 04:31:59 432:432 SyncActivityProfilerHandler.cpp:52] profiler_startUSDT:2026-08-25 04:31:59 438:438 SyncActivityProfilerHandler.cpp:52] profiler_startUSDT:2026-08-25 04:31:59 435:435 SyncActivityProfilerHandler.cpp:52] profiler_startUSDT:2026-08-25 04:31:59 437:437 SyncActivityProfilerHandler.cpp:52] profiler_startUSDT:2026-08-25 04:31:59 439:439 SyncActivityProfilerHandler.cpp:52] profiler_start

USDT:2026-08-25 04:31:59 434:434 SyncActivityProfilerHandler.cpp:52] profiler_start
USDT:2026-08-25 04:31:59 436:436 SyncActivityProfilerHandler.cpp:52] profiler_start




USDT:2026-08-25 04:31:59 438:438 SyncActivityProfilerHandler.cpp:59] profiler_stopUSDT:2026-08-25 04:31:59 433:433 SyncActivityProfilerHandler.cpp:59] profiler_stop
USDT:2026-08-25 04:31:59 439:439 SyncActivityProfilerHandler.cpp:59] profiler_stop
USDT:2026-08-25 04:31:59 432:432 SyncActivityProfilerHandler.cpp:59] profiler_stopUSDT:2026-08-25 04:31:59 436:436 SyncActivityProfilerHandler.cpp:59] profiler_stop
USDT:2026-08-25 04:31:59 437:437 SyncActivityProfilerHandler.cpp:59] profiler_stopUSDT:2026-08-25 04:31:59 434:434 SyncActivityProfilerHandler.cpp:59] profiler_stop

USDT:2026-08-25 04:31:59 435:435 SyncActivityProfilerHandler.cpp:59] profiler_stop


   - EP:   1/32 | expanded dispatch: 56 GB/s (SO), 111 GB/s (SU), 3968.000 us, 442361088 bytes | copy: 2492 GB/s, 374.855 us
   - EP:   2/32 | expanded dispatch: 56 GB/s (SO), 111 GB/s (SU), 3968.000 us, 441425088 bytes | copy: 2398 GB/s, 389.366 us
   - EP:   4/32 | expanded dispatch: 56 GB/s (SO), 112 GB/s (SU), 3969.000 us, 443327040 bytes | copy: 2462 GB/s, 381.136 us
   - EP:   5/32 | expanded dispatch: 56 GB/s (SO), 112 GB/s (SU), 3969.000 us, 444292992 bytes | copy: 2482 GB/s, 378.333 us
   - EP:   3/32 | expanded dispatch: 56 GB/s (SO), 112 GB/s (SU), 3968.000 us, 444397824 bytes | copy: 2444 GB/s, 384.749 us
   - EP:   6/32 | expanded dispatch: 56 GB/s (SO), 112 GB/s (SU), 3968.000 us, 443783808 bytes | copy: 2441 GB/s, 384.134 us
   - EP:   7/32 | expanded dispatch: 56 GB/s (SO), 113 GB/s (SU), 3969.000 us, 447700032 bytes | copy: 2391 GB/s, 396.160 us
   - EP:   0/32 | expanded dispatch: 56 GB/s (SO), 112 GB/s (SU), 3968.000 us, 444435264 bytes | copy: 2495 GB/s, 376.950 us
USDT:2026-08-25 04:32:00 437:437 SyncActivityProfilerHandler.cpp:52] profiler_startUSDT:2026-08-25 04:32:00 436:436 SyncActivityProfilerHandler.cpp:52] profiler_startUSDT:2026-08-25 04:32:00 433:433 SyncActivityProfilerHandler.cpp:52] profiler_start


USDT:2026-08-25 04:32:00 435:435 SyncActivityProfilerHandler.cpp:52] profiler_startUSDT:2026-08-25 04:32:00 434:434 SyncActivityProfilerHandler.cpp:52] profiler_startUSDT:2026-08-25 04:32:00 432:432 SyncActivityProfilerHandler.cpp:52] profiler_start
USDT:2026-08-25 04:32:00 438:438 SyncActivityProfilerHandler.cpp:52] profiler_start


USDT:2026-08-25 04:32:00 439:439 SyncActivityProfilerHandler.cpp:52] profiler_start
USDT:2026-08-25 04:32:00 435:435 SyncActivityProfilerHandler.cpp:59] profiler_stopUSDT:2026-08-25 04:32:00 433:433 SyncActivityProfilerHandler.cpp:59] profiler_stopUSDT:2026-08-25 04:32:00 438:438 SyncActivityProfilerHandler.cpp:59] profiler_stop

USDT:2026-08-25 04:32:00 436:436 SyncActivityProfilerHandler.cpp:59] profiler_stop

USDT:2026-08-25 04:32:00 437:437 SyncActivityProfilerHandler.cpp:59] profiler_stopUSDT:2026-08-25 04:32:00 434:434 SyncActivityProfilerHandler.cpp:59] profiler_stopUSDT:2026-08-25 04:32:00 432:432 SyncActivityProfilerHandler.cpp:59] profiler_stop


USDT:2026-08-25 04:32:00 439:439 SyncActivityProfilerHandler.cpp:59] profiler_stop
   # EP:   1/32 | cached dispatch: 52 GB/s (SO), 104 GB/s (SU), 4258.000 us, 442361088 bytes | copy: 2197 GB/s, 402.780 us
   # EP:   0/32 | cached dispatch: 52 GB/s (SO), 104 GB/s (SU), 4258.000 us, 444435264 bytes | copy: 2497 GB/s, 355.946 us
   # EP:   7/32 | cached dispatch: 52 GB/s (SO), 105 GB/s (SU), 4258.000 us, 447700032 bytes | copy: 2441 GB/s, 366.753 us
   # EP:   4/32 | cached dispatch: 52 GB/s (SO), 104 GB/s (SU), 4258.000 us, 443327040 bytes | copy: 2250 GB/s, 393.989 us
   # EP:   3/32 | cached dispatch: 52 GB/s (SO), 104 GB/s (SU), 4257.000 us, 444397824 bytes | copy: 2942 GB/s, 302.064 us
   # EP:   2/32 | cached dispatch: 52 GB/s (SO), 104 GB/s (SU), 4258.000 us, 441425088 bytes | copy: 2626 GB/s, 336.248 us
   # EP:   6/32 | cached dispatch: 52 GB/s (SO), 104 GB/s (SU), 4258.000 us, 443783808 bytes | copy: 2483 GB/s, 357.485 us
   # EP:   5/32 | cached dispatch: 52 GB/s (SO), 104 GB/s (SU), 4258.000 us, 444292992 bytes | copy: 3014 GB/s, 294.791 us
USDT:2026-08-25 04:32:01 436:436 SyncActivityProfilerHandler.cpp:52] profiler_start
USDT:2026-08-25 04:32:01 437:437 SyncActivityProfilerHandler.cpp:52] profiler_start
USDT:2026-08-25 04:32:01 435:435 SyncActivityProfilerHandler.cpp:52] profiler_start
USDT:2026-08-25 04:32:01 438:438 SyncActivityProfilerHandler.cpp:52] profiler_start
USDT:2026-08-25 04:32:01 439:439 SyncActivityProfilerHandler.cpp:52] profiler_start
USDT:2026-08-25 04:32:01 433:433 SyncActivityProfilerHandler.cpp:52] profiler_start
USDT:2026-08-25 04:32:01 434:434 SyncActivityProfilerHandler.cpp:52] profiler_start
USDT:2026-08-25 04:32:01 432:432 SyncActivityProfilerHandler.cpp:52] profiler_start
USDT:2026-08-25 04:32:02 436:436 SyncActivityProfilerHandler.cpp:59] profiler_stop
USDT:2026-08-25 04:32:02 433:433 SyncActivityProfilerHandler.cpp:59] profiler_stop
USDT:2026-08-25 04:32:02 438:438 SyncActivityProfilerHandler.cpp:59] profiler_stopUSDT:2026-08-25 04:32:02 437:437 SyncActivityProfilerHandler.cpp:59] profiler_stop

USDT:2026-08-25 04:32:02 435:435 SyncActivityProfilerHandler.cpp:59] profiler_stop
USDT:2026-08-25 04:32:02 434:434 SyncActivityProfilerHandler.cpp:59] profiler_stop
USDT:2026-08-25 04:32:02 439:439 SyncActivityProfilerHandler.cpp:59] profiler_stop
USDT:2026-08-25 04:32:02 432:432 SyncActivityProfilerHandler.cpp:59] profiler_stop
   @ EP:   4/32 | combine: 53 GB/s (SO), 106 GB/s (SU), 8042.000 us, 850657440 bytes | reduce: 3583 GB/s, 151.263 us
   @ EP:   6/32 | combine: 49 GB/s (SO), 98 GB/s (SU), 8656.000 us, 851533888 bytes | reduce: 3602 GB/s, 150.730 us
   @ EP:   2/32 | combine: 49 GB/s (SO), 97 GB/s (SU), 8770.000 us, 847007968 bytes | reduce: 3595 GB/s, 151.225 us
   @ EP:   3/32 | combine: 49 GB/s (SO), 98 GB/s (SU), 8674.000 us, 852712064 bytes | reduce: 3586 GB/s, 150.973 us
   @ EP:   5/32 | combine: 49 GB/s (SO), 98 GB/s (SU), 8678.000 us, 852510912 bytes | reduce: 3600 GB/s, 150.883 us
   @ EP:   1/32 | combine: 49 GB/s (SO), 97 GB/s (SU), 8719.000 us, 848803968 bytes | reduce: 3580 GB/s, 151.795 us
   @ EP:   7/32 | combine: 49 GB/s (SO), 99 GB/s (SU), 8701.000 us, 859048352 bytes | reduce: 3607 GB/s, 150.407 us
   @ EP:   0/32 | combine: 49 GB/s (SO), 98 GB/s (SU), 8715.000 us, 852783904 bytes | reduce: 3604 GB/s, 150.661 us
USDT:2026-08-25 04:32:03 437:437 SyncActivityProfilerHandler.cpp:52] profiler_start
USDT:2026-08-25 04:32:03 433:433 SyncActivityProfilerHandler.cpp:52] profiler_start
USDT:2026-08-25 04:32:03 439:439 SyncActivityProfilerHandler.cpp:52] profiler_start
USDT:2026-08-25 04:32:03 438:438 SyncActivityProfilerHandler.cpp:52] profiler_start
USDT:2026-08-25 04:32:03 436:436 SyncActivityProfilerHandler.cpp:52] profiler_start
USDT:2026-08-25 04:32:03 435:435 SyncActivityProfilerHandler.cpp:52] profiler_start
USDT:2026-08-25 04:32:03 432:432 SyncActivityProfilerHandler.cpp:52] profiler_start
USDT:2026-08-25 04:32:03 434:434 SyncActivityProfilerHandler.cpp:52] profiler_start
USDT:2026-08-25 04:32:03 437:437 SyncActivityProfilerHandler.cpp:59] profiler_stop
USDT:2026-08-25 04:32:03 433:433 SyncActivityProfilerHandler.cpp:59] profiler_stopUSDT:2026-08-25 04:32:03 436:436 SyncActivityProfilerHandler.cpp:59] profiler_stop

USDT:2026-08-25 04:32:03 438:438 SyncActivityProfilerHandler.cpp:59] profiler_stop
USDT:2026-08-25 04:32:03 439:439 SyncActivityProfilerHandler.cpp:59] profiler_stop
USDT:2026-08-25 04:32:03 432:432 SyncActivityProfilerHandler.cpp:59] profiler_stop
USDT:2026-08-25 04:32:03 434:434 SyncActivityProfilerHandler.cpp:59] profiler_stop
USDT:2026-08-25 04:32:03 435:435 SyncActivityProfilerHandler.cpp:59] profiler_stop
   + EP:   5/32 | reduced combine: 54 GB/s (SO), 109 GB/s (SU), 7823.000 us, 852510912 bytes | reduce: 3620 GB/s, 150.058 us
   + EP:   2/32 | reduced combine: 47 GB/s (SO), 92 GB/s (SU), 9161.000 us, 847007968 bytes | reduce: 3600 GB/s, 151.038 us   + EP:   7/32 | reduced combine: 47 GB/s (SO), 94 GB/s (SU), 9095.000 us, 859048352 bytes | reduce: 3603 GB/s, 150.573 us

   + EP:   1/32 | reduced combine: 47 GB/s (SO), 93 GB/s (SU), 9101.000 us, 848803968 bytes | reduce: 3575 GB/s, 151.997 us   + EP:   6/32 | reduced combine: 47 GB/s (SO), 94 GB/s (SU), 9093.000 us, 851533888 bytes | reduce: 3594 GB/s, 151.039 us

   + EP:   3/32 | reduced combine: 46 GB/s (SO), 93 GB/s (SU), 9187.000 us, 852712064 bytes | reduce: 3593 GB/s, 150.675 us
   + EP:   0/32 | reduced combine: 47 GB/s (SO), 93 GB/s (SU), 9142.000 us, 852783904 bytes | reduce: 3607 GB/s, 150.551 us
   + EP:   4/32 | reduced combine: 47 GB/s (SO), 94 GB/s (SU), 9093.000 us, 850657440 bytes | reduce: 3569 GB/s, 151.854 us


