=== EP_NIC_NAME=rdmap110s0 (auto, 200 Gb/s) ===
+ docker run --rm --gpus all --privileged --network=host --ipc=host --ulimit memlock=-1 --ulimit stack=67108864 --device=/dev/infiniband --device=/dev/gdrdrv -v /sys/class/infiniband:/sys/class/infiniband:ro -e MASTER_ADDR=172.31.20.74 -e MASTER_PORT=29672 -e WORLD_SIZE=2 -e RANK=0 -e NCCL_DEBUG=WARN -e EP_NIC_NAME=rdmap110s0 -e NCCL_GIN_TYPE=5 -e NCCL_SYM_GIN_KERNELS_ENABLE=0 -e PYTHONUNBUFFERED=1 -e PYTHONFAULTHANDLER=1 deepep-v2-efa-official:main-8e7b42e bash -lc 'timeout -s ABRT --kill-after=60 1500     python3 -u /opt/DeepEP/tests/elastic/test_ep.py     --num-processes=8 --num-tokens=128     --hidden=7168 --num-topk=8 --num-experts=256     --num-sms=12 --allow-hybrid-mode=1     --prefer-overlap-with-compute=0 --test-first-only      '

==========
== CUDA ==
==========

CUDA Version 13.0.2

Container image Copyright (c) 2016-2023, NVIDIA CORPORATION & AFFILIATES. All rights reserved.

This container image and its contents are governed by the NVIDIA Deep Learning Container License.
By pulling and using the container, you accept the terms and conditions of this license:
https://developer.nvidia.com/ngc/nvidia-deep-learning-container-license

A copy of this license is made available in this container at /NGC-DL-CONTAINER-LICENSE for your convenience.

NCCL version 2.31.2+cuda13.3
DeepEP hybrid kernel selection: unordered
DeepEP hybrid kernel selection: unordered
DeepEP hybrid kernel selection: unordered
DeepEP hybrid kernel selection: unordered
DeepEP hybrid kernel selection: unordered
DeepEP hybrid kernel selection: unordered
DeepEP hybrid kernel selection: unordered
DeepEP hybrid kernel selection: unordered
DeepEP hybrid kernel selection: unordered
DeepEP hybrid kernel selection: unordered
DeepEP hybrid kernel selection: unordered
DeepEP hybrid kernel selection: unordered
DeepEP hybrid kernel selection: unordered
DeepEP hybrid kernel selection: unordered
DeepEP hybrid kernel selection: unordered
DeepEP hybrid kernel selection: unordered
Config:
 > Ranks: 2 x 8
 > Experts: 8/256
 > Tokens: 128 (max: 128), hidden: 7168
 > #SM: 12, #QPs: 11/11

Running all test cases:
 > Testing with do_handle_copy=1, expert_alignment=128, use_fp8_dispatch=1, num_bias=0, with_previous_event=0, async_with_compute_stream=0, allocate_on_comm_stream=0 ...
USDT:2026-08-25 03:48:42 439:439 SyncActivityProfilerHandler.cpp:52] profiler_startUSDT:2026-08-25 03:48:42 441:441 SyncActivityProfilerHandler.cpp:52] profiler_startUSDT:2026-08-25 03:48:42 435:435 SyncActivityProfilerHandler.cpp:52] profiler_startUSDT:2026-08-25 03:48:42 437:437 SyncActivityProfilerHandler.cpp:52] profiler_startUSDT:2026-08-25 03:48:42 438:438 SyncActivityProfilerHandler.cpp:52] profiler_startUSDT:2026-08-25 03:48:42 436:436 SyncActivityProfilerHandler.cpp:52] profiler_startUSDT:2026-08-25 03:48:42 440:440 SyncActivityProfilerHandler.cpp:52] profiler_start






USDT:2026-08-25 03:48:42 434:434 SyncActivityProfilerHandler.cpp:52] profiler_start
USDT:2026-08-25 03:48:43 436:436 SyncActivityProfilerHandler.cpp:59] profiler_stopUSDT:2026-08-25 03:48:43 440:440 SyncActivityProfilerHandler.cpp:59] profiler_stop

USDT:2026-08-25 03:48:43 438:438 SyncActivityProfilerHandler.cpp:59] profiler_stopUSDT:2026-08-25 03:48:43 439:439 SyncActivityProfilerHandler.cpp:59] profiler_stop
USDT:2026-08-25 03:48:43 434:434 SyncActivityProfilerHandler.cpp:59] profiler_stopUSDT:2026-08-25 03:48:43 435:435 SyncActivityProfilerHandler.cpp:59] profiler_stopUSDT:2026-08-25 03:48:43 437:437 SyncActivityProfilerHandler.cpp:59] profiler_stopUSDT:2026-08-25 03:48:43 441:441 SyncActivityProfilerHandler.cpp:59] profiler_stop




   * EP:   5/16 | dispatch: 11 GB/s (SO), 34 GB/s (SU), 169.713 us, 5705856 bytes | copy: 743 GB/s, 15.351 us
   * EP:   4/16 | dispatch: 11 GB/s (SO), 33 GB/s (SU), 169.734 us, 5623488 bytes | copy: 817 GB/s, 13.760 us
   * EP:   1/16 | dispatch: 11 GB/s (SO), 34 GB/s (SU), 169.582 us, 5720832 bytes | copy: 1564 GB/s, 7.316 us
   * EP:   7/16 | dispatch: 11 GB/s (SO), 35 GB/s (SU), 169.804 us, 5937984 bytes | copy: 865 GB/s, 13.734 us
   * EP:   0/16 | dispatch: 11 GB/s (SO), 34 GB/s (SU), 169.642 us, 5750784 bytes | copy: 1675 GB/s, 6.865 us
   * EP:   6/16 | dispatch: 11 GB/s (SO), 35 GB/s (SU), 169.752 us, 5937984 bytes | copy: 879 GB/s, 13.510 us
   * EP:   3/16 | dispatch: 11 GB/s (SO), 35 GB/s (SU), 169.585 us, 5855616 bytes | copy: 1187 GB/s, 9.867 us
   * EP:   2/16 | dispatch: 11 GB/s (SO), 34 GB/s (SU), 169.601 us, 5840640 bytes | copy: 1677 GB/s, 6.966 us
USDT:2026-08-25 03:48:43 439:439 SyncActivityProfilerHandler.cpp:52] profiler_startUSDT:2026-08-25 03:48:43 441:441 SyncActivityProfilerHandler.cpp:52] profiler_startUSDT:2026-08-25 03:48:43 437:437 SyncActivityProfilerHandler.cpp:52] profiler_startUSDT:2026-08-25 03:48:43 435:435 SyncActivityProfilerHandler.cpp:52] profiler_startUSDT:2026-08-25 03:48:43 438:438 SyncActivityProfilerHandler.cpp:52] profiler_startUSDT:2026-08-25 03:48:43 434:434 SyncActivityProfilerHandler.cpp:52] profiler_start
USDT:2026-08-25 03:48:43 440:440 SyncActivityProfilerHandler.cpp:52] profiler_start





USDT:2026-08-25 03:48:43 436:436 SyncActivityProfilerHandler.cpp:52] profiler_start
USDT:2026-08-25 03:48:43 435:435 SyncActivityProfilerHandler.cpp:59] profiler_stopUSDT:2026-08-25 03:48:43 441:441 SyncActivityProfilerHandler.cpp:59] profiler_stopUSDT:2026-08-25 03:48:43 440:440 SyncActivityProfilerHandler.cpp:59] profiler_stop
USDT:2026-08-25 03:48:43 438:438 SyncActivityProfilerHandler.cpp:59] profiler_stop
USDT:2026-08-25 03:48:43 439:439 SyncActivityProfilerHandler.cpp:59] profiler_stop
USDT:2026-08-25 03:48:43 436:436 SyncActivityProfilerHandler.cpp:59] profiler_stopUSDT:2026-08-25 03:48:43 437:437 SyncActivityProfilerHandler.cpp:59] profiler_stopUSDT:2026-08-25 03:48:43 434:434 SyncActivityProfilerHandler.cpp:59] profiler_stop




   - EP:   4/16 | expanded dispatch: 11 GB/s (SO), 33 GB/s (SU), 169.424 us, 5623488 bytes | copy: 1279 GB/s, 15.995 us
   - EP:   7/16 | expanded dispatch: 11 GB/s (SO), 35 GB/s (SU), 169.462 us, 5937984 bytes | copy: 1352 GB/s, 15.317 us
   - EP:   0/16 | expanded dispatch: 11 GB/s (SO), 34 GB/s (SU), 169.338 us, 5750784 bytes | copy: 2393 GB/s, 8.602 us
   - EP:   1/16 | expanded dispatch: 11 GB/s (SO), 34 GB/s (SU), 169.296 us, 5720832 bytes | copy: 2253 GB/s, 9.105 us
   - EP:   5/16 | expanded dispatch: 11 GB/s (SO), 34 GB/s (SU), 169.462 us, 5705856 bytes | copy: 1261 GB/s, 16.292 us
   - EP:   6/16 | expanded dispatch: 11 GB/s (SO), 35 GB/s (SU), 169.524 us, 5937984 bytes | copy: 1379 GB/s, 15.104 us
   - EP:   2/16 | expanded dispatch: 11 GB/s (SO), 34 GB/s (SU), 169.297 us, 5840640 bytes | copy: 2617 GB/s, 7.910 us
   - EP:   3/16 | expanded dispatch: 11 GB/s (SO), 35 GB/s (SU), 169.458 us, 5855616 bytes | copy: 1999 GB/s, 10.338 us
USDT:2026-08-25 03:48:44 434:434 SyncActivityProfilerHandler.cpp:52] profiler_startUSDT:2026-08-25 03:48:44 438:438 SyncActivityProfilerHandler.cpp:52] profiler_startUSDT:2026-08-25 03:48:44 436:436 SyncActivityProfilerHandler.cpp:52] profiler_startUSDT:2026-08-25 03:48:44 440:440 SyncActivityProfilerHandler.cpp:52] profiler_startUSDT:2026-08-25 03:48:44 441:441 SyncActivityProfilerHandler.cpp:52] profiler_start

USDT:2026-08-25 03:48:44 439:439 SyncActivityProfilerHandler.cpp:52] profiler_startUSDT:2026-08-25 03:48:44 437:437 SyncActivityProfilerHandler.cpp:52] profiler_startUSDT:2026-08-25 03:48:44 435:435 SyncActivityProfilerHandler.cpp:52] profiler_start





USDT:2026-08-25 03:48:44 440:440 SyncActivityProfilerHandler.cpp:59] profiler_stop
USDT:2026-08-25 03:48:44 437:437 SyncActivityProfilerHandler.cpp:59] profiler_stopUSDT:2026-08-25 03:48:44 439:439 SyncActivityProfilerHandler.cpp:59] profiler_stopUSDT:2026-08-25 03:48:44 441:441 SyncActivityProfilerHandler.cpp:59] profiler_stop


USDT:2026-08-25 03:48:44 435:435 SyncActivityProfilerHandler.cpp:59] profiler_stop
USDT:2026-08-25 03:48:44 438:438 SyncActivityProfilerHandler.cpp:59] profiler_stop
USDT:2026-08-25 03:48:44 434:434 SyncActivityProfilerHandler.cpp:59] profiler_stop
USDT:2026-08-25 03:48:44 436:436 SyncActivityProfilerHandler.cpp:59] profiler_stop
   # EP:   1/16 | cached dispatch: 11 GB/s (SO), 35 GB/s (SU), 165.454 us, 5720832 bytes | copy: 1790 GB/s, 6.391 us
   # EP:   3/16 | cached dispatch: 11 GB/s (SO), 35 GB/s (SU), 165.501 us, 5855616 bytes | copy: 1266 GB/s, 9.251 us
   # EP:   5/16 | cached dispatch: 11 GB/s (SO), 34 GB/s (SU), 165.697 us, 5705856 bytes | copy: 878 GB/s, 12.994 us
   # EP:   7/16 | cached dispatch: 11 GB/s (SO), 36 GB/s (SU), 165.633 us, 5937984 bytes | copy: 925 GB/s, 12.843 us
   # EP:   4/16 | cached dispatch: 11 GB/s (SO), 34 GB/s (SU), 165.583 us, 5623488 bytes | copy: 823 GB/s, 13.673 us
   # EP:   6/16 | cached dispatch: 11 GB/s (SO), 36 GB/s (SU), 165.670 us, 5937984 bytes | copy: 906 GB/s, 13.104 us
   # EP:   2/16 | cached dispatch: 11 GB/s (SO), 35 GB/s (SU), 165.627 us, 5840640 bytes | copy: 1927 GB/s, 6.062 us
   # EP:   0/16 | cached dispatch: 12 GB/s (SO), 35 GB/s (SU), 165.586 us, 5750784 bytes | copy: 1855 GB/s, 6.201 us
USDT:2026-08-25 03:48:45 439:439 SyncActivityProfilerHandler.cpp:52] profiler_start
USDT:2026-08-25 03:48:45 441:441 SyncActivityProfilerHandler.cpp:52] profiler_startUSDT:2026-08-25 03:48:45 437:437 SyncActivityProfilerHandler.cpp:52] profiler_start
USDT:2026-08-25 03:48:45 434:434 SyncActivityProfilerHandler.cpp:52] profiler_start
USDT:2026-08-25 03:48:45 438:438 SyncActivityProfilerHandler.cpp:52] profiler_start

USDT:2026-08-25 03:48:45 435:435 SyncActivityProfilerHandler.cpp:52] profiler_startUSDT:2026-08-25 03:48:45 436:436 SyncActivityProfilerHandler.cpp:52] profiler_start

USDT:2026-08-25 03:48:45 440:440 SyncActivityProfilerHandler.cpp:52] profiler_start
USDT:2026-08-25 03:48:45 440:440 SyncActivityProfilerHandler.cpp:59] profiler_stopUSDT:2026-08-25 03:48:45 439:439 SyncActivityProfilerHandler.cpp:59] profiler_stop
USDT:2026-08-25 03:48:45 436:436 SyncActivityProfilerHandler.cpp:59] profiler_stop
USDT:2026-08-25 03:48:45 441:441 SyncActivityProfilerHandler.cpp:59] profiler_stopUSDT:2026-08-25 03:48:45 437:437 SyncActivityProfilerHandler.cpp:59] profiler_stop
USDT:2026-08-25 03:48:45 438:438 SyncActivityProfilerHandler.cpp:59] profiler_stop


USDT:2026-08-25 03:48:45 435:435 SyncActivityProfilerHandler.cpp:59] profiler_stop
USDT:2026-08-25 03:48:45 434:434 SyncActivityProfilerHandler.cpp:59] profiler_stop
   @ EP:   5/16 | combine: 22 GB/s (SO), 67 GB/s (SU), 163.186 us, 10948416 bytes | reduce: 1139 GB/s, 4.641 us
   @ EP:   4/16 | combine: 22 GB/s (SO), 66 GB/s (SU), 164.279 us, 10790368 bytes | reduce: 1113 GB/s, 4.778 us
   @ EP:   7/16 | combine: 21 GB/s (SO), 70 GB/s (SU), 162.911 us, 11393824 bytes | reduce: 1104 GB/s, 4.724 us
   @ EP:   6/16 | combine: 21 GB/s (SO), 69 GB/s (SU), 164.003 us, 11393824 bytes | reduce: 1103 GB/s, 4.730 us
   @ EP:   1/16 | combine: 22 GB/s (SO), 66 GB/s (SU), 166.456 us, 10977152 bytes | reduce: 1135 GB/s, 4.825 us
   @ EP:   3/16 | combine: 22 GB/s (SO), 68 GB/s (SU), 166.055 us, 11235776 bytes | reduce: 1125 GB/s, 4.789 us
   @ EP:   2/16 | combine: 22 GB/s (SO), 67 GB/s (SU), 166.090 us, 11207040 bytes | reduce: 1156 GB/s, 4.699 us
   @ EP:   0/16 | combine: 22 GB/s (SO), 67 GB/s (SU), 165.775 us, 11034624 bytes | reduce: 1234 GB/s, 4.461 us
USDT:2026-08-25 03:48:45 441:441 SyncActivityProfilerHandler.cpp:52] profiler_startUSDT:2026-08-25 03:48:45 439:439 SyncActivityProfilerHandler.cpp:52] profiler_startUSDT:2026-08-25 03:48:45 438:438 SyncActivityProfilerHandler.cpp:52] profiler_startUSDT:2026-08-25 03:48:45 437:437 SyncActivityProfilerHandler.cpp:52] profiler_startUSDT:2026-08-25 03:48:45 435:435 SyncActivityProfilerHandler.cpp:52] profiler_start
USDT:2026-08-25 03:48:45 440:440 SyncActivityProfilerHandler.cpp:52] profiler_start




USDT:2026-08-25 03:48:45 434:434 SyncActivityProfilerHandler.cpp:52] profiler_start
USDT:2026-08-25 03:48:45 436:436 SyncActivityProfilerHandler.cpp:52] profiler_start
USDT:2026-08-25 03:48:46 441:441 SyncActivityProfilerHandler.cpp:59] profiler_stopUSDT:2026-08-25 03:48:46 438:438 SyncActivityProfilerHandler.cpp:59] profiler_stopUSDT:2026-08-25 03:48:46 439:439 SyncActivityProfilerHandler.cpp:59] profiler_stop


USDT:2026-08-25 03:48:46 437:437 SyncActivityProfilerHandler.cpp:59] profiler_stop
USDT:2026-08-25 03:48:46 435:435 SyncActivityProfilerHandler.cpp:59] profiler_stopUSDT:2026-08-25 03:48:46 440:440 SyncActivityProfilerHandler.cpp:59] profiler_stopUSDT:2026-08-25 03:48:46 434:434 SyncActivityProfilerHandler.cpp:59] profiler_stop


USDT:2026-08-25 03:48:46 436:436 SyncActivityProfilerHandler.cpp:59] profiler_stop
   + EP:   7/16 | reduced combine: 19 GB/s (SO), 64 GB/s (SU), 178.562 us, 11393824 bytes | reduce: 1085 GB/s, 4.809 us   + EP:   5/16 | reduced combine: 20 GB/s (SO), 61 GB/s (SU), 179.882 us, 10948416 bytes | reduce: 1117 GB/s, 4.733 us

   + EP:   4/16 | reduced combine: 20 GB/s (SO), 60 GB/s (SU), 180.289 us, 10790368 bytes | reduce: 1066 GB/s, 4.986 us
   + EP:   3/16 | reduced combine: 20 GB/s (SO), 62 GB/s (SU), 181.651 us, 11235776 bytes | reduce: 1095 GB/s, 4.919 us
   + EP:   1/16 | reduced combine: 20 GB/s (SO), 60 GB/s (SU), 182.882 us, 10977152 bytes | reduce: 1099 GB/s, 4.980 us
   + EP:   6/16 | reduced combine: 19 GB/s (SO), 63 GB/s (SU), 180.062 us, 11393824 bytes | reduce: 1105 GB/s, 4.719 us
   + EP:   0/16 | reduced combine: 20 GB/s (SO), 60 GB/s (SU), 182.925 us, 11034624 bytes | reduce: 1153 GB/s, 4.771 us
   + EP:   2/16 | reduced combine: 20 GB/s (SO), 62 GB/s (SU), 180.874 us, 11207040 bytes | reduce: 1179 GB/s, 4.607 us


