=== EP_NIC_NAME=rdmap110s0 (auto, 200 Gb/s) ===
+ docker run --rm --gpus all --privileged --network=host --ipc=host --ulimit memlock=-1 --ulimit stack=67108864 --device=/dev/infiniband --device=/dev/gdrdrv -v /sys/class/infiniband:/sys/class/infiniband:ro -e MASTER_ADDR=172.31.20.74 -e MASTER_PORT=29602 -e WORLD_SIZE=2 -e RANK=0 -e NCCL_DEBUG=WARN -e EP_NIC_NAME=rdmap110s0 -e PYTHONUNBUFFERED=1 -e PYTHONFAULTHANDLER=1 deepep-v2-efa-official:main-8e7b42e bash -lc 'timeout -s ABRT --kill-after=60 1500     python3 -u /opt/DeepEP/tests/elastic/test_ep.py     --num-processes=8 --num-tokens=8192     --hidden=7168 --num-topk=8 --num-experts=256     --num-sms=12 --allow-hybrid-mode=1     --prefer-overlap-with-compute=0 --test-first-only      '

==========
== CUDA ==
==========

CUDA Version 13.0.2

Container image Copyright (c) 2016-2023, NVIDIA CORPORATION & AFFILIATES. All rights reserved.

This container image and its contents are governed by the NVIDIA Deep Learning Container License.
By pulling and using the container, you accept the terms and conditions of this license:
https://developer.nvidia.com/ngc/nvidia-deep-learning-container-license

A copy of this license is made available in this container at /NGC-DL-CONTAINER-LICENSE for your convenience.

NCCL version 2.31.2+cuda13.3
DeepEP hybrid kernel selection: unordered
DeepEP hybrid kernel selection: unordered
DeepEP hybrid kernel selection: unordered
DeepEP hybrid kernel selection: unordered
DeepEP hybrid kernel selection: unordered
DeepEP hybrid kernel selection: unordered
DeepEP hybrid kernel selection: unordered
DeepEP hybrid kernel selection: unordered
DeepEP hybrid kernel selection: unordered
DeepEP hybrid kernel selection: unordered
DeepEP hybrid kernel selection: unordered
DeepEP hybrid kernel selection: unordered
DeepEP hybrid kernel selection: unordered
DeepEP hybrid kernel selection: unordered
DeepEP hybrid kernel selection: unordered
DeepEP hybrid kernel selection: unordered
Config:
 > Ranks: 2 x 8
 > Experts: 8/256
 > Tokens: 8192 (max: 8192), hidden: 7168
 > #SM: 12, #QPs: 11/11

Running all test cases:
 > Testing with do_handle_copy=1, expert_alignment=128, use_fp8_dispatch=1, num_bias=0, with_previous_event=0, async_with_compute_stream=0, allocate_on_comm_stream=0 ...
USDT:2026-08-25 03:02:15 431:431 SyncActivityProfilerHandler.cpp:52] profiler_startUSDT:2026-08-25 03:02:15 438:438 SyncActivityProfilerHandler.cpp:52] profiler_startUSDT:2026-08-25 03:02:15 434:434 SyncActivityProfilerHandler.cpp:52] profiler_startUSDT:2026-08-25 03:02:15 435:435 SyncActivityProfilerHandler.cpp:52] profiler_start



USDT:2026-08-25 03:02:15 437:437 SyncActivityProfilerHandler.cpp:52] profiler_startUSDT:2026-08-25 03:02:15 433:433 SyncActivityProfilerHandler.cpp:52] profiler_start

USDT:2026-08-25 03:02:15 436:436 SyncActivityProfilerHandler.cpp:52] profiler_start
USDT:2026-08-25 03:02:15 432:432 SyncActivityProfilerHandler.cpp:52] profiler_start
USDT:2026-08-25 03:02:15 434:434 SyncActivityProfilerHandler.cpp:59] profiler_stopUSDT:2026-08-25 03:02:15 431:431 SyncActivityProfilerHandler.cpp:59] profiler_stop

USDT:2026-08-25 03:02:15 438:438 SyncActivityProfilerHandler.cpp:59] profiler_stop
USDT:2026-08-25 03:02:15 435:435 SyncActivityProfilerHandler.cpp:59] profiler_stop
USDT:2026-08-25 03:02:15 437:437 SyncActivityProfilerHandler.cpp:59] profiler_stopUSDT:2026-08-25 03:02:15 432:432 SyncActivityProfilerHandler.cpp:59] profiler_stopUSDT:2026-08-25 03:02:15 433:433 SyncActivityProfilerHandler.cpp:59] profiler_stop
USDT:2026-08-25 03:02:15 436:436 SyncActivityProfilerHandler.cpp:59] profiler_stop


   * EP:   3/16 | dispatch: 74 GB/s (SO), 241 GB/s (SU), 1651.000 us, 398309184 bytes | copy: 3016 GB/s, 264.110 us
   * EP:   2/16 | dispatch: 74 GB/s (SO), 242 GB/s (SU), 1651.000 us, 399155328 bytes | copy: 3164 GB/s, 252.307 us
   * EP:   1/16 | dispatch: 74 GB/s (SO), 243 GB/s (SU), 1651.000 us, 400900032 bytes | copy: 2986 GB/s, 268.563 us
   * EP:   0/16 | dispatch: 74 GB/s (SO), 240 GB/s (SU), 1651.000 us, 395942976 bytes | copy: 2657 GB/s, 298.046 us
   * EP:   6/16 | dispatch: 74 GB/s (SO), 241 GB/s (SU), 1651.000 us, 397642752 bytes | copy: 2896 GB/s, 274.655 us
   * EP:   4/16 | dispatch: 74 GB/s (SO), 244 GB/s (SU), 1651.000 us, 402360192 bytes | copy: 3191 GB/s, 252.219 us
   * EP:   7/16 | dispatch: 74 GB/s (SO), 242 GB/s (SU), 1651.000 us, 399252672 bytes | copy: 2850 GB/s, 280.141 us
   * EP:   5/16 | dispatch: 74 GB/s (SO), 242 GB/s (SU), 1651.000 us, 399821760 bytes | copy: 2689 GB/s, 297.324 us
USDT:2026-08-25 03:02:15 431:431 SyncActivityProfilerHandler.cpp:52] profiler_start
USDT:2026-08-25 03:02:15 434:434 SyncActivityProfilerHandler.cpp:52] profiler_startUSDT:2026-08-25 03:02:15 438:438 SyncActivityProfilerHandler.cpp:52] profiler_start

USDT:2026-08-25 03:02:15 435:435 SyncActivityProfilerHandler.cpp:52] profiler_start
USDT:2026-08-25 03:02:15 437:437 SyncActivityProfilerHandler.cpp:52] profiler_startUSDT:2026-08-25 03:02:15 432:432 SyncActivityProfilerHandler.cpp:52] profiler_startUSDT:2026-08-25 03:02:15 436:436 SyncActivityProfilerHandler.cpp:52] profiler_startUSDT:2026-08-25 03:02:15 433:433 SyncActivityProfilerHandler.cpp:52] profiler_start



USDT:2026-08-25 03:02:16 434:434 SyncActivityProfilerHandler.cpp:59] profiler_stopUSDT:2026-08-25 03:02:16 431:431 SyncActivityProfilerHandler.cpp:59] profiler_stop

USDT:2026-08-25 03:02:16 435:435 SyncActivityProfilerHandler.cpp:59] profiler_stopUSDT:2026-08-25 03:02:16 438:438 SyncActivityProfilerHandler.cpp:59] profiler_stop

USDT:2026-08-25 03:02:16 436:436 SyncActivityProfilerHandler.cpp:59] profiler_stopUSDT:2026-08-25 03:02:16 433:433 SyncActivityProfilerHandler.cpp:59] profiler_stopUSDT:2026-08-25 03:02:16 437:437 SyncActivityProfilerHandler.cpp:59] profiler_stopUSDT:2026-08-25 03:02:16 432:432 SyncActivityProfilerHandler.cpp:59] profiler_stop



   - EP:   3/16 | expanded dispatch: 50 GB/s (SO), 164 GB/s (SU), 2426.000 us, 398309184 bytes | copy: 2784 GB/s, 322.310 us
   - EP:   4/16 | expanded dispatch: 50 GB/s (SO), 166 GB/s (SU), 2426.000 us, 402360192 bytes | copy: 2768 GB/s, 327.299 us
   - EP:   7/16 | expanded dispatch: 50 GB/s (SO), 165 GB/s (SU), 2426.000 us, 399252672 bytes | copy: 2499 GB/s, 357.797 us
   - EP:   0/16 | expanded dispatch: 50 GB/s (SO), 163 GB/s (SU), 2426.000 us, 395942976 bytes | copy: 2412 GB/s, 368.491 us
   - EP:   2/16 | expanded dispatch: 50 GB/s (SO), 165 GB/s (SU), 2426.000 us, 399155328 bytes | copy: 2644 GB/s, 339.959 us
   - EP:   1/16 | expanded dispatch: 50 GB/s (SO), 165 GB/s (SU), 2426.000 us, 400900032 bytes | copy: 2458 GB/s, 365.727 us
   - EP:   6/16 | expanded dispatch: 50 GB/s (SO), 164 GB/s (SU), 2426.000 us, 397642752 bytes | copy: 2522 GB/s, 354.518 us
   - EP:   5/16 | expanded dispatch: 50 GB/s (SO), 165 GB/s (SU), 2426.000 us, 399821760 bytes | copy: 2369 GB/s, 380.082 us
USDT:2026-08-25 03:02:16 434:434 SyncActivityProfilerHandler.cpp:52] profiler_startUSDT:2026-08-25 03:02:16 431:431 SyncActivityProfilerHandler.cpp:52] profiler_start
USDT:2026-08-25 03:02:16 435:435 SyncActivityProfilerHandler.cpp:52] profiler_start
USDT:2026-08-25 03:02:16 438:438 SyncActivityProfilerHandler.cpp:52] profiler_start

USDT:2026-08-25 03:02:16 436:436 SyncActivityProfilerHandler.cpp:52] profiler_startUSDT:2026-08-25 03:02:16 432:432 SyncActivityProfilerHandler.cpp:52] profiler_startUSDT:2026-08-25 03:02:16 437:437 SyncActivityProfilerHandler.cpp:52] profiler_startUSDT:2026-08-25 03:02:16 433:433 SyncActivityProfilerHandler.cpp:52] profiler_start



USDT:2026-08-25 03:02:17 431:431 SyncActivityProfilerHandler.cpp:59] profiler_stopUSDT:2026-08-25 03:02:17 435:435 SyncActivityProfilerHandler.cpp:59] profiler_stop

USDT:2026-08-25 03:02:17 438:438 SyncActivityProfilerHandler.cpp:59] profiler_stop
USDT:2026-08-25 03:02:17 434:434 SyncActivityProfilerHandler.cpp:59] profiler_stop
USDT:2026-08-25 03:02:17 436:436 SyncActivityProfilerHandler.cpp:59] profiler_stopUSDT:2026-08-25 03:02:17 437:437 SyncActivityProfilerHandler.cpp:59] profiler_stopUSDT:2026-08-25 03:02:17 433:433 SyncActivityProfilerHandler.cpp:59] profiler_stop


USDT:2026-08-25 03:02:17 432:432 SyncActivityProfilerHandler.cpp:59] profiler_stop
   # EP:   3/16 | cached dispatch: 73 GB/s (SO), 238 GB/s (SU), 1677.000 us, 398309184 bytes | copy: 2680 GB/s, 297.258 us
   # EP:   4/16 | cached dispatch: 73 GB/s (SO), 240 GB/s (SU), 1677.000 us, 402360192 bytes | copy: 3006 GB/s, 267.749 us   # EP:   7/16 | cached dispatch: 73 GB/s (SO), 238 GB/s (SU), 1677.000 us, 399252672 bytes | copy: 2687 GB/s, 297.228 us

   # EP:   0/16 | cached dispatch: 73 GB/s (SO), 236 GB/s (SU), 1677.000 us, 395942976 bytes | copy: 2554 GB/s, 310.031 us
   # EP:   6/16 | cached dispatch: 73 GB/s (SO), 237 GB/s (SU), 1677.000 us, 397642752 bytes | copy: 2835 GB/s, 280.529 us
   # EP:   2/16 | cached dispatch: 73 GB/s (SO), 238 GB/s (SU), 1677.000 us, 399155328 bytes | copy: 2807 GB/s, 284.444 us
   # EP:   1/16 | cached dispatch: 73 GB/s (SO), 239 GB/s (SU), 1677.000 us, 400900032 bytes | copy: 2790 GB/s, 287.363 us
   # EP:   5/16 | cached dispatch: 73 GB/s (SO), 238 GB/s (SU), 1677.000 us, 399821760 bytes | copy: 2794 GB/s, 286.248 us
USDT:2026-08-25 03:02:17 438:438 SyncActivityProfilerHandler.cpp:52] profiler_startUSDT:2026-08-25 03:02:17 431:431 SyncActivityProfilerHandler.cpp:52] profiler_startUSDT:2026-08-25 03:02:17 435:435 SyncActivityProfilerHandler.cpp:52] profiler_start


USDT:2026-08-25 03:02:17 434:434 SyncActivityProfilerHandler.cpp:52] profiler_start
USDT:2026-08-25 03:02:17 437:437 SyncActivityProfilerHandler.cpp:52] profiler_startUSDT:2026-08-25 03:02:17 432:432 SyncActivityProfilerHandler.cpp:52] profiler_start

USDT:2026-08-25 03:02:17 433:433 SyncActivityProfilerHandler.cpp:52] profiler_start
USDT:2026-08-25 03:02:17 436:436 SyncActivityProfilerHandler.cpp:52] profiler_start
USDT:2026-08-25 03:02:18 438:438 SyncActivityProfilerHandler.cpp:59] profiler_stop
USDT:2026-08-25 03:02:18 435:435 SyncActivityProfilerHandler.cpp:59] profiler_stop
USDT:2026-08-25 03:02:18 434:434 SyncActivityProfilerHandler.cpp:59] profiler_stop
USDT:2026-08-25 03:02:18 431:431 SyncActivityProfilerHandler.cpp:59] profiler_stop
USDT:2026-08-25 03:02:18 433:433 SyncActivityProfilerHandler.cpp:59] profiler_stopUSDT:2026-08-25 03:02:18 432:432 SyncActivityProfilerHandler.cpp:59] profiler_stopUSDT:2026-08-25 03:02:18 437:437 SyncActivityProfilerHandler.cpp:59] profiler_stopUSDT:2026-08-25 03:02:18 436:436 SyncActivityProfilerHandler.cpp:59] profiler_stop



   @ EP:   4/16 | combine: 61 GB/s (SO), 201 GB/s (SU), 3840.000 us, 772050112 bytes | reduce: 3657 GB/s, 96.296 us
   @ EP:   0/16 | combine: 61 GB/s (SO), 198 GB/s (SU), 3834.000 us, 759736736 bytes | reduce: 3658 GB/s, 96.335 us
   @ EP:   7/16 | combine: 62 GB/s (SO), 201 GB/s (SU), 3810.000 us, 766087392 bytes | reduce: 3655 GB/s, 96.333 us
   @ EP:   3/16 | combine: 61 GB/s (SO), 199 GB/s (SU), 3849.000 us, 764277024 bytes | reduce: 3651 GB/s, 96.489 us
   @ EP:   1/16 | combine: 61 GB/s (SO), 201 GB/s (SU), 3831.000 us, 769248352 bytes | reduce: 3653 GB/s, 96.449 us
   @ EP:   6/16 | combine: 61 GB/s (SO), 199 GB/s (SU), 3842.000 us, 762998272 bytes | reduce: 3659 GB/s, 96.254 us
   @ EP:   2/16 | combine: 61 GB/s (SO), 199 GB/s (SU), 3851.000 us, 765900608 bytes | reduce: 3661 GB/s, 96.206 us
   @ EP:   5/16 | combine: 62 GB/s (SO), 202 GB/s (SU), 3794.000 us, 767179360 bytes | reduce: 3671 GB/s, 95.908 us
USDT:2026-08-25 03:02:18 438:438 SyncActivityProfilerHandler.cpp:52] profiler_startUSDT:2026-08-25 03:02:18 434:434 SyncActivityProfilerHandler.cpp:52] profiler_start

USDT:2026-08-25 03:02:18 431:431 SyncActivityProfilerHandler.cpp:52] profiler_start
USDT:2026-08-25 03:02:18 435:435 SyncActivityProfilerHandler.cpp:52] profiler_start
USDT:2026-08-25 03:02:18 432:432 SyncActivityProfilerHandler.cpp:52] profiler_startUSDT:2026-08-25 03:02:18 437:437 SyncActivityProfilerHandler.cpp:52] profiler_startUSDT:2026-08-25 03:02:18 433:433 SyncActivityProfilerHandler.cpp:52] profiler_start


USDT:2026-08-25 03:02:18 436:436 SyncActivityProfilerHandler.cpp:52] profiler_start
USDT:2026-08-25 03:02:19 434:434 SyncActivityProfilerHandler.cpp:59] profiler_stop
USDT:2026-08-25 03:02:19 435:435 SyncActivityProfilerHandler.cpp:59] profiler_stop
USDT:2026-08-25 03:02:19 438:438 SyncActivityProfilerHandler.cpp:59] profiler_stop
USDT:2026-08-25 03:02:19 431:431 SyncActivityProfilerHandler.cpp:59] profiler_stop
USDT:2026-08-25 03:02:19 433:433 SyncActivityProfilerHandler.cpp:59] profiler_stopUSDT:2026-08-25 03:02:19 432:432 SyncActivityProfilerHandler.cpp:59] profiler_stopUSDT:2026-08-25 03:02:19 437:437 SyncActivityProfilerHandler.cpp:59] profiler_stop


USDT:2026-08-25 03:02:19 436:436 SyncActivityProfilerHandler.cpp:59] profiler_stop
   + EP:   4/16 | reduced combine: 54 GB/s (SO), 178 GB/s (SU), 4328.000 us, 772050112 bytes | reduce: 3677 GB/s, 95.772 us
   + EP:   3/16 | reduced combine: 54 GB/s (SO), 177 GB/s (SU), 4322.000 us, 764277024 bytes | reduce: 3673 GB/s, 95.920 us
   + EP:   7/16 | reduced combine: 54 GB/s (SO), 178 GB/s (SU), 4312.000 us, 766087392 bytes | reduce: 3657 GB/s, 96.297 us
   + EP:   0/16 | reduced combine: 54 GB/s (SO), 175 GB/s (SU), 4338.000 us, 759736736 bytes | reduce: 3667 GB/s, 96.120 us
   + EP:   6/16 | reduced combine: 54 GB/s (SO), 175 GB/s (SU), 4353.000 us, 762998272 bytes | reduce: 3659 GB/s, 96.245 us
   + EP:   1/16 | reduced combine: 54 GB/s (SO), 178 GB/s (SU), 4318.000 us, 769248352 bytes | reduce: 3666 GB/s, 96.091 us
   + EP:   2/16 | reduced combine: 54 GB/s (SO), 175 GB/s (SU), 4368.000 us, 765900608 bytes | reduce: 3661 GB/s, 96.189 us
   + EP:   5/16 | reduced combine: 54 GB/s (SO), 177 GB/s (SU), 4344.000 us, 767179360 bytes | reduce: 3671 GB/s, 95.922 us


