=== EP_NIC_NAME=rdmap110s0 (auto, 200 Gb/s) ===
+ docker run --rm --gpus all --privileged --network=host --ipc=host --ulimit memlock=-1 --ulimit stack=67108864 --device=/dev/infiniband --device=/dev/gdrdrv -v /sys/class/infiniband:/sys/class/infiniband:ro -e MASTER_ADDR=172.31.20.74 -e MASTER_PORT=29717 -e WORLD_SIZE=4 -e RANK=3 -e NCCL_DEBUG=WARN -e EP_NIC_NAME=rdmap110s0 -e NCCL_GIN_TYPE=5 -e NCCL_SYM_GIN_KERNELS_ENABLE=0 -e PYTHONUNBUFFERED=1 -e PYTHONFAULTHANDLER=1 deepep-v2-efa-official:main-8e7b42e bash -lc 'timeout -s ABRT --kill-after=60 1500     python3 -u /opt/DeepEP/tests/elastic/test_ep.py     --num-processes=8 --num-tokens=8192     --hidden=7168 --num-topk=8 --num-experts=256     --num-sms=12 --allow-hybrid-mode=1     --prefer-overlap-with-compute=0 --test-first-only      '

==========
== CUDA ==
==========

CUDA Version 13.0.2

Container image Copyright (c) 2016-2023, NVIDIA CORPORATION & AFFILIATES. All rights reserved.

This container image and its contents are governed by the NVIDIA Deep Learning Container License.
By pulling and using the container, you accept the terms and conditions of this license:
https://developer.nvidia.com/ngc/nvidia-deep-learning-container-license

A copy of this license is made available in this container at /NGC-DL-CONTAINER-LICENSE for your convenience.

DeepEP hybrid kernel selection: unordered
DeepEP hybrid kernel selection: unordered
DeepEP hybrid kernel selection: unordered
DeepEP hybrid kernel selection: unordered
DeepEP hybrid kernel selection: unordered
DeepEP hybrid kernel selection: unordered
DeepEP hybrid kernel selection: unordered
DeepEP hybrid kernel selection: unordered
DeepEP hybrid kernel selection: unordered
DeepEP hybrid kernel selection: unordered
DeepEP hybrid kernel selection: unordered
DeepEP hybrid kernel selection: unordered
DeepEP hybrid kernel selection: unordered
DeepEP hybrid kernel selection: unordered
DeepEP hybrid kernel selection: unordered
DeepEP hybrid kernel selection: unordered
Config:
 > Ranks: 4 x 8
 > Experts: 8/256
 > Tokens: 8168 (max: 8192), hidden: 7168
 > #SM: 12, #QPs: 11/11

Running all test cases:
 > Testing with do_handle_copy=1, expert_alignment=128, use_fp8_dispatch=1, num_bias=0, with_previous_event=0, async_with_compute_stream=0, allocate_on_comm_stream=0 ...
USDT:2026-08-25 04:31:58 432:432 SyncActivityProfilerHandler.cpp:52] profiler_startUSDT:2026-08-25 04:31:58 434:434 SyncActivityProfilerHandler.cpp:52] profiler_startUSDT:2026-08-25 04:31:58 435:435 SyncActivityProfilerHandler.cpp:52] profiler_startUSDT:2026-08-25 04:31:58 437:437 SyncActivityProfilerHandler.cpp:52] profiler_startUSDT:2026-08-25 04:31:58 433:433 SyncActivityProfilerHandler.cpp:52] profiler_startUSDT:2026-08-25 04:31:58 438:438 SyncActivityProfilerHandler.cpp:52] profiler_start

USDT:2026-08-25 04:31:58 431:431 SyncActivityProfilerHandler.cpp:52] profiler_start



USDT:2026-08-25 04:31:58 436:436 SyncActivityProfilerHandler.cpp:52] profiler_start

USDT:2026-08-25 04:31:58 431:431 SyncActivityProfilerHandler.cpp:59] profiler_stopUSDT:2026-08-25 04:31:58 434:434 SyncActivityProfilerHandler.cpp:59] profiler_stopUSDT:2026-08-25 04:31:58 438:438 SyncActivityProfilerHandler.cpp:59] profiler_stopUSDT:2026-08-25 04:31:58 437:437 SyncActivityProfilerHandler.cpp:59] profiler_stopUSDT:2026-08-25 04:31:58 433:433 SyncActivityProfilerHandler.cpp:59] profiler_stopUSDT:2026-08-25 04:31:58 432:432 SyncActivityProfilerHandler.cpp:59] profiler_stop
USDT:2026-08-25 04:31:58 436:436 SyncActivityProfilerHandler.cpp:59] profiler_stop




USDT:2026-08-25 04:31:58 435:435 SyncActivityProfilerHandler.cpp:59] profiler_stop

   * EP:  27/32 | dispatch: 56 GB/s (SO), 113 GB/s (SU), 3935.000 us, 444128256 bytes | copy: 2778 GB/s, 319.695 us
   * EP:  25/32 | dispatch: 56 GB/s (SO), 114 GB/s (SU), 3935.000 us, 446883840 bytes | copy: 2735 GB/s, 326.830 us
   * EP:  31/32 | dispatch: 56 GB/s (SO), 113 GB/s (SU), 3935.000 us, 444682368 bytes | copy: 2688 GB/s, 330.811 us
   * EP:  28/32 | dispatch: 56 GB/s (SO), 113 GB/s (SU), 3935.000 us, 444614976 bytes | copy: 2661 GB/s, 334.208 us
   * EP:  30/32 | dispatch: 56 GB/s (SO), 113 GB/s (SU), 3935.000 us, 445887936 bytes | copy: 2633 GB/s, 338.675 us
   * EP:  26/32 | dispatch: 56 GB/s (SO), 113 GB/s (SU), 3935.000 us, 444929472 bytes | copy: 2631 GB/s, 338.268 us
   * EP:  24/32 | dispatch: 56 GB/s (SO), 114 GB/s (SU), 3934.000 us, 447026112 bytes | copy: 2836 GB/s, 315.296 us
   * EP:  29/32 | dispatch: 56 GB/s (SO), 113 GB/s (SU), 3934.000 us, 443446848 bytes | copy: 2803 GB/s, 316.448 us
USDT:2026-08-25 04:31:59 434:434 SyncActivityProfilerHandler.cpp:52] profiler_startUSDT:2026-08-25 04:31:59 437:437 SyncActivityProfilerHandler.cpp:52] profiler_startUSDT:2026-08-25 04:31:59 436:436 SyncActivityProfilerHandler.cpp:52] profiler_startUSDT:2026-08-25 04:31:59 433:433 SyncActivityProfilerHandler.cpp:52] profiler_start

USDT:2026-08-25 04:31:59 438:438 SyncActivityProfilerHandler.cpp:52] profiler_start
USDT:2026-08-25 04:31:59 432:432 SyncActivityProfilerHandler.cpp:52] profiler_startUSDT:2026-08-25 04:31:59 435:435 SyncActivityProfilerHandler.cpp:52] profiler_startUSDT:2026-08-25 04:31:59 431:431 SyncActivityProfilerHandler.cpp:52] profiler_start




USDT:2026-08-25 04:31:59 434:434 SyncActivityProfilerHandler.cpp:59] profiler_stop
USDT:2026-08-25 04:31:59 438:438 SyncActivityProfilerHandler.cpp:59] profiler_stopUSDT:2026-08-25 04:31:59 435:435 SyncActivityProfilerHandler.cpp:59] profiler_stopUSDT:2026-08-25 04:31:59 433:433 SyncActivityProfilerHandler.cpp:59] profiler_stop
USDT:2026-08-25 04:31:59 436:436 SyncActivityProfilerHandler.cpp:59] profiler_stop
USDT:2026-08-25 04:31:59 437:437 SyncActivityProfilerHandler.cpp:59] profiler_stopUSDT:2026-08-25 04:31:59 432:432 SyncActivityProfilerHandler.cpp:59] profiler_stop

USDT:2026-08-25 04:31:59 431:431 SyncActivityProfilerHandler.cpp:59] profiler_stop


   - EP:  27/32 | expanded dispatch: 56 GB/s (SO), 113 GB/s (SU), 3936.000 us, 444128256 bytes | copy: 2479 GB/s, 378.102 us
   - EP:  28/32 | expanded dispatch: 56 GB/s (SO), 113 GB/s (SU), 3937.000 us, 444614976 bytes | copy: 2394 GB/s, 392.753 us
   - EP:  31/32 | expanded dispatch: 56 GB/s (SO), 113 GB/s (SU), 3936.000 us, 444682368 bytes | copy: 2454 GB/s, 383.128 us
   - EP:  25/32 | expanded dispatch: 56 GB/s (SO), 114 GB/s (SU), 3936.000 us, 446883840 bytes | copy: 2553 GB/s, 369.749 us
   - EP:  26/32 | expanded dispatch: 56 GB/s (SO), 113 GB/s (SU), 3936.000 us, 444929472 bytes | copy: 2409 GB/s, 390.005 us
   - EP:  30/32 | expanded dispatch: 56 GB/s (SO), 113 GB/s (SU), 3936.000 us, 445887936 bytes | copy: 2373 GB/s, 396.823 us
   - EP:  24/32 | expanded dispatch: 56 GB/s (SO), 114 GB/s (SU), 3936.000 us, 447026112 bytes | copy: 2466 GB/s, 383.041 us
   - EP:  29/32 | expanded dispatch: 56 GB/s (SO), 113 GB/s (SU), 3936.000 us, 443446848 bytes | copy: 2532 GB/s, 370.513 us
USDT:2026-08-25 04:32:00 434:434 SyncActivityProfilerHandler.cpp:52] profiler_startUSDT:2026-08-25 04:32:00 437:437 SyncActivityProfilerHandler.cpp:52] profiler_startUSDT:2026-08-25 04:32:00 432:432 SyncActivityProfilerHandler.cpp:52] profiler_startUSDT:2026-08-25 04:32:00 436:436 SyncActivityProfilerHandler.cpp:52] profiler_startUSDT:2026-08-25 04:32:00 435:435 SyncActivityProfilerHandler.cpp:52] profiler_startUSDT:2026-08-25 04:32:00 438:438 SyncActivityProfilerHandler.cpp:52] profiler_start
USDT:2026-08-25 04:32:00 433:433 SyncActivityProfilerHandler.cpp:52] profiler_start


USDT:2026-08-25 04:32:00 431:431 SyncActivityProfilerHandler.cpp:52] profiler_start



USDT:2026-08-25 04:32:00 434:434 SyncActivityProfilerHandler.cpp:59] profiler_stopUSDT:2026-08-25 04:32:00 432:432 SyncActivityProfilerHandler.cpp:59] profiler_stopUSDT:2026-08-25 04:32:00 435:435 SyncActivityProfilerHandler.cpp:59] profiler_stop
USDT:2026-08-25 04:32:00 437:437 SyncActivityProfilerHandler.cpp:59] profiler_stop
USDT:2026-08-25 04:32:00 436:436 SyncActivityProfilerHandler.cpp:59] profiler_stop
USDT:2026-08-25 04:32:00 438:438 SyncActivityProfilerHandler.cpp:59] profiler_stop


USDT:2026-08-25 04:32:00 433:433 SyncActivityProfilerHandler.cpp:59] profiler_stop
USDT:2026-08-25 04:32:00 431:431 SyncActivityProfilerHandler.cpp:59] profiler_stop
   # EP:  27/32 | cached dispatch: 52 GB/s (SO), 105 GB/s (SU), 4240.000 us, 444128256 bytes | copy: 2381 GB/s, 373.083 us
   # EP:  31/32 | cached dispatch: 52 GB/s (SO), 105 GB/s (SU), 4240.000 us, 444682368 bytes | copy: 2676 GB/s, 332.365 us
   # EP:  25/32 | cached dispatch: 52 GB/s (SO), 105 GB/s (SU), 4240.000 us, 446883840 bytes | copy: 2420 GB/s, 369.286 us
   # EP:  28/32 | cached dispatch: 52 GB/s (SO), 105 GB/s (SU), 4240.000 us, 444614976 bytes | copy: 2631 GB/s, 337.985 us
   # EP:  30/32 | cached dispatch: 52 GB/s (SO), 105 GB/s (SU), 4240.000 us, 445887936 bytes | copy: 2416 GB/s, 369.177 us
   # EP:  26/32 | cached dispatch: 52 GB/s (SO), 105 GB/s (SU), 4240.000 us, 444929472 bytes | copy: 2498 GB/s, 356.193 us
   # EP:  24/32 | cached dispatch: 52 GB/s (SO), 105 GB/s (SU), 4240.000 us, 447026112 bytes | copy: 2368 GB/s, 377.537 us
   # EP:  29/32 | cached dispatch: 52 GB/s (SO), 105 GB/s (SU), 4240.000 us, 443446848 bytes | copy: 2482 GB/s, 357.374 us
USDT:2026-08-25 04:32:01 437:437 SyncActivityProfilerHandler.cpp:52] profiler_startUSDT:2026-08-25 04:32:01 433:433 SyncActivityProfilerHandler.cpp:52] profiler_startUSDT:2026-08-25 04:32:01 434:434 SyncActivityProfilerHandler.cpp:52] profiler_start


USDT:2026-08-25 04:32:01 432:432 SyncActivityProfilerHandler.cpp:52] profiler_start
USDT:2026-08-25 04:32:01 435:435 SyncActivityProfilerHandler.cpp:52] profiler_start
USDT:2026-08-25 04:32:01 431:431 SyncActivityProfilerHandler.cpp:52] profiler_start
USDT:2026-08-25 04:32:01 436:436 SyncActivityProfilerHandler.cpp:52] profiler_start
USDT:2026-08-25 04:32:01 438:438 SyncActivityProfilerHandler.cpp:52] profiler_start
USDT:2026-08-25 04:32:02 438:438 SyncActivityProfilerHandler.cpp:59] profiler_stop
USDT:2026-08-25 04:32:02 437:437 SyncActivityProfilerHandler.cpp:59] profiler_stop
USDT:2026-08-25 04:32:02 432:432 SyncActivityProfilerHandler.cpp:59] profiler_stop
USDT:2026-08-25 04:32:02 433:433 SyncActivityProfilerHandler.cpp:59] profiler_stop
USDT:2026-08-25 04:32:02 434:434 SyncActivityProfilerHandler.cpp:59] profiler_stop
USDT:2026-08-25 04:32:02 435:435 SyncActivityProfilerHandler.cpp:59] profiler_stop
USDT:2026-08-25 04:32:02 436:436 SyncActivityProfilerHandler.cpp:59] profiler_stop
USDT:2026-08-25 04:32:02 431:431 SyncActivityProfilerHandler.cpp:59] profiler_stop
   @ EP:  30/32 | combine: 56 GB/s (SO), 114 GB/s (SU), 7522.000 us, 855571296 bytes | reduce: 3604 GB/s, 150.280 us
   @ EP:  26/32 | combine: 57 GB/s (SO), 114 GB/s (SU), 7474.000 us, 853732192 bytes | reduce: 3626 GB/s, 149.256 us
   @ EP:  31/32 | combine: 57 GB/s (SO), 114 GB/s (SU), 7509.000 us, 853258048 bytes | reduce: 3623 GB/s, 149.653 us
   @ EP:  27/32 | combine: 56 GB/s (SO), 113 GB/s (SU), 7512.000 us, 852194816 bytes | reduce: 3631 GB/s, 149.145 us
   @ EP:  25/32 | combine: 56 GB/s (SO), 114 GB/s (SU), 7547.000 us, 857482240 bytes | reduce: 3618 GB/s, 149.856 us
   @ EP:  28/32 | combine: 56 GB/s (SO), 113 GB/s (SU), 7579.000 us, 853128736 bytes | reduce: 3626 GB/s, 149.119 us
   @ EP:  24/32 | combine: 55 GB/s (SO), 111 GB/s (SU), 7719.000 us, 857755232 bytes | reduce: 3604 GB/s, 150.108 us
   @ EP:  29/32 | combine: 55 GB/s (SO), 111 GB/s (SU), 7694.000 us, 850887328 bytes | reduce: 3625 GB/s, 149.556 us
USDT:2026-08-25 04:32:03 435:435 SyncActivityProfilerHandler.cpp:52] profiler_start
USDT:2026-08-25 04:32:03 437:437 SyncActivityProfilerHandler.cpp:52] profiler_startUSDT:2026-08-25 04:32:03 438:438 SyncActivityProfilerHandler.cpp:52] profiler_start

USDT:2026-08-25 04:32:03 432:432 SyncActivityProfilerHandler.cpp:52] profiler_start
USDT:2026-08-25 04:32:03 433:433 SyncActivityProfilerHandler.cpp:52] profiler_startUSDT:2026-08-25 04:32:03 434:434 SyncActivityProfilerHandler.cpp:52] profiler_start

USDT:2026-08-25 04:32:03 431:431 SyncActivityProfilerHandler.cpp:52] profiler_start
USDT:2026-08-25 04:32:03 436:436 SyncActivityProfilerHandler.cpp:52] profiler_start
USDT:2026-08-25 04:32:03 438:438 SyncActivityProfilerHandler.cpp:59] profiler_stop
USDT:2026-08-25 04:32:03 435:435 SyncActivityProfilerHandler.cpp:59] profiler_stop
USDT:2026-08-25 04:32:03 434:434 SyncActivityProfilerHandler.cpp:59] profiler_stop
USDT:2026-08-25 04:32:03 433:433 SyncActivityProfilerHandler.cpp:59] profiler_stop
USDT:2026-08-25 04:32:03 437:437 SyncActivityProfilerHandler.cpp:59] profiler_stop
USDT:2026-08-25 04:32:03 431:431 SyncActivityProfilerHandler.cpp:59] profiler_stop
USDT:2026-08-25 04:32:03 432:432 SyncActivityProfilerHandler.cpp:59] profiler_stop
USDT:2026-08-25 04:32:03 436:436 SyncActivityProfilerHandler.cpp:59] profiler_stop
   + EP:  30/32 | reduced combine: 57 GB/s (SO), 114 GB/s (SU), 7496.000 us, 855571296 bytes | reduce: 3603 GB/s, 150.328 us
   + EP:  28/32 | reduced combine: 57 GB/s (SO), 114 GB/s (SU), 7486.000 us, 853128736 bytes | reduce: 3625 GB/s, 149.147 us
   + EP:  31/32 | reduced combine: 57 GB/s (SO), 115 GB/s (SU), 7450.000 us, 853258048 bytes | reduce: 3614 GB/s, 150.036 us
   + EP:  27/32 | reduced combine: 57 GB/s (SO), 114 GB/s (SU), 7444.000 us, 852194816 bytes | reduce: 3627 GB/s, 149.310 us
   + EP:  24/32 | reduced combine: 55 GB/s (SO), 112 GB/s (SU), 7687.000 us, 857755232 bytes | reduce: 3603 GB/s, 150.174 us
   + EP:  26/32 | reduced combine: 57 GB/s (SO), 114 GB/s (SU), 7489.000 us, 853732192 bytes | reduce: 3624 GB/s, 149.316 us
   + EP:  25/32 | reduced combine: 56 GB/s (SO), 114 GB/s (SU), 7523.000 us, 857482240 bytes | reduce: 3621 GB/s, 149.729 us
   + EP:  29/32 | reduced combine: 53 GB/s (SO), 107 GB/s (SU), 7969.000 us, 850887328 bytes | reduce: 3612 GB/s, 150.123 us


