=== EP_NIC_NAME=rdmap110s0 (auto, 200 Gb/s) ===
+ docker run --rm --gpus all --privileged --network=host --ipc=host --ulimit memlock=-1 --ulimit stack=67108864 --device=/dev/infiniband --device=/dev/gdrdrv -v /sys/class/infiniband:/sys/class/infiniband:ro -e MASTER_ADDR=172.31.20.74 -e MASTER_PORT=29693 -e WORLD_SIZE=2 -e RANK=1 -e NCCL_DEBUG=WARN -e EP_NIC_NAME=rdmap110s0 -e NCCL_GIN_TYPE=5 -e NCCL_SYM_GIN_KERNELS_ENABLE=0 -e PYTHONUNBUFFERED=1 -e PYTHONFAULTHANDLER=1 deepep-v2-efa-official:main-8e7b42e bash -lc 'timeout -s ABRT --kill-after=60 1500     python3 -u /opt/DeepEP/tests/elastic/test_ep.py     --num-processes=8 --num-tokens=128     --hidden=7168 --num-topk=8 --num-experts=256     --num-sms=12 --allow-hybrid-mode=1     --prefer-overlap-with-compute=0 --test-first-only      '

==========
== CUDA ==
==========

CUDA Version 13.0.2

Container image Copyright (c) 2016-2023, NVIDIA CORPORATION & AFFILIATES. All rights reserved.

This container image and its contents are governed by the NVIDIA Deep Learning Container License.
By pulling and using the container, you accept the terms and conditions of this license:
https://developer.nvidia.com/ngc/nvidia-deep-learning-container-license

A copy of this license is made available in this container at /NGC-DL-CONTAINER-LICENSE for your convenience.

DeepEP hybrid kernel selection: unordered
DeepEP hybrid kernel selection: unordered
DeepEP hybrid kernel selection: unordered
DeepEP hybrid kernel selection: unordered
DeepEP hybrid kernel selection: unordered
DeepEP hybrid kernel selection: unordered
DeepEP hybrid kernel selection: unordered
DeepEP hybrid kernel selection: unordered
DeepEP hybrid kernel selection: unordered
DeepEP hybrid kernel selection: unordered
DeepEP hybrid kernel selection: unordered
DeepEP hybrid kernel selection: unordered
DeepEP hybrid kernel selection: unordered
DeepEP hybrid kernel selection: unordered
DeepEP hybrid kernel selection: unordered
DeepEP hybrid kernel selection: unordered
Config:
 > Ranks: 2 x 8
 > Experts: 8/256
 > Tokens: 120 (max: 128), hidden: 7168
 > #SM: 12, #QPs: 11/11

Running all test cases:
 > Testing with do_handle_copy=1, expert_alignment=128, use_fp8_dispatch=1, num_bias=0, with_previous_event=0, async_with_compute_stream=0, allocate_on_comm_stream=0 ...
USDT:2026-08-25 04:06:21 434:434 SyncActivityProfilerHandler.cpp:52] profiler_startUSDT:2026-08-25 04:06:21 436:436 SyncActivityProfilerHandler.cpp:52] profiler_startUSDT:2026-08-25 04:06:21 433:433 SyncActivityProfilerHandler.cpp:52] profiler_startUSDT:2026-08-25 04:06:21 438:438 SyncActivityProfilerHandler.cpp:52] profiler_startUSDT:2026-08-25 04:06:21 432:432 SyncActivityProfilerHandler.cpp:52] profiler_startUSDT:2026-08-25 04:06:21 435:435 SyncActivityProfilerHandler.cpp:52] profiler_startUSDT:2026-08-25 04:06:21 437:437 SyncActivityProfilerHandler.cpp:52] profiler_start



USDT:2026-08-25 04:06:21 431:431 SyncActivityProfilerHandler.cpp:52] profiler_start



USDT:2026-08-25 04:06:21 436:436 SyncActivityProfilerHandler.cpp:59] profiler_stopUSDT:2026-08-25 04:06:21 433:433 SyncActivityProfilerHandler.cpp:59] profiler_stopUSDT:2026-08-25 04:06:21 432:432 SyncActivityProfilerHandler.cpp:59] profiler_stop


USDT:2026-08-25 04:06:21 434:434 SyncActivityProfilerHandler.cpp:59] profiler_stopUSDT:2026-08-25 04:06:21 437:437 SyncActivityProfilerHandler.cpp:59] profiler_stopUSDT:2026-08-25 04:06:21 438:438 SyncActivityProfilerHandler.cpp:59] profiler_stop


USDT:2026-08-25 04:06:21 435:435 SyncActivityProfilerHandler.cpp:59] profiler_stop
USDT:2026-08-25 04:06:21 431:431 SyncActivityProfilerHandler.cpp:59] profiler_stop
   * EP:  13/16 | dispatch: 10 GB/s (SO), 34 GB/s (SU), 170.158 us, 5728320 bytes | copy: 786 GB/s, 14.579 us
   * EP:  10/16 | dispatch: 10 GB/s (SO), 37 GB/s (SU), 170.186 us, 6312384 bytes | copy: 1126 GB/s, 11.210 us
   * EP:  12/16 | dispatch: 10 GB/s (SO), 36 GB/s (SU), 170.073 us, 6117696 bytes | copy: 802 GB/s, 15.253 us
   * EP:   8/16 | dispatch: 11 GB/s (SO), 34 GB/s (SU), 169.831 us, 5833152 bytes | copy: 2170 GB/s, 5.376 us
   * EP:  14/16 | dispatch: 10 GB/s (SO), 36 GB/s (SU), 170.060 us, 6162624 bytes | copy: 1049 GB/s, 11.749 us
   * EP:  15/16 | dispatch: 10 GB/s (SO), 35 GB/s (SU), 170.097 us, 6005376 bytes | copy: 1463 GB/s, 8.209 us
   * EP:   9/16 | dispatch: 10 GB/s (SO), 34 GB/s (SU), 170.244 us, 5773248 bytes | copy: 1516 GB/s, 7.616 us
   * EP:  11/16 | dispatch: 10 GB/s (SO), 33 GB/s (SU), 170.150 us, 5698368 bytes | copy: 1010 GB/s, 11.280 us
USDT:2026-08-25 04:06:22 435:435 SyncActivityProfilerHandler.cpp:52] profiler_startUSDT:2026-08-25 04:06:22 432:432 SyncActivityProfilerHandler.cpp:52] profiler_startUSDT:2026-08-25 04:06:22 436:436 SyncActivityProfilerHandler.cpp:52] profiler_startUSDT:2026-08-25 04:06:22 434:434 SyncActivityProfilerHandler.cpp:52] profiler_startUSDT:2026-08-25 04:06:22 438:438 SyncActivityProfilerHandler.cpp:52] profiler_startUSDT:2026-08-25 04:06:22 437:437 SyncActivityProfilerHandler.cpp:52] profiler_start
USDT:2026-08-25 04:06:22 433:433 SyncActivityProfilerHandler.cpp:52] profiler_start
USDT:2026-08-25 04:06:22 431:431 SyncActivityProfilerHandler.cpp:52] profiler_start





USDT:2026-08-25 04:06:22 438:438 SyncActivityProfilerHandler.cpp:59] profiler_stopUSDT:2026-08-25 04:06:22 433:433 SyncActivityProfilerHandler.cpp:59] profiler_stopUSDT:2026-08-25 04:06:22 431:431 SyncActivityProfilerHandler.cpp:59] profiler_stop

USDT:2026-08-25 04:06:22 432:432 SyncActivityProfilerHandler.cpp:59] profiler_stopUSDT:2026-08-25 04:06:22 434:434 SyncActivityProfilerHandler.cpp:59] profiler_stop
USDT:2026-08-25 04:06:22 437:437 SyncActivityProfilerHandler.cpp:59] profiler_stop

USDT:2026-08-25 04:06:22 435:435 SyncActivityProfilerHandler.cpp:59] profiler_stop
USDT:2026-08-25 04:06:22 436:436 SyncActivityProfilerHandler.cpp:59] profiler_stop

   - EP:  14/16 | expanded dispatch: 10 GB/s (SO), 36 GB/s (SU), 170.198 us, 6162624 bytes | copy: 1525 GB/s, 13.780 us
   - EP:  12/16 | expanded dispatch: 10 GB/s (SO), 36 GB/s (SU), 170.261 us, 6117696 bytes | copy: 1193 GB/s, 17.552 us
   - EP:  15/16 | expanded dispatch: 10 GB/s (SO), 35 GB/s (SU), 170.327 us, 6005376 bytes | copy: 2042 GB/s, 10.256 us
   - EP:   8/16 | expanded dispatch: 11 GB/s (SO), 34 GB/s (SU), 169.952 us, 5833152 bytes | copy: 3207 GB/s, 6.463 us
   - EP:  11/16 | expanded dispatch: 10 GB/s (SO), 33 GB/s (SU), 170.285 us, 5698368 bytes | copy: 1784 GB/s, 11.515 us
   - EP:  10/16 | expanded dispatch: 10 GB/s (SO), 37 GB/s (SU), 170.308 us, 6312384 bytes | copy: 1820 GB/s, 11.643 us
   - EP:  13/16 | expanded dispatch: 10 GB/s (SO), 34 GB/s (SU), 170.312 us, 5728320 bytes | copy: 1185 GB/s, 17.462 us
   - EP:   9/16 | expanded dispatch: 10 GB/s (SO), 34 GB/s (SU), 170.346 us, 5773248 bytes | copy: 2006 GB/s, 10.301 us
USDT:2026-08-25 04:06:22 432:432 SyncActivityProfilerHandler.cpp:52] profiler_startUSDT:2026-08-25 04:06:22 436:436 SyncActivityProfilerHandler.cpp:52] profiler_startUSDT:2026-08-25 04:06:22 433:433 SyncActivityProfilerHandler.cpp:52] profiler_startUSDT:2026-08-25 04:06:22 434:434 SyncActivityProfilerHandler.cpp:52] profiler_start



USDT:2026-08-25 04:06:22 438:438 SyncActivityProfilerHandler.cpp:52] profiler_startUSDT:2026-08-25 04:06:22 437:437 SyncActivityProfilerHandler.cpp:52] profiler_startUSDT:2026-08-25 04:06:22 435:435 SyncActivityProfilerHandler.cpp:52] profiler_start
USDT:2026-08-25 04:06:22 431:431 SyncActivityProfilerHandler.cpp:52] profiler_start


USDT:2026-08-25 04:06:23 434:434 SyncActivityProfilerHandler.cpp:59] profiler_stopUSDT:2026-08-25 04:06:23 432:432 SyncActivityProfilerHandler.cpp:59] profiler_stopUSDT:2026-08-25 04:06:23 433:433 SyncActivityProfilerHandler.cpp:59] profiler_stopUSDT:2026-08-25 04:06:23 436:436 SyncActivityProfilerHandler.cpp:59] profiler_stopUSDT:2026-08-25 04:06:23 438:438 SyncActivityProfilerHandler.cpp:59] profiler_stop
USDT:2026-08-25 04:06:23 431:431 SyncActivityProfilerHandler.cpp:59] profiler_stop




USDT:2026-08-25 04:06:23 437:437 SyncActivityProfilerHandler.cpp:59] profiler_stop
USDT:2026-08-25 04:06:23 435:435 SyncActivityProfilerHandler.cpp:59] profiler_stop
   # EP:  15/16 | cached dispatch: 10 GB/s (SO), 36 GB/s (SU), 165.965 us, 6005376 bytes | copy: 1310 GB/s, 9.172 us
   # EP:  12/16 | cached dispatch: 10 GB/s (SO), 37 GB/s (SU), 165.921 us, 6117696 bytes | copy: 867 GB/s, 14.117 us
   # EP:  11/16 | cached dispatch: 11 GB/s (SO), 34 GB/s (SU), 165.967 us, 5698368 bytes | copy: 1396 GB/s, 8.164 us
   # EP:  10/16 | cached dispatch: 11 GB/s (SO), 38 GB/s (SU), 165.994 us, 6312384 bytes | copy: 1290 GB/s, 9.787 us
   # EP:  14/16 | cached dispatch: 10 GB/s (SO), 37 GB/s (SU), 165.936 us, 6162624 bytes | copy: 1107 GB/s, 11.135 us   # EP:   9/16 | cached dispatch: 11 GB/s (SO), 35 GB/s (SU), 166.024 us, 5773248 bytes | copy: 1442 GB/s, 8.006 us

   # EP:  13/16 | cached dispatch: 10 GB/s (SO), 35 GB/s (SU), 165.943 us, 5728320 bytes | copy: 751 GB/s, 15.254 us
   # EP:   8/16 | cached dispatch: 11 GB/s (SO), 35 GB/s (SU), 165.741 us, 5833152 bytes | copy: 2135 GB/s, 5.465 us
USDT:2026-08-25 04:06:23 435:435 SyncActivityProfilerHandler.cpp:52] profiler_startUSDT:2026-08-25 04:06:23 437:437 SyncActivityProfilerHandler.cpp:52] profiler_start

USDT:2026-08-25 04:06:23 432:432 SyncActivityProfilerHandler.cpp:52] profiler_startUSDT:2026-08-25 04:06:23 434:434 SyncActivityProfilerHandler.cpp:52] profiler_startUSDT:2026-08-25 04:06:23 436:436 SyncActivityProfilerHandler.cpp:52] profiler_start

USDT:2026-08-25 04:06:23 433:433 SyncActivityProfilerHandler.cpp:52] profiler_start
USDT:2026-08-25 04:06:23 438:438 SyncActivityProfilerHandler.cpp:52] profiler_start

USDT:2026-08-25 04:06:23 431:431 SyncActivityProfilerHandler.cpp:52] profiler_start
USDT:2026-08-25 04:06:24 437:437 SyncActivityProfilerHandler.cpp:59] profiler_stopUSDT:2026-08-25 04:06:24 434:434 SyncActivityProfilerHandler.cpp:59] profiler_stopUSDT:2026-08-25 04:06:24 435:435 SyncActivityProfilerHandler.cpp:59] profiler_stop


USDT:2026-08-25 04:06:24 431:431 SyncActivityProfilerHandler.cpp:59] profiler_stopUSDT:2026-08-25 04:06:24 432:432 SyncActivityProfilerHandler.cpp:59] profiler_stopUSDT:2026-08-25 04:06:24 436:436 SyncActivityProfilerHandler.cpp:59] profiler_stopUSDT:2026-08-25 04:06:24 433:433 SyncActivityProfilerHandler.cpp:59] profiler_stop



USDT:2026-08-25 04:06:24 438:438 SyncActivityProfilerHandler.cpp:59] profiler_stop
   @ EP:  11/16 | combine: 21 GB/s (SO), 68 GB/s (SU), 159.807 us, 10934048 bytes | reduce: 1081 GB/s, 4.650 us
   @ EP:  12/16 | combine: 21 GB/s (SO), 74 GB/s (SU), 159.091 us, 11738656 bytes | reduce: 1109 GB/s, 4.495 us
   @ EP:   9/16 | combine: 21 GB/s (SO), 69 GB/s (SU), 159.551 us, 11077728 bytes | reduce: 1119 GB/s, 4.570 us
   @ EP:  14/16 | combine: 21 GB/s (SO), 75 GB/s (SU), 157.974 us, 11824864 bytes | reduce: 1082 GB/s, 4.541 us
   @ EP:  10/16 | combine: 21 GB/s (SO), 75 GB/s (SU), 160.608 us, 12112224 bytes | reduce: 1114 GB/s, 4.551 us
   @ EP:  15/16 | combine: 20 GB/s (SO), 72 GB/s (SU), 160.260 us, 11523136 bytes | reduce: 1026 GB/s, 4.735 us
   @ EP:  13/16 | combine: 21 GB/s (SO), 69 GB/s (SU), 158.937 us, 10991520 bytes | reduce: 1028 GB/s, 4.820 us
   @ EP:   8/16 | combine: 21 GB/s (SO), 69 GB/s (SU), 162.003 us, 11192672 bytes | reduce: 1122 GB/s, 4.598 us
USDT:2026-08-25 04:06:24 436:436 SyncActivityProfilerHandler.cpp:52] profiler_startUSDT:2026-08-25 04:06:24 432:432 SyncActivityProfilerHandler.cpp:52] profiler_startUSDT:2026-08-25 04:06:24 433:433 SyncActivityProfilerHandler.cpp:52] profiler_start
USDT:2026-08-25 04:06:24 438:438 SyncActivityProfilerHandler.cpp:52] profiler_start


USDT:2026-08-25 04:06:24 434:434 SyncActivityProfilerHandler.cpp:52] profiler_startUSDT:2026-08-25 04:06:24 437:437 SyncActivityProfilerHandler.cpp:52] profiler_start

USDT:2026-08-25 04:06:24 435:435 SyncActivityProfilerHandler.cpp:52] profiler_start
USDT:2026-08-25 04:06:24 431:431 SyncActivityProfilerHandler.cpp:52] profiler_start
USDT:2026-08-25 04:06:24 435:435 SyncActivityProfilerHandler.cpp:59] profiler_stopUSDT:2026-08-25 04:06:24 437:437 SyncActivityProfilerHandler.cpp:59] profiler_stop

USDT:2026-08-25 04:06:24 436:436 SyncActivityProfilerHandler.cpp:59] profiler_stopUSDT:2026-08-25 04:06:24 432:432 SyncActivityProfilerHandler.cpp:59] profiler_stop

USDT:2026-08-25 04:06:24 431:431 SyncActivityProfilerHandler.cpp:59] profiler_stop
USDT:2026-08-25 04:06:24 438:438 SyncActivityProfilerHandler.cpp:59] profiler_stop
USDT:2026-08-25 04:06:24 433:433 SyncActivityProfilerHandler.cpp:59] profiler_stop
USDT:2026-08-25 04:06:24 434:434 SyncActivityProfilerHandler.cpp:59] profiler_stop
   + EP:  12/16 | reduced combine: 19 GB/s (SO), 67 GB/s (SU), 176.452 us, 11738656 bytes | reduce: 1048 GB/s, 4.758 us
   + EP:  14/16 | reduced combine: 19 GB/s (SO), 68 GB/s (SU), 174.951 us, 11824864 bytes | reduce: 1036 GB/s, 4.741 us
   + EP:   9/16 | reduced combine: 19 GB/s (SO), 62 GB/s (SU), 177.262 us, 11077728 bytes | reduce: 1094 GB/s, 4.675 us
   + EP:  13/16 | reduced combine: 19 GB/s (SO), 62 GB/s (SU), 176.914 us, 10991520 bytes | reduce: 1084 GB/s, 4.573 us
   + EP:  15/16 | reduced combine: 18 GB/s (SO), 65 GB/s (SU), 176.124 us, 11523136 bytes | reduce: 985 GB/s, 4.929 us
   + EP:  10/16 | reduced combine: 19 GB/s (SO), 69 GB/s (SU), 176.474 us, 12112224 bytes | reduce: 1099 GB/s, 4.617 us
   + EP:  11/16 | reduced combine: 19 GB/s (SO), 61 GB/s (SU), 179.560 us, 10934048 bytes | reduce: 1053 GB/s, 4.776 us
   + EP:   8/16 | reduced combine: 19 GB/s (SO), 63 GB/s (SU), 177.060 us, 11192672 bytes | reduce: 1113 GB/s, 4.634 us


