=== EP_NIC_NAME=rdmap110s0 (auto, 200 Gb/s) ===
+ docker run --rm --gpus all --privileged --network=host --ipc=host --ulimit memlock=-1 --ulimit stack=67108864 --device=/dev/infiniband --device=/dev/gdrdrv -v /sys/class/infiniband:/sys/class/infiniband:ro -e MASTER_ADDR=172.31.20.74 -e MASTER_PORT=29722 -e WORLD_SIZE=4 -e RANK=0 -e NCCL_DEBUG=WARN -e EP_NIC_NAME=rdmap110s0 -e NCCL_GIN_TYPE=5 -e NCCL_SYM_GIN_KERNELS_ENABLE=0 -e PYTHONUNBUFFERED=1 -e PYTHONFAULTHANDLER=1 deepep-v2-efa-official:dev bash -lc 'timeout -s ABRT --kill-after=60 1500     python3 -u /opt/DeepEP/tests/elastic/test_ep.py     --num-processes=8 --num-tokens=8192     --hidden=7168 --num-topk=8 --num-experts=256     --num-sms=12 --allow-hybrid-mode=1     --prefer-overlap-with-compute=0 --test-first-only      '

==========
== CUDA ==
==========

CUDA Version 13.0.2

Container image Copyright (c) 2016-2023, NVIDIA CORPORATION & AFFILIATES. All rights reserved.

This container image and its contents are governed by the NVIDIA Deep Learning Container License.
By pulling and using the container, you accept the terms and conditions of this license:
https://developer.nvidia.com/ngc/nvidia-deep-learning-container-license

A copy of this license is made available in this container at /NGC-DL-CONTAINER-LICENSE for your convenience.

NCCL version 2.31.2+cuda13.3
DeepEP hybrid kernel selection: unordered
DeepEP hybrid kernel selection: unordered
DeepEP hybrid kernel selection: unordered
DeepEP hybrid kernel selection: unordered
DeepEP hybrid kernel selection: unordered
DeepEP hybrid kernel selection: unordered
DeepEP hybrid kernel selection: unordered
DeepEP hybrid kernel selection: unordered
DeepEP hybrid kernel selection: unordered
DeepEP hybrid kernel selection: unordered
DeepEP hybrid kernel selection: unordered
DeepEP hybrid kernel selection: unordered
DeepEP hybrid kernel selection: unordered
DeepEP hybrid kernel selection: unordered
DeepEP hybrid kernel selection: unordered
DeepEP hybrid kernel selection: unordered
Config:
 > Ranks: 4 x 8
 > Experts: 8/256
 > Tokens: 8192 (max: 8192), hidden: 7168
 > #SM: 12, #QPs: 11/11

Running all test cases:
 > Testing with do_handle_copy=1, expert_alignment=128, use_fp8_dispatch=1, num_bias=0, with_previous_event=0, async_with_compute_stream=0, allocate_on_comm_stream=0 ...
USDT:2026-08-25 04:37:43 437:437 SyncActivityProfilerHandler.cpp:52] profiler_startUSDT:2026-08-25 04:37:43 442:442 SyncActivityProfilerHandler.cpp:52] profiler_startUSDT:2026-08-25 04:37:43 435:435 SyncActivityProfilerHandler.cpp:52] profiler_startUSDT:2026-08-25 04:37:43 439:439 SyncActivityProfilerHandler.cpp:52] profiler_startUSDT:2026-08-25 04:37:43 441:441 SyncActivityProfilerHandler.cpp:52] profiler_startUSDT:2026-08-25 04:37:43 438:438 SyncActivityProfilerHandler.cpp:52] profiler_start





USDT:2026-08-25 04:37:43 440:440 SyncActivityProfilerHandler.cpp:52] profiler_start
USDT:2026-08-25 04:37:43 436:436 SyncActivityProfilerHandler.cpp:52] profiler_start
USDT:2026-08-25 04:37:43 437:437 SyncActivityProfilerHandler.cpp:59] profiler_stop
USDT:2026-08-25 04:37:43 441:441 SyncActivityProfilerHandler.cpp:59] profiler_stopUSDT:2026-08-25 04:37:43 438:438 SyncActivityProfilerHandler.cpp:59] profiler_stopUSDT:2026-08-25 04:37:43 439:439 SyncActivityProfilerHandler.cpp:59] profiler_stopUSDT:2026-08-25 04:37:43 442:442 SyncActivityProfilerHandler.cpp:59] profiler_stop


USDT:2026-08-25 04:37:43 435:435 SyncActivityProfilerHandler.cpp:59] profiler_stop
USDT:2026-08-25 04:37:43 436:436 SyncActivityProfilerHandler.cpp:59] profiler_stop

USDT:2026-08-25 04:37:43 440:440 SyncActivityProfilerHandler.cpp:59] profiler_stop
   * EP:   2/32 | dispatch: 56 GB/s (SO), 111 GB/s (SU), 3967.000 us, 441425088 bytes | copy: 2658 GB/s, 332.209 us
   * EP:   6/32 | dispatch: 56 GB/s (SO), 112 GB/s (SU), 3967.000 us, 443783808 bytes | copy: 2761 GB/s, 321.466 us
   * EP:   5/32 | dispatch: 56 GB/s (SO), 112 GB/s (SU), 3967.000 us, 444292992 bytes | copy: 2766 GB/s, 321.269 us
   * EP:   7/32 | dispatch: 56 GB/s (SO), 113 GB/s (SU), 3967.000 us, 447700032 bytes | copy: 2769 GB/s, 323.348 us
   * EP:   3/32 | dispatch: 56 GB/s (SO), 112 GB/s (SU), 3967.000 us, 444397824 bytes | copy: 2572 GB/s, 345.613 us
   * EP:   1/32 | dispatch: 56 GB/s (SO), 112 GB/s (SU), 3967.000 us, 442361088 bytes | copy: 2773 GB/s, 319.011 us
   * EP:   0/32 | dispatch: 56 GB/s (SO), 112 GB/s (SU), 3967.000 us, 444435264 bytes | copy: 2798 GB/s, 317.690 us
   * EP:   4/32 | dispatch: 56 GB/s (SO), 112 GB/s (SU), 3967.000 us, 443327040 bytes | copy: 2763 GB/s, 320.915 us
USDT:2026-08-25 04:37:44 438:438 SyncActivityProfilerHandler.cpp:52] profiler_startUSDT:2026-08-25 04:37:44 442:442 SyncActivityProfilerHandler.cpp:52] profiler_startUSDT:2026-08-25 04:37:44 435:435 SyncActivityProfilerHandler.cpp:52] profiler_start
USDT:2026-08-25 04:37:44 437:437 SyncActivityProfilerHandler.cpp:52] profiler_startUSDT:2026-08-25 04:37:44 439:439 SyncActivityProfilerHandler.cpp:52] profiler_start

USDT:2026-08-25 04:37:44 441:441 SyncActivityProfilerHandler.cpp:52] profiler_start


USDT:2026-08-25 04:37:44 440:440 SyncActivityProfilerHandler.cpp:52] profiler_start
USDT:2026-08-25 04:37:44 436:436 SyncActivityProfilerHandler.cpp:52] profiler_start
USDT:2026-08-25 04:37:44 437:437 SyncActivityProfilerHandler.cpp:59] profiler_stopUSDT:2026-08-25 04:37:44 438:438 SyncActivityProfilerHandler.cpp:59] profiler_stop
USDT:2026-08-25 04:37:44 435:435 SyncActivityProfilerHandler.cpp:59] profiler_stopUSDT:2026-08-25 04:37:44 439:439 SyncActivityProfilerHandler.cpp:59] profiler_stopUSDT:2026-08-25 04:37:44 436:436 SyncActivityProfilerHandler.cpp:59] profiler_stop
USDT:2026-08-25 04:37:44 441:441 SyncActivityProfilerHandler.cpp:59] profiler_stop



USDT:2026-08-25 04:37:44 440:440 SyncActivityProfilerHandler.cpp:59] profiler_stop
USDT:2026-08-25 04:37:44 442:442 SyncActivityProfilerHandler.cpp:59] profiler_stop
   - EP:   6/32 | expanded dispatch: 56 GB/s (SO), 112 GB/s (SU), 3966.000 us, 443783808 bytes | copy: 2567 GB/s, 365.248 us
   - EP:   2/32 | expanded dispatch: 56 GB/s (SO), 111 GB/s (SU), 3966.000 us, 441425088 bytes | copy: 2389 GB/s, 390.803 us
   - EP:   4/32 | expanded dispatch: 56 GB/s (SO), 112 GB/s (SU), 3966.000 us, 443327040 bytes | copy: 2620 GB/s, 358.171 us
   - EP:   0/32 | expanded dispatch: 56 GB/s (SO), 112 GB/s (SU), 3966.000 us, 444435264 bytes | copy: 2634 GB/s, 357.037 us
   - EP:   7/32 | expanded dispatch: 56 GB/s (SO), 113 GB/s (SU), 3966.000 us, 447700032 bytes | copy: 2555 GB/s, 370.659 us
   - EP:   3/32 | expanded dispatch: 56 GB/s (SO), 112 GB/s (SU), 3966.000 us, 444397824 bytes | copy: 2481 GB/s, 379.091 us
   - EP:   5/32 | expanded dispatch: 56 GB/s (SO), 112 GB/s (SU), 3966.000 us, 444292992 bytes | copy: 2460 GB/s, 381.704 us
   - EP:   1/32 | expanded dispatch: 56 GB/s (SO), 112 GB/s (SU), 3966.000 us, 442361088 bytes | copy: 2558 GB/s, 365.112 us
USDT:2026-08-25 04:37:45 437:437 SyncActivityProfilerHandler.cpp:52] profiler_startUSDT:2026-08-25 04:37:45 441:441 SyncActivityProfilerHandler.cpp:52] profiler_startUSDT:2026-08-25 04:37:45 439:439 SyncActivityProfilerHandler.cpp:52] profiler_startUSDT:2026-08-25 04:37:45 435:435 SyncActivityProfilerHandler.cpp:52] profiler_start
USDT:2026-08-25 04:37:45 438:438 SyncActivityProfilerHandler.cpp:52] profiler_start


USDT:2026-08-25 04:37:45 436:436 SyncActivityProfilerHandler.cpp:52] profiler_start

USDT:2026-08-25 04:37:45 440:440 SyncActivityProfilerHandler.cpp:52] profiler_start
USDT:2026-08-25 04:37:45 442:442 SyncActivityProfilerHandler.cpp:52] profiler_start
USDT:2026-08-25 04:37:45 435:435 SyncActivityProfilerHandler.cpp:59] profiler_stopUSDT:2026-08-25 04:37:45 441:441 SyncActivityProfilerHandler.cpp:59] profiler_stopUSDT:2026-08-25 04:37:45 438:438 SyncActivityProfilerHandler.cpp:59] profiler_stop


USDT:2026-08-25 04:37:45 436:436 SyncActivityProfilerHandler.cpp:59] profiler_stop
USDT:2026-08-25 04:37:45 439:439 SyncActivityProfilerHandler.cpp:59] profiler_stopUSDT:2026-08-25 04:37:45 437:437 SyncActivityProfilerHandler.cpp:59] profiler_stop

USDT:2026-08-25 04:37:45 442:442 SyncActivityProfilerHandler.cpp:59] profiler_stop
USDT:2026-08-25 04:37:45 440:440 SyncActivityProfilerHandler.cpp:59] profiler_stop
   # EP:   2/32 | cached dispatch: 52 GB/s (SO), 104 GB/s (SU), 4255.000 us, 441425088 bytes | copy: 2359 GB/s, 374.217 us
   # EP:   4/32 | cached dispatch: 52 GB/s (SO), 104 GB/s (SU), 4255.000 us, 443327040 bytes | copy: 2375 GB/s, 373.271 us
   # EP:   5/32 | cached dispatch: 52 GB/s (SO), 104 GB/s (SU), 4255.000 us, 444292992 bytes | copy: 2719 GB/s, 326.748 us
   # EP:   6/32 | cached dispatch: 52 GB/s (SO), 104 GB/s (SU), 4255.000 us, 443783808 bytes | copy: 2545 GB/s, 348.748 us
   # EP:   7/32 | cached dispatch: 52 GB/s (SO), 105 GB/s (SU), 4255.000 us, 447700032 bytes | copy: 2736 GB/s, 327.255 us
   # EP:   3/32 | cached dispatch: 52 GB/s (SO), 104 GB/s (SU), 4255.000 us, 444397824 bytes | copy: 2652 GB/s, 335.128 us
   # EP:   0/32 | cached dispatch: 52 GB/s (SO), 104 GB/s (SU), 4255.000 us, 444435264 bytes | copy: 2552 GB/s, 348.254 us
   # EP:   1/32 | cached dispatch: 52 GB/s (SO), 104 GB/s (SU), 4255.000 us, 442361088 bytes | copy: 2365 GB/s, 374.013 us
USDT:2026-08-25 04:37:46 436:436 SyncActivityProfilerHandler.cpp:52] profiler_start
USDT:2026-08-25 04:37:46 442:442 SyncActivityProfilerHandler.cpp:52] profiler_start
USDT:2026-08-25 04:37:46 438:438 SyncActivityProfilerHandler.cpp:52] profiler_start
USDT:2026-08-25 04:37:46 441:441 SyncActivityProfilerHandler.cpp:52] profiler_startUSDT:2026-08-25 04:37:46 437:437 SyncActivityProfilerHandler.cpp:52] profiler_start
USDT:2026-08-25 04:37:46 440:440 SyncActivityProfilerHandler.cpp:52] profiler_start

USDT:2026-08-25 04:37:46 439:439 SyncActivityProfilerHandler.cpp:52] profiler_start
USDT:2026-08-25 04:37:46 435:435 SyncActivityProfilerHandler.cpp:52] profiler_start
USDT:2026-08-25 04:37:47 436:436 SyncActivityProfilerHandler.cpp:59] profiler_stop
USDT:2026-08-25 04:37:47 442:442 SyncActivityProfilerHandler.cpp:59] profiler_stop
USDT:2026-08-25 04:37:47 441:441 SyncActivityProfilerHandler.cpp:59] profiler_stop
USDT:2026-08-25 04:37:47 435:435 SyncActivityProfilerHandler.cpp:59] profiler_stop
USDT:2026-08-25 04:37:47 437:437 SyncActivityProfilerHandler.cpp:59] profiler_stop
USDT:2026-08-25 04:37:47 438:438 SyncActivityProfilerHandler.cpp:59] profiler_stop
USDT:2026-08-25 04:37:47 439:439 SyncActivityProfilerHandler.cpp:59] profiler_stop
USDT:2026-08-25 04:37:47 440:440 SyncActivityProfilerHandler.cpp:59] profiler_stop
   @ EP:   1/32 | combine: 53 GB/s (SO), 105 GB/s (SU), 8069.000 us, 848803968 bytes | reduce: 3583 GB/s, 151.659 us
   @ EP:   7/32 | combine: 49 GB/s (SO), 99 GB/s (SU), 8697.000 us, 859048352 bytes | reduce: 3611 GB/s, 150.248 us
   @ EP:   0/32 | combine: 49 GB/s (SO), 98 GB/s (SU), 8725.000 us, 852783904 bytes | reduce: 3608 GB/s, 150.514 us
   @ EP:   6/32 | combine: 49 GB/s (SO), 98 GB/s (SU), 8732.000 us, 851533888 bytes | reduce: 3596 GB/s, 150.973 us
   @ EP:   3/32 | combine: 49 GB/s (SO), 98 GB/s (SU), 8686.000 us, 852712064 bytes | reduce: 3591 GB/s, 150.761 us
   @ EP:   4/32 | combine: 49 GB/s (SO), 98 GB/s (SU), 8721.000 us, 850657440 bytes | reduce: 3575 GB/s, 151.623 us
   @ EP:   2/32 | combine: 49 GB/s (SO), 97 GB/s (SU), 8705.000 us, 847007968 bytes | reduce: 3606 GB/s, 150.797 us
   @ EP:   5/32 | combine: 49 GB/s (SO), 98 GB/s (SU), 8726.000 us, 852510912 bytes | reduce: 3596 GB/s, 151.077 us
USDT:2026-08-25 04:37:47 438:438 SyncActivityProfilerHandler.cpp:52] profiler_start
USDT:2026-08-25 04:37:47 435:435 SyncActivityProfilerHandler.cpp:52] profiler_start
USDT:2026-08-25 04:37:47 437:437 SyncActivityProfilerHandler.cpp:52] profiler_start
USDT:2026-08-25 04:37:47 439:439 SyncActivityProfilerHandler.cpp:52] profiler_start
USDT:2026-08-25 04:37:47 442:442 SyncActivityProfilerHandler.cpp:52] profiler_start
USDT:2026-08-25 04:37:47 441:441 SyncActivityProfilerHandler.cpp:52] profiler_start
USDT:2026-08-25 04:37:47 436:436 SyncActivityProfilerHandler.cpp:52] profiler_start
USDT:2026-08-25 04:37:47 440:440 SyncActivityProfilerHandler.cpp:52] profiler_start
USDT:2026-08-25 04:37:48 436:436 SyncActivityProfilerHandler.cpp:59] profiler_stop
USDT:2026-08-25 04:37:48 435:435 SyncActivityProfilerHandler.cpp:59] profiler_stop
USDT:2026-08-25 04:37:48 441:441 SyncActivityProfilerHandler.cpp:59] profiler_stop
USDT:2026-08-25 04:37:48 439:439 SyncActivityProfilerHandler.cpp:59] profiler_stop
USDT:2026-08-25 04:37:48 442:442 SyncActivityProfilerHandler.cpp:59] profiler_stop
USDT:2026-08-25 04:37:48 437:437 SyncActivityProfilerHandler.cpp:59] profiler_stop
USDT:2026-08-25 04:37:48 438:438 SyncActivityProfilerHandler.cpp:59] profiler_stop
USDT:2026-08-25 04:37:48 440:440 SyncActivityProfilerHandler.cpp:59] profiler_stop
   + EP:   0/32 | reduced combine: 55 GB/s (SO), 110 GB/s (SU), 7719.000 us, 852783904 bytes | reduce: 3621 GB/s, 149.948 us
   + EP:   6/32 | reduced combine: 55 GB/s (SO), 110 GB/s (SU), 7765.000 us, 851533888 bytes | reduce: 3614 GB/s, 150.198 us
   + EP:   7/32 | reduced combine: 55 GB/s (SO), 112 GB/s (SU), 7698.000 us, 859048352 bytes | reduce: 3627 GB/s, 149.565 us
   + EP:   4/32 | reduced combine: 55 GB/s (SO), 110 GB/s (SU), 7710.000 us, 850657440 bytes | reduce: 3583 GB/s, 151.272 us
   + EP:   2/32 | reduced combine: 55 GB/s (SO), 109 GB/s (SU), 7755.000 us, 847007968 bytes | reduce: 3610 GB/s, 150.611 us
   + EP:   3/32 | reduced combine: 55 GB/s (SO), 111 GB/s (SU), 7714.000 us, 852712064 bytes | reduce: 3603 GB/s, 150.255 us
   + EP:   1/32 | reduced combine: 55 GB/s (SO), 110 GB/s (SU), 7703.000 us, 848803968 bytes | reduce: 3590 GB/s, 151.397 us
   + EP:   5/32 | reduced combine: 51 GB/s (SO), 103 GB/s (SU), 8281.000 us, 852510912 bytes | reduce: 3601 GB/s, 150.849 us


