=== EP_NIC_NAME=rdmap110s0 (auto, 200 Gb/s) ===
+ docker run --rm --gpus all --privileged --network=host --ipc=host --ulimit memlock=-1 --ulimit stack=67108864 --device=/dev/infiniband --device=/dev/gdrdrv -v /sys/class/infiniband:/sys/class/infiniband:ro -e MASTER_ADDR=172.31.20.74 -e MASTER_PORT=29721 -e WORLD_SIZE=4 -e RANK=3 -e NCCL_DEBUG=WARN -e EP_NIC_NAME=rdmap110s0 -e NCCL_GIN_TYPE=5 -e NCCL_SYM_GIN_KERNELS_ENABLE=0 -e PYTHONUNBUFFERED=1 -e PYTHONFAULTHANDLER=1 deepep-v2-efa-official:dev bash -lc 'timeout -s ABRT --kill-after=60 1500     python3 -u /opt/DeepEP/tests/elastic/test_ep.py     --num-processes=8 --num-tokens=128     --hidden=7168 --num-topk=8 --num-experts=256     --num-sms=24 --allow-hybrid-mode=1     --prefer-overlap-with-compute=0 --test-first-only      '

==========
== CUDA ==
==========

CUDA Version 13.0.2

Container image Copyright (c) 2016-2023, NVIDIA CORPORATION & AFFILIATES. All rights reserved.

This container image and its contents are governed by the NVIDIA Deep Learning Container License.
By pulling and using the container, you accept the terms and conditions of this license:
https://developer.nvidia.com/ngc/nvidia-deep-learning-container-license

A copy of this license is made available in this container at /NGC-DL-CONTAINER-LICENSE for your convenience.

DeepEP hybrid kernel selection: unordered
DeepEP hybrid kernel selection: unordered
DeepEP hybrid kernel selection: unordered
DeepEP hybrid kernel selection: unordered
DeepEP hybrid kernel selection: unordered
DeepEP hybrid kernel selection: unordered
DeepEP hybrid kernel selection: unordered
DeepEP hybrid kernel selection: unordered
DeepEP hybrid kernel selection: unordered
DeepEP hybrid kernel selection: unordered
DeepEP hybrid kernel selection: unordered
DeepEP hybrid kernel selection: unordered
DeepEP hybrid kernel selection: unordered
DeepEP hybrid kernel selection: unordered
DeepEP hybrid kernel selection: unordered
DeepEP hybrid kernel selection: unordered
Config:
 > Ranks: 4 x 8
 > Experts: 8/256
 > Tokens: 104 (max: 128), hidden: 7168
 > #SM: 24, #QPs: 11/11

Running all test cases:
 > Testing with do_handle_copy=1, expert_alignment=128, use_fp8_dispatch=1, num_bias=0, with_previous_event=0, async_with_compute_stream=0, allocate_on_comm_stream=0 ...
USDT:2026-08-25 04:36:00 436:436 SyncActivityProfilerHandler.cpp:52] profiler_startUSDT:2026-08-25 04:36:00 431:431 SyncActivityProfilerHandler.cpp:52] profiler_startUSDT:2026-08-25 04:36:00 437:437 SyncActivityProfilerHandler.cpp:52] profiler_startUSDT:2026-08-25 04:36:00 430:430 SyncActivityProfilerHandler.cpp:52] profiler_startUSDT:2026-08-25 04:36:00 433:433 SyncActivityProfilerHandler.cpp:52] profiler_startUSDT:2026-08-25 04:36:00 435:435 SyncActivityProfilerHandler.cpp:52] profiler_startUSDT:2026-08-25 04:36:00 432:432 SyncActivityProfilerHandler.cpp:52] profiler_startUSDT:2026-08-25 04:36:00 434:434 SyncActivityProfilerHandler.cpp:52] profiler_start







USDT:2026-08-25 04:36:00 435:435 SyncActivityProfilerHandler.cpp:59] profiler_stopUSDT:2026-08-25 04:36:00 432:432 SyncActivityProfilerHandler.cpp:59] profiler_stopUSDT:2026-08-25 04:36:00 431:431 SyncActivityProfilerHandler.cpp:59] profiler_stopUSDT:2026-08-25 04:36:00 437:437 SyncActivityProfilerHandler.cpp:59] profiler_stopUSDT:2026-08-25 04:36:00 436:436 SyncActivityProfilerHandler.cpp:59] profiler_stopUSDT:2026-08-25 04:36:00 433:433 SyncActivityProfilerHandler.cpp:59] profiler_stopUSDT:2026-08-25 04:36:00 434:434 SyncActivityProfilerHandler.cpp:59] profiler_stop

USDT:2026-08-25 04:36:00 430:430 SyncActivityProfilerHandler.cpp:59] profiler_stop





   * EP:  30/32 | dispatch: 14 GB/s (SO), 35 GB/s (SU), 183.014 us, 6342336 bytes | copy: 1248 GB/s, 10.166 us
   * EP:  27/32 | dispatch: 15 GB/s (SO), 34 GB/s (SU), 182.973 us, 6215040 bytes | copy: 1444 GB/s, 8.611 us
   * EP:  31/32 | dispatch: 15 GB/s (SO), 32 GB/s (SU), 183.133 us, 5923008 bytes | copy: 1208 GB/s, 9.807 us
   * EP:  28/32 | dispatch: 15 GB/s (SO), 34 GB/s (SU), 183.093 us, 6177600 bytes | copy: 1151 GB/s, 10.730 us
   * EP:  24/32 | dispatch: 15 GB/s (SO), 35 GB/s (SU), 182.922 us, 6424704 bytes | copy: 1616 GB/s, 7.952 us
   * EP:  26/32 | dispatch: 15 GB/s (SO), 34 GB/s (SU), 182.962 us, 6200064 bytes | copy: 1595 GB/s, 7.772 us
   * EP:  25/32 | dispatch: 15 GB/s (SO), 32 GB/s (SU), 183.068 us, 5863104 bytes | copy: 1435 GB/s, 8.172 us
   * EP:  29/32 | dispatch: 15 GB/s (SO), 32 GB/s (SU), 183.105 us, 5818176 bytes | copy: 1176 GB/s, 9.899 us
USDT:2026-08-25 04:36:01 435:435 SyncActivityProfilerHandler.cpp:52] profiler_startUSDT:2026-08-25 04:36:01 432:432 SyncActivityProfilerHandler.cpp:52] profiler_startUSDT:2026-08-25 04:36:01 433:433 SyncActivityProfilerHandler.cpp:52] profiler_startUSDT:2026-08-25 04:36:01 431:431 SyncActivityProfilerHandler.cpp:52] profiler_startUSDT:2026-08-25 04:36:01 437:437 SyncActivityProfilerHandler.cpp:52] profiler_start
USDT:2026-08-25 04:36:01 434:434 SyncActivityProfilerHandler.cpp:52] profiler_startUSDT:2026-08-25 04:36:01 436:436 SyncActivityProfilerHandler.cpp:52] profiler_start


USDT:2026-08-25 04:36:01 430:430 SyncActivityProfilerHandler.cpp:52] profiler_start



USDT:2026-08-25 04:36:01 436:436 SyncActivityProfilerHandler.cpp:59] profiler_stopUSDT:2026-08-25 04:36:01 433:433 SyncActivityProfilerHandler.cpp:59] profiler_stopUSDT:2026-08-25 04:36:01 430:430 SyncActivityProfilerHandler.cpp:59] profiler_stopUSDT:2026-08-25 04:36:01 431:431 SyncActivityProfilerHandler.cpp:59] profiler_stop
USDT:2026-08-25 04:36:01 437:437 SyncActivityProfilerHandler.cpp:59] profiler_stop
USDT:2026-08-25 04:36:01 432:432 SyncActivityProfilerHandler.cpp:59] profiler_stop
USDT:2026-08-25 04:36:01 435:435 SyncActivityProfilerHandler.cpp:59] profiler_stop
USDT:2026-08-25 04:36:01 434:434 SyncActivityProfilerHandler.cpp:59] profiler_stop



   - EP:  31/32 | expanded dispatch: 15 GB/s (SO), 32 GB/s (SU), 182.867 us, 5923008 bytes | copy: 1227 GB/s, 11.009 us
   - EP:  30/32 | expanded dispatch: 14 GB/s (SO), 35 GB/s (SU), 182.794 us, 6342336 bytes | copy: 1287 GB/s, 11.594 us
   - EP:  27/32 | expanded dispatch: 15 GB/s (SO), 34 GB/s (SU), 182.809 us, 6215040 bytes | copy: 1684 GB/s, 9.263 us
   - EP:  24/32 | expanded dispatch: 15 GB/s (SO), 35 GB/s (SU), 182.679 us, 6424704 bytes | copy: 1690 GB/s, 8.326 us
   - EP:  25/32 | expanded dispatch: 15 GB/s (SO), 32 GB/s (SU), 182.788 us, 5863104 bytes | copy: 1439 GB/s, 9.263 us
   - EP:  28/32 | expanded dispatch: 15 GB/s (SO), 34 GB/s (SU), 182.906 us, 6177600 bytes | copy: 1291 GB/s, 10.729 us
   - EP:  26/32 | expanded dispatch: 15 GB/s (SO), 34 GB/s (SU), 182.673 us, 6200064 bytes | copy: 2042 GB/s, 7.184 us
   - EP:  29/32 | expanded dispatch: 15 GB/s (SO), 32 GB/s (SU), 182.915 us, 5818176 bytes | copy: 1168 GB/s, 11.453 us
USDT:2026-08-25 04:36:02 432:432 SyncActivityProfilerHandler.cpp:52] profiler_startUSDT:2026-08-25 04:36:02 435:435 SyncActivityProfilerHandler.cpp:52] profiler_startUSDT:2026-08-25 04:36:02 436:436 SyncActivityProfilerHandler.cpp:52] profiler_startUSDT:2026-08-25 04:36:02 433:433 SyncActivityProfilerHandler.cpp:52] profiler_startUSDT:2026-08-25 04:36:02 437:437 SyncActivityProfilerHandler.cpp:52] profiler_start
USDT:2026-08-25 04:36:02 430:430 SyncActivityProfilerHandler.cpp:52] profiler_start

USDT:2026-08-25 04:36:02 431:431 SyncActivityProfilerHandler.cpp:52] profiler_start
USDT:2026-08-25 04:36:02 434:434 SyncActivityProfilerHandler.cpp:52] profiler_start



USDT:2026-08-25 04:36:02 433:433 SyncActivityProfilerHandler.cpp:59] profiler_stopUSDT:2026-08-25 04:36:02 437:437 SyncActivityProfilerHandler.cpp:59] profiler_stopUSDT:2026-08-25 04:36:02 432:432 SyncActivityProfilerHandler.cpp:59] profiler_stopUSDT:2026-08-25 04:36:02 430:430 SyncActivityProfilerHandler.cpp:59] profiler_stopUSDT:2026-08-25 04:36:02 431:431 SyncActivityProfilerHandler.cpp:59] profiler_stopUSDT:2026-08-25 04:36:02 435:435 SyncActivityProfilerHandler.cpp:59] profiler_stopUSDT:2026-08-25 04:36:02 436:436 SyncActivityProfilerHandler.cpp:59] profiler_stop






USDT:2026-08-25 04:36:02 434:434 SyncActivityProfilerHandler.cpp:59] profiler_stop
   # EP:  26/32 | cached dispatch: 15 GB/s (SO), 34 GB/s (SU), 182.891 us, 6200064 bytes | copy: 1672 GB/s, 7.418 us
   # EP:  29/32 | cached dispatch: 15 GB/s (SO), 32 GB/s (SU), 183.077 us, 5818176 bytes | copy: 1155 GB/s, 10.071 us
   # EP:  24/32 | cached dispatch: 15 GB/s (SO), 35 GB/s (SU), 182.923 us, 6424704 bytes | copy: 1642 GB/s, 7.825 us
   # EP:  30/32 | cached dispatch: 14 GB/s (SO), 35 GB/s (SU), 182.984 us, 6342336 bytes | copy: 1202 GB/s, 10.557 us
   # EP:  27/32 | cached dispatch: 15 GB/s (SO), 34 GB/s (SU), 183.020 us, 6215040 bytes | copy: 1464 GB/s, 8.493 us
   # EP:  28/32 | cached dispatch: 15 GB/s (SO), 34 GB/s (SU), 183.036 us, 6177600 bytes | copy: 1118 GB/s, 11.048 us
   # EP:  31/32 | cached dispatch: 15 GB/s (SO), 32 GB/s (SU), 183.028 us, 5923008 bytes | copy: 1153 GB/s, 10.274 us
   # EP:  25/32 | cached dispatch: 15 GB/s (SO), 32 GB/s (SU), 182.979 us, 5863104 bytes | copy: 1409 GB/s, 8.322 us
USDT:2026-08-25 04:36:02 435:435 SyncActivityProfilerHandler.cpp:52] profiler_startUSDT:2026-08-25 04:36:02 437:437 SyncActivityProfilerHandler.cpp:52] profiler_startUSDT:2026-08-25 04:36:02 433:433 SyncActivityProfilerHandler.cpp:52] profiler_startUSDT:2026-08-25 04:36:02 436:436 SyncActivityProfilerHandler.cpp:52] profiler_start
USDT:2026-08-25 04:36:02 431:431 SyncActivityProfilerHandler.cpp:52] profiler_start


USDT:2026-08-25 04:36:02 432:432 SyncActivityProfilerHandler.cpp:52] profiler_start
USDT:2026-08-25 04:36:02 430:430 SyncActivityProfilerHandler.cpp:52] profiler_start
USDT:2026-08-25 04:36:02 434:434 SyncActivityProfilerHandler.cpp:52] profiler_start

USDT:2026-08-25 04:36:03 436:436 SyncActivityProfilerHandler.cpp:59] profiler_stop
USDT:2026-08-25 04:36:03 435:435 SyncActivityProfilerHandler.cpp:59] profiler_stop
USDT:2026-08-25 04:36:03 432:432 SyncActivityProfilerHandler.cpp:59] profiler_stop
USDT:2026-08-25 04:36:03 437:437 SyncActivityProfilerHandler.cpp:59] profiler_stopUSDT:2026-08-25 04:36:03 431:431 SyncActivityProfilerHandler.cpp:59] profiler_stopUSDT:2026-08-25 04:36:03 433:433 SyncActivityProfilerHandler.cpp:59] profiler_stopUSDT:2026-08-25 04:36:03 430:430 SyncActivityProfilerHandler.cpp:59] profiler_stop



USDT:2026-08-25 04:36:03 434:434 SyncActivityProfilerHandler.cpp:59] profiler_stop
   @ EP:  29/32 | combine: 20 GB/s (SO), 44 GB/s (SU), 255.173 us, 11163936 bytes | reduce: 916 GB/s, 7.185 us   @ EP:  24/32 | combine: 21 GB/s (SO), 47 GB/s (SU), 260.693 us, 12327744 bytes | reduce: 972 GB/s, 7.097 us

   @ EP:  28/32 | combine: 21 GB/s (SO), 47 GB/s (SU), 254.903 us, 11853600 bytes | reduce: 947 GB/s, 7.101 us
   @ EP:  30/32 | combine: 20 GB/s (SO), 49 GB/s (SU), 247.878 us, 12169696 bytes | reduce: 929 GB/s, 6.899 us
   @ EP:  26/32 | combine: 20 GB/s (SO), 45 GB/s (SU), 263.750 us, 11896704 bytes | reduce: 932 GB/s, 7.230 us
   @ EP:  27/32 | combine: 20 GB/s (SO), 46 GB/s (SU), 256.558 us, 11925440 bytes | reduce: 947 GB/s, 7.054 us
   @ EP:  31/32 | combine: 21 GB/s (SO), 45 GB/s (SU), 249.900 us, 11365088 bytes | reduce: 947 GB/s, 6.902 us
   @ EP:  25/32 | combine: 20 GB/s (SO), 43 GB/s (SU), 262.937 us, 11250144 bytes | reduce: 966 GB/s, 7.062 us
USDT:2026-08-25 04:36:03 435:435 SyncActivityProfilerHandler.cpp:52] profiler_startUSDT:2026-08-25 04:36:03 437:437 SyncActivityProfilerHandler.cpp:52] profiler_startUSDT:2026-08-25 04:36:03 436:436 SyncActivityProfilerHandler.cpp:52] profiler_start


USDT:2026-08-25 04:36:03 432:432 SyncActivityProfilerHandler.cpp:52] profiler_startUSDT:2026-08-25 04:36:03 433:433 SyncActivityProfilerHandler.cpp:52] profiler_startUSDT:2026-08-25 04:36:03 430:430 SyncActivityProfilerHandler.cpp:52] profiler_start
USDT:2026-08-25 04:36:03 434:434 SyncActivityProfilerHandler.cpp:52] profiler_startUSDT:2026-08-25 04:36:03 431:431 SyncActivityProfilerHandler.cpp:52] profiler_start



USDT:2026-08-25 04:36:03 437:437 SyncActivityProfilerHandler.cpp:59] profiler_stopUSDT:2026-08-25 04:36:03 435:435 SyncActivityProfilerHandler.cpp:59] profiler_stopUSDT:2026-08-25 04:36:03 436:436 SyncActivityProfilerHandler.cpp:59] profiler_stop


USDT:2026-08-25 04:36:03 430:430 SyncActivityProfilerHandler.cpp:59] profiler_stop
USDT:2026-08-25 04:36:03 433:433 SyncActivityProfilerHandler.cpp:59] profiler_stop
USDT:2026-08-25 04:36:03 431:431 SyncActivityProfilerHandler.cpp:59] profiler_stop
USDT:2026-08-25 04:36:03 432:432 SyncActivityProfilerHandler.cpp:59] profiler_stop
USDT:2026-08-25 04:36:03 434:434 SyncActivityProfilerHandler.cpp:59] profiler_stop
   + EP:  30/32 | reduced combine: 20 GB/s (SO), 48 GB/s (SU), 253.067 us, 12169696 bytes | reduce: 928 GB/s, 6.902 us
   + EP:  24/32 | reduced combine: 20 GB/s (SO), 46 GB/s (SU), 266.206 us, 12327744 bytes | reduce: 971 GB/s, 7.102 us   + EP:  29/32 | reduced combine: 20 GB/s (SO), 43 GB/s (SU), 259.998 us, 11163936 bytes | reduce: 932 GB/s, 7.064 us

   + EP:  27/32 | reduced combine: 20 GB/s (SO), 46 GB/s (SU), 260.867 us, 11925440 bytes | reduce: 960 GB/s, 6.963 us
   + EP:  26/32 | reduced combine: 20 GB/s (SO), 44 GB/s (SU), 268.821 us, 11896704 bytes | reduce: 955 GB/s, 7.056 us
   + EP:  31/32 | reduced combine: 20 GB/s (SO), 45 GB/s (SU), 255.378 us, 11365088 bytes | reduce: 938 GB/s, 6.971 us
   + EP:  25/32 | reduced combine: 20 GB/s (SO), 42 GB/s (SU), 270.662 us, 11250144 bytes | reduce: 952 GB/s, 7.169 us
   + EP:  28/32 | reduced combine: 20 GB/s (SO), 46 GB/s (SU), 259.694 us, 11853600 bytes | reduce: 938 GB/s, 7.169 us


