=== EP_NIC_NAME=rdmap110s0 (auto, 200 Gb/s) ===
+ docker run --rm --gpus all --privileged --network=host --ipc=host --ulimit memlock=-1 --ulimit stack=67108864 --device=/dev/infiniband --device=/dev/gdrdrv -v /sys/class/infiniband:/sys/class/infiniband:ro -e MASTER_ADDR=172.31.20.74 -e MASTER_PORT=29611 -e WORLD_SIZE=2 -e RANK=0 -e NCCL_DEBUG=WARN -e EP_NIC_NAME=rdmap110s0 -e PYTHONUNBUFFERED=1 -e PYTHONFAULTHANDLER=1 deepep-v2-efa-official:dev bash -lc 'timeout -s ABRT --kill-after=60 1500     python3 -u /opt/DeepEP/tests/elastic/test_ep.py     --num-processes=8 --num-tokens=128     --hidden=7168 --num-topk=8 --num-experts=256     --num-sms=12 --allow-hybrid-mode=1     --prefer-overlap-with-compute=0 --test-first-only      '

==========
== CUDA ==
==========

CUDA Version 13.0.2

Container image Copyright (c) 2016-2023, NVIDIA CORPORATION & AFFILIATES. All rights reserved.

This container image and its contents are governed by the NVIDIA Deep Learning Container License.
By pulling and using the container, you accept the terms and conditions of this license:
https://developer.nvidia.com/ngc/nvidia-deep-learning-container-license

A copy of this license is made available in this container at /NGC-DL-CONTAINER-LICENSE for your convenience.

NCCL version 2.31.2+cuda13.3
DeepEP hybrid kernel selection: unordered
DeepEP hybrid kernel selection: unordered
DeepEP hybrid kernel selection: unordered
DeepEP hybrid kernel selection: unordered
DeepEP hybrid kernel selection: unordered
DeepEP hybrid kernel selection: unordered
DeepEP hybrid kernel selection: unordered
DeepEP hybrid kernel selection: unordered
DeepEP hybrid kernel selection: unordered
DeepEP hybrid kernel selection: unordered
DeepEP hybrid kernel selection: unordered
DeepEP hybrid kernel selection: unordered
DeepEP hybrid kernel selection: unordered
DeepEP hybrid kernel selection: unordered
DeepEP hybrid kernel selection: unordered
DeepEP hybrid kernel selection: unordered
Config:
 > Ranks: 2 x 8
 > Experts: 8/256
 > Tokens: 128 (max: 128), hidden: 7168
 > #SM: 12, #QPs: 11/11

Running all test cases:
 > Testing with do_handle_copy=1, expert_alignment=128, use_fp8_dispatch=1, num_bias=0, with_previous_event=0, async_with_compute_stream=0, allocate_on_comm_stream=0 ...
USDT:2026-08-25 03:04:05 434:434 SyncActivityProfilerHandler.cpp:52] profiler_start
USDT:2026-08-25 03:04:05 436:436 SyncActivityProfilerHandler.cpp:52] profiler_startUSDT:2026-08-25 03:04:05 432:432 SyncActivityProfilerHandler.cpp:52] profiler_startUSDT:2026-08-25 03:04:05 438:438 SyncActivityProfilerHandler.cpp:52] profiler_startUSDT:2026-08-25 03:04:05 435:435 SyncActivityProfilerHandler.cpp:52] profiler_start



USDT:2026-08-25 03:04:05 433:433 SyncActivityProfilerHandler.cpp:52] profiler_start
USDT:2026-08-25 03:04:05 437:437 SyncActivityProfilerHandler.cpp:52] profiler_start
USDT:2026-08-25 03:04:05 439:439 SyncActivityProfilerHandler.cpp:52] profiler_start
USDT:2026-08-25 03:04:05 436:436 SyncActivityProfilerHandler.cpp:59] profiler_stopUSDT:2026-08-25 03:04:05 432:432 SyncActivityProfilerHandler.cpp:59] profiler_stopUSDT:2026-08-25 03:04:05 437:437 SyncActivityProfilerHandler.cpp:59] profiler_stop

USDT:2026-08-25 03:04:05 435:435 SyncActivityProfilerHandler.cpp:59] profiler_stop
USDT:2026-08-25 03:04:05 433:433 SyncActivityProfilerHandler.cpp:59] profiler_stop

USDT:2026-08-25 03:04:05 434:434 SyncActivityProfilerHandler.cpp:59] profiler_stopUSDT:2026-08-25 03:04:05 439:439 SyncActivityProfilerHandler.cpp:59] profiler_stopUSDT:2026-08-25 03:04:05 438:438 SyncActivityProfilerHandler.cpp:59] profiler_stop


   * EP:   2/16 | dispatch: 5 GB/s (SO), 17 GB/s (SU), 352.080 us, 5840640 bytes | copy: 128 GB/s, 90.952 us
   * EP:   3/16 | dispatch: 5 GB/s (SO), 17 GB/s (SU), 352.187 us, 5855616 bytes | copy: 146 GB/s, 80.240 us
   * EP:   0/16 | dispatch: 5 GB/s (SO), 16 GB/s (SU), 352.132 us, 5750784 bytes | copy: 135 GB/s, 85.481 us
   * EP:   4/16 | dispatch: 5 GB/s (SO), 16 GB/s (SU), 352.126 us, 5623488 bytes | copy: 114 GB/s, 98.744 us
   * EP:   6/16 | dispatch: 5 GB/s (SO), 17 GB/s (SU), 351.742 us, 5937984 bytes | copy: 1230 GB/s, 9.654 us
   * EP:   7/16 | dispatch: 5 GB/s (SO), 17 GB/s (SU), 352.099 us, 5937984 bytes | copy: 110 GB/s, 107.751 us
   * EP:   5/16 | dispatch: 5 GB/s (SO), 16 GB/s (SU), 352.096 us, 5705856 bytes | copy: 552 GB/s, 20.664 us
   * EP:   1/16 | dispatch: 5 GB/s (SO), 16 GB/s (SU), 351.849 us, 5720832 bytes | copy: 927 GB/s, 12.338 us
USDT:2026-08-25 03:04:05 437:437 SyncActivityProfilerHandler.cpp:52] profiler_startUSDT:2026-08-25 03:04:05 436:436 SyncActivityProfilerHandler.cpp:52] profiler_startUSDT:2026-08-25 03:04:05 435:435 SyncActivityProfilerHandler.cpp:52] profiler_startUSDT:2026-08-25 03:04:05 432:432 SyncActivityProfilerHandler.cpp:52] profiler_start



USDT:2026-08-25 03:04:05 434:434 SyncActivityProfilerHandler.cpp:52] profiler_startUSDT:2026-08-25 03:04:05 438:438 SyncActivityProfilerHandler.cpp:52] profiler_startUSDT:2026-08-25 03:04:05 439:439 SyncActivityProfilerHandler.cpp:52] profiler_startUSDT:2026-08-25 03:04:05 433:433 SyncActivityProfilerHandler.cpp:52] profiler_start



USDT:2026-08-25 03:04:06 432:432 SyncActivityProfilerHandler.cpp:59] profiler_stop
USDT:2026-08-25 03:04:06 437:437 SyncActivityProfilerHandler.cpp:59] profiler_stopUSDT:2026-08-25 03:04:06 436:436 SyncActivityProfilerHandler.cpp:59] profiler_stop

USDT:2026-08-25 03:04:06 439:439 SyncActivityProfilerHandler.cpp:59] profiler_stopUSDT:2026-08-25 03:04:06 434:434 SyncActivityProfilerHandler.cpp:59] profiler_stopUSDT:2026-08-25 03:04:06 435:435 SyncActivityProfilerHandler.cpp:59] profiler_stopUSDT:2026-08-25 03:04:06 433:433 SyncActivityProfilerHandler.cpp:59] profiler_stopUSDT:2026-08-25 03:04:06 438:438 SyncActivityProfilerHandler.cpp:59] profiler_stop




   - EP:   2/16 | expanded dispatch: 5 GB/s (SO), 16 GB/s (SU), 362.945 us, 5840640 bytes | copy: 233 GB/s, 89.022 us
   - EP:   6/16 | expanded dispatch: 5 GB/s (SO), 16 GB/s (SU), 362.530 us, 5937984 bytes | copy: 1764 GB/s, 11.811 us
   - EP:   0/16 | expanded dispatch: 5 GB/s (SO), 16 GB/s (SU), 362.855 us, 5750784 bytes | copy: 241 GB/s, 85.427 us
   - EP:   3/16 | expanded dispatch: 5 GB/s (SO), 16 GB/s (SU), 362.879 us, 5855616 bytes | copy: 256 GB/s, 80.762 us
   - EP:   7/16 | expanded dispatch: 5 GB/s (SO), 16 GB/s (SU), 362.853 us, 5937984 bytes | copy: 195 GB/s, 106.098 us
   - EP:   4/16 | expanded dispatch: 5 GB/s (SO), 15 GB/s (SU), 362.882 us, 5623488 bytes | copy: 208 GB/s, 98.334 us
   - EP:   5/16 | expanded dispatch: 5 GB/s (SO), 16 GB/s (SU), 362.722 us, 5705856 bytes | copy: 814 GB/s, 25.242 us
   - EP:   1/16 | expanded dispatch: 5 GB/s (SO), 16 GB/s (SU), 362.617 us, 5720832 bytes | copy: 1306 GB/s, 15.712 us
USDT:2026-08-25 03:04:06 437:437 SyncActivityProfilerHandler.cpp:52] profiler_startUSDT:2026-08-25 03:04:06 435:435 SyncActivityProfilerHandler.cpp:52] profiler_startUSDT:2026-08-25 03:04:06 436:436 SyncActivityProfilerHandler.cpp:52] profiler_startUSDT:2026-08-25 03:04:06 432:432 SyncActivityProfilerHandler.cpp:52] profiler_startUSDT:2026-08-25 03:04:06 433:433 SyncActivityProfilerHandler.cpp:52] profiler_start




USDT:2026-08-25 03:04:06 439:439 SyncActivityProfilerHandler.cpp:52] profiler_startUSDT:2026-08-25 03:04:06 434:434 SyncActivityProfilerHandler.cpp:52] profiler_startUSDT:2026-08-25 03:04:06 438:438 SyncActivityProfilerHandler.cpp:52] profiler_start


USDT:2026-08-25 03:04:07 432:432 SyncActivityProfilerHandler.cpp:59] profiler_stopUSDT:2026-08-25 03:04:07 437:437 SyncActivityProfilerHandler.cpp:59] profiler_stop

USDT:2026-08-25 03:04:07 435:435 SyncActivityProfilerHandler.cpp:59] profiler_stop
USDT:2026-08-25 03:04:07 436:436 SyncActivityProfilerHandler.cpp:59] profiler_stop
USDT:2026-08-25 03:04:07 433:433 SyncActivityProfilerHandler.cpp:59] profiler_stop
USDT:2026-08-25 03:04:07 434:434 SyncActivityProfilerHandler.cpp:59] profiler_stopUSDT:2026-08-25 03:04:07 438:438 SyncActivityProfilerHandler.cpp:59] profiler_stopUSDT:2026-08-25 03:04:07 439:439 SyncActivityProfilerHandler.cpp:59] profiler_stop


   # EP:   4/16 | cached dispatch: 5 GB/s (SO), 16 GB/s (SU), 343.769 us, 5623488 bytes | copy: 118 GB/s, 95.138 us
   # EP:   3/16 | cached dispatch: 5 GB/s (SO), 17 GB/s (SU), 343.663 us, 5855616 bytes | copy: 146 GB/s, 80.212 us
   # EP:   5/16 | cached dispatch: 5 GB/s (SO), 17 GB/s (SU), 343.515 us, 5705856 bytes | copy: 582 GB/s, 19.601 us
   # EP:   0/16 | cached dispatch: 6 GB/s (SO), 17 GB/s (SU), 343.567 us, 5750784 bytes | copy: 138 GB/s, 83.162 us
   # EP:   1/16 | cached dispatch: 6 GB/s (SO), 17 GB/s (SU), 343.343 us, 5720832 bytes | copy: 956 GB/s, 11.971 us
   # EP:   2/16 | cached dispatch: 5 GB/s (SO), 17 GB/s (SU), 343.771 us, 5840640 bytes | copy: 136 GB/s, 86.128 us
   # EP:   6/16 | cached dispatch: 5 GB/s (SO), 17 GB/s (SU), 343.308 us, 5937984 bytes | copy: 1675 GB/s, 7.091 us
   # EP:   7/16 | cached dispatch: 5 GB/s (SO), 17 GB/s (SU), 343.584 us, 5937984 bytes | copy: 111 GB/s, 106.802 us
USDT:2026-08-25 03:04:07 432:432 SyncActivityProfilerHandler.cpp:52] profiler_startUSDT:2026-08-25 03:04:07 436:436 SyncActivityProfilerHandler.cpp:52] profiler_startUSDT:2026-08-25 03:04:07 437:437 SyncActivityProfilerHandler.cpp:52] profiler_startUSDT:2026-08-25 03:04:07 435:435 SyncActivityProfilerHandler.cpp:52] profiler_start



USDT:2026-08-25 03:04:07 439:439 SyncActivityProfilerHandler.cpp:52] profiler_startUSDT:2026-08-25 03:04:07 434:434 SyncActivityProfilerHandler.cpp:52] profiler_startUSDT:2026-08-25 03:04:07 438:438 SyncActivityProfilerHandler.cpp:52] profiler_start


USDT:2026-08-25 03:04:07 433:433 SyncActivityProfilerHandler.cpp:52] profiler_start
USDT:2026-08-25 03:04:07 434:434 SyncActivityProfilerHandler.cpp:59] profiler_stopUSDT:2026-08-25 03:04:07 438:438 SyncActivityProfilerHandler.cpp:59] profiler_stop

USDT:2026-08-25 03:04:07 439:439 SyncActivityProfilerHandler.cpp:59] profiler_stop
USDT:2026-08-25 03:04:07 435:435 SyncActivityProfilerHandler.cpp:59] profiler_stopUSDT:2026-08-25 03:04:07 432:432 SyncActivityProfilerHandler.cpp:59] profiler_stopUSDT:2026-08-25 03:04:07 433:433 SyncActivityProfilerHandler.cpp:59] profiler_stopUSDT:2026-08-25 03:04:07 436:436 SyncActivityProfilerHandler.cpp:59] profiler_stopUSDT:2026-08-25 03:04:07 437:437 SyncActivityProfilerHandler.cpp:59] profiler_stop




   @ EP:   2/16 | combine: 21 GB/s (SO), 64 GB/s (SU), 175.112 us, 11207040 bytes | reduce: 1051 GB/s, 5.169 us
   @ EP:   7/16 | combine: 21 GB/s (SO), 67 GB/s (SU), 169.374 us, 11393824 bytes | reduce: 1039 GB/s, 5.018 us
   @ EP:   6/16 | combine: 19 GB/s (SO), 62 GB/s (SU), 183.930 us, 11393824 bytes | reduce: 1045 GB/s, 4.989 us
   @ EP:   4/16 | combine: 21 GB/s (SO), 63 GB/s (SU), 171.588 us, 10790368 bytes | reduce: 1024 GB/s, 5.192 us
   @ EP:   0/16 | combine: 21 GB/s (SO), 63 GB/s (SU), 175.845 us, 11034624 bytes | reduce: 1131 GB/s, 4.867 us
   @ EP:   5/16 | combine: 19 GB/s (SO), 60 GB/s (SU), 182.939 us, 10948416 bytes | reduce: 1053 GB/s, 5.021 us
   @ EP:   3/16 | combine: 21 GB/s (SO), 64 GB/s (SU), 174.304 us, 11235776 bytes | reduce: 1062 GB/s, 5.073 us
   @ EP:   1/16 | combine: 20 GB/s (SO), 60 GB/s (SU), 183.255 us, 10977152 bytes | reduce: 1114 GB/s, 4.915 us
USDT:2026-08-25 03:04:08 439:439 SyncActivityProfilerHandler.cpp:52] profiler_startUSDT:2026-08-25 03:04:08 434:434 SyncActivityProfilerHandler.cpp:52] profiler_start

USDT:2026-08-25 03:04:08 438:438 SyncActivityProfilerHandler.cpp:52] profiler_start
USDT:2026-08-25 03:04:08 436:436 SyncActivityProfilerHandler.cpp:52] profiler_startUSDT:2026-08-25 03:04:08 433:433 SyncActivityProfilerHandler.cpp:52] profiler_startUSDT:2026-08-25 03:04:08 437:437 SyncActivityProfilerHandler.cpp:52] profiler_startUSDT:2026-08-25 03:04:08 435:435 SyncActivityProfilerHandler.cpp:52] profiler_startUSDT:2026-08-25 03:04:08 432:432 SyncActivityProfilerHandler.cpp:52] profiler_start




USDT:2026-08-25 03:04:08 434:434 SyncActivityProfilerHandler.cpp:59] profiler_stop
USDT:2026-08-25 03:04:08 438:438 SyncActivityProfilerHandler.cpp:59] profiler_stop
USDT:2026-08-25 03:04:08 435:435 SyncActivityProfilerHandler.cpp:59] profiler_stopUSDT:2026-08-25 03:04:08 436:436 SyncActivityProfilerHandler.cpp:59] profiler_stopUSDT:2026-08-25 03:04:08 432:432 SyncActivityProfilerHandler.cpp:59] profiler_stopUSDT:2026-08-25 03:04:08 433:433 SyncActivityProfilerHandler.cpp:59] profiler_stop



USDT:2026-08-25 03:04:08 439:439 SyncActivityProfilerHandler.cpp:59] profiler_stop
USDT:2026-08-25 03:04:08 437:437 SyncActivityProfilerHandler.cpp:59] profiler_stop
   + EP:   2/16 | reduced combine: 19 GB/s (SO), 59 GB/s (SU), 190.154 us, 11207040 bytes | reduce: 964 GB/s, 5.635 us
   + EP:   6/16 | reduced combine: 17 GB/s (SO), 57 GB/s (SU), 200.821 us, 11393824 bytes | reduce: 955 GB/s, 5.459 us
   + EP:   0/16 | reduced combine: 19 GB/s (SO), 57 GB/s (SU), 193.876 us, 11034624 bytes | reduce: 1056 GB/s, 5.211 us
   + EP:   4/16 | reduced combine: 19 GB/s (SO), 57 GB/s (SU), 187.839 us, 10790368 bytes | reduce: 925 GB/s, 5.745 us
   + EP:   3/16 | reduced combine: 19 GB/s (SO), 59 GB/s (SU), 191.628 us, 11235776 bytes | reduce: 951 GB/s, 5.666 us
   + EP:   7/16 | reduced combine: 18 GB/s (SO), 60 GB/s (SU), 188.354 us, 11393824 bytes | reduce: 911 GB/s, 5.726 us
   + EP:   1/16 | reduced combine: 18 GB/s (SO), 54 GB/s (SU), 202.126 us, 10977152 bytes | reduce: 942 GB/s, 5.812 us
   + EP:   5/16 | reduced combine: 17 GB/s (SO), 54 GB/s (SU), 202.408 us, 10948416 bytes | reduce: 929 GB/s, 5.690 us


