=== EP_NIC_NAME=rdmap110s0 (auto, 200 Gb/s) ===
+ docker run --rm --gpus all --privileged --network=host --ipc=host --ulimit memlock=-1 --ulimit stack=67108864 --device=/dev/infiniband --device=/dev/gdrdrv -v /sys/class/infiniband:/sys/class/infiniband:ro -e MASTER_ADDR=172.31.20.74 -e MASTER_PORT=29713 -e WORLD_SIZE=4 -e RANK=0 -e NCCL_DEBUG=WARN -e EP_NIC_NAME=rdmap110s0 -e NCCL_GIN_TYPE=5 -e NCCL_SYM_GIN_KERNELS_ENABLE=0 -e PYTHONUNBUFFERED=1 -e PYTHONFAULTHANDLER=1 deepep-v2-efa-official:dev bash -lc 'timeout -s ABRT --kill-after=60 1500     python3 -u /opt/DeepEP/tests/elastic/test_ep.py     --num-processes=8 --num-tokens=8192     --hidden=7168 --num-topk=8 --num-experts=256     --num-sms=6 --allow-hybrid-mode=1     --prefer-overlap-with-compute=0 --test-first-only      '

==========
== CUDA ==
==========

CUDA Version 13.0.2

Container image Copyright (c) 2016-2023, NVIDIA CORPORATION & AFFILIATES. All rights reserved.

This container image and its contents are governed by the NVIDIA Deep Learning Container License.
By pulling and using the container, you accept the terms and conditions of this license:
https://developer.nvidia.com/ngc/nvidia-deep-learning-container-license

A copy of this license is made available in this container at /NGC-DL-CONTAINER-LICENSE for your convenience.

NCCL version 2.31.2+cuda13.3
DeepEP hybrid kernel selection: unordered
DeepEP hybrid kernel selection: unordered
DeepEP hybrid kernel selection: unordered
DeepEP hybrid kernel selection: unordered
DeepEP hybrid kernel selection: unordered
DeepEP hybrid kernel selection: unordered
DeepEP hybrid kernel selection: unordered
DeepEP hybrid kernel selection: unordered
DeepEP hybrid kernel selection: unordered
DeepEP hybrid kernel selection: unordered
DeepEP hybrid kernel selection: unordered
DeepEP hybrid kernel selection: unordered
DeepEP hybrid kernel selection: unordered
DeepEP hybrid kernel selection: unordered
DeepEP hybrid kernel selection: unordered
DeepEP hybrid kernel selection: unordered
Config:
 > Ranks: 4 x 8
 > Experts: 8/256
 > Tokens: 8192 (max: 8192), hidden: 7168
 > #SM: 6, #QPs: 11/11

Running all test cases:
 > Testing with do_handle_copy=1, expert_alignment=128, use_fp8_dispatch=1, num_bias=0, with_previous_event=0, async_with_compute_stream=0, allocate_on_comm_stream=0 ...
USDT:2026-08-25 04:25:09 435:435 SyncActivityProfilerHandler.cpp:52] profiler_startUSDT:2026-08-25 04:25:09 436:436 SyncActivityProfilerHandler.cpp:52] profiler_startUSDT:2026-08-25 04:25:09 441:441 SyncActivityProfilerHandler.cpp:52] profiler_startUSDT:2026-08-25 04:25:09 439:439 SyncActivityProfilerHandler.cpp:52] profiler_startUSDT:2026-08-25 04:25:09 437:437 SyncActivityProfilerHandler.cpp:52] profiler_start

USDT:2026-08-25 04:25:09 440:440 SyncActivityProfilerHandler.cpp:52] profiler_start

USDT:2026-08-25 04:25:09 438:438 SyncActivityProfilerHandler.cpp:52] profiler_start


USDT:2026-08-25 04:25:09 434:434 SyncActivityProfilerHandler.cpp:52] profiler_start
USDT:2026-08-25 04:25:09 437:437 SyncActivityProfilerHandler.cpp:59] profiler_stopUSDT:2026-08-25 04:25:09 440:440 SyncActivityProfilerHandler.cpp:59] profiler_stopUSDT:2026-08-25 04:25:09 438:438 SyncActivityProfilerHandler.cpp:59] profiler_stopUSDT:2026-08-25 04:25:09 435:435 SyncActivityProfilerHandler.cpp:59] profiler_stopUSDT:2026-08-25 04:25:09 441:441 SyncActivityProfilerHandler.cpp:59] profiler_stopUSDT:2026-08-25 04:25:09 439:439 SyncActivityProfilerHandler.cpp:59] profiler_stop
USDT:2026-08-25 04:25:09 436:436 SyncActivityProfilerHandler.cpp:59] profiler_stop




USDT:2026-08-25 04:25:09 434:434 SyncActivityProfilerHandler.cpp:59] profiler_stop

   * EP:   5/32 | dispatch: 55 GB/s (SO), 110 GB/s (SU), 4050.000 us, 444292992 bytes | copy: 2842 GB/s, 312.611 us
   * EP:   3/32 | dispatch: 55 GB/s (SO), 110 GB/s (SU), 4049.000 us, 444397824 bytes | copy: 2656 GB/s, 334.593 us
   * EP:   2/32 | dispatch: 55 GB/s (SO), 109 GB/s (SU), 4050.000 us, 441425088 bytes | copy: 2632 GB/s, 335.406 us
   * EP:   1/32 | dispatch: 55 GB/s (SO), 109 GB/s (SU), 4050.000 us, 442361088 bytes | copy: 2746 GB/s, 322.158 us
   * EP:   4/32 | dispatch: 55 GB/s (SO), 109 GB/s (SU), 4049.000 us, 443327040 bytes | copy: 2983 GB/s, 297.284 us
   * EP:   7/32 | dispatch: 55 GB/s (SO), 111 GB/s (SU), 4050.000 us, 447700032 bytes | copy: 2744 GB/s, 326.323 us
   * EP:   6/32 | dispatch: 55 GB/s (SO), 110 GB/s (SU), 4050.000 us, 443783808 bytes | copy: 2612 GB/s, 339.776 us
   * EP:   0/32 | dispatch: 55 GB/s (SO), 110 GB/s (SU), 4050.000 us, 444435264 bytes | copy: 2755 GB/s, 322.599 us
USDT:2026-08-25 04:25:10 440:440 SyncActivityProfilerHandler.cpp:52] profiler_startUSDT:2026-08-25 04:25:10 434:434 SyncActivityProfilerHandler.cpp:52] profiler_startUSDT:2026-08-25 04:25:10 437:437 SyncActivityProfilerHandler.cpp:52] profiler_startUSDT:2026-08-25 04:25:10 438:438 SyncActivityProfilerHandler.cpp:52] profiler_start
USDT:2026-08-25 04:25:10 435:435 SyncActivityProfilerHandler.cpp:52] profiler_start



USDT:2026-08-25 04:25:10 439:439 SyncActivityProfilerHandler.cpp:52] profiler_start
USDT:2026-08-25 04:25:10 441:441 SyncActivityProfilerHandler.cpp:52] profiler_start
USDT:2026-08-25 04:25:10 436:436 SyncActivityProfilerHandler.cpp:52] profiler_start
USDT:2026-08-25 04:25:10 437:437 SyncActivityProfilerHandler.cpp:59] profiler_stopUSDT:2026-08-25 04:25:10 434:434 SyncActivityProfilerHandler.cpp:59] profiler_stopUSDT:2026-08-25 04:25:10 438:438 SyncActivityProfilerHandler.cpp:59] profiler_stop

USDT:2026-08-25 04:25:10 440:440 SyncActivityProfilerHandler.cpp:59] profiler_stop
USDT:2026-08-25 04:25:10 435:435 SyncActivityProfilerHandler.cpp:59] profiler_stop
USDT:2026-08-25 04:25:10 441:441 SyncActivityProfilerHandler.cpp:59] profiler_stopUSDT:2026-08-25 04:25:10 439:439 SyncActivityProfilerHandler.cpp:59] profiler_stop


USDT:2026-08-25 04:25:10 436:436 SyncActivityProfilerHandler.cpp:59] profiler_stop
   - EP:   3/32 | expanded dispatch: 55 GB/s (SO), 110 GB/s (SU), 4045.000 us, 444397824 bytes | copy: 2399 GB/s, 391.972 us
   - EP:   0/32 | expanded dispatch: 55 GB/s (SO), 110 GB/s (SU), 4045.000 us, 444435264 bytes | copy: 2515 GB/s, 373.971 us
   - EP:   4/32 | expanded dispatch: 55 GB/s (SO), 110 GB/s (SU), 4045.000 us, 443327040 bytes | copy: 2615 GB/s, 358.860 us
   - EP:   5/32 | expanded dispatch: 55 GB/s (SO), 110 GB/s (SU), 4045.000 us, 444292992 bytes | copy: 2575 GB/s, 364.662 us
   - EP:   6/32 | expanded dispatch: 55 GB/s (SO), 110 GB/s (SU), 4045.000 us, 443783808 bytes | copy: 2464 GB/s, 380.543 us   - EP:   1/32 | expanded dispatch: 55 GB/s (SO), 109 GB/s (SU), 4045.000 us, 442361088 bytes | copy: 2540 GB/s, 367.660 us

   - EP:   7/32 | expanded dispatch: 55 GB/s (SO), 111 GB/s (SU), 4045.000 us, 447700032 bytes | copy: 2423 GB/s, 390.914 us
   - EP:   2/32 | expanded dispatch: 55 GB/s (SO), 109 GB/s (SU), 4045.000 us, 441425088 bytes | copy: 2390 GB/s, 390.556 us
USDT:2026-08-25 04:25:11 438:438 SyncActivityProfilerHandler.cpp:52] profiler_startUSDT:2026-08-25 04:25:11 434:434 SyncActivityProfilerHandler.cpp:52] profiler_startUSDT:2026-08-25 04:25:11 435:435 SyncActivityProfilerHandler.cpp:52] profiler_startUSDT:2026-08-25 04:25:11 441:441 SyncActivityProfilerHandler.cpp:52] profiler_startUSDT:2026-08-25 04:25:11 439:439 SyncActivityProfilerHandler.cpp:52] profiler_start



USDT:2026-08-25 04:25:11 437:437 SyncActivityProfilerHandler.cpp:52] profiler_start
USDT:2026-08-25 04:25:11 440:440 SyncActivityProfilerHandler.cpp:52] profiler_start

USDT:2026-08-25 04:25:11 436:436 SyncActivityProfilerHandler.cpp:52] profiler_start
USDT:2026-08-25 04:25:11 434:434 SyncActivityProfilerHandler.cpp:59] profiler_stop
USDT:2026-08-25 04:25:11 438:438 SyncActivityProfilerHandler.cpp:59] profiler_stop
USDT:2026-08-25 04:25:11 439:439 SyncActivityProfilerHandler.cpp:59] profiler_stopUSDT:2026-08-25 04:25:11 437:437 SyncActivityProfilerHandler.cpp:59] profiler_stop
USDT:2026-08-25 04:25:11 435:435 SyncActivityProfilerHandler.cpp:59] profiler_stop

USDT:2026-08-25 04:25:11 441:441 SyncActivityProfilerHandler.cpp:59] profiler_stop
USDT:2026-08-25 04:25:11 436:436 SyncActivityProfilerHandler.cpp:59] profiler_stopUSDT:2026-08-25 04:25:11 440:440 SyncActivityProfilerHandler.cpp:59] profiler_stop

   # EP:   3/32 | cached dispatch: 55 GB/s (SO), 110 GB/s (SU), 4035.000 us, 444397824 bytes | copy: 2785 GB/s, 319.136 us
   # EP:   5/32 | cached dispatch: 55 GB/s (SO), 110 GB/s (SU), 4035.000 us, 444292992 bytes | copy: 2816 GB/s, 315.560 us
   # EP:   4/32 | cached dispatch: 55 GB/s (SO), 110 GB/s (SU), 4035.000 us, 443327040 bytes | copy: 2889 GB/s, 306.922 us
   # EP:   0/32 | cached dispatch: 55 GB/s (SO), 110 GB/s (SU), 4035.000 us, 444435264 bytes | copy: 2670 GB/s, 332.922 us
   # EP:   6/32 | cached dispatch: 55 GB/s (SO), 110 GB/s (SU), 4035.000 us, 443783808 bytes | copy: 2821 GB/s, 314.588 us
   # EP:   1/32 | cached dispatch: 55 GB/s (SO), 110 GB/s (SU), 4035.000 us, 442361088 bytes | copy: 2744 GB/s, 322.455 us
   # EP:   2/32 | cached dispatch: 55 GB/s (SO), 109 GB/s (SU), 4035.000 us, 441425088 bytes | copy: 2636 GB/s, 334.979 us
   # EP:   7/32 | cached dispatch: 55 GB/s (SO), 111 GB/s (SU), 4035.000 us, 447700032 bytes | copy: 2711 GB/s, 330.231 us
USDT:2026-08-25 04:25:12 441:441 SyncActivityProfilerHandler.cpp:52] profiler_start
USDT:2026-08-25 04:25:12 437:437 SyncActivityProfilerHandler.cpp:52] profiler_start
USDT:2026-08-25 04:25:12 439:439 SyncActivityProfilerHandler.cpp:52] profiler_start
USDT:2026-08-25 04:25:12 434:434 SyncActivityProfilerHandler.cpp:52] profiler_start
USDT:2026-08-25 04:25:12 436:436 SyncActivityProfilerHandler.cpp:52] profiler_start
USDT:2026-08-25 04:25:12 438:438 SyncActivityProfilerHandler.cpp:52] profiler_start
USDT:2026-08-25 04:25:12 440:440 SyncActivityProfilerHandler.cpp:52] profiler_startUSDT:2026-08-25 04:25:12 435:435 SyncActivityProfilerHandler.cpp:52] profiler_start

USDT:2026-08-25 04:25:13 441:441 SyncActivityProfilerHandler.cpp:59] profiler_stop
USDT:2026-08-25 04:25:13 437:437 SyncActivityProfilerHandler.cpp:59] profiler_stop
USDT:2026-08-25 04:25:13 434:434 SyncActivityProfilerHandler.cpp:59] profiler_stop
USDT:2026-08-25 04:25:13 435:435 SyncActivityProfilerHandler.cpp:59] profiler_stopUSDT:2026-08-25 04:25:13 438:438 SyncActivityProfilerHandler.cpp:59] profiler_stop

USDT:2026-08-25 04:25:13 436:436 SyncActivityProfilerHandler.cpp:59] profiler_stop
USDT:2026-08-25 04:25:13 439:439 SyncActivityProfilerHandler.cpp:59] profiler_stop
USDT:2026-08-25 04:25:13 440:440 SyncActivityProfilerHandler.cpp:59] profiler_stop
   @ EP:   7/32 | combine: 49 GB/s (SO), 99 GB/s (SU), 8708.000 us, 859048352 bytes | reduce: 3571 GB/s, 151.937 us
   @ EP:   0/32 | combine: 42 GB/s (SO), 85 GB/s (SU), 10058.000 us, 852783904 bytes | reduce: 3619 GB/s, 150.023 us
   @ EP:   3/32 | combine: 43 GB/s (SO), 86 GB/s (SU), 9904.000 us, 852712064 bytes | reduce: 3604 GB/s, 150.187 us
   @ EP:   4/32 | combine: 43 GB/s (SO), 85 GB/s (SU), 9958.000 us, 850657440 bytes | reduce: 3590 GB/s, 150.957 us
   @ EP:   1/32 | combine: 43 GB/s (SO), 85 GB/s (SU), 10012.000 us, 848803968 bytes | reduce: 3619 GB/s, 150.163 us   @ EP:   6/32 | combine: 42 GB/s (SO), 85 GB/s (SU), 10059.000 us, 851533888 bytes | reduce: 3604 GB/s, 150.627 us

   @ EP:   2/32 | combine: 43 GB/s (SO), 85 GB/s (SU), 9980.000 us, 847007968 bytes | reduce: 3621 GB/s, 150.163 us
   @ EP:   5/32 | combine: 43 GB/s (SO), 86 GB/s (SU), 9958.000 us, 852510912 bytes | reduce: 3617 GB/s, 150.186 us
USDT:2026-08-25 04:25:14 441:441 SyncActivityProfilerHandler.cpp:52] profiler_start
USDT:2026-08-25 04:25:14 437:437 SyncActivityProfilerHandler.cpp:52] profiler_start
USDT:2026-08-25 04:25:14 439:439 SyncActivityProfilerHandler.cpp:52] profiler_start
USDT:2026-08-25 04:25:14 440:440 SyncActivityProfilerHandler.cpp:52] profiler_start
USDT:2026-08-25 04:25:14 438:438 SyncActivityProfilerHandler.cpp:52] profiler_start
USDT:2026-08-25 04:25:14 434:434 SyncActivityProfilerHandler.cpp:52] profiler_start
USDT:2026-08-25 04:25:14 435:435 SyncActivityProfilerHandler.cpp:52] profiler_start
USDT:2026-08-25 04:25:14 436:436 SyncActivityProfilerHandler.cpp:52] profiler_start
USDT:2026-08-25 04:25:14 441:441 SyncActivityProfilerHandler.cpp:59] profiler_stop
USDT:2026-08-25 04:25:14 437:437 SyncActivityProfilerHandler.cpp:59] profiler_stop
USDT:2026-08-25 04:25:14 440:440 SyncActivityProfilerHandler.cpp:59] profiler_stop
USDT:2026-08-25 04:25:14 434:434 SyncActivityProfilerHandler.cpp:59] profiler_stop
USDT:2026-08-25 04:25:14 436:436 SyncActivityProfilerHandler.cpp:59] profiler_stop
USDT:2026-08-25 04:25:14 439:439 SyncActivityProfilerHandler.cpp:59] profiler_stop
USDT:2026-08-25 04:25:14 435:435 SyncActivityProfilerHandler.cpp:59] profiler_stop
USDT:2026-08-25 04:25:14 438:438 SyncActivityProfilerHandler.cpp:59] profiler_stop
   + EP:   3/32 | reduced combine: 47 GB/s (SO), 95 GB/s (SU), 8979.000 us, 852712064 bytes | reduce: 3630 GB/s, 149.117 us
   + EP:   6/32 | reduced combine: 47 GB/s (SO), 95 GB/s (SU), 8997.000 us, 851533888 bytes | reduce: 3624 GB/s, 149.809 us
   + EP:   7/32 | reduced combine: 48 GB/s (SO), 96 GB/s (SU), 8908.000 us, 859048352 bytes | reduce: 3637 GB/s, 149.182 us
   + EP:   5/32 | reduced combine: 47 GB/s (SO), 94 GB/s (SU), 9067.000 us, 852510912 bytes | reduce: 3624 GB/s, 149.887 us
   + EP:   0/32 | reduced combine: 47 GB/s (SO), 95 GB/s (SU), 8965.000 us, 852783904 bytes | reduce: 3632 GB/s, 149.491 us
   + EP:   1/32 | reduced combine: 46 GB/s (SO), 91 GB/s (SU), 9314.000 us, 848803968 bytes | reduce: 3574 GB/s, 152.037 us
   + EP:   2/32 | reduced combine: 47 GB/s (SO), 94 GB/s (SU), 8985.000 us, 847007968 bytes | reduce: 3631 GB/s, 149.757 us
   + EP:   4/32 | reduced combine: 47 GB/s (SO), 93 GB/s (SU), 9102.000 us, 850657440 bytes | reduce: 3606 GB/s, 150.311 us


