=== EP_NIC_NAME=rdmap110s0 (auto, 200 Gb/s) ===
+ docker run --rm --gpus all --privileged --network=host --ipc=host --ulimit memlock=-1 --ulimit stack=67108864 --device=/dev/infiniband --device=/dev/gdrdrv -v /sys/class/infiniband:/sys/class/infiniband:ro -e MASTER_ADDR=172.31.20.74 -e MASTER_PORT=29673 -e WORLD_SIZE=2 -e RANK=1 -e NCCL_DEBUG=WARN -e EP_NIC_NAME=rdmap110s0 -e NCCL_GIN_TYPE=5 -e NCCL_SYM_GIN_KERNELS_ENABLE=0 -e PYTHONUNBUFFERED=1 -e PYTHONFAULTHANDLER=1 deepep-v2-efa-official:dev bash -lc 'timeout -s ABRT --kill-after=60 1500     python3 -u /opt/DeepEP/tests/elastic/test_ep.py     --num-processes=8 --num-tokens=8192     --hidden=7168 --num-topk=8 --num-experts=256     --num-sms=12 --allow-hybrid-mode=1     --prefer-overlap-with-compute=0 --test-first-only      '

==========
== CUDA ==
==========

CUDA Version 13.0.2

Container image Copyright (c) 2016-2023, NVIDIA CORPORATION & AFFILIATES. All rights reserved.

This container image and its contents are governed by the NVIDIA Deep Learning Container License.
By pulling and using the container, you accept the terms and conditions of this license:
https://developer.nvidia.com/ngc/nvidia-deep-learning-container-license

A copy of this license is made available in this container at /NGC-DL-CONTAINER-LICENSE for your convenience.

DeepEP hybrid kernel selection: unordered
DeepEP hybrid kernel selection: unordered
DeepEP hybrid kernel selection: unordered
DeepEP hybrid kernel selection: unordered
DeepEP hybrid kernel selection: unordered
DeepEP hybrid kernel selection: unordered
DeepEP hybrid kernel selection: unordered
DeepEP hybrid kernel selection: unordered
DeepEP hybrid kernel selection: unordered
DeepEP hybrid kernel selection: unordered
DeepEP hybrid kernel selection: unordered
DeepEP hybrid kernel selection: unordered
DeepEP hybrid kernel selection: unordered
DeepEP hybrid kernel selection: unordered
DeepEP hybrid kernel selection: unordered
DeepEP hybrid kernel selection: unordered
Config:
 > Ranks: 2 x 8
 > Experts: 8/256
 > Tokens: 8184 (max: 8192), hidden: 7168
 > #SM: 12, #QPs: 11/11

Running all test cases:
 > Testing with do_handle_copy=1, expert_alignment=128, use_fp8_dispatch=1, num_bias=0, with_previous_event=0, async_with_compute_stream=0, allocate_on_comm_stream=0 ...
USDT:2026-08-25 03:50:22 436:436 SyncActivityProfilerHandler.cpp:52] profiler_startUSDT:2026-08-25 03:50:22 442:442 SyncActivityProfilerHandler.cpp:52] profiler_startUSDT:2026-08-25 03:50:22 439:439 SyncActivityProfilerHandler.cpp:52] profiler_startUSDT:2026-08-25 03:50:22 438:438 SyncActivityProfilerHandler.cpp:52] profiler_start


USDT:2026-08-25 03:50:22 437:437 SyncActivityProfilerHandler.cpp:52] profiler_startUSDT:2026-08-25 03:50:22 440:440 SyncActivityProfilerHandler.cpp:52] profiler_startUSDT:2026-08-25 03:50:22 435:435 SyncActivityProfilerHandler.cpp:52] profiler_start



USDT:2026-08-25 03:50:22 441:441 SyncActivityProfilerHandler.cpp:52] profiler_start
USDT:2026-08-25 03:50:22 436:436 SyncActivityProfilerHandler.cpp:59] profiler_stopUSDT:2026-08-25 03:50:22 435:435 SyncActivityProfilerHandler.cpp:59] profiler_stopUSDT:2026-08-25 03:50:22 438:438 SyncActivityProfilerHandler.cpp:59] profiler_stopUSDT:2026-08-25 03:50:22 439:439 SyncActivityProfilerHandler.cpp:59] profiler_stop


USDT:2026-08-25 03:50:22 437:437 SyncActivityProfilerHandler.cpp:59] profiler_stop
USDT:2026-08-25 03:50:22 442:442 SyncActivityProfilerHandler.cpp:59] profiler_stop
USDT:2026-08-25 03:50:22 441:441 SyncActivityProfilerHandler.cpp:59] profiler_stop

USDT:2026-08-25 03:50:22 440:440 SyncActivityProfilerHandler.cpp:59] profiler_stop
   * EP:  10/16 | dispatch: 81 GB/s (SO), 267 GB/s (SU), 1505.000 us, 401289408 bytes | copy: 3334 GB/s, 240.717 us
   * EP:   8/16 | dispatch: 81 GB/s (SO), 266 GB/s (SU), 1505.000 us, 400166208 bytes | copy: 3260 GB/s, 245.520 us
   * EP:   9/16 | dispatch: 81 GB/s (SO), 265 GB/s (SU), 1506.000 us, 398795904 bytes | copy: 3251 GB/s, 245.310 us
   * EP:  11/16 | dispatch: 81 GB/s (SO), 266 GB/s (SU), 1505.000 us, 400203648 bytes | copy: 3263 GB/s, 245.265 us
   * EP:  12/16 | dispatch: 81 GB/s (SO), 267 GB/s (SU), 1506.000 us, 401401728 bytes | copy: 3206 GB/s, 250.413 us
   * EP:  15/16 | dispatch: 81 GB/s (SO), 267 GB/s (SU), 1506.000 us, 401903424 bytes | copy: 3265 GB/s, 246.152 us
   * EP:  13/16 | dispatch: 81 GB/s (SO), 265 GB/s (SU), 1506.000 us, 398728512 bytes | copy: 3278 GB/s, 243.307 us
   * EP:  14/16 | dispatch: 81 GB/s (SO), 266 GB/s (SU), 1505.000 us, 400525632 bytes | copy: 3217 GB/s, 249.006 us
USDT:2026-08-25 03:50:23 436:436 SyncActivityProfilerHandler.cpp:52] profiler_startUSDT:2026-08-25 03:50:23 442:442 SyncActivityProfilerHandler.cpp:52] profiler_startUSDT:2026-08-25 03:50:23 435:435 SyncActivityProfilerHandler.cpp:52] profiler_startUSDT:2026-08-25 03:50:23 437:437 SyncActivityProfilerHandler.cpp:52] profiler_startUSDT:2026-08-25 03:50:23 441:441 SyncActivityProfilerHandler.cpp:52] profiler_startUSDT:2026-08-25 03:50:23 438:438 SyncActivityProfilerHandler.cpp:52] profiler_startUSDT:2026-08-25 03:50:23 439:439 SyncActivityProfilerHandler.cpp:52] profiler_start


USDT:2026-08-25 03:50:23 440:440 SyncActivityProfilerHandler.cpp:52] profiler_start




USDT:2026-08-25 03:50:23 438:438 SyncActivityProfilerHandler.cpp:59] profiler_stop
USDT:2026-08-25 03:50:23 436:436 SyncActivityProfilerHandler.cpp:59] profiler_stopUSDT:2026-08-25 03:50:23 437:437 SyncActivityProfilerHandler.cpp:59] profiler_stopUSDT:2026-08-25 03:50:23 441:441 SyncActivityProfilerHandler.cpp:59] profiler_stopUSDT:2026-08-25 03:50:23 440:440 SyncActivityProfilerHandler.cpp:59] profiler_stop

USDT:2026-08-25 03:50:23 442:442 SyncActivityProfilerHandler.cpp:59] profiler_stop

USDT:2026-08-25 03:50:23 439:439 SyncActivityProfilerHandler.cpp:59] profiler_stopUSDT:2026-08-25 03:50:23 435:435 SyncActivityProfilerHandler.cpp:59] profiler_stop


   - EP:  10/16 | expanded dispatch: 81 GB/s (SO), 267 GB/s (SU), 1504.000 us, 401289408 bytes | copy: 2841 GB/s, 317.648 us
   - EP:   8/16 | expanded dispatch: 81 GB/s (SO), 266 GB/s (SU), 1504.000 us, 400166208 bytes | copy: 2874 GB/s, 313.919 us
   - EP:  11/16 | expanded dispatch: 81 GB/s (SO), 266 GB/s (SU), 1504.000 us, 400203648 bytes | copy: 2821 GB/s, 319.418 us
   - EP:  15/16 | expanded dispatch: 81 GB/s (SO), 267 GB/s (SU), 1504.000 us, 401903424 bytes | copy: 2837 GB/s, 318.769 us
   - EP:  12/16 | expanded dispatch: 81 GB/s (SO), 267 GB/s (SU), 1504.000 us, 401401728 bytes | copy: 2838 GB/s, 318.388 us
   - EP:  13/16 | expanded dispatch: 81 GB/s (SO), 265 GB/s (SU), 1504.000 us, 398728512 bytes | copy: 2819 GB/s, 318.264 us
   - EP:   9/16 | expanded dispatch: 81 GB/s (SO), 265 GB/s (SU), 1504.000 us, 398795904 bytes | copy: 2838 GB/s, 315.415 us
   - EP:  14/16 | expanded dispatch: 81 GB/s (SO), 266 GB/s (SU), 1504.000 us, 400525632 bytes | copy: 2840 GB/s, 317.599 us
USDT:2026-08-25 03:50:23 442:442 SyncActivityProfilerHandler.cpp:52] profiler_startUSDT:2026-08-25 03:50:23 436:436 SyncActivityProfilerHandler.cpp:52] profiler_start
USDT:2026-08-25 03:50:23 438:438 SyncActivityProfilerHandler.cpp:52] profiler_startUSDT:2026-08-25 03:50:23 441:441 SyncActivityProfilerHandler.cpp:52] profiler_start
USDT:2026-08-25 03:50:23 440:440 SyncActivityProfilerHandler.cpp:52] profiler_startUSDT:2026-08-25 03:50:23 437:437 SyncActivityProfilerHandler.cpp:52] profiler_start
USDT:2026-08-25 03:50:23 435:435 SyncActivityProfilerHandler.cpp:52] profiler_start



USDT:2026-08-25 03:50:23 439:439 SyncActivityProfilerHandler.cpp:52] profiler_start
USDT:2026-08-25 03:50:24 441:441 SyncActivityProfilerHandler.cpp:59] profiler_stop
USDT:2026-08-25 03:50:24 436:436 SyncActivityProfilerHandler.cpp:59] profiler_stop
USDT:2026-08-25 03:50:24 438:438 SyncActivityProfilerHandler.cpp:59] profiler_stopUSDT:2026-08-25 03:50:24 440:440 SyncActivityProfilerHandler.cpp:59] profiler_stop
USDT:2026-08-25 03:50:24 442:442 SyncActivityProfilerHandler.cpp:59] profiler_stop
USDT:2026-08-25 03:50:24 437:437 SyncActivityProfilerHandler.cpp:59] profiler_stop
USDT:2026-08-25 03:50:24 439:439 SyncActivityProfilerHandler.cpp:59] profiler_stop

USDT:2026-08-25 03:50:24 435:435 SyncActivityProfilerHandler.cpp:59] profiler_stop
   # EP:   9/16 | cached dispatch: 77 GB/s (SO), 250 GB/s (SU), 1592.000 us, 398795904 bytes | copy: 3405 GB/s, 234.271 us
   # EP:  15/16 | cached dispatch: 77 GB/s (SO), 252 GB/s (SU), 1592.000 us, 401903424 bytes | copy: 3416 GB/s, 235.336 us
   # EP:  12/16 | cached dispatch: 77 GB/s (SO), 252 GB/s (SU), 1592.000 us, 401401728 bytes | copy: 3302 GB/s, 243.145 us
   # EP:  10/16 | cached dispatch: 77 GB/s (SO), 252 GB/s (SU), 1592.000 us, 401289408 bytes | copy: 3305 GB/s, 242.805 us
   # EP:   8/16 | cached dispatch: 77 GB/s (SO), 251 GB/s (SU), 1592.000 us, 400166208 bytes | copy: 3421 GB/s, 233.981 us
   # EP:  11/16 | cached dispatch: 77 GB/s (SO), 251 GB/s (SU), 1592.000 us, 400203648 bytes | copy: 3311 GB/s, 241.744 us
   # EP:  13/16 | cached dispatch: 77 GB/s (SO), 250 GB/s (SU), 1592.000 us, 398728512 bytes | copy: 3410 GB/s, 233.879 us
   # EP:  14/16 | cached dispatch: 77 GB/s (SO), 252 GB/s (SU), 1592.000 us, 400525632 bytes | copy: 3338 GB/s, 239.987 us
USDT:2026-08-25 03:50:24 435:435 SyncActivityProfilerHandler.cpp:52] profiler_startUSDT:2026-08-25 03:50:24 438:438 SyncActivityProfilerHandler.cpp:52] profiler_startUSDT:2026-08-25 03:50:24 440:440 SyncActivityProfilerHandler.cpp:52] profiler_start


USDT:2026-08-25 03:50:24 437:437 SyncActivityProfilerHandler.cpp:52] profiler_start
USDT:2026-08-25 03:50:24 436:436 SyncActivityProfilerHandler.cpp:52] profiler_start
USDT:2026-08-25 03:50:24 439:439 SyncActivityProfilerHandler.cpp:52] profiler_start
USDT:2026-08-25 03:50:24 441:441 SyncActivityProfilerHandler.cpp:52] profiler_start
USDT:2026-08-25 03:50:24 442:442 SyncActivityProfilerHandler.cpp:52] profiler_start
USDT:2026-08-25 03:50:25 435:435 SyncActivityProfilerHandler.cpp:59] profiler_stop
USDT:2026-08-25 03:50:25 438:438 SyncActivityProfilerHandler.cpp:59] profiler_stop
USDT:2026-08-25 03:50:25 436:436 SyncActivityProfilerHandler.cpp:59] profiler_stop
USDT:2026-08-25 03:50:25 437:437 SyncActivityProfilerHandler.cpp:59] profiler_stop
USDT:2026-08-25 03:50:25 440:440 SyncActivityProfilerHandler.cpp:59] profiler_stopUSDT:2026-08-25 03:50:25 439:439 SyncActivityProfilerHandler.cpp:59] profiler_stop

USDT:2026-08-25 03:50:25 441:441 SyncActivityProfilerHandler.cpp:59] profiler_stop
USDT:2026-08-25 03:50:25 442:442 SyncActivityProfilerHandler.cpp:59] profiler_stop
   @ EP:  15/16 | combine: 61 GB/s (SO), 201 GB/s (SU), 3840.000 us, 771173664 bytes | reduce: 3690 GB/s, 95.250 us
   @ EP:  12/16 | combine: 72 GB/s (SO), 237 GB/s (SU), 3245.000 us, 770211008 bytes | reduce: 3670 GB/s, 95.852 us
   @ EP:  11/16 | combine: 73 GB/s (SO), 238 GB/s (SU), 3231.000 us, 767912128 bytes | reduce: 3668 GB/s, 95.925 us
   @ EP:  13/16 | combine: 73 GB/s (SO), 239 GB/s (SU), 3198.000 us, 765081632 bytes | reduce: 3665 GB/s, 96.012 us
   @ EP:   9/16 | combine: 73 GB/s (SO), 237 GB/s (SU), 3231.000 us, 765210944 bytes | reduce: 3666 GB/s, 96.011 us   @ EP:   8/16 | combine: 73 GB/s (SO), 241 GB/s (SU), 3191.000 us, 767840288 bytes | reduce: 3671 GB/s, 95.878 us

   @ EP:  14/16 | combine: 70 GB/s (SO), 231 GB/s (SU), 3324.000 us, 768529952 bytes | reduce: 3681 GB/s, 95.573 us
   @ EP:  10/16 | combine: 73 GB/s (SO), 239 GB/s (SU), 3218.000 us, 769995488 bytes | reduce: 3669 GB/s, 95.906 us
USDT:2026-08-25 03:50:25 435:435 SyncActivityProfilerHandler.cpp:52] profiler_start
USDT:2026-08-25 03:50:25 442:442 SyncActivityProfilerHandler.cpp:52] profiler_start
USDT:2026-08-25 03:50:25 437:437 SyncActivityProfilerHandler.cpp:52] profiler_start
USDT:2026-08-25 03:50:25 440:440 SyncActivityProfilerHandler.cpp:52] profiler_start
USDT:2026-08-25 03:50:25 438:438 SyncActivityProfilerHandler.cpp:52] profiler_start
USDT:2026-08-25 03:50:25 436:436 SyncActivityProfilerHandler.cpp:52] profiler_start
USDT:2026-08-25 03:50:25 441:441 SyncActivityProfilerHandler.cpp:52] profiler_start
USDT:2026-08-25 03:50:25 439:439 SyncActivityProfilerHandler.cpp:52] profiler_start
USDT:2026-08-25 03:50:26 435:435 SyncActivityProfilerHandler.cpp:59] profiler_stop
USDT:2026-08-25 03:50:26 442:442 SyncActivityProfilerHandler.cpp:59] profiler_stop
USDT:2026-08-25 03:50:26 440:440 SyncActivityProfilerHandler.cpp:59] profiler_stopUSDT:2026-08-25 03:50:26 438:438 SyncActivityProfilerHandler.cpp:59] profiler_stop

USDT:2026-08-25 03:50:26 437:437 SyncActivityProfilerHandler.cpp:59] profiler_stop
USDT:2026-08-25 03:50:26 436:436 SyncActivityProfilerHandler.cpp:59] profiler_stop
USDT:2026-08-25 03:50:26 441:441 SyncActivityProfilerHandler.cpp:59] profiler_stop
USDT:2026-08-25 03:50:26 439:439 SyncActivityProfilerHandler.cpp:59] profiler_stop
   + EP:  15/16 | reduced combine: 59 GB/s (SO), 195 GB/s (SU), 3962.000 us, 771173664 bytes | reduce: 3688 GB/s, 95.308 us
   + EP:   8/16 | reduced combine: 60 GB/s (SO), 196 GB/s (SU), 3918.000 us, 767840288 bytes | reduce: 3679 GB/s, 95.693 us
   + EP:  13/16 | reduced combine: 59 GB/s (SO), 192 GB/s (SU), 3980.000 us, 765081632 bytes | reduce: 3677 GB/s, 95.681 us
   + EP:  11/16 | reduced combine: 58 GB/s (SO), 190 GB/s (SU), 4032.000 us, 767912128 bytes | reduce: 3676 GB/s, 95.696 us
   + EP:  14/16 | reduced combine: 57 GB/s (SO), 188 GB/s (SU), 4091.000 us, 768529952 bytes | reduce: 3683 GB/s, 95.527 us
   + EP:  12/16 | reduced combine: 54 GB/s (SO), 176 GB/s (SU), 4374.000 us, 770211008 bytes | reduce: 3693 GB/s, 95.242 us
   + EP:  10/16 | reduced combine: 59 GB/s (SO), 193 GB/s (SU), 3980.000 us, 769995488 bytes | reduce: 3683 GB/s, 95.556 us
   + EP:   9/16 | reduced combine: 57 GB/s (SO), 188 GB/s (SU), 4077.000 us, 765210944 bytes | reduce: 3678 GB/s, 95.679 us


