=== EP_NIC_NAME=rdmap110s0 (auto, 200 Gb/s) ===
+ docker run --rm --gpus all --privileged --network=host --ipc=host --ulimit memlock=-1 --ulimit stack=67108864 --device=/dev/infiniband --device=/dev/gdrdrv -v /sys/class/infiniband:/sys/class/infiniband:ro -e MASTER_ADDR=172.31.20.74 -e MASTER_PORT=29715 -e WORLD_SIZE=4 -e RANK=3 -e NCCL_DEBUG=WARN -e EP_NIC_NAME=rdmap110s0 -e NCCL_GIN_TYPE=5 -e NCCL_SYM_GIN_KERNELS_ENABLE=0 -e PYTHONUNBUFFERED=1 -e PYTHONFAULTHANDLER=1 deepep-v2-efa-official:dev bash -lc 'timeout -s ABRT --kill-after=60 1500     python3 -u /opt/DeepEP/tests/elastic/test_ep.py     --num-processes=8 --num-tokens=128     --hidden=7168 --num-topk=8 --num-experts=256     --num-sms=6 --allow-hybrid-mode=1     --prefer-overlap-with-compute=0 --test-first-only      '

==========
== CUDA ==
==========

CUDA Version 13.0.2

Container image Copyright (c) 2016-2023, NVIDIA CORPORATION & AFFILIATES. All rights reserved.

This container image and its contents are governed by the NVIDIA Deep Learning Container License.
By pulling and using the container, you accept the terms and conditions of this license:
https://developer.nvidia.com/ngc/nvidia-deep-learning-container-license

A copy of this license is made available in this container at /NGC-DL-CONTAINER-LICENSE for your convenience.

DeepEP hybrid kernel selection: unordered
DeepEP hybrid kernel selection: unordered
DeepEP hybrid kernel selection: unordered
DeepEP hybrid kernel selection: unordered
DeepEP hybrid kernel selection: unordered
DeepEP hybrid kernel selection: unordered
DeepEP hybrid kernel selection: unordered
DeepEP hybrid kernel selection: unordered
DeepEP hybrid kernel selection: unordered
DeepEP hybrid kernel selection: unordered
DeepEP hybrid kernel selection: unordered
DeepEP hybrid kernel selection: unordered
DeepEP hybrid kernel selection: unordered
DeepEP hybrid kernel selection: unordered
DeepEP hybrid kernel selection: unordered
DeepEP hybrid kernel selection: unordered
Config:
 > Ranks: 4 x 8
 > Experts: 8/256
 > Tokens: 104 (max: 128), hidden: 7168
 > #SM: 6, #QPs: 11/11

Running all test cases:
 > Testing with do_handle_copy=1, expert_alignment=128, use_fp8_dispatch=1, num_bias=0, with_previous_event=0, async_with_compute_stream=0, allocate_on_comm_stream=0 ...
USDT:2026-08-25 04:28:32 437:437 SyncActivityProfilerHandler.cpp:52] profiler_startUSDT:2026-08-25 04:28:32 439:439 SyncActivityProfilerHandler.cpp:52] profiler_startUSDT:2026-08-25 04:28:32 435:435 SyncActivityProfilerHandler.cpp:52] profiler_start


USDT:2026-08-25 04:28:32 438:438 SyncActivityProfilerHandler.cpp:52] profiler_startUSDT:2026-08-25 04:28:32 440:440 SyncActivityProfilerHandler.cpp:52] profiler_startUSDT:2026-08-25 04:28:32 434:434 SyncActivityProfilerHandler.cpp:52] profiler_start
USDT:2026-08-25 04:28:32 436:436 SyncActivityProfilerHandler.cpp:52] profiler_start


USDT:2026-08-25 04:28:32 441:441 SyncActivityProfilerHandler.cpp:52] profiler_start
USDT:2026-08-25 04:28:33 437:437 SyncActivityProfilerHandler.cpp:59] profiler_stopUSDT:2026-08-25 04:28:33 438:438 SyncActivityProfilerHandler.cpp:59] profiler_stopUSDT:2026-08-25 04:28:33 441:441 SyncActivityProfilerHandler.cpp:59] profiler_stopUSDT:2026-08-25 04:28:33 440:440 SyncActivityProfilerHandler.cpp:59] profiler_stop
USDT:2026-08-25 04:28:33 434:434 SyncActivityProfilerHandler.cpp:59] profiler_stop

USDT:2026-08-25 04:28:33 439:439 SyncActivityProfilerHandler.cpp:59] profiler_stop

USDT:2026-08-25 04:28:33 436:436 SyncActivityProfilerHandler.cpp:59] profiler_stop
USDT:2026-08-25 04:28:33 435:435 SyncActivityProfilerHandler.cpp:59] profiler_stop

   * EP:  29/32 | dispatch: 15 GB/s (SO), 32 GB/s (SU), 179.632 us, 5818176 bytes | copy: 886 GB/s, 13.128 us
   * EP:  27/32 | dispatch: 15 GB/s (SO), 35 GB/s (SU), 179.613 us, 6215040 bytes | copy: 1501 GB/s, 8.279 us
   * EP:  30/32 | dispatch: 15 GB/s (SO), 35 GB/s (SU), 179.652 us, 6342336 bytes | copy: 979 GB/s, 12.953 us
   * EP:  24/32 | dispatch: 16 GB/s (SO), 36 GB/s (SU), 179.492 us, 6424704 bytes | copy: 1800 GB/s, 7.137 us
   * EP:  26/32 | dispatch: 15 GB/s (SO), 35 GB/s (SU), 179.521 us, 6200064 bytes | copy: 1651 GB/s, 7.509 us
   * EP:  25/32 | dispatch: 16 GB/s (SO), 33 GB/s (SU), 179.605 us, 5863104 bytes | copy: 1592 GB/s, 7.364 us   * EP:  28/32 | dispatch: 15 GB/s (SO), 34 GB/s (SU), 179.624 us, 6177600 bytes | copy: 991 GB/s, 12.463 us

   * EP:  31/32 | dispatch: 15 GB/s (SO), 33 GB/s (SU), 179.638 us, 5923008 bytes | copy: 838 GB/s, 14.128 us
USDT:2026-08-25 04:28:33 438:438 SyncActivityProfilerHandler.cpp:52] profiler_startUSDT:2026-08-25 04:28:33 435:435 SyncActivityProfilerHandler.cpp:52] profiler_startUSDT:2026-08-25 04:28:33 440:440 SyncActivityProfilerHandler.cpp:52] profiler_startUSDT:2026-08-25 04:28:33 437:437 SyncActivityProfilerHandler.cpp:52] profiler_startUSDT:2026-08-25 04:28:33 441:441 SyncActivityProfilerHandler.cpp:52] profiler_start
USDT:2026-08-25 04:28:33 434:434 SyncActivityProfilerHandler.cpp:52] profiler_start

USDT:2026-08-25 04:28:33 439:439 SyncActivityProfilerHandler.cpp:52] profiler_start
USDT:2026-08-25 04:28:33 436:436 SyncActivityProfilerHandler.cpp:52] profiler_start



USDT:2026-08-25 04:28:33 441:441 SyncActivityProfilerHandler.cpp:59] profiler_stopUSDT:2026-08-25 04:28:33 436:436 SyncActivityProfilerHandler.cpp:59] profiler_stopUSDT:2026-08-25 04:28:33 435:435 SyncActivityProfilerHandler.cpp:59] profiler_stop
USDT:2026-08-25 04:28:33 437:437 SyncActivityProfilerHandler.cpp:59] profiler_stopUSDT:2026-08-25 04:28:33 438:438 SyncActivityProfilerHandler.cpp:59] profiler_stop
USDT:2026-08-25 04:28:33 439:439 SyncActivityProfilerHandler.cpp:59] profiler_stop

USDT:2026-08-25 04:28:33 434:434 SyncActivityProfilerHandler.cpp:59] profiler_stop
USDT:2026-08-25 04:28:33 440:440 SyncActivityProfilerHandler.cpp:59] profiler_stop


   - EP:  29/32 | expanded dispatch: 15 GB/s (SO), 32 GB/s (SU), 180.970 us, 5818176 bytes | copy: 834 GB/s, 16.046 us
   - EP:  25/32 | expanded dispatch: 15 GB/s (SO), 32 GB/s (SU), 180.889 us, 5863104 bytes | copy: 1614 GB/s, 8.257 us
   - EP:  27/32 | expanded dispatch: 15 GB/s (SO), 34 GB/s (SU), 181.081 us, 6215040 bytes | copy: 1557 GB/s, 10.021 us
   - EP:  24/32 | expanded dispatch: 16 GB/s (SO), 36 GB/s (SU), 180.740 us, 6424704 bytes | copy: 1786 GB/s, 7.874 us
   - EP:  30/32 | expanded dispatch: 14 GB/s (SO), 35 GB/s (SU), 180.994 us, 6342336 bytes | copy: 1067 GB/s, 13.985 us
   - EP:  31/32 | expanded dispatch: 15 GB/s (SO), 33 GB/s (SU), 181.066 us, 5923008 bytes | copy: 849 GB/s, 15.910 us
   - EP:  28/32 | expanded dispatch: 15 GB/s (SO), 34 GB/s (SU), 180.888 us, 6177600 bytes | copy: 918 GB/s, 15.088 us
   - EP:  26/32 | expanded dispatch: 15 GB/s (SO), 34 GB/s (SU), 180.905 us, 6200064 bytes | copy: 1528 GB/s, 9.602 us
USDT:2026-08-25 04:28:34 439:439 SyncActivityProfilerHandler.cpp:52] profiler_startUSDT:2026-08-25 04:28:34 435:435 SyncActivityProfilerHandler.cpp:52] profiler_startUSDT:2026-08-25 04:28:34 440:440 SyncActivityProfilerHandler.cpp:52] profiler_startUSDT:2026-08-25 04:28:34 441:441 SyncActivityProfilerHandler.cpp:52] profiler_startUSDT:2026-08-25 04:28:34 437:437 SyncActivityProfilerHandler.cpp:52] profiler_startUSDT:2026-08-25 04:28:34 438:438 SyncActivityProfilerHandler.cpp:52] profiler_start
USDT:2026-08-25 04:28:34 436:436 SyncActivityProfilerHandler.cpp:52] profiler_start

USDT:2026-08-25 04:28:34 434:434 SyncActivityProfilerHandler.cpp:52] profiler_start




USDT:2026-08-25 04:28:34 434:434 SyncActivityProfilerHandler.cpp:59] profiler_stopUSDT:2026-08-25 04:28:34 438:438 SyncActivityProfilerHandler.cpp:59] profiler_stopUSDT:2026-08-25 04:28:34 436:436 SyncActivityProfilerHandler.cpp:59] profiler_stopUSDT:2026-08-25 04:28:34 440:440 SyncActivityProfilerHandler.cpp:59] profiler_stop


USDT:2026-08-25 04:28:34 437:437 SyncActivityProfilerHandler.cpp:59] profiler_stop
USDT:2026-08-25 04:28:34 439:439 SyncActivityProfilerHandler.cpp:59] profiler_stop
USDT:2026-08-25 04:28:34 435:435 SyncActivityProfilerHandler.cpp:59] profiler_stop

USDT:2026-08-25 04:28:34 441:441 SyncActivityProfilerHandler.cpp:59] profiler_stop
   # EP:  24/32 | cached dispatch: 16 GB/s (SO), 36 GB/s (SU), 177.311 us, 6424704 bytes | copy: 1742 GB/s, 7.378 us
   # EP:  27/32 | cached dispatch: 15 GB/s (SO), 35 GB/s (SU), 177.621 us, 6215040 bytes | copy: 1437 GB/s, 8.652 us
   # EP:  26/32 | cached dispatch: 15 GB/s (SO), 35 GB/s (SU), 177.509 us, 6200064 bytes | copy: 1480 GB/s, 8.380 us
   # EP:  25/32 | cached dispatch: 16 GB/s (SO), 33 GB/s (SU), 177.500 us, 5863104 bytes | copy: 1482 GB/s, 7.914 us
   # EP:  28/32 | cached dispatch: 16 GB/s (SO), 35 GB/s (SU), 177.524 us, 6177600 bytes | copy: 881 GB/s, 14.030 us
   # EP:  29/32 | cached dispatch: 15 GB/s (SO), 33 GB/s (SU), 177.548 us, 5818176 bytes | copy: 795 GB/s, 14.638 us
   # EP:  30/32 | cached dispatch: 15 GB/s (SO), 36 GB/s (SU), 177.590 us, 6342336 bytes | copy: 946 GB/s, 13.415 us
   # EP:  31/32 | cached dispatch: 15 GB/s (SO), 33 GB/s (SU), 177.570 us, 5923008 bytes | copy: 819 GB/s, 14.468 us
USDT:2026-08-25 04:28:35 439:439 SyncActivityProfilerHandler.cpp:52] profiler_startUSDT:2026-08-25 04:28:35 440:440 SyncActivityProfilerHandler.cpp:52] profiler_startUSDT:2026-08-25 04:28:35 434:434 SyncActivityProfilerHandler.cpp:52] profiler_startUSDT:2026-08-25 04:28:35 436:436 SyncActivityProfilerHandler.cpp:52] profiler_startUSDT:2026-08-25 04:28:35 435:435 SyncActivityProfilerHandler.cpp:52] profiler_start
USDT:2026-08-25 04:28:35 441:441 SyncActivityProfilerHandler.cpp:52] profiler_start



USDT:2026-08-25 04:28:35 438:438 SyncActivityProfilerHandler.cpp:52] profiler_startUSDT:2026-08-25 04:28:35 437:437 SyncActivityProfilerHandler.cpp:52] profiler_start


USDT:2026-08-25 04:28:35 440:440 SyncActivityProfilerHandler.cpp:59] profiler_stopUSDT:2026-08-25 04:28:35 434:434 SyncActivityProfilerHandler.cpp:59] profiler_stopUSDT:2026-08-25 04:28:35 438:438 SyncActivityProfilerHandler.cpp:59] profiler_stopUSDT:2026-08-25 04:28:35 441:441 SyncActivityProfilerHandler.cpp:59] profiler_stopUSDT:2026-08-25 04:28:35 439:439 SyncActivityProfilerHandler.cpp:59] profiler_stop


USDT:2026-08-25 04:28:35 436:436 SyncActivityProfilerHandler.cpp:59] profiler_stop

USDT:2026-08-25 04:28:35 435:435 SyncActivityProfilerHandler.cpp:59] profiler_stop
USDT:2026-08-25 04:28:35 437:437 SyncActivityProfilerHandler.cpp:59] profiler_stop

   @ EP:  24/32 | combine: 18 GB/s (SO), 41 GB/s (SU), 297.770 us, 12327744 bytes | reduce: 946 GB/s, 7.291 us
   @ EP:  31/32 | combine: 18 GB/s (SO), 39 GB/s (SU), 291.115 us, 11365088 bytes | reduce: 958 GB/s, 6.823 us
   @ EP:  25/32 | combine: 18 GB/s (SO), 38 GB/s (SU), 295.173 us, 11250144 bytes | reduce: 943 GB/s, 7.239 us
   @ EP:  27/32 | combine: 17 GB/s (SO), 40 GB/s (SU), 299.250 us, 11925440 bytes | reduce: 948 GB/s, 7.045 us
   @ EP:  29/32 | combine: 18 GB/s (SO), 38 GB/s (SU), 293.522 us, 11163936 bytes | reduce: 920 GB/s, 7.155 us
   @ EP:  28/32 | combine: 18 GB/s (SO), 39 GB/s (SU), 300.694 us, 11853600 bytes | reduce: 938 GB/s, 7.168 us
   @ EP:  30/32 | combine: 17 GB/s (SO), 42 GB/s (SU), 290.551 us, 12169696 bytes | reduce: 916 GB/s, 6.997 us
   @ EP:  26/32 | combine: 18 GB/s (SO), 40 GB/s (SU), 296.250 us, 11896704 bytes | reduce: 952 GB/s, 7.077 us
USDT:2026-08-25 04:28:35 440:440 SyncActivityProfilerHandler.cpp:52] profiler_start
USDT:2026-08-25 04:28:35 441:441 SyncActivityProfilerHandler.cpp:52] profiler_startUSDT:2026-08-25 04:28:35 435:435 SyncActivityProfilerHandler.cpp:52] profiler_start
USDT:2026-08-25 04:28:35 439:439 SyncActivityProfilerHandler.cpp:52] profiler_startUSDT:2026-08-25 04:28:35 437:437 SyncActivityProfilerHandler.cpp:52] profiler_startUSDT:2026-08-25 04:28:35 436:436 SyncActivityProfilerHandler.cpp:52] profiler_start



USDT:2026-08-25 04:28:35 438:438 SyncActivityProfilerHandler.cpp:52] profiler_start
USDT:2026-08-25 04:28:35 434:434 SyncActivityProfilerHandler.cpp:52] profiler_start
USDT:2026-08-25 04:28:36 440:440 SyncActivityProfilerHandler.cpp:59] profiler_stopUSDT:2026-08-25 04:28:36 439:439 SyncActivityProfilerHandler.cpp:59] profiler_stopUSDT:2026-08-25 04:28:36 435:435 SyncActivityProfilerHandler.cpp:59] profiler_stop


USDT:2026-08-25 04:28:36 441:441 SyncActivityProfilerHandler.cpp:59] profiler_stopUSDT:2026-08-25 04:28:36 436:436 SyncActivityProfilerHandler.cpp:59] profiler_stop
USDT:2026-08-25 04:28:36 434:434 SyncActivityProfilerHandler.cpp:59] profiler_stopUSDT:2026-08-25 04:28:36 438:438 SyncActivityProfilerHandler.cpp:59] profiler_stop
USDT:2026-08-25 04:28:36 437:437 SyncActivityProfilerHandler.cpp:59] profiler_stop


   + EP:  29/32 | reduced combine: 17 GB/s (SO), 36 GB/s (SU), 308.968 us, 11163936 bytes | reduce: 879 GB/s, 7.484 us
   + EP:  25/32 | reduced combine: 17 GB/s (SO), 36 GB/s (SU), 313.271 us, 11250144 bytes | reduce: 924 GB/s, 7.390 us
   + EP:  31/32 | reduced combine: 17 GB/s (SO), 37 GB/s (SU), 308.196 us, 11365088 bytes | reduce: 962 GB/s, 6.793 us
   + EP:  24/32 | reduced combine: 17 GB/s (SO), 39 GB/s (SU), 316.547 us, 12327744 bytes | reduce: 914 GB/s, 7.547 us
   + EP:  26/32 | reduced combine: 17 GB/s (SO), 38 GB/s (SU), 313.537 us, 11896704 bytes | reduce: 951 GB/s, 7.085 us
   + EP:  27/32 | reduced combine: 17 GB/s (SO), 38 GB/s (SU), 314.606 us, 11925440 bytes | reduce: 947 GB/s, 7.057 us
   + EP:  30/32 | reduced combine: 16 GB/s (SO), 39 GB/s (SU), 310.617 us, 12169696 bytes | reduce: 891 GB/s, 7.196 us   + EP:  28/32 | reduced combine: 17 GB/s (SO), 37 GB/s (SU), 316.917 us, 11853600 bytes | reduce: 946 GB/s, 7.106 us



