=== EP_NIC_NAME=rdmap110s0 (auto, 200 Gb/s) ===
+ docker run --rm --gpus all --privileged --network=host --ipc=host --ulimit memlock=-1 --ulimit stack=67108864 --device=/dev/infiniband --device=/dev/gdrdrv -v /sys/class/infiniband:/sys/class/infiniband:ro -e MASTER_ADDR=172.31.20.74 -e MASTER_PORT=29674 -e WORLD_SIZE=2 -e RANK=0 -e NCCL_DEBUG=WARN -e EP_NIC_NAME=rdmap110s0 -e NCCL_GIN_TYPE=5 -e NCCL_SYM_GIN_KERNELS_ENABLE=0 -e PYTHONUNBUFFERED=1 -e PYTHONFAULTHANDLER=1 deepep-v2-efa-official:dev bash -lc 'timeout -s ABRT --kill-after=60 1500     python3 -u /opt/DeepEP/tests/elastic/test_ep.py     --num-processes=8 --num-tokens=8192     --hidden=7168 --num-topk=8 --num-experts=256     --num-sms=12 --allow-hybrid-mode=1     --prefer-overlap-with-compute=0 --test-first-only      --num-allocated-qps 5'

==========
== CUDA ==
==========

CUDA Version 13.0.2

Container image Copyright (c) 2016-2023, NVIDIA CORPORATION & AFFILIATES. All rights reserved.

This container image and its contents are governed by the NVIDIA Deep Learning Container License.
By pulling and using the container, you accept the terms and conditions of this license:
https://developer.nvidia.com/ngc/nvidia-deep-learning-container-license

A copy of this license is made available in this container at /NGC-DL-CONTAINER-LICENSE for your convenience.

NCCL version 2.31.2+cuda13.3
DeepEP hybrid kernel selection: unordered
DeepEP hybrid kernel selection: unordered
DeepEP hybrid kernel selection: unordered
DeepEP hybrid kernel selection: unordered
DeepEP hybrid kernel selection: unordered
DeepEP hybrid kernel selection: unordered
DeepEP hybrid kernel selection: unordered
DeepEP hybrid kernel selection: unordered
DeepEP hybrid kernel selection: unordered
DeepEP hybrid kernel selection: unordered
DeepEP hybrid kernel selection: unordered
DeepEP hybrid kernel selection: unordered
DeepEP hybrid kernel selection: unordered
DeepEP hybrid kernel selection: unordered
DeepEP hybrid kernel selection: unordered
DeepEP hybrid kernel selection: unordered
Config:
 > Ranks: 2 x 8
 > Experts: 8/256
 > Tokens: 8192 (max: 8192), hidden: 7168
 > #SM: 12, #QPs: 5/5

Running all test cases:
 > Testing with do_handle_copy=1, expert_alignment=128, use_fp8_dispatch=1, num_bias=0, with_previous_event=0, async_with_compute_stream=0, allocate_on_comm_stream=0 ...
USDT:2026-08-25 03:52:02 436:436 SyncActivityProfilerHandler.cpp:52] profiler_start
USDT:2026-08-25 03:52:02 433:433 SyncActivityProfilerHandler.cpp:52] profiler_startUSDT:2026-08-25 03:52:02 439:439 SyncActivityProfilerHandler.cpp:52] profiler_startUSDT:2026-08-25 03:52:02 437:437 SyncActivityProfilerHandler.cpp:52] profiler_startUSDT:2026-08-25 03:52:02 435:435 SyncActivityProfilerHandler.cpp:52] profiler_startUSDT:2026-08-25 03:52:02 440:440 SyncActivityProfilerHandler.cpp:52] profiler_start




USDT:2026-08-25 03:52:02 434:434 SyncActivityProfilerHandler.cpp:52] profiler_start
USDT:2026-08-25 03:52:02 438:438 SyncActivityProfilerHandler.cpp:52] profiler_start
USDT:2026-08-25 03:52:02 440:440 SyncActivityProfilerHandler.cpp:59] profiler_stopUSDT:2026-08-25 03:52:02 439:439 SyncActivityProfilerHandler.cpp:59] profiler_stopUSDT:2026-08-25 03:52:02 438:438 SyncActivityProfilerHandler.cpp:59] profiler_stopUSDT:2026-08-25 03:52:02 437:437 SyncActivityProfilerHandler.cpp:59] profiler_stop

USDT:2026-08-25 03:52:02 436:436 SyncActivityProfilerHandler.cpp:59] profiler_stop
USDT:2026-08-25 03:52:02 433:433 SyncActivityProfilerHandler.cpp:59] profiler_stopUSDT:2026-08-25 03:52:02 434:434 SyncActivityProfilerHandler.cpp:59] profiler_stop

USDT:2026-08-25 03:52:02 435:435 SyncActivityProfilerHandler.cpp:59] profiler_stop


   * EP:   7/16 | dispatch: 81 GB/s (SO), 265 GB/s (SU), 1508.000 us, 399252672 bytes | copy: 3253 GB/s, 245.460 us
   * EP:   3/16 | dispatch: 81 GB/s (SO), 264 GB/s (SU), 1508.000 us, 398309184 bytes | copy: 3197 GB/s, 249.195 us
   * EP:   1/16 | dispatch: 81 GB/s (SO), 266 GB/s (SU), 1508.000 us, 400900032 bytes | copy: 3256 GB/s, 246.230 us
   * EP:   6/16 | dispatch: 81 GB/s (SO), 264 GB/s (SU), 1508.000 us, 397642752 bytes | copy: 3310 GB/s, 240.295 us
   * EP:   5/16 | dispatch: 81 GB/s (SO), 265 GB/s (SU), 1508.000 us, 399821760 bytes | copy: 3220 GB/s, 248.348 us
   * EP:   4/16 | dispatch: 81 GB/s (SO), 267 GB/s (SU), 1508.000 us, 402360192 bytes | copy: 3280 GB/s, 245.372 us
   * EP:   2/16 | dispatch: 81 GB/s (SO), 265 GB/s (SU), 1508.000 us, 399155328 bytes | copy: 3250 GB/s, 245.651 us
   * EP:   0/16 | dispatch: 81 GB/s (SO), 263 GB/s (SU), 1508.000 us, 395942976 bytes | copy: 3285 GB/s, 241.088 us
USDT:2026-08-25 03:52:02 436:436 SyncActivityProfilerHandler.cpp:52] profiler_startUSDT:2026-08-25 03:52:02 439:439 SyncActivityProfilerHandler.cpp:52] profiler_startUSDT:2026-08-25 03:52:02 440:440 SyncActivityProfilerHandler.cpp:52] profiler_startUSDT:2026-08-25 03:52:02 435:435 SyncActivityProfilerHandler.cpp:52] profiler_start
USDT:2026-08-25 03:52:02 437:437 SyncActivityProfilerHandler.cpp:52] profiler_start


USDT:2026-08-25 03:52:02 438:438 SyncActivityProfilerHandler.cpp:52] profiler_start

USDT:2026-08-25 03:52:02 433:433 SyncActivityProfilerHandler.cpp:52] profiler_start
USDT:2026-08-25 03:52:02 434:434 SyncActivityProfilerHandler.cpp:52] profiler_start
USDT:2026-08-25 03:52:03 438:438 SyncActivityProfilerHandler.cpp:59] profiler_stopUSDT:2026-08-25 03:52:03 435:435 SyncActivityProfilerHandler.cpp:59] profiler_stopUSDT:2026-08-25 03:52:03 439:439 SyncActivityProfilerHandler.cpp:59] profiler_stopUSDT:2026-08-25 03:52:03 436:436 SyncActivityProfilerHandler.cpp:59] profiler_stop



USDT:2026-08-25 03:52:03 437:437 SyncActivityProfilerHandler.cpp:59] profiler_stop
USDT:2026-08-25 03:52:03 433:433 SyncActivityProfilerHandler.cpp:59] profiler_stop
USDT:2026-08-25 03:52:03 434:434 SyncActivityProfilerHandler.cpp:59] profiler_stop
USDT:2026-08-25 03:52:03 440:440 SyncActivityProfilerHandler.cpp:59] profiler_stop
   - EP:   3/16 | expanded dispatch: 81 GB/s (SO), 265 GB/s (SU), 1504.000 us, 398309184 bytes | copy: 2828 GB/s, 317.196 us
   - EP:   7/16 | expanded dispatch: 81 GB/s (SO), 265 GB/s (SU), 1504.000 us, 399252672 bytes | copy: 2828 GB/s, 316.146 us
   - EP:   5/16 | expanded dispatch: 81 GB/s (SO), 266 GB/s (SU), 1504.000 us, 399821760 bytes | copy: 2861 GB/s, 314.689 us
   - EP:   1/16 | expanded dispatch: 81 GB/s (SO), 267 GB/s (SU), 1504.000 us, 400900032 bytes | copy: 2880 GB/s, 312.151 us   - EP:   6/16 | expanded dispatch: 81 GB/s (SO), 264 GB/s (SU), 1505.000 us, 397642752 bytes | copy: 2838 GB/s, 314.952 us

   - EP:   2/16 | expanded dispatch: 81 GB/s (SO), 265 GB/s (SU), 1504.000 us, 399155328 bytes | copy: 2858 GB/s, 314.513 us
   - EP:   4/16 | expanded dispatch: 81 GB/s (SO), 267 GB/s (SU), 1505.000 us, 402360192 bytes | copy: 2812 GB/s, 322.196 us
   - EP:   0/16 | expanded dispatch: 81 GB/s (SO), 263 GB/s (SU), 1504.000 us, 395942976 bytes | copy: 2816 GB/s, 315.580 us
USDT:2026-08-25 03:52:03 434:434 SyncActivityProfilerHandler.cpp:52] profiler_startUSDT:2026-08-25 03:52:03 436:436 SyncActivityProfilerHandler.cpp:52] profiler_startUSDT:2026-08-25 03:52:03 435:435 SyncActivityProfilerHandler.cpp:52] profiler_start
USDT:2026-08-25 03:52:03 437:437 SyncActivityProfilerHandler.cpp:52] profiler_start
USDT:2026-08-25 03:52:03 439:439 SyncActivityProfilerHandler.cpp:52] profiler_startUSDT:2026-08-25 03:52:03 438:438 SyncActivityProfilerHandler.cpp:52] profiler_startUSDT:2026-08-25 03:52:03 440:440 SyncActivityProfilerHandler.cpp:52] profiler_start

USDT:2026-08-25 03:52:03 433:433 SyncActivityProfilerHandler.cpp:52] profiler_start



USDT:2026-08-25 03:52:04 435:435 SyncActivityProfilerHandler.cpp:59] profiler_stopUSDT:2026-08-25 03:52:04 433:433 SyncActivityProfilerHandler.cpp:59] profiler_stop

USDT:2026-08-25 03:52:04 439:439 SyncActivityProfilerHandler.cpp:59] profiler_stopUSDT:2026-08-25 03:52:04 438:438 SyncActivityProfilerHandler.cpp:59] profiler_stopUSDT:2026-08-25 03:52:04 437:437 SyncActivityProfilerHandler.cpp:59] profiler_stop


USDT:2026-08-25 03:52:04 440:440 SyncActivityProfilerHandler.cpp:59] profiler_stopUSDT:2026-08-25 03:52:04 436:436 SyncActivityProfilerHandler.cpp:59] profiler_stop
USDT:2026-08-25 03:52:04 434:434 SyncActivityProfilerHandler.cpp:59] profiler_stop

   # EP:   3/16 | cached dispatch: 70 GB/s (SO), 229 GB/s (SU), 1741.000 us, 398309184 bytes | copy: 3322 GB/s, 239.832 us
   # EP:   7/16 | cached dispatch: 70 GB/s (SO), 229 GB/s (SU), 1741.000 us, 399252672 bytes | copy: 3349 GB/s, 238.446 us
   # EP:   1/16 | cached dispatch: 70 GB/s (SO), 230 GB/s (SU), 1741.000 us, 400900032 bytes | copy: 3421 GB/s, 234.371 us
   # EP:   4/16 | cached dispatch: 70 GB/s (SO), 231 GB/s (SU), 1741.000 us, 402360192 bytes | copy: 3386 GB/s, 237.642 us
   # EP:   6/16 | cached dispatch: 70 GB/s (SO), 228 GB/s (SU), 1741.000 us, 397642752 bytes | copy: 3355 GB/s, 237.040 us
   # EP:   2/16 | cached dispatch: 70 GB/s (SO), 229 GB/s (SU), 1741.000 us, 399155328 bytes | copy: 3318 GB/s, 240.621 us
   # EP:   5/16 | cached dispatch: 70 GB/s (SO), 230 GB/s (SU), 1741.000 us, 399821760 bytes | copy: 3434 GB/s, 232.892 us
   # EP:   0/16 | cached dispatch: 70 GB/s (SO), 227 GB/s (SU), 1741.000 us, 395942976 bytes | copy: 3432 GB/s, 230.752 us
USDT:2026-08-25 03:52:04 437:437 SyncActivityProfilerHandler.cpp:52] profiler_startUSDT:2026-08-25 03:52:04 438:438 SyncActivityProfilerHandler.cpp:52] profiler_startUSDT:2026-08-25 03:52:04 433:433 SyncActivityProfilerHandler.cpp:52] profiler_start


USDT:2026-08-25 03:52:04 435:435 SyncActivityProfilerHandler.cpp:52] profiler_start
USDT:2026-08-25 03:52:04 439:439 SyncActivityProfilerHandler.cpp:52] profiler_start
USDT:2026-08-25 03:52:04 436:436 SyncActivityProfilerHandler.cpp:52] profiler_start
USDT:2026-08-25 03:52:04 434:434 SyncActivityProfilerHandler.cpp:52] profiler_start
USDT:2026-08-25 03:52:04 440:440 SyncActivityProfilerHandler.cpp:52] profiler_start
USDT:2026-08-25 03:52:05 437:437 SyncActivityProfilerHandler.cpp:59] profiler_stopUSDT:2026-08-25 03:52:05 438:438 SyncActivityProfilerHandler.cpp:59] profiler_stop

USDT:2026-08-25 03:52:05 433:433 SyncActivityProfilerHandler.cpp:59] profiler_stopUSDT:2026-08-25 03:52:05 436:436 SyncActivityProfilerHandler.cpp:59] profiler_stop

USDT:2026-08-25 03:52:05 435:435 SyncActivityProfilerHandler.cpp:59] profiler_stop
USDT:2026-08-25 03:52:05 439:439 SyncActivityProfilerHandler.cpp:59] profiler_stopUSDT:2026-08-25 03:52:05 434:434 SyncActivityProfilerHandler.cpp:59] profiler_stop

USDT:2026-08-25 03:52:05 440:440 SyncActivityProfilerHandler.cpp:59] profiler_stop
   @ EP:   5/16 | combine: 73 GB/s (SO), 239 GB/s (SU), 3206.000 us, 767179360 bytes | reduce: 3683 GB/s, 95.605 us
   @ EP:   4/16 | combine: 73 GB/s (SO), 241 GB/s (SU), 3207.000 us, 772050112 bytes | reduce: 3683 GB/s, 95.624 us
   @ EP:   6/16 | combine: 72 GB/s (SO), 234 GB/s (SU), 3259.000 us, 762998272 bytes | reduce: 3681 GB/s, 95.682 us
   @ EP:   2/16 | combine: 72 GB/s (SO), 237 GB/s (SU), 3238.000 us, 765900608 bytes | reduce: 3682 GB/s, 95.642 us
   @ EP:   0/16 | combine: 73 GB/s (SO), 236 GB/s (SU), 3219.000 us, 759736736 bytes | reduce: 3674 GB/s, 95.935 us
   @ EP:   3/16 | combine: 72 GB/s (SO), 236 GB/s (SU), 3240.000 us, 764277024 bytes | reduce: 3686 GB/s, 95.568 us
   @ EP:   1/16 | combine: 72 GB/s (SO), 237 GB/s (SU), 3239.000 us, 769248352 bytes | reduce: 3682 GB/s, 95.687 us
   @ EP:   7/16 | combine: 61 GB/s (SO), 198 GB/s (SU), 3863.000 us, 766087392 bytes | reduce: 3690 GB/s, 95.427 us
USDT:2026-08-25 03:52:05 440:440 SyncActivityProfilerHandler.cpp:52] profiler_start
USDT:2026-08-25 03:52:05 437:437 SyncActivityProfilerHandler.cpp:52] profiler_start
USDT:2026-08-25 03:52:05 438:438 SyncActivityProfilerHandler.cpp:52] profiler_startUSDT:2026-08-25 03:52:05 439:439 SyncActivityProfilerHandler.cpp:52] profiler_start

USDT:2026-08-25 03:52:05 436:436 SyncActivityProfilerHandler.cpp:52] profiler_startUSDT:2026-08-25 03:52:05 434:434 SyncActivityProfilerHandler.cpp:52] profiler_start
USDT:2026-08-25 03:52:05 433:433 SyncActivityProfilerHandler.cpp:52] profiler_start

USDT:2026-08-25 03:52:05 435:435 SyncActivityProfilerHandler.cpp:52] profiler_start
USDT:2026-08-25 03:52:06 440:440 SyncActivityProfilerHandler.cpp:59] profiler_stop
USDT:2026-08-25 03:52:06 437:437 SyncActivityProfilerHandler.cpp:59] profiler_stopUSDT:2026-08-25 03:52:06 439:439 SyncActivityProfilerHandler.cpp:59] profiler_stop
USDT:2026-08-25 03:52:06 435:435 SyncActivityProfilerHandler.cpp:59] profiler_stop

USDT:2026-08-25 03:52:06 438:438 SyncActivityProfilerHandler.cpp:59] profiler_stop
USDT:2026-08-25 03:52:06 434:434 SyncActivityProfilerHandler.cpp:59] profiler_stopUSDT:2026-08-25 03:52:06 433:433 SyncActivityProfilerHandler.cpp:59] profiler_stopUSDT:2026-08-25 03:52:06 436:436 SyncActivityProfilerHandler.cpp:59] profiler_stop


   + EP:   7/16 | reduced combine: 55 GB/s (SO), 178 GB/s (SU), 4299.000 us, 766087392 bytes | reduce: 3690 GB/s, 95.422 us
   + EP:   4/16 | reduced combine: 54 GB/s (SO), 177 GB/s (SU), 4372.000 us, 772050112 bytes | reduce: 3669 GB/s, 95.977 us
   + EP:   6/16 | reduced combine: 54 GB/s (SO), 174 GB/s (SU), 4383.000 us, 762998272 bytes | reduce: 3666 GB/s, 96.072 us
   + EP:   5/16 | reduced combine: 54 GB/s (SO), 176 GB/s (SU), 4369.000 us, 767179360 bytes | reduce: 3675 GB/s, 95.808 us
   + EP:   1/16 | reduced combine: 54 GB/s (SO), 176 GB/s (SU), 4373.000 us, 769248352 bytes | reduce: 3665 GB/s, 96.122 us
   + EP:   3/16 | reduced combine: 53 GB/s (SO), 174 GB/s (SU), 4391.000 us, 764277024 bytes | reduce: 3672 GB/s, 95.934 us
   + EP:   0/16 | reduced combine: 53 GB/s (SO), 173 GB/s (SU), 4392.000 us, 759736736 bytes | reduce: 3663 GB/s, 96.218 us
   + EP:   2/16 | reduced combine: 53 GB/s (SO), 174 GB/s (SU), 4393.000 us, 765900608 bytes | reduce: 3663 GB/s, 96.159 us


