=== EP_NIC_NAME=rdmap110s0 (auto, 200 Gb/s) ===
+ docker run --rm --gpus all --privileged --network=host --ipc=host --ulimit memlock=-1 --ulimit stack=67108864 --device=/dev/infiniband --device=/dev/gdrdrv -v /sys/class/infiniband:/sys/class/infiniband:ro -e MASTER_ADDR=172.31.20.74 -e MASTER_PORT=29716 -e WORLD_SIZE=4 -e RANK=1 -e NCCL_DEBUG=WARN -e EP_NIC_NAME=rdmap110s0 -e NCCL_GIN_TYPE=5 -e NCCL_SYM_GIN_KERNELS_ENABLE=0 -e PYTHONUNBUFFERED=1 -e PYTHONFAULTHANDLER=1 deepep-v2-efa-official:dev bash -lc 'timeout -s ABRT --kill-after=60 1500     python3 -u /opt/DeepEP/tests/elastic/test_ep.py     --num-processes=8 --num-tokens=8192     --hidden=7168 --num-topk=8 --num-experts=256     --num-sms=12 --allow-hybrid-mode=1     --prefer-overlap-with-compute=0 --test-first-only      '

==========
== CUDA ==
==========

CUDA Version 13.0.2

Container image Copyright (c) 2016-2023, NVIDIA CORPORATION & AFFILIATES. All rights reserved.

This container image and its contents are governed by the NVIDIA Deep Learning Container License.
By pulling and using the container, you accept the terms and conditions of this license:
https://developer.nvidia.com/ngc/nvidia-deep-learning-container-license

A copy of this license is made available in this container at /NGC-DL-CONTAINER-LICENSE for your convenience.

DeepEP hybrid kernel selection: unordered
DeepEP hybrid kernel selection: unordered
DeepEP hybrid kernel selection: unordered
DeepEP hybrid kernel selection: unordered
DeepEP hybrid kernel selection: unordered
DeepEP hybrid kernel selection: unordered
DeepEP hybrid kernel selection: unordered
DeepEP hybrid kernel selection: unordered
DeepEP hybrid kernel selection: unordered
DeepEP hybrid kernel selection: unordered
DeepEP hybrid kernel selection: unordered
DeepEP hybrid kernel selection: unordered
DeepEP hybrid kernel selection: unordered
DeepEP hybrid kernel selection: unordered
DeepEP hybrid kernel selection: unordered
DeepEP hybrid kernel selection: unordered
Config:
 > Ranks: 4 x 8
 > Experts: 8/256
 > Tokens: 8184 (max: 8192), hidden: 7168
 > #SM: 12, #QPs: 11/11

Running all test cases:
 > Testing with do_handle_copy=1, expert_alignment=128, use_fp8_dispatch=1, num_bias=0, with_previous_event=0, async_with_compute_stream=0, allocate_on_comm_stream=0 ...
USDT:2026-08-25 04:30:14 440:440 SyncActivityProfilerHandler.cpp:52] profiler_startUSDT:2026-08-25 04:30:14 436:436 SyncActivityProfilerHandler.cpp:52] profiler_startUSDT:2026-08-25 04:30:14 439:439 SyncActivityProfilerHandler.cpp:52] profiler_startUSDT:2026-08-25 04:30:14 441:441 SyncActivityProfilerHandler.cpp:52] profiler_startUSDT:2026-08-25 04:30:14 435:435 SyncActivityProfilerHandler.cpp:52] profiler_start

USDT:2026-08-25 04:30:14 438:438 SyncActivityProfilerHandler.cpp:52] profiler_startUSDT:2026-08-25 04:30:14 434:434 SyncActivityProfilerHandler.cpp:52] profiler_start
USDT:2026-08-25 04:30:14 437:437 SyncActivityProfilerHandler.cpp:52] profiler_start




USDT:2026-08-25 04:30:15 434:434 SyncActivityProfilerHandler.cpp:59] profiler_stopUSDT:2026-08-25 04:30:15 436:436 SyncActivityProfilerHandler.cpp:59] profiler_stopUSDT:2026-08-25 04:30:15 441:441 SyncActivityProfilerHandler.cpp:59] profiler_stopUSDT:2026-08-25 04:30:15 440:440 SyncActivityProfilerHandler.cpp:59] profiler_stopUSDT:2026-08-25 04:30:15 438:438 SyncActivityProfilerHandler.cpp:59] profiler_stopUSDT:2026-08-25 04:30:15 439:439 SyncActivityProfilerHandler.cpp:59] profiler_stop

USDT:2026-08-25 04:30:15 437:437 SyncActivityProfilerHandler.cpp:59] profiler_stop




USDT:2026-08-25 04:30:15 435:435 SyncActivityProfilerHandler.cpp:59] profiler_stop
   * EP:  10/32 | dispatch: 56 GB/s (SO), 112 GB/s (SU), 3966.000 us, 443776320 bytes | copy: 2799 GB/s, 317.111 us
   * EP:  15/32 | dispatch: 56 GB/s (SO), 112 GB/s (SU), 3966.000 us, 444629952 bytes | copy: 2651 GB/s, 335.429 us
   * EP:  14/32 | dispatch: 56 GB/s (SO), 112 GB/s (SU), 3966.000 us, 444255552 bytes | copy: 2676 GB/s, 331.974 us
   * EP:  13/32 | dispatch: 56 GB/s (SO), 112 GB/s (SU), 3966.000 us, 445513536 bytes | copy: 2777 GB/s, 320.885 us
   * EP:   9/32 | dispatch: 56 GB/s (SO), 112 GB/s (SU), 3966.000 us, 444158208 bytes | copy: 2830 GB/s, 313.931 us
   * EP:   8/32 | dispatch: 56 GB/s (SO), 112 GB/s (SU), 3965.000 us, 442668096 bytes | copy: 2944 GB/s, 300.733 us
   * EP:  11/32 | dispatch: 56 GB/s (SO), 112 GB/s (SU), 3966.000 us, 446112576 bytes | copy: 2734 GB/s, 326.403 us   * EP:  12/32 | dispatch: 56 GB/s (SO), 112 GB/s (SU), 3966.000 us, 445917888 bytes | copy: 2653 GB/s, 336.117 us

USDT:2026-08-25 04:30:15 434:434 SyncActivityProfilerHandler.cpp:52] profiler_startUSDT:2026-08-25 04:30:15 441:441 SyncActivityProfilerHandler.cpp:52] profiler_start
USDT:2026-08-25 04:30:15 436:436 SyncActivityProfilerHandler.cpp:52] profiler_startUSDT:2026-08-25 04:30:15 439:439 SyncActivityProfilerHandler.cpp:52] profiler_start
USDT:2026-08-25 04:30:15 440:440 SyncActivityProfilerHandler.cpp:52] profiler_startUSDT:2026-08-25 04:30:15 438:438 SyncActivityProfilerHandler.cpp:52] profiler_start


USDT:2026-08-25 04:30:15 435:435 SyncActivityProfilerHandler.cpp:52] profiler_start
USDT:2026-08-25 04:30:15 437:437 SyncActivityProfilerHandler.cpp:52] profiler_start

USDT:2026-08-25 04:30:16 436:436 SyncActivityProfilerHandler.cpp:59] profiler_stopUSDT:2026-08-25 04:30:16 441:441 SyncActivityProfilerHandler.cpp:59] profiler_stopUSDT:2026-08-25 04:30:16 434:434 SyncActivityProfilerHandler.cpp:59] profiler_stop

USDT:2026-08-25 04:30:16 440:440 SyncActivityProfilerHandler.cpp:59] profiler_stop
USDT:2026-08-25 04:30:16 439:439 SyncActivityProfilerHandler.cpp:59] profiler_stop

USDT:2026-08-25 04:30:16 438:438 SyncActivityProfilerHandler.cpp:59] profiler_stopUSDT:2026-08-25 04:30:16 435:435 SyncActivityProfilerHandler.cpp:59] profiler_stop

USDT:2026-08-25 04:30:16 437:437 SyncActivityProfilerHandler.cpp:59] profiler_stop
   - EP:  10/32 | expanded dispatch: 56 GB/s (SO), 112 GB/s (SU), 3957.000 us, 443776320 bytes | copy: 2529 GB/s, 370.754 us
   - EP:  13/32 | expanded dispatch: 56 GB/s (SO), 113 GB/s (SU), 3958.000 us, 445513536 bytes | copy: 2556 GB/s, 368.637 us
   - EP:  14/32 | expanded dispatch: 56 GB/s (SO), 112 GB/s (SU), 3957.000 us, 444255552 bytes | copy: 2589 GB/s, 362.464 us
   - EP:  15/32 | expanded dispatch: 56 GB/s (SO), 112 GB/s (SU), 3958.000 us, 444629952 bytes | copy: 2497 GB/s, 376.586 us
   - EP:   8/32 | expanded dispatch: 56 GB/s (SO), 112 GB/s (SU), 3957.000 us, 442668096 bytes | copy: 2603 GB/s, 359.827 us
   - EP:  12/32 | expanded dispatch: 56 GB/s (SO), 113 GB/s (SU), 3957.000 us, 445917888 bytes | copy: 2570 GB/s, 366.479 us
   - EP:   9/32 | expanded dispatch: 56 GB/s (SO), 112 GB/s (SU), 3958.000 us, 444158208 bytes | copy: 2594 GB/s, 362.034 us
   - EP:  11/32 | expanded dispatch: 56 GB/s (SO), 113 GB/s (SU), 3957.000 us, 446112576 bytes | copy: 2509 GB/s, 375.287 us
USDT:2026-08-25 04:30:16 441:441 SyncActivityProfilerHandler.cpp:52] profiler_startUSDT:2026-08-25 04:30:16 436:436 SyncActivityProfilerHandler.cpp:52] profiler_startUSDT:2026-08-25 04:30:16 434:434 SyncActivityProfilerHandler.cpp:52] profiler_startUSDT:2026-08-25 04:30:16 439:439 SyncActivityProfilerHandler.cpp:52] profiler_startUSDT:2026-08-25 04:30:16 437:437 SyncActivityProfilerHandler.cpp:52] profiler_start




USDT:2026-08-25 04:30:16 438:438 SyncActivityProfilerHandler.cpp:52] profiler_startUSDT:2026-08-25 04:30:16 440:440 SyncActivityProfilerHandler.cpp:52] profiler_start

USDT:2026-08-25 04:30:16 435:435 SyncActivityProfilerHandler.cpp:52] profiler_start
USDT:2026-08-25 04:30:17 434:434 SyncActivityProfilerHandler.cpp:59] profiler_stop
USDT:2026-08-25 04:30:17 438:438 SyncActivityProfilerHandler.cpp:59] profiler_stopUSDT:2026-08-25 04:30:17 441:441 SyncActivityProfilerHandler.cpp:59] profiler_stopUSDT:2026-08-25 04:30:17 436:436 SyncActivityProfilerHandler.cpp:59] profiler_stop

USDT:2026-08-25 04:30:17 440:440 SyncActivityProfilerHandler.cpp:59] profiler_stop

USDT:2026-08-25 04:30:17 437:437 SyncActivityProfilerHandler.cpp:59] profiler_stop
USDT:2026-08-25 04:30:17 439:439 SyncActivityProfilerHandler.cpp:59] profiler_stop
USDT:2026-08-25 04:30:17 435:435 SyncActivityProfilerHandler.cpp:59] profiler_stop
   # EP:   8/32 | cached dispatch: 52 GB/s (SO), 103 GB/s (SU), 4279.000 us, 442668096 bytes | copy: 2706 GB/s, 327.117 us
   # EP:  12/32 | cached dispatch: 52 GB/s (SO), 104 GB/s (SU), 4279.000 us, 445917888 bytes | copy: 2310 GB/s, 386.012 us
   # EP:   9/32 | cached dispatch: 52 GB/s (SO), 104 GB/s (SU), 4279.000 us, 444158208 bytes | copy: 2721 GB/s, 326.507 us
   # EP:  14/32 | cached dispatch: 52 GB/s (SO), 104 GB/s (SU), 4279.000 us, 444255552 bytes | copy: 2239 GB/s, 396.835 us
   # EP:  15/32 | cached dispatch: 52 GB/s (SO), 104 GB/s (SU), 4279.000 us, 444629952 bytes | copy: 2582 GB/s, 344.462 us
   # EP:  10/32 | cached dispatch: 52 GB/s (SO), 104 GB/s (SU), 4279.000 us, 443776320 bytes | copy: 2227 GB/s, 398.523 us
   # EP:  13/32 | cached dispatch: 52 GB/s (SO), 104 GB/s (SU), 4279.000 us, 445513536 bytes | copy: 2528 GB/s, 352.401 us
   # EP:  11/32 | cached dispatch: 52 GB/s (SO), 104 GB/s (SU), 4279.000 us, 446112576 bytes | copy: 2430 GB/s, 367.177 us
USDT:2026-08-25 04:30:18 441:441 SyncActivityProfilerHandler.cpp:52] profiler_start
USDT:2026-08-25 04:30:18 435:435 SyncActivityProfilerHandler.cpp:52] profiler_start
USDT:2026-08-25 04:30:18 438:438 SyncActivityProfilerHandler.cpp:52] profiler_start
USDT:2026-08-25 04:30:18 440:440 SyncActivityProfilerHandler.cpp:52] profiler_start
USDT:2026-08-25 04:30:18 437:437 SyncActivityProfilerHandler.cpp:52] profiler_start
USDT:2026-08-25 04:30:18 436:436 SyncActivityProfilerHandler.cpp:52] profiler_start
USDT:2026-08-25 04:30:18 439:439 SyncActivityProfilerHandler.cpp:52] profiler_start
USDT:2026-08-25 04:30:18 434:434 SyncActivityProfilerHandler.cpp:52] profiler_start
USDT:2026-08-25 04:30:18 441:441 SyncActivityProfilerHandler.cpp:59] profiler_stop
USDT:2026-08-25 04:30:18 438:438 SyncActivityProfilerHandler.cpp:59] profiler_stop
USDT:2026-08-25 04:30:18 436:436 SyncActivityProfilerHandler.cpp:59] profiler_stop
USDT:2026-08-25 04:30:18 437:437 SyncActivityProfilerHandler.cpp:59] profiler_stopUSDT:2026-08-25 04:30:18 440:440 SyncActivityProfilerHandler.cpp:59] profiler_stop

USDT:2026-08-25 04:30:18 439:439 SyncActivityProfilerHandler.cpp:59] profiler_stop
USDT:2026-08-25 04:30:18 435:435 SyncActivityProfilerHandler.cpp:59] profiler_stop
USDT:2026-08-25 04:30:18 434:434 SyncActivityProfilerHandler.cpp:59] profiler_stop
   @ EP:  12/32 | combine: 57 GB/s (SO), 114 GB/s (SU), 7483.000 us, 855628768 bytes | reduce: 3613 GB/s, 150.383 us
   @ EP:  15/32 | combine: 57 GB/s (SO), 114 GB/s (SU), 7454.000 us, 853157472 bytes | reduce: 3608 GB/s, 149.985 us
   @ EP:  14/32 | combine: 57 GB/s (SO), 114 GB/s (SU), 7500.000 us, 852439072 bytes | reduce: 3609 GB/s, 150.411 us
   @ EP:   8/32 | combine: 55 GB/s (SO), 109 GB/s (SU), 7792.000 us, 849393056 bytes | reduce: 3570 GB/s, 152.084 us   @ EP:  10/32 | combine: 57 GB/s (SO), 114 GB/s (SU), 7475.000 us, 851519520 bytes | reduce: 3609 GB/s, 150.212 us

   @ EP:  11/32 | combine: 56 GB/s (SO), 114 GB/s (SU), 7528.000 us, 856002336 bytes | reduce: 3596 GB/s, 150.660 us
   @ EP:  13/32 | combine: 56 GB/s (SO), 113 GB/s (SU), 7550.000 us, 854852896 bytes | reduce: 3618 GB/s, 150.281 us
   @ EP:   9/32 | combine: 57 GB/s (SO), 113 GB/s (SU), 7512.000 us, 852252288 bytes | reduce: 3618 GB/s, 149.978 us
USDT:2026-08-25 04:30:19 438:438 SyncActivityProfilerHandler.cpp:52] profiler_start
USDT:2026-08-25 04:30:19 435:435 SyncActivityProfilerHandler.cpp:52] profiler_start
USDT:2026-08-25 04:30:19 436:436 SyncActivityProfilerHandler.cpp:52] profiler_start
USDT:2026-08-25 04:30:19 434:434 SyncActivityProfilerHandler.cpp:52] profiler_start
USDT:2026-08-25 04:30:19 441:441 SyncActivityProfilerHandler.cpp:52] profiler_start
USDT:2026-08-25 04:30:19 439:439 SyncActivityProfilerHandler.cpp:52] profiler_start
USDT:2026-08-25 04:30:19 437:437 SyncActivityProfilerHandler.cpp:52] profiler_start
USDT:2026-08-25 04:30:19 440:440 SyncActivityProfilerHandler.cpp:52] profiler_start
USDT:2026-08-25 04:30:20 441:441 SyncActivityProfilerHandler.cpp:59] profiler_stop
USDT:2026-08-25 04:30:20 435:435 SyncActivityProfilerHandler.cpp:59] profiler_stopUSDT:2026-08-25 04:30:20 436:436 SyncActivityProfilerHandler.cpp:59] profiler_stop

USDT:2026-08-25 04:30:20 438:438 SyncActivityProfilerHandler.cpp:59] profiler_stop
USDT:2026-08-25 04:30:20 439:439 SyncActivityProfilerHandler.cpp:59] profiler_stop
USDT:2026-08-25 04:30:20 434:434 SyncActivityProfilerHandler.cpp:59] profiler_stop
USDT:2026-08-25 04:30:20 440:440 SyncActivityProfilerHandler.cpp:59] profiler_stop
USDT:2026-08-25 04:30:20 437:437 SyncActivityProfilerHandler.cpp:59] profiler_stop
   + EP:  15/32 | reduced combine: 57 GB/s (SO), 114 GB/s (SU), 7462.000 us, 853157472 bytes | reduce: 3604 GB/s, 150.153 us
   + EP:  10/32 | reduced combine: 57 GB/s (SO), 114 GB/s (SU), 7488.000 us, 851519520 bytes | reduce: 3596 GB/s, 150.761 us
   + EP:  13/32 | reduced combine: 55 GB/s (SO), 111 GB/s (SU), 7691.000 us, 854852896 bytes | reduce: 3614 GB/s, 150.466 us
   + EP:   8/32 | reduced combine: 55 GB/s (SO), 111 GB/s (SU), 7684.000 us, 849393056 bytes | reduce: 3614 GB/s, 150.233 us
   + EP:  12/32 | reduced combine: 57 GB/s (SO), 114 GB/s (SU), 7501.000 us, 855628768 bytes | reduce: 3612 GB/s, 150.420 us
   + EP:  14/32 | reduced combine: 55 GB/s (SO), 109 GB/s (SU), 7785.000 us, 852439072 bytes | reduce: 3618 GB/s, 150.007 us
   + EP:  11/32 | reduced combine: 54 GB/s (SO), 110 GB/s (SU), 7787.000 us, 856002336 bytes | reduce: 3596 GB/s, 150.647 us
   + EP:   9/32 | reduced combine: 57 GB/s (SO), 114 GB/s (SU), 7452.000 us, 852252288 bytes | reduce: 3615 GB/s, 150.092 us


