=== EP_NIC_NAME=rdmap110s0 (auto, 200 Gb/s) ===
+ docker run --rm --gpus all --privileged --network=host --ipc=host --ulimit memlock=-1 --ulimit stack=67108864 --device=/dev/infiniband --device=/dev/gdrdrv -v /sys/class/infiniband:/sys/class/infiniband:ro -e MASTER_ADDR=172.31.20.74 -e MASTER_PORT=29613 -e WORLD_SIZE=4 -e RANK=0 -e NCCL_DEBUG=WARN -e EP_NIC_NAME=rdmap110s0 -e PYTHONUNBUFFERED=1 -e PYTHONFAULTHANDLER=1 deepep-v2-efa-official:dev bash -lc 'timeout -s ABRT --kill-after=60 1500     python3 -u /opt/DeepEP/tests/elastic/test_ep.py     --num-processes=8 --num-tokens=128     --hidden=7168 --num-topk=8 --num-experts=256     --num-sms=12 --allow-hybrid-mode=1     --prefer-overlap-with-compute=0 --test-first-only      '

==========
== CUDA ==
==========

CUDA Version 13.0.2

Container image Copyright (c) 2016-2023, NVIDIA CORPORATION & AFFILIATES. All rights reserved.

This container image and its contents are governed by the NVIDIA Deep Learning Container License.
By pulling and using the container, you accept the terms and conditions of this license:
https://developer.nvidia.com/ngc/nvidia-deep-learning-container-license

A copy of this license is made available in this container at /NGC-DL-CONTAINER-LICENSE for your convenience.

NCCL version 2.31.2+cuda13.3
DeepEP hybrid kernel selection: unordered
DeepEP hybrid kernel selection: unordered
DeepEP hybrid kernel selection: unordered
DeepEP hybrid kernel selection: unordered
DeepEP hybrid kernel selection: unordered
DeepEP hybrid kernel selection: unordered
DeepEP hybrid kernel selection: unordered
DeepEP hybrid kernel selection: unordered
DeepEP hybrid kernel selection: unordered
DeepEP hybrid kernel selection: unordered
DeepEP hybrid kernel selection: unordered
DeepEP hybrid kernel selection: unordered
DeepEP hybrid kernel selection: unordered
DeepEP hybrid kernel selection: unordered
DeepEP hybrid kernel selection: unordered
DeepEP hybrid kernel selection: unordered
Config:
 > Ranks: 4 x 8
 > Experts: 8/256
 > Tokens: 128 (max: 128), hidden: 7168
 > #SM: 12, #QPs: 11/11

Running all test cases:
 > Testing with do_handle_copy=1, expert_alignment=128, use_fp8_dispatch=1, num_bias=0, with_previous_event=0, async_with_compute_stream=0, allocate_on_comm_stream=0 ...
USDT:2026-08-25 03:07:58 435:435 SyncActivityProfilerHandler.cpp:52] profiler_startUSDT:2026-08-25 03:07:58 439:439 SyncActivityProfilerHandler.cpp:52] profiler_startUSDT:2026-08-25 03:07:58 440:440 SyncActivityProfilerHandler.cpp:52] profiler_startUSDT:2026-08-25 03:07:58 438:438 SyncActivityProfilerHandler.cpp:52] profiler_start



USDT:2026-08-25 03:07:58 436:436 SyncActivityProfilerHandler.cpp:52] profiler_start
USDT:2026-08-25 03:07:58 437:437 SyncActivityProfilerHandler.cpp:52] profiler_start
USDT:2026-08-25 03:07:58 434:434 SyncActivityProfilerHandler.cpp:52] profiler_start
USDT:2026-08-25 03:07:58 433:433 SyncActivityProfilerHandler.cpp:52] profiler_start
USDT:2026-08-25 03:07:58 436:436 SyncActivityProfilerHandler.cpp:59] profiler_stopUSDT:2026-08-25 03:07:58 439:439 SyncActivityProfilerHandler.cpp:59] profiler_stopUSDT:2026-08-25 03:07:58 435:435 SyncActivityProfilerHandler.cpp:59] profiler_stop

USDT:2026-08-25 03:07:58 437:437 SyncActivityProfilerHandler.cpp:59] profiler_stop

USDT:2026-08-25 03:07:58 438:438 SyncActivityProfilerHandler.cpp:59] profiler_stop
USDT:2026-08-25 03:07:58 434:434 SyncActivityProfilerHandler.cpp:59] profiler_stopUSDT:2026-08-25 03:07:58 433:433 SyncActivityProfilerHandler.cpp:59] profiler_stop

USDT:2026-08-25 03:07:58 440:440 SyncActivityProfilerHandler.cpp:59] profiler_stop
   * EP:   2/32 | dispatch: 4 GB/s (SO), 6 GB/s (SU), 965.983 us, 5952960 bytes | copy: 52 GB/s, 228.788 us
   * EP:   5/32 | dispatch: 3 GB/s (SO), 6 GB/s (SU), 965.851 us, 6200064 bytes | copy: 520 GB/s, 23.860 us
   * EP:   6/32 | dispatch: 3 GB/s (SO), 6 GB/s (SU), 965.845 us, 6020352 bytes | copy: 105 GB/s, 114.209 us
   * EP:   7/32 | dispatch: 3 GB/s (SO), 6 GB/s (SU), 965.947 us, 5803200 bytes | copy: 51 GB/s, 225.800 us
   * EP:   4/32 | dispatch: 4 GB/s (SO), 6 GB/s (SU), 965.762 us, 6252480 bytes | copy: 754 GB/s, 16.574 us
   * EP:   3/32 | dispatch: 3 GB/s (SO), 6 GB/s (SU), 966.065 us, 6207552 bytes | copy: 55 GB/s, 227.665 us
   * EP:   0/32 | dispatch: 4 GB/s (SO), 6 GB/s (SU), 965.721 us, 5863104 bytes | copy: 780 GB/s, 15.039 us
   * EP:   1/32 | dispatch: 4 GB/s (SO), 6 GB/s (SU), 965.867 us, 6042816 bytes | copy: 52 GB/s, 232.657 us
USDT:2026-08-25 03:07:59 435:435 SyncActivityProfilerHandler.cpp:52] profiler_startUSDT:2026-08-25 03:07:59 439:439 SyncActivityProfilerHandler.cpp:52] profiler_start

USDT:2026-08-25 03:07:59 436:436 SyncActivityProfilerHandler.cpp:52] profiler_start
USDT:2026-08-25 03:07:59 437:437 SyncActivityProfilerHandler.cpp:52] profiler_start
USDT:2026-08-25 03:07:59 433:433 SyncActivityProfilerHandler.cpp:52] profiler_startUSDT:2026-08-25 03:07:59 438:438 SyncActivityProfilerHandler.cpp:52] profiler_startUSDT:2026-08-25 03:07:59 434:434 SyncActivityProfilerHandler.cpp:52] profiler_startUSDT:2026-08-25 03:07:59 440:440 SyncActivityProfilerHandler.cpp:52] profiler_start



USDT:2026-08-25 03:07:59 436:436 SyncActivityProfilerHandler.cpp:59] profiler_stop
USDT:2026-08-25 03:07:59 437:437 SyncActivityProfilerHandler.cpp:59] profiler_stop
USDT:2026-08-25 03:07:59 435:435 SyncActivityProfilerHandler.cpp:59] profiler_stop
USDT:2026-08-25 03:07:59 439:439 SyncActivityProfilerHandler.cpp:59] profiler_stop
USDT:2026-08-25 03:07:59 440:440 SyncActivityProfilerHandler.cpp:59] profiler_stopUSDT:2026-08-25 03:07:59 433:433 SyncActivityProfilerHandler.cpp:59] profiler_stopUSDT:2026-08-25 03:07:59 434:434 SyncActivityProfilerHandler.cpp:59] profiler_stop


USDT:2026-08-25 03:07:59 438:438 SyncActivityProfilerHandler.cpp:59] profiler_stop
   - EP:   2/32 | expanded dispatch: 4 GB/s (SO), 6 GB/s (SU), 964.346 us, 5952960 bytes | copy: 58 GB/s, 233.760 us
   - EP:   5/32 | expanded dispatch: 3 GB/s (SO), 6 GB/s (SU), 964.160 us, 6200064 bytes | copy: 802 GB/s, 18.267 us
   - EP:   6/32 | expanded dispatch: 3 GB/s (SO), 6 GB/s (SU), 964.331 us, 6020352 bytes | copy: 347 GB/s, 39.281 us
   - EP:   4/32 | expanded dispatch: 4 GB/s (SO), 6 GB/s (SU), 964.278 us, 6252480 bytes | copy: 625 GB/s, 23.724 us
   - EP:   0/32 | expanded dispatch: 4 GB/s (SO), 6 GB/s (SU), 964.099 us, 5863104 bytes | copy: 706 GB/s, 19.001 us
   - EP:   7/32 | expanded dispatch: 3 GB/s (SO), 6 GB/s (SU), 964.240 us, 5803200 bytes | copy: 59 GB/s, 225.287 us
   - EP:   3/32 | expanded dispatch: 3 GB/s (SO), 6 GB/s (SU), 964.420 us, 6207552 bytes | copy: 59 GB/s, 236.108 us
   - EP:   1/32 | expanded dispatch: 4 GB/s (SO), 6 GB/s (SU), 964.262 us, 6042816 bytes | copy: 57 GB/s, 239.401 us
USDT:2026-08-25 03:08:00 436:436 SyncActivityProfilerHandler.cpp:52] profiler_startUSDT:2026-08-25 03:08:00 439:439 SyncActivityProfilerHandler.cpp:52] profiler_startUSDT:2026-08-25 03:08:00 435:435 SyncActivityProfilerHandler.cpp:52] profiler_startUSDT:2026-08-25 03:08:00 437:437 SyncActivityProfilerHandler.cpp:52] profiler_start



USDT:2026-08-25 03:08:00 433:433 SyncActivityProfilerHandler.cpp:52] profiler_startUSDT:2026-08-25 03:08:00 438:438 SyncActivityProfilerHandler.cpp:52] profiler_startUSDT:2026-08-25 03:08:00 440:440 SyncActivityProfilerHandler.cpp:52] profiler_startUSDT:2026-08-25 03:08:00 434:434 SyncActivityProfilerHandler.cpp:52] profiler_start



USDT:2026-08-25 03:08:00 437:437 SyncActivityProfilerHandler.cpp:59] profiler_stopUSDT:2026-08-25 03:08:00 439:439 SyncActivityProfilerHandler.cpp:59] profiler_stopUSDT:2026-08-25 03:08:00 436:436 SyncActivityProfilerHandler.cpp:59] profiler_stop


USDT:2026-08-25 03:08:00 440:440 SyncActivityProfilerHandler.cpp:59] profiler_stopUSDT:2026-08-25 03:08:00 434:434 SyncActivityProfilerHandler.cpp:59] profiler_stop

USDT:2026-08-25 03:08:00 433:433 SyncActivityProfilerHandler.cpp:59] profiler_stop
USDT:2026-08-25 03:08:00 435:435 SyncActivityProfilerHandler.cpp:59] profiler_stop
USDT:2026-08-25 03:08:00 438:438 SyncActivityProfilerHandler.cpp:59] profiler_stop
   # EP:   3/32 | cached dispatch: 4 GB/s (SO), 6 GB/s (SU), 959.620 us, 6207552 bytes | copy: 53 GB/s, 234.514 us
   # EP:   6/32 | cached dispatch: 3 GB/s (SO), 6 GB/s (SU), 959.227 us, 6020352 bytes | copy: 220 GB/s, 54.763 us
   # EP:   4/32 | cached dispatch: 4 GB/s (SO), 7 GB/s (SU), 959.300 us, 6252480 bytes | copy: 489 GB/s, 25.548 us
   # EP:   2/32 | cached dispatch: 4 GB/s (SO), 6 GB/s (SU), 959.425 us, 5952960 bytes | copy: 51 GB/s, 231.225 us
   # EP:   7/32 | cached dispatch: 3 GB/s (SO), 6 GB/s (SU), 959.293 us, 5803200 bytes | copy: 50 GB/s, 230.191 us   # EP:   0/32 | cached dispatch: 4 GB/s (SO), 6 GB/s (SU), 959.108 us, 5863104 bytes | copy: 768 GB/s, 15.270 us

   # EP:   1/32 | cached dispatch: 4 GB/s (SO), 6 GB/s (SU), 959.400 us, 6042816 bytes | copy: 51 GB/s, 238.660 us
   # EP:   5/32 | cached dispatch: 3 GB/s (SO), 6 GB/s (SU), 959.431 us, 6200064 bytes | copy: 401 GB/s, 30.923 us
USDT:2026-08-25 03:08:00 436:436 SyncActivityProfilerHandler.cpp:52] profiler_startUSDT:2026-08-25 03:08:00 435:435 SyncActivityProfilerHandler.cpp:52] profiler_start

USDT:2026-08-25 03:08:00 434:434 SyncActivityProfilerHandler.cpp:52] profiler_start
USDT:2026-08-25 03:08:00 440:440 SyncActivityProfilerHandler.cpp:52] profiler_start
USDT:2026-08-25 03:08:00 439:439 SyncActivityProfilerHandler.cpp:52] profiler_startUSDT:2026-08-25 03:08:00 437:437 SyncActivityProfilerHandler.cpp:52] profiler_startUSDT:2026-08-25 03:08:00 438:438 SyncActivityProfilerHandler.cpp:52] profiler_start


USDT:2026-08-25 03:08:00 433:433 SyncActivityProfilerHandler.cpp:52] profiler_start
USDT:2026-08-25 03:08:01 435:435 SyncActivityProfilerHandler.cpp:59] profiler_stop
USDT:2026-08-25 03:08:01 436:436 SyncActivityProfilerHandler.cpp:59] profiler_stop
USDT:2026-08-25 03:08:01 434:434 SyncActivityProfilerHandler.cpp:59] profiler_stop
USDT:2026-08-25 03:08:01 437:437 SyncActivityProfilerHandler.cpp:59] profiler_stop
USDT:2026-08-25 03:08:01 438:438 SyncActivityProfilerHandler.cpp:59] profiler_stop
USDT:2026-08-25 03:08:01 433:433 SyncActivityProfilerHandler.cpp:59] profiler_stop
USDT:2026-08-25 03:08:01 439:439 SyncActivityProfilerHandler.cpp:59] profiler_stop
USDT:2026-08-25 03:08:01 440:440 SyncActivityProfilerHandler.cpp:59] profiler_stop
   @ EP:   2/32 | combine: 22 GB/s (SO), 37 GB/s (SU), 307.495 us, 11422560 bytes | reduce: 1108 GB/s, 7.663 us
   @ EP:   3/32 | combine: 21 GB/s (SO), 38 GB/s (SU), 310.876 us, 11911072 bytes | reduce: 1136 GB/s, 7.258 us
   @ EP:   4/32 | combine: 17 GB/s (SO), 32 GB/s (SU), 377.110 us, 11997280 bytes | reduce: 1133 GB/s, 7.317 us
   @ EP:   6/32 | combine: 17 GB/s (SO), 30 GB/s (SU), 378.808 us, 11551872 bytes | reduce: 1103 GB/s, 7.372 us
   @ EP:   1/32 | combine: 21 GB/s (SO), 37 GB/s (SU), 310.291 us, 11594976 bytes | reduce: 1207 GB/s, 6.973 us
   @ EP:   0/32 | combine: 18 GB/s (SO), 30 GB/s (SU), 373.574 us, 11250144 bytes | reduce: 1130 GB/s, 7.588 us
   @ EP:   5/32 | combine: 17 GB/s (SO), 31 GB/s (SU), 379.969 us, 11896704 bytes | reduce: 1089 GB/s, 7.509 us
   @ EP:   7/32 | combine: 20 GB/s (SO), 35 GB/s (SU), 316.095 us, 11135200 bytes | reduce: 1111 GB/s, 7.281 us
USDT:2026-08-25 03:08:01 436:436 SyncActivityProfilerHandler.cpp:52] profiler_start
USDT:2026-08-25 03:08:01 440:440 SyncActivityProfilerHandler.cpp:52] profiler_startUSDT:2026-08-25 03:08:01 435:435 SyncActivityProfilerHandler.cpp:52] profiler_start

USDT:2026-08-25 03:08:01 434:434 SyncActivityProfilerHandler.cpp:52] profiler_start
USDT:2026-08-25 03:08:01 438:438 SyncActivityProfilerHandler.cpp:52] profiler_startUSDT:2026-08-25 03:08:01 437:437 SyncActivityProfilerHandler.cpp:52] profiler_start

USDT:2026-08-25 03:08:01 433:433 SyncActivityProfilerHandler.cpp:52] profiler_start
USDT:2026-08-25 03:08:01 439:439 SyncActivityProfilerHandler.cpp:52] profiler_start
USDT:2026-08-25 03:08:01 436:436 SyncActivityProfilerHandler.cpp:59] profiler_stop
USDT:2026-08-25 03:08:01 440:440 SyncActivityProfilerHandler.cpp:59] profiler_stopUSDT:2026-08-25 03:08:01 435:435 SyncActivityProfilerHandler.cpp:59] profiler_stop

USDT:2026-08-25 03:08:01 434:434 SyncActivityProfilerHandler.cpp:59] profiler_stop
USDT:2026-08-25 03:08:01 437:437 SyncActivityProfilerHandler.cpp:59] profiler_stopUSDT:2026-08-25 03:08:01 433:433 SyncActivityProfilerHandler.cpp:59] profiler_stopUSDT:2026-08-25 03:08:01 438:438 SyncActivityProfilerHandler.cpp:59] profiler_stop


USDT:2026-08-25 03:08:01 439:439 SyncActivityProfilerHandler.cpp:59] profiler_stop
   + EP:   3/32 | reduced combine: 20 GB/s (SO), 37 GB/s (SU), 323.646 us, 11911072 bytes | reduce: 1135 GB/s, 7.265 us
   + EP:   2/32 | reduced combine: 21 GB/s (SO), 36 GB/s (SU), 317.177 us, 11422560 bytes | reduce: 1125 GB/s, 7.547 us
   + EP:   4/32 | reduced combine: 17 GB/s (SO), 31 GB/s (SU), 389.516 us, 11997280 bytes | reduce: 1155 GB/s, 7.177 us
   + EP:   1/32 | reduced combine: 21 GB/s (SO), 36 GB/s (SU), 320.378 us, 11594976 bytes | reduce: 1175 GB/s, 7.167 us
   + EP:   0/32 | reduced combine: 18 GB/s (SO), 29 GB/s (SU), 382.280 us, 11250144 bytes | reduce: 1124 GB/s, 7.633 us
   + EP:   5/32 | reduced combine: 16 GB/s (SO), 31 GB/s (SU), 388.555 us, 11896704 bytes | reduce: 1088 GB/s, 7.513 us
   + EP:   6/32 | reduced combine: 16 GB/s (SO), 29 GB/s (SU), 395.003 us, 11551872 bytes | reduce: 1097 GB/s, 7.414 us
   + EP:   7/32 | reduced combine: 20 GB/s (SO), 34 GB/s (SU), 324.226 us, 11135200 bytes | reduce: 1123 GB/s, 7.204 us


