=== EP_NIC_NAME=rdmap110s0 (auto, 200 Gb/s) ===
+ docker run --rm --gpus all --privileged --network=host --ipc=host --ulimit memlock=-1 --ulimit stack=67108864 --device=/dev/infiniband --device=/dev/gdrdrv -v /sys/class/infiniband:/sys/class/infiniband:ro -e MASTER_ADDR=172.31.20.74 -e MASTER_PORT=29621 -e WORLD_SIZE=2 -e RANK=1 -e NCCL_DEBUG=WARN -e EP_NIC_NAME=rdmap110s0 -e PYTHONUNBUFFERED=1 -e PYTHONFAULTHANDLER=1 deepep-v2-efa-official:dev bash -lc 'timeout -s ABRT --kill-after=60 1500     python3 -u /opt/DeepEP/tests/elastic/test_ep.py     --num-processes=8 --num-tokens=128     --hidden=7168 --num-topk=8 --num-experts=256     --num-sms=12 --allow-hybrid-mode=1     --prefer-overlap-with-compute=0 --test-first-only      '

==========
== CUDA ==
==========

CUDA Version 13.0.2

Container image Copyright (c) 2016-2023, NVIDIA CORPORATION & AFFILIATES. All rights reserved.

This container image and its contents are governed by the NVIDIA Deep Learning Container License.
By pulling and using the container, you accept the terms and conditions of this license:
https://developer.nvidia.com/ngc/nvidia-deep-learning-container-license

A copy of this license is made available in this container at /NGC-DL-CONTAINER-LICENSE for your convenience.

DeepEP hybrid kernel selection: unordered
DeepEP hybrid kernel selection: unordered
DeepEP hybrid kernel selection: unordered
DeepEP hybrid kernel selection: unordered
DeepEP hybrid kernel selection: unordered
DeepEP hybrid kernel selection: unordered
DeepEP hybrid kernel selection: unordered
DeepEP hybrid kernel selection: unordered
DeepEP hybrid kernel selection: unordered
DeepEP hybrid kernel selection: unordered
DeepEP hybrid kernel selection: unordered
DeepEP hybrid kernel selection: unordered
DeepEP hybrid kernel selection: unordered
DeepEP hybrid kernel selection: unordered
DeepEP hybrid kernel selection: unordered
DeepEP hybrid kernel selection: unordered
Config:
 > Ranks: 2 x 8
 > Experts: 8/256
 > Tokens: 120 (max: 128), hidden: 7168
 > #SM: 12, #QPs: 11/11

Running all test cases:
 > Testing with do_handle_copy=1, expert_alignment=128, use_fp8_dispatch=1, num_bias=0, with_previous_event=0, async_with_compute_stream=0, allocate_on_comm_stream=0 ...
USDT:2026-08-25 03:12:30 435:435 SyncActivityProfilerHandler.cpp:52] profiler_startUSDT:2026-08-25 03:12:30 437:437 SyncActivityProfilerHandler.cpp:52] profiler_startUSDT:2026-08-25 03:12:30 434:434 SyncActivityProfilerHandler.cpp:52] profiler_start

USDT:2026-08-25 03:12:30 438:438 SyncActivityProfilerHandler.cpp:52] profiler_start
USDT:2026-08-25 03:12:30 436:436 SyncActivityProfilerHandler.cpp:52] profiler_startUSDT:2026-08-25 03:12:30 440:440 SyncActivityProfilerHandler.cpp:52] profiler_start


USDT:2026-08-25 03:12:30 439:439 SyncActivityProfilerHandler.cpp:52] profiler_start
USDT:2026-08-25 03:12:30 441:441 SyncActivityProfilerHandler.cpp:52] profiler_start
USDT:2026-08-25 03:12:30 440:440 SyncActivityProfilerHandler.cpp:59] profiler_stop
USDT:2026-08-25 03:12:30 435:435 SyncActivityProfilerHandler.cpp:59] profiler_stopUSDT:2026-08-25 03:12:30 434:434 SyncActivityProfilerHandler.cpp:59] profiler_stopUSDT:2026-08-25 03:12:30 437:437 SyncActivityProfilerHandler.cpp:59] profiler_stopUSDT:2026-08-25 03:12:30 436:436 SyncActivityProfilerHandler.cpp:59] profiler_stop
USDT:2026-08-25 03:12:30 441:441 SyncActivityProfilerHandler.cpp:59] profiler_stop



USDT:2026-08-25 03:12:30 438:438 SyncActivityProfilerHandler.cpp:59] profiler_stop
USDT:2026-08-25 03:12:30 439:439 SyncActivityProfilerHandler.cpp:59] profiler_stop
   * EP:  11/16 | dispatch: 5 GB/s (SO), 15 GB/s (SU), 384.656 us, 5698368 bytes | copy: 103 GB/s, 110.830 us
   * EP:   8/16 | dispatch: 5 GB/s (SO), 15 GB/s (SU), 384.716 us, 5833152 bytes | copy: 106 GB/s, 109.702 us
   * EP:   9/16 | dispatch: 5 GB/s (SO), 15 GB/s (SU), 384.474 us, 5773248 bytes | copy: 1153 GB/s, 10.017 us
   * EP:  12/16 | dispatch: 4 GB/s (SO), 16 GB/s (SU), 384.613 us, 6117696 bytes | copy: 602 GB/s, 20.340 us
   * EP:  10/16 | dispatch: 5 GB/s (SO), 16 GB/s (SU), 384.664 us, 6312384 bytes | copy: 108 GB/s, 117.367 us
   * EP:  13/16 | dispatch: 4 GB/s (SO), 15 GB/s (SU), 384.847 us, 5728320 bytes | copy: 92 GB/s, 124.014 us
   * EP:  14/16 | dispatch: 4 GB/s (SO), 16 GB/s (SU), 384.736 us, 6162624 bytes | copy: 104 GB/s, 118.638 us
   * EP:  15/16 | dispatch: 4 GB/s (SO), 16 GB/s (SU), 384.701 us, 6005376 bytes | copy: 471 GB/s, 25.526 us
USDT:2026-08-25 03:12:30 435:435 SyncActivityProfilerHandler.cpp:52] profiler_startUSDT:2026-08-25 03:12:30 440:440 SyncActivityProfilerHandler.cpp:52] profiler_startUSDT:2026-08-25 03:12:30 434:434 SyncActivityProfilerHandler.cpp:52] profiler_startUSDT:2026-08-25 03:12:30 437:437 SyncActivityProfilerHandler.cpp:52] profiler_startUSDT:2026-08-25 03:12:30 439:439 SyncActivityProfilerHandler.cpp:52] profiler_startUSDT:2026-08-25 03:12:30 441:441 SyncActivityProfilerHandler.cpp:52] profiler_startUSDT:2026-08-25 03:12:30 436:436 SyncActivityProfilerHandler.cpp:52] profiler_start




USDT:2026-08-25 03:12:30 438:438 SyncActivityProfilerHandler.cpp:52] profiler_start


USDT:2026-08-25 03:12:31 434:434 SyncActivityProfilerHandler.cpp:59] profiler_stopUSDT:2026-08-25 03:12:31 437:437 SyncActivityProfilerHandler.cpp:59] profiler_stopUSDT:2026-08-25 03:12:31 436:436 SyncActivityProfilerHandler.cpp:59] profiler_stop
USDT:2026-08-25 03:12:31 435:435 SyncActivityProfilerHandler.cpp:59] profiler_stopUSDT:2026-08-25 03:12:31 441:441 SyncActivityProfilerHandler.cpp:59] profiler_stop



USDT:2026-08-25 03:12:31 439:439 SyncActivityProfilerHandler.cpp:59] profiler_stopUSDT:2026-08-25 03:12:31 438:438 SyncActivityProfilerHandler.cpp:59] profiler_stop
USDT:2026-08-25 03:12:31 440:440 SyncActivityProfilerHandler.cpp:59] profiler_stop

   - EP:  10/16 | expanded dispatch: 5 GB/s (SO), 17 GB/s (SU), 379.360 us, 6312384 bytes | copy: 187 GB/s, 113.640 us
   - EP:  11/16 | expanded dispatch: 5 GB/s (SO), 15 GB/s (SU), 379.328 us, 5698368 bytes | copy: 191 GB/s, 107.816 us
   - EP:   8/16 | expanded dispatch: 5 GB/s (SO), 15 GB/s (SU), 379.349 us, 5833152 bytes | copy: 192 GB/s, 107.861 us
   - EP:  14/16 | expanded dispatch: 5 GB/s (SO), 16 GB/s (SU), 379.383 us, 6162624 bytes | copy: 180 GB/s, 116.936 us
   - EP:  12/16 | expanded dispatch: 5 GB/s (SO), 16 GB/s (SU), 379.097 us, 6117696 bytes | copy: 1839 GB/s, 11.391 us
   - EP:  15/16 | expanded dispatch: 4 GB/s (SO), 16 GB/s (SU), 379.370 us, 6005376 bytes | copy: 759 GB/s, 27.581 us
   - EP:   9/16 | expanded dispatch: 5 GB/s (SO), 15 GB/s (SU), 379.242 us, 5773248 bytes | copy: 1711 GB/s, 12.081 us
   - EP:  13/16 | expanded dispatch: 5 GB/s (SO), 15 GB/s (SU), 379.537 us, 5728320 bytes | copy: 171 GB/s, 121.334 us
USDT:2026-08-25 03:12:31 440:440 SyncActivityProfilerHandler.cpp:52] profiler_startUSDT:2026-08-25 03:12:31 436:436 SyncActivityProfilerHandler.cpp:52] profiler_startUSDT:2026-08-25 03:12:31 438:438 SyncActivityProfilerHandler.cpp:52] profiler_start
USDT:2026-08-25 03:12:31 441:441 SyncActivityProfilerHandler.cpp:52] profiler_start
USDT:2026-08-25 03:12:31 437:437 SyncActivityProfilerHandler.cpp:52] profiler_startUSDT:2026-08-25 03:12:31 439:439 SyncActivityProfilerHandler.cpp:52] profiler_startUSDT:2026-08-25 03:12:31 434:434 SyncActivityProfilerHandler.cpp:52] profiler_start
USDT:2026-08-25 03:12:31 435:435 SyncActivityProfilerHandler.cpp:52] profiler_start




USDT:2026-08-25 03:12:32 437:437 SyncActivityProfilerHandler.cpp:59] profiler_stopUSDT:2026-08-25 03:12:32 434:434 SyncActivityProfilerHandler.cpp:59] profiler_stopUSDT:2026-08-25 03:12:32 435:435 SyncActivityProfilerHandler.cpp:59] profiler_stopUSDT:2026-08-25 03:12:32 438:438 SyncActivityProfilerHandler.cpp:59] profiler_stopUSDT:2026-08-25 03:12:32 439:439 SyncActivityProfilerHandler.cpp:59] profiler_stop



USDT:2026-08-25 03:12:32 441:441 SyncActivityProfilerHandler.cpp:59] profiler_stopUSDT:2026-08-25 03:12:32 440:440 SyncActivityProfilerHandler.cpp:59] profiler_stop
USDT:2026-08-25 03:12:32 436:436 SyncActivityProfilerHandler.cpp:59] profiler_stop


   # EP:  14/16 | cached dispatch: 5 GB/s (SO), 16 GB/s (SU), 375.372 us, 6162624 bytes | copy: 109 GB/s, 112.976 us
   # EP:   9/16 | cached dispatch: 5 GB/s (SO), 15 GB/s (SU), 375.129 us, 5773248 bytes | copy: 1545 GB/s, 7.472 us
   # EP:  11/16 | cached dispatch: 5 GB/s (SO), 15 GB/s (SU), 375.277 us, 5698368 bytes | copy: 109 GB/s, 104.854 us
   # EP:  13/16 | cached dispatch: 5 GB/s (SO), 15 GB/s (SU), 375.471 us, 5728320 bytes | copy: 97 GB/s, 118.401 us
   # EP:  10/16 | cached dispatch: 5 GB/s (SO), 17 GB/s (SU), 375.480 us, 6312384 bytes | copy: 112 GB/s, 113.034 us
   # EP:  12/16 | cached dispatch: 5 GB/s (SO), 16 GB/s (SU), 375.267 us, 6117696 bytes | copy: 747 GB/s, 16.388 us
   # EP:   8/16 | cached dispatch: 5 GB/s (SO), 16 GB/s (SU), 375.431 us, 5833152 bytes | copy: 109 GB/s, 106.781 us
   # EP:  15/16 | cached dispatch: 4 GB/s (SO), 16 GB/s (SU), 375.342 us, 6005376 bytes | copy: 443 GB/s, 27.142 us
USDT:2026-08-25 03:12:32 440:440 SyncActivityProfilerHandler.cpp:52] profiler_startUSDT:2026-08-25 03:12:32 436:436 SyncActivityProfilerHandler.cpp:52] profiler_start

USDT:2026-08-25 03:12:32 434:434 SyncActivityProfilerHandler.cpp:52] profiler_startUSDT:2026-08-25 03:12:32 439:439 SyncActivityProfilerHandler.cpp:52] profiler_startUSDT:2026-08-25 03:12:32 441:441 SyncActivityProfilerHandler.cpp:52] profiler_startUSDT:2026-08-25 03:12:32 438:438 SyncActivityProfilerHandler.cpp:52] profiler_start

USDT:2026-08-25 03:12:32 437:437 SyncActivityProfilerHandler.cpp:52] profiler_start


USDT:2026-08-25 03:12:32 435:435 SyncActivityProfilerHandler.cpp:52] profiler_start
USDT:2026-08-25 03:12:32 440:440 SyncActivityProfilerHandler.cpp:59] profiler_stop
USDT:2026-08-25 03:12:32 436:436 SyncActivityProfilerHandler.cpp:59] profiler_stop
USDT:2026-08-25 03:12:32 435:435 SyncActivityProfilerHandler.cpp:59] profiler_stopUSDT:2026-08-25 03:12:32 437:437 SyncActivityProfilerHandler.cpp:59] profiler_stop
USDT:2026-08-25 03:12:32 439:439 SyncActivityProfilerHandler.cpp:59] profiler_stop
USDT:2026-08-25 03:12:32 434:434 SyncActivityProfilerHandler.cpp:59] profiler_stop

USDT:2026-08-25 03:12:32 438:438 SyncActivityProfilerHandler.cpp:59] profiler_stop
USDT:2026-08-25 03:12:32 441:441 SyncActivityProfilerHandler.cpp:59] profiler_stop
   @ EP:  12/16 | combine: 18 GB/s (SO), 63 GB/s (SU), 186.688 us, 11738656 bytes | reduce: 936 GB/s, 5.328 us
   @ EP:  10/16 | combine: 20 GB/s (SO), 72 GB/s (SU), 168.391 us, 12112224 bytes | reduce: 916 GB/s, 5.537 us
   @ EP:   9/16 | combine: 18 GB/s (SO), 60 GB/s (SU), 184.494 us, 11077728 bytes | reduce: 927 GB/s, 5.518 us
   @ EP:  11/16 | combine: 20 GB/s (SO), 64 GB/s (SU), 170.879 us, 10934048 bytes | reduce: 973 GB/s, 5.166 us
   @ EP:   8/16 | combine: 20 GB/s (SO), 66 GB/s (SU), 169.975 us, 11192672 bytes | reduce: 962 GB/s, 5.361 us
   @ EP:  14/16 | combine: 19 GB/s (SO), 70 GB/s (SU), 168.168 us, 11824864 bytes | reduce: 937 GB/s, 5.243 us
   @ EP:  15/16 | combine: 17 GB/s (SO), 62 GB/s (SU), 185.921 us, 11523136 bytes | reduce: 925 GB/s, 5.250 us
   @ EP:  13/16 | combine: 20 GB/s (SO), 65 GB/s (SU), 168.111 us, 10991520 bytes | reduce: 946 GB/s, 5.239 us
USDT:2026-08-25 03:12:33 436:436 SyncActivityProfilerHandler.cpp:52] profiler_startUSDT:2026-08-25 03:12:33 434:434 SyncActivityProfilerHandler.cpp:52] profiler_startUSDT:2026-08-25 03:12:33 440:440 SyncActivityProfilerHandler.cpp:52] profiler_start
USDT:2026-08-25 03:12:33 437:437 SyncActivityProfilerHandler.cpp:52] profiler_start


USDT:2026-08-25 03:12:33 439:439 SyncActivityProfilerHandler.cpp:52] profiler_startUSDT:2026-08-25 03:12:33 435:435 SyncActivityProfilerHandler.cpp:52] profiler_start
USDT:2026-08-25 03:12:33 438:438 SyncActivityProfilerHandler.cpp:52] profiler_start
USDT:2026-08-25 03:12:33 441:441 SyncActivityProfilerHandler.cpp:52] profiler_start

USDT:2026-08-25 03:12:33 436:436 SyncActivityProfilerHandler.cpp:59] profiler_stop
USDT:2026-08-25 03:12:33 437:437 SyncActivityProfilerHandler.cpp:59] profiler_stop
USDT:2026-08-25 03:12:33 439:439 SyncActivityProfilerHandler.cpp:59] profiler_stopUSDT:2026-08-25 03:12:33 434:434 SyncActivityProfilerHandler.cpp:59] profiler_stop
USDT:2026-08-25 03:12:33 435:435 SyncActivityProfilerHandler.cpp:59] profiler_stop

USDT:2026-08-25 03:12:33 440:440 SyncActivityProfilerHandler.cpp:59] profiler_stopUSDT:2026-08-25 03:12:33 438:438 SyncActivityProfilerHandler.cpp:59] profiler_stop

USDT:2026-08-25 03:12:33 441:441 SyncActivityProfilerHandler.cpp:59] profiler_stop
   + EP:  14/16 | reduced combine: 18 GB/s (SO), 64 GB/s (SU), 184.672 us, 11824864 bytes | reduce: 881 GB/s, 5.578 us
   + EP:  12/16 | reduced combine: 16 GB/s (SO), 58 GB/s (SU), 202.624 us, 11738656 bytes | reduce: 893 GB/s, 5.580 us
   + EP:   9/16 | reduced combine: 17 GB/s (SO), 55 GB/s (SU), 201.016 us, 11077728 bytes | reduce: 918 GB/s, 5.572 us
   + EP:  11/16 | reduced combine: 17 GB/s (SO), 57 GB/s (SU), 191.611 us, 10934048 bytes | reduce: 974 GB/s, 5.162 us
   + EP:  10/16 | reduced combine: 18 GB/s (SO), 66 GB/s (SU), 184.183 us, 12112224 bytes | reduce: 911 GB/s, 5.566 us
   + EP:   8/16 | reduced combine: 18 GB/s (SO), 60 GB/s (SU), 186.471 us, 11192672 bytes | reduce: 948 GB/s, 5.440 us
   + EP:  13/16 | reduced combine: 18 GB/s (SO), 60 GB/s (SU), 184.295 us, 10991520 bytes | reduce: 903 GB/s, 5.491 us
   + EP:  15/16 | reduced combine: 16 GB/s (SO), 58 GB/s (SU), 198.372 us, 11523136 bytes | reduce: 875 GB/s, 5.551 us


