=== EP_NIC_NAME=rdmap110s0 (auto, 200 Gb/s) ===
+ docker run --rm --gpus all --privileged --network=host --ipc=host --ulimit memlock=-1 --ulimit stack=67108864 --device=/dev/infiniband --device=/dev/gdrdrv -v /sys/class/infiniband:/sys/class/infiniband:ro -e MASTER_ADDR=172.31.20.74 -e MASTER_PORT=29723 -e WORLD_SIZE=4 -e RANK=3 -e NCCL_DEBUG=WARN -e EP_NIC_NAME=rdmap110s0 -e NCCL_GIN_TYPE=5 -e NCCL_SYM_GIN_KERNELS_ENABLE=0 -e PYTHONUNBUFFERED=1 -e PYTHONFAULTHANDLER=1 deepep-v2-efa-official:dev bash -lc 'timeout -s ABRT --kill-after=60 1500     python3 -u /opt/DeepEP/tests/elastic/test_ep.py     --num-processes=8 --num-tokens=8192     --hidden=7168 --num-topk=8 --num-experts=256     --num-sms=24 --allow-hybrid-mode=1     --prefer-overlap-with-compute=0 --test-first-only      '

==========
== CUDA ==
==========

CUDA Version 13.0.2

Container image Copyright (c) 2016-2023, NVIDIA CORPORATION & AFFILIATES. All rights reserved.

This container image and its contents are governed by the NVIDIA Deep Learning Container License.
By pulling and using the container, you accept the terms and conditions of this license:
https://developer.nvidia.com/ngc/nvidia-deep-learning-container-license

A copy of this license is made available in this container at /NGC-DL-CONTAINER-LICENSE for your convenience.

DeepEP hybrid kernel selection: unordered
DeepEP hybrid kernel selection: unordered
DeepEP hybrid kernel selection: unordered
DeepEP hybrid kernel selection: unordered
DeepEP hybrid kernel selection: unordered
DeepEP hybrid kernel selection: unordered
DeepEP hybrid kernel selection: unordered
DeepEP hybrid kernel selection: unordered
DeepEP hybrid kernel selection: unordered
DeepEP hybrid kernel selection: unordered
DeepEP hybrid kernel selection: unordered
DeepEP hybrid kernel selection: unordered
DeepEP hybrid kernel selection: unordered
DeepEP hybrid kernel selection: unordered
DeepEP hybrid kernel selection: unordered
DeepEP hybrid kernel selection: unordered
Config:
 > Ranks: 4 x 8
 > Experts: 8/256
 > Tokens: 8168 (max: 8192), hidden: 7168
 > #SM: 24, #QPs: 11/11

Running all test cases:
 > Testing with do_handle_copy=1, expert_alignment=128, use_fp8_dispatch=1, num_bias=0, with_previous_event=0, async_with_compute_stream=0, allocate_on_comm_stream=0 ...
USDT:2026-08-25 04:39:27 436:436 SyncActivityProfilerHandler.cpp:52] profiler_startUSDT:2026-08-25 04:39:27 435:435 SyncActivityProfilerHandler.cpp:52] profiler_startUSDT:2026-08-25 04:39:27 437:437 SyncActivityProfilerHandler.cpp:52] profiler_startUSDT:2026-08-25 04:39:27 431:431 SyncActivityProfilerHandler.cpp:52] profiler_startUSDT:2026-08-25 04:39:27 433:433 SyncActivityProfilerHandler.cpp:52] profiler_start

USDT:2026-08-25 04:39:27 432:432 SyncActivityProfilerHandler.cpp:52] profiler_start



USDT:2026-08-25 04:39:27 430:430 SyncActivityProfilerHandler.cpp:52] profiler_start
USDT:2026-08-25 04:39:27 434:434 SyncActivityProfilerHandler.cpp:52] profiler_start
USDT:2026-08-25 04:39:27 435:435 SyncActivityProfilerHandler.cpp:59] profiler_stopUSDT:2026-08-25 04:39:27 433:433 SyncActivityProfilerHandler.cpp:59] profiler_stopUSDT:2026-08-25 04:39:27 437:437 SyncActivityProfilerHandler.cpp:59] profiler_stopUSDT:2026-08-25 04:39:27 431:431 SyncActivityProfilerHandler.cpp:59] profiler_stopUSDT:2026-08-25 04:39:27 436:436 SyncActivityProfilerHandler.cpp:59] profiler_stopUSDT:2026-08-25 04:39:27 432:432 SyncActivityProfilerHandler.cpp:59] profiler_stop





USDT:2026-08-25 04:39:27 434:434 SyncActivityProfilerHandler.cpp:59] profiler_stop
USDT:2026-08-25 04:39:27 430:430 SyncActivityProfilerHandler.cpp:59] profiler_stop
   * EP:  30/32 | dispatch: 56 GB/s (SO), 113 GB/s (SU), 3958.000 us, 445887936 bytes | copy: 2748 GB/s, 324.568 us   * EP:  29/32 | dispatch: 56 GB/s (SO), 112 GB/s (SU), 3958.000 us, 443446848 bytes | copy: 2693 GB/s, 329.355 us

   * EP:  31/32 | dispatch: 56 GB/s (SO), 112 GB/s (SU), 3958.000 us, 444682368 bytes | copy: 2626 GB/s, 338.642 us
   * EP:  26/32 | dispatch: 56 GB/s (SO), 112 GB/s (SU), 3958.000 us, 444929472 bytes | copy: 2800 GB/s, 317.820 us
   * EP:  27/32 | dispatch: 56 GB/s (SO), 112 GB/s (SU), 3958.000 us, 444128256 bytes | copy: 2725 GB/s, 325.969 us
   * EP:  25/32 | dispatch: 56 GB/s (SO), 113 GB/s (SU), 3958.000 us, 446883840 bytes | copy: 2838 GB/s, 314.973 us
   * EP:  24/32 | dispatch: 56 GB/s (SO), 113 GB/s (SU), 3958.000 us, 447026112 bytes | copy: 2776 GB/s, 322.091 us
   * EP:  28/32 | dispatch: 56 GB/s (SO), 112 GB/s (SU), 3958.000 us, 444614976 bytes | copy: 2620 GB/s, 339.402 us
USDT:2026-08-25 04:39:28 433:433 SyncActivityProfilerHandler.cpp:52] profiler_startUSDT:2026-08-25 04:39:28 432:432 SyncActivityProfilerHandler.cpp:52] profiler_startUSDT:2026-08-25 04:39:28 437:437 SyncActivityProfilerHandler.cpp:52] profiler_startUSDT:2026-08-25 04:39:28 431:431 SyncActivityProfilerHandler.cpp:52] profiler_startUSDT:2026-08-25 04:39:28 436:436 SyncActivityProfilerHandler.cpp:52] profiler_startUSDT:2026-08-25 04:39:28 430:430 SyncActivityProfilerHandler.cpp:52] profiler_startUSDT:2026-08-25 04:39:28 435:435 SyncActivityProfilerHandler.cpp:52] profiler_start

USDT:2026-08-25 04:39:28 434:434 SyncActivityProfilerHandler.cpp:52] profiler_start





USDT:2026-08-25 04:39:28 431:431 SyncActivityProfilerHandler.cpp:59] profiler_stopUSDT:2026-08-25 04:39:28 435:435 SyncActivityProfilerHandler.cpp:59] profiler_stopUSDT:2026-08-25 04:39:28 437:437 SyncActivityProfilerHandler.cpp:59] profiler_stopUSDT:2026-08-25 04:39:28 430:430 SyncActivityProfilerHandler.cpp:59] profiler_stop



USDT:2026-08-25 04:39:28 433:433 SyncActivityProfilerHandler.cpp:59] profiler_stopUSDT:2026-08-25 04:39:28 436:436 SyncActivityProfilerHandler.cpp:59] profiler_stopUSDT:2026-08-25 04:39:28 432:432 SyncActivityProfilerHandler.cpp:59] profiler_stop


USDT:2026-08-25 04:39:28 434:434 SyncActivityProfilerHandler.cpp:59] profiler_stop
   - EP:  29/32 | expanded dispatch: 56 GB/s (SO), 112 GB/s (SU), 3955.000 us, 443446848 bytes | copy: 2374 GB/s, 395.114 us   - EP:  31/32 | expanded dispatch: 56 GB/s (SO), 112 GB/s (SU), 3955.000 us, 444682368 bytes | copy: 2404 GB/s, 391.063 us

   - EP:  26/32 | expanded dispatch: 56 GB/s (SO), 112 GB/s (SU), 3955.000 us, 444929472 bytes | copy: 2490 GB/s, 377.352 us
   - EP:  30/32 | expanded dispatch: 56 GB/s (SO), 113 GB/s (SU), 3955.000 us, 445887936 bytes | copy: 2438 GB/s, 386.330 us
   - EP:  27/32 | expanded dispatch: 56 GB/s (SO), 112 GB/s (SU), 3955.000 us, 444128256 bytes | copy: 2419 GB/s, 387.411 us
   - EP:  24/32 | expanded dispatch: 56 GB/s (SO), 113 GB/s (SU), 3955.000 us, 447026112 bytes | copy: 2428 GB/s, 388.945 us
   - EP:  28/32 | expanded dispatch: 56 GB/s (SO), 112 GB/s (SU), 3956.000 us, 444614976 bytes | copy: 2404 GB/s, 391.147 us
   - EP:  25/32 | expanded dispatch: 56 GB/s (SO), 113 GB/s (SU), 3955.000 us, 446883840 bytes | copy: 2577 GB/s, 366.236 us
USDT:2026-08-25 04:39:28 435:435 SyncActivityProfilerHandler.cpp:52] profiler_startUSDT:2026-08-25 04:39:28 432:432 SyncActivityProfilerHandler.cpp:52] profiler_startUSDT:2026-08-25 04:39:28 430:430 SyncActivityProfilerHandler.cpp:52] profiler_startUSDT:2026-08-25 04:39:28 437:437 SyncActivityProfilerHandler.cpp:52] profiler_startUSDT:2026-08-25 04:39:28 431:431 SyncActivityProfilerHandler.cpp:52] profiler_start
USDT:2026-08-25 04:39:28 433:433 SyncActivityProfilerHandler.cpp:52] profiler_start
USDT:2026-08-25 04:39:28 436:436 SyncActivityProfilerHandler.cpp:52] profiler_start


USDT:2026-08-25 04:39:28 434:434 SyncActivityProfilerHandler.cpp:52] profiler_start


USDT:2026-08-25 04:39:29 435:435 SyncActivityProfilerHandler.cpp:59] profiler_stopUSDT:2026-08-25 04:39:29 432:432 SyncActivityProfilerHandler.cpp:59] profiler_stopUSDT:2026-08-25 04:39:29 431:431 SyncActivityProfilerHandler.cpp:59] profiler_stop


USDT:2026-08-25 04:39:29 437:437 SyncActivityProfilerHandler.cpp:59] profiler_stopUSDT:2026-08-25 04:39:29 433:433 SyncActivityProfilerHandler.cpp:59] profiler_stop

USDT:2026-08-25 04:39:29 430:430 SyncActivityProfilerHandler.cpp:59] profiler_stopUSDT:2026-08-25 04:39:29 436:436 SyncActivityProfilerHandler.cpp:59] profiler_stop

USDT:2026-08-25 04:39:29 434:434 SyncActivityProfilerHandler.cpp:59] profiler_stop
   # EP:  30/32 | cached dispatch: 52 GB/s (SO), 105 GB/s (SU), 4229.000 us, 445887936 bytes | copy: 2636 GB/s, 338.317 us
   # EP:  31/32 | cached dispatch: 52 GB/s (SO), 105 GB/s (SU), 4229.000 us, 444682368 bytes | copy: 2681 GB/s, 331.677 us
   # EP:  29/32 | cached dispatch: 52 GB/s (SO), 105 GB/s (SU), 4229.000 us, 443446848 bytes | copy: 2647 GB/s, 335.062 us
   # EP:  26/32 | cached dispatch: 52 GB/s (SO), 105 GB/s (SU), 4229.000 us, 444929472 bytes | copy: 2848 GB/s, 312.403 us
   # EP:  28/32 | cached dispatch: 52 GB/s (SO), 105 GB/s (SU), 4229.000 us, 444614976 bytes | copy: 2514 GB/s, 353.712 us
   # EP:  27/32 | cached dispatch: 52 GB/s (SO), 105 GB/s (SU), 4229.000 us, 444128256 bytes | copy: 2648 GB/s, 335.451 us
   # EP:  24/32 | cached dispatch: 52 GB/s (SO), 106 GB/s (SU), 4229.000 us, 447026112 bytes | copy: 2316 GB/s, 386.088 us
   # EP:  25/32 | cached dispatch: 52 GB/s (SO), 106 GB/s (SU), 4229.000 us, 446883840 bytes | copy: 2653 GB/s, 336.893 us
USDT:2026-08-25 04:39:30 435:435 SyncActivityProfilerHandler.cpp:52] profiler_start
USDT:2026-08-25 04:39:30 431:431 SyncActivityProfilerHandler.cpp:52] profiler_start
USDT:2026-08-25 04:39:30 432:432 SyncActivityProfilerHandler.cpp:52] profiler_startUSDT:2026-08-25 04:39:30 436:436 SyncActivityProfilerHandler.cpp:52] profiler_start

USDT:2026-08-25 04:39:30 433:433 SyncActivityProfilerHandler.cpp:52] profiler_startUSDT:2026-08-25 04:39:30 437:437 SyncActivityProfilerHandler.cpp:52] profiler_start

USDT:2026-08-25 04:39:30 434:434 SyncActivityProfilerHandler.cpp:52] profiler_start
USDT:2026-08-25 04:39:30 430:430 SyncActivityProfilerHandler.cpp:52] profiler_start
USDT:2026-08-25 04:39:30 432:432 SyncActivityProfilerHandler.cpp:59] profiler_stop
USDT:2026-08-25 04:39:30 431:431 SyncActivityProfilerHandler.cpp:59] profiler_stop
USDT:2026-08-25 04:39:30 436:436 SyncActivityProfilerHandler.cpp:59] profiler_stop
USDT:2026-08-25 04:39:30 433:433 SyncActivityProfilerHandler.cpp:59] profiler_stopUSDT:2026-08-25 04:39:30 430:430 SyncActivityProfilerHandler.cpp:59] profiler_stop

USDT:2026-08-25 04:39:30 437:437 SyncActivityProfilerHandler.cpp:59] profiler_stop
USDT:2026-08-25 04:39:30 434:434 SyncActivityProfilerHandler.cpp:59] profiler_stop
USDT:2026-08-25 04:39:30 435:435 SyncActivityProfilerHandler.cpp:59] profiler_stop
   @ EP:  26/32 | combine: 57 GB/s (SO), 114 GB/s (SU), 7464.000 us, 853732192 bytes | reduce: 3645 GB/s, 148.462 us
   @ EP:  28/32 | combine: 56 GB/s (SO), 112 GB/s (SU), 7591.000 us, 853128736 bytes | reduce: 3614 GB/s, 149.628 us
   @ EP:  30/32 | combine: 57 GB/s (SO), 115 GB/s (SU), 7410.000 us, 855571296 bytes | reduce: 3640 GB/s, 148.792 us
   @ EP:  27/32 | combine: 56 GB/s (SO), 113 GB/s (SU), 7534.000 us, 852194816 bytes | reduce: 3650 GB/s, 148.341 us
   @ EP:  31/32 | combine: 57 GB/s (SO), 114 GB/s (SU), 7496.000 us, 853258048 bytes | reduce: 3623 GB/s, 149.682 us
   @ EP:  29/32 | combine: 56 GB/s (SO), 112 GB/s (SU), 7572.000 us, 850887328 bytes | reduce: 3643 GB/s, 148.828 us
   @ EP:  24/32 | combine: 56 GB/s (SO), 114 GB/s (SU), 7526.000 us, 857755232 bytes | reduce: 3635 GB/s, 148.843 us
   @ EP:  25/32 | combine: 57 GB/s (SO), 115 GB/s (SU), 7479.000 us, 857482240 bytes | reduce: 3624 GB/s, 149.603 us
USDT:2026-08-25 04:39:31 437:437 SyncActivityProfilerHandler.cpp:52] profiler_start
USDT:2026-08-25 04:39:31 432:432 SyncActivityProfilerHandler.cpp:52] profiler_start
USDT:2026-08-25 04:39:31 436:436 SyncActivityProfilerHandler.cpp:52] profiler_start
USDT:2026-08-25 04:39:31 433:433 SyncActivityProfilerHandler.cpp:52] profiler_startUSDT:2026-08-25 04:39:31 435:435 SyncActivityProfilerHandler.cpp:52] profiler_start

USDT:2026-08-25 04:39:31 431:431 SyncActivityProfilerHandler.cpp:52] profiler_start
USDT:2026-08-25 04:39:31 434:434 SyncActivityProfilerHandler.cpp:52] profiler_start
USDT:2026-08-25 04:39:31 430:430 SyncActivityProfilerHandler.cpp:52] profiler_start
USDT:2026-08-25 04:39:32 434:434 SyncActivityProfilerHandler.cpp:59] profiler_stop
USDT:2026-08-25 04:39:32 431:431 SyncActivityProfilerHandler.cpp:59] profiler_stopUSDT:2026-08-25 04:39:32 432:432 SyncActivityProfilerHandler.cpp:59] profiler_stop

USDT:2026-08-25 04:39:32 436:436 SyncActivityProfilerHandler.cpp:59] profiler_stop
USDT:2026-08-25 04:39:32 430:430 SyncActivityProfilerHandler.cpp:59] profiler_stop
USDT:2026-08-25 04:39:32 433:433 SyncActivityProfilerHandler.cpp:59] profiler_stop
USDT:2026-08-25 04:39:32 437:437 SyncActivityProfilerHandler.cpp:59] profiler_stop
USDT:2026-08-25 04:39:32 435:435 SyncActivityProfilerHandler.cpp:59] profiler_stop
   + EP:  26/32 | reduced combine: 57 GB/s (SO), 115 GB/s (SU), 7453.000 us, 853732192 bytes | reduce: 3637 GB/s, 148.782 us
   + EP:  28/32 | reduced combine: 56 GB/s (SO), 114 GB/s (SU), 7507.000 us, 853128736 bytes | reduce: 3621 GB/s, 149.343 us
   + EP:  30/32 | reduced combine: 57 GB/s (SO), 114 GB/s (SU), 7504.000 us, 855571296 bytes | reduce: 3645 GB/s, 148.582 us
   + EP:  25/32 | reduced combine: 57 GB/s (SO), 115 GB/s (SU), 7456.000 us, 857482240 bytes | reduce: 3632 GB/s, 149.271 us
   + EP:  31/32 | reduced combine: 57 GB/s (SO), 114 GB/s (SU), 7491.000 us, 853258048 bytes | reduce: 3619 GB/s, 149.843 us
   + EP:  27/32 | reduced combine: 56 GB/s (SO), 112 GB/s (SU), 7617.000 us, 852194816 bytes | reduce: 3648 GB/s, 148.424 us
   + EP:  24/32 | reduced combine: 57 GB/s (SO), 114 GB/s (SU), 7495.000 us, 857755232 bytes | reduce: 3633 GB/s, 148.926 us
   + EP:  29/32 | reduced combine: 57 GB/s (SO), 114 GB/s (SU), 7495.000 us, 850887328 bytes | reduce: 3644 GB/s, 148.784 us


