=== EP_NIC_NAME=rdmap110s0 (auto, 200 Gb/s) ===
+ docker run --rm --gpus all --privileged --network=host --ipc=host --ulimit memlock=-1 --ulimit stack=67108864 --device=/dev/infiniband --device=/dev/gdrdrv -v /sys/class/infiniband:/sys/class/infiniband:ro -e MASTER_ADDR=172.31.20.74 -e MASTER_PORT=29653 -e WORLD_SIZE=2 -e RANK=1 -e NCCL_DEBUG=WARN -e EP_NIC_NAME=rdmap110s0 -e NCCL_GIN_TYPE=5 -e NCCL_RMA_DISABLE=1 -e PYTHONUNBUFFERED=1 -e PYTHONFAULTHANDLER=1 deepep-v2-efa-official:dev bash -lc 'timeout -s ABRT --kill-after=60 1500     python3 -u /opt/DeepEP/tests/elastic/test_ep.py     --num-processes=8 --num-tokens=128     --hidden=7168 --num-topk=8 --num-experts=256     --num-sms=12 --allow-hybrid-mode=1     --prefer-overlap-with-compute=0 --test-first-only      '

==========
== CUDA ==
==========

CUDA Version 13.0.2

Container image Copyright (c) 2016-2023, NVIDIA CORPORATION & AFFILIATES. All rights reserved.

This container image and its contents are governed by the NVIDIA Deep Learning Container License.
By pulling and using the container, you accept the terms and conditions of this license:
https://developer.nvidia.com/ngc/nvidia-deep-learning-container-license

A copy of this license is made available in this container at /NGC-DL-CONTAINER-LICENSE for your convenience.

DeepEP hybrid kernel selection: unordered
DeepEP hybrid kernel selection: unordered
DeepEP hybrid kernel selection: unordered
DeepEP hybrid kernel selection: unordered
DeepEP hybrid kernel selection: unordered
DeepEP hybrid kernel selection: unordered
DeepEP hybrid kernel selection: unordered
DeepEP hybrid kernel selection: unordered
DeepEP hybrid kernel selection: unordered
DeepEP hybrid kernel selection: unordered
DeepEP hybrid kernel selection: unordered
DeepEP hybrid kernel selection: unordered
DeepEP hybrid kernel selection: unordered
DeepEP hybrid kernel selection: unordered
DeepEP hybrid kernel selection: unordered
DeepEP hybrid kernel selection: unordered

[2026-08-25 03:37:57] ip-172-31-24-247:434:434 [1] gin/gin_host.cc:229 (ncclGinValidateSignalRequest) NCCL WARN GIN strong signals are required, but the GIN plugin does not support them.

[2026-08-25 03:37:57] ip-172-31-24-247:434:434 [1] gin/gin_host.cc:440 (ncclGinDevCommSetup) NCCL WARN GIN: DevComm setup failed on all available backends

[2026-08-25 03:37:57] ip-172-31-24-247:436:436 [3] gin/gin_host.cc:229 (ncclGinValidateSignalRequest) NCCL WARN GIN strong signals are required, but the GIN plugin does not support them.

[2026-08-25 03:37:57] ip-172-31-24-247:436:436 [3] gin/gin_host.cc:440 (ncclGinDevCommSetup) NCCL WARN GIN: DevComm setup failed on all available backends

[2026-08-25 03:37:57] ip-172-31-24-247:433:433 [0] gin/gin_host.cc:229 (ncclGinValidateSignalRequest) NCCL WARN GIN strong signals are required, but the GIN plugin does not support them.

[2026-08-25 03:37:57] ip-172-31-24-247:433:433 [0] gin/gin_host.cc:440 (ncclGinDevCommSetup) NCCL WARN GIN: DevComm setup failed on all available backends

[2026-08-25 03:37:57] ip-172-31-24-247:435:435 [2] gin/gin_host.cc:229 (ncclGinValidateSignalRequest) NCCL WARN GIN strong signals are required, but the GIN plugin does not support them.

[2026-08-25 03:37:57] ip-172-31-24-247:435:435 [2] gin/gin_host.cc:440 (ncclGinDevCommSetup) NCCL WARN GIN: DevComm setup failed on all available backends

[2026-08-25 03:37:57] ip-172-31-24-247:437:437 [4] gin/gin_host.cc:229 (ncclGinValidateSignalRequest) NCCL WARN GIN strong sign
[2026-08-25 03:37:57] ip-172-31-24-247:439:439 [6] gin/gin_host.cc:229 (ncclGinValidateSignalRequest) NCCL WARN GIN strong sign
[2026-08-25 03:37:57] ip-172-31-24-247:438:438 [5] gin/gin_host.cc:229 (ncclGinValidateSignalRequest) NCCL WARN GIN strong signals are required, but the GIN plugin does not support them.
als are required, but the GIN plugin does not support them.
als are required, but the GIN plugin does not support them.

[2026-08-25 03:37:57] ip-172-31-24-247:437:437 [4] gin/gin_host.cc:440 (ncclGinDevCommSetup) NCCL WARN GIN: DevComm setup faile
[2026-08-25 03:37:57] ip-172-31-24-247:439:439 [6] gin/gin_host.cc:440 (ncclGinDevCommSetup) NCCL WARN GIN: DevComm setup faile
[2026-08-25 03:37:57] ip-172-31-24-247:438:438 [5] gin/gin_host.cc:440 (ncclGinDevCommSetup) NCCL WARN GIN: DevComm setup failed on all available backends
d on all available backends
d on all available backends

[2026-08-25 03:37:57] ip-172-31-24-247:440:440 [7] gin/gin_host.cc:229 (ncclGinValidateSignalRequest) NCCL WARN GIN strong signals are required, but the GIN plugin does not support them.

[2026-08-25 03:37:57] ip-172-31-24-247:440:440 [7] gin/gin_host.cc:440 (ncclGinDevCommSetup) NCCL WARN GIN: DevComm setup failed on all available backends
W0825 03:37:59.578000 366 torch/multiprocessing/spawn.py:165] Terminating process 433 via signal SIGTERM
W0825 03:37:59.579000 366 torch/multiprocessing/spawn.py:165] Terminating process 434 via signal SIGTERM
W0825 03:37:59.579000 366 torch/multiprocessing/spawn.py:165] Terminating process 435 via signal SIGTERM
W0825 03:37:59.579000 366 torch/multiprocessing/spawn.py:165] Terminating process 437 via signal SIGTERM
W0825 03:37:59.579000 366 torch/multiprocessing/spawn.py:165] Terminating process 438 via signal SIGTERM
W0825 03:37:59.579000 366 torch/multiprocessing/spawn.py:165] Terminating process 439 via signal SIGTERM
W0825 03:37:59.579000 366 torch/multiprocessing/spawn.py:165] Terminating process 440 via signal SIGTERM
Traceback (most recent call last):
  File "/opt/DeepEP/tests/elastic/test_ep.py", line 609, in <module>
    torch.multiprocessing.spawn(test_loop, args=(num_processes, args), nprocs=num_processes)
  File "/usr/local/lib/python3.12/dist-packages/torch/multiprocessing/spawn.py", line 340, in spawn
    return start_processes(fn, args, nprocs, join, daemon, start_method="spawn")
           ^^^^^^^^^^^^^^^^^^^^^^^^^^^^^^^^^^^^^^^^^^^^^^^^^^^^^^^^^^^^^^^^^^^^^
  File "/usr/local/lib/python3.12/dist-packages/torch/multiprocessing/spawn.py", line 296, in start_processes
    while not context.join():
              ^^^^^^^^^^^^^^
  File "/usr/local/lib/python3.12/dist-packages/torch/multiprocessing/spawn.py", line 211, in join
    raise ProcessRaisedException(msg, error_index, failed_process.pid)
torch.multiprocessing.spawn.ProcessRaisedException: 

-- Process 3 terminated with the following error:
Traceback (most recent call last):
  File "/usr/local/lib/python3.12/dist-packages/torch/multiprocessing/spawn.py", line 87, in _wrap
    fn(i, *args)
  File "/usr/local/lib/python3.12/dist-packages/torch/utils/_contextlib.py", line 124, in decorate_context
    return func(*args, **kwargs)
           ^^^^^^^^^^^^^^^^^^^^^
  File "/opt/DeepEP/tests/elastic/test_ep.py", line 536, in test_loop
    buffer = construct_elastic_buffer()
             ^^^^^^^^^^^^^^^^^^^^^^^^^^
  File "/opt/DeepEP/tests/elastic/test_ep.py", line 524, in construct_elastic_buffer
    return deep_ep.ElasticBuffer(group,
           ^^^^^^^^^^^^^^^^^^^^^^^^^^^^
  File "/usr/local/lib/python3.12/dist-packages/deep_ep-2.1.0+ec623f3-py3.12-linux-x86_64.egg/deep_ep/buffers/elastic.py", line 358, in __init__
    self.runtime = _C.ElasticBuffer(group.rank(), group.size(),
                   ^^^^^^^^^^^^^^^^^^^^^^^^^^^^^^^^^^^^^^^^^^^^
RuntimeError: NCCL exception (/opt/DeepEP/csrc/kernels/backend/nccl.cu:217): 3 (GIN: DevComm setup failed on all available backends)

