=== EP_NIC_NAME=rdmap110s0 (auto, 200 Gb/s) ===
+ docker run --rm --gpus all --privileged --network=host --ipc=host --ulimit memlock=-1 --ulimit stack=67108864 --device=/dev/infiniband --device=/dev/gdrdrv -v /sys/class/infiniband:/sys/class/infiniband:ro -e MASTER_ADDR=172.31.20.74 -e MASTER_PORT=29601 -e WORLD_SIZE=2 -e RANK=1 -e NCCL_DEBUG=WARN -e EP_NIC_NAME=rdmap110s0 -e PYTHONUNBUFFERED=1 -e PYTHONFAULTHANDLER=1 deepep-v2-efa-official:dev bash -lc 'timeout -s ABRT --kill-after=60 1500     python3 -u /opt/DeepEP/tests/elastic/test_ep.py     --num-processes=8 --num-tokens=8192     --hidden=7168 --num-topk=8 --num-experts=256     --num-sms=12 --allow-hybrid-mode=1     --prefer-overlap-with-compute=0 --test-first-only      '

==========
== CUDA ==
==========

CUDA Version 13.0.2

Container image Copyright (c) 2016-2023, NVIDIA CORPORATION & AFFILIATES. All rights reserved.

This container image and its contents are governed by the NVIDIA Deep Learning Container License.
By pulling and using the container, you accept the terms and conditions of this license:
https://developer.nvidia.com/ngc/nvidia-deep-learning-container-license

A copy of this license is made available in this container at /NGC-DL-CONTAINER-LICENSE for your convenience.

DeepEP hybrid kernel selection: unordered
DeepEP hybrid kernel selection: unordered
DeepEP hybrid kernel selection: unordered
DeepEP hybrid kernel selection: unordered
DeepEP hybrid kernel selection: unordered
DeepEP hybrid kernel selection: unordered
DeepEP hybrid kernel selection: unordered
DeepEP hybrid kernel selection: unordered
DeepEP hybrid kernel selection: unordered
DeepEP hybrid kernel selection: unordered
DeepEP hybrid kernel selection: unordered
DeepEP hybrid kernel selection: unordered
DeepEP hybrid kernel selection: unordered
DeepEP hybrid kernel selection: unordered
DeepEP hybrid kernel selection: unordered
DeepEP hybrid kernel selection: unordered
Config:
 > Ranks: 2 x 8
 > Experts: 8/256
 > Tokens: 8184 (max: 8192), hidden: 7168
 > #SM: 12, #QPs: 11/11

Running all test cases:
 > Testing with do_handle_copy=1, expert_alignment=128, use_fp8_dispatch=1, num_bias=0, with_previous_event=0, async_with_compute_stream=0, allocate_on_comm_stream=0 ...
USDT:2026-08-25 03:00:32 432:432 SyncActivityProfilerHandler.cpp:52] profiler_startUSDT:2026-08-25 03:00:32 438:438 SyncActivityProfilerHandler.cpp:52] profiler_startUSDT:2026-08-25 03:00:32 433:433 SyncActivityProfilerHandler.cpp:52] profiler_startUSDT:2026-08-25 03:00:32 436:436 SyncActivityProfilerHandler.cpp:52] profiler_startUSDT:2026-08-25 03:00:32 435:435 SyncActivityProfilerHandler.cpp:52] profiler_startUSDT:2026-08-25 03:00:32 437:437 SyncActivityProfilerHandler.cpp:52] profiler_startUSDT:2026-08-25 03:00:32 431:431 SyncActivityProfilerHandler.cpp:52] profiler_start






USDT:2026-08-25 03:00:32 434:434 SyncActivityProfilerHandler.cpp:52] profiler_start
USDT:2026-08-25 03:00:32 433:433 SyncActivityProfilerHandler.cpp:59] profiler_stopUSDT:2026-08-25 03:00:32 435:435 SyncActivityProfilerHandler.cpp:59] profiler_stopUSDT:2026-08-25 03:00:32 438:438 SyncActivityProfilerHandler.cpp:59] profiler_stopUSDT:2026-08-25 03:00:32 432:432 SyncActivityProfilerHandler.cpp:59] profiler_stopUSDT:2026-08-25 03:00:32 434:434 SyncActivityProfilerHandler.cpp:59] profiler_stop
USDT:2026-08-25 03:00:32 436:436 SyncActivityProfilerHandler.cpp:59] profiler_stop

USDT:2026-08-25 03:00:32 431:431 SyncActivityProfilerHandler.cpp:59] profiler_stop
USDT:2026-08-25 03:00:32 437:437 SyncActivityProfilerHandler.cpp:59] profiler_stop



   * EP:  14/16 | dispatch: 74 GB/s (SO), 244 GB/s (SU), 1640.000 us, 400525632 bytes | copy: 2856 GB/s, 280.478 us
   * EP:   9/16 | dispatch: 74 GB/s (SO), 243 GB/s (SU), 1640.000 us, 398795904 bytes | copy: 3026 GB/s, 263.609 us
   * EP:  12/16 | dispatch: 74 GB/s (SO), 245 GB/s (SU), 1640.000 us, 401401728 bytes | copy: 3081 GB/s, 260.550 us
   * EP:   8/16 | dispatch: 74 GB/s (SO), 244 GB/s (SU), 1640.000 us, 400166208 bytes | copy: 2773 GB/s, 288.626 us
   * EP:  15/16 | dispatch: 74 GB/s (SO), 245 GB/s (SU), 1640.000 us, 401903424 bytes | copy: 3077 GB/s, 261.255 us
   * EP:  10/16 | dispatch: 74 GB/s (SO), 245 GB/s (SU), 1640.000 us, 401289408 bytes | copy: 2801 GB/s, 286.519 us
   * EP:  13/16 | dispatch: 74 GB/s (SO), 243 GB/s (SU), 1640.000 us, 398728512 bytes | copy: 2755 GB/s, 289.489 us
   * EP:  11/16 | dispatch: 74 GB/s (SO), 244 GB/s (SU), 1640.000 us, 400203648 bytes | copy: 2865 GB/s, 279.348 us
USDT:2026-08-25 03:00:33 437:437 SyncActivityProfilerHandler.cpp:52] profiler_startUSDT:2026-08-25 03:00:33 434:434 SyncActivityProfilerHandler.cpp:52] profiler_startUSDT:2026-08-25 03:00:33 438:438 SyncActivityProfilerHandler.cpp:52] profiler_startUSDT:2026-08-25 03:00:33 432:432 SyncActivityProfilerHandler.cpp:52] profiler_start


USDT:2026-08-25 03:00:33 436:436 SyncActivityProfilerHandler.cpp:52] profiler_start
USDT:2026-08-25 03:00:33 435:435 SyncActivityProfilerHandler.cpp:52] profiler_startUSDT:2026-08-25 03:00:33 433:433 SyncActivityProfilerHandler.cpp:52] profiler_start
USDT:2026-08-25 03:00:33 431:431 SyncActivityProfilerHandler.cpp:52] profiler_start


   - EP:  14/16 | expanded dispatch: 75 GB/s (SO), 245 GB/s (SU), 1635.000 us, 400525632 bytes | copy: 2521 GB/s, 357.803 us
   - EP:   8/16 | expanded dispatch: 75 GB/s (SO), 245 GB/s (SU), 1635.000 us, 400166208 bytes | copy: 2523 GB/s, 357.591 us
   - EP:   9/16 | expanded dispatch: 75 GB/s (SO), 244 GB/s (SU), 1635.000 us, 398795904 bytes | copy: 2696 GB/s, 331.977 us
USDT:2026-08-25 03:00:33 433:433 SyncActivityProfilerHandler.cpp:59] profiler_stopUSDT:2026-08-25 03:00:33 436:436 SyncActivityProfilerHandler.cpp:59] profiler_stopUSDT:2026-08-25 03:00:33 431:431 SyncActivityProfilerHandler.cpp:59] profiler_stop
USDT:2026-08-25 03:00:33 432:432 SyncActivityProfilerHandler.cpp:59] profiler_stop
USDT:2026-08-25 03:00:33 434:434 SyncActivityProfilerHandler.cpp:59] profiler_stop


USDT:2026-08-25 03:00:33 438:438 SyncActivityProfilerHandler.cpp:59] profiler_stop
USDT:2026-08-25 03:00:33 437:437 SyncActivityProfilerHandler.cpp:59] profiler_stopUSDT:2026-08-25 03:00:33 435:435 SyncActivityProfilerHandler.cpp:59] profiler_stop

   - EP:  12/16 | expanded dispatch: 75 GB/s (SO), 246 GB/s (SU), 1635.000 us, 401401728 bytes | copy: 2745 GB/s, 329.214 us
   - EP:  10/16 | expanded dispatch: 75 GB/s (SO), 245 GB/s (SU), 1635.000 us, 401289408 bytes | copy: 2497 GB/s, 361.460 us
   - EP:  13/16 | expanded dispatch: 75 GB/s (SO), 244 GB/s (SU), 1635.000 us, 398728512 bytes | copy: 2511 GB/s, 357.276 us
   - EP:  15/16 | expanded dispatch: 75 GB/s (SO), 246 GB/s (SU), 1635.000 us, 401903424 bytes | copy: 2676 GB/s, 337.937 us
   - EP:  11/16 | expanded dispatch: 75 GB/s (SO), 245 GB/s (SU), 1635.000 us, 400203648 bytes | copy: 2666 GB/s, 338.083 us
USDT:2026-08-25 03:00:34 436:436 SyncActivityProfilerHandler.cpp:52] profiler_startUSDT:2026-08-25 03:00:34 434:434 SyncActivityProfilerHandler.cpp:52] profiler_startUSDT:2026-08-25 03:00:34 432:432 SyncActivityProfilerHandler.cpp:52] profiler_startUSDT:2026-08-25 03:00:34 437:437 SyncActivityProfilerHandler.cpp:52] profiler_startUSDT:2026-08-25 03:00:34 433:433 SyncActivityProfilerHandler.cpp:52] profiler_startUSDT:2026-08-25 03:00:34 435:435 SyncActivityProfilerHandler.cpp:52] profiler_start




USDT:2026-08-25 03:00:34 431:431 SyncActivityProfilerHandler.cpp:52] profiler_startUSDT:2026-08-25 03:00:34 438:438 SyncActivityProfilerHandler.cpp:52] profiler_start


USDT:2026-08-25 03:00:34 434:434 SyncActivityProfilerHandler.cpp:59] profiler_stopUSDT:2026-08-25 03:00:34 436:436 SyncActivityProfilerHandler.cpp:59] profiler_stopUSDT:2026-08-25 03:00:34 431:431 SyncActivityProfilerHandler.cpp:59] profiler_stopUSDT:2026-08-25 03:00:34 433:433 SyncActivityProfilerHandler.cpp:59] profiler_stop

USDT:2026-08-25 03:00:34 432:432 SyncActivityProfilerHandler.cpp:59] profiler_stop

USDT:2026-08-25 03:00:34 437:437 SyncActivityProfilerHandler.cpp:59] profiler_stop

USDT:2026-08-25 03:00:34 438:438 SyncActivityProfilerHandler.cpp:59] profiler_stop
USDT:2026-08-25 03:00:34 435:435 SyncActivityProfilerHandler.cpp:59] profiler_stop
   # EP:   9/16 | cached dispatch: 74 GB/s (SO), 242 GB/s (SU), 1648.000 us, 398795904 bytes | copy: 2953 GB/s, 270.071 us
   # EP:  14/16 | cached dispatch: 74 GB/s (SO), 243 GB/s (SU), 1648.000 us, 400525632 bytes | copy: 2801 GB/s, 286.008 us
   # EP:   8/16 | cached dispatch: 74 GB/s (SO), 243 GB/s (SU), 1648.000 us, 400166208 bytes | copy: 2731 GB/s, 293.102 us
   # EP:  10/16 | cached dispatch: 74 GB/s (SO), 244 GB/s (SU), 1648.000 us, 401289408 bytes | copy: 2818 GB/s, 284.839 us
   # EP:  12/16 | cached dispatch: 74 GB/s (SO), 244 GB/s (SU), 1648.000 us, 401401728 bytes | copy: 3156 GB/s, 254.341 us
   # EP:  13/16 | cached dispatch: 74 GB/s (SO), 242 GB/s (SU), 1648.000 us, 398728512 bytes | copy: 2737 GB/s, 291.364 us
   # EP:  15/16 | cached dispatch: 74 GB/s (SO), 244 GB/s (SU), 1648.000 us, 401903424 bytes | copy: 3075 GB/s, 261.382 us
   # EP:  11/16 | cached dispatch: 74 GB/s (SO), 243 GB/s (SU), 1648.000 us, 400203648 bytes | copy: 2928 GB/s, 273.361 us
USDT:2026-08-25 03:00:35 436:436 SyncActivityProfilerHandler.cpp:52] profiler_startUSDT:2026-08-25 03:00:35 431:431 SyncActivityProfilerHandler.cpp:52] profiler_start

USDT:2026-08-25 03:00:35 433:433 SyncActivityProfilerHandler.cpp:52] profiler_start
USDT:2026-08-25 03:00:35 432:432 SyncActivityProfilerHandler.cpp:52] profiler_start
USDT:2026-08-25 03:00:35 435:435 SyncActivityProfilerHandler.cpp:52] profiler_start
USDT:2026-08-25 03:00:35 434:434 SyncActivityProfilerHandler.cpp:52] profiler_start
USDT:2026-08-25 03:00:35 437:437 SyncActivityProfilerHandler.cpp:52] profiler_start
USDT:2026-08-25 03:00:35 438:438 SyncActivityProfilerHandler.cpp:52] profiler_start
   @ EP:  13/16 | combine: 74 GB/s (SO), 241 GB/s (SU), 3177.000 us, 765081632 bytes | reduce: 3664 GB/s, 96.021 us
   @ EP:  10/16 | combine: 73 GB/s (SO), 241 GB/s (SU), 3190.000 us, 769995488 bytes | reduce: 3659 GB/s, 96.173 us
   @ EP:  12/16 | combine: 72 GB/s (SO), 238 GB/s (SU), 3233.000 us, 770211008 bytes | reduce: 3670 GB/s, 95.846 us
   @ EP:   8/16 | combine: 74 GB/s (SO), 242 GB/s (SU), 3178.000 us, 767840288 bytes | reduce: 3659 GB/s, 96.214 us
   @ EP:  11/16 | combine: 73 GB/s (SO), 238 GB/s (SU), 3229.000 us, 767912128 bytes | reduce: 3674 GB/s, 95.766 us
   @ EP:   9/16 | combine: 73 GB/s (SO), 238 GB/s (SU), 3214.000 us, 765210944 bytes | reduce: 3665 GB/s, 96.039 us
   @ EP:  14/16 | combine: 72 GB/s (SO), 236 GB/s (SU), 3260.000 us, 768529952 bytes | reduce: 3668 GB/s, 95.915 us
   @ EP:  15/16 | combine: 65 GB/s (SO), 214 GB/s (SU), 3609.000 us, 771173664 bytes | reduce: 3670 GB/s, 95.752 us
USDT:2026-08-25 03:00:35 431:431 SyncActivityProfilerHandler.cpp:59] profiler_stopUSDT:2026-08-25 03:00:35 436:436 SyncActivityProfilerHandler.cpp:59] profiler_stop

USDT:2026-08-25 03:00:35 433:433 SyncActivityProfilerHandler.cpp:59] profiler_stop
USDT:2026-08-25 03:00:35 432:432 SyncActivityProfilerHandler.cpp:59] profiler_stop
USDT:2026-08-25 03:00:35 434:434 SyncActivityProfilerHandler.cpp:59] profiler_stop
USDT:2026-08-25 03:00:35 435:435 SyncActivityProfilerHandler.cpp:59] profiler_stop
USDT:2026-08-25 03:00:35 437:437 SyncActivityProfilerHandler.cpp:59] profiler_stop
USDT:2026-08-25 03:00:35 438:438 SyncActivityProfilerHandler.cpp:59] profiler_stop
USDT:2026-08-25 03:00:36 431:431 SyncActivityProfilerHandler.cpp:52] profiler_start
USDT:2026-08-25 03:00:36 433:433 SyncActivityProfilerHandler.cpp:52] profiler_start
   + EP:  14/16 | reduced combine: 58 GB/s (SO), 189 GB/s (SU), 4075.000 us, 768529952 bytes | reduce: 3679 GB/s, 95.639 us
   + EP:   8/16 | reduced combine: 60 GB/s (SO), 196 GB/s (SU), 3921.000 us, 767840288 bytes | reduce: 3663 GB/s, 96.103 us
   + EP:  10/16 | reduced combine: 59 GB/s (SO), 194 GB/s (SU), 3967.000 us, 769995488 bytes | reduce: 3669 GB/s, 95.922 us
   + EP:   9/16 | reduced combine: 57 GB/s (SO), 188 GB/s (SU), 4081.000 us, 765210944 bytes | reduce: 3678 GB/s, 95.684 us
   + EP:  12/16 | reduced combine: 57 GB/s (SO), 189 GB/s (SU), 4080.000 us, 770211008 bytes | reduce: 3679 GB/s, 95.610 us
   + EP:  15/16 | reduced combine: 55 GB/s (SO), 181 GB/s (SU), 4265.000 us, 771173664 bytes | reduce: 3689 GB/s, 95.278 us
   + EP:  11/16 | reduced combine: 58 GB/s (SO), 191 GB/s (SU), 4020.000 us, 767912128 bytes | reduce: 3674 GB/s, 95.745 us
   + EP:  13/16 | reduced combine: 59 GB/s (SO), 192 GB/s (SU), 3977.000 us, 765081632 bytes | reduce: 3675 GB/s, 95.737 us


USDT:2026-08-25 03:00:36 434:434 SyncActivityProfilerHandler.cpp:52] profiler_start
USDT:2026-08-25 03:00:36 436:436 SyncActivityProfilerHandler.cpp:52] profiler_start
USDT:2026-08-25 03:00:36 432:432 SyncActivityProfilerHandler.cpp:52] profiler_start
USDT:2026-08-25 03:00:36 437:437 SyncActivityProfilerHandler.cpp:52] profiler_startUSDT:2026-08-25 03:00:36 435:435 SyncActivityProfilerHandler.cpp:52] profiler_start

USDT:2026-08-25 03:00:36 438:438 SyncActivityProfilerHandler.cpp:52] profiler_start
USDT:2026-08-25 03:00:36 431:431 SyncActivityProfilerHandler.cpp:59] profiler_stop
USDT:2026-08-25 03:00:36 436:436 SyncActivityProfilerHandler.cpp:59] profiler_stopUSDT:2026-08-25 03:00:36 433:433 SyncActivityProfilerHandler.cpp:59] profiler_stop

USDT:2026-08-25 03:00:36 434:434 SyncActivityProfilerHandler.cpp:59] profiler_stop
USDT:2026-08-25 03:00:36 437:437 SyncActivityProfilerHandler.cpp:59] profiler_stopUSDT:2026-08-25 03:00:36 432:432 SyncActivityProfilerHandler.cpp:59] profiler_stop

USDT:2026-08-25 03:00:36 435:435 SyncActivityProfilerHandler.cpp:59] profiler_stop
USDT:2026-08-25 03:00:36 438:438 SyncActivityProfilerHandler.cpp:59] profiler_stop
