=== EP_NIC_NAME=rdmap110s0 (auto, 200 Gb/s) ===
+ docker run --rm --gpus all --privileged --network=host --ipc=host --ulimit memlock=-1 --ulimit stack=67108864 --device=/dev/infiniband --device=/dev/gdrdrv -v /sys/class/infiniband:/sys/class/infiniband:ro -e MASTER_ADDR=172.31.20.74 -e MASTER_PORT=29651 -e WORLD_SIZE=2 -e RANK=1 -e NCCL_DEBUG=WARN -e EP_NIC_NAME=rdmap110s0 -e OFI_NCCL_GIN_STRONG_SIGNAL=1 -e FI_EFA_USE_HW_CNTR=1 -e NCCL_RMA_DISABLE=1 -e NCCL_SYM_GIN_KERNELS_ENABLE=0 -e NCCL_GIN_TYPE=5 -e PYTHONUNBUFFERED=1 -e PYTHONFAULTHANDLER=1 deepep-v2-efa-official:dev bash -lc 'timeout -s ABRT --kill-after=60 1500     python3 -u /opt/DeepEP/tests/elastic/test_ep.py     --num-processes=8 --num-tokens=128     --hidden=7168 --num-topk=8 --num-experts=256     --num-sms=12 --allow-hybrid-mode=1     --prefer-overlap-with-compute=0 --test-first-only      '

==========
== CUDA ==
==========

CUDA Version 13.0.2

Container image Copyright (c) 2016-2023, NVIDIA CORPORATION & AFFILIATES. All rights reserved.

This container image and its contents are governed by the NVIDIA Deep Learning Container License.
By pulling and using the container, you accept the terms and conditions of this license:
https://developer.nvidia.com/ngc/nvidia-deep-learning-container-license

A copy of this license is made available in this container at /NGC-DL-CONTAINER-LICENSE for your convenience.

DeepEP hybrid kernel selection: unordered
DeepEP hybrid kernel selection: unordered
DeepEP hybrid kernel selection: unordered
DeepEP hybrid kernel selection: unordered
DeepEP hybrid kernel selection: unordered
DeepEP hybrid kernel selection: unordered
DeepEP hybrid kernel selection: unordered
DeepEP hybrid kernel selection: unordered
DeepEP hybrid kernel selection: unordered
DeepEP hybrid kernel selection: unordered
DeepEP hybrid kernel selection: unordered
DeepEP hybrid kernel selection: unordered
DeepEP hybrid kernel selection: unordered
DeepEP hybrid kernel selection: unordered
DeepEP hybrid kernel selection: unordered
DeepEP hybrid kernel selection: unordered
Config:
 > Ranks: 2 x 8
 > Experts: 8/256
 > Tokens: 120 (max: 128), hidden: 7168
 > #SM: 12, #QPs: 11/11

Running all test cases:
 > Testing with do_handle_copy=1, expert_alignment=128, use_fp8_dispatch=1, num_bias=0, with_previous_event=0, async_with_compute_stream=0, allocate_on_comm_stream=0 ...
USDT:2026-08-25 03:35:49 439:439 SyncActivityProfilerHandler.cpp:52] profiler_startUSDT:2026-08-25 03:35:49 438:438 SyncActivityProfilerHandler.cpp:52] profiler_startUSDT:2026-08-25 03:35:49 436:436 SyncActivityProfilerHandler.cpp:52] profiler_startUSDT:2026-08-25 03:35:49 440:440 SyncActivityProfilerHandler.cpp:52] profiler_startUSDT:2026-08-25 03:35:49 437:437 SyncActivityProfilerHandler.cpp:52] profiler_startUSDT:2026-08-25 03:35:49 434:434 SyncActivityProfilerHandler.cpp:52] profiler_startUSDT:2026-08-25 03:35:49 433:433 SyncActivityProfilerHandler.cpp:52] profiler_startUSDT:2026-08-25 03:35:49 435:435 SyncActivityProfilerHandler.cpp:52] profiler_start







USDT:2026-08-25 03:35:50 438:438 SyncActivityProfilerHandler.cpp:59] profiler_stopUSDT:2026-08-25 03:35:50 437:437 SyncActivityProfilerHandler.cpp:59] profiler_stopUSDT:2026-08-25 03:35:50 440:440 SyncActivityProfilerHandler.cpp:59] profiler_stopUSDT:2026-08-25 03:35:50 439:439 SyncActivityProfilerHandler.cpp:59] profiler_stopUSDT:2026-08-25 03:35:50 435:435 SyncActivityProfilerHandler.cpp:59] profiler_stop
USDT:2026-08-25 03:35:50 436:436 SyncActivityProfilerHandler.cpp:59] profiler_stop
USDT:2026-08-25 03:35:50 433:433 SyncActivityProfilerHandler.cpp:59] profiler_stop


USDT:2026-08-25 03:35:50 434:434 SyncActivityProfilerHandler.cpp:59] profiler_stop


   * EP:  12/16 | dispatch: 10 GB/s (SO), 36 GB/s (SU), 170.151 us, 6117696 bytes | copy: 860 GB/s, 14.234 us
   * EP:   8/16 | dispatch: 11 GB/s (SO), 34 GB/s (SU), 169.955 us, 5833152 bytes | copy: 1683 GB/s, 6.930 us
   * EP:  10/16 | dispatch: 10 GB/s (SO), 37 GB/s (SU), 170.143 us, 6312384 bytes | copy: 1230 GB/s, 10.267 us
   * EP:  14/16 | dispatch: 10 GB/s (SO), 36 GB/s (SU), 170.180 us, 6162624 bytes | copy: 988 GB/s, 12.475 us
   * EP:  11/16 | dispatch: 10 GB/s (SO), 34 GB/s (SU), 170.063 us, 5698368 bytes | copy: 1147 GB/s, 9.940 us
   * EP:   9/16 | dispatch: 10 GB/s (SO), 34 GB/s (SU), 170.216 us, 5773248 bytes | copy: 1505 GB/s, 7.671 us
   * EP:  15/16 | dispatch: 10 GB/s (SO), 35 GB/s (SU), 170.090 us, 6005376 bytes | copy: 1463 GB/s, 8.209 us
   * EP:  13/16 | dispatch: 10 GB/s (SO), 34 GB/s (SU), 170.277 us, 5728320 bytes | copy: 793 GB/s, 14.449 us
USDT:2026-08-25 03:35:50 435:435 SyncActivityProfilerHandler.cpp:52] profiler_startUSDT:2026-08-25 03:35:50 440:440 SyncActivityProfilerHandler.cpp:52] profiler_startUSDT:2026-08-25 03:35:50 437:437 SyncActivityProfilerHandler.cpp:52] profiler_startUSDT:2026-08-25 03:35:50 438:438 SyncActivityProfilerHandler.cpp:52] profiler_startUSDT:2026-08-25 03:35:50 436:436 SyncActivityProfilerHandler.cpp:52] profiler_startUSDT:2026-08-25 03:35:50 433:433 SyncActivityProfilerHandler.cpp:52] profiler_startUSDT:2026-08-25 03:35:50 439:439 SyncActivityProfilerHandler.cpp:52] profiler_startUSDT:2026-08-25 03:35:50 434:434 SyncActivityProfilerHandler.cpp:52] profiler_start







USDT:2026-08-25 03:35:51 438:438 SyncActivityProfilerHandler.cpp:59] profiler_stopUSDT:2026-08-25 03:35:51 433:433 SyncActivityProfilerHandler.cpp:59] profiler_stopUSDT:2026-08-25 03:35:51 435:435 SyncActivityProfilerHandler.cpp:59] profiler_stop
USDT:2026-08-25 03:35:51 440:440 SyncActivityProfilerHandler.cpp:59] profiler_stopUSDT:2026-08-25 03:35:51 434:434 SyncActivityProfilerHandler.cpp:59] profiler_stopUSDT:2026-08-25 03:35:51 439:439 SyncActivityProfilerHandler.cpp:59] profiler_stop
USDT:2026-08-25 03:35:51 436:436 SyncActivityProfilerHandler.cpp:59] profiler_stopUSDT:2026-08-25 03:35:51 437:437 SyncActivityProfilerHandler.cpp:59] profiler_stop





   - EP:  12/16 | expanded dispatch: 10 GB/s (SO), 36 GB/s (SU), 170.174 us, 6117696 bytes | copy: 1337 GB/s, 15.667 us
   - EP:  10/16 | expanded dispatch: 10 GB/s (SO), 37 GB/s (SU), 170.132 us, 6312384 bytes | copy: 1807 GB/s, 11.727 us
   - EP:  13/16 | expanded dispatch: 10 GB/s (SO), 34 GB/s (SU), 170.233 us, 5728320 bytes | copy: 1331 GB/s, 15.550 us
   - EP:   9/16 | expanded dispatch: 10 GB/s (SO), 34 GB/s (SU), 170.046 us, 5773248 bytes | copy: 2722 GB/s, 7.592 us
   - EP:   8/16 | expanded dispatch: 11 GB/s (SO), 34 GB/s (SU), 169.914 us, 5833152 bytes | copy: 2456 GB/s, 8.440 us
   - EP:  11/16 | expanded dispatch: 10 GB/s (SO), 34 GB/s (SU), 169.968 us, 5698368 bytes | copy: 2193 GB/s, 9.367 us
   - EP:  15/16 | expanded dispatch: 10 GB/s (SO), 35 GB/s (SU), 170.091 us, 6005376 bytes | copy: 2030 GB/s, 10.316 us
   - EP:  14/16 | expanded dispatch: 10 GB/s (SO), 36 GB/s (SU), 170.144 us, 6162624 bytes | copy: 1561 GB/s, 13.462 us
USDT:2026-08-25 03:35:51 437:437 SyncActivityProfilerHandler.cpp:52] profiler_startUSDT:2026-08-25 03:35:51 438:438 SyncActivityProfilerHandler.cpp:52] profiler_startUSDT:2026-08-25 03:35:51 433:433 SyncActivityProfilerHandler.cpp:52] profiler_startUSDT:2026-08-25 03:35:51 439:439 SyncActivityProfilerHandler.cpp:52] profiler_startUSDT:2026-08-25 03:35:51 436:436 SyncActivityProfilerHandler.cpp:52] profiler_startUSDT:2026-08-25 03:35:51 434:434 SyncActivityProfilerHandler.cpp:52] profiler_startUSDT:2026-08-25 03:35:51 435:435 SyncActivityProfilerHandler.cpp:52] profiler_start






USDT:2026-08-25 03:35:51 440:440 SyncActivityProfilerHandler.cpp:52] profiler_start
USDT:2026-08-25 03:35:51 437:437 SyncActivityProfilerHandler.cpp:59] profiler_stopUSDT:2026-08-25 03:35:51 436:436 SyncActivityProfilerHandler.cpp:59] profiler_stopUSDT:2026-08-25 03:35:51 438:438 SyncActivityProfilerHandler.cpp:59] profiler_stop
USDT:2026-08-25 03:35:51 439:439 SyncActivityProfilerHandler.cpp:59] profiler_stopUSDT:2026-08-25 03:35:51 435:435 SyncActivityProfilerHandler.cpp:59] profiler_stop

USDT:2026-08-25 03:35:51 434:434 SyncActivityProfilerHandler.cpp:59] profiler_stop

USDT:2026-08-25 03:35:51 440:440 SyncActivityProfilerHandler.cpp:59] profiler_stopUSDT:2026-08-25 03:35:51 433:433 SyncActivityProfilerHandler.cpp:59] profiler_stop


   # EP:   8/16 | cached dispatch: 11 GB/s (SO), 35 GB/s (SU), 165.991 us, 5833152 bytes | copy: 1979 GB/s, 5.894 us
   # EP:  12/16 | cached dispatch: 10 GB/s (SO), 37 GB/s (SU), 166.143 us, 6117696 bytes | copy: 869 GB/s, 14.083 us
   # EP:  11/16 | cached dispatch: 11 GB/s (SO), 34 GB/s (SU), 166.073 us, 5698368 bytes | copy: 1280 GB/s, 8.905 us
   # EP:  15/16 | cached dispatch: 10 GB/s (SO), 36 GB/s (SU), 166.154 us, 6005376 bytes | copy: 1265 GB/s, 9.497 us
   # EP:  14/16 | cached dispatch: 10 GB/s (SO), 37 GB/s (SU), 166.109 us, 6162624 bytes | copy: 1132 GB/s, 10.886 us
   # EP:  13/16 | cached dispatch: 10 GB/s (SO), 34 GB/s (SU), 166.269 us, 5728320 bytes | copy: 842 GB/s, 13.614 us
   # EP:   9/16 | cached dispatch: 11 GB/s (SO), 35 GB/s (SU), 166.258 us, 5773248 bytes | copy: 1569 GB/s, 7.359 us
   # EP:  10/16 | cached dispatch: 11 GB/s (SO), 38 GB/s (SU), 166.113 us, 6312384 bytes | copy: 1277 GB/s, 9.883 us
USDT:2026-08-25 03:35:52 438:438 SyncActivityProfilerHandler.cpp:52] profiler_startUSDT:2026-08-25 03:35:52 437:437 SyncActivityProfilerHandler.cpp:52] profiler_startUSDT:2026-08-25 03:35:52 439:439 SyncActivityProfilerHandler.cpp:52] profiler_startUSDT:2026-08-25 03:35:52 436:436 SyncActivityProfilerHandler.cpp:52] profiler_startUSDT:2026-08-25 03:35:52 440:440 SyncActivityProfilerHandler.cpp:52] profiler_start

USDT:2026-08-25 03:35:52 435:435 SyncActivityProfilerHandler.cpp:52] profiler_start

USDT:2026-08-25 03:35:52 434:434 SyncActivityProfilerHandler.cpp:52] profiler_start


USDT:2026-08-25 03:35:52 433:433 SyncActivityProfilerHandler.cpp:52] profiler_start
USDT:2026-08-25 03:35:52 436:436 SyncActivityProfilerHandler.cpp:59] profiler_stopUSDT:2026-08-25 03:35:52 437:437 SyncActivityProfilerHandler.cpp:59] profiler_stopUSDT:2026-08-25 03:35:52 435:435 SyncActivityProfilerHandler.cpp:59] profiler_stop


USDT:2026-08-25 03:35:52 439:439 SyncActivityProfilerHandler.cpp:59] profiler_stopUSDT:2026-08-25 03:35:52 434:434 SyncActivityProfilerHandler.cpp:59] profiler_stopUSDT:2026-08-25 03:35:52 440:440 SyncActivityProfilerHandler.cpp:59] profiler_stop


USDT:2026-08-25 03:35:52 433:433 SyncActivityProfilerHandler.cpp:59] profiler_stop
USDT:2026-08-25 03:35:52 438:438 SyncActivityProfilerHandler.cpp:59] profiler_stop
   @ EP:  12/16 | combine: 21 GB/s (SO), 73 GB/s (SU), 161.238 us, 11738656 bytes | reduce: 986 GB/s, 5.058 us
   @ EP:   8/16 | combine: 21 GB/s (SO), 69 GB/s (SU), 161.257 us, 11192672 bytes | reduce: 1033 GB/s, 4.994 us   @ EP:  14/16 | combine: 21 GB/s (SO), 74 GB/s (SU), 159.073 us, 11824864 bytes | reduce: 1013 GB/s, 4.851 us

   @ EP:  11/16 | combine: 21 GB/s (SO), 68 GB/s (SU), 160.064 us, 10934048 bytes | reduce: 1026 GB/s, 4.900 us   @ EP:   9/16 | combine: 21 GB/s (SO), 69 GB/s (SU), 160.088 us, 11077728 bytes | reduce: 1024 GB/s, 4.994 us   @ EP:  13/16 | combine: 21 GB/s (SO), 69 GB/s (SU), 160.069 us, 10991520 bytes | reduce: 993 GB/s, 4.993 us


   @ EP:  10/16 | combine: 21 GB/s (SO), 75 GB/s (SU), 160.913 us, 12112224 bytes | reduce: 1025 GB/s, 4.949 us
   @ EP:  15/16 | combine: 20 GB/s (SO), 72 GB/s (SU), 159.040 us, 11523136 bytes | reduce: 1003 GB/s, 4.842 us
USDT:2026-08-25 03:35:53 440:440 SyncActivityProfilerHandler.cpp:52] profiler_startUSDT:2026-08-25 03:35:53 437:437 SyncActivityProfilerHandler.cpp:52] profiler_startUSDT:2026-08-25 03:35:53 438:438 SyncActivityProfilerHandler.cpp:52] profiler_start


USDT:2026-08-25 03:35:53 434:434 SyncActivityProfilerHandler.cpp:52] profiler_startUSDT:2026-08-25 03:35:53 433:433 SyncActivityProfilerHandler.cpp:52] profiler_startUSDT:2026-08-25 03:35:53 439:439 SyncActivityProfilerHandler.cpp:52] profiler_startUSDT:2026-08-25 03:35:53 436:436 SyncActivityProfilerHandler.cpp:52] profiler_start



USDT:2026-08-25 03:35:53 435:435 SyncActivityProfilerHandler.cpp:52] profiler_start
USDT:2026-08-25 03:35:53 434:434 SyncActivityProfilerHandler.cpp:59] profiler_stopUSDT:2026-08-25 03:35:53 438:438 SyncActivityProfilerHandler.cpp:59] profiler_stopUSDT:2026-08-25 03:35:53 437:437 SyncActivityProfilerHandler.cpp:59] profiler_stop


USDT:2026-08-25 03:35:53 439:439 SyncActivityProfilerHandler.cpp:59] profiler_stopUSDT:2026-08-25 03:35:53 435:435 SyncActivityProfilerHandler.cpp:59] profiler_stopUSDT:2026-08-25 03:35:53 436:436 SyncActivityProfilerHandler.cpp:59] profiler_stopUSDT:2026-08-25 03:35:53 440:440 SyncActivityProfilerHandler.cpp:59] profiler_stop


USDT:2026-08-25 03:35:53 433:433 SyncActivityProfilerHandler.cpp:59] profiler_stop

   + EP:   9/16 | reduced combine: 19 GB/s (SO), 63 GB/s (SU), 176.471 us, 11077728 bytes | reduce: 1037 GB/s, 4.932 us
   + EP:  12/16 | reduced combine: 19 GB/s (SO), 66 GB/s (SU), 177.483 us, 11738656 bytes | reduce: 1032 GB/s, 4.833 us
   + EP:  11/16 | reduced combine: 19 GB/s (SO), 61 GB/s (SU), 178.947 us, 10934048 bytes | reduce: 1009 GB/s, 4.983 us
   + EP:  15/16 | reduced combine: 18 GB/s (SO), 66 GB/s (SU), 175.346 us, 11523136 bytes | reduce: 978 GB/s, 4.968 us
   + EP:  14/16 | reduced combine: 19 GB/s (SO), 67 GB/s (SU), 175.917 us, 11824864 bytes | reduce: 962 GB/s, 5.107 us
   + EP:  10/16 | reduced combine: 19 GB/s (SO), 68 GB/s (SU), 176.878 us, 12112224 bytes | reduce: 1044 GB/s, 4.859 us   + EP:   8/16 | reduced combine: 19 GB/s (SO), 63 GB/s (SU), 177.200 us, 11192672 bytes | reduce: 982 GB/s, 5.255 us

   + EP:  13/16 | reduced combine: 19 GB/s (SO), 62 GB/s (SU), 176.379 us, 10991520 bytes | reduce: 1033 GB/s, 4.797 us


