=== EP_NIC_NAME=rdmap110s0 (auto, 200 Gb/s) ===
+ docker run --rm --gpus all --privileged --network=host --ipc=host --ulimit memlock=-1 --ulimit stack=67108864 --device=/dev/infiniband --device=/dev/gdrdrv -v /sys/class/infiniband:/sys/class/infiniband:ro -e MASTER_ADDR=172.31.20.74 -e MASTER_PORT=29642 -e WORLD_SIZE=2 -e RANK=1 -e NCCL_DEBUG=WARN -e EP_NIC_NAME=rdmap110s0 -e FI_EFA_USE_HW_CNTR=1 -e PYTHONUNBUFFERED=1 -e PYTHONFAULTHANDLER=1 deepep-v2-efa-official:dev bash -lc 'timeout -s ABRT --kill-after=60 1500     python3 -u /opt/DeepEP/tests/elastic/test_ep.py     --num-processes=8 --num-tokens=128     --hidden=7168 --num-topk=8 --num-experts=256     --num-sms=12 --allow-hybrid-mode=1     --prefer-overlap-with-compute=0 --test-first-only      '

==========
== CUDA ==
==========

CUDA Version 13.0.2

Container image Copyright (c) 2016-2023, NVIDIA CORPORATION & AFFILIATES. All rights reserved.

This container image and its contents are governed by the NVIDIA Deep Learning Container License.
By pulling and using the container, you accept the terms and conditions of this license:
https://developer.nvidia.com/ngc/nvidia-deep-learning-container-license

A copy of this license is made available in this container at /NGC-DL-CONTAINER-LICENSE for your convenience.

DeepEP hybrid kernel selection: unordered
DeepEP hybrid kernel selection: unordered
DeepEP hybrid kernel selection: unordered
DeepEP hybrid kernel selection: unordered
DeepEP hybrid kernel selection: unordered
DeepEP hybrid kernel selection: unordered
DeepEP hybrid kernel selection: unordered
DeepEP hybrid kernel selection: unordered
DeepEP hybrid kernel selection: unordered
DeepEP hybrid kernel selection: unordered
DeepEP hybrid kernel selection: unordered
DeepEP hybrid kernel selection: unordered
DeepEP hybrid kernel selection: unordered
DeepEP hybrid kernel selection: unordered
DeepEP hybrid kernel selection: unordered
DeepEP hybrid kernel selection: unordered
Config:
 > Ranks: 2 x 8
 > Experts: 8/256
 > Tokens: 120 (max: 128), hidden: 7168
 > #SM: 12, #QPs: 11/11

Running all test cases:
 > Testing with do_handle_copy=1, expert_alignment=128, use_fp8_dispatch=1, num_bias=0, with_previous_event=0, async_with_compute_stream=0, allocate_on_comm_stream=0 ...
USDT:2026-08-25 03:25:00 438:438 SyncActivityProfilerHandler.cpp:52] profiler_startUSDT:2026-08-25 03:25:00 437:437 SyncActivityProfilerHandler.cpp:52] profiler_startUSDT:2026-08-25 03:25:00 433:433 SyncActivityProfilerHandler.cpp:52] profiler_startUSDT:2026-08-25 03:25:00 436:436 SyncActivityProfilerHandler.cpp:52] profiler_startUSDT:2026-08-25 03:25:00 440:440 SyncActivityProfilerHandler.cpp:52] profiler_startUSDT:2026-08-25 03:25:00 435:435 SyncActivityProfilerHandler.cpp:52] profiler_startUSDT:2026-08-25 03:25:00 439:439 SyncActivityProfilerHandler.cpp:52] profiler_start



USDT:2026-08-25 03:25:00 434:434 SyncActivityProfilerHandler.cpp:52] profiler_start



USDT:2026-08-25 03:25:01 438:438 SyncActivityProfilerHandler.cpp:59] profiler_stopUSDT:2026-08-25 03:25:01 440:440 SyncActivityProfilerHandler.cpp:59] profiler_stopUSDT:2026-08-25 03:25:01 436:436 SyncActivityProfilerHandler.cpp:59] profiler_stopUSDT:2026-08-25 03:25:01 434:434 SyncActivityProfilerHandler.cpp:59] profiler_stopUSDT:2026-08-25 03:25:01 439:439 SyncActivityProfilerHandler.cpp:59] profiler_stopUSDT:2026-08-25 03:25:01 435:435 SyncActivityProfilerHandler.cpp:59] profiler_stopUSDT:2026-08-25 03:25:01 433:433 SyncActivityProfilerHandler.cpp:59] profiler_stop






USDT:2026-08-25 03:25:01 437:437 SyncActivityProfilerHandler.cpp:59] profiler_stop
   * EP:   9/16 | dispatch: 5 GB/s (SO), 15 GB/s (SU), 382.373 us, 5773248 bytes | copy: 104 GB/s, 110.815 us
   * EP:  13/16 | dispatch: 5 GB/s (SO), 15 GB/s (SU), 382.177 us, 5728320 bytes | copy: 91 GB/s, 126.202 us
   * EP:  10/16 | dispatch: 5 GB/s (SO), 17 GB/s (SU), 382.011 us, 6312384 bytes | copy: 975 GB/s, 12.950 us
   * EP:  14/16 | dispatch: 4 GB/s (SO), 16 GB/s (SU), 382.173 us, 6162624 bytes | copy: 98 GB/s, 125.173 us
   * EP:  12/16 | dispatch: 5 GB/s (SO), 16 GB/s (SU), 382.313 us, 6117696 bytes | copy: 363 GB/s, 33.744 us
   * EP:   8/16 | dispatch: 5 GB/s (SO), 15 GB/s (SU), 382.202 us, 5833152 bytes | copy: 108 GB/s, 108.510 us
   * EP:  15/16 | dispatch: 4 GB/s (SO), 16 GB/s (SU), 382.210 us, 6005376 bytes | copy: 466 GB/s, 25.758 us
   * EP:  11/16 | dispatch: 5 GB/s (SO), 15 GB/s (SU), 381.932 us, 5698368 bytes | copy: 822 GB/s, 13.872 us
USDT:2026-08-25 03:25:01 434:434 SyncActivityProfilerHandler.cpp:52] profiler_startUSDT:2026-08-25 03:25:01 438:438 SyncActivityProfilerHandler.cpp:52] profiler_startUSDT:2026-08-25 03:25:01 433:433 SyncActivityProfilerHandler.cpp:52] profiler_startUSDT:2026-08-25 03:25:01 435:435 SyncActivityProfilerHandler.cpp:52] profiler_startUSDT:2026-08-25 03:25:01 436:436 SyncActivityProfilerHandler.cpp:52] profiler_start
USDT:2026-08-25 03:25:01 440:440 SyncActivityProfilerHandler.cpp:52] profiler_start


USDT:2026-08-25 03:25:01 439:439 SyncActivityProfilerHandler.cpp:52] profiler_startUSDT:2026-08-25 03:25:01 437:437 SyncActivityProfilerHandler.cpp:52] profiler_start



USDT:2026-08-25 03:25:01 434:434 SyncActivityProfilerHandler.cpp:59] profiler_stop
USDT:2026-08-25 03:25:01 436:436 SyncActivityProfilerHandler.cpp:59] profiler_stopUSDT:2026-08-25 03:25:01 438:438 SyncActivityProfilerHandler.cpp:59] profiler_stop
USDT:2026-08-25 03:25:01 435:435 SyncActivityProfilerHandler.cpp:59] profiler_stopUSDT:2026-08-25 03:25:01 440:440 SyncActivityProfilerHandler.cpp:59] profiler_stopUSDT:2026-08-25 03:25:01 437:437 SyncActivityProfilerHandler.cpp:59] profiler_stopUSDT:2026-08-25 03:25:01 439:439 SyncActivityProfilerHandler.cpp:59] profiler_stopUSDT:2026-08-25 03:25:01 433:433 SyncActivityProfilerHandler.cpp:59] profiler_stop





   - EP:  10/16 | expanded dispatch: 5 GB/s (SO), 17 GB/s (SU), 377.994 us, 6312384 bytes | copy: 1295 GB/s, 16.364 us
   - EP:   9/16 | expanded dispatch: 5 GB/s (SO), 15 GB/s (SU), 378.341 us, 5773248 bytes | copy: 183 GB/s, 112.886 us
   - EP:  14/16 | expanded dispatch: 5 GB/s (SO), 16 GB/s (SU), 378.191 us, 6162624 bytes | copy: 165 GB/s, 127.026 us
   - EP:  12/16 | expanded dispatch: 5 GB/s (SO), 16 GB/s (SU), 378.279 us, 6117696 bytes | copy: 686 GB/s, 30.547 us
   - EP:  13/16 | expanded dispatch: 5 GB/s (SO), 15 GB/s (SU), 378.213 us, 5728320 bytes | copy: 168 GB/s, 123.189 us
   - EP:  11/16 | expanded dispatch: 5 GB/s (SO), 15 GB/s (SU), 377.911 us, 5698368 bytes | copy: 1933 GB/s, 10.624 us
   - EP:   8/16 | expanded dispatch: 5 GB/s (SO), 15 GB/s (SU), 378.244 us, 5833152 bytes | copy: 197 GB/s, 105.255 us
   - EP:  15/16 | expanded dispatch: 4 GB/s (SO), 16 GB/s (SU), 378.182 us, 6005376 bytes | copy: 1143 GB/s, 18.333 us
USDT:2026-08-25 03:25:02 436:436 SyncActivityProfilerHandler.cpp:52] profiler_startUSDT:2026-08-25 03:25:02 435:435 SyncActivityProfilerHandler.cpp:52] profiler_startUSDT:2026-08-25 03:25:02 438:438 SyncActivityProfilerHandler.cpp:52] profiler_startUSDT:2026-08-25 03:25:02 437:437 SyncActivityProfilerHandler.cpp:52] profiler_startUSDT:2026-08-25 03:25:02 434:434 SyncActivityProfilerHandler.cpp:52] profiler_startUSDT:2026-08-25 03:25:02 433:433 SyncActivityProfilerHandler.cpp:52] profiler_start
USDT:2026-08-25 03:25:02 440:440 SyncActivityProfilerHandler.cpp:52] profiler_startUSDT:2026-08-25 03:25:02 439:439 SyncActivityProfilerHandler.cpp:52] profiler_start






USDT:2026-08-25 03:25:02 438:438 SyncActivityProfilerHandler.cpp:59] profiler_stopUSDT:2026-08-25 03:25:02 437:437 SyncActivityProfilerHandler.cpp:59] profiler_stopUSDT:2026-08-25 03:25:02 436:436 SyncActivityProfilerHandler.cpp:59] profiler_stopUSDT:2026-08-25 03:25:02 435:435 SyncActivityProfilerHandler.cpp:59] profiler_stopUSDT:2026-08-25 03:25:02 440:440 SyncActivityProfilerHandler.cpp:59] profiler_stopUSDT:2026-08-25 03:25:02 439:439 SyncActivityProfilerHandler.cpp:59] profiler_stop





USDT:2026-08-25 03:25:02 434:434 SyncActivityProfilerHandler.cpp:59] profiler_stopUSDT:2026-08-25 03:25:02 433:433 SyncActivityProfilerHandler.cpp:59] profiler_stop

   # EP:  13/16 | cached dispatch: 5 GB/s (SO), 15 GB/s (SU), 373.525 us, 5728320 bytes | copy: 96 GB/s, 119.222 us
   # EP:  15/16 | cached dispatch: 5 GB/s (SO), 16 GB/s (SU), 373.477 us, 6005376 bytes | copy: 671 GB/s, 17.891 us
   # EP:  10/16 | cached dispatch: 5 GB/s (SO), 17 GB/s (SU), 373.298 us, 6312384 bytes | copy: 934 GB/s, 13.510 us   # EP:   9/16 | cached dispatch: 5 GB/s (SO), 15 GB/s (SU), 373.500 us, 5773248 bytes | copy: 107 GB/s, 107.417 us

   # EP:  12/16 | cached dispatch: 5 GB/s (SO), 16 GB/s (SU), 373.567 us, 6117696 bytes | copy: 483 GB/s, 25.349 us
   # EP:  11/16 | cached dispatch: 5 GB/s (SO), 15 GB/s (SU), 373.276 us, 5698368 bytes | copy: 1021 GB/s, 11.159 us
   # EP:   8/16 | cached dispatch: 5 GB/s (SO), 16 GB/s (SU), 373.542 us, 5833152 bytes | copy: 112 GB/s, 104.381 us
   # EP:  14/16 | cached dispatch: 5 GB/s (SO), 16 GB/s (SU), 373.514 us, 6162624 bytes | copy: 100 GB/s, 122.645 us
USDT:2026-08-25 03:25:03 438:438 SyncActivityProfilerHandler.cpp:52] profiler_startUSDT:2026-08-25 03:25:03 434:434 SyncActivityProfilerHandler.cpp:52] profiler_start

USDT:2026-08-25 03:25:03 439:439 SyncActivityProfilerHandler.cpp:52] profiler_startUSDT:2026-08-25 03:25:03 435:435 SyncActivityProfilerHandler.cpp:52] profiler_startUSDT:2026-08-25 03:25:03 440:440 SyncActivityProfilerHandler.cpp:52] profiler_startUSDT:2026-08-25 03:25:03 437:437 SyncActivityProfilerHandler.cpp:52] profiler_start
USDT:2026-08-25 03:25:03 433:433 SyncActivityProfilerHandler.cpp:52] profiler_start


USDT:2026-08-25 03:25:03 436:436 SyncActivityProfilerHandler.cpp:52] profiler_start

USDT:2026-08-25 03:25:03 434:434 SyncActivityProfilerHandler.cpp:59] profiler_stopUSDT:2026-08-25 03:25:03 438:438 SyncActivityProfilerHandler.cpp:59] profiler_stop

USDT:2026-08-25 03:25:03 439:439 SyncActivityProfilerHandler.cpp:59] profiler_stop
USDT:2026-08-25 03:25:03 440:440 SyncActivityProfilerHandler.cpp:59] profiler_stopUSDT:2026-08-25 03:25:03 435:435 SyncActivityProfilerHandler.cpp:59] profiler_stop
USDT:2026-08-25 03:25:03 433:433 SyncActivityProfilerHandler.cpp:59] profiler_stop
USDT:2026-08-25 03:25:03 436:436 SyncActivityProfilerHandler.cpp:59] profiler_stop

USDT:2026-08-25 03:25:03 437:437 SyncActivityProfilerHandler.cpp:59] profiler_stop
   @ EP:   9/16 | combine: 20 GB/s (SO), 64 GB/s (SU), 174.007 us, 11077728 bytes | reduce: 914 GB/s, 5.597 us
   @ EP:  10/16 | combine: 18 GB/s (SO), 64 GB/s (SU), 189.584 us, 12112224 bytes | reduce: 932 GB/s, 5.442 us
   @ EP:  13/16 | combine: 19 GB/s (SO), 64 GB/s (SU), 172.254 us, 10991520 bytes | reduce: 930 GB/s, 5.331 us
   @ EP:   8/16 | combine: 19 GB/s (SO), 63 GB/s (SU), 176.450 us, 11192672 bytes | reduce: 944 GB/s, 5.463 us
   @ EP:  15/16 | combine: 17 GB/s (SO), 60 GB/s (SU), 192.914 us, 11523136 bytes | reduce: 922 GB/s, 5.267 us
   @ EP:  14/16 | combine: 19 GB/s (SO), 69 GB/s (SU), 171.992 us, 11824864 bytes | reduce: 913 GB/s, 5.384 us
   @ EP:  12/16 | combine: 18 GB/s (SO), 63 GB/s (SU), 186.440 us, 11738656 bytes | reduce: 1014 GB/s, 4.919 us
   @ EP:  11/16 | combine: 18 GB/s (SO), 57 GB/s (SU), 191.298 us, 10934048 bytes | reduce: 921 GB/s, 5.460 us
USDT:2026-08-25 03:25:04 434:434 SyncActivityProfilerHandler.cpp:52] profiler_startUSDT:2026-08-25 03:25:04 439:439 SyncActivityProfilerHandler.cpp:52] profiler_startUSDT:2026-08-25 03:25:04 438:438 SyncActivityProfilerHandler.cpp:52] profiler_start


USDT:2026-08-25 03:25:04 435:435 SyncActivityProfilerHandler.cpp:52] profiler_startUSDT:2026-08-25 03:25:04 436:436 SyncActivityProfilerHandler.cpp:52] profiler_startUSDT:2026-08-25 03:25:04 440:440 SyncActivityProfilerHandler.cpp:52] profiler_start
USDT:2026-08-25 03:25:04 433:433 SyncActivityProfilerHandler.cpp:52] profiler_start


USDT:2026-08-25 03:25:04 437:437 SyncActivityProfilerHandler.cpp:52] profiler_start
USDT:2026-08-25 03:25:04 439:439 SyncActivityProfilerHandler.cpp:59] profiler_stopUSDT:2026-08-25 03:25:04 436:436 SyncActivityProfilerHandler.cpp:59] profiler_stopUSDT:2026-08-25 03:25:04 434:434 SyncActivityProfilerHandler.cpp:59] profiler_stop


USDT:2026-08-25 03:25:04 433:433 SyncActivityProfilerHandler.cpp:59] profiler_stop
USDT:2026-08-25 03:25:04 440:440 SyncActivityProfilerHandler.cpp:59] profiler_stopUSDT:2026-08-25 03:25:04 435:435 SyncActivityProfilerHandler.cpp:59] profiler_stop

USDT:2026-08-25 03:25:04 438:438 SyncActivityProfilerHandler.cpp:59] profiler_stop
USDT:2026-08-25 03:25:04 437:437 SyncActivityProfilerHandler.cpp:59] profiler_stop
   + EP:  10/16 | reduced combine: 17 GB/s (SO), 60 GB/s (SU), 201.000 us, 12112224 bytes | reduce: 920 GB/s, 5.511 us
   + EP:   9/16 | reduced combine: 18 GB/s (SO), 58 GB/s (SU), 191.587 us, 11077728 bytes | reduce: 900 GB/s, 5.686 us
   + EP:  15/16 | reduced combine: 16 GB/s (SO), 57 GB/s (SU), 202.425 us, 11523136 bytes | reduce: 864 GB/s, 5.618 us
   + EP:  14/16 | reduced combine: 18 GB/s (SO), 64 GB/s (SU), 185.095 us, 11824864 bytes | reduce: 875 GB/s, 5.616 us
   + EP:   8/16 | reduced combine: 18 GB/s (SO), 58 GB/s (SU), 191.610 us, 11192672 bytes | reduce: 936 GB/s, 5.508 us
   + EP:  13/16 | reduced combine: 18 GB/s (SO), 59 GB/s (SU), 185.078 us, 10991520 bytes | reduce: 916 GB/s, 5.414 us
   + EP:  12/16 | reduced combine: 17 GB/s (SO), 59 GB/s (SU), 199.319 us, 11738656 bytes | reduce: 952 GB/s, 5.239 us
   + EP:  11/16 | reduced combine: 17 GB/s (SO), 54 GB/s (SU), 202.489 us, 10934048 bytes | reduce: 925 GB/s, 5.439 us


