=== EP_NIC_NAME=rdmap110s0 (auto, 200 Gb/s) ===
+ docker run --rm --gpus all --privileged --network=host --ipc=host --ulimit memlock=-1 --ulimit stack=67108864 --device=/dev/infiniband --device=/dev/gdrdrv -v /sys/class/infiniband:/sys/class/infiniband:ro -e MASTER_ADDR=172.31.20.74 -e MASTER_PORT=29702 -e WORLD_SIZE=2 -e RANK=1 -e NCCL_DEBUG=WARN -e EP_NIC_NAME=rdmap110s0 -e NCCL_GIN_TYPE=5 -e NCCL_SYM_GIN_KERNELS_ENABLE=0 -e PYTHONUNBUFFERED=1 -e PYTHONFAULTHANDLER=1 deepep-v2-efa-official:dev bash -lc 'timeout -s ABRT --kill-after=60 1500     python3 -u /opt/DeepEP/tests/elastic/test_ep.py     --num-processes=8 --num-tokens=8192     --hidden=7168 --num-topk=8 --num-experts=256     --num-sms=32 --allow-hybrid-mode=1     --prefer-overlap-with-compute=0 --test-first-only      '

==========
== CUDA ==
==========

CUDA Version 13.0.2

Container image Copyright (c) 2016-2023, NVIDIA CORPORATION & AFFILIATES. All rights reserved.

This container image and its contents are governed by the NVIDIA Deep Learning Container License.
By pulling and using the container, you accept the terms and conditions of this license:
https://developer.nvidia.com/ngc/nvidia-deep-learning-container-license

A copy of this license is made available in this container at /NGC-DL-CONTAINER-LICENSE for your convenience.

DeepEP hybrid kernel selection: unordered
DeepEP hybrid kernel selection: unordered
DeepEP hybrid kernel selection: unordered
DeepEP hybrid kernel selection: unordered
DeepEP hybrid kernel selection: unordered
DeepEP hybrid kernel selection: unordered
DeepEP hybrid kernel selection: unordered
DeepEP hybrid kernel selection: unordered
DeepEP hybrid kernel selection: unordered
DeepEP hybrid kernel selection: unordered
DeepEP hybrid kernel selection: unordered
DeepEP hybrid kernel selection: unordered
DeepEP hybrid kernel selection: unordered
DeepEP hybrid kernel selection: unordered
DeepEP hybrid kernel selection: unordered
DeepEP hybrid kernel selection: unordered
Config:
 > Ranks: 2 x 8
 > Experts: 8/256
 > Tokens: 8184 (max: 8192), hidden: 7168
 > #SM: 32, #QPs: 11/11

Running all test cases:
 > Testing with do_handle_copy=1, expert_alignment=128, use_fp8_dispatch=1, num_bias=0, with_previous_event=0, async_with_compute_stream=0, allocate_on_comm_stream=0 ...
USDT:2026-08-25 04:14:37 431:431 SyncActivityProfilerHandler.cpp:52] profiler_startUSDT:2026-08-25 04:14:37 435:435 SyncActivityProfilerHandler.cpp:52] profiler_startUSDT:2026-08-25 04:14:37 436:436 SyncActivityProfilerHandler.cpp:52] profiler_startUSDT:2026-08-25 04:14:37 433:433 SyncActivityProfilerHandler.cpp:52] profiler_startUSDT:2026-08-25 04:14:37 432:432 SyncActivityProfilerHandler.cpp:52] profiler_start




USDT:2026-08-25 04:14:37 434:434 SyncActivityProfilerHandler.cpp:52] profiler_startUSDT:2026-08-25 04:14:37 437:437 SyncActivityProfilerHandler.cpp:52] profiler_start

USDT:2026-08-25 04:14:37 430:430 SyncActivityProfilerHandler.cpp:52] profiler_start
USDT:2026-08-25 04:14:37 436:436 SyncActivityProfilerHandler.cpp:59] profiler_stopUSDT:2026-08-25 04:14:37 432:432 SyncActivityProfilerHandler.cpp:59] profiler_stopUSDT:2026-08-25 04:14:37 435:435 SyncActivityProfilerHandler.cpp:59] profiler_stopUSDT:2026-08-25 04:14:37 437:437 SyncActivityProfilerHandler.cpp:59] profiler_stopUSDT:2026-08-25 04:14:37 431:431 SyncActivityProfilerHandler.cpp:59] profiler_stopUSDT:2026-08-25 04:14:37 433:433 SyncActivityProfilerHandler.cpp:59] profiler_stopUSDT:2026-08-25 04:14:37 434:434 SyncActivityProfilerHandler.cpp:59] profiler_stop



USDT:2026-08-25 04:14:37 430:430 SyncActivityProfilerHandler.cpp:59] profiler_stop



   * EP:  13/16 | dispatch: 77 GB/s (SO), 253 GB/s (SU), 1577.000 us, 398728512 bytes | copy: 3195 GB/s, 249.607 us
   * EP:  11/16 | dispatch: 77 GB/s (SO), 254 GB/s (SU), 1577.000 us, 400203648 bytes | copy: 3150 GB/s, 254.071 us
   * EP:  10/16 | dispatch: 77 GB/s (SO), 254 GB/s (SU), 1577.000 us, 401289408 bytes | copy: 3230 GB/s, 248.478 us
   * EP:  14/16 | dispatch: 77 GB/s (SO), 254 GB/s (SU), 1577.000 us, 400525632 bytes | copy: 3270 GB/s, 244.942 us
   * EP:   8/16 | dispatch: 77 GB/s (SO), 254 GB/s (SU), 1577.000 us, 400166208 bytes | copy: 3264 GB/s, 245.199 us
   * EP:   9/16 | dispatch: 77 GB/s (SO), 253 GB/s (SU), 1577.000 us, 398795904 bytes | copy: 3252 GB/s, 245.284 us
   * EP:  12/16 | dispatch: 77 GB/s (SO), 255 GB/s (SU), 1577.000 us, 401401728 bytes | copy: 3155 GB/s, 254.419 us
   * EP:  15/16 | dispatch: 77 GB/s (SO), 255 GB/s (SU), 1577.000 us, 401903424 bytes | copy: 3240 GB/s, 248.066 us
USDT:2026-08-25 04:14:37 432:432 SyncActivityProfilerHandler.cpp:52] profiler_startUSDT:2026-08-25 04:14:37 436:436 SyncActivityProfilerHandler.cpp:52] profiler_startUSDT:2026-08-25 04:14:37 437:437 SyncActivityProfilerHandler.cpp:52] profiler_startUSDT:2026-08-25 04:14:37 433:433 SyncActivityProfilerHandler.cpp:52] profiler_startUSDT:2026-08-25 04:14:37 434:434 SyncActivityProfilerHandler.cpp:52] profiler_start

USDT:2026-08-25 04:14:37 431:431 SyncActivityProfilerHandler.cpp:52] profiler_startUSDT:2026-08-25 04:14:37 430:430 SyncActivityProfilerHandler.cpp:52] profiler_start


USDT:2026-08-25 04:14:37 435:435 SyncActivityProfilerHandler.cpp:52] profiler_start


USDT:2026-08-25 04:14:38 431:431 SyncActivityProfilerHandler.cpp:59] profiler_stopUSDT:2026-08-25 04:14:38 435:435 SyncActivityProfilerHandler.cpp:59] profiler_stopUSDT:2026-08-25 04:14:38 436:436 SyncActivityProfilerHandler.cpp:59] profiler_stopUSDT:2026-08-25 04:14:38 432:432 SyncActivityProfilerHandler.cpp:59] profiler_stopUSDT:2026-08-25 04:14:38 437:437 SyncActivityProfilerHandler.cpp:59] profiler_stopUSDT:2026-08-25 04:14:38 434:434 SyncActivityProfilerHandler.cpp:59] profiler_stopUSDT:2026-08-25 04:14:38 433:433 SyncActivityProfilerHandler.cpp:59] profiler_stop



USDT:2026-08-25 04:14:38 430:430 SyncActivityProfilerHandler.cpp:59] profiler_stop



   - EP:  11/16 | expanded dispatch: 77 GB/s (SO), 254 GB/s (SU), 1577.000 us, 400203648 bytes | copy: 2827 GB/s, 318.799 us
   - EP:  13/16 | expanded dispatch: 77 GB/s (SO), 253 GB/s (SU), 1577.000 us, 398728512 bytes | copy: 2773 GB/s, 323.547 us
   - EP:  14/16 | expanded dispatch: 77 GB/s (SO), 254 GB/s (SU), 1577.000 us, 400525632 bytes | copy: 2880 GB/s, 313.214 us
   - EP:   9/16 | expanded dispatch: 77 GB/s (SO), 253 GB/s (SU), 1577.000 us, 398795904 bytes | copy: 2773 GB/s, 322.830 us
   - EP:  15/16 | expanded dispatch: 77 GB/s (SO), 255 GB/s (SU), 1577.000 us, 401903424 bytes | copy: 2855 GB/s, 316.758 us
   - EP:  10/16 | expanded dispatch: 77 GB/s (SO), 254 GB/s (SU), 1577.000 us, 401289408 bytes | copy: 2759 GB/s, 327.063 us
   - EP:   8/16 | expanded dispatch: 77 GB/s (SO), 254 GB/s (SU), 1577.000 us, 400166208 bytes | copy: 2823 GB/s, 319.589 us
   - EP:  12/16 | expanded dispatch: 77 GB/s (SO), 255 GB/s (SU), 1577.000 us, 401401728 bytes | copy: 2827 GB/s, 319.605 us
USDT:2026-08-25 04:14:38 435:435 SyncActivityProfilerHandler.cpp:52] profiler_startUSDT:2026-08-25 04:14:38 430:430 SyncActivityProfilerHandler.cpp:52] profiler_startUSDT:2026-08-25 04:14:38 432:432 SyncActivityProfilerHandler.cpp:52] profiler_start

USDT:2026-08-25 04:14:38 437:437 SyncActivityProfilerHandler.cpp:52] profiler_startUSDT:2026-08-25 04:14:38 436:436 SyncActivityProfilerHandler.cpp:52] profiler_start
USDT:2026-08-25 04:14:38 434:434 SyncActivityProfilerHandler.cpp:52] profiler_startUSDT:2026-08-25 04:14:38 433:433 SyncActivityProfilerHandler.cpp:52] profiler_start
USDT:2026-08-25 04:14:38 431:431 SyncActivityProfilerHandler.cpp:52] profiler_start



USDT:2026-08-25 04:14:39 435:435 SyncActivityProfilerHandler.cpp:59] profiler_stopUSDT:2026-08-25 04:14:39 437:437 SyncActivityProfilerHandler.cpp:59] profiler_stopUSDT:2026-08-25 04:14:39 430:430 SyncActivityProfilerHandler.cpp:59] profiler_stop


USDT:2026-08-25 04:14:39 434:434 SyncActivityProfilerHandler.cpp:59] profiler_stopUSDT:2026-08-25 04:14:39 436:436 SyncActivityProfilerHandler.cpp:59] profiler_stopUSDT:2026-08-25 04:14:39 431:431 SyncActivityProfilerHandler.cpp:59] profiler_stop

USDT:2026-08-25 04:14:39 432:432 SyncActivityProfilerHandler.cpp:59] profiler_stop

USDT:2026-08-25 04:14:39 433:433 SyncActivityProfilerHandler.cpp:59] profiler_stop
   # EP:  11/16 | cached dispatch: 73 GB/s (SO), 239 GB/s (SU), 1676.000 us, 400203648 bytes | copy: 3302 GB/s, 242.382 us
   # EP:   9/16 | cached dispatch: 73 GB/s (SO), 238 GB/s (SU), 1676.000 us, 398795904 bytes | copy: 3293 GB/s, 242.213 us
   # EP:  12/16 | cached dispatch: 73 GB/s (SO), 239 GB/s (SU), 1676.000 us, 401401728 bytes | copy: 3335 GB/s, 240.749 us
   # EP:  13/16 | cached dispatch: 73 GB/s (SO), 238 GB/s (SU), 1676.000 us, 398728512 bytes | copy: 3307 GB/s, 241.124 us
   # EP:  10/16 | cached dispatch: 73 GB/s (SO), 239 GB/s (SU), 1676.000 us, 401289408 bytes | copy: 3341 GB/s, 240.248 us
   # EP:   8/16 | cached dispatch: 73 GB/s (SO), 239 GB/s (SU), 1676.000 us, 400166208 bytes | copy: 3372 GB/s, 237.369 us
   # EP:  15/16 | cached dispatch: 73 GB/s (SO), 240 GB/s (SU), 1676.000 us, 401903424 bytes | copy: 3436 GB/s, 233.912 us
   # EP:  14/16 | cached dispatch: 73 GB/s (SO), 239 GB/s (SU), 1676.000 us, 400525632 bytes | copy: 3324 GB/s, 241.008 us
USDT:2026-08-25 04:14:39 432:432 SyncActivityProfilerHandler.cpp:52] profiler_startUSDT:2026-08-25 04:14:39 430:430 SyncActivityProfilerHandler.cpp:52] profiler_startUSDT:2026-08-25 04:14:39 431:431 SyncActivityProfilerHandler.cpp:52] profiler_start


USDT:2026-08-25 04:14:39 435:435 SyncActivityProfilerHandler.cpp:52] profiler_start
USDT:2026-08-25 04:14:39 436:436 SyncActivityProfilerHandler.cpp:52] profiler_start
USDT:2026-08-25 04:14:39 433:433 SyncActivityProfilerHandler.cpp:52] profiler_startUSDT:2026-08-25 04:14:39 437:437 SyncActivityProfilerHandler.cpp:52] profiler_start

USDT:2026-08-25 04:14:39 434:434 SyncActivityProfilerHandler.cpp:52] profiler_start
USDT:2026-08-25 04:14:40 432:432 SyncActivityProfilerHandler.cpp:59] profiler_stopUSDT:2026-08-25 04:14:40 430:430 SyncActivityProfilerHandler.cpp:59] profiler_stopUSDT:2026-08-25 04:14:40 434:434 SyncActivityProfilerHandler.cpp:59] profiler_stop

USDT:2026-08-25 04:14:40 437:437 SyncActivityProfilerHandler.cpp:59] profiler_stop

USDT:2026-08-25 04:14:40 435:435 SyncActivityProfilerHandler.cpp:59] profiler_stop
USDT:2026-08-25 04:14:40 436:436 SyncActivityProfilerHandler.cpp:59] profiler_stopUSDT:2026-08-25 04:14:40 433:433 SyncActivityProfilerHandler.cpp:59] profiler_stop

USDT:2026-08-25 04:14:40 431:431 SyncActivityProfilerHandler.cpp:59] profiler_stop
   @ EP:  11/16 | combine: 64 GB/s (SO), 210 GB/s (SU), 3660.000 us, 767912128 bytes | reduce: 3691 GB/s, 95.328 us
   @ EP:   9/16 | combine: 64 GB/s (SO), 209 GB/s (SU), 3660.000 us, 765210944 bytes | reduce: 3688 GB/s, 95.431 us
   @ EP:  14/16 | combine: 64 GB/s (SO), 210 GB/s (SU), 3655.000 us, 768529952 bytes | reduce: 3708 GB/s, 94.881 us
   @ EP:  15/16 | combine: 64 GB/s (SO), 211 GB/s (SU), 3660.000 us, 771173664 bytes | reduce: 3696 GB/s, 95.102 us   @ EP:   8/16 | combine: 64 GB/s (SO), 211 GB/s (SU), 3644.000 us, 767840288 bytes | reduce: 3694 GB/s, 95.303 us

   @ EP:  12/16 | combine: 64 GB/s (SO), 211 GB/s (SU), 3650.000 us, 770211008 bytes | reduce: 3688 GB/s, 95.368 us
   @ EP:  13/16 | combine: 64 GB/s (SO), 209 GB/s (SU), 3655.000 us, 765081632 bytes | reduce: 3698 GB/s, 95.151 us
   @ EP:  10/16 | combine: 64 GB/s (SO), 210 GB/s (SU), 3668.000 us, 769995488 bytes | reduce: 3692 GB/s, 95.325 us
USDT:2026-08-25 04:14:40 437:437 SyncActivityProfilerHandler.cpp:52] profiler_start
USDT:2026-08-25 04:14:40 433:433 SyncActivityProfilerHandler.cpp:52] profiler_startUSDT:2026-08-25 04:14:40 432:432 SyncActivityProfilerHandler.cpp:52] profiler_start

USDT:2026-08-25 04:14:40 435:435 SyncActivityProfilerHandler.cpp:52] profiler_startUSDT:2026-08-25 04:14:40 431:431 SyncActivityProfilerHandler.cpp:52] profiler_start
USDT:2026-08-25 04:14:40 434:434 SyncActivityProfilerHandler.cpp:52] profiler_start

USDT:2026-08-25 04:14:40 436:436 SyncActivityProfilerHandler.cpp:52] profiler_start
USDT:2026-08-25 04:14:40 430:430 SyncActivityProfilerHandler.cpp:52] profiler_start
USDT:2026-08-25 04:14:41 434:434 SyncActivityProfilerHandler.cpp:59] profiler_stopUSDT:2026-08-25 04:14:41 432:432 SyncActivityProfilerHandler.cpp:59] profiler_stopUSDT:2026-08-25 04:14:41 436:436 SyncActivityProfilerHandler.cpp:59] profiler_stop
USDT:2026-08-25 04:14:41 435:435 SyncActivityProfilerHandler.cpp:59] profiler_stop


USDT:2026-08-25 04:14:41 437:437 SyncActivityProfilerHandler.cpp:59] profiler_stop
USDT:2026-08-25 04:14:41 433:433 SyncActivityProfilerHandler.cpp:59] profiler_stop
USDT:2026-08-25 04:14:41 431:431 SyncActivityProfilerHandler.cpp:59] profiler_stop
USDT:2026-08-25 04:14:41 430:430 SyncActivityProfilerHandler.cpp:59] profiler_stop
   + EP:  14/16 | reduced combine: 71 GB/s (SO), 233 GB/s (SU), 3296.000 us, 768529952 bytes | reduce: 3693 GB/s, 95.282 us
   + EP:  11/16 | reduced combine: 71 GB/s (SO), 233 GB/s (SU), 3294.000 us, 767912128 bytes | reduce: 3696 GB/s, 95.183 us
   + EP:  13/16 | reduced combine: 71 GB/s (SO), 232 GB/s (SU), 3303.000 us, 765081632 bytes | reduce: 3700 GB/s, 95.087 us
   + EP:  15/16 | reduced combine: 71 GB/s (SO), 235 GB/s (SU), 3288.000 us, 771173664 bytes | reduce: 3692 GB/s, 95.198 us
   + EP:  10/16 | reduced combine: 71 GB/s (SO), 234 GB/s (SU), 3297.000 us, 769995488 bytes | reduce: 3695 GB/s, 95.245 us
   + EP:   9/16 | reduced combine: 71 GB/s (SO), 232 GB/s (SU), 3297.000 us, 765210944 bytes | reduce: 3693 GB/s, 95.306 us
   + EP:  12/16 | reduced combine: 71 GB/s (SO), 234 GB/s (SU), 3285.000 us, 770211008 bytes | reduce: 3691 GB/s, 95.302 us
   + EP:   8/16 | reduced combine: 65 GB/s (SO), 213 GB/s (SU), 3605.000 us, 767840288 bytes | reduce: 3714 GB/s, 94.792 us


