=== EP_NIC_NAME=rdmap110s0 (auto, 200 Gb/s) ===
+ docker run --rm --gpus all --privileged --network=host --ipc=host --ulimit memlock=-1 --ulimit stack=67108864 --device=/dev/infiniband --device=/dev/gdrdrv -v /sys/class/infiniband:/sys/class/infiniband:ro -e MASTER_ADDR=172.31.20.74 -e MASTER_PORT=29695 -e WORLD_SIZE=2 -e RANK=1 -e NCCL_DEBUG=WARN -e EP_NIC_NAME=rdmap110s0 -e NCCL_GIN_TYPE=5 -e NCCL_SYM_GIN_KERNELS_ENABLE=0 -e PYTHONUNBUFFERED=1 -e PYTHONFAULTHANDLER=1 deepep-v2-efa-official:dev bash -lc 'timeout -s ABRT --kill-after=60 1500     python3 -u /opt/DeepEP/tests/elastic/test_ep.py     --num-processes=8 --num-tokens=8192     --hidden=7168 --num-topk=8 --num-experts=256     --num-sms=24 --allow-hybrid-mode=1     --prefer-overlap-with-compute=0 --test-first-only      '

==========
== CUDA ==
==========

CUDA Version 13.0.2

Container image Copyright (c) 2016-2023, NVIDIA CORPORATION & AFFILIATES. All rights reserved.

This container image and its contents are governed by the NVIDIA Deep Learning Container License.
By pulling and using the container, you accept the terms and conditions of this license:
https://developer.nvidia.com/ngc/nvidia-deep-learning-container-license

A copy of this license is made available in this container at /NGC-DL-CONTAINER-LICENSE for your convenience.

DeepEP hybrid kernel selection: unordered
DeepEP hybrid kernel selection: unordered
DeepEP hybrid kernel selection: unordered
DeepEP hybrid kernel selection: unordered
DeepEP hybrid kernel selection: unordered
DeepEP hybrid kernel selection: unordered
DeepEP hybrid kernel selection: unordered
DeepEP hybrid kernel selection: unordered
DeepEP hybrid kernel selection: unordered
DeepEP hybrid kernel selection: unordered
DeepEP hybrid kernel selection: unordered
DeepEP hybrid kernel selection: unordered
DeepEP hybrid kernel selection: unordered
DeepEP hybrid kernel selection: unordered
DeepEP hybrid kernel selection: unordered
DeepEP hybrid kernel selection: unordered
Config:
 > Ranks: 2 x 8
 > Experts: 8/256
 > Tokens: 8184 (max: 8192), hidden: 7168
 > #SM: 24, #QPs: 11/11

Running all test cases:
 > Testing with do_handle_copy=1, expert_alignment=128, use_fp8_dispatch=1, num_bias=0, with_previous_event=0, async_with_compute_stream=0, allocate_on_comm_stream=0 ...
USDT:2026-08-25 04:09:38 440:440 SyncActivityProfilerHandler.cpp:52] profiler_startUSDT:2026-08-25 04:09:38 439:439 SyncActivityProfilerHandler.cpp:52] profiler_startUSDT:2026-08-25 04:09:38 438:438 SyncActivityProfilerHandler.cpp:52] profiler_startUSDT:2026-08-25 04:09:38 436:436 SyncActivityProfilerHandler.cpp:52] profiler_start
USDT:2026-08-25 04:09:38 437:437 SyncActivityProfilerHandler.cpp:52] profiler_startUSDT:2026-08-25 04:09:38 434:434 SyncActivityProfilerHandler.cpp:52] profiler_start

USDT:2026-08-25 04:09:38 433:433 SyncActivityProfilerHandler.cpp:52] profiler_start



USDT:2026-08-25 04:09:38 435:435 SyncActivityProfilerHandler.cpp:52] profiler_start
USDT:2026-08-25 04:09:38 433:433 SyncActivityProfilerHandler.cpp:59] profiler_stopUSDT:2026-08-25 04:09:38 440:440 SyncActivityProfilerHandler.cpp:59] profiler_stopUSDT:2026-08-25 04:09:38 435:435 SyncActivityProfilerHandler.cpp:59] profiler_stopUSDT:2026-08-25 04:09:38 436:436 SyncActivityProfilerHandler.cpp:59] profiler_stop
USDT:2026-08-25 04:09:38 437:437 SyncActivityProfilerHandler.cpp:59] profiler_stop
USDT:2026-08-25 04:09:38 439:439 SyncActivityProfilerHandler.cpp:59] profiler_stop
USDT:2026-08-25 04:09:38 434:434 SyncActivityProfilerHandler.cpp:59] profiler_stopUSDT:2026-08-25 04:09:38 438:438 SyncActivityProfilerHandler.cpp:59] profiler_stop




   * EP:  13/16 | dispatch: 80 GB/s (SO), 260 GB/s (SU), 1535.000 us, 398728512 bytes | copy: 3168 GB/s, 251.683 us
   * EP:  15/16 | dispatch: 79 GB/s (SO), 262 GB/s (SU), 1535.000 us, 401903424 bytes | copy: 3166 GB/s, 253.923 us
   * EP:   9/16 | dispatch: 80 GB/s (SO), 260 GB/s (SU), 1535.000 us, 398795904 bytes | copy: 3247 GB/s, 245.676 us
   * EP:   8/16 | dispatch: 80 GB/s (SO), 261 GB/s (SU), 1535.000 us, 400166208 bytes | copy: 3243 GB/s, 246.769 us
   * EP:  11/16 | dispatch: 80 GB/s (SO), 261 GB/s (SU), 1535.000 us, 400203648 bytes | copy: 3201 GB/s, 250.042 us
   * EP:  14/16 | dispatch: 80 GB/s (SO), 261 GB/s (SU), 1535.000 us, 400525632 bytes | copy: 3215 GB/s, 249.159 us
   * EP:  10/16 | dispatch: 80 GB/s (SO), 261 GB/s (SU), 1535.000 us, 401289408 bytes | copy: 3159 GB/s, 254.027 us
   * EP:  12/16 | dispatch: 80 GB/s (SO), 261 GB/s (SU), 1535.000 us, 401401728 bytes | copy: 3203 GB/s, 250.638 us
USDT:2026-08-25 04:09:39 433:433 SyncActivityProfilerHandler.cpp:52] profiler_startUSDT:2026-08-25 04:09:39 439:439 SyncActivityProfilerHandler.cpp:52] profiler_startUSDT:2026-08-25 04:09:39 434:434 SyncActivityProfilerHandler.cpp:52] profiler_startUSDT:2026-08-25 04:09:39 437:437 SyncActivityProfilerHandler.cpp:52] profiler_startUSDT:2026-08-25 04:09:39 436:436 SyncActivityProfilerHandler.cpp:52] profiler_startUSDT:2026-08-25 04:09:39 438:438 SyncActivityProfilerHandler.cpp:52] profiler_start
USDT:2026-08-25 04:09:39 440:440 SyncActivityProfilerHandler.cpp:52] profiler_startUSDT:2026-08-25 04:09:39 435:435 SyncActivityProfilerHandler.cpp:52] profiler_start






USDT:2026-08-25 04:09:39 440:440 SyncActivityProfilerHandler.cpp:59] profiler_stopUSDT:2026-08-25 04:09:39 439:439 SyncActivityProfilerHandler.cpp:59] profiler_stopUSDT:2026-08-25 04:09:39 434:434 SyncActivityProfilerHandler.cpp:59] profiler_stopUSDT:2026-08-25 04:09:39 437:437 SyncActivityProfilerHandler.cpp:59] profiler_stopUSDT:2026-08-25 04:09:39 435:435 SyncActivityProfilerHandler.cpp:59] profiler_stop
USDT:2026-08-25 04:09:39 438:438 SyncActivityProfilerHandler.cpp:59] profiler_stopUSDT:2026-08-25 04:09:39 436:436 SyncActivityProfilerHandler.cpp:59] profiler_stop
USDT:2026-08-25 04:09:39 433:433 SyncActivityProfilerHandler.cpp:59] profiler_stop





   - EP:  13/16 | expanded dispatch: 79 GB/s (SO), 259 GB/s (SU), 1538.000 us, 398728512 bytes | copy: 2734 GB/s, 328.212 us
   - EP:   9/16 | expanded dispatch: 79 GB/s (SO), 259 GB/s (SU), 1538.000 us, 398795904 bytes | copy: 2799 GB/s, 319.763 us
   - EP:  11/16 | expanded dispatch: 79 GB/s (SO), 260 GB/s (SU), 1538.000 us, 400203648 bytes | copy: 2845 GB/s, 316.825 us
   - EP:  15/16 | expanded dispatch: 79 GB/s (SO), 261 GB/s (SU), 1538.000 us, 401903424 bytes | copy: 2755 GB/s, 328.310 us
   - EP:  14/16 | expanded dispatch: 79 GB/s (SO), 260 GB/s (SU), 1538.000 us, 400525632 bytes | copy: 2796 GB/s, 322.583 us
   - EP:   8/16 | expanded dispatch: 79 GB/s (SO), 260 GB/s (SU), 1538.000 us, 400166208 bytes | copy: 2829 GB/s, 318.962 us
   - EP:  12/16 | expanded dispatch: 79 GB/s (SO), 261 GB/s (SU), 1538.000 us, 401401728 bytes | copy: 2762 GB/s, 327.219 us
   - EP:  10/16 | expanded dispatch: 79 GB/s (SO), 261 GB/s (SU), 1538.000 us, 401289408 bytes | copy: 2817 GB/s, 320.368 us
USDT:2026-08-25 04:09:39 436:436 SyncActivityProfilerHandler.cpp:52] profiler_startUSDT:2026-08-25 04:09:39 438:438 SyncActivityProfilerHandler.cpp:52] profiler_startUSDT:2026-08-25 04:09:39 439:439 SyncActivityProfilerHandler.cpp:52] profiler_startUSDT:2026-08-25 04:09:39 435:435 SyncActivityProfilerHandler.cpp:52] profiler_start
USDT:2026-08-25 04:09:39 434:434 SyncActivityProfilerHandler.cpp:52] profiler_startUSDT:2026-08-25 04:09:39 433:433 SyncActivityProfilerHandler.cpp:52] profiler_start
USDT:2026-08-25 04:09:39 440:440 SyncActivityProfilerHandler.cpp:52] profiler_start


USDT:2026-08-25 04:09:39 437:437 SyncActivityProfilerHandler.cpp:52] profiler_start


USDT:2026-08-25 04:09:40 433:433 SyncActivityProfilerHandler.cpp:59] profiler_stopUSDT:2026-08-25 04:09:40 434:434 SyncActivityProfilerHandler.cpp:59] profiler_stopUSDT:2026-08-25 04:09:40 438:438 SyncActivityProfilerHandler.cpp:59] profiler_stop
USDT:2026-08-25 04:09:40 439:439 SyncActivityProfilerHandler.cpp:59] profiler_stop


USDT:2026-08-25 04:09:40 440:440 SyncActivityProfilerHandler.cpp:59] profiler_stop
USDT:2026-08-25 04:09:40 435:435 SyncActivityProfilerHandler.cpp:59] profiler_stop
USDT:2026-08-25 04:09:40 437:437 SyncActivityProfilerHandler.cpp:59] profiler_stopUSDT:2026-08-25 04:09:40 436:436 SyncActivityProfilerHandler.cpp:59] profiler_stop

   # EP:  15/16 | cached dispatch: 75 GB/s (SO), 248 GB/s (SU), 1618.000 us, 401903424 bytes | copy: 3335 GB/s, 241.038 us
   # EP:  13/16 | cached dispatch: 75 GB/s (SO), 246 GB/s (SU), 1618.000 us, 398728512 bytes | copy: 3375 GB/s, 236.259 us
   # EP:   9/16 | cached dispatch: 75 GB/s (SO), 246 GB/s (SU), 1618.000 us, 398795904 bytes | copy: 3368 GB/s, 236.804 us
   # EP:   8/16 | cached dispatch: 76 GB/s (SO), 247 GB/s (SU), 1618.000 us, 400166208 bytes | copy: 3297 GB/s, 242.778 us
   # EP:  10/16 | cached dispatch: 75 GB/s (SO), 248 GB/s (SU), 1618.000 us, 401289408 bytes | copy: 3339 GB/s, 240.400 us
   # EP:  14/16 | cached dispatch: 75 GB/s (SO), 248 GB/s (SU), 1618.000 us, 400525632 bytes | copy: 3412 GB/s, 234.750 us
   # EP:  12/16 | cached dispatch: 75 GB/s (SO), 248 GB/s (SU), 1618.000 us, 401401728 bytes | copy: 3387 GB/s, 237.011 us
   # EP:  11/16 | cached dispatch: 75 GB/s (SO), 247 GB/s (SU), 1618.000 us, 400203648 bytes | copy: 3247 GB/s, 246.494 us
USDT:2026-08-25 04:09:41 440:440 SyncActivityProfilerHandler.cpp:52] profiler_startUSDT:2026-08-25 04:09:41 433:433 SyncActivityProfilerHandler.cpp:52] profiler_startUSDT:2026-08-25 04:09:41 435:435 SyncActivityProfilerHandler.cpp:52] profiler_startUSDT:2026-08-25 04:09:41 439:439 SyncActivityProfilerHandler.cpp:52] profiler_start


USDT:2026-08-25 04:09:41 437:437 SyncActivityProfilerHandler.cpp:52] profiler_start

USDT:2026-08-25 04:09:41 434:434 SyncActivityProfilerHandler.cpp:52] profiler_start
USDT:2026-08-25 04:09:41 438:438 SyncActivityProfilerHandler.cpp:52] profiler_start
USDT:2026-08-25 04:09:41 436:436 SyncActivityProfilerHandler.cpp:52] profiler_start
USDT:2026-08-25 04:09:41 438:438 SyncActivityProfilerHandler.cpp:59] profiler_stopUSDT:2026-08-25 04:09:41 439:439 SyncActivityProfilerHandler.cpp:59] profiler_stopUSDT:2026-08-25 04:09:41 437:437 SyncActivityProfilerHandler.cpp:59] profiler_stop


USDT:2026-08-25 04:09:41 434:434 SyncActivityProfilerHandler.cpp:59] profiler_stopUSDT:2026-08-25 04:09:41 440:440 SyncActivityProfilerHandler.cpp:59] profiler_stop

USDT:2026-08-25 04:09:41 433:433 SyncActivityProfilerHandler.cpp:59] profiler_stop
USDT:2026-08-25 04:09:41 435:435 SyncActivityProfilerHandler.cpp:59] profiler_stop
USDT:2026-08-25 04:09:41 436:436 SyncActivityProfilerHandler.cpp:59] profiler_stop
   @ EP:  12/16 | combine: 62 GB/s (SO), 205 GB/s (SU), 3757.000 us, 770211008 bytes | reduce: 3688 GB/s, 95.385 us
   @ EP:  14/16 | combine: 62 GB/s (SO), 205 GB/s (SU), 3756.000 us, 768529952 bytes | reduce: 3676 GB/s, 95.700 us
   @ EP:  13/16 | combine: 62 GB/s (SO), 202 GB/s (SU), 3779.000 us, 765081632 bytes | reduce: 3685 GB/s, 95.490 us
   @ EP:  11/16 | combine: 62 GB/s (SO), 204 GB/s (SU), 3769.000 us, 767912128 bytes | reduce: 3696 GB/s, 95.189 us
   @ EP:  10/16 | combine: 62 GB/s (SO), 204 GB/s (SU), 3766.000 us, 769995488 bytes | reduce: 3692 GB/s, 95.325 us
   @ EP:   8/16 | combine: 62 GB/s (SO), 204 GB/s (SU), 3755.000 us, 767840288 bytes | reduce: 3690 GB/s, 95.389 us
   @ EP:   9/16 | combine: 62 GB/s (SO), 203 GB/s (SU), 3765.000 us, 765210944 bytes | reduce: 3682 GB/s, 95.594 us   @ EP:  15/16 | combine: 62 GB/s (SO), 205 GB/s (SU), 3761.000 us, 771173664 bytes | reduce: 3690 GB/s, 95.245 us

USDT:2026-08-25 04:09:41 435:435 SyncActivityProfilerHandler.cpp:52] profiler_startUSDT:2026-08-25 04:09:41 436:436 SyncActivityProfilerHandler.cpp:52] profiler_startUSDT:2026-08-25 04:09:41 440:440 SyncActivityProfilerHandler.cpp:52] profiler_start


USDT:2026-08-25 04:09:41 437:437 SyncActivityProfilerHandler.cpp:52] profiler_start
USDT:2026-08-25 04:09:41 438:438 SyncActivityProfilerHandler.cpp:52] profiler_start
USDT:2026-08-25 04:09:41 433:433 SyncActivityProfilerHandler.cpp:52] profiler_start
USDT:2026-08-25 04:09:41 439:439 SyncActivityProfilerHandler.cpp:52] profiler_start
USDT:2026-08-25 04:09:41 434:434 SyncActivityProfilerHandler.cpp:52] profiler_start
USDT:2026-08-25 04:09:42 437:437 SyncActivityProfilerHandler.cpp:59] profiler_stopUSDT:2026-08-25 04:09:42 440:440 SyncActivityProfilerHandler.cpp:59] profiler_stop

USDT:2026-08-25 04:09:42 436:436 SyncActivityProfilerHandler.cpp:59] profiler_stop
USDT:2026-08-25 04:09:42 434:434 SyncActivityProfilerHandler.cpp:59] profiler_stopUSDT:2026-08-25 04:09:42 439:439 SyncActivityProfilerHandler.cpp:59] profiler_stopUSDT:2026-08-25 04:09:42 438:438 SyncActivityProfilerHandler.cpp:59] profiler_stop


USDT:2026-08-25 04:09:42 435:435 SyncActivityProfilerHandler.cpp:59] profiler_stop
USDT:2026-08-25 04:09:42 433:433 SyncActivityProfilerHandler.cpp:59] profiler_stop
   + EP:  12/16 | reduced combine: 65 GB/s (SO), 213 GB/s (SU), 3616.000 us, 770211008 bytes | reduce: 3702 GB/s, 95.026 us
   + EP:  11/16 | reduced combine: 64 GB/s (SO), 210 GB/s (SU), 3655.000 us, 767912128 bytes | reduce: 3679 GB/s, 95.634 us
   + EP:  15/16 | reduced combine: 64 GB/s (SO), 211 GB/s (SU), 3654.000 us, 771173664 bytes | reduce: 3684 GB/s, 95.390 us
   + EP:  14/16 | reduced combine: 64 GB/s (SO), 210 GB/s (SU), 3660.000 us, 768529952 bytes | reduce: 3676 GB/s, 95.713 us
   + EP:  13/16 | reduced combine: 64 GB/s (SO), 209 GB/s (SU), 3669.000 us, 765081632 bytes | reduce: 3681 GB/s, 95.588 us
   + EP:   8/16 | reduced combine: 64 GB/s (SO), 210 GB/s (SU), 3652.000 us, 767840288 bytes | reduce: 3686 GB/s, 95.507 us
   + EP:  10/16 | reduced combine: 64 GB/s (SO), 210 GB/s (SU), 3662.000 us, 769995488 bytes | reduce: 3690 GB/s, 95.378 us
   + EP:   9/16 | reduced combine: 64 GB/s (SO), 209 GB/s (SU), 3663.000 us, 765210944 bytes | reduce: 3684 GB/s, 95.536 us


