=== EP_NIC_NAME=rdmap110s0 (auto, 200 Gb/s) ===
+ docker run --rm --gpus all --privileged --network=host --ipc=host --ulimit memlock=-1 --ulimit stack=67108864 --device=/dev/infiniband --device=/dev/gdrdrv -v /sys/class/infiniband:/sys/class/infiniband:ro -e MASTER_ADDR=172.31.20.74 -e MASTER_PORT=29721 -e WORLD_SIZE=4 -e RANK=0 -e NCCL_DEBUG=WARN -e EP_NIC_NAME=rdmap110s0 -e NCCL_GIN_TYPE=5 -e NCCL_SYM_GIN_KERNELS_ENABLE=0 -e PYTHONUNBUFFERED=1 -e PYTHONFAULTHANDLER=1 deepep-v2-efa-official:dev bash -lc 'timeout -s ABRT --kill-after=60 1500     python3 -u /opt/DeepEP/tests/elastic/test_ep.py     --num-processes=8 --num-tokens=128     --hidden=7168 --num-topk=8 --num-experts=256     --num-sms=24 --allow-hybrid-mode=1     --prefer-overlap-with-compute=0 --test-first-only      '

==========
== CUDA ==
==========

CUDA Version 13.0.2

Container image Copyright (c) 2016-2023, NVIDIA CORPORATION & AFFILIATES. All rights reserved.

This container image and its contents are governed by the NVIDIA Deep Learning Container License.
By pulling and using the container, you accept the terms and conditions of this license:
https://developer.nvidia.com/ngc/nvidia-deep-learning-container-license

A copy of this license is made available in this container at /NGC-DL-CONTAINER-LICENSE for your convenience.

NCCL version 2.31.2+cuda13.3
DeepEP hybrid kernel selection: unordered
DeepEP hybrid kernel selection: unordered
DeepEP hybrid kernel selection: unordered
DeepEP hybrid kernel selection: unordered
DeepEP hybrid kernel selection: unordered
DeepEP hybrid kernel selection: unordered
DeepEP hybrid kernel selection: unordered
DeepEP hybrid kernel selection: unordered
DeepEP hybrid kernel selection: unordered
DeepEP hybrid kernel selection: unordered
DeepEP hybrid kernel selection: unordered
DeepEP hybrid kernel selection: unordered
DeepEP hybrid kernel selection: unordered
DeepEP hybrid kernel selection: unordered
DeepEP hybrid kernel selection: unordered
DeepEP hybrid kernel selection: unordered
Config:
 > Ranks: 4 x 8
 > Experts: 8/256
 > Tokens: 128 (max: 128), hidden: 7168
 > #SM: 24, #QPs: 11/11

Running all test cases:
 > Testing with do_handle_copy=1, expert_alignment=128, use_fp8_dispatch=1, num_bias=0, with_previous_event=0, async_with_compute_stream=0, allocate_on_comm_stream=0 ...
USDT:2026-08-25 04:36:00 440:440 SyncActivityProfilerHandler.cpp:52] profiler_startUSDT:2026-08-25 04:36:00 443:443 SyncActivityProfilerHandler.cpp:52] profiler_startUSDT:2026-08-25 04:36:00 438:438 SyncActivityProfilerHandler.cpp:52] profiler_startUSDT:2026-08-25 04:36:00 437:437 SyncActivityProfilerHandler.cpp:52] profiler_startUSDT:2026-08-25 04:36:00 441:441 SyncActivityProfilerHandler.cpp:52] profiler_start
USDT:2026-08-25 04:36:00 436:436 SyncActivityProfilerHandler.cpp:52] profiler_start


USDT:2026-08-25 04:36:00 442:442 SyncActivityProfilerHandler.cpp:52] profiler_start


USDT:2026-08-25 04:36:00 439:439 SyncActivityProfilerHandler.cpp:52] profiler_start
USDT:2026-08-25 04:36:00 440:440 SyncActivityProfilerHandler.cpp:59] profiler_stopUSDT:2026-08-25 04:36:00 443:443 SyncActivityProfilerHandler.cpp:59] profiler_stop

USDT:2026-08-25 04:36:00 438:438 SyncActivityProfilerHandler.cpp:59] profiler_stopUSDT:2026-08-25 04:36:00 437:437 SyncActivityProfilerHandler.cpp:59] profiler_stopUSDT:2026-08-25 04:36:00 441:441 SyncActivityProfilerHandler.cpp:59] profiler_stop
USDT:2026-08-25 04:36:00 436:436 SyncActivityProfilerHandler.cpp:59] profiler_stop
USDT:2026-08-25 04:36:00 442:442 SyncActivityProfilerHandler.cpp:59] profiler_stop


USDT:2026-08-25 04:36:00 439:439 SyncActivityProfilerHandler.cpp:59] profiler_stop
   * EP:   4/32 | dispatch: 18 GB/s (SO), 34 GB/s (SU), 185.600 us, 6252480 bytes | copy: 1308 GB/s, 9.564 us
   * EP:   2/32 | dispatch: 19 GB/s (SO), 32 GB/s (SU), 185.509 us, 5952960 bytes | copy: 1479 GB/s, 8.050 us
   * EP:   7/32 | dispatch: 18 GB/s (SO), 31 GB/s (SU), 185.669 us, 5803200 bytes | copy: 1123 GB/s, 10.339 us
   * EP:   0/32 | dispatch: 19 GB/s (SO), 32 GB/s (SU), 185.368 us, 5863104 bytes | copy: 1488 GB/s, 7.883 us
   * EP:   1/32 | dispatch: 19 GB/s (SO), 33 GB/s (SU), 185.441 us, 6042816 bytes | copy: 1703 GB/s, 7.095 us
   * EP:   3/32 | dispatch: 18 GB/s (SO), 33 GB/s (SU), 185.489 us, 6207552 bytes | copy: 1420 GB/s, 8.741 us
   * EP:   5/32 | dispatch: 18 GB/s (SO), 33 GB/s (SU), 185.467 us, 6200064 bytes | copy: 1179 GB/s, 10.519 us
   * EP:   6/32 | dispatch: 18 GB/s (SO), 32 GB/s (SU), 185.506 us, 6020352 bytes | copy: 1304 GB/s, 9.231 us
USDT:2026-08-25 04:36:01 440:440 SyncActivityProfilerHandler.cpp:52] profiler_startUSDT:2026-08-25 04:36:01 438:438 SyncActivityProfilerHandler.cpp:52] profiler_startUSDT:2026-08-25 04:36:01 443:443 SyncActivityProfilerHandler.cpp:52] profiler_startUSDT:2026-08-25 04:36:01 439:439 SyncActivityProfilerHandler.cpp:52] profiler_startUSDT:2026-08-25 04:36:01 437:437 SyncActivityProfilerHandler.cpp:52] profiler_start
USDT:2026-08-25 04:36:01 436:436 SyncActivityProfilerHandler.cpp:52] profiler_start
USDT:2026-08-25 04:36:01 442:442 SyncActivityProfilerHandler.cpp:52] profiler_start


USDT:2026-08-25 04:36:01 441:441 SyncActivityProfilerHandler.cpp:52] profiler_start


USDT:2026-08-25 04:36:01 438:438 SyncActivityProfilerHandler.cpp:59] profiler_stop
USDT:2026-08-25 04:36:01 443:443 SyncActivityProfilerHandler.cpp:59] profiler_stopUSDT:2026-08-25 04:36:01 440:440 SyncActivityProfilerHandler.cpp:59] profiler_stop

USDT:2026-08-25 04:36:01 441:441 SyncActivityProfilerHandler.cpp:59] profiler_stopUSDT:2026-08-25 04:36:01 437:437 SyncActivityProfilerHandler.cpp:59] profiler_stopUSDT:2026-08-25 04:36:01 436:436 SyncActivityProfilerHandler.cpp:59] profiler_stop

USDT:2026-08-25 04:36:01 442:442 SyncActivityProfilerHandler.cpp:59] profiler_stop

USDT:2026-08-25 04:36:01 439:439 SyncActivityProfilerHandler.cpp:59] profiler_stop
   - EP:   4/32 | expanded dispatch: 18 GB/s (SO), 34 GB/s (SU), 185.135 us, 6252480 bytes | copy: 1346 GB/s, 11.026 us
   - EP:   2/32 | expanded dispatch: 19 GB/s (SO), 32 GB/s (SU), 185.041 us, 5952960 bytes | copy: 1382 GB/s, 9.728 us
   - EP:   7/32 | expanded dispatch: 18 GB/s (SO), 31 GB/s (SU), 185.041 us, 5803200 bytes | copy: 1239 GB/s, 10.683 us
   - EP:   3/32 | expanded dispatch: 18 GB/s (SO), 34 GB/s (SU), 184.989 us, 6207552 bytes | copy: 1655 GB/s, 8.411 us
   - EP:   1/32 | expanded dispatch: 19 GB/s (SO), 33 GB/s (SU), 184.930 us, 6042816 bytes | copy: 1601 GB/s, 8.490 us
   - EP:   0/32 | expanded dispatch: 19 GB/s (SO), 32 GB/s (SU), 184.817 us, 5863104 bytes | copy: 1589 GB/s, 8.441 us
   - EP:   5/32 | expanded dispatch: 18 GB/s (SO), 34 GB/s (SU), 184.974 us, 6200064 bytes | copy: 1259 GB/s, 11.645 us
   - EP:   6/32 | expanded dispatch: 18 GB/s (SO), 33 GB/s (SU), 185.063 us, 6020352 bytes | copy: 1191 GB/s, 11.455 us
USDT:2026-08-25 04:36:02 440:440 SyncActivityProfilerHandler.cpp:52] profiler_startUSDT:2026-08-25 04:36:02 436:436 SyncActivityProfilerHandler.cpp:52] profiler_startUSDT:2026-08-25 04:36:02 439:439 SyncActivityProfilerHandler.cpp:52] profiler_startUSDT:2026-08-25 04:36:02 443:443 SyncActivityProfilerHandler.cpp:52] profiler_startUSDT:2026-08-25 04:36:02 437:437 SyncActivityProfilerHandler.cpp:52] profiler_startUSDT:2026-08-25 04:36:02 438:438 SyncActivityProfilerHandler.cpp:52] profiler_startUSDT:2026-08-25 04:36:02 442:442 SyncActivityProfilerHandler.cpp:52] profiler_start






USDT:2026-08-25 04:36:02 441:441 SyncActivityProfilerHandler.cpp:52] profiler_start
USDT:2026-08-25 04:36:02 440:440 SyncActivityProfilerHandler.cpp:59] profiler_stopUSDT:2026-08-25 04:36:02 437:437 SyncActivityProfilerHandler.cpp:59] profiler_stopUSDT:2026-08-25 04:36:02 438:438 SyncActivityProfilerHandler.cpp:59] profiler_stop


USDT:2026-08-25 04:36:02 436:436 SyncActivityProfilerHandler.cpp:59] profiler_stop
USDT:2026-08-25 04:36:02 443:443 SyncActivityProfilerHandler.cpp:59] profiler_stop
USDT:2026-08-25 04:36:02 439:439 SyncActivityProfilerHandler.cpp:59] profiler_stopUSDT:2026-08-25 04:36:02 442:442 SyncActivityProfilerHandler.cpp:59] profiler_stop

USDT:2026-08-25 04:36:02 441:441 SyncActivityProfilerHandler.cpp:59] profiler_stop
   # EP:   7/32 | cached dispatch: 18 GB/s (SO), 31 GB/s (SU), 184.851 us, 5803200 bytes | copy: 1046 GB/s, 11.098 us
   # EP:   4/32 | cached dispatch: 18 GB/s (SO), 34 GB/s (SU), 184.821 us, 6252480 bytes | copy: 1271 GB/s, 9.842 us
   # EP:   3/32 | cached dispatch: 18 GB/s (SO), 34 GB/s (SU), 184.812 us, 6207552 bytes | copy: 1607 GB/s, 7.727 us   # EP:   2/32 | cached dispatch: 19 GB/s (SO), 32 GB/s (SU), 184.801 us, 5952960 bytes | copy: 1163 GB/s, 10.235 us

   # EP:   6/32 | cached dispatch: 18 GB/s (SO), 33 GB/s (SU), 184.676 us, 6020352 bytes | copy: 1288 GB/s, 9.351 us
   # EP:   1/32 | cached dispatch: 19 GB/s (SO), 33 GB/s (SU), 184.715 us, 6042816 bytes | copy: 1627 GB/s, 7.429 us
   # EP:   0/32 | cached dispatch: 19 GB/s (SO), 32 GB/s (SU), 184.570 us, 5863104 bytes | copy: 1706 GB/s, 6.873 us
   # EP:   5/32 | cached dispatch: 18 GB/s (SO), 34 GB/s (SU), 184.705 us, 6200064 bytes | copy: 1254 GB/s, 9.885 us
USDT:2026-08-25 04:36:02 443:443 SyncActivityProfilerHandler.cpp:52] profiler_startUSDT:2026-08-25 04:36:02 442:442 SyncActivityProfilerHandler.cpp:52] profiler_startUSDT:2026-08-25 04:36:02 440:440 SyncActivityProfilerHandler.cpp:52] profiler_startUSDT:2026-08-25 04:36:02 438:438 SyncActivityProfilerHandler.cpp:52] profiler_start
USDT:2026-08-25 04:36:02 439:439 SyncActivityProfilerHandler.cpp:52] profiler_start
USDT:2026-08-25 04:36:02 437:437 SyncActivityProfilerHandler.cpp:52] profiler_start
USDT:2026-08-25 04:36:02 436:436 SyncActivityProfilerHandler.cpp:52] profiler_start



USDT:2026-08-25 04:36:02 441:441 SyncActivityProfilerHandler.cpp:52] profiler_start
USDT:2026-08-25 04:36:03 439:439 SyncActivityProfilerHandler.cpp:59] profiler_stop
USDT:2026-08-25 04:36:03 438:438 SyncActivityProfilerHandler.cpp:59] profiler_stopUSDT:2026-08-25 04:36:03 440:440 SyncActivityProfilerHandler.cpp:59] profiler_stop
USDT:2026-08-25 04:36:03 443:443 SyncActivityProfilerHandler.cpp:59] profiler_stop

USDT:2026-08-25 04:36:03 442:442 SyncActivityProfilerHandler.cpp:59] profiler_stopUSDT:2026-08-25 04:36:03 437:437 SyncActivityProfilerHandler.cpp:59] profiler_stop

USDT:2026-08-25 04:36:03 436:436 SyncActivityProfilerHandler.cpp:59] profiler_stop
USDT:2026-08-25 04:36:03 441:441 SyncActivityProfilerHandler.cpp:59] profiler_stop
   @ EP:   4/32 | combine: 30 GB/s (SO), 55 GB/s (SU), 218.433 us, 11997280 bytes | reduce: 1126 GB/s, 7.363 us
   @ EP:   3/32 | combine: 30 GB/s (SO), 54 GB/s (SU), 218.600 us, 11911072 bytes | reduce: 1133 GB/s, 7.279 us
   @ EP:   7/32 | combine: 29 GB/s (SO), 52 GB/s (SU), 215.746 us, 11135200 bytes | reduce: 1113 GB/s, 7.270 us
   @ EP:   2/32 | combine: 30 GB/s (SO), 51 GB/s (SU), 221.978 us, 11422560 bytes | reduce: 1163 GB/s, 7.304 us
   @ EP:   1/32 | combine: 30 GB/s (SO), 52 GB/s (SU), 220.884 us, 11594976 bytes | reduce: 1155 GB/s, 7.292 us   @ EP:   0/32 | combine: 30 GB/s (SO), 50 GB/s (SU), 223.275 us, 11250144 bytes | reduce: 1171 GB/s, 7.325 us
   @ EP:   6/32 | combine: 29 GB/s (SO), 53 GB/s (SU), 217.372 us, 11551872 bytes | reduce: 1124 GB/s, 7.233 us

   @ EP:   5/32 | combine: 29 GB/s (SO), 54 GB/s (SU), 219.747 us, 11896704 bytes | reduce: 1123 GB/s, 7.278 us
USDT:2026-08-25 04:36:03 442:442 SyncActivityProfilerHandler.cpp:52] profiler_startUSDT:2026-08-25 04:36:03 438:438 SyncActivityProfilerHandler.cpp:52] profiler_startUSDT:2026-08-25 04:36:03 439:439 SyncActivityProfilerHandler.cpp:52] profiler_startUSDT:2026-08-25 04:36:03 440:440 SyncActivityProfilerHandler.cpp:52] profiler_startUSDT:2026-08-25 04:36:03 443:443 SyncActivityProfilerHandler.cpp:52] profiler_start


USDT:2026-08-25 04:36:03 437:437 SyncActivityProfilerHandler.cpp:52] profiler_start

USDT:2026-08-25 04:36:03 441:441 SyncActivityProfilerHandler.cpp:52] profiler_start

USDT:2026-08-25 04:36:03 436:436 SyncActivityProfilerHandler.cpp:52] profiler_start
USDT:2026-08-25 04:36:03 443:443 SyncActivityProfilerHandler.cpp:59] profiler_stopUSDT:2026-08-25 04:36:03 442:442 SyncActivityProfilerHandler.cpp:59] profiler_stop

USDT:2026-08-25 04:36:03 436:436 SyncActivityProfilerHandler.cpp:59] profiler_stopUSDT:2026-08-25 04:36:03 440:440 SyncActivityProfilerHandler.cpp:59] profiler_stopUSDT:2026-08-25 04:36:03 437:437 SyncActivityProfilerHandler.cpp:59] profiler_stop


USDT:2026-08-25 04:36:03 438:438 SyncActivityProfilerHandler.cpp:59] profiler_stopUSDT:2026-08-25 04:36:03 441:441 SyncActivityProfilerHandler.cpp:59] profiler_stopUSDT:2026-08-25 04:36:03 439:439 SyncActivityProfilerHandler.cpp:59] profiler_stop


   + EP:   1/32 | reduced combine: 30 GB/s (SO), 52 GB/s (SU), 222.738 us, 11594976 bytes | reduce: 1147 GB/s, 7.340 us
   + EP:   4/32 | reduced combine: 29 GB/s (SO), 54 GB/s (SU), 220.775 us, 11997280 bytes | reduce: 1121 GB/s, 7.397 us
   + EP:   7/32 | reduced combine: 29 GB/s (SO), 51 GB/s (SU), 216.700 us, 11135200 bytes | reduce: 1110 GB/s, 7.290 us
   + EP:   2/32 | reduced combine: 30 GB/s (SO), 51 GB/s (SU), 223.212 us, 11422560 bytes | reduce: 1148 GB/s, 7.398 us
   + EP:   3/32 | reduced combine: 29 GB/s (SO), 54 GB/s (SU), 221.516 us, 11911072 bytes | reduce: 1110 GB/s, 7.432 us
   + EP:   0/32 | reduced combine: 30 GB/s (SO), 50 GB/s (SU), 224.251 us, 11250144 bytes | reduce: 1156 GB/s, 7.417 us
   + EP:   6/32 | reduced combine: 29 GB/s (SO), 53 GB/s (SU), 219.607 us, 11551872 bytes | reduce: 1112 GB/s, 7.315 us
   + EP:   5/32 | reduced combine: 29 GB/s (SO), 54 GB/s (SU), 220.625 us, 11896704 bytes | reduce: 1107 GB/s, 7.386 us


