=== EP_NIC_NAME=rdmap110s0 (auto, 200 Gb/s) ===
+ docker run --rm --gpus all --privileged --network=host --ipc=host --ulimit memlock=-1 --ulimit stack=67108864 --device=/dev/infiniband --device=/dev/gdrdrv -v /sys/class/infiniband:/sys/class/infiniband:ro -e MASTER_ADDR=172.31.20.74 -e MASTER_PORT=29613 -e WORLD_SIZE=4 -e RANK=1 -e NCCL_DEBUG=WARN -e EP_NIC_NAME=rdmap110s0 -e PYTHONUNBUFFERED=1 -e PYTHONFAULTHANDLER=1 deepep-v2-efa-official:dev bash -lc 'timeout -s ABRT --kill-after=60 1500     python3 -u /opt/DeepEP/tests/elastic/test_ep.py     --num-processes=8 --num-tokens=128     --hidden=7168 --num-topk=8 --num-experts=256     --num-sms=12 --allow-hybrid-mode=1     --prefer-overlap-with-compute=0 --test-first-only      '

==========
== CUDA ==
==========

CUDA Version 13.0.2

Container image Copyright (c) 2016-2023, NVIDIA CORPORATION & AFFILIATES. All rights reserved.

This container image and its contents are governed by the NVIDIA Deep Learning Container License.
By pulling and using the container, you accept the terms and conditions of this license:
https://developer.nvidia.com/ngc/nvidia-deep-learning-container-license

A copy of this license is made available in this container at /NGC-DL-CONTAINER-LICENSE for your convenience.

DeepEP hybrid kernel selection: unordered
DeepEP hybrid kernel selection: unordered
DeepEP hybrid kernel selection: unordered
DeepEP hybrid kernel selection: unordered
DeepEP hybrid kernel selection: unordered
DeepEP hybrid kernel selection: unordered
DeepEP hybrid kernel selection: unordered
DeepEP hybrid kernel selection: unordered
DeepEP hybrid kernel selection: unordered
DeepEP hybrid kernel selection: unordered
DeepEP hybrid kernel selection: unordered
DeepEP hybrid kernel selection: unordered
DeepEP hybrid kernel selection: unordered
DeepEP hybrid kernel selection: unordered
DeepEP hybrid kernel selection: unordered
DeepEP hybrid kernel selection: unordered
Config:
 > Ranks: 4 x 8
 > Experts: 8/256
 > Tokens: 120 (max: 128), hidden: 7168
 > #SM: 12, #QPs: 11/11

Running all test cases:
 > Testing with do_handle_copy=1, expert_alignment=128, use_fp8_dispatch=1, num_bias=0, with_previous_event=0, async_with_compute_stream=0, allocate_on_comm_stream=0 ...
USDT:2026-08-25 03:07:58 436:436 SyncActivityProfilerHandler.cpp:52] profiler_startUSDT:2026-08-25 03:07:58 440:440 SyncActivityProfilerHandler.cpp:52] profiler_startUSDT:2026-08-25 03:07:58 437:437 SyncActivityProfilerHandler.cpp:52] profiler_startUSDT:2026-08-25 03:07:58 434:434 SyncActivityProfilerHandler.cpp:52] profiler_start

USDT:2026-08-25 03:07:58 439:439 SyncActivityProfilerHandler.cpp:52] profiler_start


USDT:2026-08-25 03:07:58 435:435 SyncActivityProfilerHandler.cpp:52] profiler_start
USDT:2026-08-25 03:07:58 441:441 SyncActivityProfilerHandler.cpp:52] profiler_start
USDT:2026-08-25 03:07:58 438:438 SyncActivityProfilerHandler.cpp:52] profiler_start
USDT:2026-08-25 03:07:58 436:436 SyncActivityProfilerHandler.cpp:59] profiler_stopUSDT:2026-08-25 03:07:58 439:439 SyncActivityProfilerHandler.cpp:59] profiler_stopUSDT:2026-08-25 03:07:58 440:440 SyncActivityProfilerHandler.cpp:59] profiler_stop


USDT:2026-08-25 03:07:58 435:435 SyncActivityProfilerHandler.cpp:59] profiler_stopUSDT:2026-08-25 03:07:58 441:441 SyncActivityProfilerHandler.cpp:59] profiler_stopUSDT:2026-08-25 03:07:58 437:437 SyncActivityProfilerHandler.cpp:59] profiler_stop

USDT:2026-08-25 03:07:58 434:434 SyncActivityProfilerHandler.cpp:59] profiler_stop

USDT:2026-08-25 03:07:58 438:438 SyncActivityProfilerHandler.cpp:59] profiler_stop
   * EP:  10/32 | dispatch: 3 GB/s (SO), 6 GB/s (SU), 998.711 us, 6102720 bytes | copy: 52 GB/s, 233.184 us
   * EP:  14/32 | dispatch: 3 GB/s (SO), 6 GB/s (SU), 998.650 us, 6012864 bytes | copy: 51 GB/s, 234.892 us
   * EP:  11/32 | dispatch: 3 GB/s (SO), 6 GB/s (SU), 998.705 us, 6334848 bytes | copy: 47 GB/s, 267.210 us
   * EP:   8/32 | dispatch: 3 GB/s (SO), 6 GB/s (SU), 998.698 us, 6222528 bytes | copy: 54 GB/s, 231.482 us
   * EP:  13/32 | dispatch: 3 GB/s (SO), 6 GB/s (SU), 998.829 us, 6215040 bytes | copy: 45 GB/s, 275.599 us
   * EP:  12/32 | dispatch: 3 GB/s (SO), 6 GB/s (SU), 998.185 us, 5780736 bytes | copy: 703 GB/s, 16.454 us
   * EP:  15/32 | dispatch: 3 GB/s (SO), 6 GB/s (SU), 998.742 us, 6147648 bytes | copy: 47 GB/s, 262.808 us
   * EP:   9/32 | dispatch: 3 GB/s (SO), 6 GB/s (SU), 998.725 us, 6200064 bytes | copy: 51 GB/s, 243.267 us
USDT:2026-08-25 03:07:59 436:436 SyncActivityProfilerHandler.cpp:52] profiler_startUSDT:2026-08-25 03:07:59 441:441 SyncActivityProfilerHandler.cpp:52] profiler_startUSDT:2026-08-25 03:07:59 439:439 SyncActivityProfilerHandler.cpp:52] profiler_startUSDT:2026-08-25 03:07:59 435:435 SyncActivityProfilerHandler.cpp:52] profiler_startUSDT:2026-08-25 03:07:59 440:440 SyncActivityProfilerHandler.cpp:52] profiler_startUSDT:2026-08-25 03:07:59 434:434 SyncActivityProfilerHandler.cpp:52] profiler_start
USDT:2026-08-25 03:07:59 438:438 SyncActivityProfilerHandler.cpp:52] profiler_start


USDT:2026-08-25 03:07:59 437:437 SyncActivityProfilerHandler.cpp:52] profiler_start



USDT:2026-08-25 03:07:59 441:441 SyncActivityProfilerHandler.cpp:59] profiler_stopUSDT:2026-08-25 03:07:59 437:437 SyncActivityProfilerHandler.cpp:59] profiler_stop
USDT:2026-08-25 03:07:59 440:440 SyncActivityProfilerHandler.cpp:59] profiler_stop
USDT:2026-08-25 03:07:59 436:436 SyncActivityProfilerHandler.cpp:59] profiler_stopUSDT:2026-08-25 03:07:59 434:434 SyncActivityProfilerHandler.cpp:59] profiler_stop

USDT:2026-08-25 03:07:59 438:438 SyncActivityProfilerHandler.cpp:59] profiler_stopUSDT:2026-08-25 03:07:59 435:435 SyncActivityProfilerHandler.cpp:59] profiler_stop

USDT:2026-08-25 03:07:59 439:439 SyncActivityProfilerHandler.cpp:59] profiler_stop

   - EP:  11/32 | expanded dispatch: 3 GB/s (SO), 7 GB/s (SU), 970.235 us, 6334848 bytes | copy: 57 GB/s, 244.704 us
   - EP:  14/32 | expanded dispatch: 3 GB/s (SO), 6 GB/s (SU), 970.161 us, 6012864 bytes | copy: 58 GB/s, 234.262 us
   - EP:  10/32 | expanded dispatch: 3 GB/s (SO), 6 GB/s (SU), 970.099 us, 6102720 bytes | copy: 64 GB/s, 215.244 us
   - EP:   8/32 | expanded dispatch: 3 GB/s (SO), 6 GB/s (SU), 970.266 us, 6222528 bytes | copy: 68 GB/s, 205.060 us
   - EP:  13/32 | expanded dispatch: 3 GB/s (SO), 6 GB/s (SU), 970.285 us, 6215040 bytes | copy: 59 GB/s, 252.247 us
   - EP:  15/32 | expanded dispatch: 3 GB/s (SO), 6 GB/s (SU), 970.172 us, 6147648 bytes | copy: 55 GB/s, 248.421 us
   - EP:  12/32 | expanded dispatch: 3 GB/s (SO), 6 GB/s (SU), 969.650 us, 5780736 bytes | copy: 2521 GB/s, 5.249 us
   - EP:   9/32 | expanded dispatch: 3 GB/s (SO), 6 GB/s (SU), 970.192 us, 6200064 bytes | copy: 66 GB/s, 223.427 us
USDT:2026-08-25 03:08:00 441:441 SyncActivityProfilerHandler.cpp:52] profiler_startUSDT:2026-08-25 03:08:00 434:434 SyncActivityProfilerHandler.cpp:52] profiler_startUSDT:2026-08-25 03:08:00 438:438 SyncActivityProfilerHandler.cpp:52] profiler_start
USDT:2026-08-25 03:08:00 439:439 SyncActivityProfilerHandler.cpp:52] profiler_start
USDT:2026-08-25 03:08:00 435:435 SyncActivityProfilerHandler.cpp:52] profiler_start
USDT:2026-08-25 03:08:00 437:437 SyncActivityProfilerHandler.cpp:52] profiler_start
USDT:2026-08-25 03:08:00 436:436 SyncActivityProfilerHandler.cpp:52] profiler_startUSDT:2026-08-25 03:08:00 440:440 SyncActivityProfilerHandler.cpp:52] profiler_start



USDT:2026-08-25 03:08:00 441:441 SyncActivityProfilerHandler.cpp:59] profiler_stopUSDT:2026-08-25 03:08:00 440:440 SyncActivityProfilerHandler.cpp:59] profiler_stopUSDT:2026-08-25 03:08:00 434:434 SyncActivityProfilerHandler.cpp:59] profiler_stop
USDT:2026-08-25 03:08:00 439:439 SyncActivityProfilerHandler.cpp:59] profiler_stop
USDT:2026-08-25 03:08:00 438:438 SyncActivityProfilerHandler.cpp:59] profiler_stop
USDT:2026-08-25 03:08:00 436:436 SyncActivityProfilerHandler.cpp:59] profiler_stop
USDT:2026-08-25 03:08:00 435:435 SyncActivityProfilerHandler.cpp:59] profiler_stopUSDT:2026-08-25 03:08:00 437:437 SyncActivityProfilerHandler.cpp:59] profiler_stop



   # EP:  10/32 | cached dispatch: 3 GB/s (SO), 6 GB/s (SU), 956.179 us, 6102720 bytes | copy: 57 GB/s, 213.369 us
   # EP:  15/32 | cached dispatch: 3 GB/s (SO), 6 GB/s (SU), 956.235 us, 6147648 bytes | copy: 52 GB/s, 237.053 us
   # EP:  13/32 | cached dispatch: 3 GB/s (SO), 6 GB/s (SU), 956.333 us, 6215040 bytes | copy: 50 GB/s, 247.540 us
   # EP:   9/32 | cached dispatch: 3 GB/s (SO), 6 GB/s (SU), 956.357 us, 6200064 bytes | copy: 58 GB/s, 213.704 us
   # EP:   8/32 | cached dispatch: 3 GB/s (SO), 7 GB/s (SU), 956.235 us, 6222528 bytes | copy: 61 GB/s, 202.675 us
   # EP:  14/32 | cached dispatch: 3 GB/s (SO), 6 GB/s (SU), 956.189 us, 6012864 bytes | copy: 53 GB/s, 225.625 us
   # EP:  12/32 | cached dispatch: 3 GB/s (SO), 6 GB/s (SU), 955.764 us, 5780736 bytes | copy: 2911 GB/s, 3.971 us
   # EP:  11/32 | cached dispatch: 3 GB/s (SO), 7 GB/s (SU), 956.226 us, 6334848 bytes | copy: 52 GB/s, 244.798 us
USDT:2026-08-25 03:08:00 436:436 SyncActivityProfilerHandler.cpp:52] profiler_startUSDT:2026-08-25 03:08:00 439:439 SyncActivityProfilerHandler.cpp:52] profiler_startUSDT:2026-08-25 03:08:00 440:440 SyncActivityProfilerHandler.cpp:52] profiler_start


USDT:2026-08-25 03:08:00 435:435 SyncActivityProfilerHandler.cpp:52] profiler_startUSDT:2026-08-25 03:08:00 441:441 SyncActivityProfilerHandler.cpp:52] profiler_start

USDT:2026-08-25 03:08:00 437:437 SyncActivityProfilerHandler.cpp:52] profiler_start
USDT:2026-08-25 03:08:00 434:434 SyncActivityProfilerHandler.cpp:52] profiler_start
USDT:2026-08-25 03:08:00 438:438 SyncActivityProfilerHandler.cpp:52] profiler_start
USDT:2026-08-25 03:08:01 440:440 SyncActivityProfilerHandler.cpp:59] profiler_stop
USDT:2026-08-25 03:08:01 436:436 SyncActivityProfilerHandler.cpp:59] profiler_stopUSDT:2026-08-25 03:08:01 437:437 SyncActivityProfilerHandler.cpp:59] profiler_stopUSDT:2026-08-25 03:08:01 435:435 SyncActivityProfilerHandler.cpp:59] profiler_stopUSDT:2026-08-25 03:08:01 439:439 SyncActivityProfilerHandler.cpp:59] profiler_stopUSDT:2026-08-25 03:08:01 434:434 SyncActivityProfilerHandler.cpp:59] profiler_stopUSDT:2026-08-25 03:08:01 441:441 SyncActivityProfilerHandler.cpp:59] profiler_stop





USDT:2026-08-25 03:08:01 438:438 SyncActivityProfilerHandler.cpp:59] profiler_stop
   @ EP:  14/32 | combine: 18 GB/s (SO), 36 GB/s (SU), 320.859 us, 11537504 bytes | reduce: 1083 GB/s, 6.923 us   @ EP:  10/32 | combine: 19 GB/s (SO), 36 GB/s (SU), 323.837 us, 11709920 bytes | reduce: 1082 GB/s, 7.182 us   @ EP:   9/32 | combine: 19 GB/s (SO), 37 GB/s (SU), 321.408 us, 11896704 bytes | reduce: 1140 GB/s, 6.955 us


   @ EP:  12/32 | combine: 15 GB/s (SO), 28 GB/s (SU), 396.571 us, 11092096 bytes | reduce: 1109 GB/s, 7.009 us
   @ EP:  15/32 | combine: 18 GB/s (SO), 37 GB/s (SU), 320.539 us, 11796128 bytes | reduce: 1053 GB/s, 6.962 us
   @ EP:   8/32 | combine: 20 GB/s (SO), 37 GB/s (SU), 320.988 us, 11939808 bytes | reduce: 1140 GB/s, 7.061 us
   @ EP:  13/32 | combine: 19 GB/s (SO), 38 GB/s (SU), 314.021 us, 11925440 bytes | reduce: 1064 GB/s, 7.145 us
   @ EP:  11/32 | combine: 20 GB/s (SO), 39 GB/s (SU), 314.339 us, 12155328 bytes | reduce: 1119 GB/s, 6.982 us
USDT:2026-08-25 03:08:01 434:434 SyncActivityProfilerHandler.cpp:52] profiler_startUSDT:2026-08-25 03:08:01 437:437 SyncActivityProfilerHandler.cpp:52] profiler_startUSDT:2026-08-25 03:08:01 435:435 SyncActivityProfilerHandler.cpp:52] profiler_startUSDT:2026-08-25 03:08:01 441:441 SyncActivityProfilerHandler.cpp:52] profiler_start

USDT:2026-08-25 03:08:01 436:436 SyncActivityProfilerHandler.cpp:52] profiler_startUSDT:2026-08-25 03:08:01 440:440 SyncActivityProfilerHandler.cpp:52] profiler_startUSDT:2026-08-25 03:08:01 439:439 SyncActivityProfilerHandler.cpp:52] profiler_start




USDT:2026-08-25 03:08:01 438:438 SyncActivityProfilerHandler.cpp:52] profiler_start
USDT:2026-08-25 03:08:01 434:434 SyncActivityProfilerHandler.cpp:59] profiler_stop
USDT:2026-08-25 03:08:01 436:436 SyncActivityProfilerHandler.cpp:59] profiler_stop
USDT:2026-08-25 03:08:01 441:441 SyncActivityProfilerHandler.cpp:59] profiler_stop
USDT:2026-08-25 03:08:01 440:440 SyncActivityProfilerHandler.cpp:59] profiler_stop
USDT:2026-08-25 03:08:01 437:437 SyncActivityProfilerHandler.cpp:59] profiler_stop
USDT:2026-08-25 03:08:01 439:439 SyncActivityProfilerHandler.cpp:59] profiler_stop
USDT:2026-08-25 03:08:01 438:438 SyncActivityProfilerHandler.cpp:59] profiler_stop
USDT:2026-08-25 03:08:01 435:435 SyncActivityProfilerHandler.cpp:59] profiler_stop
   + EP:  10/32 | reduced combine: 18 GB/s (SO), 35 GB/s (SU), 333.996 us, 11709920 bytes | reduce: 1085 GB/s, 7.165 us
   + EP:   8/32 | reduced combine: 19 GB/s (SO), 36 GB/s (SU), 332.529 us, 11939808 bytes | reduce: 1118 GB/s, 7.194 us   + EP:  15/32 | reduced combine: 17 GB/s (SO), 35 GB/s (SU), 332.320 us, 11796128 bytes | reduce: 1062 GB/s, 6.898 us

   + EP:  12/32 | reduced combine: 15 GB/s (SO), 27 GB/s (SU), 409.855 us, 11092096 bytes | reduce: 1096 GB/s, 7.091 us
   + EP:   9/32 | reduced combine: 19 GB/s (SO), 36 GB/s (SU), 333.691 us, 11896704 bytes | reduce: 1078 GB/s, 7.356 us   + EP:  14/32 | reduced combine: 18 GB/s (SO), 35 GB/s (SU), 329.113 us, 11537504 bytes | reduce: 1072 GB/s, 6.994 us

   + EP:  13/32 | reduced combine: 18 GB/s (SO), 36 GB/s (SU), 327.583 us, 11925440 bytes | reduce: 1048 GB/s, 7.255 us
   + EP:  11/32 | reduced combine: 19 GB/s (SO), 37 GB/s (SU), 328.497 us, 12155328 bytes | reduce: 1054 GB/s, 7.418 us


