=== EP_NIC_NAME=rdmap110s0 (auto, 200 Gb/s) ===
+ docker run --rm --gpus all --privileged --network=host --ipc=host --ulimit memlock=-1 --ulimit stack=67108864 --device=/dev/infiniband --device=/dev/gdrdrv -v /sys/class/infiniband:/sys/class/infiniband:ro -e MASTER_ADDR=172.31.20.74 -e MASTER_PORT=29725 -e WORLD_SIZE=2 -e RANK=1 -e NCCL_DEBUG=WARN -e EP_NIC_NAME=rdmap110s0 -e NCCL_GIN_TYPE=5 -e NCCL_SYM_GIN_KERNELS_ENABLE=0 -e PYTHONUNBUFFERED=1 -e PYTHONFAULTHANDLER=1 deepep-v2-efa-official:dev bash -lc 'timeout -s ABRT --kill-after=60 1500     python3 -u /opt/DeepEP/tests/elastic/test_ep.py     --num-processes=8 --num-tokens=8192     --hidden=7168 --num-topk=8 --num-experts=256     --num-sms=24 --allow-hybrid-mode=1     --prefer-overlap-with-compute=0 --test-first-only      '

==========
== CUDA ==
==========

CUDA Version 13.0.2

Container image Copyright (c) 2016-2023, NVIDIA CORPORATION & AFFILIATES. All rights reserved.

This container image and its contents are governed by the NVIDIA Deep Learning Container License.
By pulling and using the container, you accept the terms and conditions of this license:
https://developer.nvidia.com/ngc/nvidia-deep-learning-container-license

A copy of this license is made available in this container at /NGC-DL-CONTAINER-LICENSE for your convenience.

DeepEP hybrid kernel selection: unordered
DeepEP hybrid kernel selection: unordered
DeepEP hybrid kernel selection: unordered
DeepEP hybrid kernel selection: unordered
DeepEP hybrid kernel selection: unordered
DeepEP hybrid kernel selection: unordered
DeepEP hybrid kernel selection: unordered
DeepEP hybrid kernel selection: unordered
DeepEP hybrid kernel selection: unordered
DeepEP hybrid kernel selection: unordered
DeepEP hybrid kernel selection: unordered
DeepEP hybrid kernel selection: unordered
DeepEP hybrid kernel selection: unordered
DeepEP hybrid kernel selection: unordered
DeepEP hybrid kernel selection: unordered
DeepEP hybrid kernel selection: unordered
Config:
 > Ranks: 2 x 8
 > Experts: 8/256
 > Tokens: 8184 (max: 8192), hidden: 7168
 > #SM: 24, #QPs: 11/11

Running all test cases:
 > Testing with do_handle_copy=1, expert_alignment=128, use_fp8_dispatch=1, num_bias=0, with_previous_event=0, async_with_compute_stream=0, allocate_on_comm_stream=0 ...
USDT:2026-08-25 04:42:48 437:437 SyncActivityProfilerHandler.cpp:52] profiler_startUSDT:2026-08-25 04:42:48 439:439 SyncActivityProfilerHandler.cpp:52] profiler_startUSDT:2026-08-25 04:42:48 440:440 SyncActivityProfilerHandler.cpp:52] profiler_startUSDT:2026-08-25 04:42:48 434:434 SyncActivityProfilerHandler.cpp:52] profiler_start
USDT:2026-08-25 04:42:48 435:435 SyncActivityProfilerHandler.cpp:52] profiler_start



USDT:2026-08-25 04:42:48 433:433 SyncActivityProfilerHandler.cpp:52] profiler_start
USDT:2026-08-25 04:42:48 436:436 SyncActivityProfilerHandler.cpp:52] profiler_start
USDT:2026-08-25 04:42:48 438:438 SyncActivityProfilerHandler.cpp:52] profiler_start
USDT:2026-08-25 04:42:48 434:434 SyncActivityProfilerHandler.cpp:59] profiler_stopUSDT:2026-08-25 04:42:48 440:440 SyncActivityProfilerHandler.cpp:59] profiler_stop

USDT:2026-08-25 04:42:48 435:435 SyncActivityProfilerHandler.cpp:59] profiler_stop
USDT:2026-08-25 04:42:48 439:439 SyncActivityProfilerHandler.cpp:59] profiler_stop
USDT:2026-08-25 04:42:48 437:437 SyncActivityProfilerHandler.cpp:59] profiler_stop
USDT:2026-08-25 04:42:48 433:433 SyncActivityProfilerHandler.cpp:59] profiler_stopUSDT:2026-08-25 04:42:48 436:436 SyncActivityProfilerHandler.cpp:59] profiler_stopUSDT:2026-08-25 04:42:48 438:438 SyncActivityProfilerHandler.cpp:59] profiler_stop


   * EP:   9/16 | dispatch: 79 GB/s (SO), 259 GB/s (SU), 1538.000 us, 398795904 bytes | copy: 3231 GB/s, 246.874 us
   * EP:  14/16 | dispatch: 79 GB/s (SO), 260 GB/s (SU), 1538.000 us, 400525632 bytes | copy: 3229 GB/s, 248.074 us
   * EP:  12/16 | dispatch: 79 GB/s (SO), 261 GB/s (SU), 1538.000 us, 401401728 bytes | copy: 3124 GB/s, 256.964 us
   * EP:   8/16 | dispatch: 79 GB/s (SO), 260 GB/s (SU), 1538.000 us, 400166208 bytes | copy: 3187 GB/s, 251.127 us
   * EP:  15/16 | dispatch: 79 GB/s (SO), 261 GB/s (SU), 1538.000 us, 401903424 bytes | copy: 3272 GB/s, 245.663 us
   * EP:  10/16 | dispatch: 79 GB/s (SO), 261 GB/s (SU), 1538.000 us, 401289408 bytes | copy: 3198 GB/s, 250.987 us
   * EP:  11/16 | dispatch: 79 GB/s (SO), 260 GB/s (SU), 1538.000 us, 400203648 bytes | copy: 3172 GB/s, 252.307 us
   * EP:  13/16 | dispatch: 79 GB/s (SO), 259 GB/s (SU), 1538.000 us, 398728512 bytes | copy: 3153 GB/s, 252.934 us
USDT:2026-08-25 04:42:48 434:434 SyncActivityProfilerHandler.cpp:52] profiler_startUSDT:2026-08-25 04:42:48 435:435 SyncActivityProfilerHandler.cpp:52] profiler_start
USDT:2026-08-25 04:42:48 439:439 SyncActivityProfilerHandler.cpp:52] profiler_startUSDT:2026-08-25 04:42:48 433:433 SyncActivityProfilerHandler.cpp:52] profiler_start
USDT:2026-08-25 04:42:48 440:440 SyncActivityProfilerHandler.cpp:52] profiler_start
USDT:2026-08-25 04:42:48 437:437 SyncActivityProfilerHandler.cpp:52] profiler_start
USDT:2026-08-25 04:42:48 436:436 SyncActivityProfilerHandler.cpp:52] profiler_start
USDT:2026-08-25 04:42:48 438:438 SyncActivityProfilerHandler.cpp:52] profiler_start


USDT:2026-08-25 04:42:49 435:435 SyncActivityProfilerHandler.cpp:59] profiler_stopUSDT:2026-08-25 04:42:49 440:440 SyncActivityProfilerHandler.cpp:59] profiler_stopUSDT:2026-08-25 04:42:49 437:437 SyncActivityProfilerHandler.cpp:59] profiler_stop
USDT:2026-08-25 04:42:49 438:438 SyncActivityProfilerHandler.cpp:59] profiler_stop

USDT:2026-08-25 04:42:49 439:439 SyncActivityProfilerHandler.cpp:59] profiler_stop

USDT:2026-08-25 04:42:49 436:436 SyncActivityProfilerHandler.cpp:59] profiler_stopUSDT:2026-08-25 04:42:49 433:433 SyncActivityProfilerHandler.cpp:59] profiler_stop

USDT:2026-08-25 04:42:49 434:434 SyncActivityProfilerHandler.cpp:59] profiler_stop
   - EP:   8/16 | expanded dispatch: 79 GB/s (SO), 260 GB/s (SU), 1540.000 us, 400166208 bytes | copy: 2823 GB/s, 319.615 us
   - EP:  12/16 | expanded dispatch: 79 GB/s (SO), 261 GB/s (SU), 1540.000 us, 401401728 bytes | copy: 2785 GB/s, 324.423 us
   - EP:  14/16 | expanded dispatch: 79 GB/s (SO), 260 GB/s (SU), 1540.000 us, 400525632 bytes | copy: 2793 GB/s, 322.967 us
   - EP:  15/16 | expanded dispatch: 79 GB/s (SO), 261 GB/s (SU), 1540.000 us, 401903424 bytes | copy: 2786 GB/s, 324.601 us
   - EP:  11/16 | expanded dispatch: 79 GB/s (SO), 260 GB/s (SU), 1540.000 us, 400203648 bytes | copy: 2875 GB/s, 313.444 us
   - EP:  10/16 | expanded dispatch: 79 GB/s (SO), 261 GB/s (SU), 1540.000 us, 401289408 bytes | copy: 2765 GB/s, 326.422 us
   - EP:  13/16 | expanded dispatch: 79 GB/s (SO), 259 GB/s (SU), 1540.000 us, 398728512 bytes | copy: 2713 GB/s, 330.638 us
   - EP:   9/16 | expanded dispatch: 79 GB/s (SO), 259 GB/s (SU), 1540.000 us, 398795904 bytes | copy: 2829 GB/s, 316.375 us
USDT:2026-08-25 04:42:49 440:440 SyncActivityProfilerHandler.cpp:52] profiler_startUSDT:2026-08-25 04:42:49 439:439 SyncActivityProfilerHandler.cpp:52] profiler_start
USDT:2026-08-25 04:42:49 436:436 SyncActivityProfilerHandler.cpp:52] profiler_start
USDT:2026-08-25 04:42:49 433:433 SyncActivityProfilerHandler.cpp:52] profiler_startUSDT:2026-08-25 04:42:49 437:437 SyncActivityProfilerHandler.cpp:52] profiler_startUSDT:2026-08-25 04:42:49 438:438 SyncActivityProfilerHandler.cpp:52] profiler_start


USDT:2026-08-25 04:42:49 434:434 SyncActivityProfilerHandler.cpp:52] profiler_start
USDT:2026-08-25 04:42:49 435:435 SyncActivityProfilerHandler.cpp:52] profiler_start

USDT:2026-08-25 04:42:50 434:434 SyncActivityProfilerHandler.cpp:59] profiler_stop
USDT:2026-08-25 04:42:50 435:435 SyncActivityProfilerHandler.cpp:59] profiler_stop
USDT:2026-08-25 04:42:50 440:440 SyncActivityProfilerHandler.cpp:59] profiler_stopUSDT:2026-08-25 04:42:50 437:437 SyncActivityProfilerHandler.cpp:59] profiler_stop

USDT:2026-08-25 04:42:50 439:439 SyncActivityProfilerHandler.cpp:59] profiler_stop
USDT:2026-08-25 04:42:50 433:433 SyncActivityProfilerHandler.cpp:59] profiler_stopUSDT:2026-08-25 04:42:50 438:438 SyncActivityProfilerHandler.cpp:59] profiler_stop

USDT:2026-08-25 04:42:50 436:436 SyncActivityProfilerHandler.cpp:59] profiler_stop
   # EP:  15/16 | cached dispatch: 75 GB/s (SO), 248 GB/s (SU), 1620.000 us, 401903424 bytes | copy: 3379 GB/s, 237.862 us
   # EP:  10/16 | cached dispatch: 75 GB/s (SO), 248 GB/s (SU), 1620.000 us, 401289408 bytes | copy: 3290 GB/s, 243.982 us
   # EP:   9/16 | cached dispatch: 75 GB/s (SO), 246 GB/s (SU), 1620.000 us, 398795904 bytes | copy: 3390 GB/s, 235.276 us
   # EP:  12/16 | cached dispatch: 75 GB/s (SO), 248 GB/s (SU), 1620.000 us, 401401728 bytes | copy: 3342 GB/s, 240.208 us
   # EP:   8/16 | cached dispatch: 75 GB/s (SO), 247 GB/s (SU), 1620.000 us, 400166208 bytes | copy: 3388 GB/s, 236.218 us
   # EP:  14/16 | cached dispatch: 75 GB/s (SO), 247 GB/s (SU), 1620.000 us, 400525632 bytes | copy: 3342 GB/s, 239.657 us
   # EP:  13/16 | cached dispatch: 75 GB/s (SO), 246 GB/s (SU), 1620.000 us, 398728512 bytes | copy: 3344 GB/s, 238.446 us
   # EP:  11/16 | cached dispatch: 75 GB/s (SO), 247 GB/s (SU), 1620.000 us, 400203648 bytes | copy: 3344 GB/s, 239.340 us
USDT:2026-08-25 04:42:50 437:437 SyncActivityProfilerHandler.cpp:52] profiler_startUSDT:2026-08-25 04:42:50 439:439 SyncActivityProfilerHandler.cpp:52] profiler_start

USDT:2026-08-25 04:42:50 434:434 SyncActivityProfilerHandler.cpp:52] profiler_startUSDT:2026-08-25 04:42:50 440:440 SyncActivityProfilerHandler.cpp:52] profiler_startUSDT:2026-08-25 04:42:50 435:435 SyncActivityProfilerHandler.cpp:52] profiler_start


USDT:2026-08-25 04:42:50 436:436 SyncActivityProfilerHandler.cpp:52] profiler_start
USDT:2026-08-25 04:42:50 438:438 SyncActivityProfilerHandler.cpp:52] profiler_startUSDT:2026-08-25 04:42:50 433:433 SyncActivityProfilerHandler.cpp:52] profiler_start

USDT:2026-08-25 04:42:51 440:440 SyncActivityProfilerHandler.cpp:59] profiler_stopUSDT:2026-08-25 04:42:51 439:439 SyncActivityProfilerHandler.cpp:59] profiler_stop
USDT:2026-08-25 04:42:51 437:437 SyncActivityProfilerHandler.cpp:59] profiler_stop

USDT:2026-08-25 04:42:51 433:433 SyncActivityProfilerHandler.cpp:59] profiler_stop
USDT:2026-08-25 04:42:51 434:434 SyncActivityProfilerHandler.cpp:59] profiler_stop
USDT:2026-08-25 04:42:51 435:435 SyncActivityProfilerHandler.cpp:59] profiler_stopUSDT:2026-08-25 04:42:51 436:436 SyncActivityProfilerHandler.cpp:59] profiler_stop

USDT:2026-08-25 04:42:51 438:438 SyncActivityProfilerHandler.cpp:59] profiler_stop
   @ EP:   9/16 | combine: 62 GB/s (SO), 203 GB/s (SU), 3768.000 us, 765210944 bytes | reduce: 3684 GB/s, 95.525 us
   @ EP:  14/16 | combine: 62 GB/s (SO), 204 GB/s (SU), 3761.000 us, 768529952 bytes | reduce: 3683 GB/s, 95.527 us
   @ EP:  12/16 | combine: 62 GB/s (SO), 205 GB/s (SU), 3756.000 us, 770211008 bytes | reduce: 3689 GB/s, 95.351 us
   @ EP:  15/16 | combine: 62 GB/s (SO), 205 GB/s (SU), 3771.000 us, 771173664 bytes | reduce: 3684 GB/s, 95.400 us
   @ EP:  11/16 | combine: 62 GB/s (SO), 203 GB/s (SU), 3786.000 us, 767912128 bytes | reduce: 3683 GB/s, 95.528 us
   @ EP:   8/16 | combine: 62 GB/s (SO), 205 GB/s (SU), 3754.000 us, 767840288 bytes | reduce: 3710 GB/s, 94.876 us
   @ EP:  10/16 | combine: 62 GB/s (SO), 204 GB/s (SU), 3768.000 us, 769995488 bytes | reduce: 3688 GB/s, 95.416 us
   @ EP:  13/16 | combine: 62 GB/s (SO), 202 GB/s (SU), 3785.000 us, 765081632 bytes | reduce: 3689 GB/s, 95.365 us
USDT:2026-08-25 04:42:51 436:436 SyncActivityProfilerHandler.cpp:52] profiler_start
USDT:2026-08-25 04:42:51 440:440 SyncActivityProfilerHandler.cpp:52] profiler_startUSDT:2026-08-25 04:42:51 437:437 SyncActivityProfilerHandler.cpp:52] profiler_start
USDT:2026-08-25 04:42:51 439:439 SyncActivityProfilerHandler.cpp:52] profiler_start
USDT:2026-08-25 04:42:51 438:438 SyncActivityProfilerHandler.cpp:52] profiler_start

USDT:2026-08-25 04:42:51 433:433 SyncActivityProfilerHandler.cpp:52] profiler_startUSDT:2026-08-25 04:42:51 434:434 SyncActivityProfilerHandler.cpp:52] profiler_start

USDT:2026-08-25 04:42:51 435:435 SyncActivityProfilerHandler.cpp:52] profiler_start
USDT:2026-08-25 04:42:52 439:439 SyncActivityProfilerHandler.cpp:59] profiler_stopUSDT:2026-08-25 04:42:52 434:434 SyncActivityProfilerHandler.cpp:59] profiler_stop

USDT:2026-08-25 04:42:52 437:437 SyncActivityProfilerHandler.cpp:59] profiler_stopUSDT:2026-08-25 04:42:52 433:433 SyncActivityProfilerHandler.cpp:59] profiler_stop

USDT:2026-08-25 04:42:52 438:438 SyncActivityProfilerHandler.cpp:59] profiler_stopUSDT:2026-08-25 04:42:52 435:435 SyncActivityProfilerHandler.cpp:59] profiler_stop

USDT:2026-08-25 04:42:52 440:440 SyncActivityProfilerHandler.cpp:59] profiler_stopUSDT:2026-08-25 04:42:52 436:436 SyncActivityProfilerHandler.cpp:59] profiler_stop

   + EP:   9/16 | reduced combine: 64 GB/s (SO), 209 GB/s (SU), 3654.000 us, 765210944 bytes | reduce: 3680 GB/s, 95.632 us
   + EP:  14/16 | reduced combine: 64 GB/s (SO), 210 GB/s (SU), 3659.000 us, 768529952 bytes | reduce: 3687 GB/s, 95.430 us
   + EP:  11/16 | reduced combine: 64 GB/s (SO), 210 GB/s (SU), 3654.000 us, 767912128 bytes | reduce: 3678 GB/s, 95.658 us
   + EP:  12/16 | reduced combine: 64 GB/s (SO), 210 GB/s (SU), 3661.000 us, 770211008 bytes | reduce: 3679 GB/s, 95.614 us
   + EP:  13/16 | reduced combine: 64 GB/s (SO), 211 GB/s (SU), 3634.000 us, 765081632 bytes | reduce: 3707 GB/s, 94.920 us
   + EP:  15/16 | reduced combine: 64 GB/s (SO), 211 GB/s (SU), 3659.000 us, 771173664 bytes | reduce: 3678 GB/s, 95.565 us
   + EP:  10/16 | reduced combine: 64 GB/s (SO), 210 GB/s (SU), 3658.000 us, 769995488 bytes | reduce: 3684 GB/s, 95.522 us
   + EP:   8/16 | reduced combine: 64 GB/s (SO), 210 GB/s (SU), 3650.000 us, 767840288 bytes | reduce: 3687 GB/s, 95.476 us


