=== EP_NIC_NAME=rdmap110s0 (auto, 200 Gb/s) ===
+ docker run --rm --gpus all --privileged --network=host --ipc=host --ulimit memlock=-1 --ulimit stack=67108864 --device=/dev/infiniband --device=/dev/gdrdrv -v /sys/class/infiniband:/sys/class/infiniband:ro -e MASTER_ADDR=172.31.20.74 -e MASTER_PORT=29732 -e WORLD_SIZE=2 -e RANK=0 -e NCCL_DEBUG=WARN -e EP_NIC_NAME=rdmap110s0 -e NCCL_GIN_TYPE=5 -e NCCL_SYM_GIN_KERNELS_ENABLE=0 -e PYTHONUNBUFFERED=1 -e PYTHONFAULTHANDLER=1 deepep-v2-efa-official:pr1pr2-b097b03 bash -lc 'timeout -s ABRT --kill-after=60 1500     python3 -u /opt/DeepEP/tests/elastic/test_ep.py     --num-processes=8 --num-tokens=128     --hidden=7168 --num-topk=8 --num-experts=256     --num-sms=12 --allow-hybrid-mode=1     --prefer-overlap-with-compute=0 --test-first-only      '

==========
== CUDA ==
==========

CUDA Version 13.0.2

Container image Copyright (c) 2016-2023, NVIDIA CORPORATION & AFFILIATES. All rights reserved.

This container image and its contents are governed by the NVIDIA Deep Learning Container License.
By pulling and using the container, you accept the terms and conditions of this license:
https://developer.nvidia.com/ngc/nvidia-deep-learning-container-license

A copy of this license is made available in this container at /NGC-DL-CONTAINER-LICENSE for your convenience.

NCCL version 2.31.2+cuda13.3
DeepEP hybrid kernel selection: unordered
DeepEP hybrid kernel selection: unordered
DeepEP hybrid kernel selection: unordered
DeepEP hybrid kernel selection: unordered
DeepEP hybrid kernel selection: unordered
DeepEP hybrid kernel selection: unordered
DeepEP hybrid kernel selection: unordered
DeepEP hybrid kernel selection: unordered
DeepEP hybrid kernel selection: unordered
DeepEP hybrid kernel selection: unordered
DeepEP hybrid kernel selection: unordered
DeepEP hybrid kernel selection: unordered
DeepEP hybrid kernel selection: unordered
DeepEP hybrid kernel selection: unordered
DeepEP hybrid kernel selection: unordered
DeepEP hybrid kernel selection: unordered
Config:
 > Ranks: 2 x 8
 > Experts: 8/256
 > Tokens: 128 (max: 128), hidden: 7168
 > #SM: 12, #QPs: 11/11

Running all test cases:
 > Testing with do_handle_copy=1, expert_alignment=128, use_fp8_dispatch=1, num_bias=0, with_previous_event=0, async_with_compute_stream=0, allocate_on_comm_stream=0 ...
USDT:2026-08-25 04:46:26 435:435 SyncActivityProfilerHandler.cpp:52] profiler_startUSDT:2026-08-25 04:46:26 439:439 SyncActivityProfilerHandler.cpp:52] profiler_startUSDT:2026-08-25 04:46:26 438:438 SyncActivityProfilerHandler.cpp:52] profiler_startUSDT:2026-08-25 04:46:26 440:440 SyncActivityProfilerHandler.cpp:52] profiler_startUSDT:2026-08-25 04:46:26 437:437 SyncActivityProfilerHandler.cpp:52] profiler_startUSDT:2026-08-25 04:46:26 434:434 SyncActivityProfilerHandler.cpp:52] profiler_start
USDT:2026-08-25 04:46:26 441:441 SyncActivityProfilerHandler.cpp:52] profiler_startUSDT:2026-08-25 04:46:26 436:436 SyncActivityProfilerHandler.cpp:52] profiler_start






USDT:2026-08-25 04:46:26 438:438 SyncActivityProfilerHandler.cpp:59] profiler_stopUSDT:2026-08-25 04:46:26 440:440 SyncActivityProfilerHandler.cpp:59] profiler_stopUSDT:2026-08-25 04:46:26 441:441 SyncActivityProfilerHandler.cpp:59] profiler_stop


USDT:2026-08-25 04:46:26 439:439 SyncActivityProfilerHandler.cpp:59] profiler_stopUSDT:2026-08-25 04:46:26 434:434 SyncActivityProfilerHandler.cpp:59] profiler_stop

USDT:2026-08-25 04:46:26 437:437 SyncActivityProfilerHandler.cpp:59] profiler_stop
USDT:2026-08-25 04:46:26 436:436 SyncActivityProfilerHandler.cpp:59] profiler_stop
USDT:2026-08-25 04:46:26 435:435 SyncActivityProfilerHandler.cpp:59] profiler_stop
   * EP:   5/16 | dispatch: 16 GB/s (SO), 50 GB/s (SU), 113.569 us, 5705856 bytes | copy: 1077 GB/s, 10.598 us
   * EP:   0/16 | dispatch: 17 GB/s (SO), 51 GB/s (SU), 113.511 us, 5750784 bytes | copy: 1528 GB/s, 7.529 us
   * EP:   3/16 | dispatch: 17 GB/s (SO), 52 GB/s (SU), 113.318 us, 5855616 bytes | copy: 1698 GB/s, 6.896 us
   * EP:   6/16 | dispatch: 16 GB/s (SO), 52 GB/s (SU), 113.545 us, 5937984 bytes | copy: 1255 GB/s, 9.465 us
   * EP:   7/16 | dispatch: 16 GB/s (SO), 52 GB/s (SU), 113.539 us, 5937984 bytes | copy: 1292 GB/s, 9.195 us
   * EP:   1/16 | dispatch: 17 GB/s (SO), 50 GB/s (SU), 113.469 us, 5720832 bytes | copy: 1754 GB/s, 6.523 us
   * EP:   4/16 | dispatch: 16 GB/s (SO), 50 GB/s (SU), 113.534 us, 5623488 bytes | copy: 1156 GB/s, 9.727 us
   * EP:   2/16 | dispatch: 17 GB/s (SO), 51 GB/s (SU), 113.432 us, 5840640 bytes | copy: 2191 GB/s, 5.332 us
USDT:2026-08-25 04:46:26 440:440 SyncActivityProfilerHandler.cpp:52] profiler_startUSDT:2026-08-25 04:46:26 438:438 SyncActivityProfilerHandler.cpp:52] profiler_startUSDT:2026-08-25 04:46:26 441:441 SyncActivityProfilerHandler.cpp:52] profiler_startUSDT:2026-08-25 04:46:26 437:437 SyncActivityProfilerHandler.cpp:52] profiler_start

USDT:2026-08-25 04:46:26 434:434 SyncActivityProfilerHandler.cpp:52] profiler_start


USDT:2026-08-25 04:46:26 439:439 SyncActivityProfilerHandler.cpp:52] profiler_start
USDT:2026-08-25 04:46:26 435:435 SyncActivityProfilerHandler.cpp:52] profiler_start
USDT:2026-08-25 04:46:26 436:436 SyncActivityProfilerHandler.cpp:52] profiler_start
USDT:2026-08-25 04:46:27 438:438 SyncActivityProfilerHandler.cpp:59] profiler_stopUSDT:2026-08-25 04:46:27 440:440 SyncActivityProfilerHandler.cpp:59] profiler_stopUSDT:2026-08-25 04:46:27 439:439 SyncActivityProfilerHandler.cpp:59] profiler_stop


USDT:2026-08-25 04:46:27 441:441 SyncActivityProfilerHandler.cpp:59] profiler_stop
USDT:2026-08-25 04:46:27 434:434 SyncActivityProfilerHandler.cpp:59] profiler_stop
USDT:2026-08-25 04:46:27 437:437 SyncActivityProfilerHandler.cpp:59] profiler_stopUSDT:2026-08-25 04:46:27 435:435 SyncActivityProfilerHandler.cpp:59] profiler_stop

USDT:2026-08-25 04:46:27 436:436 SyncActivityProfilerHandler.cpp:59] profiler_stop
   - EP:   7/16 | expanded dispatch: 16 GB/s (SO), 52 GB/s (SU), 113.345 us, 5937984 bytes | copy: 2161 GB/s, 9.587 us
   - EP:   5/16 | expanded dispatch: 16 GB/s (SO), 50 GB/s (SU), 113.277 us, 5705856 bytes | copy: 1950 GB/s, 10.533 us
   - EP:   3/16 | expanded dispatch: 17 GB/s (SO), 52 GB/s (SU), 113.024 us, 5855616 bytes | copy: 2516 GB/s, 8.214 us
   - EP:   1/16 | expanded dispatch: 17 GB/s (SO), 51 GB/s (SU), 113.237 us, 5720832 bytes | copy: 2674 GB/s, 7.674 us
   - EP:   0/16 | expanded dispatch: 17 GB/s (SO), 51 GB/s (SU), 113.297 us, 5750784 bytes | copy: 2418 GB/s, 8.514 us
   - EP:   2/16 | expanded dispatch: 17 GB/s (SO), 52 GB/s (SU), 113.179 us, 5840640 bytes | copy: 2923 GB/s, 7.082 us
   - EP:   6/16 | expanded dispatch: 16 GB/s (SO), 52 GB/s (SU), 113.279 us, 5937984 bytes | copy: 2134 GB/s, 9.762 us
   - EP:   4/16 | expanded dispatch: 16 GB/s (SO), 50 GB/s (SU), 113.288 us, 5623488 bytes | copy: 1941 GB/s, 10.536 us
USDT:2026-08-25 04:46:27 441:441 SyncActivityProfilerHandler.cpp:52] profiler_startUSDT:2026-08-25 04:46:27 438:438 SyncActivityProfilerHandler.cpp:52] profiler_startUSDT:2026-08-25 04:46:27 434:434 SyncActivityProfilerHandler.cpp:52] profiler_startUSDT:2026-08-25 04:46:27 440:440 SyncActivityProfilerHandler.cpp:52] profiler_startUSDT:2026-08-25 04:46:27 439:439 SyncActivityProfilerHandler.cpp:52] profiler_start


USDT:2026-08-25 04:46:27 437:437 SyncActivityProfilerHandler.cpp:52] profiler_start

USDT:2026-08-25 04:46:27 435:435 SyncActivityProfilerHandler.cpp:52] profiler_start

USDT:2026-08-25 04:46:27 436:436 SyncActivityProfilerHandler.cpp:52] profiler_start
USDT:2026-08-25 04:46:28 441:441 SyncActivityProfilerHandler.cpp:59] profiler_stopUSDT:2026-08-25 04:46:28 434:434 SyncActivityProfilerHandler.cpp:59] profiler_stopUSDT:2026-08-25 04:46:28 438:438 SyncActivityProfilerHandler.cpp:59] profiler_stopUSDT:2026-08-25 04:46:28 439:439 SyncActivityProfilerHandler.cpp:59] profiler_stopUSDT:2026-08-25 04:46:28 440:440 SyncActivityProfilerHandler.cpp:59] profiler_stop
USDT:2026-08-25 04:46:28 437:437 SyncActivityProfilerHandler.cpp:59] profiler_stop




USDT:2026-08-25 04:46:28 435:435 SyncActivityProfilerHandler.cpp:59] profiler_stop
USDT:2026-08-25 04:46:28 436:436 SyncActivityProfilerHandler.cpp:59] profiler_stop
   # EP:   6/16 | cached dispatch: 17 GB/s (SO), 55 GB/s (SU), 107.637 us, 5937984 bytes | copy: 1428 GB/s, 8.319 us
   # EP:   0/16 | cached dispatch: 18 GB/s (SO), 53 GB/s (SU), 107.626 us, 5750784 bytes | copy: 1627 GB/s, 7.070 us
   # EP:   4/16 | cached dispatch: 17 GB/s (SO), 52 GB/s (SU), 107.717 us, 5623488 bytes | copy: 1126 GB/s, 9.986 us
   # EP:   5/16 | cached dispatch: 17 GB/s (SO), 53 GB/s (SU), 107.721 us, 5705856 bytes | copy: 1315 GB/s, 8.678 us
   # EP:   7/16 | cached dispatch: 17 GB/s (SO), 55 GB/s (SU), 107.732 us, 5937984 bytes | copy: 1273 GB/s, 9.332 us
   # EP:   3/16 | cached dispatch: 17 GB/s (SO), 54 GB/s (SU), 107.445 us, 5855616 bytes | copy: 1594 GB/s, 7.345 us
   # EP:   1/16 | cached dispatch: 18 GB/s (SO), 53 GB/s (SU), 107.621 us, 5720832 bytes | copy: 1449 GB/s, 7.898 us
   # EP:   2/16 | cached dispatch: 18 GB/s (SO), 54 GB/s (SU), 107.683 us, 5840640 bytes | copy: 1801 GB/s, 6.485 us
USDT:2026-08-25 04:46:28 441:441 SyncActivityProfilerHandler.cpp:52] profiler_startUSDT:2026-08-25 04:46:28 439:439 SyncActivityProfilerHandler.cpp:52] profiler_startUSDT:2026-08-25 04:46:28 434:434 SyncActivityProfilerHandler.cpp:52] profiler_start

USDT:2026-08-25 04:46:28 437:437 SyncActivityProfilerHandler.cpp:52] profiler_start
USDT:2026-08-25 04:46:28 438:438 SyncActivityProfilerHandler.cpp:52] profiler_start

USDT:2026-08-25 04:46:28 436:436 SyncActivityProfilerHandler.cpp:52] profiler_startUSDT:2026-08-25 04:46:28 435:435 SyncActivityProfilerHandler.cpp:52] profiler_start

USDT:2026-08-25 04:46:28 440:440 SyncActivityProfilerHandler.cpp:52] profiler_start
   @ EP:   6/16 | combine: 21 GB/s (SO), 70 GB/s (SU), 163.450 us, 11393824 bytes | reduce: 1055 GB/s, 4.945 us
   @ EP:   7/16 | combine: 21 GB/s (SO), 70 GB/s (SU), 163.624 us, 11393824 bytes | reduce: 1055 GB/s, 4.942 us
   @ EP:   3/16 | combine: 22 GB/s (SO), 68 GB/s (SU), 164.795 us, 11235776 bytes | reduce: 1096 GB/s, 4.915 us
USDT:2026-08-25 04:46:28 438:438 SyncActivityProfilerHandler.cpp:59] profiler_stopUSDT:2026-08-25 04:46:28 439:439 SyncActivityProfilerHandler.cpp:59] profiler_stopUSDT:2026-08-25 04:46:28 441:441 SyncActivityProfilerHandler.cpp:59] profiler_stopUSDT:2026-08-25 04:46:28 437:437 SyncActivityProfilerHandler.cpp:59] profiler_stop

USDT:2026-08-25 04:46:28 434:434 SyncActivityProfilerHandler.cpp:59] profiler_stop


USDT:2026-08-25 04:46:28 440:440 SyncActivityProfilerHandler.cpp:59] profiler_stop
USDT:2026-08-25 04:46:28 435:435 SyncActivityProfilerHandler.cpp:59] profiler_stop
USDT:2026-08-25 04:46:28 436:436 SyncActivityProfilerHandler.cpp:59] profiler_stop
   @ EP:   4/16 | combine: 22 GB/s (SO), 66 GB/s (SU), 163.818 us, 10790368 bytes | reduce: 1064 GB/s, 4.996 us
   @ EP:   5/16 | combine: 22 GB/s (SO), 67 GB/s (SU), 163.285 us, 10948416 bytes | reduce: 1137 GB/s, 4.650 us
   @ EP:   0/16 | combine: 22 GB/s (SO), 66 GB/s (SU), 166.045 us, 11034624 bytes | reduce: 1089 GB/s, 5.053 us
   @ EP:   1/16 | combine: 22 GB/s (SO), 66 GB/s (SU), 166.744 us, 10977152 bytes | reduce: 1131 GB/s, 4.842 us
   @ EP:   2/16 | combine: 22 GB/s (SO), 68 GB/s (SU), 165.487 us, 11207040 bytes | reduce: 1121 GB/s, 4.846 us
USDT:2026-08-25 04:46:29 440:440 SyncActivityProfilerHandler.cpp:52] profiler_startUSDT:2026-08-25 04:46:29 441:441 SyncActivityProfilerHandler.cpp:52] profiler_startUSDT:2026-08-25 04:46:29 437:437 SyncActivityProfilerHandler.cpp:52] profiler_startUSDT:2026-08-25 04:46:29 438:438 SyncActivityProfilerHandler.cpp:52] profiler_startUSDT:2026-08-25 04:46:29 434:434 SyncActivityProfilerHandler.cpp:52] profiler_start
USDT:2026-08-25 04:46:29 439:439 SyncActivityProfilerHandler.cpp:52] profiler_start


USDT:2026-08-25 04:46:29 435:435 SyncActivityProfilerHandler.cpp:52] profiler_start


USDT:2026-08-25 04:46:29 436:436 SyncActivityProfilerHandler.cpp:52] profiler_start
USDT:2026-08-25 04:46:29 434:434 SyncActivityProfilerHandler.cpp:59] profiler_stopUSDT:2026-08-25 04:46:29 440:440 SyncActivityProfilerHandler.cpp:59] profiler_stopUSDT:2026-08-25 04:46:29 438:438 SyncActivityProfilerHandler.cpp:59] profiler_stopUSDT:2026-08-25 04:46:29 441:441 SyncActivityProfilerHandler.cpp:59] profiler_stop


USDT:2026-08-25 04:46:29 437:437 SyncActivityProfilerHandler.cpp:59] profiler_stop
USDT:2026-08-25 04:46:29 439:439 SyncActivityProfilerHandler.cpp:59] profiler_stop

USDT:2026-08-25 04:46:29 435:435 SyncActivityProfilerHandler.cpp:59] profiler_stop
USDT:2026-08-25 04:46:29 436:436 SyncActivityProfilerHandler.cpp:59] profiler_stop
   + EP:   7/16 | reduced combine: 19 GB/s (SO), 63 GB/s (SU), 179.457 us, 11393824 bytes | reduce: 1081 GB/s, 4.823 us
   + EP:   6/16 | reduced combine: 19 GB/s (SO), 63 GB/s (SU), 180.017 us, 11393824 bytes | reduce: 1042 GB/s, 5.007 us
   + EP:   5/16 | reduced combine: 20 GB/s (SO), 61 GB/s (SU), 179.886 us, 10948416 bytes | reduce: 1130 GB/s, 4.679 us
   + EP:   3/16 | reduced combine: 20 GB/s (SO), 62 GB/s (SU), 180.708 us, 11235776 bytes | reduce: 1098 GB/s, 4.908 us
   + EP:   4/16 | reduced combine: 20 GB/s (SO), 60 GB/s (SU), 180.920 us, 10790368 bytes | reduce: 1058 GB/s, 5.026 us
   + EP:   0/16 | reduced combine: 20 GB/s (SO), 61 GB/s (SU), 182.020 us, 11034624 bytes | reduce: 1124 GB/s, 4.897 us
   + EP:   1/16 | reduced combine: 20 GB/s (SO), 60 GB/s (SU), 182.697 us, 10977152 bytes | reduce: 1149 GB/s, 4.765 us
   + EP:   2/16 | reduced combine: 20 GB/s (SO), 62 GB/s (SU), 182.003 us, 11207040 bytes | reduce: 1155 GB/s, 4.701 us


