=== EP_NIC_NAME=rdmap110s0 (auto, 200 Gb/s) ===
+ docker run --rm --gpus all --privileged --network=host --ipc=host --ulimit memlock=-1 --ulimit stack=67108864 --device=/dev/infiniband --device=/dev/gdrdrv -v /sys/class/infiniband:/sys/class/infiniband:ro -e MASTER_ADDR=172.31.20.74 -e MASTER_PORT=29737 -e WORLD_SIZE=2 -e RANK=1 -e NCCL_DEBUG=WARN -e EP_NIC_NAME=rdmap110s0 -e NCCL_GIN_TYPE=5 -e NCCL_SYM_GIN_KERNELS_ENABLE=0 -e PYTHONUNBUFFERED=1 -e PYTHONFAULTHANDLER=1 deepep-v2-efa-official:pr1pr2-b097b03 bash -lc 'timeout -s ABRT --kill-after=60 1500     python3 -u /opt/DeepEP/tests/elastic/test_ep.py     --num-processes=8 --num-tokens=128     --hidden=7168 --num-topk=8 --num-experts=256     --num-sms=24 --allow-hybrid-mode=1     --prefer-overlap-with-compute=0 --test-first-only      '

==========
== CUDA ==
==========

CUDA Version 13.0.2

Container image Copyright (c) 2016-2023, NVIDIA CORPORATION & AFFILIATES. All rights reserved.

This container image and its contents are governed by the NVIDIA Deep Learning Container License.
By pulling and using the container, you accept the terms and conditions of this license:
https://developer.nvidia.com/ngc/nvidia-deep-learning-container-license

A copy of this license is made available in this container at /NGC-DL-CONTAINER-LICENSE for your convenience.

DeepEP hybrid kernel selection: unordered
DeepEP hybrid kernel selection: unordered
DeepEP hybrid kernel selection: unordered
DeepEP hybrid kernel selection: unordered
DeepEP hybrid kernel selection: unordered
DeepEP hybrid kernel selection: unordered
DeepEP hybrid kernel selection: unordered
DeepEP hybrid kernel selection: unordered
DeepEP hybrid kernel selection: unordered
DeepEP hybrid kernel selection: unordered
DeepEP hybrid kernel selection: unordered
DeepEP hybrid kernel selection: unordered
DeepEP hybrid kernel selection: unordered
DeepEP hybrid kernel selection: unordered
DeepEP hybrid kernel selection: unordered
DeepEP hybrid kernel selection: unordered
Config:
 > Ranks: 2 x 8
 > Experts: 8/256
 > Tokens: 120 (max: 128), hidden: 7168
 > #SM: 24, #QPs: 11/11

Running all test cases:
 > Testing with do_handle_copy=1, expert_alignment=128, use_fp8_dispatch=1, num_bias=0, with_previous_event=0, async_with_compute_stream=0, allocate_on_comm_stream=0 ...
USDT:2026-08-25 04:54:35 439:439 SyncActivityProfilerHandler.cpp:52] profiler_startUSDT:2026-08-25 04:54:35 435:435 SyncActivityProfilerHandler.cpp:52] profiler_startUSDT:2026-08-25 04:54:35 433:433 SyncActivityProfilerHandler.cpp:52] profiler_startUSDT:2026-08-25 04:54:35 434:434 SyncActivityProfilerHandler.cpp:52] profiler_startUSDT:2026-08-25 04:54:35 436:436 SyncActivityProfilerHandler.cpp:52] profiler_start




USDT:2026-08-25 04:54:35 438:438 SyncActivityProfilerHandler.cpp:52] profiler_startUSDT:2026-08-25 04:54:35 437:437 SyncActivityProfilerHandler.cpp:52] profiler_startUSDT:2026-08-25 04:54:35 440:440 SyncActivityProfilerHandler.cpp:52] profiler_start


USDT:2026-08-25 04:54:35 440:440 SyncActivityProfilerHandler.cpp:59] profiler_stopUSDT:2026-08-25 04:54:35 439:439 SyncActivityProfilerHandler.cpp:59] profiler_stopUSDT:2026-08-25 04:54:35 434:434 SyncActivityProfilerHandler.cpp:59] profiler_stopUSDT:2026-08-25 04:54:35 435:435 SyncActivityProfilerHandler.cpp:59] profiler_stop



USDT:2026-08-25 04:54:35 436:436 SyncActivityProfilerHandler.cpp:59] profiler_stopUSDT:2026-08-25 04:54:35 438:438 SyncActivityProfilerHandler.cpp:59] profiler_stopUSDT:2026-08-25 04:54:35 437:437 SyncActivityProfilerHandler.cpp:59] profiler_stop


USDT:2026-08-25 04:54:35 433:433 SyncActivityProfilerHandler.cpp:59] profiler_stop
   * EP:  14/16 | dispatch: 12 GB/s (SO), 43 GB/s (SU), 143.261 us, 6162624 bytes | copy: 1163 GB/s, 10.600 us
   * EP:   9/16 | dispatch: 12 GB/s (SO), 40 GB/s (SU), 143.382 us, 5773248 bytes | copy: 1451 GB/s, 7.960 us
   * EP:  12/16 | dispatch: 12 GB/s (SO), 43 GB/s (SU), 143.382 us, 6117696 bytes | copy: 925 GB/s, 13.225 us
   * EP:  13/16 | dispatch: 12 GB/s (SO), 40 GB/s (SU), 143.350 us, 5728320 bytes | copy: 929 GB/s, 12.328 us
   * EP:  15/16 | dispatch: 12 GB/s (SO), 42 GB/s (SU), 143.381 us, 6005376 bytes | copy: 1349 GB/s, 8.903 us
   * EP:  11/16 | dispatch: 12 GB/s (SO), 40 GB/s (SU), 143.281 us, 5698368 bytes | copy: 1272 GB/s, 8.961 us
   * EP:  10/16 | dispatch: 12 GB/s (SO), 44 GB/s (SU), 143.319 us, 6312384 bytes | copy: 1882 GB/s, 6.708 us
   * EP:   8/16 | dispatch: 12 GB/s (SO), 41 GB/s (SU), 143.318 us, 5833152 bytes | copy: 1652 GB/s, 7.060 us
USDT:2026-08-25 04:54:36 439:439 SyncActivityProfilerHandler.cpp:52] profiler_startUSDT:2026-08-25 04:54:36 437:437 SyncActivityProfilerHandler.cpp:52] profiler_startUSDT:2026-08-25 04:54:36 440:440 SyncActivityProfilerHandler.cpp:52] profiler_start

USDT:2026-08-25 04:54:36 436:436 SyncActivityProfilerHandler.cpp:52] profiler_startUSDT:2026-08-25 04:54:36 434:434 SyncActivityProfilerHandler.cpp:52] profiler_start
USDT:2026-08-25 04:54:36 438:438 SyncActivityProfilerHandler.cpp:52] profiler_startUSDT:2026-08-25 04:54:36 435:435 SyncActivityProfilerHandler.cpp:52] profiler_start



USDT:2026-08-25 04:54:36 433:433 SyncActivityProfilerHandler.cpp:52] profiler_start
USDT:2026-08-25 04:54:36 440:440 SyncActivityProfilerHandler.cpp:59] profiler_stopUSDT:2026-08-25 04:54:36 434:434 SyncActivityProfilerHandler.cpp:59] profiler_stopUSDT:2026-08-25 04:54:36 437:437 SyncActivityProfilerHandler.cpp:59] profiler_stop
USDT:2026-08-25 04:54:36 439:439 SyncActivityProfilerHandler.cpp:59] profiler_stop


USDT:2026-08-25 04:54:36 438:438 SyncActivityProfilerHandler.cpp:59] profiler_stopUSDT:2026-08-25 04:54:36 436:436 SyncActivityProfilerHandler.cpp:59] profiler_stop

USDT:2026-08-25 04:54:36 435:435 SyncActivityProfilerHandler.cpp:59] profiler_stop
USDT:2026-08-25 04:54:36 433:433 SyncActivityProfilerHandler.cpp:59] profiler_stop
   - EP:  14/16 | expanded dispatch: 12 GB/s (SO), 42 GB/s (SU), 145.294 us, 6162624 bytes | copy: 1559 GB/s, 13.480 us
   - EP:  13/16 | expanded dispatch: 12 GB/s (SO), 39 GB/s (SU), 145.353 us, 5728320 bytes | copy: 1396 GB/s, 14.821 us
   - EP:  12/16 | expanded dispatch: 12 GB/s (SO), 42 GB/s (SU), 145.403 us, 6117696 bytes | copy: 1248 GB/s, 16.785 us
   - EP:  11/16 | expanded dispatch: 12 GB/s (SO), 39 GB/s (SU), 145.257 us, 5698368 bytes | copy: 1988 GB/s, 10.332 us
   - EP:   9/16 | expanded dispatch: 12 GB/s (SO), 40 GB/s (SU), 145.347 us, 5773248 bytes | copy: 2087 GB/s, 9.903 us
   - EP:  15/16 | expanded dispatch: 12 GB/s (SO), 41 GB/s (SU), 145.394 us, 6005376 bytes | copy: 1879 GB/s, 11.146 us
   - EP:  10/16 | expanded dispatch: 12 GB/s (SO), 43 GB/s (SU), 145.199 us, 6312384 bytes | copy: 2648 GB/s, 8.004 us
   - EP:   8/16 | expanded dispatch: 12 GB/s (SO), 40 GB/s (SU), 145.352 us, 5833152 bytes | copy: 2014 GB/s, 10.290 us
USDT:2026-08-25 04:54:37 437:437 SyncActivityProfilerHandler.cpp:52] profiler_startUSDT:2026-08-25 04:54:37 433:433 SyncActivityProfilerHandler.cpp:52] profiler_startUSDT:2026-08-25 04:54:37 436:436 SyncActivityProfilerHandler.cpp:52] profiler_startUSDT:2026-08-25 04:54:37 438:438 SyncActivityProfilerHandler.cpp:52] profiler_startUSDT:2026-08-25 04:54:37 435:435 SyncActivityProfilerHandler.cpp:52] profiler_startUSDT:2026-08-25 04:54:37 439:439 SyncActivityProfilerHandler.cpp:52] profiler_start
USDT:2026-08-25 04:54:37 434:434 SyncActivityProfilerHandler.cpp:52] profiler_start
USDT:2026-08-25 04:54:37 440:440 SyncActivityProfilerHandler.cpp:52] profiler_start





   # EP:   8/16 | cached dispatch: 13 GB/s (SO), 43 GB/s (SU), 137.079 us, 5833152 bytes | copy: 1291 GB/s, 9.039 us
   # EP:  12/16 | cached dispatch: 13 GB/s (SO), 45 GB/s (SU), 137.207 us, 6117696 bytes | copy: 874 GB/s, 13.996 us
   # EP:   9/16 | cached dispatch: 13 GB/s (SO), 42 GB/s (SU), 137.143 us, 5773248 bytes | copy: 1296 GB/s, 8.907 us
   # EP:  15/16 | cached dispatch: 12 GB/s (SO), 44 GB/s (SU), 137.064 us, 6005376 bytes | copy: 1332 GB/s, 9.018 us
USDT:2026-08-25 04:54:37 440:440 SyncActivityProfilerHandler.cpp:59] profiler_stopUSDT:2026-08-25 04:54:37 433:433 SyncActivityProfilerHandler.cpp:59] profiler_stopUSDT:2026-08-25 04:54:37 434:434 SyncActivityProfilerHandler.cpp:59] profiler_stopUSDT:2026-08-25 04:54:37 437:437 SyncActivityProfilerHandler.cpp:59] profiler_stop



USDT:2026-08-25 04:54:37 436:436 SyncActivityProfilerHandler.cpp:59] profiler_stopUSDT:2026-08-25 04:54:37 438:438 SyncActivityProfilerHandler.cpp:59] profiler_stopUSDT:2026-08-25 04:54:37 439:439 SyncActivityProfilerHandler.cpp:59] profiler_stop


USDT:2026-08-25 04:54:37 435:435 SyncActivityProfilerHandler.cpp:59] profiler_stop
   # EP:  11/16 | cached dispatch: 13 GB/s (SO), 42 GB/s (SU), 136.972 us, 5698368 bytes | copy: 1520 GB/s, 7.500 us
   # EP:  13/16 | cached dispatch: 13 GB/s (SO), 42 GB/s (SU), 137.108 us, 5728320 bytes | copy: 825 GB/s, 13.879 us
   # EP:  14/16 | cached dispatch: 12 GB/s (SO), 45 GB/s (SU), 137.017 us, 6162624 bytes | copy: 1229 GB/s, 10.032 us
   # EP:  10/16 | cached dispatch: 13 GB/s (SO), 46 GB/s (SU), 137.007 us, 6312384 bytes | copy: 1969 GB/s, 6.411 us
USDT:2026-08-25 04:54:37 436:436 SyncActivityProfilerHandler.cpp:52] profiler_startUSDT:2026-08-25 04:54:37 437:437 SyncActivityProfilerHandler.cpp:52] profiler_startUSDT:2026-08-25 04:54:37 438:438 SyncActivityProfilerHandler.cpp:52] profiler_startUSDT:2026-08-25 04:54:37 439:439 SyncActivityProfilerHandler.cpp:52] profiler_startUSDT:2026-08-25 04:54:37 433:433 SyncActivityProfilerHandler.cpp:52] profiler_start


USDT:2026-08-25 04:54:37 435:435 SyncActivityProfilerHandler.cpp:52] profiler_startUSDT:2026-08-25 04:54:37 440:440 SyncActivityProfilerHandler.cpp:52] profiler_start



USDT:2026-08-25 04:54:37 434:434 SyncActivityProfilerHandler.cpp:52] profiler_start
USDT:2026-08-25 04:54:38 436:436 SyncActivityProfilerHandler.cpp:59] profiler_stopUSDT:2026-08-25 04:54:38 437:437 SyncActivityProfilerHandler.cpp:59] profiler_stopUSDT:2026-08-25 04:54:38 438:438 SyncActivityProfilerHandler.cpp:59] profiler_stopUSDT:2026-08-25 04:54:38 433:433 SyncActivityProfilerHandler.cpp:59] profiler_stop



USDT:2026-08-25 04:54:38 435:435 SyncActivityProfilerHandler.cpp:59] profiler_stop
USDT:2026-08-25 04:54:38 439:439 SyncActivityProfilerHandler.cpp:59] profiler_stopUSDT:2026-08-25 04:54:38 434:434 SyncActivityProfilerHandler.cpp:59] profiler_stop
USDT:2026-08-25 04:54:38 440:440 SyncActivityProfilerHandler.cpp:59] profiler_stop

   @ EP:  13/16 | combine: 22 GB/s (SO), 75 GB/s (SU), 147.508 us, 10991520 bytes | reduce: 1053 GB/s, 4.707 us
   @ EP:   8/16 | combine: 23 GB/s (SO), 74 GB/s (SU), 150.903 us, 11192672 bytes | reduce: 1077 GB/s, 4.790 us   @ EP:  12/16 | combine: 22 GB/s (SO), 78 GB/s (SU), 149.965 us, 11738656 bytes | reduce: 1049 GB/s, 4.753 us

   @ EP:  11/16 | combine: 23 GB/s (SO), 74 GB/s (SU), 148.574 us, 10934048 bytes | reduce: 1027 GB/s, 4.896 us
   @ EP:  10/16 | combine: 23 GB/s (SO), 81 GB/s (SU), 149.492 us, 12112224 bytes | reduce: 1054 GB/s, 4.810 us
   @ EP:  14/16 | combine: 22 GB/s (SO), 80 GB/s (SU), 148.357 us, 11824864 bytes | reduce: 1025 GB/s, 4.795 us
   @ EP:   9/16 | combine: 23 GB/s (SO), 74 GB/s (SU), 150.234 us, 11077728 bytes | reduce: 1067 GB/s, 4.796 us
   @ EP:  15/16 | combine: 22 GB/s (SO), 78 GB/s (SU), 146.899 us, 11523136 bytes | reduce: 974 GB/s, 4.985 us
USDT:2026-08-25 04:54:38 440:440 SyncActivityProfilerHandler.cpp:52] profiler_startUSDT:2026-08-25 04:54:38 439:439 SyncActivityProfilerHandler.cpp:52] profiler_start
USDT:2026-08-25 04:54:38 435:435 SyncActivityProfilerHandler.cpp:52] profiler_startUSDT:2026-08-25 04:54:38 436:436 SyncActivityProfilerHandler.cpp:52] profiler_start
USDT:2026-08-25 04:54:38 438:438 SyncActivityProfilerHandler.cpp:52] profiler_startUSDT:2026-08-25 04:54:38 433:433 SyncActivityProfilerHandler.cpp:52] profiler_start


USDT:2026-08-25 04:54:38 437:437 SyncActivityProfilerHandler.cpp:52] profiler_start

USDT:2026-08-25 04:54:38 434:434 SyncActivityProfilerHandler.cpp:52] profiler_start
USDT:2026-08-25 04:54:38 439:439 SyncActivityProfilerHandler.cpp:59] profiler_stopUSDT:2026-08-25 04:54:38 434:434 SyncActivityProfilerHandler.cpp:59] profiler_stopUSDT:2026-08-25 04:54:38 440:440 SyncActivityProfilerHandler.cpp:59] profiler_stopUSDT:2026-08-25 04:54:38 435:435 SyncActivityProfilerHandler.cpp:59] profiler_stop

USDT:2026-08-25 04:54:38 437:437 SyncActivityProfilerHandler.cpp:59] profiler_stop
USDT:2026-08-25 04:54:38 436:436 SyncActivityProfilerHandler.cpp:59] profiler_stop
USDT:2026-08-25 04:54:38 438:438 SyncActivityProfilerHandler.cpp:59] profiler_stop


USDT:2026-08-25 04:54:38 433:433 SyncActivityProfilerHandler.cpp:59] profiler_stop
   + EP:   9/16 | reduced combine: 21 GB/s (SO), 68 GB/s (SU), 161.989 us, 11077728 bytes | reduce: 997 GB/s, 5.132 us
   + EP:  14/16 | reduced combine: 21 GB/s (SO), 76 GB/s (SU), 156.308 us, 11824864 bytes | reduce: 962 GB/s, 5.106 us
   + EP:  10/16 | reduced combine: 21 GB/s (SO), 76 GB/s (SU), 158.434 us, 12112224 bytes | reduce: 933 GB/s, 5.435 us
   + EP:  12/16 | reduced combine: 21 GB/s (SO), 74 GB/s (SU), 158.784 us, 11738656 bytes | reduce: 930 GB/s, 5.363 us
   + EP:  15/16 | reduced combine: 21 GB/s (SO), 74 GB/s (SU), 155.902 us, 11523136 bytes | reduce: 958 GB/s, 5.070 us
   + EP:   8/16 | reduced combine: 22 GB/s (SO), 70 GB/s (SU), 159.695 us, 11192672 bytes | reduce: 959 GB/s, 5.380 us
   + EP:  11/16 | reduced combine: 21 GB/s (SO), 69 GB/s (SU), 157.786 us, 10934048 bytes | reduce: 965 GB/s, 5.211 us
   + EP:  13/16 | reduced combine: 21 GB/s (SO), 69 GB/s (SU), 159.301 us, 10991520 bytes | reduce: 978 GB/s, 5.067 us


