=== EP_NIC_NAME=rdmap110s0 (auto, 200 Gb/s) ===
+ docker run --rm --gpus all --privileged --network=host --ipc=host --ulimit memlock=-1 --ulimit stack=67108864 --device=/dev/infiniband --device=/dev/gdrdrv -v /sys/class/infiniband:/sys/class/infiniband:ro -e MASTER_ADDR=172.31.20.74 -e MASTER_PORT=29742 -e WORLD_SIZE=4 -e RANK=2 -e NCCL_DEBUG=WARN -e EP_NIC_NAME=rdmap110s0 -e PYTHONUNBUFFERED=1 -e PYTHONFAULTHANDLER=1 deepep-v2-efa-official:pr1pr2-b097b03 bash -lc 'timeout -s ABRT --kill-after=60 1500     python3 -u /opt/DeepEP/tests/elastic/test_ep.py     --num-processes=8 --num-tokens=128     --hidden=7168 --num-topk=8 --num-experts=256     --num-sms=12 --allow-hybrid-mode=1     --prefer-overlap-with-compute=0 --test-first-only      '

==========
== CUDA ==
==========

CUDA Version 13.0.2

Container image Copyright (c) 2016-2023, NVIDIA CORPORATION & AFFILIATES. All rights reserved.

This container image and its contents are governed by the NVIDIA Deep Learning Container License.
By pulling and using the container, you accept the terms and conditions of this license:
https://developer.nvidia.com/ngc/nvidia-deep-learning-container-license

A copy of this license is made available in this container at /NGC-DL-CONTAINER-LICENSE for your convenience.

DeepEP hybrid kernel selection: unordered
DeepEP hybrid kernel selection: unordered
DeepEP hybrid kernel selection: unordered
DeepEP hybrid kernel selection: unordered
DeepEP hybrid kernel selection: unordered
DeepEP hybrid kernel selection: unordered
DeepEP hybrid kernel selection: unordered
DeepEP hybrid kernel selection: unordered
DeepEP hybrid kernel selection: unordered
DeepEP hybrid kernel selection: unordered
DeepEP hybrid kernel selection: unordered
DeepEP hybrid kernel selection: unordered
DeepEP hybrid kernel selection: unordered
DeepEP hybrid kernel selection: unordered
DeepEP hybrid kernel selection: unordered
DeepEP hybrid kernel selection: unordered
Config:
 > Ranks: 4 x 8
 > Experts: 8/256
 > Tokens: 112 (max: 128), hidden: 7168
 > #SM: 12, #QPs: 11/11

Running all test cases:
 > Testing with do_handle_copy=1, expert_alignment=128, use_fp8_dispatch=1, num_bias=0, with_previous_event=0, async_with_compute_stream=0, allocate_on_comm_stream=0 ...
USDT:2026-08-25 05:27:13 438:438 SyncActivityProfilerHandler.cpp:52] profiler_startUSDT:2026-08-25 05:27:13 439:439 SyncActivityProfilerHandler.cpp:52] profiler_startUSDT:2026-08-25 05:27:13 435:435 SyncActivityProfilerHandler.cpp:52] profiler_startUSDT:2026-08-25 05:27:13 434:434 SyncActivityProfilerHandler.cpp:52] profiler_start
USDT:2026-08-25 05:27:13 436:436 SyncActivityProfilerHandler.cpp:52] profiler_startUSDT:2026-08-25 05:27:13 433:433 SyncActivityProfilerHandler.cpp:52] profiler_start
USDT:2026-08-25 05:27:13 432:432 SyncActivityProfilerHandler.cpp:52] profiler_start
USDT:2026-08-25 05:27:13 437:437 SyncActivityProfilerHandler.cpp:52] profiler_start




USDT:2026-08-25 05:27:13 432:432 SyncActivityProfilerHandler.cpp:59] profiler_stopUSDT:2026-08-25 05:27:13 439:439 SyncActivityProfilerHandler.cpp:59] profiler_stopUSDT:2026-08-25 05:27:13 435:435 SyncActivityProfilerHandler.cpp:59] profiler_stopUSDT:2026-08-25 05:27:13 434:434 SyncActivityProfilerHandler.cpp:59] profiler_stopUSDT:2026-08-25 05:27:13 436:436 SyncActivityProfilerHandler.cpp:59] profiler_stopUSDT:2026-08-25 05:27:13 438:438 SyncActivityProfilerHandler.cpp:59] profiler_stop




USDT:2026-08-25 05:27:13 437:437 SyncActivityProfilerHandler.cpp:59] profiler_stop
USDT:2026-08-25 05:27:13 433:433 SyncActivityProfilerHandler.cpp:59] profiler_stop

   * EP:  17/32 | dispatch: 5 GB/s (SO), 10 GB/s (SU), 635.808 us, 6327360 bytes | copy: 76 GB/s, 166.444 us
   * EP:  22/32 | dispatch: 4 GB/s (SO), 10 GB/s (SU), 635.838 us, 6289920 bytes | copy: 73 GB/s, 171.236 us
   * EP:  19/32 | dispatch: 5 GB/s (SO), 10 GB/s (SU), 635.753 us, 6289920 bytes | copy: 78 GB/s, 162.264 us
   * EP:  20/32 | dispatch: 5 GB/s (SO), 10 GB/s (SU), 635.745 us, 6072768 bytes | copy: 76 GB/s, 158.841 us
   * EP:  16/32 | dispatch: 5 GB/s (SO), 10 GB/s (SU), 635.261 us, 6342336 bytes | copy: 2949 GB/s, 4.302 us
   * EP:  21/32 | dispatch: 5 GB/s (SO), 10 GB/s (SU), 635.603 us, 6155136 bytes | copy: 78 GB/s, 156.997 us   * EP:  18/32 | dispatch: 5 GB/s (SO), 9 GB/s (SU), 635.678 us, 5885568 bytes | copy: 74 GB/s, 160.106 us

   * EP:  23/32 | dispatch: 4 GB/s (SO), 10 GB/s (SU), 635.844 us, 6200064 bytes | copy: 77 GB/s, 160.040 us
USDT:2026-08-25 05:27:14 436:436 SyncActivityProfilerHandler.cpp:52] profiler_startUSDT:2026-08-25 05:27:14 432:432 SyncActivityProfilerHandler.cpp:52] profiler_startUSDT:2026-08-25 05:27:14 437:437 SyncActivityProfilerHandler.cpp:52] profiler_startUSDT:2026-08-25 05:27:14 434:434 SyncActivityProfilerHandler.cpp:52] profiler_start
USDT:2026-08-25 05:27:14 438:438 SyncActivityProfilerHandler.cpp:52] profiler_start
USDT:2026-08-25 05:27:14 435:435 SyncActivityProfilerHandler.cpp:52] profiler_startUSDT:2026-08-25 05:27:14 433:433 SyncActivityProfilerHandler.cpp:52] profiler_startUSDT:2026-08-25 05:27:14 439:439 SyncActivityProfilerHandler.cpp:52] profiler_start





USDT:2026-08-25 05:27:14 435:435 SyncActivityProfilerHandler.cpp:59] profiler_stopUSDT:2026-08-25 05:27:14 434:434 SyncActivityProfilerHandler.cpp:59] profiler_stopUSDT:2026-08-25 05:27:14 436:436 SyncActivityProfilerHandler.cpp:59] profiler_stopUSDT:2026-08-25 05:27:14 433:433 SyncActivityProfilerHandler.cpp:59] profiler_stopUSDT:2026-08-25 05:27:14 439:439 SyncActivityProfilerHandler.cpp:59] profiler_stop



USDT:2026-08-25 05:27:14 432:432 SyncActivityProfilerHandler.cpp:59] profiler_stop
USDT:2026-08-25 05:27:14 438:438 SyncActivityProfilerHandler.cpp:59] profiler_stop
USDT:2026-08-25 05:27:14 437:437 SyncActivityProfilerHandler.cpp:59] profiler_stop

   - EP:  18/32 | expanded dispatch: 5 GB/s (SO), 9 GB/s (SU), 640.756 us, 5885568 bytes | copy: 80 GB/s, 168.196 us
   - EP:  20/32 | expanded dispatch: 5 GB/s (SO), 9 GB/s (SU), 640.806 us, 6072768 bytes | copy: 90 GB/s, 162.558 us
   - EP:  23/32 | expanded dispatch: 4 GB/s (SO), 10 GB/s (SU), 640.813 us, 6200064 bytes | copy: 90 GB/s, 163.031 us
   - EP:  19/32 | expanded dispatch: 5 GB/s (SO), 10 GB/s (SU), 640.817 us, 6289920 bytes | copy: 85 GB/s, 165.256 us
   - EP:  17/32 | expanded dispatch: 5 GB/s (SO), 10 GB/s (SU), 640.840 us, 6327360 bytes | copy: 96 GB/s, 164.277 us
   - EP:  22/32 | expanded dispatch: 4 GB/s (SO), 10 GB/s (SU), 640.887 us, 6289920 bytes | copy: 80 GB/s, 173.588 us
   - EP:  21/32 | expanded dispatch: 5 GB/s (SO), 10 GB/s (SU), 640.706 us, 6155136 bytes | copy: 91 GB/s, 160.010 us
   - EP:  16/32 | expanded dispatch: 5 GB/s (SO), 10 GB/s (SU), 640.293 us, 6342336 bytes | copy: 2789 GB/s, 5.398 us
USDT:2026-08-25 05:27:15 435:435 SyncActivityProfilerHandler.cpp:52] profiler_startUSDT:2026-08-25 05:27:15 438:438 SyncActivityProfilerHandler.cpp:52] profiler_startUSDT:2026-08-25 05:27:15 433:433 SyncActivityProfilerHandler.cpp:52] profiler_startUSDT:2026-08-25 05:27:15 432:432 SyncActivityProfilerHandler.cpp:52] profiler_startUSDT:2026-08-25 05:27:15 434:434 SyncActivityProfilerHandler.cpp:52] profiler_startUSDT:2026-08-25 05:27:15 439:439 SyncActivityProfilerHandler.cpp:52] profiler_startUSDT:2026-08-25 05:27:15 436:436 SyncActivityProfilerHandler.cpp:52] profiler_startUSDT:2026-08-25 05:27:15 437:437 SyncActivityProfilerHandler.cpp:52] profiler_start







USDT:2026-08-25 05:27:15 435:435 SyncActivityProfilerHandler.cpp:59] profiler_stopUSDT:2026-08-25 05:27:15 433:433 SyncActivityProfilerHandler.cpp:59] profiler_stopUSDT:2026-08-25 05:27:15 432:432 SyncActivityProfilerHandler.cpp:59] profiler_stopUSDT:2026-08-25 05:27:15 438:438 SyncActivityProfilerHandler.cpp:59] profiler_stop


USDT:2026-08-25 05:27:15 434:434 SyncActivityProfilerHandler.cpp:59] profiler_stop
USDT:2026-08-25 05:27:15 437:437 SyncActivityProfilerHandler.cpp:59] profiler_stopUSDT:2026-08-25 05:27:15 436:436 SyncActivityProfilerHandler.cpp:59] profiler_stopUSDT:2026-08-25 05:27:15 439:439 SyncActivityProfilerHandler.cpp:59] profiler_stop



   # EP:  17/32 | cached dispatch: 5 GB/s (SO), 10 GB/s (SU), 637.509 us, 6327360 bytes | copy: 75 GB/s, 169.539 us
   # EP:  22/32 | cached dispatch: 4 GB/s (SO), 10 GB/s (SU), 637.597 us, 6289920 bytes | copy: 72 GB/s, 174.797 us
   # EP:  16/32 | cached dispatch: 5 GB/s (SO), 10 GB/s (SU), 637.106 us, 6342336 bytes | copy: 2985 GB/s, 4.250 us
   # EP:  19/32 | cached dispatch: 5 GB/s (SO), 10 GB/s (SU), 637.471 us, 6289920 bytes | copy: 76 GB/s, 165.324 us
   # EP:  18/32 | cached dispatch: 5 GB/s (SO), 9 GB/s (SU), 637.480 us, 5885568 bytes | copy: 71 GB/s, 166.147 us
   # EP:  21/32 | cached dispatch: 5 GB/s (SO), 10 GB/s (SU), 637.429 us, 6155136 bytes | copy: 77 GB/s, 160.310 us
   # EP:  20/32 | cached dispatch: 5 GB/s (SO), 10 GB/s (SU), 637.397 us, 6072768 bytes | copy: 75 GB/s, 162.259 us
   # EP:  23/32 | cached dispatch: 4 GB/s (SO), 10 GB/s (SU), 637.606 us, 6200064 bytes | copy: 75 GB/s, 165.392 us
USDT:2026-08-25 05:27:15 434:434 SyncActivityProfilerHandler.cpp:52] profiler_startUSDT:2026-08-25 05:27:15 433:433 SyncActivityProfilerHandler.cpp:52] profiler_start
USDT:2026-08-25 05:27:15 436:436 SyncActivityProfilerHandler.cpp:52] profiler_start

USDT:2026-08-25 05:27:15 438:438 SyncActivityProfilerHandler.cpp:52] profiler_startUSDT:2026-08-25 05:27:15 439:439 SyncActivityProfilerHandler.cpp:52] profiler_startUSDT:2026-08-25 05:27:15 435:435 SyncActivityProfilerHandler.cpp:52] profiler_start


USDT:2026-08-25 05:27:15 437:437 SyncActivityProfilerHandler.cpp:52] profiler_start
USDT:2026-08-25 05:27:15 432:432 SyncActivityProfilerHandler.cpp:52] profiler_start
USDT:2026-08-25 05:27:16 433:433 SyncActivityProfilerHandler.cpp:59] profiler_stopUSDT:2026-08-25 05:27:16 439:439 SyncActivityProfilerHandler.cpp:59] profiler_stop
USDT:2026-08-25 05:27:16 434:434 SyncActivityProfilerHandler.cpp:59] profiler_stop

USDT:2026-08-25 05:27:16 435:435 SyncActivityProfilerHandler.cpp:59] profiler_stopUSDT:2026-08-25 05:27:16 438:438 SyncActivityProfilerHandler.cpp:59] profiler_stop
USDT:2026-08-25 05:27:16 437:437 SyncActivityProfilerHandler.cpp:59] profiler_stopUSDT:2026-08-25 05:27:16 436:436 SyncActivityProfilerHandler.cpp:59] profiler_stop


USDT:2026-08-25 05:27:16 432:432 SyncActivityProfilerHandler.cpp:59] profiler_stop
   @ EP:  19/32 | combine: 17 GB/s (SO), 37 GB/s (SU), 323.027 us, 12069120 bytes | reduce: 1045 GB/s, 6.888 us
   @ EP:  22/32 | combine: 17 GB/s (SO), 38 GB/s (SU), 319.967 us, 12069120 bytes | reduce: 866 GB/s, 8.082 us
   @ EP:  18/32 | combine: 18 GB/s (SO), 36 GB/s (SU), 313.447 us, 11293248 bytes | reduce: 1041 GB/s, 6.941 us
   @ EP:  23/32 | combine: 17 GB/s (SO), 37 GB/s (SU), 320.340 us, 11896704 bytes | reduce: 1011 GB/s, 6.851 us
   @ EP:  17/32 | combine: 18 GB/s (SO), 39 GB/s (SU), 313.065 us, 12140960 bytes | reduce: 1102 GB/s, 6.621 us
   @ EP:  20/32 | combine: 17 GB/s (SO), 36 GB/s (SU), 320.790 us, 11652448 bytes | reduce: 1065 GB/s, 6.664 us
   @ EP:  21/32 | combine: 18 GB/s (SO), 37 GB/s (SU), 319.072 us, 11810496 bytes | reduce: 999 GB/s, 7.150 us
   @ EP:  16/32 | combine: 15 GB/s (SO), 31 GB/s (SU), 393.568 us, 12169696 bytes | reduce: 1042 GB/s, 7.029 us
USDT:2026-08-25 05:27:16 439:439 SyncActivityProfilerHandler.cpp:52] profiler_startUSDT:2026-08-25 05:27:16 433:433 SyncActivityProfilerHandler.cpp:52] profiler_start
USDT:2026-08-25 05:27:16 434:434 SyncActivityProfilerHandler.cpp:52] profiler_start
USDT:2026-08-25 05:27:16 438:438 SyncActivityProfilerHandler.cpp:52] profiler_start
USDT:2026-08-25 05:27:16 435:435 SyncActivityProfilerHandler.cpp:52] profiler_start
USDT:2026-08-25 05:27:16 437:437 SyncActivityProfilerHandler.cpp:52] profiler_start

USDT:2026-08-25 05:27:16 436:436 SyncActivityProfilerHandler.cpp:52] profiler_start
USDT:2026-08-25 05:27:16 432:432 SyncActivityProfilerHandler.cpp:52] profiler_start
USDT:2026-08-25 05:27:16 434:434 SyncActivityProfilerHandler.cpp:59] profiler_stopUSDT:2026-08-25 05:27:16 438:438 SyncActivityProfilerHandler.cpp:59] profiler_stopUSDT:2026-08-25 05:27:16 433:433 SyncActivityProfilerHandler.cpp:59] profiler_stopUSDT:2026-08-25 05:27:16 437:437 SyncActivityProfilerHandler.cpp:59] profiler_stopUSDT:2026-08-25 05:27:16 436:436 SyncActivityProfilerHandler.cpp:59] profiler_stop




USDT:2026-08-25 05:27:16 439:439 SyncActivityProfilerHandler.cpp:59] profiler_stop
USDT:2026-08-25 05:27:16 435:435 SyncActivityProfilerHandler.cpp:59] profiler_stop
USDT:2026-08-25 05:27:16 432:432 SyncActivityProfilerHandler.cpp:59] profiler_stop
   + EP:  22/32 | reduced combine: 16 GB/s (SO), 36 GB/s (SU), 332.224 us, 12069120 bytes | reduce: 869 GB/s, 8.056 us
   + EP:  17/32 | reduced combine: 17 GB/s (SO), 37 GB/s (SU), 326.614 us, 12140960 bytes | reduce: 1060 GB/s, 6.887 us
   + EP:  23/32 | reduced combine: 16 GB/s (SO), 36 GB/s (SU), 334.788 us, 11896704 bytes | reduce: 1026 GB/s, 6.751 us
   + EP:  19/32 | reduced combine: 17 GB/s (SO), 36 GB/s (SU), 334.199 us, 12069120 bytes | reduce: 1039 GB/s, 6.931 us
   + EP:  18/32 | reduced combine: 17 GB/s (SO), 34 GB/s (SU), 328.976 us, 11293248 bytes | reduce: 1016 GB/s, 7.114 us
   + EP:  20/32 | reduced combine: 17 GB/s (SO), 35 GB/s (SU), 334.146 us, 11652448 bytes | reduce: 1013 GB/s, 7.004 us
   + EP:  21/32 | reduced combine: 17 GB/s (SO), 36 GB/s (SU), 331.181 us, 11810496 bytes | reduce: 971 GB/s, 7.354 us
   + EP:  16/32 | reduced combine: 14 GB/s (SO), 29 GB/s (SU), 412.792 us, 12169696 bytes | reduce: 1017 GB/s, 7.206 us


