=== EP_NIC_NAME=rdmap110s0 (auto, 200 Gb/s) ===
+ docker run --rm --gpus all --privileged --network=host --ipc=host --ulimit memlock=-1 --ulimit stack=67108864 --device=/dev/infiniband --device=/dev/gdrdrv -v /sys/class/infiniband:/sys/class/infiniband:ro -e MASTER_ADDR=172.31.20.74 -e MASTER_PORT=29742 -e WORLD_SIZE=4 -e RANK=1 -e NCCL_DEBUG=WARN -e EP_NIC_NAME=rdmap110s0 -e PYTHONUNBUFFERED=1 -e PYTHONFAULTHANDLER=1 deepep-v2-efa-official:pr1pr2-b097b03 bash -lc 'timeout -s ABRT --kill-after=60 1500     python3 -u /opt/DeepEP/tests/elastic/test_ep.py     --num-processes=8 --num-tokens=128     --hidden=7168 --num-topk=8 --num-experts=256     --num-sms=12 --allow-hybrid-mode=1     --prefer-overlap-with-compute=0 --test-first-only      '

==========
== CUDA ==
==========

CUDA Version 13.0.2

Container image Copyright (c) 2016-2023, NVIDIA CORPORATION & AFFILIATES. All rights reserved.

This container image and its contents are governed by the NVIDIA Deep Learning Container License.
By pulling and using the container, you accept the terms and conditions of this license:
https://developer.nvidia.com/ngc/nvidia-deep-learning-container-license

A copy of this license is made available in this container at /NGC-DL-CONTAINER-LICENSE for your convenience.

DeepEP hybrid kernel selection: unordered
DeepEP hybrid kernel selection: unordered
DeepEP hybrid kernel selection: unordered
DeepEP hybrid kernel selection: unordered
DeepEP hybrid kernel selection: unordered
DeepEP hybrid kernel selection: unordered
DeepEP hybrid kernel selection: unordered
DeepEP hybrid kernel selection: unordered
DeepEP hybrid kernel selection: unordered
DeepEP hybrid kernel selection: unordered
DeepEP hybrid kernel selection: unordered
DeepEP hybrid kernel selection: unordered
DeepEP hybrid kernel selection: unordered
DeepEP hybrid kernel selection: unordered
DeepEP hybrid kernel selection: unordered
DeepEP hybrid kernel selection: unordered
Config:
 > Ranks: 4 x 8
 > Experts: 8/256
 > Tokens: 120 (max: 128), hidden: 7168
 > #SM: 12, #QPs: 11/11

Running all test cases:
 > Testing with do_handle_copy=1, expert_alignment=128, use_fp8_dispatch=1, num_bias=0, with_previous_event=0, async_with_compute_stream=0, allocate_on_comm_stream=0 ...
USDT:2026-08-25 05:27:13 437:437 SyncActivityProfilerHandler.cpp:52] profiler_startUSDT:2026-08-25 05:27:13 438:438 SyncActivityProfilerHandler.cpp:52] profiler_start

USDT:2026-08-25 05:27:13 435:435 SyncActivityProfilerHandler.cpp:52] profiler_startUSDT:2026-08-25 05:27:13 439:439 SyncActivityProfilerHandler.cpp:52] profiler_startUSDT:2026-08-25 05:27:13 434:434 SyncActivityProfilerHandler.cpp:52] profiler_startUSDT:2026-08-25 05:27:13 432:432 SyncActivityProfilerHandler.cpp:52] profiler_start



USDT:2026-08-25 05:27:13 433:433 SyncActivityProfilerHandler.cpp:52] profiler_startUSDT:2026-08-25 05:27:13 436:436 SyncActivityProfilerHandler.cpp:52] profiler_start

USDT:2026-08-25 05:27:13 437:437 SyncActivityProfilerHandler.cpp:59] profiler_stopUSDT:2026-08-25 05:27:13 438:438 SyncActivityProfilerHandler.cpp:59] profiler_stop
USDT:2026-08-25 05:27:13 432:432 SyncActivityProfilerHandler.cpp:59] profiler_stop
USDT:2026-08-25 05:27:13 434:434 SyncActivityProfilerHandler.cpp:59] profiler_stopUSDT:2026-08-25 05:27:13 439:439 SyncActivityProfilerHandler.cpp:59] profiler_stop

USDT:2026-08-25 05:27:13 436:436 SyncActivityProfilerHandler.cpp:59] profiler_stopUSDT:2026-08-25 05:27:13 435:435 SyncActivityProfilerHandler.cpp:59] profiler_stop
USDT:2026-08-25 05:27:13 433:433 SyncActivityProfilerHandler.cpp:59] profiler_stop


   * EP:  13/32 | dispatch: 5 GB/s (SO), 10 GB/s (SU), 621.989 us, 6215040 bytes | copy: 79 GB/s, 156.922 us
   * EP:  10/32 | dispatch: 5 GB/s (SO), 10 GB/s (SU), 622.023 us, 6102720 bytes | copy: 75 GB/s, 163.713 us
   * EP:  14/32 | dispatch: 5 GB/s (SO), 10 GB/s (SU), 621.585 us, 6012864 bytes | copy: 2150 GB/s, 5.593 us
   * EP:  15/32 | dispatch: 5 GB/s (SO), 10 GB/s (SU), 622.097 us, 6147648 bytes | copy: 491 GB/s, 25.051 us
   * EP:  11/32 | dispatch: 5 GB/s (SO), 10 GB/s (SU), 622.037 us, 6334848 bytes | copy: 86 GB/s, 146.973 us
   * EP:  12/32 | dispatch: 5 GB/s (SO), 9 GB/s (SU), 622.208 us, 5780736 bytes | copy: 72 GB/s, 161.428 us
   * EP:   8/32 | dispatch: 5 GB/s (SO), 10 GB/s (SU), 622.013 us, 6222528 bytes | copy: 78 GB/s, 159.109 us
   * EP:   9/32 | dispatch: 5 GB/s (SO), 10 GB/s (SU), 622.162 us, 6200064 bytes | copy: 90 GB/s, 138.397 us
USDT:2026-08-25 05:27:14 438:438 SyncActivityProfilerHandler.cpp:52] profiler_startUSDT:2026-08-25 05:27:14 435:435 SyncActivityProfilerHandler.cpp:52] profiler_startUSDT:2026-08-25 05:27:14 439:439 SyncActivityProfilerHandler.cpp:52] profiler_startUSDT:2026-08-25 05:27:14 436:436 SyncActivityProfilerHandler.cpp:52] profiler_startUSDT:2026-08-25 05:27:14 434:434 SyncActivityProfilerHandler.cpp:52] profiler_startUSDT:2026-08-25 05:27:14 437:437 SyncActivityProfilerHandler.cpp:52] profiler_startUSDT:2026-08-25 05:27:14 432:432 SyncActivityProfilerHandler.cpp:52] profiler_start






USDT:2026-08-25 05:27:14 433:433 SyncActivityProfilerHandler.cpp:52] profiler_start
USDT:2026-08-25 05:27:14 439:439 SyncActivityProfilerHandler.cpp:59] profiler_stopUSDT:2026-08-25 05:27:14 434:434 SyncActivityProfilerHandler.cpp:59] profiler_stop

USDT:2026-08-25 05:27:14 438:438 SyncActivityProfilerHandler.cpp:59] profiler_stopUSDT:2026-08-25 05:27:14 435:435 SyncActivityProfilerHandler.cpp:59] profiler_stop
USDT:2026-08-25 05:27:14 436:436 SyncActivityProfilerHandler.cpp:59] profiler_stop
USDT:2026-08-25 05:27:14 432:432 SyncActivityProfilerHandler.cpp:59] profiler_stop
USDT:2026-08-25 05:27:14 437:437 SyncActivityProfilerHandler.cpp:59] profiler_stop

USDT:2026-08-25 05:27:14 433:433 SyncActivityProfilerHandler.cpp:59] profiler_stop
   - EP:  10/32 | expanded dispatch: 5 GB/s (SO), 10 GB/s (SU), 616.285 us, 6102720 bytes | copy: 87 GB/s, 157.926 us
   - EP:  13/32 | expanded dispatch: 5 GB/s (SO), 10 GB/s (SU), 616.246 us, 6215040 bytes | copy: 97 GB/s, 153.209 us
   - EP:  15/32 | expanded dispatch: 5 GB/s (SO), 10 GB/s (SU), 616.312 us, 6147648 bytes | copy: 515 GB/s, 26.575 us
   - EP:  11/32 | expanded dispatch: 5 GB/s (SO), 10 GB/s (SU), 616.371 us, 6334848 bytes | copy: 96 GB/s, 144.459 us
   - EP:  12/32 | expanded dispatch: 5 GB/s (SO), 9 GB/s (SU), 616.339 us, 5780736 bytes | copy: 83 GB/s, 159.325 us
   - EP:   8/32 | expanded dispatch: 5 GB/s (SO), 10 GB/s (SU), 616.197 us, 6222528 bytes | copy: 90 GB/s, 153.624 us
   - EP:  14/32 | expanded dispatch: 5 GB/s (SO), 10 GB/s (SU), 615.768 us, 6012864 bytes | copy: 1907 GB/s, 7.167 us
   - EP:   9/32 | expanded dispatch: 5 GB/s (SO), 10 GB/s (SU), 616.338 us, 6200064 bytes | copy: 108 GB/s, 137.320 us
USDT:2026-08-25 05:27:15 435:435 SyncActivityProfilerHandler.cpp:52] profiler_startUSDT:2026-08-25 05:27:15 439:439 SyncActivityProfilerHandler.cpp:52] profiler_startUSDT:2026-08-25 05:27:15 434:434 SyncActivityProfilerHandler.cpp:52] profiler_start


USDT:2026-08-25 05:27:15 438:438 SyncActivityProfilerHandler.cpp:52] profiler_startUSDT:2026-08-25 05:27:15 432:432 SyncActivityProfilerHandler.cpp:52] profiler_startUSDT:2026-08-25 05:27:15 436:436 SyncActivityProfilerHandler.cpp:52] profiler_start


USDT:2026-08-25 05:27:15 437:437 SyncActivityProfilerHandler.cpp:52] profiler_start
USDT:2026-08-25 05:27:15 433:433 SyncActivityProfilerHandler.cpp:52] profiler_start
USDT:2026-08-25 05:27:15 439:439 SyncActivityProfilerHandler.cpp:59] profiler_stopUSDT:2026-08-25 05:27:15 435:435 SyncActivityProfilerHandler.cpp:59] profiler_stopUSDT:2026-08-25 05:27:15 438:438 SyncActivityProfilerHandler.cpp:59] profiler_stopUSDT:2026-08-25 05:27:15 436:436 SyncActivityProfilerHandler.cpp:59] profiler_stop



USDT:2026-08-25 05:27:15 434:434 SyncActivityProfilerHandler.cpp:59] profiler_stopUSDT:2026-08-25 05:27:15 432:432 SyncActivityProfilerHandler.cpp:59] profiler_stop

USDT:2026-08-25 05:27:15 437:437 SyncActivityProfilerHandler.cpp:59] profiler_stop
USDT:2026-08-25 05:27:15 433:433 SyncActivityProfilerHandler.cpp:59] profiler_stop
   # EP:  15/32 | cached dispatch: 5 GB/s (SO), 10 GB/s (SU), 605.794 us, 6147648 bytes | copy: 588 GB/s, 20.923 us
   # EP:  12/32 | cached dispatch: 5 GB/s (SO), 10 GB/s (SU), 605.798 us, 5780736 bytes | copy: 73 GB/s, 158.074 us   # EP:  11/32 | cached dispatch: 5 GB/s (SO), 10 GB/s (SU), 605.635 us, 6334848 bytes | copy: 92 GB/s, 137.395 us

   # EP:  14/32 | cached dispatch: 5 GB/s (SO), 10 GB/s (SU), 605.369 us, 6012864 bytes | copy: 1941 GB/s, 6.196 us
   # EP:  10/32 | cached dispatch: 5 GB/s (SO), 10 GB/s (SU), 605.790 us, 6102720 bytes | copy: 77 GB/s, 158.445 us
   # EP:  13/32 | cached dispatch: 5 GB/s (SO), 10 GB/s (SU), 605.751 us, 6215040 bytes | copy: 80 GB/s, 154.585 us
   # EP:   8/32 | cached dispatch: 5 GB/s (SO), 10 GB/s (SU), 605.481 us, 6222528 bytes | copy: 84 GB/s, 148.072 us
   # EP:   9/32 | cached dispatch: 5 GB/s (SO), 10 GB/s (SU), 605.784 us, 6200064 bytes | copy: 92 GB/s, 134.747 us
USDT:2026-08-25 05:27:15 435:435 SyncActivityProfilerHandler.cpp:52] profiler_start
USDT:2026-08-25 05:27:15 434:434 SyncActivityProfilerHandler.cpp:52] profiler_startUSDT:2026-08-25 05:27:15 432:432 SyncActivityProfilerHandler.cpp:52] profiler_startUSDT:2026-08-25 05:27:15 436:436 SyncActivityProfilerHandler.cpp:52] profiler_start

USDT:2026-08-25 05:27:15 437:437 SyncActivityProfilerHandler.cpp:52] profiler_start

USDT:2026-08-25 05:27:15 439:439 SyncActivityProfilerHandler.cpp:52] profiler_start
USDT:2026-08-25 05:27:15 433:433 SyncActivityProfilerHandler.cpp:52] profiler_start
USDT:2026-08-25 05:27:15 438:438 SyncActivityProfilerHandler.cpp:52] profiler_start
USDT:2026-08-25 05:27:16 434:434 SyncActivityProfilerHandler.cpp:59] profiler_stop
USDT:2026-08-25 05:27:16 432:432 SyncActivityProfilerHandler.cpp:59] profiler_stopUSDT:2026-08-25 05:27:16 435:435 SyncActivityProfilerHandler.cpp:59] profiler_stop

USDT:2026-08-25 05:27:16 436:436 SyncActivityProfilerHandler.cpp:59] profiler_stopUSDT:2026-08-25 05:27:16 437:437 SyncActivityProfilerHandler.cpp:59] profiler_stop

USDT:2026-08-25 05:27:16 439:439 SyncActivityProfilerHandler.cpp:59] profiler_stop
USDT:2026-08-25 05:27:16 438:438 SyncActivityProfilerHandler.cpp:59] profiler_stop
USDT:2026-08-25 05:27:16 433:433 SyncActivityProfilerHandler.cpp:59] profiler_stop
   @ EP:  12/32 | combine: 20 GB/s (SO), 36 GB/s (SU), 310.031 us, 11092096 bytes | reduce: 1119 GB/s, 6.944 us
   @ EP:  10/32 | combine: 20 GB/s (SO), 39 GB/s (SU), 301.706 us, 11709920 bytes | reduce: 1083 GB/s, 7.179 us
   @ EP:  15/32 | combine: 15 GB/s (SO), 31 GB/s (SU), 380.110 us, 11796128 bytes | reduce: 1062 GB/s, 6.900 us
   @ EP:  11/32 | combine: 19 GB/s (SO), 39 GB/s (SU), 315.507 us, 12155328 bytes | reduce: 1157 GB/s, 6.756 us
   @ EP:  14/32 | combine: 15 GB/s (SO), 30 GB/s (SU), 384.984 us, 11537504 bytes | reduce: 1064 GB/s, 7.050 us
   @ EP:  13/32 | combine: 19 GB/s (SO), 38 GB/s (SU), 314.822 us, 11925440 bytes | reduce: 1103 GB/s, 6.888 us
   @ EP:   8/32 | combine: 20 GB/s (SO), 39 GB/s (SU), 309.100 us, 11939808 bytes | reduce: 1117 GB/s, 7.204 us
   @ EP:   9/32 | combine: 19 GB/s (SO), 37 GB/s (SU), 319.302 us, 11896704 bytes | reduce: 1100 GB/s, 7.210 us
USDT:2026-08-25 05:27:16 436:436 SyncActivityProfilerHandler.cpp:52] profiler_startUSDT:2026-08-25 05:27:16 434:434 SyncActivityProfilerHandler.cpp:52] profiler_start

USDT:2026-08-25 05:27:16 432:432 SyncActivityProfilerHandler.cpp:52] profiler_start
USDT:2026-08-25 05:27:16 435:435 SyncActivityProfilerHandler.cpp:52] profiler_startUSDT:2026-08-25 05:27:16 437:437 SyncActivityProfilerHandler.cpp:52] profiler_start

USDT:2026-08-25 05:27:16 439:439 SyncActivityProfilerHandler.cpp:52] profiler_startUSDT:2026-08-25 05:27:16 438:438 SyncActivityProfilerHandler.cpp:52] profiler_start

USDT:2026-08-25 05:27:16 433:433 SyncActivityProfilerHandler.cpp:52] profiler_start
USDT:2026-08-25 05:27:16 437:437 SyncActivityProfilerHandler.cpp:59] profiler_stop
USDT:2026-08-25 05:27:16 434:434 SyncActivityProfilerHandler.cpp:59] profiler_stopUSDT:2026-08-25 05:27:16 432:432 SyncActivityProfilerHandler.cpp:59] profiler_stop
USDT:2026-08-25 05:27:16 435:435 SyncActivityProfilerHandler.cpp:59] profiler_stopUSDT:2026-08-25 05:27:16 436:436 SyncActivityProfilerHandler.cpp:59] profiler_stop


USDT:2026-08-25 05:27:16 433:433 SyncActivityProfilerHandler.cpp:59] profiler_stop
USDT:2026-08-25 05:27:16 439:439 SyncActivityProfilerHandler.cpp:59] profiler_stop
USDT:2026-08-25 05:27:16 438:438 SyncActivityProfilerHandler.cpp:59] profiler_stop
   + EP:  15/32 | reduced combine: 15 GB/s (SO), 30 GB/s (SU), 388.023 us, 11796128 bytes | reduce: 1077 GB/s, 6.801 us
   + EP:  12/32 | reduced combine: 19 GB/s (SO), 35 GB/s (SU), 320.928 us, 11092096 bytes | reduce: 1099 GB/s, 7.071 us
   + EP:  11/32 | reduced combine: 19 GB/s (SO), 37 GB/s (SU), 324.158 us, 12155328 bytes | reduce: 1140 GB/s, 6.856 us   + EP:  10/32 | reduced combine: 19 GB/s (SO), 37 GB/s (SU), 318.289 us, 11709920 bytes | reduce: 1062 GB/s, 7.316 us

   + EP:  13/32 | reduced combine: 18 GB/s (SO), 37 GB/s (SU), 324.687 us, 11925440 bytes | reduce: 1070 GB/s, 7.105 us
   + EP:  14/32 | reduced combine: 15 GB/s (SO), 29 GB/s (SU), 397.464 us, 11537504 bytes | reduce: 1043 GB/s, 7.189 us
   + EP:   8/32 | reduced combine: 20 GB/s (SO), 37 GB/s (SU), 320.211 us, 11939808 bytes | reduce: 1087 GB/s, 7.403 us
   + EP:   9/32 | reduced combine: 19 GB/s (SO), 36 GB/s (SU), 328.566 us, 11896704 bytes | reduce: 1062 GB/s, 7.466 us


