=== EP_NIC_NAME=rdmap110s0 (auto, 200 Gb/s) ===
+ docker run --rm --gpus all --privileged --network=host --ipc=host --ulimit memlock=-1 --ulimit stack=67108864 --device=/dev/infiniband --device=/dev/gdrdrv -v /sys/class/infiniband:/sys/class/infiniband:ro -e MASTER_ADDR=172.31.20.74 -e MASTER_PORT=29746 -e WORLD_SIZE=4 -e RANK=1 -e NCCL_DEBUG=WARN -e EP_NIC_NAME=rdmap110s0 -e NCCL_GIN_TYPE=5 -e NCCL_SYM_GIN_KERNELS_ENABLE=0 -e PYTHONUNBUFFERED=1 -e PYTHONFAULTHANDLER=1 deepep-v2-efa-official:pr1pr2-b097b03 bash -lc 'timeout -s ABRT --kill-after=60 1500     python3 -u /opt/DeepEP/tests/elastic/test_ep.py     --num-processes=8 --num-tokens=128     --hidden=7168 --num-topk=8 --num-experts=256     --num-sms=24 --allow-hybrid-mode=1     --prefer-overlap-with-compute=0 --test-first-only      '

==========
== CUDA ==
==========

CUDA Version 13.0.2

Container image Copyright (c) 2016-2023, NVIDIA CORPORATION & AFFILIATES. All rights reserved.

This container image and its contents are governed by the NVIDIA Deep Learning Container License.
By pulling and using the container, you accept the terms and conditions of this license:
https://developer.nvidia.com/ngc/nvidia-deep-learning-container-license

A copy of this license is made available in this container at /NGC-DL-CONTAINER-LICENSE for your convenience.

DeepEP hybrid kernel selection: unordered
DeepEP hybrid kernel selection: unordered
DeepEP hybrid kernel selection: unordered
DeepEP hybrid kernel selection: unordered
DeepEP hybrid kernel selection: unordered
DeepEP hybrid kernel selection: unordered
DeepEP hybrid kernel selection: unordered
DeepEP hybrid kernel selection: unordered
DeepEP hybrid kernel selection: unordered
DeepEP hybrid kernel selection: unordered
DeepEP hybrid kernel selection: unordered
DeepEP hybrid kernel selection: unordered
DeepEP hybrid kernel selection: unordered
DeepEP hybrid kernel selection: unordered
DeepEP hybrid kernel selection: unordered
DeepEP hybrid kernel selection: unordered
Config:
 > Ranks: 4 x 8
 > Experts: 8/256
 > Tokens: 120 (max: 128), hidden: 7168
 > #SM: 24, #QPs: 11/11

Running all test cases:
 > Testing with do_handle_copy=1, expert_alignment=128, use_fp8_dispatch=1, num_bias=0, with_previous_event=0, async_with_compute_stream=0, allocate_on_comm_stream=0 ...
USDT:2026-08-25 05:33:55 437:437 SyncActivityProfilerHandler.cpp:52] profiler_startUSDT:2026-08-25 05:33:55 434:434 SyncActivityProfilerHandler.cpp:52] profiler_startUSDT:2026-08-25 05:33:55 436:436 SyncActivityProfilerHandler.cpp:52] profiler_startUSDT:2026-08-25 05:33:55 439:439 SyncActivityProfilerHandler.cpp:52] profiler_start



USDT:2026-08-25 05:33:55 435:435 SyncActivityProfilerHandler.cpp:52] profiler_startUSDT:2026-08-25 05:33:55 441:441 SyncActivityProfilerHandler.cpp:52] profiler_startUSDT:2026-08-25 05:33:55 440:440 SyncActivityProfilerHandler.cpp:52] profiler_startUSDT:2026-08-25 05:33:55 438:438 SyncActivityProfilerHandler.cpp:52] profiler_start



USDT:2026-08-25 05:33:56 439:439 SyncActivityProfilerHandler.cpp:59] profiler_stopUSDT:2026-08-25 05:33:56 437:437 SyncActivityProfilerHandler.cpp:59] profiler_stopUSDT:2026-08-25 05:33:56 440:440 SyncActivityProfilerHandler.cpp:59] profiler_stopUSDT:2026-08-25 05:33:56 436:436 SyncActivityProfilerHandler.cpp:59] profiler_stop
USDT:2026-08-25 05:33:56 434:434 SyncActivityProfilerHandler.cpp:59] profiler_stopUSDT:2026-08-25 05:33:56 438:438 SyncActivityProfilerHandler.cpp:59] profiler_stopUSDT:2026-08-25 05:33:56 435:435 SyncActivityProfilerHandler.cpp:59] profiler_stopUSDT:2026-08-25 05:33:56 441:441 SyncActivityProfilerHandler.cpp:59] profiler_stop






   * EP:  11/32 | dispatch: 17 GB/s (SO), 34 GB/s (SU), 186.003 us, 6334848 bytes | copy: 1336 GB/s, 9.480 us
   * EP:  10/32 | dispatch: 17 GB/s (SO), 33 GB/s (SU), 186.002 us, 6102720 bytes | copy: 1348 GB/s, 9.056 us
   * EP:  13/32 | dispatch: 17 GB/s (SO), 33 GB/s (SU), 185.975 us, 6215040 bytes | copy: 1160 GB/s, 10.718 us
   * EP:   8/32 | dispatch: 18 GB/s (SO), 33 GB/s (SU), 185.858 us, 6222528 bytes | copy: 2022 GB/s, 6.154 us
   * EP:  15/32 | dispatch: 16 GB/s (SO), 33 GB/s (SU), 185.885 us, 6147648 bytes | copy: 1516 GB/s, 8.108 us
   * EP:  14/32 | dispatch: 16 GB/s (SO), 32 GB/s (SU), 185.897 us, 6012864 bytes | copy: 1288 GB/s, 9.338 us
   * EP:   9/32 | dispatch: 17 GB/s (SO), 33 GB/s (SU), 185.975 us, 6200064 bytes | copy: 1923 GB/s, 6.450 us
   * EP:  12/32 | dispatch: 17 GB/s (SO), 31 GB/s (SU), 185.853 us, 5780736 bytes | copy: 1230 GB/s, 9.401 us
USDT:2026-08-25 05:33:56 437:437 SyncActivityProfilerHandler.cpp:52] profiler_startUSDT:2026-08-25 05:33:56 434:434 SyncActivityProfilerHandler.cpp:52] profiler_startUSDT:2026-08-25 05:33:56 439:439 SyncActivityProfilerHandler.cpp:52] profiler_startUSDT:2026-08-25 05:33:56 440:440 SyncActivityProfilerHandler.cpp:52] profiler_startUSDT:2026-08-25 05:33:56 441:441 SyncActivityProfilerHandler.cpp:52] profiler_startUSDT:2026-08-25 05:33:56 436:436 SyncActivityProfilerHandler.cpp:52] profiler_startUSDT:2026-08-25 05:33:56 438:438 SyncActivityProfilerHandler.cpp:52] profiler_start
USDT:2026-08-25 05:33:56 435:435 SyncActivityProfilerHandler.cpp:52] profiler_start






USDT:2026-08-25 05:33:56 439:439 SyncActivityProfilerHandler.cpp:59] profiler_stop
USDT:2026-08-25 05:33:56 438:438 SyncActivityProfilerHandler.cpp:59] profiler_stopUSDT:2026-08-25 05:33:56 437:437 SyncActivityProfilerHandler.cpp:59] profiler_stopUSDT:2026-08-25 05:33:56 434:434 SyncActivityProfilerHandler.cpp:59] profiler_stopUSDT:2026-08-25 05:33:56 436:436 SyncActivityProfilerHandler.cpp:59] profiler_stop
USDT:2026-08-25 05:33:56 440:440 SyncActivityProfilerHandler.cpp:59] profiler_stop
USDT:2026-08-25 05:33:56 435:435 SyncActivityProfilerHandler.cpp:59] profiler_stopUSDT:2026-08-25 05:33:56 441:441 SyncActivityProfilerHandler.cpp:59] profiler_stop




   - EP:  11/32 | expanded dispatch: 17 GB/s (SO), 35 GB/s (SU), 182.955 us, 6334848 bytes | copy: 1318 GB/s, 10.533 us
   - EP:  10/32 | expanded dispatch: 17 GB/s (SO), 33 GB/s (SU), 182.659 us, 6102720 bytes | copy: 1772 GB/s, 7.721 us
   - EP:   8/32 | expanded dispatch: 18 GB/s (SO), 34 GB/s (SU), 182.779 us, 6222528 bytes | copy: 1893 GB/s, 7.337 us
   - EP:  15/32 | expanded dispatch: 16 GB/s (SO), 34 GB/s (SU), 182.864 us, 6147648 bytes | copy: 1462 GB/s, 9.372 us
   - EP:  12/32 | expanded dispatch: 17 GB/s (SO), 32 GB/s (SU), 182.768 us, 5780736 bytes | copy: 1392 GB/s, 9.503 us
   - EP:  14/32 | expanded dispatch: 17 GB/s (SO), 33 GB/s (SU), 182.787 us, 6012864 bytes | copy: 1479 GB/s, 9.240 us
   - EP:  13/32 | expanded dispatch: 17 GB/s (SO), 34 GB/s (SU), 182.906 us, 6215040 bytes | copy: 1266 GB/s, 11.698 us
   - EP:   9/32 | expanded dispatch: 18 GB/s (SO), 34 GB/s (SU), 182.972 us, 6200064 bytes | copy: 1807 GB/s, 8.185 us
USDT:2026-08-25 05:33:57 440:440 SyncActivityProfilerHandler.cpp:52] profiler_startUSDT:2026-08-25 05:33:57 441:441 SyncActivityProfilerHandler.cpp:52] profiler_startUSDT:2026-08-25 05:33:57 435:435 SyncActivityProfilerHandler.cpp:52] profiler_startUSDT:2026-08-25 05:33:57 436:436 SyncActivityProfilerHandler.cpp:52] profiler_start
USDT:2026-08-25 05:33:57 434:434 SyncActivityProfilerHandler.cpp:52] profiler_start

USDT:2026-08-25 05:33:57 437:437 SyncActivityProfilerHandler.cpp:52] profiler_startUSDT:2026-08-25 05:33:57 438:438 SyncActivityProfilerHandler.cpp:52] profiler_startUSDT:2026-08-25 05:33:57 439:439 SyncActivityProfilerHandler.cpp:52] profiler_start




USDT:2026-08-25 05:33:57 440:440 SyncActivityProfilerHandler.cpp:59] profiler_stopUSDT:2026-08-25 05:33:57 438:438 SyncActivityProfilerHandler.cpp:59] profiler_stopUSDT:2026-08-25 05:33:57 441:441 SyncActivityProfilerHandler.cpp:59] profiler_stop
USDT:2026-08-25 05:33:57 437:437 SyncActivityProfilerHandler.cpp:59] profiler_stopUSDT:2026-08-25 05:33:57 436:436 SyncActivityProfilerHandler.cpp:59] profiler_stop


USDT:2026-08-25 05:33:57 439:439 SyncActivityProfilerHandler.cpp:59] profiler_stopUSDT:2026-08-25 05:33:57 434:434 SyncActivityProfilerHandler.cpp:59] profiler_stop


USDT:2026-08-25 05:33:57 435:435 SyncActivityProfilerHandler.cpp:59] profiler_stop
   # EP:  14/32 | cached dispatch: 17 GB/s (SO), 33 GB/s (SU), 184.585 us, 6012864 bytes | copy: 1396 GB/s, 8.614 us
   # EP:  12/32 | cached dispatch: 17 GB/s (SO), 31 GB/s (SU), 184.650 us, 5780736 bytes | copy: 1185 GB/s, 9.757 us
   # EP:  15/32 | cached dispatch: 16 GB/s (SO), 33 GB/s (SU), 184.713 us, 6147648 bytes | copy: 1168 GB/s, 10.524 us
   # EP:  13/32 | cached dispatch: 17 GB/s (SO), 34 GB/s (SU), 184.735 us, 6215040 bytes | copy: 1103 GB/s, 11.265 us
   # EP:   8/32 | cached dispatch: 18 GB/s (SO), 34 GB/s (SU), 184.606 us, 6222528 bytes | copy: 1631 GB/s, 7.631 us
   # EP:  10/32 | cached dispatch: 17 GB/s (SO), 33 GB/s (SU), 184.624 us, 6102720 bytes | copy: 1281 GB/s, 9.531 us
   # EP:  11/32 | cached dispatch: 17 GB/s (SO), 34 GB/s (SU), 184.790 us, 6334848 bytes | copy: 1288 GB/s, 9.834 us
   # EP:   9/32 | cached dispatch: 18 GB/s (SO), 34 GB/s (SU), 184.851 us, 6200064 bytes | copy: 1172 GB/s, 10.579 us
USDT:2026-08-25 05:33:58 439:439 SyncActivityProfilerHandler.cpp:52] profiler_startUSDT:2026-08-25 05:33:58 438:438 SyncActivityProfilerHandler.cpp:52] profiler_startUSDT:2026-08-25 05:33:58 437:437 SyncActivityProfilerHandler.cpp:52] profiler_startUSDT:2026-08-25 05:33:58 436:436 SyncActivityProfilerHandler.cpp:52] profiler_startUSDT:2026-08-25 05:33:58 434:434 SyncActivityProfilerHandler.cpp:52] profiler_startUSDT:2026-08-25 05:33:58 441:441 SyncActivityProfilerHandler.cpp:52] profiler_start
USDT:2026-08-25 05:33:58 435:435 SyncActivityProfilerHandler.cpp:52] profiler_start





USDT:2026-08-25 05:33:58 440:440 SyncActivityProfilerHandler.cpp:52] profiler_start
USDT:2026-08-25 05:33:58 440:440 SyncActivityProfilerHandler.cpp:59] profiler_stopUSDT:2026-08-25 05:33:58 441:441 SyncActivityProfilerHandler.cpp:59] profiler_stopUSDT:2026-08-25 05:33:58 437:437 SyncActivityProfilerHandler.cpp:59] profiler_stopUSDT:2026-08-25 05:33:58 436:436 SyncActivityProfilerHandler.cpp:59] profiler_stopUSDT:2026-08-25 05:33:58 438:438 SyncActivityProfilerHandler.cpp:59] profiler_stop
USDT:2026-08-25 05:33:58 434:434 SyncActivityProfilerHandler.cpp:59] profiler_stopUSDT:2026-08-25 05:33:58 439:439 SyncActivityProfilerHandler.cpp:59] profiler_stop





USDT:2026-08-25 05:33:58 435:435 SyncActivityProfilerHandler.cpp:59] profiler_stop
   @ EP:  14/32 | combine: 26 GB/s (SO), 52 GB/s (SU), 221.543 us, 11537504 bytes | reduce: 1024 GB/s, 7.324 us
   @ EP:  15/32 | combine: 26 GB/s (SO), 53 GB/s (SU), 220.715 us, 11796128 bytes | reduce: 990 GB/s, 7.398 us
   @ EP:  12/32 | combine: 27 GB/s (SO), 49 GB/s (SU), 224.484 us, 11092096 bytes | reduce: 1053 GB/s, 7.379 us
   @ EP:   8/32 | combine: 28 GB/s (SO), 53 GB/s (SU), 227.157 us, 11939808 bytes | reduce: 1081 GB/s, 7.446 us
   @ EP:  10/32 | combine: 27 GB/s (SO), 52 GB/s (SU), 226.153 us, 11709920 bytes | reduce: 1080 GB/s, 7.194 us
   @ EP:  13/32 | combine: 27 GB/s (SO), 53 GB/s (SU), 224.265 us, 11925440 bytes | reduce: 977 GB/s, 7.781 us
   @ EP:  11/32 | combine: 27 GB/s (SO), 54 GB/s (SU), 223.291 us, 12155328 bytes | reduce: 1050 GB/s, 7.442 us
   @ EP:   9/32 | combine: 27 GB/s (SO), 52 GB/s (SU), 227.120 us, 11896704 bytes | reduce: 1066 GB/s, 7.440 us
USDT:2026-08-25 05:33:59 438:438 SyncActivityProfilerHandler.cpp:52] profiler_startUSDT:2026-08-25 05:33:59 441:441 SyncActivityProfilerHandler.cpp:52] profiler_start
USDT:2026-08-25 05:33:59 439:439 SyncActivityProfilerHandler.cpp:52] profiler_startUSDT:2026-08-25 05:33:59 437:437 SyncActivityProfilerHandler.cpp:52] profiler_start


USDT:2026-08-25 05:33:59 435:435 SyncActivityProfilerHandler.cpp:52] profiler_startUSDT:2026-08-25 05:33:59 436:436 SyncActivityProfilerHandler.cpp:52] profiler_startUSDT:2026-08-25 05:33:59 434:434 SyncActivityProfilerHandler.cpp:52] profiler_start
USDT:2026-08-25 05:33:59 440:440 SyncActivityProfilerHandler.cpp:52] profiler_start


USDT:2026-08-25 05:33:59 436:436 SyncActivityProfilerHandler.cpp:59] profiler_stop
USDT:2026-08-25 05:33:59 439:439 SyncActivityProfilerHandler.cpp:59] profiler_stop
USDT:2026-08-25 05:33:59 441:441 SyncActivityProfilerHandler.cpp:59] profiler_stopUSDT:2026-08-25 05:33:59 437:437 SyncActivityProfilerHandler.cpp:59] profiler_stopUSDT:2026-08-25 05:33:59 440:440 SyncActivityProfilerHandler.cpp:59] profiler_stopUSDT:2026-08-25 05:33:59 434:434 SyncActivityProfilerHandler.cpp:59] profiler_stop


USDT:2026-08-25 05:33:59 435:435 SyncActivityProfilerHandler.cpp:59] profiler_stop
USDT:2026-08-25 05:33:59 438:438 SyncActivityProfilerHandler.cpp:59] profiler_stop

   + EP:  14/32 | reduced combine: 26 GB/s (SO), 51 GB/s (SU), 224.908 us, 11537504 bytes | reduce: 1021 GB/s, 7.344 us
   + EP:  13/32 | reduced combine: 26 GB/s (SO), 52 GB/s (SU), 227.851 us, 11925440 bytes | reduce: 1032 GB/s, 7.364 us
   + EP:   8/32 | reduced combine: 27 GB/s (SO), 52 GB/s (SU), 230.215 us, 11939808 bytes | reduce: 1064 GB/s, 7.563 us
   + EP:  15/32 | reduced combine: 25 GB/s (SO), 53 GB/s (SU), 224.157 us, 11796128 bytes | reduce: 1005 GB/s, 7.290 us
   + EP:  12/32 | reduced combine: 27 GB/s (SO), 49 GB/s (SU), 227.956 us, 11092096 bytes | reduce: 1076 GB/s, 7.227 us
   + EP:  11/32 | reduced combine: 27 GB/s (SO), 53 GB/s (SU), 227.908 us, 12155328 bytes | reduce: 1077 GB/s, 7.257 us
   + EP:  10/32 | reduced combine: 27 GB/s (SO), 51 GB/s (SU), 228.248 us, 11709920 bytes | reduce: 1084 GB/s, 7.174 us
   + EP:   9/32 | reduced combine: 27 GB/s (SO), 52 GB/s (SU), 230.667 us, 11896704 bytes | reduce: 1057 GB/s, 7.500 us


