=== EP_NIC_NAME=rdmap110s0 (auto, 200 Gb/s) ===
+ docker run --rm --gpus all --privileged --network=host --ipc=host --ulimit memlock=-1 --ulimit stack=67108864 --device=/dev/infiniband --device=/dev/gdrdrv -v /sys/class/infiniband:/sys/class/infiniband:ro -e MASTER_ADDR=172.31.20.74 -e MASTER_PORT=29743 -e WORLD_SIZE=4 -e RANK=0 -e NCCL_DEBUG=WARN -e EP_NIC_NAME=rdmap110s0 -e NCCL_GIN_TYPE=5 -e NCCL_SYM_GIN_KERNELS_ENABLE=0 -e EP_MIN_TOKENS_PER_PART=1 -e PYTHONUNBUFFERED=1 -e PYTHONFAULTHANDLER=1 deepep-v2-efa-official:pr1pr2-b097b03 bash -lc 'timeout -s ABRT --kill-after=60 1500     python3 -u /opt/DeepEP/tests/elastic/test_ep.py     --num-processes=8 --num-tokens=128     --hidden=7168 --num-topk=8 --num-experts=256     --num-sms=12 --allow-hybrid-mode=1     --prefer-overlap-with-compute=0 --test-first-only      '

==========
== CUDA ==
==========

CUDA Version 13.0.2

Container image Copyright (c) 2016-2023, NVIDIA CORPORATION & AFFILIATES. All rights reserved.

This container image and its contents are governed by the NVIDIA Deep Learning Container License.
By pulling and using the container, you accept the terms and conditions of this license:
https://developer.nvidia.com/ngc/nvidia-deep-learning-container-license

A copy of this license is made available in this container at /NGC-DL-CONTAINER-LICENSE for your convenience.

NCCL version 2.31.2+cuda13.3
DeepEP hybrid kernel selection: unordered
DeepEP hybrid kernel selection: unordered
DeepEP hybrid kernel selection: unordered
DeepEP hybrid kernel selection: unordered
DeepEP hybrid kernel selection: unordered
DeepEP hybrid kernel selection: unordered
DeepEP hybrid kernel selection: unordered
DeepEP hybrid kernel selection: unordered
DeepEP hybrid kernel selection: unordered
DeepEP hybrid kernel selection: unordered
DeepEP hybrid kernel selection: unordered
DeepEP hybrid kernel selection: unordered
DeepEP hybrid kernel selection: unordered
DeepEP hybrid kernel selection: unordered
DeepEP hybrid kernel selection: unordered
DeepEP hybrid kernel selection: unordered
Config:
 > Ranks: 4 x 8
 > Experts: 8/256
 > Tokens: 128 (max: 128), hidden: 7168
 > #SM: 12, #QPs: 11/11

Running all test cases:
 > Testing with do_handle_copy=1, expert_alignment=128, use_fp8_dispatch=1, num_bias=0, with_previous_event=0, async_with_compute_stream=0, allocate_on_comm_stream=0 ...
USDT:2026-08-25 05:28:53 432:432 SyncActivityProfilerHandler.cpp:52] profiler_startUSDT:2026-08-25 05:28:53 431:431 SyncActivityProfilerHandler.cpp:52] profiler_startUSDT:2026-08-25 05:28:53 435:435 SyncActivityProfilerHandler.cpp:52] profiler_startUSDT:2026-08-25 05:28:53 434:434 SyncActivityProfilerHandler.cpp:52] profiler_startUSDT:2026-08-25 05:28:53 433:433 SyncActivityProfilerHandler.cpp:52] profiler_startUSDT:2026-08-25 05:28:53 437:437 SyncActivityProfilerHandler.cpp:52] profiler_start

USDT:2026-08-25 05:28:53 438:438 SyncActivityProfilerHandler.cpp:52] profiler_start




USDT:2026-08-25 05:28:53 436:436 SyncActivityProfilerHandler.cpp:52] profiler_start
USDT:2026-08-25 05:28:53 432:432 SyncActivityProfilerHandler.cpp:59] profiler_stopUSDT:2026-08-25 05:28:53 436:436 SyncActivityProfilerHandler.cpp:59] profiler_stopUSDT:2026-08-25 05:28:53 438:438 SyncActivityProfilerHandler.cpp:59] profiler_stopUSDT:2026-08-25 05:28:53 433:433 SyncActivityProfilerHandler.cpp:59] profiler_stop
USDT:2026-08-25 05:28:53 435:435 SyncActivityProfilerHandler.cpp:59] profiler_stopUSDT:2026-08-25 05:28:53 431:431 SyncActivityProfilerHandler.cpp:59] profiler_stop

USDT:2026-08-25 05:28:53 434:434 SyncActivityProfilerHandler.cpp:59] profiler_stop


USDT:2026-08-25 05:28:53 437:437 SyncActivityProfilerHandler.cpp:59] profiler_stop

   * EP:   3/32 | dispatch: 18 GB/s (SO), 34 GB/s (SU), 184.679 us, 6207552 bytes | copy: 1099 GB/s, 11.300 us
   * EP:   1/32 | dispatch: 19 GB/s (SO), 33 GB/s (SU), 184.580 us, 6042816 bytes | copy: 1203 GB/s, 10.047 us
   * EP:   0/32 | dispatch: 19 GB/s (SO), 32 GB/s (SU), 184.460 us, 5863104 bytes | copy: 1299 GB/s, 9.030 us
   * EP:   2/32 | dispatch: 19 GB/s (SO), 32 GB/s (SU), 184.367 us, 5952960 bytes | copy: 2212 GB/s, 5.382 us
   * EP:   7/32 | dispatch: 18 GB/s (SO), 31 GB/s (SU), 184.571 us, 5803200 bytes | copy: 784 GB/s, 14.810 us
   * EP:   4/32 | dispatch: 18 GB/s (SO), 34 GB/s (SU), 184.657 us, 6252480 bytes | copy: 729 GB/s, 17.142 us   * EP:   6/32 | dispatch: 18 GB/s (SO), 33 GB/s (SU), 184.608 us, 6020352 bytes | copy: 894 GB/s, 13.466 us

   * EP:   5/32 | dispatch: 18 GB/s (SO), 34 GB/s (SU), 184.627 us, 6200064 bytes | copy: 806 GB/s, 15.377 us
USDT:2026-08-25 05:28:54 434:434 SyncActivityProfilerHandler.cpp:52] profiler_startUSDT:2026-08-25 05:28:54 435:435 SyncActivityProfilerHandler.cpp:52] profiler_startUSDT:2026-08-25 05:28:54 437:437 SyncActivityProfilerHandler.cpp:52] profiler_startUSDT:2026-08-25 05:28:54 433:433 SyncActivityProfilerHandler.cpp:52] profiler_startUSDT:2026-08-25 05:28:54 431:431 SyncActivityProfilerHandler.cpp:52] profiler_startUSDT:2026-08-25 05:28:54 432:432 SyncActivityProfilerHandler.cpp:52] profiler_start

USDT:2026-08-25 05:28:54 438:438 SyncActivityProfilerHandler.cpp:52] profiler_startUSDT:2026-08-25 05:28:54 436:436 SyncActivityProfilerHandler.cpp:52] profiler_start





USDT:2026-08-25 05:28:54 434:434 SyncActivityProfilerHandler.cpp:59] profiler_stopUSDT:2026-08-25 05:28:54 435:435 SyncActivityProfilerHandler.cpp:59] profiler_stopUSDT:2026-08-25 05:28:54 432:432 SyncActivityProfilerHandler.cpp:59] profiler_stop
USDT:2026-08-25 05:28:54 438:438 SyncActivityProfilerHandler.cpp:59] profiler_stop
USDT:2026-08-25 05:28:54 436:436 SyncActivityProfilerHandler.cpp:59] profiler_stopUSDT:2026-08-25 05:28:54 431:431 SyncActivityProfilerHandler.cpp:59] profiler_stop


USDT:2026-08-25 05:28:54 433:433 SyncActivityProfilerHandler.cpp:59] profiler_stop

USDT:2026-08-25 05:28:54 437:437 SyncActivityProfilerHandler.cpp:59] profiler_stop
   - EP:   1/32 | expanded dispatch: 19 GB/s (SO), 33 GB/s (SU), 182.736 us, 6042816 bytes | copy: 1315 GB/s, 10.338 us
   - EP:   0/32 | expanded dispatch: 19 GB/s (SO), 32 GB/s (SU), 182.542 us, 5863104 bytes | copy: 1573 GB/s, 8.529 us
   - EP:   3/32 | expanded dispatch: 18 GB/s (SO), 34 GB/s (SU), 182.812 us, 6207552 bytes | copy: 1288 GB/s, 10.809 us
   - EP:   5/32 | expanded dispatch: 18 GB/s (SO), 34 GB/s (SU), 182.706 us, 6200064 bytes | copy: 1003 GB/s, 14.620 us
   - EP:   7/32 | expanded dispatch: 18 GB/s (SO), 32 GB/s (SU), 182.671 us, 5803200 bytes | copy: 1038 GB/s, 12.753 us
   - EP:   4/32 | expanded dispatch: 19 GB/s (SO), 34 GB/s (SU), 182.750 us, 6252480 bytes | copy: 920 GB/s, 16.133 us
   - EP:   2/32 | expanded dispatch: 19 GB/s (SO), 33 GB/s (SU), 182.416 us, 5952960 bytes | copy: 2104 GB/s, 6.390 us
   - EP:   6/32 | expanded dispatch: 18 GB/s (SO), 33 GB/s (SU), 182.733 us, 6020352 bytes | copy: 1032 GB/s, 13.220 us
USDT:2026-08-25 05:28:55 432:432 SyncActivityProfilerHandler.cpp:52] profiler_startUSDT:2026-08-25 05:28:55 436:436 SyncActivityProfilerHandler.cpp:52] profiler_startUSDT:2026-08-25 05:28:55 433:433 SyncActivityProfilerHandler.cpp:52] profiler_startUSDT:2026-08-25 05:28:55 438:438 SyncActivityProfilerHandler.cpp:52] profiler_startUSDT:2026-08-25 05:28:55 434:434 SyncActivityProfilerHandler.cpp:52] profiler_startUSDT:2026-08-25 05:28:55 437:437 SyncActivityProfilerHandler.cpp:52] profiler_start
USDT:2026-08-25 05:28:55 435:435 SyncActivityProfilerHandler.cpp:52] profiler_startUSDT:2026-08-25 05:28:55 431:431 SyncActivityProfilerHandler.cpp:52] profiler_start






USDT:2026-08-25 05:28:55 431:431 SyncActivityProfilerHandler.cpp:59] profiler_stopUSDT:2026-08-25 05:28:55 437:437 SyncActivityProfilerHandler.cpp:59] profiler_stopUSDT:2026-08-25 05:28:55 434:434 SyncActivityProfilerHandler.cpp:59] profiler_stopUSDT:2026-08-25 05:28:55 435:435 SyncActivityProfilerHandler.cpp:59] profiler_stopUSDT:2026-08-25 05:28:55 438:438 SyncActivityProfilerHandler.cpp:59] profiler_stop
USDT:2026-08-25 05:28:55 436:436 SyncActivityProfilerHandler.cpp:59] profiler_stop



USDT:2026-08-25 05:28:55 433:433 SyncActivityProfilerHandler.cpp:59] profiler_stop
USDT:2026-08-25 05:28:55 432:432 SyncActivityProfilerHandler.cpp:59] profiler_stop

   # EP:   4/32 | cached dispatch: 19 GB/s (SO), 35 GB/s (SU), 178.394 us, 6252480 bytes | copy: 834 GB/s, 15.001 us
   # EP:   7/32 | cached dispatch: 19 GB/s (SO), 33 GB/s (SU), 178.277 us, 5803200 bytes | copy: 888 GB/s, 13.074 us
   # EP:   3/32 | cached dispatch: 19 GB/s (SO), 35 GB/s (SU), 178.431 us, 6207552 bytes | copy: 1178 GB/s, 10.541 us
   # EP:   0/32 | cached dispatch: 20 GB/s (SO), 33 GB/s (SU), 178.218 us, 5863104 bytes | copy: 1513 GB/s, 7.748 us
   # EP:   6/32 | cached dispatch: 19 GB/s (SO), 34 GB/s (SU), 178.328 us, 6020352 bytes | copy: 975 GB/s, 12.352 us
   # EP:   1/32 | cached dispatch: 19 GB/s (SO), 34 GB/s (SU), 178.312 us, 6042816 bytes | copy: 1400 GB/s, 8.635 us
   # EP:   5/32 | cached dispatch: 19 GB/s (SO), 35 GB/s (SU), 178.398 us, 6200064 bytes | copy: 792 GB/s, 15.650 us
   # EP:   2/32 | cached dispatch: 20 GB/s (SO), 33 GB/s (SU), 178.111 us, 5952960 bytes | copy: 2319 GB/s, 5.133 us
USDT:2026-08-25 05:28:55 432:432 SyncActivityProfilerHandler.cpp:52] profiler_startUSDT:2026-08-25 05:28:55 434:434 SyncActivityProfilerHandler.cpp:52] profiler_startUSDT:2026-08-25 05:28:55 437:437 SyncActivityProfilerHandler.cpp:52] profiler_startUSDT:2026-08-25 05:28:55 436:436 SyncActivityProfilerHandler.cpp:52] profiler_start
USDT:2026-08-25 05:28:55 435:435 SyncActivityProfilerHandler.cpp:52] profiler_startUSDT:2026-08-25 05:28:55 433:433 SyncActivityProfilerHandler.cpp:52] profiler_start
USDT:2026-08-25 05:28:55 438:438 SyncActivityProfilerHandler.cpp:52] profiler_start
USDT:2026-08-25 05:28:55 431:431 SyncActivityProfilerHandler.cpp:52] profiler_start




USDT:2026-08-25 05:28:56 438:438 SyncActivityProfilerHandler.cpp:59] profiler_stopUSDT:2026-08-25 05:28:56 432:432 SyncActivityProfilerHandler.cpp:59] profiler_stop
USDT:2026-08-25 05:28:56 434:434 SyncActivityProfilerHandler.cpp:59] profiler_stop
USDT:2026-08-25 05:28:56 431:431 SyncActivityProfilerHandler.cpp:59] profiler_stopUSDT:2026-08-25 05:28:56 436:436 SyncActivityProfilerHandler.cpp:59] profiler_stop
USDT:2026-08-25 05:28:56 435:435 SyncActivityProfilerHandler.cpp:59] profiler_stopUSDT:2026-08-25 05:28:56 433:433 SyncActivityProfilerHandler.cpp:59] profiler_stop



USDT:2026-08-25 05:28:56 437:437 SyncActivityProfilerHandler.cpp:59] profiler_stop
   @ EP:   1/32 | combine: 28 GB/s (SO), 50 GB/s (SU), 233.076 us, 11594976 bytes | reduce: 1174 GB/s, 7.170 us
   @ EP:   5/32 | combine: 28 GB/s (SO), 51 GB/s (SU), 232.814 us, 11896704 bytes | reduce: 1091 GB/s, 7.491 us
   @ EP:   7/32 | combine: 27 GB/s (SO), 48 GB/s (SU), 231.202 us, 11135200 bytes | reduce: 1081 GB/s, 7.484 us
   @ EP:   4/32 | combine: 28 GB/s (SO), 51 GB/s (SU), 233.594 us, 11997280 bytes | reduce: 1116 GB/s, 7.429 us
   @ EP:   0/32 | combine: 28 GB/s (SO), 48 GB/s (SU), 236.611 us, 11250144 bytes | reduce: 1135 GB/s, 7.557 us   @ EP:   3/32 | combine: 28 GB/s (SO), 51 GB/s (SU), 232.090 us, 11911072 bytes | reduce: 1136 GB/s, 7.260 us

   @ EP:   2/32 | combine: 29 GB/s (SO), 49 GB/s (SU), 232.066 us, 11422560 bytes | reduce: 1129 GB/s, 7.520 us
   @ EP:   6/32 | combine: 27 GB/s (SO), 50 GB/s (SU), 233.014 us, 11551872 bytes | reduce: 1137 GB/s, 7.151 us
USDT:2026-08-25 05:28:56 438:438 SyncActivityProfilerHandler.cpp:52] profiler_startUSDT:2026-08-25 05:28:56 432:432 SyncActivityProfilerHandler.cpp:52] profiler_startUSDT:2026-08-25 05:28:56 433:433 SyncActivityProfilerHandler.cpp:52] profiler_startUSDT:2026-08-25 05:28:56 434:434 SyncActivityProfilerHandler.cpp:52] profiler_startUSDT:2026-08-25 05:28:56 437:437 SyncActivityProfilerHandler.cpp:52] profiler_start
USDT:2026-08-25 05:28:56 435:435 SyncActivityProfilerHandler.cpp:52] profiler_start




USDT:2026-08-25 05:28:56 431:431 SyncActivityProfilerHandler.cpp:52] profiler_start
USDT:2026-08-25 05:28:56 436:436 SyncActivityProfilerHandler.cpp:52] profiler_start
USDT:2026-08-25 05:28:56 438:438 SyncActivityProfilerHandler.cpp:59] profiler_stopUSDT:2026-08-25 05:28:56 434:434 SyncActivityProfilerHandler.cpp:59] profiler_stop

USDT:2026-08-25 05:28:56 432:432 SyncActivityProfilerHandler.cpp:59] profiler_stop
USDT:2026-08-25 05:28:56 435:435 SyncActivityProfilerHandler.cpp:59] profiler_stopUSDT:2026-08-25 05:28:56 433:433 SyncActivityProfilerHandler.cpp:59] profiler_stop
USDT:2026-08-25 05:28:56 437:437 SyncActivityProfilerHandler.cpp:59] profiler_stop
USDT:2026-08-25 05:28:56 431:431 SyncActivityProfilerHandler.cpp:59] profiler_stop

USDT:2026-08-25 05:28:56 436:436 SyncActivityProfilerHandler.cpp:59] profiler_stop
   + EP:   1/32 | reduced combine: 27 GB/s (SO), 47 GB/s (SU), 244.435 us, 11594976 bytes | reduce: 1151 GB/s, 7.316 us
   + EP:   3/32 | reduced combine: 27 GB/s (SO), 50 GB/s (SU), 239.909 us, 11911072 bytes | reduce: 1104 GB/s, 7.473 us   + EP:   7/32 | reduced combine: 26 GB/s (SO), 46 GB/s (SU), 240.571 us, 11135200 bytes | reduce: 1086 GB/s, 7.451 us

   + EP:   2/32 | reduced combine: 27 GB/s (SO), 47 GB/s (SU), 245.505 us, 11422560 bytes | reduce: 1116 GB/s, 7.610 us   + EP:   5/32 | reduced combine: 27 GB/s (SO), 49 GB/s (SU), 241.777 us, 11896704 bytes | reduce: 1076 GB/s, 7.596 us

   + EP:   4/32 | reduced combine: 27 GB/s (SO), 49 GB/s (SU), 242.992 us, 11997280 bytes | reduce: 1121 GB/s, 7.397 us
   + EP:   6/32 | reduced combine: 26 GB/s (SO), 48 GB/s (SU), 242.902 us, 11551872 bytes | reduce: 1118 GB/s, 7.277 us
   + EP:   0/32 | reduced combine: 27 GB/s (SO), 46 GB/s (SU), 246.269 us, 11250144 bytes | reduce: 1091 GB/s, 7.861 us


