=== EP_NIC_NAME=rdmap110s0 (auto, 200 Gb/s) ===
+ docker run --rm --gpus all --privileged --network=host --ipc=host --ulimit memlock=-1 --ulimit stack=67108864 --device=/dev/infiniband --device=/dev/gdrdrv -v /sys/class/infiniband:/sys/class/infiniband:ro -e MASTER_ADDR=172.31.20.74 -e MASTER_PORT=29735 -e WORLD_SIZE=2 -e RANK=0 -e NCCL_DEBUG=WARN -e EP_NIC_NAME=rdmap110s0 -e PYTHONUNBUFFERED=1 -e PYTHONFAULTHANDLER=1 deepep-v2-efa-official:pr1pr2-b097b03 bash -lc 'timeout -s ABRT --kill-after=60 1500     python3 -u /opt/DeepEP/tests/elastic/test_ep.py     --num-processes=8 --num-tokens=128     --hidden=7168 --num-topk=8 --num-experts=256     --num-sms=12 --allow-hybrid-mode=1     --prefer-overlap-with-compute=0 --test-first-only      '

==========
== CUDA ==
==========

CUDA Version 13.0.2

Container image Copyright (c) 2016-2023, NVIDIA CORPORATION & AFFILIATES. All rights reserved.

This container image and its contents are governed by the NVIDIA Deep Learning Container License.
By pulling and using the container, you accept the terms and conditions of this license:
https://developer.nvidia.com/ngc/nvidia-deep-learning-container-license

A copy of this license is made available in this container at /NGC-DL-CONTAINER-LICENSE for your convenience.

NCCL version 2.31.2+cuda13.3
DeepEP hybrid kernel selection: unordered
DeepEP hybrid kernel selection: unordered
DeepEP hybrid kernel selection: unordered
DeepEP hybrid kernel selection: unordered
DeepEP hybrid kernel selection: unordered
DeepEP hybrid kernel selection: unordered
DeepEP hybrid kernel selection: unordered
DeepEP hybrid kernel selection: unordered
DeepEP hybrid kernel selection: unordered
DeepEP hybrid kernel selection: unordered
DeepEP hybrid kernel selection: unordered
DeepEP hybrid kernel selection: unordered
DeepEP hybrid kernel selection: unordered
DeepEP hybrid kernel selection: unordered
DeepEP hybrid kernel selection: unordered
DeepEP hybrid kernel selection: unordered
Config:
 > Ranks: 2 x 8
 > Experts: 8/256
 > Tokens: 128 (max: 128), hidden: 7168
 > #SM: 12, #QPs: 11/11

Running all test cases:
 > Testing with do_handle_copy=1, expert_alignment=128, use_fp8_dispatch=1, num_bias=0, with_previous_event=0, async_with_compute_stream=0, allocate_on_comm_stream=0 ...
USDT:2026-08-25 04:51:19 433:433 SyncActivityProfilerHandler.cpp:52] profiler_start
USDT:2026-08-25 04:51:19 436:436 SyncActivityProfilerHandler.cpp:52] profiler_startUSDT:2026-08-25 04:51:19 439:439 SyncActivityProfilerHandler.cpp:52] profiler_startUSDT:2026-08-25 04:51:19 434:434 SyncActivityProfilerHandler.cpp:52] profiler_startUSDT:2026-08-25 04:51:19 437:437 SyncActivityProfilerHandler.cpp:52] profiler_start


USDT:2026-08-25 04:51:19 432:432 SyncActivityProfilerHandler.cpp:52] profiler_start

USDT:2026-08-25 04:51:19 435:435 SyncActivityProfilerHandler.cpp:52] profiler_start
USDT:2026-08-25 04:51:19 438:438 SyncActivityProfilerHandler.cpp:52] profiler_start
USDT:2026-08-25 04:51:19 433:433 SyncActivityProfilerHandler.cpp:59] profiler_stop
USDT:2026-08-25 04:51:19 439:439 SyncActivityProfilerHandler.cpp:59] profiler_stopUSDT:2026-08-25 04:51:19 435:435 SyncActivityProfilerHandler.cpp:59] profiler_stopUSDT:2026-08-25 04:51:19 432:432 SyncActivityProfilerHandler.cpp:59] profiler_stopUSDT:2026-08-25 04:51:19 437:437 SyncActivityProfilerHandler.cpp:59] profiler_stopUSDT:2026-08-25 04:51:19 436:436 SyncActivityProfilerHandler.cpp:59] profiler_stop

USDT:2026-08-25 04:51:19 438:438 SyncActivityProfilerHandler.cpp:59] profiler_stop


USDT:2026-08-25 04:51:19 434:434 SyncActivityProfilerHandler.cpp:59] profiler_stop

   * EP:   1/16 | dispatch: 8 GB/s (SO), 23 GB/s (SU), 248.653 us, 5720832 bytes | copy: 196 GB/s, 58.229 us
   * EP:   4/16 | dispatch: 7 GB/s (SO), 23 GB/s (SU), 248.370 us, 5623488 bytes | copy: 668 GB/s, 16.826 us
   * EP:   2/16 | dispatch: 8 GB/s (SO), 24 GB/s (SU), 248.498 us, 5840640 bytes | copy: 200 GB/s, 58.545 us
   * EP:   5/16 | dispatch: 7 GB/s (SO), 23 GB/s (SU), 248.083 us, 5705856 bytes | copy: 1858 GB/s, 6.141 us
   * EP:   6/16 | dispatch: 7 GB/s (SO), 24 GB/s (SU), 248.344 us, 5937984 bytes | copy: 616 GB/s, 19.274 us
   * EP:   7/16 | dispatch: 7 GB/s (SO), 24 GB/s (SU), 248.564 us, 5937984 bytes | copy: 206 GB/s, 57.759 us
   * EP:   3/16 | dispatch: 8 GB/s (SO), 24 GB/s (SU), 248.626 us, 5855616 bytes | copy: 208 GB/s, 56.285 us
   * EP:   0/16 | dispatch: 8 GB/s (SO), 23 GB/s (SU), 248.455 us, 5750784 bytes | copy: 201 GB/s, 57.309 us
USDT:2026-08-25 04:51:20 433:433 SyncActivityProfilerHandler.cpp:52] profiler_startUSDT:2026-08-25 04:51:20 437:437 SyncActivityProfilerHandler.cpp:52] profiler_startUSDT:2026-08-25 04:51:20 434:434 SyncActivityProfilerHandler.cpp:52] profiler_startUSDT:2026-08-25 04:51:20 435:435 SyncActivityProfilerHandler.cpp:52] profiler_start
USDT:2026-08-25 04:51:20 438:438 SyncActivityProfilerHandler.cpp:52] profiler_startUSDT:2026-08-25 04:51:20 439:439 SyncActivityProfilerHandler.cpp:52] profiler_startUSDT:2026-08-25 04:51:20 436:436 SyncActivityProfilerHandler.cpp:52] profiler_start





USDT:2026-08-25 04:51:20 432:432 SyncActivityProfilerHandler.cpp:52] profiler_start
USDT:2026-08-25 04:51:20 436:436 SyncActivityProfilerHandler.cpp:59] profiler_stopUSDT:2026-08-25 04:51:20 434:434 SyncActivityProfilerHandler.cpp:59] profiler_stopUSDT:2026-08-25 04:51:20 433:433 SyncActivityProfilerHandler.cpp:59] profiler_stopUSDT:2026-08-25 04:51:20 435:435 SyncActivityProfilerHandler.cpp:59] profiler_stop
USDT:2026-08-25 04:51:20 432:432 SyncActivityProfilerHandler.cpp:59] profiler_stop

USDT:2026-08-25 04:51:20 438:438 SyncActivityProfilerHandler.cpp:59] profiler_stop
USDT:2026-08-25 04:51:20 437:437 SyncActivityProfilerHandler.cpp:59] profiler_stop

USDT:2026-08-25 04:51:20 439:439 SyncActivityProfilerHandler.cpp:59] profiler_stop

   - EP:   1/16 | expanded dispatch: 8 GB/s (SO), 23 GB/s (SU), 247.311 us, 5720832 bytes | copy: 294 GB/s, 69.748 us
   - EP:   4/16 | expanded dispatch: 7 GB/s (SO), 23 GB/s (SU), 246.950 us, 5623488 bytes | copy: 1373 GB/s, 14.895 us
   - EP:   5/16 | expanded dispatch: 7 GB/s (SO), 23 GB/s (SU), 246.791 us, 5705856 bytes | copy: 2003 GB/s, 10.253 us
   - EP:   2/16 | expanded dispatch: 8 GB/s (SO), 24 GB/s (SU), 247.168 us, 5840640 bytes | copy: 288 GB/s, 71.923 us
   - EP:   6/16 | expanded dispatch: 7 GB/s (SO), 24 GB/s (SU), 247.098 us, 5937984 bytes | copy: 935 GB/s, 22.283 us
   - EP:   7/16 | expanded dispatch: 7 GB/s (SO), 24 GB/s (SU), 247.238 us, 5937984 bytes | copy: 297 GB/s, 69.756 us
   - EP:   0/16 | expanded dispatch: 8 GB/s (SO), 23 GB/s (SU), 247.188 us, 5750784 bytes | copy: 314 GB/s, 65.546 us
   - EP:   3/16 | expanded dispatch: 8 GB/s (SO), 24 GB/s (SU), 247.179 us, 5855616 bytes | copy: 299 GB/s, 69.024 us
USDT:2026-08-25 04:51:21 434:434 SyncActivityProfilerHandler.cpp:52] profiler_startUSDT:2026-08-25 04:51:21 436:436 SyncActivityProfilerHandler.cpp:52] profiler_startUSDT:2026-08-25 04:51:21 433:433 SyncActivityProfilerHandler.cpp:52] profiler_startUSDT:2026-08-25 04:51:21 432:432 SyncActivityProfilerHandler.cpp:52] profiler_startUSDT:2026-08-25 04:51:21 435:435 SyncActivityProfilerHandler.cpp:52] profiler_start
USDT:2026-08-25 04:51:21 437:437 SyncActivityProfilerHandler.cpp:52] profiler_startUSDT:2026-08-25 04:51:21 439:439 SyncActivityProfilerHandler.cpp:52] profiler_startUSDT:2026-08-25 04:51:21 438:438 SyncActivityProfilerHandler.cpp:52] profiler_start






USDT:2026-08-25 04:51:21 435:435 SyncActivityProfilerHandler.cpp:59] profiler_stopUSDT:2026-08-25 04:51:21 438:438 SyncActivityProfilerHandler.cpp:59] profiler_stopUSDT:2026-08-25 04:51:21 434:434 SyncActivityProfilerHandler.cpp:59] profiler_stopUSDT:2026-08-25 04:51:21 432:432 SyncActivityProfilerHandler.cpp:59] profiler_stop



USDT:2026-08-25 04:51:21 436:436 SyncActivityProfilerHandler.cpp:59] profiler_stopUSDT:2026-08-25 04:51:21 439:439 SyncActivityProfilerHandler.cpp:59] profiler_stopUSDT:2026-08-25 04:51:21 433:433 SyncActivityProfilerHandler.cpp:59] profiler_stop
USDT:2026-08-25 04:51:21 437:437 SyncActivityProfilerHandler.cpp:59] profiler_stop


   # EP:   6/16 | cached dispatch: 7 GB/s (SO), 23 GB/s (SU), 253.334 us, 5937984 bytes | copy: 469 GB/s, 25.303 us
   # EP:   3/16 | cached dispatch: 7 GB/s (SO), 23 GB/s (SU), 253.573 us, 5855616 bytes | copy: 143 GB/s, 81.758 us
   # EP:   0/16 | cached dispatch: 8 GB/s (SO), 23 GB/s (SU), 253.284 us, 5750784 bytes | copy: 401 GB/s, 28.672 us
   # EP:   2/16 | cached dispatch: 7 GB/s (SO), 23 GB/s (SU), 253.440 us, 5840640 bytes | copy: 147 GB/s, 79.382 us
   # EP:   5/16 | cached dispatch: 7 GB/s (SO), 23 GB/s (SU), 253.174 us, 5705856 bytes | copy: 991 GB/s, 11.515 us
   # EP:   4/16 | cached dispatch: 7 GB/s (SO), 22 GB/s (SU), 253.354 us, 5623488 bytes | copy: 542 GB/s, 20.769 us
   # EP:   1/16 | cached dispatch: 8 GB/s (SO), 23 GB/s (SU), 253.521 us, 5720832 bytes | copy: 147 GB/s, 77.598 us
   # EP:   7/16 | cached dispatch: 7 GB/s (SO), 23 GB/s (SU), 253.232 us, 5937984 bytes | copy: 151 GB/s, 78.750 us
USDT:2026-08-25 04:51:21 439:439 SyncActivityProfilerHandler.cpp:52] profiler_start
USDT:2026-08-25 04:51:21 435:435 SyncActivityProfilerHandler.cpp:52] profiler_start
USDT:2026-08-25 04:51:21 433:433 SyncActivityProfilerHandler.cpp:52] profiler_startUSDT:2026-08-25 04:51:21 438:438 SyncActivityProfilerHandler.cpp:52] profiler_startUSDT:2026-08-25 04:51:21 436:436 SyncActivityProfilerHandler.cpp:52] profiler_start
USDT:2026-08-25 04:51:21 432:432 SyncActivityProfilerHandler.cpp:52] profiler_start


USDT:2026-08-25 04:51:21 437:437 SyncActivityProfilerHandler.cpp:52] profiler_start
USDT:2026-08-25 04:51:21 434:434 SyncActivityProfilerHandler.cpp:52] profiler_start
USDT:2026-08-25 04:51:22 433:433 SyncActivityProfilerHandler.cpp:59] profiler_stopUSDT:2026-08-25 04:51:22 434:434 SyncActivityProfilerHandler.cpp:59] profiler_stopUSDT:2026-08-25 04:51:22 439:439 SyncActivityProfilerHandler.cpp:59] profiler_stop


USDT:2026-08-25 04:51:22 432:432 SyncActivityProfilerHandler.cpp:59] profiler_stopUSDT:2026-08-25 04:51:22 435:435 SyncActivityProfilerHandler.cpp:59] profiler_stopUSDT:2026-08-25 04:51:22 436:436 SyncActivityProfilerHandler.cpp:59] profiler_stop


USDT:2026-08-25 04:51:22 437:437 SyncActivityProfilerHandler.cpp:59] profiler_stop
USDT:2026-08-25 04:51:22 438:438 SyncActivityProfilerHandler.cpp:59] profiler_stop
   @ EP:   7/16 | combine: 20 GB/s (SO), 67 GB/s (SU), 170.756 us, 11393824 bytes | reduce: 1037 GB/s, 5.030 us
   @ EP:   3/16 | combine: 21 GB/s (SO), 65 GB/s (SU), 173.551 us, 11235776 bytes | reduce: 1065 GB/s, 5.057 us
   @ EP:   1/16 | combine: 21 GB/s (SO), 63 GB/s (SU), 174.594 us, 10977152 bytes | reduce: 1100 GB/s, 4.977 us
   @ EP:   0/16 | combine: 20 GB/s (SO), 59 GB/s (SU), 185.945 us, 11034624 bytes | reduce: 1110 GB/s, 4.956 us
   @ EP:   6/16 | combine: 19 GB/s (SO), 62 GB/s (SU), 182.965 us, 11393824 bytes | reduce: 1059 GB/s, 4.927 us   @ EP:   4/16 | combine: 19 GB/s (SO), 58 GB/s (SU), 185.022 us, 10790368 bytes | reduce: 986 GB/s, 5.393 us

   @ EP:   5/16 | combine: 19 GB/s (SO), 58 GB/s (SU), 187.655 us, 10948416 bytes | reduce: 1063 GB/s, 4.976 us
   @ EP:   2/16 | combine: 20 GB/s (SO), 63 GB/s (SU), 176.721 us, 11207040 bytes | reduce: 1149 GB/s, 4.728 us
USDT:2026-08-25 04:51:22 439:439 SyncActivityProfilerHandler.cpp:52] profiler_startUSDT:2026-08-25 04:51:22 435:435 SyncActivityProfilerHandler.cpp:52] profiler_startUSDT:2026-08-25 04:51:22 438:438 SyncActivityProfilerHandler.cpp:52] profiler_start


USDT:2026-08-25 04:51:22 432:432 SyncActivityProfilerHandler.cpp:52] profiler_startUSDT:2026-08-25 04:51:22 433:433 SyncActivityProfilerHandler.cpp:52] profiler_start

USDT:2026-08-25 04:51:22 437:437 SyncActivityProfilerHandler.cpp:52] profiler_start
USDT:2026-08-25 04:51:22 436:436 SyncActivityProfilerHandler.cpp:52] profiler_startUSDT:2026-08-25 04:51:22 434:434 SyncActivityProfilerHandler.cpp:52] profiler_start

USDT:2026-08-25 04:51:22 439:439 SyncActivityProfilerHandler.cpp:59] profiler_stopUSDT:2026-08-25 04:51:22 435:435 SyncActivityProfilerHandler.cpp:59] profiler_stop
USDT:2026-08-25 04:51:22 433:433 SyncActivityProfilerHandler.cpp:59] profiler_stop

USDT:2026-08-25 04:51:22 436:436 SyncActivityProfilerHandler.cpp:59] profiler_stopUSDT:2026-08-25 04:51:22 434:434 SyncActivityProfilerHandler.cpp:59] profiler_stop

USDT:2026-08-25 04:51:22 437:437 SyncActivityProfilerHandler.cpp:59] profiler_stop
USDT:2026-08-25 04:51:22 432:432 SyncActivityProfilerHandler.cpp:59] profiler_stopUSDT:2026-08-25 04:51:22 438:438 SyncActivityProfilerHandler.cpp:59] profiler_stop

   + EP:   3/16 | reduced combine: 19 GB/s (SO), 59 GB/s (SU), 189.877 us, 11235776 bytes | reduce: 976 GB/s, 5.519 us
   + EP:   7/16 | reduced combine: 18 GB/s (SO), 60 GB/s (SU), 189.711 us, 11393824 bytes | reduce: 1004 GB/s, 5.194 us
   + EP:   2/16 | reduced combine: 18 GB/s (SO), 56 GB/s (SU), 199.534 us, 11207040 bytes | reduce: 1017 GB/s, 5.340 us
   + EP:   1/16 | reduced combine: 19 GB/s (SO), 57 GB/s (SU), 192.513 us, 10977152 bytes | reduce: 999 GB/s, 5.482 us
   + EP:   6/16 | reduced combine: 17 GB/s (SO), 57 GB/s (SU), 198.757 us, 11393824 bytes | reduce: 1019 GB/s, 5.117 us   + EP:   4/16 | reduced combine: 17 GB/s (SO), 53 GB/s (SU), 202.565 us, 10790368 bytes | reduce: 933 GB/s, 5.698 us

   + EP:   5/16 | reduced combine: 18 GB/s (SO), 55 GB/s (SU), 200.687 us, 10948416 bytes | reduce: 956 GB/s, 5.531 us
   + EP:   0/16 | reduced combine: 18 GB/s (SO), 55 GB/s (SU), 200.982 us, 11034624 bytes | reduce: 1085 GB/s, 5.071 us


