=== EP_NIC_NAME=rdmap110s0 (auto, 200 Gb/s) ===
+ docker run --rm --gpus all --privileged --network=host --ipc=host --ulimit memlock=-1 --ulimit stack=67108864 --device=/dev/infiniband --device=/dev/gdrdrv -v /sys/class/infiniband:/sys/class/infiniband:ro -e MASTER_ADDR=172.31.20.74 -e MASTER_PORT=29733 -e WORLD_SIZE=2 -e RANK=1 -e NCCL_DEBUG=WARN -e EP_NIC_NAME=rdmap110s0 -e NCCL_GIN_TYPE=5 -e NCCL_SYM_GIN_KERNELS_ENABLE=0 -e EP_MIN_TOKENS_PER_PART=1 -e PYTHONUNBUFFERED=1 -e PYTHONFAULTHANDLER=1 deepep-v2-efa-official:pr1pr2-b097b03 bash -lc 'timeout -s ABRT --kill-after=60 1500     python3 -u /opt/DeepEP/tests/elastic/test_ep.py     --num-processes=8 --num-tokens=128     --hidden=7168 --num-topk=8 --num-experts=256     --num-sms=12 --allow-hybrid-mode=1     --prefer-overlap-with-compute=0 --test-first-only      '

==========
== CUDA ==
==========

CUDA Version 13.0.2

Container image Copyright (c) 2016-2023, NVIDIA CORPORATION & AFFILIATES. All rights reserved.

This container image and its contents are governed by the NVIDIA Deep Learning Container License.
By pulling and using the container, you accept the terms and conditions of this license:
https://developer.nvidia.com/ngc/nvidia-deep-learning-container-license

A copy of this license is made available in this container at /NGC-DL-CONTAINER-LICENSE for your convenience.

DeepEP hybrid kernel selection: unordered
DeepEP hybrid kernel selection: unordered
DeepEP hybrid kernel selection: unordered
DeepEP hybrid kernel selection: unordered
DeepEP hybrid kernel selection: unordered
DeepEP hybrid kernel selection: unordered
DeepEP hybrid kernel selection: unordered
DeepEP hybrid kernel selection: unordered
DeepEP hybrid kernel selection: unordered
DeepEP hybrid kernel selection: unordered
DeepEP hybrid kernel selection: unordered
DeepEP hybrid kernel selection: unordered
DeepEP hybrid kernel selection: unordered
DeepEP hybrid kernel selection: unordered
DeepEP hybrid kernel selection: unordered
DeepEP hybrid kernel selection: unordered
Config:
 > Ranks: 2 x 8
 > Experts: 8/256
 > Tokens: 120 (max: 128), hidden: 7168
 > #SM: 12, #QPs: 11/11

Running all test cases:
 > Testing with do_handle_copy=1, expert_alignment=128, use_fp8_dispatch=1, num_bias=0, with_previous_event=0, async_with_compute_stream=0, allocate_on_comm_stream=0 ...
USDT:2026-08-25 04:48:04 432:432 SyncActivityProfilerHandler.cpp:52] profiler_startUSDT:2026-08-25 04:48:04 430:430 SyncActivityProfilerHandler.cpp:52] profiler_start

USDT:2026-08-25 04:48:04 434:434 SyncActivityProfilerHandler.cpp:52] profiler_startUSDT:2026-08-25 04:48:04 436:436 SyncActivityProfilerHandler.cpp:52] profiler_startUSDT:2026-08-25 04:48:04 431:431 SyncActivityProfilerHandler.cpp:52] profiler_start


USDT:2026-08-25 04:48:04 433:433 SyncActivityProfilerHandler.cpp:52] profiler_start
USDT:2026-08-25 04:48:04 435:435 SyncActivityProfilerHandler.cpp:52] profiler_start
USDT:2026-08-25 04:48:04 429:429 SyncActivityProfilerHandler.cpp:52] profiler_start
USDT:2026-08-25 04:48:05 430:430 SyncActivityProfilerHandler.cpp:59] profiler_stop
USDT:2026-08-25 04:48:05 433:433 SyncActivityProfilerHandler.cpp:59] profiler_stopUSDT:2026-08-25 04:48:05 431:431 SyncActivityProfilerHandler.cpp:59] profiler_stopUSDT:2026-08-25 04:48:05 434:434 SyncActivityProfilerHandler.cpp:59] profiler_stopUSDT:2026-08-25 04:48:05 429:429 SyncActivityProfilerHandler.cpp:59] profiler_stop


USDT:2026-08-25 04:48:05 436:436 SyncActivityProfilerHandler.cpp:59] profiler_stop

USDT:2026-08-25 04:48:05 432:432 SyncActivityProfilerHandler.cpp:59] profiler_stop
USDT:2026-08-25 04:48:05 435:435 SyncActivityProfilerHandler.cpp:59] profiler_stop
   * EP:   9/16 | dispatch: 10 GB/s (SO), 34 GB/s (SU), 169.879 us, 5773248 bytes | copy: 1244 GB/s, 9.279 us
   * EP:  13/16 | dispatch: 10 GB/s (SO), 34 GB/s (SU), 169.980 us, 5728320 bytes | copy: 702 GB/s, 16.326 us
   * EP:  11/16 | dispatch: 10 GB/s (SO), 34 GB/s (SU), 169.815 us, 5698368 bytes | copy: 1195 GB/s, 9.540 us
   * EP:  14/16 | dispatch: 10 GB/s (SO), 36 GB/s (SU), 169.828 us, 6162624 bytes | copy: 1108 GB/s, 11.125 us
   * EP:  10/16 | dispatch: 10 GB/s (SO), 37 GB/s (SU), 169.667 us, 6312384 bytes | copy: 1434 GB/s, 8.805 us
   * EP:   8/16 | dispatch: 11 GB/s (SO), 34 GB/s (SU), 169.716 us, 5833152 bytes | copy: 1402 GB/s, 8.320 us
   * EP:  12/16 | dispatch: 10 GB/s (SO), 36 GB/s (SU), 169.839 us, 6117696 bytes | copy: 762 GB/s, 16.053 us
   * EP:  15/16 | dispatch: 10 GB/s (SO), 35 GB/s (SU), 169.801 us, 6005376 bytes | copy: 1228 GB/s, 9.778 us
USDT:2026-08-25 04:48:05 433:433 SyncActivityProfilerHandler.cpp:52] profiler_startUSDT:2026-08-25 04:48:05 430:430 SyncActivityProfilerHandler.cpp:52] profiler_startUSDT:2026-08-25 04:48:05 431:431 SyncActivityProfilerHandler.cpp:52] profiler_startUSDT:2026-08-25 04:48:05 429:429 SyncActivityProfilerHandler.cpp:52] profiler_startUSDT:2026-08-25 04:48:05 436:436 SyncActivityProfilerHandler.cpp:52] profiler_start
USDT:2026-08-25 04:48:05 432:432 SyncActivityProfilerHandler.cpp:52] profiler_startUSDT:2026-08-25 04:48:05 434:434 SyncActivityProfilerHandler.cpp:52] profiler_start



USDT:2026-08-25 04:48:05 435:435 SyncActivityProfilerHandler.cpp:52] profiler_start


USDT:2026-08-25 04:48:05 429:429 SyncActivityProfilerHandler.cpp:59] profiler_stopUSDT:2026-08-25 04:48:05 433:433 SyncActivityProfilerHandler.cpp:59] profiler_stopUSDT:2026-08-25 04:48:05 431:431 SyncActivityProfilerHandler.cpp:59] profiler_stop
USDT:2026-08-25 04:48:05 430:430 SyncActivityProfilerHandler.cpp:59] profiler_stop
USDT:2026-08-25 04:48:05 432:432 SyncActivityProfilerHandler.cpp:59] profiler_stop
USDT:2026-08-25 04:48:05 436:436 SyncActivityProfilerHandler.cpp:59] profiler_stopUSDT:2026-08-25 04:48:05 434:434 SyncActivityProfilerHandler.cpp:59] profiler_stop



USDT:2026-08-25 04:48:05 435:435 SyncActivityProfilerHandler.cpp:59] profiler_stop
   - EP:   9/16 | expanded dispatch: 11 GB/s (SO), 34 GB/s (SU), 168.340 us, 5773248 bytes | copy: 2466 GB/s, 8.380 us   - EP:  11/16 | expanded dispatch: 10 GB/s (SO), 34 GB/s (SU), 168.414 us, 5698368 bytes | copy: 1988 GB/s, 10.330 us

   - EP:  13/16 | expanded dispatch: 10 GB/s (SO), 34 GB/s (SU), 168.536 us, 5728320 bytes | copy: 1277 GB/s, 16.199 us
   - EP:  10/16 | expanded dispatch: 10 GB/s (SO), 38 GB/s (SU), 168.320 us, 6312384 bytes | copy: 2425 GB/s, 8.740 us
   - EP:   8/16 | expanded dispatch: 11 GB/s (SO), 35 GB/s (SU), 168.234 us, 5833152 bytes | copy: 2590 GB/s, 8.004 us
   - EP:  14/16 | expanded dispatch: 10 GB/s (SO), 37 GB/s (SU), 168.400 us, 6162624 bytes | copy: 1910 GB/s, 11.001 us
   - EP:  12/16 | expanded dispatch: 10 GB/s (SO), 36 GB/s (SU), 168.326 us, 6117696 bytes | copy: 1326 GB/s, 15.793 us
   - EP:  15/16 | expanded dispatch: 10 GB/s (SO), 36 GB/s (SU), 168.364 us, 6005376 bytes | copy: 2207 GB/s, 9.490 us
USDT:2026-08-25 04:48:06 433:433 SyncActivityProfilerHandler.cpp:52] profiler_startUSDT:2026-08-25 04:48:06 429:429 SyncActivityProfilerHandler.cpp:52] profiler_startUSDT:2026-08-25 04:48:06 431:431 SyncActivityProfilerHandler.cpp:52] profiler_startUSDT:2026-08-25 04:48:06 436:436 SyncActivityProfilerHandler.cpp:52] profiler_startUSDT:2026-08-25 04:48:06 434:434 SyncActivityProfilerHandler.cpp:52] profiler_startUSDT:2026-08-25 04:48:06 432:432 SyncActivityProfilerHandler.cpp:52] profiler_start





USDT:2026-08-25 04:48:06 430:430 SyncActivityProfilerHandler.cpp:52] profiler_start
USDT:2026-08-25 04:48:06 435:435 SyncActivityProfilerHandler.cpp:52] profiler_start
USDT:2026-08-25 04:48:06 431:431 SyncActivityProfilerHandler.cpp:59] profiler_stopUSDT:2026-08-25 04:48:06 433:433 SyncActivityProfilerHandler.cpp:59] profiler_stopUSDT:2026-08-25 04:48:06 429:429 SyncActivityProfilerHandler.cpp:59] profiler_stop


USDT:2026-08-25 04:48:06 432:432 SyncActivityProfilerHandler.cpp:59] profiler_stopUSDT:2026-08-25 04:48:06 436:436 SyncActivityProfilerHandler.cpp:59] profiler_stop
USDT:2026-08-25 04:48:06 430:430 SyncActivityProfilerHandler.cpp:59] profiler_stop

USDT:2026-08-25 04:48:06 435:435 SyncActivityProfilerHandler.cpp:59] profiler_stop
USDT:2026-08-25 04:48:06 434:434 SyncActivityProfilerHandler.cpp:59] profiler_stop
   # EP:  12/16 | cached dispatch: 10 GB/s (SO), 37 GB/s (SU), 165.769 us, 6117696 bytes | copy: 862 GB/s, 14.196 us
   # EP:   8/16 | cached dispatch: 11 GB/s (SO), 35 GB/s (SU), 165.567 us, 5833152 bytes | copy: 1594 GB/s, 7.318 us
   # EP:  10/16 | cached dispatch: 11 GB/s (SO), 38 GB/s (SU), 165.625 us, 6312384 bytes | copy: 1708 GB/s, 7.391 us
   # EP:  11/16 | cached dispatch: 11 GB/s (SO), 34 GB/s (SU), 165.715 us, 5698368 bytes | copy: 1251 GB/s, 9.109 us
   # EP:   9/16 | cached dispatch: 11 GB/s (SO), 35 GB/s (SU), 165.809 us, 5773248 bytes | copy: 1290 GB/s, 8.953 us
   # EP:  13/16 | cached dispatch: 10 GB/s (SO), 35 GB/s (SU), 165.829 us, 5728320 bytes | copy: 788 GB/s, 14.540 us
   # EP:  15/16 | cached dispatch: 10 GB/s (SO), 36 GB/s (SU), 165.675 us, 6005376 bytes | copy: 1434 GB/s, 8.376 us
   # EP:  14/16 | cached dispatch: 10 GB/s (SO), 37 GB/s (SU), 165.746 us, 6162624 bytes | copy: 1126 GB/s, 10.947 us
USDT:2026-08-25 04:48:07 431:431 SyncActivityProfilerHandler.cpp:52] profiler_startUSDT:2026-08-25 04:48:07 433:433 SyncActivityProfilerHandler.cpp:52] profiler_start

USDT:2026-08-25 04:48:07 434:434 SyncActivityProfilerHandler.cpp:52] profiler_startUSDT:2026-08-25 04:48:07 429:429 SyncActivityProfilerHandler.cpp:52] profiler_start
USDT:2026-08-25 04:48:07 432:432 SyncActivityProfilerHandler.cpp:52] profiler_start
USDT:2026-08-25 04:48:07 436:436 SyncActivityProfilerHandler.cpp:52] profiler_startUSDT:2026-08-25 04:48:07 430:430 SyncActivityProfilerHandler.cpp:52] profiler_start
USDT:2026-08-25 04:48:07 435:435 SyncActivityProfilerHandler.cpp:52] profiler_start


USDT:2026-08-25 04:48:07 431:431 SyncActivityProfilerHandler.cpp:59] profiler_stopUSDT:2026-08-25 04:48:07 432:432 SyncActivityProfilerHandler.cpp:59] profiler_stop
USDT:2026-08-25 04:48:07 433:433 SyncActivityProfilerHandler.cpp:59] profiler_stop
USDT:2026-08-25 04:48:07 430:430 SyncActivityProfilerHandler.cpp:59] profiler_stop

USDT:2026-08-25 04:48:07 429:429 SyncActivityProfilerHandler.cpp:59] profiler_stopUSDT:2026-08-25 04:48:07 434:434 SyncActivityProfilerHandler.cpp:59] profiler_stop

USDT:2026-08-25 04:48:07 436:436 SyncActivityProfilerHandler.cpp:59] profiler_stop
USDT:2026-08-25 04:48:07 435:435 SyncActivityProfilerHandler.cpp:59] profiler_stop
   @ EP:  12/16 | combine: 21 GB/s (SO), 73 GB/s (SU), 160.861 us, 11738656 bytes | reduce: 1053 GB/s, 4.733 us
   @ EP:  11/16 | combine: 21 GB/s (SO), 68 GB/s (SU), 159.656 us, 10934048 bytes | reduce: 1055 GB/s, 4.767 us
   @ EP:   8/16 | combine: 21 GB/s (SO), 69 GB/s (SU), 162.688 us, 11192672 bytes | reduce: 1105 GB/s, 4.669 us
   @ EP:   9/16 | combine: 21 GB/s (SO), 69 GB/s (SU), 160.533 us, 11077728 bytes | reduce: 1092 GB/s, 4.684 us
   @ EP:  13/16 | combine: 21 GB/s (SO), 69 GB/s (SU), 159.773 us, 10991520 bytes | reduce: 1024 GB/s, 4.840 us
   @ EP:  10/16 | combine: 21 GB/s (SO), 75 GB/s (SU), 160.753 us, 12112224 bytes | reduce: 1111 GB/s, 4.564 us
   @ EP:  15/16 | combine: 20 GB/s (SO), 72 GB/s (SU), 160.733 us, 11523136 bytes | reduce: 1018 GB/s, 4.772 us
   @ EP:  14/16 | combine: 21 GB/s (SO), 74 GB/s (SU), 159.288 us, 11824864 bytes | reduce: 1092 GB/s, 4.498 us
USDT:2026-08-25 04:48:07 433:433 SyncActivityProfilerHandler.cpp:52] profiler_startUSDT:2026-08-25 04:48:07 431:431 SyncActivityProfilerHandler.cpp:52] profiler_startUSDT:2026-08-25 04:48:07 434:434 SyncActivityProfilerHandler.cpp:52] profiler_startUSDT:2026-08-25 04:48:07 429:429 SyncActivityProfilerHandler.cpp:52] profiler_startUSDT:2026-08-25 04:48:07 432:432 SyncActivityProfilerHandler.cpp:52] profiler_startUSDT:2026-08-25 04:48:07 436:436 SyncActivityProfilerHandler.cpp:52] profiler_startUSDT:2026-08-25 04:48:07 430:430 SyncActivityProfilerHandler.cpp:52] profiler_start






USDT:2026-08-25 04:48:07 435:435 SyncActivityProfilerHandler.cpp:52] profiler_start
USDT:2026-08-25 04:48:08 429:429 SyncActivityProfilerHandler.cpp:59] profiler_stopUSDT:2026-08-25 04:48:08 434:434 SyncActivityProfilerHandler.cpp:59] profiler_stopUSDT:2026-08-25 04:48:08 432:432 SyncActivityProfilerHandler.cpp:59] profiler_stop
USDT:2026-08-25 04:48:08 430:430 SyncActivityProfilerHandler.cpp:59] profiler_stop


USDT:2026-08-25 04:48:08 435:435 SyncActivityProfilerHandler.cpp:59] profiler_stopUSDT:2026-08-25 04:48:08 436:436 SyncActivityProfilerHandler.cpp:59] profiler_stop
USDT:2026-08-25 04:48:08 433:433 SyncActivityProfilerHandler.cpp:59] profiler_stop

USDT:2026-08-25 04:48:08 431:431 SyncActivityProfilerHandler.cpp:59] profiler_stop
   + EP:  12/16 | reduced combine: 19 GB/s (SO), 66 GB/s (SU), 177.143 us, 11738656 bytes | reduce: 1031 GB/s, 4.834 us
   + EP:  13/16 | reduced combine: 19 GB/s (SO), 62 GB/s (SU), 177.392 us, 10991520 bytes | reduce: 1019 GB/s, 4.866 us
   + EP:  11/16 | reduced combine: 19 GB/s (SO), 61 GB/s (SU), 178.705 us, 10934048 bytes | reduce: 1107 GB/s, 4.543 us
   + EP:   9/16 | reduced combine: 19 GB/s (SO), 62 GB/s (SU), 177.541 us, 11077728 bytes | reduce: 1088 GB/s, 4.702 us
   + EP:  15/16 | reduced combine: 18 GB/s (SO), 66 GB/s (SU), 175.849 us, 11523136 bytes | reduce: 1009 GB/s, 4.814 us
   + EP:   8/16 | reduced combine: 19 GB/s (SO), 63 GB/s (SU), 176.337 us, 11192672 bytes | reduce: 1084 GB/s, 4.759 us
   + EP:  14/16 | reduced combine: 19 GB/s (SO), 68 GB/s (SU), 174.185 us, 11824864 bytes | reduce: 1014 GB/s, 4.845 us   + EP:  10/16 | reduced combine: 19 GB/s (SO), 69 GB/s (SU), 175.814 us, 12112224 bytes | reduce: 1091 GB/s, 4.647 us



