=== EP_NIC_NAME=rdmap110s0 (auto, 200 Gb/s) ===
+ docker run --rm --gpus all --privileged --network=host --ipc=host --ulimit memlock=-1 --ulimit stack=67108864 --device=/dev/infiniband --device=/dev/gdrdrv -v /sys/class/infiniband:/sys/class/infiniband:ro -e MASTER_ADDR=172.31.20.74 -e MASTER_PORT=29747 -e WORLD_SIZE=4 -e RANK=2 -e NCCL_DEBUG=WARN -e EP_NIC_NAME=rdmap110s0 -e NCCL_GIN_TYPE=5 -e NCCL_SYM_GIN_KERNELS_ENABLE=0 -e PYTHONUNBUFFERED=1 -e PYTHONFAULTHANDLER=1 deepep-v2-efa-official:pr1pr2-b097b03 bash -lc 'timeout -s ABRT --kill-after=60 1500     python3 -u /opt/DeepEP/tests/elastic/test_ep.py     --num-processes=8 --num-tokens=8192     --hidden=7168 --num-topk=8 --num-experts=256     --num-sms=12 --allow-hybrid-mode=1     --prefer-overlap-with-compute=0 --test-first-only      '

==========
== CUDA ==
==========

CUDA Version 13.0.2

Container image Copyright (c) 2016-2023, NVIDIA CORPORATION & AFFILIATES. All rights reserved.

This container image and its contents are governed by the NVIDIA Deep Learning Container License.
By pulling and using the container, you accept the terms and conditions of this license:
https://developer.nvidia.com/ngc/nvidia-deep-learning-container-license

A copy of this license is made available in this container at /NGC-DL-CONTAINER-LICENSE for your convenience.

DeepEP hybrid kernel selection: unordered
DeepEP hybrid kernel selection: unordered
DeepEP hybrid kernel selection: unordered
DeepEP hybrid kernel selection: unordered
DeepEP hybrid kernel selection: unordered
DeepEP hybrid kernel selection: unordered
DeepEP hybrid kernel selection: unordered
DeepEP hybrid kernel selection: unordered
DeepEP hybrid kernel selection: unordered
DeepEP hybrid kernel selection: unordered
DeepEP hybrid kernel selection: unordered
DeepEP hybrid kernel selection: unordered
DeepEP hybrid kernel selection: unordered
DeepEP hybrid kernel selection: unordered
DeepEP hybrid kernel selection: unordered
DeepEP hybrid kernel selection: unordered
Config:
 > Ranks: 4 x 8
 > Experts: 8/256
 > Tokens: 8176 (max: 8192), hidden: 7168
 > #SM: 12, #QPs: 11/11

Running all test cases:
 > Testing with do_handle_copy=1, expert_alignment=128, use_fp8_dispatch=1, num_bias=0, with_previous_event=0, async_with_compute_stream=0, allocate_on_comm_stream=0 ...
USDT:2026-08-25 05:35:38 437:437 SyncActivityProfilerHandler.cpp:52] profiler_startUSDT:2026-08-25 05:35:38 435:435 SyncActivityProfilerHandler.cpp:52] profiler_startUSDT:2026-08-25 05:35:38 434:434 SyncActivityProfilerHandler.cpp:52] profiler_start

USDT:2026-08-25 05:35:38 436:436 SyncActivityProfilerHandler.cpp:52] profiler_startUSDT:2026-08-25 05:35:38 432:432 SyncActivityProfilerHandler.cpp:52] profiler_start
USDT:2026-08-25 05:35:38 433:433 SyncActivityProfilerHandler.cpp:52] profiler_startUSDT:2026-08-25 05:35:38 431:431 SyncActivityProfilerHandler.cpp:52] profiler_startUSDT:2026-08-25 05:35:38 438:438 SyncActivityProfilerHandler.cpp:52] profiler_start




USDT:2026-08-25 05:35:39 437:437 SyncActivityProfilerHandler.cpp:59] profiler_stopUSDT:2026-08-25 05:35:39 435:435 SyncActivityProfilerHandler.cpp:59] profiler_stopUSDT:2026-08-25 05:35:39 436:436 SyncActivityProfilerHandler.cpp:59] profiler_stopUSDT:2026-08-25 05:35:39 434:434 SyncActivityProfilerHandler.cpp:59] profiler_stopUSDT:2026-08-25 05:35:39 438:438 SyncActivityProfilerHandler.cpp:59] profiler_stop

USDT:2026-08-25 05:35:39 432:432 SyncActivityProfilerHandler.cpp:59] profiler_stopUSDT:2026-08-25 05:35:39 433:433 SyncActivityProfilerHandler.cpp:59] profiler_stop




USDT:2026-08-25 05:35:39 431:431 SyncActivityProfilerHandler.cpp:59] profiler_stop
   * EP:  20/32 | dispatch: 56 GB/s (SO), 114 GB/s (SU), 3936.000 us, 447497856 bytes | copy: 2739 GB/s, 326.753 us
   * EP:  22/32 | dispatch: 56 GB/s (SO), 113 GB/s (SU), 3936.000 us, 443731392 bytes | copy: 2951 GB/s, 300.682 us
   * EP:  17/32 | dispatch: 56 GB/s (SO), 114 GB/s (SU), 3936.000 us, 447018624 bytes | copy: 2677 GB/s, 333.972 us
   * EP:  21/32 | dispatch: 56 GB/s (SO), 113 GB/s (SU), 3936.000 us, 445970304 bytes | copy: 2837 GB/s, 314.359 us
   * EP:  16/32 | dispatch: 56 GB/s (SO), 113 GB/s (SU), 3936.000 us, 444809664 bytes | copy: 2633 GB/s, 337.852 us
   * EP:  18/32 | dispatch: 56 GB/s (SO), 113 GB/s (SU), 3936.000 us, 444674880 bytes | copy: 2910 GB/s, 305.634 us
   * EP:  23/32 | dispatch: 56 GB/s (SO), 113 GB/s (SU), 3936.000 us, 446719104 bytes | copy: 2684 GB/s, 332.838 us
   * EP:  19/32 | dispatch: 56 GB/s (SO), 113 GB/s (SU), 3936.000 us, 445850496 bytes | copy: 2733 GB/s, 326.271 us
USDT:2026-08-25 05:35:39 435:435 SyncActivityProfilerHandler.cpp:52] profiler_startUSDT:2026-08-25 05:35:39 436:436 SyncActivityProfilerHandler.cpp:52] profiler_startUSDT:2026-08-25 05:35:39 437:437 SyncActivityProfilerHandler.cpp:52] profiler_start
USDT:2026-08-25 05:35:39 434:434 SyncActivityProfilerHandler.cpp:52] profiler_start
USDT:2026-08-25 05:35:39 431:431 SyncActivityProfilerHandler.cpp:52] profiler_start
USDT:2026-08-25 05:35:39 438:438 SyncActivityProfilerHandler.cpp:52] profiler_startUSDT:2026-08-25 05:35:39 433:433 SyncActivityProfilerHandler.cpp:52] profiler_startUSDT:2026-08-25 05:35:39 432:432 SyncActivityProfilerHandler.cpp:52] profiler_start




USDT:2026-08-25 05:35:39 433:433 SyncActivityProfilerHandler.cpp:59] profiler_stopUSDT:2026-08-25 05:35:39 435:435 SyncActivityProfilerHandler.cpp:59] profiler_stopUSDT:2026-08-25 05:35:39 436:436 SyncActivityProfilerHandler.cpp:59] profiler_stop


USDT:2026-08-25 05:35:39 434:434 SyncActivityProfilerHandler.cpp:59] profiler_stop
USDT:2026-08-25 05:35:39 437:437 SyncActivityProfilerHandler.cpp:59] profiler_stopUSDT:2026-08-25 05:35:39 431:431 SyncActivityProfilerHandler.cpp:59] profiler_stop
USDT:2026-08-25 05:35:39 432:432 SyncActivityProfilerHandler.cpp:59] profiler_stopUSDT:2026-08-25 05:35:39 438:438 SyncActivityProfilerHandler.cpp:59] profiler_stop


   - EP:  20/32 | expanded dispatch: 56 GB/s (SO), 114 GB/s (SU), 3933.000 us, 447497856 bytes | copy: 2602 GB/s, 363.675 us
   - EP:  22/32 | expanded dispatch: 56 GB/s (SO), 113 GB/s (SU), 3933.000 us, 443731392 bytes | copy: 2555 GB/s, 366.904 us
   - EP:  18/32 | expanded dispatch: 56 GB/s (SO), 113 GB/s (SU), 3933.000 us, 444674880 bytes | copy: 2560 GB/s, 366.876 us
   - EP:  21/32 | expanded dispatch: 56 GB/s (SO), 113 GB/s (SU), 3933.000 us, 445970304 bytes | copy: 2548 GB/s, 370.348 us
   - EP:  17/32 | expanded dispatch: 56 GB/s (SO), 114 GB/s (SU), 3933.000 us, 447018624 bytes | copy: 2511 GB/s, 375.766 us
   - EP:  16/32 | expanded dispatch: 56 GB/s (SO), 113 GB/s (SU), 3933.000 us, 444809664 bytes | copy: 2486 GB/s, 378.356 us
   - EP:  23/32 | expanded dispatch: 56 GB/s (SO), 114 GB/s (SU), 3933.000 us, 446719104 bytes | copy: 2405 GB/s, 392.009 us
   - EP:  19/32 | expanded dispatch: 56 GB/s (SO), 113 GB/s (SU), 3933.000 us, 445850496 bytes | copy: 2490 GB/s, 378.839 us
USDT:2026-08-25 05:35:40 435:435 SyncActivityProfilerHandler.cpp:52] profiler_startUSDT:2026-08-25 05:35:40 431:431 SyncActivityProfilerHandler.cpp:52] profiler_startUSDT:2026-08-25 05:35:40 436:436 SyncActivityProfilerHandler.cpp:52] profiler_startUSDT:2026-08-25 05:35:40 438:438 SyncActivityProfilerHandler.cpp:52] profiler_startUSDT:2026-08-25 05:35:40 434:434 SyncActivityProfilerHandler.cpp:52] profiler_start
USDT:2026-08-25 05:35:40 433:433 SyncActivityProfilerHandler.cpp:52] profiler_startUSDT:2026-08-25 05:35:40 437:437 SyncActivityProfilerHandler.cpp:52] profiler_startUSDT:2026-08-25 05:35:40 432:432 SyncActivityProfilerHandler.cpp:52] profiler_start






USDT:2026-08-25 05:35:40 433:433 SyncActivityProfilerHandler.cpp:59] profiler_stopUSDT:2026-08-25 05:35:40 436:436 SyncActivityProfilerHandler.cpp:59] profiler_stop

USDT:2026-08-25 05:35:40 435:435 SyncActivityProfilerHandler.cpp:59] profiler_stopUSDT:2026-08-25 05:35:40 431:431 SyncActivityProfilerHandler.cpp:59] profiler_stop
USDT:2026-08-25 05:35:40 437:437 SyncActivityProfilerHandler.cpp:59] profiler_stop
USDT:2026-08-25 05:35:40 432:432 SyncActivityProfilerHandler.cpp:59] profiler_stop
USDT:2026-08-25 05:35:40 434:434 SyncActivityProfilerHandler.cpp:59] profiler_stop

USDT:2026-08-25 05:35:40 438:438 SyncActivityProfilerHandler.cpp:59] profiler_stop
   # EP:  20/32 | cached dispatch: 53 GB/s (SO), 106 GB/s (SU), 4209.000 us, 447497856 bytes | copy: 2777 GB/s, 322.235 us
   # EP:  22/32 | cached dispatch: 52 GB/s (SO), 105 GB/s (SU), 4208.000 us, 443731392 bytes | copy: 2606 GB/s, 340.561 us
   # EP:  19/32 | cached dispatch: 53 GB/s (SO), 106 GB/s (SU), 4209.000 us, 445850496 bytes | copy: 2450 GB/s, 363.926 us
   # EP:  17/32 | cached dispatch: 53 GB/s (SO), 106 GB/s (SU), 4209.000 us, 447018624 bytes | copy: 2669 GB/s, 334.933 us
   # EP:  18/32 | cached dispatch: 52 GB/s (SO), 106 GB/s (SU), 4209.000 us, 444674880 bytes | copy: 2738 GB/s, 324.859 us
   # EP:  23/32 | cached dispatch: 53 GB/s (SO), 106 GB/s (SU), 4209.000 us, 446719104 bytes | copy: 2401 GB/s, 372.085 us
   # EP:  21/32 | cached dispatch: 53 GB/s (SO), 106 GB/s (SU), 4209.000 us, 445970304 bytes | copy: 2652 GB/s, 336.316 us
   # EP:  16/32 | cached dispatch: 53 GB/s (SO), 106 GB/s (SU), 4209.000 us, 444809664 bytes | copy: 2435 GB/s, 365.343 us
USDT:2026-08-25 05:35:41 437:437 SyncActivityProfilerHandler.cpp:52] profiler_start
USDT:2026-08-25 05:35:41 435:435 SyncActivityProfilerHandler.cpp:52] profiler_startUSDT:2026-08-25 05:35:41 431:431 SyncActivityProfilerHandler.cpp:52] profiler_start

USDT:2026-08-25 05:35:41 433:433 SyncActivityProfilerHandler.cpp:52] profiler_start
USDT:2026-08-25 05:35:41 436:436 SyncActivityProfilerHandler.cpp:52] profiler_start
USDT:2026-08-25 05:35:41 438:438 SyncActivityProfilerHandler.cpp:52] profiler_start
USDT:2026-08-25 05:35:41 432:432 SyncActivityProfilerHandler.cpp:52] profiler_start
USDT:2026-08-25 05:35:41 434:434 SyncActivityProfilerHandler.cpp:52] profiler_start
USDT:2026-08-25 05:35:42 436:436 SyncActivityProfilerHandler.cpp:59] profiler_stop
USDT:2026-08-25 05:35:42 431:431 SyncActivityProfilerHandler.cpp:59] profiler_stop
USDT:2026-08-25 05:35:42 433:433 SyncActivityProfilerHandler.cpp:59] profiler_stop
USDT:2026-08-25 05:35:42 432:432 SyncActivityProfilerHandler.cpp:59] profiler_stopUSDT:2026-08-25 05:35:42 437:437 SyncActivityProfilerHandler.cpp:59] profiler_stop

USDT:2026-08-25 05:35:42 435:435 SyncActivityProfilerHandler.cpp:59] profiler_stop
USDT:2026-08-25 05:35:42 438:438 SyncActivityProfilerHandler.cpp:59] profiler_stop
USDT:2026-08-25 05:35:42 434:434 SyncActivityProfilerHandler.cpp:59] profiler_stop
   @ EP:  18/32 | combine: 57 GB/s (SO), 115 GB/s (SU), 7414.000 us, 853243680 bytes | reduce: 3608 GB/s, 150.007 us
   @ EP:  16/32 | combine: 57 GB/s (SO), 114 GB/s (SU), 7458.000 us, 853502304 bytes | reduce: 3603 GB/s, 150.700 us
   @ EP:  21/32 | combine: 57 GB/s (SO), 115 GB/s (SU), 7452.000 us, 855729344 bytes | reduce: 3618 GB/s, 150.005 us
   @ EP:  23/32 | combine: 57 GB/s (SO), 115 GB/s (SU), 7431.000 us, 857166144 bytes | reduce: 3591 GB/s, 150.876 us
   @ EP:  17/32 | combine: 56 GB/s (SO), 113 GB/s (SU), 7559.000 us, 857740864 bytes | reduce: 3620 GB/s, 149.758 us
   @ EP:  22/32 | combine: 57 GB/s (SO), 115 GB/s (SU), 7429.000 us, 851433312 bytes | reduce: 3611 GB/s, 149.701 us
   @ EP:  20/32 | combine: 57 GB/s (SO), 115 GB/s (SU), 7443.000 us, 858660416 bytes | reduce: 3610 GB/s, 150.008 us
   @ EP:  19/32 | combine: 54 GB/s (SO), 110 GB/s (SU), 7798.000 us, 855499456 bytes | reduce: 3607 GB/s, 150.306 us
USDT:2026-08-25 05:35:43 437:437 SyncActivityProfilerHandler.cpp:52] profiler_start
USDT:2026-08-25 05:35:43 435:435 SyncActivityProfilerHandler.cpp:52] profiler_start
USDT:2026-08-25 05:35:43 438:438 SyncActivityProfilerHandler.cpp:52] profiler_start
USDT:2026-08-25 05:35:43 434:434 SyncActivityProfilerHandler.cpp:52] profiler_start
USDT:2026-08-25 05:35:43 436:436 SyncActivityProfilerHandler.cpp:52] profiler_start
USDT:2026-08-25 05:35:43 432:432 SyncActivityProfilerHandler.cpp:52] profiler_start
USDT:2026-08-25 05:35:43 431:431 SyncActivityProfilerHandler.cpp:52] profiler_start
USDT:2026-08-25 05:35:43 433:433 SyncActivityProfilerHandler.cpp:52] profiler_start
USDT:2026-08-25 05:35:43 437:437 SyncActivityProfilerHandler.cpp:59] profiler_stop
USDT:2026-08-25 05:35:43 435:435 SyncActivityProfilerHandler.cpp:59] profiler_stop
USDT:2026-08-25 05:35:43 436:436 SyncActivityProfilerHandler.cpp:59] profiler_stop
USDT:2026-08-25 05:35:43 438:438 SyncActivityProfilerHandler.cpp:59] profiler_stopUSDT:2026-08-25 05:35:43 434:434 SyncActivityProfilerHandler.cpp:59] profiler_stop

USDT:2026-08-25 05:35:43 431:431 SyncActivityProfilerHandler.cpp:59] profiler_stop
USDT:2026-08-25 05:35:43 432:432 SyncActivityProfilerHandler.cpp:59] profiler_stop
USDT:2026-08-25 05:35:43 433:433 SyncActivityProfilerHandler.cpp:59] profiler_stop
   + EP:  22/32 | reduced combine: 57 GB/s (SO), 115 GB/s (SU), 7413.000 us, 851433312 bytes | reduce: 3611 GB/s, 149.698 us
   + EP:  23/32 | reduced combine: 57 GB/s (SO), 115 GB/s (SU), 7451.000 us, 857166144 bytes | reduce: 3593 GB/s, 150.790 us
   + EP:  16/32 | reduced combine: 57 GB/s (SO), 114 GB/s (SU), 7477.000 us, 853502304 bytes | reduce: 3604 GB/s, 150.691 us
   + EP:  20/32 | reduced combine: 57 GB/s (SO), 115 GB/s (SU), 7442.000 us, 858660416 bytes | reduce: 3604 GB/s, 150.282 us
   + EP:  21/32 | reduced combine: 57 GB/s (SO), 115 GB/s (SU), 7463.000 us, 855729344 bytes | reduce: 3616 GB/s, 150.056 us
   + EP:  18/32 | reduced combine: 54 GB/s (SO), 110 GB/s (SU), 7789.000 us, 853243680 bytes | reduce: 3611 GB/s, 149.918 us
   + EP:  17/32 | reduced combine: 57 GB/s (SO), 115 GB/s (SU), 7471.000 us, 857740864 bytes | reduce: 3610 GB/s, 150.187 us
   + EP:  19/32 | reduced combine: 56 GB/s (SO), 114 GB/s (SU), 7520.000 us, 855499456 bytes | reduce: 3600 GB/s, 150.606 us


