=== EP_NIC_NAME=rdmap110s0 (auto, 200 Gb/s) ===
+ docker run --rm --gpus all --privileged --network=host --ipc=host --ulimit memlock=-1 --ulimit stack=67108864 --device=/dev/infiniband --device=/dev/gdrdrv -v /sys/class/infiniband:/sys/class/infiniband:ro -e MASTER_ADDR=172.31.20.74 -e MASTER_PORT=29735 -e WORLD_SIZE=2 -e RANK=1 -e NCCL_DEBUG=WARN -e EP_NIC_NAME=rdmap110s0 -e PYTHONUNBUFFERED=1 -e PYTHONFAULTHANDLER=1 deepep-v2-efa-official:pr1pr2-b097b03 bash -lc 'timeout -s ABRT --kill-after=60 1500     python3 -u /opt/DeepEP/tests/elastic/test_ep.py     --num-processes=8 --num-tokens=128     --hidden=7168 --num-topk=8 --num-experts=256     --num-sms=12 --allow-hybrid-mode=1     --prefer-overlap-with-compute=0 --test-first-only      '

==========
== CUDA ==
==========

CUDA Version 13.0.2

Container image Copyright (c) 2016-2023, NVIDIA CORPORATION & AFFILIATES. All rights reserved.

This container image and its contents are governed by the NVIDIA Deep Learning Container License.
By pulling and using the container, you accept the terms and conditions of this license:
https://developer.nvidia.com/ngc/nvidia-deep-learning-container-license

A copy of this license is made available in this container at /NGC-DL-CONTAINER-LICENSE for your convenience.

DeepEP hybrid kernel selection: unordered
DeepEP hybrid kernel selection: unordered
DeepEP hybrid kernel selection: unordered
DeepEP hybrid kernel selection: unordered
DeepEP hybrid kernel selection: unordered
DeepEP hybrid kernel selection: unordered
DeepEP hybrid kernel selection: unordered
DeepEP hybrid kernel selection: unordered
DeepEP hybrid kernel selection: unordered
DeepEP hybrid kernel selection: unordered
DeepEP hybrid kernel selection: unordered
DeepEP hybrid kernel selection: unordered
DeepEP hybrid kernel selection: unordered
DeepEP hybrid kernel selection: unordered
DeepEP hybrid kernel selection: unordered
DeepEP hybrid kernel selection: unordered
Config:
 > Ranks: 2 x 8
 > Experts: 8/256
 > Tokens: 120 (max: 128), hidden: 7168
 > #SM: 12, #QPs: 11/11

Running all test cases:
 > Testing with do_handle_copy=1, expert_alignment=128, use_fp8_dispatch=1, num_bias=0, with_previous_event=0, async_with_compute_stream=0, allocate_on_comm_stream=0 ...
USDT:2026-08-25 04:51:19 439:439 SyncActivityProfilerHandler.cpp:52] profiler_startUSDT:2026-08-25 04:51:19 437:437 SyncActivityProfilerHandler.cpp:52] profiler_startUSDT:2026-08-25 04:51:19 438:438 SyncActivityProfilerHandler.cpp:52] profiler_start
USDT:2026-08-25 04:51:19 440:440 SyncActivityProfilerHandler.cpp:52] profiler_start
USDT:2026-08-25 04:51:19 436:436 SyncActivityProfilerHandler.cpp:52] profiler_startUSDT:2026-08-25 04:51:19 435:435 SyncActivityProfilerHandler.cpp:52] profiler_start



USDT:2026-08-25 04:51:19 441:441 SyncActivityProfilerHandler.cpp:52] profiler_start
USDT:2026-08-25 04:51:19 434:434 SyncActivityProfilerHandler.cpp:52] profiler_start
USDT:2026-08-25 04:51:19 439:439 SyncActivityProfilerHandler.cpp:59] profiler_stopUSDT:2026-08-25 04:51:19 437:437 SyncActivityProfilerHandler.cpp:59] profiler_stop

USDT:2026-08-25 04:51:19 440:440 SyncActivityProfilerHandler.cpp:59] profiler_stopUSDT:2026-08-25 04:51:19 441:441 SyncActivityProfilerHandler.cpp:59] profiler_stop
USDT:2026-08-25 04:51:19 436:436 SyncActivityProfilerHandler.cpp:59] profiler_stop
USDT:2026-08-25 04:51:19 438:438 SyncActivityProfilerHandler.cpp:59] profiler_stop

USDT:2026-08-25 04:51:19 435:435 SyncActivityProfilerHandler.cpp:59] profiler_stopUSDT:2026-08-25 04:51:19 434:434 SyncActivityProfilerHandler.cpp:59] profiler_stop

   * EP:  11/16 | dispatch: 8 GB/s (SO), 26 GB/s (SU), 222.014 us, 5698368 bytes | copy: 263 GB/s, 43.269 us
   * EP:  13/16 | dispatch: 8 GB/s (SO), 26 GB/s (SU), 222.061 us, 5728320 bytes | copy: 253 GB/s, 45.279 us
   * EP:  12/16 | dispatch: 8 GB/s (SO), 28 GB/s (SU), 221.534 us, 6117696 bytes | copy: 1435 GB/s, 8.527 us
   * EP:  14/16 | dispatch: 8 GB/s (SO), 28 GB/s (SU), 222.076 us, 6162624 bytes | copy: 268 GB/s, 46.033 us
   * EP:  10/16 | dispatch: 8 GB/s (SO), 29 GB/s (SU), 221.423 us, 6312384 bytes | copy: 1813 GB/s, 6.962 us
   * EP:  15/16 | dispatch: 8 GB/s (SO), 27 GB/s (SU), 222.072 us, 6005376 bytes | copy: 296 GB/s, 40.585 us
   * EP:   8/16 | dispatch: 8 GB/s (SO), 26 GB/s (SU), 222.013 us, 5833152 bytes | copy: 268 GB/s, 43.529 us
   * EP:   9/16 | dispatch: 8 GB/s (SO), 26 GB/s (SU), 222.197 us, 5773248 bytes | copy: 273 GB/s, 42.240 us
USDT:2026-08-25 04:51:20 434:434 SyncActivityProfilerHandler.cpp:52] profiler_startUSDT:2026-08-25 04:51:20 440:440 SyncActivityProfilerHandler.cpp:52] profiler_startUSDT:2026-08-25 04:51:20 436:436 SyncActivityProfilerHandler.cpp:52] profiler_startUSDT:2026-08-25 04:51:20 435:435 SyncActivityProfilerHandler.cpp:52] profiler_startUSDT:2026-08-25 04:51:20 441:441 SyncActivityProfilerHandler.cpp:52] profiler_startUSDT:2026-08-25 04:51:20 438:438 SyncActivityProfilerHandler.cpp:52] profiler_startUSDT:2026-08-25 04:51:20 439:439 SyncActivityProfilerHandler.cpp:52] profiler_start

USDT:2026-08-25 04:51:20 437:437 SyncActivityProfilerHandler.cpp:52] profiler_start





USDT:2026-08-25 04:51:20 439:439 SyncActivityProfilerHandler.cpp:59] profiler_stopUSDT:2026-08-25 04:51:20 435:435 SyncActivityProfilerHandler.cpp:59] profiler_stopUSDT:2026-08-25 04:51:20 434:434 SyncActivityProfilerHandler.cpp:59] profiler_stopUSDT:2026-08-25 04:51:20 441:441 SyncActivityProfilerHandler.cpp:59] profiler_stopUSDT:2026-08-25 04:51:20 438:438 SyncActivityProfilerHandler.cpp:59] profiler_stopUSDT:2026-08-25 04:51:20 436:436 SyncActivityProfilerHandler.cpp:59] profiler_stop


USDT:2026-08-25 04:51:20 440:440 SyncActivityProfilerHandler.cpp:59] profiler_stop
USDT:2026-08-25 04:51:20 437:437 SyncActivityProfilerHandler.cpp:59] profiler_stop



   - EP:  11/16 | expanded dispatch: 8 GB/s (SO), 25 GB/s (SU), 228.088 us, 5698368 bytes | copy: 338 GB/s, 60.755 us
   - EP:  12/16 | expanded dispatch: 8 GB/s (SO), 27 GB/s (SU), 227.954 us, 6117696 bytes | copy: 1841 GB/s, 11.380 us
   - EP:  13/16 | expanded dispatch: 8 GB/s (SO), 25 GB/s (SU), 228.263 us, 5728320 bytes | copy: 326 GB/s, 63.453 us
   - EP:  14/16 | expanded dispatch: 7 GB/s (SO), 27 GB/s (SU), 228.090 us, 6162624 bytes | copy: 339 GB/s, 62.078 us
   - EP:   8/16 | expanded dispatch: 8 GB/s (SO), 26 GB/s (SU), 228.164 us, 5833152 bytes | copy: 323 GB/s, 64.254 us
   - EP:  15/16 | expanded dispatch: 7 GB/s (SO), 26 GB/s (SU), 228.279 us, 6005376 bytes | copy: 385 GB/s, 54.472 us
   - EP:  10/16 | expanded dispatch: 8 GB/s (SO), 28 GB/s (SU), 227.895 us, 6312384 bytes | copy: 2438 GB/s, 8.692 us
   - EP:   9/16 | expanded dispatch: 8 GB/s (SO), 25 GB/s (SU), 228.230 us, 5773248 bytes | copy: 352 GB/s, 58.672 us
USDT:2026-08-25 04:51:21 439:439 SyncActivityProfilerHandler.cpp:52] profiler_startUSDT:2026-08-25 04:51:21 438:438 SyncActivityProfilerHandler.cpp:52] profiler_startUSDT:2026-08-25 04:51:21 437:437 SyncActivityProfilerHandler.cpp:52] profiler_startUSDT:2026-08-25 04:51:21 440:440 SyncActivityProfilerHandler.cpp:52] profiler_startUSDT:2026-08-25 04:51:21 436:436 SyncActivityProfilerHandler.cpp:52] profiler_startUSDT:2026-08-25 04:51:21 441:441 SyncActivityProfilerHandler.cpp:52] profiler_startUSDT:2026-08-25 04:51:21 435:435 SyncActivityProfilerHandler.cpp:52] profiler_start






USDT:2026-08-25 04:51:21 434:434 SyncActivityProfilerHandler.cpp:52] profiler_start
USDT:2026-08-25 04:51:21 441:441 SyncActivityProfilerHandler.cpp:59] profiler_stopUSDT:2026-08-25 04:51:21 437:437 SyncActivityProfilerHandler.cpp:59] profiler_stopUSDT:2026-08-25 04:51:21 436:436 SyncActivityProfilerHandler.cpp:59] profiler_stop
USDT:2026-08-25 04:51:21 440:440 SyncActivityProfilerHandler.cpp:59] profiler_stop


USDT:2026-08-25 04:51:21 435:435 SyncActivityProfilerHandler.cpp:59] profiler_stopUSDT:2026-08-25 04:51:21 434:434 SyncActivityProfilerHandler.cpp:59] profiler_stop
USDT:2026-08-25 04:51:21 438:438 SyncActivityProfilerHandler.cpp:59] profiler_stop
USDT:2026-08-25 04:51:21 439:439 SyncActivityProfilerHandler.cpp:59] profiler_stop

   # EP:  14/16 | cached dispatch: 8 GB/s (SO), 28 GB/s (SU), 219.339 us, 6162624 bytes | copy: 201 GB/s, 61.386 us
   # EP:  15/16 | cached dispatch: 8 GB/s (SO), 27 GB/s (SU), 219.404 us, 6005376 bytes | copy: 218 GB/s, 54.996 us
   # EP:  10/16 | cached dispatch: 8 GB/s (SO), 29 GB/s (SU), 219.101 us, 6312384 bytes | copy: 1564 GB/s, 8.073 us
   # EP:  11/16 | cached dispatch: 8 GB/s (SO), 26 GB/s (SU), 219.294 us, 5698368 bytes | copy: 191 GB/s, 59.516 us
   # EP:  13/16 | cached dispatch: 8 GB/s (SO), 26 GB/s (SU), 219.326 us, 5728320 bytes | copy: 186 GB/s, 61.525 us
   # EP:  12/16 | cached dispatch: 8 GB/s (SO), 28 GB/s (SU), 219.215 us, 6117696 bytes | copy: 1280 GB/s, 9.557 us
   # EP:   9/16 | cached dispatch: 8 GB/s (SO), 26 GB/s (SU), 219.439 us, 5773248 bytes | copy: 196 GB/s, 59.018 us
   # EP:   8/16 | cached dispatch: 8 GB/s (SO), 27 GB/s (SU), 219.284 us, 5833152 bytes | copy: 192 GB/s, 60.831 us
USDT:2026-08-25 04:51:21 439:439 SyncActivityProfilerHandler.cpp:52] profiler_start
USDT:2026-08-25 04:51:21 434:434 SyncActivityProfilerHandler.cpp:52] profiler_start
USDT:2026-08-25 04:51:21 435:435 SyncActivityProfilerHandler.cpp:52] profiler_startUSDT:2026-08-25 04:51:21 441:441 SyncActivityProfilerHandler.cpp:52] profiler_startUSDT:2026-08-25 04:51:21 437:437 SyncActivityProfilerHandler.cpp:52] profiler_startUSDT:2026-08-25 04:51:21 438:438 SyncActivityProfilerHandler.cpp:52] profiler_start

USDT:2026-08-25 04:51:21 440:440 SyncActivityProfilerHandler.cpp:52] profiler_start


USDT:2026-08-25 04:51:21 436:436 SyncActivityProfilerHandler.cpp:52] profiler_start
USDT:2026-08-25 04:51:22 437:437 SyncActivityProfilerHandler.cpp:59] profiler_stopUSDT:2026-08-25 04:51:22 440:440 SyncActivityProfilerHandler.cpp:59] profiler_stop
USDT:2026-08-25 04:51:22 439:439 SyncActivityProfilerHandler.cpp:59] profiler_stop
USDT:2026-08-25 04:51:22 441:441 SyncActivityProfilerHandler.cpp:59] profiler_stopUSDT:2026-08-25 04:51:22 434:434 SyncActivityProfilerHandler.cpp:59] profiler_stop
USDT:2026-08-25 04:51:22 435:435 SyncActivityProfilerHandler.cpp:59] profiler_stop


USDT:2026-08-25 04:51:22 436:436 SyncActivityProfilerHandler.cpp:59] profiler_stop
USDT:2026-08-25 04:51:22 438:438 SyncActivityProfilerHandler.cpp:59] profiler_stop
   @ EP:  13/16 | combine: 19 GB/s (SO), 65 GB/s (SU), 170.161 us, 10991520 bytes | reduce: 947 GB/s, 5.234 us
   @ EP:  14/16 | combine: 19 GB/s (SO), 70 GB/s (SU), 169.991 us, 11824864 bytes | reduce: 940 GB/s, 5.229 us
   @ EP:  11/16 | combine: 20 GB/s (SO), 66 GB/s (SU), 166.861 us, 10934048 bytes | reduce: 926 GB/s, 5.431 us
   @ EP:  12/16 | combine: 18 GB/s (SO), 63 GB/s (SU), 186.608 us, 11738656 bytes | reduce: 933 GB/s, 5.343 us
   @ EP:  10/16 | combine: 18 GB/s (SO), 65 GB/s (SU), 185.457 us, 12112224 bytes | reduce: 879 GB/s, 5.769 us   @ EP:  15/16 | combine: 19 GB/s (SO), 69 GB/s (SU), 168.155 us, 11523136 bytes | reduce: 909 GB/s, 5.345 us

   @ EP:   9/16 | combine: 20 GB/s (SO), 66 GB/s (SU), 167.620 us, 11077728 bytes | reduce: 932 GB/s, 5.488 us
   @ EP:   8/16 | combine: 20 GB/s (SO), 66 GB/s (SU), 169.281 us, 11192672 bytes | reduce: 992 GB/s, 5.200 us
USDT:2026-08-25 04:51:22 441:441 SyncActivityProfilerHandler.cpp:52] profiler_startUSDT:2026-08-25 04:51:22 439:439 SyncActivityProfilerHandler.cpp:52] profiler_startUSDT:2026-08-25 04:51:22 437:437 SyncActivityProfilerHandler.cpp:52] profiler_startUSDT:2026-08-25 04:51:22 435:435 SyncActivityProfilerHandler.cpp:52] profiler_startUSDT:2026-08-25 04:51:22 440:440 SyncActivityProfilerHandler.cpp:52] profiler_start

USDT:2026-08-25 04:51:22 434:434 SyncActivityProfilerHandler.cpp:52] profiler_start


USDT:2026-08-25 04:51:22 438:438 SyncActivityProfilerHandler.cpp:52] profiler_start

USDT:2026-08-25 04:51:22 436:436 SyncActivityProfilerHandler.cpp:52] profiler_start
USDT:2026-08-25 04:51:22 434:434 SyncActivityProfilerHandler.cpp:59] profiler_stopUSDT:2026-08-25 04:51:22 440:440 SyncActivityProfilerHandler.cpp:59] profiler_stop

USDT:2026-08-25 04:51:22 441:441 SyncActivityProfilerHandler.cpp:59] profiler_stopUSDT:2026-08-25 04:51:22 439:439 SyncActivityProfilerHandler.cpp:59] profiler_stop

USDT:2026-08-25 04:51:22 437:437 SyncActivityProfilerHandler.cpp:59] profiler_stopUSDT:2026-08-25 04:51:22 436:436 SyncActivityProfilerHandler.cpp:59] profiler_stop
USDT:2026-08-25 04:51:22 438:438 SyncActivityProfilerHandler.cpp:59] profiler_stop

USDT:2026-08-25 04:51:22 435:435 SyncActivityProfilerHandler.cpp:59] profiler_stop
   + EP:  11/16 | reduced combine: 18 GB/s (SO), 59 GB/s (SU), 184.190 us, 10934048 bytes | reduce: 940 GB/s, 5.348 us
   + EP:  13/16 | reduced combine: 17 GB/s (SO), 58 GB/s (SU), 190.692 us, 10991520 bytes | reduce: 921 GB/s, 5.380 us
   + EP:  14/16 | reduced combine: 17 GB/s (SO), 63 GB/s (SU), 188.023 us, 11824864 bytes | reduce: 896 GB/s, 5.483 us
   + EP:  12/16 | reduced combine: 16 GB/s (SO), 58 GB/s (SU), 202.809 us, 11738656 bytes | reduce: 914 GB/s, 5.454 us
   + EP:  10/16 | reduced combine: 17 GB/s (SO), 61 GB/s (SU), 198.748 us, 12112224 bytes | reduce: 897 GB/s, 5.652 us
   + EP:  15/16 | reduced combine: 18 GB/s (SO), 63 GB/s (SU), 182.124 us, 11523136 bytes | reduce: 888 GB/s, 5.470 us
   + EP:   9/16 | reduced combine: 18 GB/s (SO), 59 GB/s (SU), 186.920 us, 11077728 bytes | reduce: 917 GB/s, 5.575 us   + EP:   8/16 | reduced combine: 18 GB/s (SO), 60 GB/s (SU), 187.087 us, 11192672 bytes | reduce: 966 GB/s, 5.341 us



