=== EP_NIC_NAME=rdmap101s0 (auto, 400 Gb/s) ===
=== NCCL_IB_HCA=rdmap (auto: non-EFA ibverbs device ibp198s0f0 present) ===
=== GIN: NCCL_GIN_TYPE=5 NCCL_SYM_GIN_KERNELS_ENABLE=0 ===
=== PREFER_OVERLAP=0 (--prefer-overlap-with-compute) ===
=== IMAGE=deepep-v2-efa-official:sm103-54fffef  DeepEP=54fffeff810723f574c574b1790dff189f3c6ffb ===
+ docker run --rm --init --gpus all --privileged --network=host --ipc=host --ulimit memlock=-1 --ulimit stack=67108864 --device=/dev/infiniband --device=/dev/gdrdrv -v /sys/class/infiniband:/sys/class/infiniband:ro -e MASTER_ADDR=172.31.30.41 -e MASTER_PORT=9603 -e WORLD_SIZE=4 -e RANK=1 -e NCCL_DEBUG=WARN -e EP_NIC_NAME=rdmap101s0 -e NCCL_IB_HCA=rdmap -e NCCL_GIN_TYPE=5 -e NCCL_SYM_GIN_KERNELS_ENABLE=0 -e NCCL_NVLS_ENABLE=0 -e PYTHONUNBUFFERED=1 -e PYTHONFAULTHANDLER=1 deepep-v2-efa-official:sm103-54fffef bash -lc 'timeout -s ABRT --kill-after=60 1800     python3 -u /opt/DeepEP/tests/elastic/test_ep.py     --num-processes=8 --num-tokens=8192     --hidden=7168 --num-topk=8 --num-experts=256     --num-sms=12 --allow-hybrid-mode=1     --prefer-overlap-with-compute=0 --test-first-only      '

==========
== CUDA ==
==========

CUDA Version 13.3.1

Container image Copyright (c) 2016-2023, NVIDIA CORPORATION & AFFILIATES. All rights reserved.

This container image and its contents are governed by the NVIDIA Deep Learning Container License.
By pulling and using the container, you accept the terms and conditions of this license:
https://developer.nvidia.com/ngc/nvidia-deep-learning-container-license

A copy of this license is made available in this container at /NGC-DL-CONTAINER-LICENSE for your convenience.

DeepEP hybrid kernel selection: unordered
DeepEP hybrid kernel selection: unordered
DeepEP hybrid kernel selection: unordered
DeepEP hybrid kernel selection: unordered
DeepEP hybrid kernel selection: unordered
DeepEP hybrid kernel selection: unordered
DeepEP hybrid kernel selection: unordered
DeepEP hybrid kernel selection: unordered
DeepEP hybrid kernel selection: unordered
DeepEP hybrid kernel selection: unordered
DeepEP hybrid kernel selection: unordered
DeepEP hybrid kernel selection: unordered
DeepEP hybrid kernel selection: unordered
DeepEP hybrid kernel selection: unordered
DeepEP hybrid kernel selection: unordered
DeepEP hybrid kernel selection: unordered
Config:
 > Ranks: 4 x 8
 > Experts: 8/256
 > Tokens: 8184 (max: 8192), hidden: 7168
 > #SM: 12, #QPs: 11/11

Running all test cases:
 > Testing with do_handle_copy=1, expert_alignment=128, use_fp8_dispatch=1, num_bias=0, with_previous_event=0, async_with_compute_stream=0, allocate_on_comm_stream=0 ...
USDT:2026-09-04 07:02:28 490:490 SyncActivityProfilerHandler.cpp:52] profiler_startUSDT:2026-09-04 07:02:28 494:494 SyncActivityProfilerHandler.cpp:52] profiler_startUSDT:2026-09-04 07:02:28 487:487 SyncActivityProfilerHandler.cpp:52] profiler_startUSDT:2026-09-04 07:02:28 491:491 SyncActivityProfilerHandler.cpp:52] profiler_startUSDT:2026-09-04 07:02:28 492:492 SyncActivityProfilerHandler.cpp:52] profiler_startUSDT:2026-09-04 07:02:28 488:488 SyncActivityProfilerHandler.cpp:52] profiler_start


USDT:2026-09-04 07:02:28 493:493 SyncActivityProfilerHandler.cpp:52] profiler_start



USDT:2026-09-04 07:02:28 489:489 SyncActivityProfilerHandler.cpp:52] profiler_start
USDT:2026-09-04 07:02:28 488:488 SyncActivityProfilerHandler.cpp:59] profiler_stop
USDT:2026-09-04 07:02:28 494:494 SyncActivityProfilerHandler.cpp:59] profiler_stopUSDT:2026-09-04 07:02:28 487:487 SyncActivityProfilerHandler.cpp:59] profiler_stopUSDT:2026-09-04 07:02:28 491:491 SyncActivityProfilerHandler.cpp:59] profiler_stopUSDT:2026-09-04 07:02:28 490:490 SyncActivityProfilerHandler.cpp:59] profiler_stop



USDT:2026-09-04 07:02:28 493:493 SyncActivityProfilerHandler.cpp:59] profiler_stop
USDT:2026-09-04 07:02:28 492:492 SyncActivityProfilerHandler.cpp:59] profiler_stop
USDT:2026-09-04 07:02:28 489:489 SyncActivityProfilerHandler.cpp:59] profiler_stop
   * EP:  15/32 | dispatch: 109 GB/s (SO), 220 GB/s (SU), 2032.000 us, 446075136 bytes | copy: 4623 GB/s, 192.992 us
   * EP:   8/32 | dispatch: 109 GB/s (SO), 219 GB/s (SU), 2030.000 us, 444248064 bytes | copy: 4624 GB/s, 192.133 us
   * EP:  13/32 | dispatch: 109 GB/s (SO), 220 GB/s (SU), 2031.000 us, 447250752 bytes | copy: 4358 GB/s, 205.273 us
   * EP:   9/32 | dispatch: 109 GB/s (SO), 219 GB/s (SU), 2032.000 us, 445311360 bytes | copy: 4724 GB/s, 188.535 us
   * EP:  12/32 | dispatch: 109 GB/s (SO), 218 GB/s (SU), 2033.000 us, 443319552 bytes | copy: 4818 GB/s, 184.021 us
   * EP:  14/32 | dispatch: 109 GB/s (SO), 219 GB/s (SU), 2032.000 us, 445835520 bytes | copy: 4247 GB/s, 209.966 us
   * EP:  11/32 | dispatch: 109 GB/s (SO), 219 GB/s (SU), 2033.000 us, 445558464 bytes | copy: 4752 GB/s, 187.509 us
   * EP:  10/32 | dispatch: 109 GB/s (SO), 219 GB/s (SU), 2031.000 us, 443836224 bytes | copy: 4683 GB/s, 189.556 us
USDT:2026-09-04 07:02:29 494:494 SyncActivityProfilerHandler.cpp:52] profiler_startUSDT:2026-09-04 07:02:29 491:491 SyncActivityProfilerHandler.cpp:52] profiler_startUSDT:2026-09-04 07:02:29 490:490 SyncActivityProfilerHandler.cpp:52] profiler_startUSDT:2026-09-04 07:02:29 487:487 SyncActivityProfilerHandler.cpp:52] profiler_startUSDT:2026-09-04 07:02:29 488:488 SyncActivityProfilerHandler.cpp:52] profiler_startUSDT:2026-09-04 07:02:29 493:493 SyncActivityProfilerHandler.cpp:52] profiler_start
USDT:2026-09-04 07:02:29 492:492 SyncActivityProfilerHandler.cpp:52] profiler_start




USDT:2026-09-04 07:02:29 489:489 SyncActivityProfilerHandler.cpp:52] profiler_start

USDT:2026-09-04 07:02:29 493:493 SyncActivityProfilerHandler.cpp:59] profiler_stopUSDT:2026-09-04 07:02:29 494:494 SyncActivityProfilerHandler.cpp:59] profiler_stopUSDT:2026-09-04 07:02:29 490:490 SyncActivityProfilerHandler.cpp:59] profiler_stopUSDT:2026-09-04 07:02:29 488:488 SyncActivityProfilerHandler.cpp:59] profiler_stopUSDT:2026-09-04 07:02:29 492:492 SyncActivityProfilerHandler.cpp:59] profiler_stop




USDT:2026-09-04 07:02:29 491:491 SyncActivityProfilerHandler.cpp:59] profiler_stopUSDT:2026-09-04 07:02:29 487:487 SyncActivityProfilerHandler.cpp:59] profiler_stop
USDT:2026-09-04 07:02:29 489:489 SyncActivityProfilerHandler.cpp:59] profiler_stop

   - EP:   8/32 | expanded dispatch: 110 GB/s (SO), 220 GB/s (SU), 2020.000 us, 444248064 bytes | copy: 4440 GB/s, 211.720 us
   - EP:  15/32 | expanded dispatch: 109 GB/s (SO), 221 GB/s (SU), 2022.000 us, 446075136 bytes | copy: 4569 GB/s, 206.750 us
   - EP:  11/32 | expanded dispatch: 109 GB/s (SO), 220 GB/s (SU), 2022.000 us, 445558464 bytes | copy: 4622 GB/s, 203.799 us
   - EP:   9/32 | expanded dispatch: 110 GB/s (SO), 220 GB/s (SU), 2022.000 us, 445311360 bytes | copy: 4439 GB/s, 212.201 us
   - EP:  13/32 | expanded dispatch: 110 GB/s (SO), 221 GB/s (SU), 2022.000 us, 447250752 bytes | copy: 4193 GB/s, 225.549 us
   - EP:  14/32 | expanded dispatch: 110 GB/s (SO), 220 GB/s (SU), 2022.000 us, 445835520 bytes | copy: 4255 GB/s, 221.623 us
   - EP:  12/32 | expanded dispatch: 109 GB/s (SO), 219 GB/s (SU), 2022.000 us, 443319552 bytes | copy: 4511 GB/s, 207.403 us
   - EP:  10/32 | expanded dispatch: 109 GB/s (SO), 220 GB/s (SU), 2021.000 us, 443836224 bytes | copy: 4559 GB/s, 205.963 us
USDT:2026-09-04 07:02:30 494:494 SyncActivityProfilerHandler.cpp:52] profiler_startUSDT:2026-09-04 07:02:30 488:488 SyncActivityProfilerHandler.cpp:52] profiler_startUSDT:2026-09-04 07:02:30 487:487 SyncActivityProfilerHandler.cpp:52] profiler_startUSDT:2026-09-04 07:02:30 490:490 SyncActivityProfilerHandler.cpp:52] profiler_startUSDT:2026-09-04 07:02:30 491:491 SyncActivityProfilerHandler.cpp:52] profiler_startUSDT:2026-09-04 07:02:30 492:492 SyncActivityProfilerHandler.cpp:52] profiler_start
USDT:2026-09-04 07:02:30 489:489 SyncActivityProfilerHandler.cpp:52] profiler_start





USDT:2026-09-04 07:02:30 493:493 SyncActivityProfilerHandler.cpp:52] profiler_start
USDT:2026-09-04 07:02:30 487:487 SyncActivityProfilerHandler.cpp:59] profiler_stopUSDT:2026-09-04 07:02:30 490:490 SyncActivityProfilerHandler.cpp:59] profiler_stopUSDT:2026-09-04 07:02:30 494:494 SyncActivityProfilerHandler.cpp:59] profiler_stop


USDT:2026-09-04 07:02:30 492:492 SyncActivityProfilerHandler.cpp:59] profiler_stopUSDT:2026-09-04 07:02:30 488:488 SyncActivityProfilerHandler.cpp:59] profiler_stop
USDT:2026-09-04 07:02:30 491:491 SyncActivityProfilerHandler.cpp:59] profiler_stop

USDT:2026-09-04 07:02:30 489:489 SyncActivityProfilerHandler.cpp:59] profiler_stopUSDT:2026-09-04 07:02:30 493:493 SyncActivityProfilerHandler.cpp:59] profiler_stop

   # EP:  15/32 | cached dispatch: 103 GB/s (SO), 209 GB/s (SU), 2135.000 us, 446075136 bytes | copy: 5071 GB/s, 175.922 us
   # EP:  13/32 | cached dispatch: 104 GB/s (SO), 210 GB/s (SU), 2134.000 us, 447250752 bytes | copy: 4980 GB/s, 179.615 us
   # EP:   9/32 | cached dispatch: 104 GB/s (SO), 209 GB/s (SU), 2134.000 us, 445311360 bytes | copy: 4819 GB/s, 184.801 us
   # EP:  14/32 | cached dispatch: 104 GB/s (SO), 209 GB/s (SU), 2134.000 us, 445835520 bytes | copy: 4875 GB/s, 182.897 us
   # EP:   8/32 | cached dispatch: 104 GB/s (SO), 208 GB/s (SU), 2132.000 us, 444248064 bytes | copy: 5288 GB/s, 168.007 us
   # EP:  11/32 | cached dispatch: 104 GB/s (SO), 209 GB/s (SU), 2134.000 us, 445558464 bytes | copy: 5114 GB/s, 174.252 us
   # EP:  12/32 | cached dispatch: 104 GB/s (SO), 208 GB/s (SU), 2135.000 us, 443319552 bytes | copy: 4841 GB/s, 183.137 us
   # EP:  10/32 | cached dispatch: 104 GB/s (SO), 208 GB/s (SU), 2133.000 us, 443836224 bytes | copy: 4965 GB/s, 178.803 us
USDT:2026-09-04 07:02:31 494:494 SyncActivityProfilerHandler.cpp:52] profiler_start
USDT:2026-09-04 07:02:31 488:488 SyncActivityProfilerHandler.cpp:52] profiler_start
USDT:2026-09-04 07:02:31 493:493 SyncActivityProfilerHandler.cpp:52] profiler_start
USDT:2026-09-04 07:02:31 490:490 SyncActivityProfilerHandler.cpp:52] profiler_start
USDT:2026-09-04 07:02:31 491:491 SyncActivityProfilerHandler.cpp:52] profiler_start
USDT:2026-09-04 07:02:31 487:487 SyncActivityProfilerHandler.cpp:52] profiler_start
USDT:2026-09-04 07:02:31 489:489 SyncActivityProfilerHandler.cpp:52] profiler_start
USDT:2026-09-04 07:02:31 492:492 SyncActivityProfilerHandler.cpp:52] profiler_start
USDT:2026-09-04 07:02:31 488:488 SyncActivityProfilerHandler.cpp:59] profiler_stop
USDT:2026-09-04 07:02:31 494:494 SyncActivityProfilerHandler.cpp:59] profiler_stopUSDT:2026-09-04 07:02:31 490:490 SyncActivityProfilerHandler.cpp:59] profiler_stop

USDT:2026-09-04 07:02:31 493:493 SyncActivityProfilerHandler.cpp:59] profiler_stop
USDT:2026-09-04 07:02:31 487:487 SyncActivityProfilerHandler.cpp:59] profiler_stop
USDT:2026-09-04 07:02:31 489:489 SyncActivityProfilerHandler.cpp:59] profiler_stop
USDT:2026-09-04 07:02:31 491:491 SyncActivityProfilerHandler.cpp:59] profiler_stop
USDT:2026-09-04 07:02:31 492:492 SyncActivityProfilerHandler.cpp:59] profiler_stop
   @ EP:   9/32 | combine: 103 GB/s (SO), 207 GB/s (SU), 4136.000 us, 854464960 bytes | reduce: 5115 GB/s, 106.179 us
   @ EP:   8/32 | combine: 99 GB/s (SO), 198 GB/s (SU), 4295.000 us, 852424704 bytes | reduce: 5100 GB/s, 106.493 us
   @ EP:  12/32 | combine: 99 GB/s (SO), 199 GB/s (SU), 4279.000 us, 850643072 bytes | reduce: 5096 GB/s, 106.323 us
   @ EP:  11/32 | combine: 101 GB/s (SO), 203 GB/s (SU), 4214.000 us, 854939104 bytes | reduce: 5055 GB/s, 107.134 us
   @ EP:  14/32 | combine: 101 GB/s (SO), 203 GB/s (SU), 4209.000 us, 855470720 bytes | reduce: 5120 GB/s, 106.064 us
   @ EP:  15/32 | combine: 101 GB/s (SO), 205 GB/s (SU), 4184.000 us, 855930496 bytes | reduce: 5113 GB/s, 105.847 us
   @ EP:  13/32 | combine: 98 GB/s (SO), 197 GB/s (SU), 4358.000 us, 858186272 bytes | reduce: 5133 GB/s, 105.781 us
   @ EP:  10/32 | combine: 99 GB/s (SO), 198 GB/s (SU), 4294.000 us, 851634464 bytes | reduce: 5108 GB/s, 106.117 us
USDT:2026-09-04 07:02:32 488:488 SyncActivityProfilerHandler.cpp:52] profiler_startUSDT:2026-09-04 07:02:32 494:494 SyncActivityProfilerHandler.cpp:52] profiler_start

USDT:2026-09-04 07:02:32 492:492 SyncActivityProfilerHandler.cpp:52] profiler_start
USDT:2026-09-04 07:02:32 487:487 SyncActivityProfilerHandler.cpp:52] profiler_startUSDT:2026-09-04 07:02:32 490:490 SyncActivityProfilerHandler.cpp:52] profiler_start

USDT:2026-09-04 07:02:32 493:493 SyncActivityProfilerHandler.cpp:52] profiler_start
USDT:2026-09-04 07:02:32 491:491 SyncActivityProfilerHandler.cpp:52] profiler_start
USDT:2026-09-04 07:02:32 489:489 SyncActivityProfilerHandler.cpp:52] profiler_start
USDT:2026-09-04 07:02:32 493:493 SyncActivityProfilerHandler.cpp:59] profiler_stop
USDT:2026-09-04 07:02:32 492:492 SyncActivityProfilerHandler.cpp:59] profiler_stopUSDT:2026-09-04 07:02:32 488:488 SyncActivityProfilerHandler.cpp:59] profiler_stop

USDT:2026-09-04 07:02:32 491:491 SyncActivityProfilerHandler.cpp:59] profiler_stopUSDT:2026-09-04 07:02:32 494:494 SyncActivityProfilerHandler.cpp:59] profiler_stop

USDT:2026-09-04 07:02:32 489:489 SyncActivityProfilerHandler.cpp:59] profiler_stop
USDT:2026-09-04 07:02:32 487:487 SyncActivityProfilerHandler.cpp:59] profiler_stop
USDT:2026-09-04 07:02:32 490:490 SyncActivityProfilerHandler.cpp:59] profiler_stop
   + EP:   8/32 | reduced combine: 91 GB/s (SO), 182 GB/s (SU), 4671.000 us, 852424704 bytes | reduce: 5121 GB/s, 106.054 us
   + EP:  14/32 | reduced combine: 92 GB/s (SO), 185 GB/s (SU), 4613.000 us, 855470720 bytes | reduce: 5132 GB/s, 105.814 us
   + EP:  13/32 | reduced combine: 91 GB/s (SO), 184 GB/s (SU), 4652.000 us, 858186272 bytes | reduce: 5135 GB/s, 105.741 us
   + EP:  12/32 | reduced combine: 90 GB/s (SO), 181 GB/s (SU), 4688.000 us, 850643072 bytes | reduce: 5138 GB/s, 105.447 us
   + EP:  11/32 | reduced combine: 91 GB/s (SO), 183 GB/s (SU), 4680.000 us, 854939104 bytes | reduce: 5106 GB/s, 106.061 us
   + EP:   9/32 | reduced combine: 92 GB/s (SO), 186 GB/s (SU), 4605.000 us, 854464960 bytes | reduce: 5114 GB/s, 106.204 us
   + EP:  15/32 | reduced combine: 92 GB/s (SO), 186 GB/s (SU), 4600.000 us, 855930496 bytes | reduce: 5147 GB/s, 105.148 us
   + EP:  10/32 | reduced combine: 91 GB/s (SO), 182 GB/s (SU), 4672.000 us, 851634464 bytes | reduce: 5144 GB/s, 105.387 us


