=== EP_NIC_NAME=rdmap101s0 (auto, 400 Gb/s) ===
=== NCCL_IB_HCA=rdmap (auto: non-EFA ibverbs device ibp198s0f0 present) ===
=== GIN: NCCL_GIN_TYPE=5 NCCL_SYM_GIN_KERNELS_ENABLE=0 ===
=== PREFER_OVERLAP=0 (--prefer-overlap-with-compute) ===
=== IMAGE=deepep-v2-efa-official:sm103-54fffef  DeepEP=54fffeff810723f574c574b1790dff189f3c6ffb ===
+ docker run --rm --init --gpus all --privileged --network=host --ipc=host --ulimit memlock=-1 --ulimit stack=67108864 --device=/dev/infiniband --device=/dev/gdrdrv -v /sys/class/infiniband:/sys/class/infiniband:ro -e MASTER_ADDR=172.31.30.41 -e MASTER_PORT=9603 -e WORLD_SIZE=4 -e RANK=3 -e NCCL_DEBUG=WARN -e EP_NIC_NAME=rdmap101s0 -e NCCL_IB_HCA=rdmap -e NCCL_GIN_TYPE=5 -e NCCL_SYM_GIN_KERNELS_ENABLE=0 -e NCCL_NVLS_ENABLE=0 -e PYTHONUNBUFFERED=1 -e PYTHONFAULTHANDLER=1 deepep-v2-efa-official:sm103-54fffef bash -lc 'timeout -s ABRT --kill-after=60 1800     python3 -u /opt/DeepEP/tests/elastic/test_ep.py     --num-processes=8 --num-tokens=8192     --hidden=7168 --num-topk=8 --num-experts=256     --num-sms=12 --allow-hybrid-mode=1     --prefer-overlap-with-compute=0 --test-first-only      '

==========
== CUDA ==
==========

CUDA Version 13.3.1

Container image Copyright (c) 2016-2023, NVIDIA CORPORATION & AFFILIATES. All rights reserved.

This container image and its contents are governed by the NVIDIA Deep Learning Container License.
By pulling and using the container, you accept the terms and conditions of this license:
https://developer.nvidia.com/ngc/nvidia-deep-learning-container-license

A copy of this license is made available in this container at /NGC-DL-CONTAINER-LICENSE for your convenience.

DeepEP hybrid kernel selection: unordered
DeepEP hybrid kernel selection: unordered
DeepEP hybrid kernel selection: unordered
DeepEP hybrid kernel selection: unordered
DeepEP hybrid kernel selection: unordered
DeepEP hybrid kernel selection: unordered
DeepEP hybrid kernel selection: unordered
DeepEP hybrid kernel selection: unordered
DeepEP hybrid kernel selection: unordered
DeepEP hybrid kernel selection: unordered
DeepEP hybrid kernel selection: unordered
DeepEP hybrid kernel selection: unordered
DeepEP hybrid kernel selection: unordered
DeepEP hybrid kernel selection: unordered
DeepEP hybrid kernel selection: unordered
DeepEP hybrid kernel selection: unordered
Config:
 > Ranks: 4 x 8
 > Experts: 8/256
 > Tokens: 8168 (max: 8192), hidden: 7168
 > #SM: 12, #QPs: 11/11

Running all test cases:
 > Testing with do_handle_copy=1, expert_alignment=128, use_fp8_dispatch=1, num_bias=0, with_previous_event=0, async_with_compute_stream=0, allocate_on_comm_stream=0 ...
USDT:2026-09-04 07:02:28 493:493 SyncActivityProfilerHandler.cpp:52] profiler_startUSDT:2026-09-04 07:02:28 488:488 SyncActivityProfilerHandler.cpp:52] profiler_startUSDT:2026-09-04 07:02:28 494:494 SyncActivityProfilerHandler.cpp:52] profiler_start


USDT:2026-09-04 07:02:28 489:489 SyncActivityProfilerHandler.cpp:52] profiler_startUSDT:2026-09-04 07:02:28 491:491 SyncActivityProfilerHandler.cpp:52] profiler_startUSDT:2026-09-04 07:02:28 492:492 SyncActivityProfilerHandler.cpp:52] profiler_startUSDT:2026-09-04 07:02:28 490:490 SyncActivityProfilerHandler.cpp:52] profiler_start

USDT:2026-09-04 07:02:28 495:495 SyncActivityProfilerHandler.cpp:52] profiler_start


USDT:2026-09-04 07:02:28 493:493 SyncActivityProfilerHandler.cpp:59] profiler_stopUSDT:2026-09-04 07:02:28 495:495 SyncActivityProfilerHandler.cpp:59] profiler_stopUSDT:2026-09-04 07:02:28 492:492 SyncActivityProfilerHandler.cpp:59] profiler_stop


USDT:2026-09-04 07:02:28 491:491 SyncActivityProfilerHandler.cpp:59] profiler_stopUSDT:2026-09-04 07:02:28 488:488 SyncActivityProfilerHandler.cpp:59] profiler_stopUSDT:2026-09-04 07:02:28 490:490 SyncActivityProfilerHandler.cpp:59] profiler_stopUSDT:2026-09-04 07:02:28 494:494 SyncActivityProfilerHandler.cpp:59] profiler_stop


USDT:2026-09-04 07:02:28 489:489 SyncActivityProfilerHandler.cpp:59] profiler_stop

   * EP:  25/32 | dispatch: 109 GB/s (SO), 220 GB/s (SU), 2030.000 us, 446022720 bytes | copy: 4652 GB/s, 191.746 us
   * EP:  28/32 | dispatch: 109 GB/s (SO), 219 GB/s (SU), 2032.000 us, 445251456 bytes | copy: 4526 GB/s, 196.736 us
   * EP:  27/32 | dispatch: 109 GB/s (SO), 220 GB/s (SU), 2033.000 us, 448149312 bytes | copy: 4784 GB/s, 187.354 us
   * EP:  29/32 | dispatch: 109 GB/s (SO), 219 GB/s (SU), 2033.000 us, 445041792 bytes | copy: 4836 GB/s, 184.072 us
   * EP:  24/32 | dispatch: 109 GB/s (SO), 220 GB/s (SU), 2031.000 us, 446629248 bytes | copy: 5230 GB/s, 170.787 us
   * EP:  30/32 | dispatch: 109 GB/s (SO), 218 GB/s (SU), 2032.000 us, 442211328 bytes | copy: 4487 GB/s, 197.105 us
   * EP:  31/32 | dispatch: 109 GB/s (SO), 219 GB/s (SU), 2032.000 us, 444367872 bytes | copy: 4628 GB/s, 192.024 us
   * EP:  26/32 | dispatch: 109 GB/s (SO), 218 GB/s (SU), 2031.000 us, 443506752 bytes | copy: 4388 GB/s, 202.143 us
USDT:2026-09-04 07:02:29 493:493 SyncActivityProfilerHandler.cpp:52] profiler_startUSDT:2026-09-04 07:02:29 495:495 SyncActivityProfilerHandler.cpp:52] profiler_start
USDT:2026-09-04 07:02:29 494:494 SyncActivityProfilerHandler.cpp:52] profiler_startUSDT:2026-09-04 07:02:29 489:489 SyncActivityProfilerHandler.cpp:52] profiler_startUSDT:2026-09-04 07:02:29 492:492 SyncActivityProfilerHandler.cpp:52] profiler_start

USDT:2026-09-04 07:02:29 488:488 SyncActivityProfilerHandler.cpp:52] profiler_start
USDT:2026-09-04 07:02:29 491:491 SyncActivityProfilerHandler.cpp:52] profiler_start


USDT:2026-09-04 07:02:29 490:490 SyncActivityProfilerHandler.cpp:52] profiler_start
USDT:2026-09-04 07:02:29 493:493 SyncActivityProfilerHandler.cpp:59] profiler_stop
USDT:2026-09-04 07:02:29 495:495 SyncActivityProfilerHandler.cpp:59] profiler_stop
USDT:2026-09-04 07:02:29 494:494 SyncActivityProfilerHandler.cpp:59] profiler_stopUSDT:2026-09-04 07:02:29 492:492 SyncActivityProfilerHandler.cpp:59] profiler_stopUSDT:2026-09-04 07:02:29 490:490 SyncActivityProfilerHandler.cpp:59] profiler_stop
USDT:2026-09-04 07:02:29 488:488 SyncActivityProfilerHandler.cpp:59] profiler_stopUSDT:2026-09-04 07:02:29 491:491 SyncActivityProfilerHandler.cpp:59] profiler_stop



USDT:2026-09-04 07:02:29 489:489 SyncActivityProfilerHandler.cpp:59] profiler_stop
   - EP:  28/32 | expanded dispatch: 109 GB/s (SO), 220 GB/s (SU), 2027.000 us, 445251456 bytes | copy: 4408 GB/s, 213.665 us
   - EP:  25/32 | expanded dispatch: 109 GB/s (SO), 220 GB/s (SU), 2025.000 us, 446022720 bytes | copy: 4292 GB/s, 219.505 us
   - EP:  30/32 | expanded dispatch: 109 GB/s (SO), 218 GB/s (SU), 2028.000 us, 442211328 bytes | copy: 4499 GB/s, 207.806 us
   - EP:  27/32 | expanded dispatch: 109 GB/s (SO), 221 GB/s (SU), 2028.000 us, 448149312 bytes | copy: 4362 GB/s, 217.343 us
   - EP:  24/32 | expanded dispatch: 109 GB/s (SO), 220 GB/s (SU), 2026.000 us, 446629248 bytes | copy: 4737 GB/s, 199.287 us
   - EP:  29/32 | expanded dispatch: 109 GB/s (SO), 219 GB/s (SU), 2028.000 us, 445041792 bytes | copy: 4605 GB/s, 204.436 us
   - EP:  31/32 | expanded dispatch: 109 GB/s (SO), 219 GB/s (SU), 2027.000 us, 444367872 bytes | copy: 4778 GB/s, 196.632 us
   - EP:  26/32 | expanded dispatch: 109 GB/s (SO), 219 GB/s (SU), 2026.000 us, 443506752 bytes | copy: 4176 GB/s, 224.417 us
USDT:2026-09-04 07:02:30 493:493 SyncActivityProfilerHandler.cpp:52] profiler_startUSDT:2026-09-04 07:02:30 494:494 SyncActivityProfilerHandler.cpp:52] profiler_startUSDT:2026-09-04 07:02:30 489:489 SyncActivityProfilerHandler.cpp:52] profiler_startUSDT:2026-09-04 07:02:30 495:495 SyncActivityProfilerHandler.cpp:52] profiler_startUSDT:2026-09-04 07:02:30 490:490 SyncActivityProfilerHandler.cpp:52] profiler_start
USDT:2026-09-04 07:02:30 492:492 SyncActivityProfilerHandler.cpp:52] profiler_startUSDT:2026-09-04 07:02:30 491:491 SyncActivityProfilerHandler.cpp:52] profiler_start



USDT:2026-09-04 07:02:30 488:488 SyncActivityProfilerHandler.cpp:52] profiler_start


USDT:2026-09-04 07:02:30 495:495 SyncActivityProfilerHandler.cpp:59] profiler_stopUSDT:2026-09-04 07:02:30 494:494 SyncActivityProfilerHandler.cpp:59] profiler_stop

USDT:2026-09-04 07:02:30 490:490 SyncActivityProfilerHandler.cpp:59] profiler_stopUSDT:2026-09-04 07:02:30 491:491 SyncActivityProfilerHandler.cpp:59] profiler_stopUSDT:2026-09-04 07:02:30 493:493 SyncActivityProfilerHandler.cpp:59] profiler_stop

USDT:2026-09-04 07:02:30 488:488 SyncActivityProfilerHandler.cpp:59] profiler_stop

USDT:2026-09-04 07:02:30 489:489 SyncActivityProfilerHandler.cpp:59] profiler_stop
USDT:2026-09-04 07:02:30 492:492 SyncActivityProfilerHandler.cpp:59] profiler_stop
   # EP:  25/32 | cached dispatch: 104 GB/s (SO), 209 GB/s (SU), 2136.000 us, 446022720 bytes | copy: 4979 GB/s, 179.152 us
   # EP:  28/32 | cached dispatch: 103 GB/s (SO), 208 GB/s (SU), 2139.000 us, 445251456 bytes | copy: 5164 GB/s, 172.435 us
   # EP:  24/32 | cached dispatch: 103 GB/s (SO), 209 GB/s (SU), 2138.000 us, 446629248 bytes | copy: 4894 GB/s, 182.523 us
   # EP:  31/32 | cached dispatch: 103 GB/s (SO), 208 GB/s (SU), 2139.000 us, 444367872 bytes | copy: 4563 GB/s, 194.755 us
   # EP:  30/32 | cached dispatch: 103 GB/s (SO), 207 GB/s (SU), 2139.000 us, 442211328 bytes | copy: 4832 GB/s, 183.034 us
   # EP:  26/32 | cached dispatch: 103 GB/s (SO), 207 GB/s (SU), 2138.000 us, 443506752 bytes | copy: 4563 GB/s, 194.404 us
   # EP:  29/32 | cached dispatch: 103 GB/s (SO), 208 GB/s (SU), 2140.000 us, 445041792 bytes | copy: 4748 GB/s, 187.460 us
   # EP:  27/32 | cached dispatch: 103 GB/s (SO), 210 GB/s (SU), 2139.000 us, 448149312 bytes | copy: 5153 GB/s, 173.948 us
USDT:2026-09-04 07:02:31 493:493 SyncActivityProfilerHandler.cpp:52] profiler_start
USDT:2026-09-04 07:02:31 495:495 SyncActivityProfilerHandler.cpp:52] profiler_start
USDT:2026-09-04 07:02:31 489:489 SyncActivityProfilerHandler.cpp:52] profiler_startUSDT:2026-09-04 07:02:31 491:491 SyncActivityProfilerHandler.cpp:52] profiler_start

USDT:2026-09-04 07:02:31 492:492 SyncActivityProfilerHandler.cpp:52] profiler_start
USDT:2026-09-04 07:02:31 490:490 SyncActivityProfilerHandler.cpp:52] profiler_start
USDT:2026-09-04 07:02:31 488:488 SyncActivityProfilerHandler.cpp:52] profiler_start
USDT:2026-09-04 07:02:31 494:494 SyncActivityProfilerHandler.cpp:52] profiler_start
USDT:2026-09-04 07:02:31 493:493 SyncActivityProfilerHandler.cpp:59] profiler_stop
USDT:2026-09-04 07:02:31 495:495 SyncActivityProfilerHandler.cpp:59] profiler_stop
USDT:2026-09-04 07:02:31 489:489 SyncActivityProfilerHandler.cpp:59] profiler_stop
USDT:2026-09-04 07:02:31 491:491 SyncActivityProfilerHandler.cpp:59] profiler_stop
USDT:2026-09-04 07:02:31 492:492 SyncActivityProfilerHandler.cpp:59] profiler_stop
USDT:2026-09-04 07:02:31 490:490 SyncActivityProfilerHandler.cpp:59] profiler_stop
USDT:2026-09-04 07:02:31 488:488 SyncActivityProfilerHandler.cpp:59] profiler_stop
USDT:2026-09-04 07:02:31 494:494 SyncActivityProfilerHandler.cpp:59] profiler_stop
   @ EP:  29/32 | combine: 95 GB/s (SO), 192 GB/s (SU), 4459.000 us, 853947712 bytes | reduce: 5120 GB/s, 105.772 us
   @ EP:  25/32 | combine: 81 GB/s (SO), 162 GB/s (SU), 5280.000 us, 855829920 bytes | reduce: 5224 GB/s, 103.868 us
   @ EP:  27/32 | combine: 80 GB/s (SO), 163 GB/s (SU), 5277.000 us, 859910432 bytes | reduce: 5180 GB/s, 104.386 us
   @ EP:  31/32 | combine: 81 GB/s (SO), 162 GB/s (SU), 5265.000 us, 852654592 bytes | reduce: 5208 GB/s, 104.014 us
   @ EP:  28/32 | combine: 80 GB/s (SO), 161 GB/s (SU), 5298.000 us, 854350016 bytes | reduce: 5183 GB/s, 104.428 us
   @ EP:  30/32 | combine: 78 GB/s (SO), 157 GB/s (SU), 5408.000 us, 848516608 bytes | reduce: 5168 GB/s, 104.792 us
   @ EP:  24/32 | combine: 79 GB/s (SO), 159 GB/s (SU), 5387.000 us, 856993728 bytes | reduce: 5232 GB/s, 103.286 us
   @ EP:  26/32 | combine: 79 GB/s (SO), 159 GB/s (SU), 5346.000 us, 851002272 bytes | reduce: 5199 GB/s, 104.119 us
USDT:2026-09-04 07:02:32 495:495 SyncActivityProfilerHandler.cpp:52] profiler_start
USDT:2026-09-04 07:02:32 492:492 SyncActivityProfilerHandler.cpp:52] profiler_start
USDT:2026-09-04 07:02:32 494:494 SyncActivityProfilerHandler.cpp:52] profiler_startUSDT:2026-09-04 07:02:32 490:490 SyncActivityProfilerHandler.cpp:52] profiler_start

USDT:2026-09-04 07:02:32 491:491 SyncActivityProfilerHandler.cpp:52] profiler_start
USDT:2026-09-04 07:02:32 489:489 SyncActivityProfilerHandler.cpp:52] profiler_startUSDT:2026-09-04 07:02:32 493:493 SyncActivityProfilerHandler.cpp:52] profiler_start

USDT:2026-09-04 07:02:32 488:488 SyncActivityProfilerHandler.cpp:52] profiler_start
USDT:2026-09-04 07:02:32 492:492 SyncActivityProfilerHandler.cpp:59] profiler_stop
USDT:2026-09-04 07:02:32 489:489 SyncActivityProfilerHandler.cpp:59] profiler_stopUSDT:2026-09-04 07:02:32 490:490 SyncActivityProfilerHandler.cpp:59] profiler_stopUSDT:2026-09-04 07:02:32 491:491 SyncActivityProfilerHandler.cpp:59] profiler_stop


USDT:2026-09-04 07:02:32 494:494 SyncActivityProfilerHandler.cpp:59] profiler_stop
USDT:2026-09-04 07:02:32 495:495 SyncActivityProfilerHandler.cpp:59] profiler_stop
USDT:2026-09-04 07:02:32 493:493 SyncActivityProfilerHandler.cpp:59] profiler_stop
USDT:2026-09-04 07:02:32 488:488 SyncActivityProfilerHandler.cpp:59] profiler_stop
   + EP:  27/32 | reduced combine: 91 GB/s (SO), 184 GB/s (SU), 4673.000 us, 859910432 bytes | reduce: 5164 GB/s, 104.719 us
   + EP:  30/32 | reduced combine: 90 GB/s (SO), 180 GB/s (SU), 4724.000 us, 848516608 bytes | reduce: 5118 GB/s, 105.798 us
   + EP:  28/32 | reduced combine: 91 GB/s (SO), 184 GB/s (SU), 4635.000 us, 854350016 bytes | reduce: 5131 GB/s, 105.500 us
   + EP:  25/32 | reduced combine: 91 GB/s (SO), 184 GB/s (SU), 4659.000 us, 855829920 bytes | reduce: 5130 GB/s, 105.766 us
   + EP:  26/32 | reduced combine: 90 GB/s (SO), 181 GB/s (SU), 4695.000 us, 851002272 bytes | reduce: 5149 GB/s, 105.147 us
   + EP:  29/32 | reduced combine: 90 GB/s (SO), 181 GB/s (SU), 4728.000 us, 853947712 bytes | reduce: 5132 GB/s, 105.521 us
   + EP:  31/32 | reduced combine: 91 GB/s (SO), 183 GB/s (SU), 4653.000 us, 852654592 bytes | reduce: 5162 GB/s, 104.938 us
   + EP:  24/32 | reduced combine: 89 GB/s (SO), 181 GB/s (SU), 4746.000 us, 856993728 bytes | reduce: 5166 GB/s, 104.608 us


