=== EP_NIC_NAME=rdmap101s0 (auto, 400 Gb/s) ===
=== NCCL_IB_HCA=rdmap (auto: non-EFA ibverbs device ibp198s0f0 present) ===
=== GIN: NCCL_GIN_TYPE=5 NCCL_SYM_GIN_KERNELS_ENABLE=0 ===
=== PREFER_OVERLAP=0 (--prefer-overlap-with-compute) ===
=== IMAGE=deepep-v2-efa-official:sm103  DeepEP=97d8f9bcc1be31e9036db2ab591ef9b9f4e38619 ===
+ docker run --rm --init --gpus all --privileged --network=host --ipc=host --ulimit memlock=-1 --ulimit stack=67108864 --device=/dev/infiniband --device=/dev/gdrdrv -v /sys/class/infiniband:/sys/class/infiniband:ro -e MASTER_ADDR=172.31.30.41 -e MASTER_PORT=9602 -e WORLD_SIZE=4 -e RANK=3 -e NCCL_DEBUG=WARN -e EP_NIC_NAME=rdmap101s0 -e NCCL_IB_HCA=rdmap -e NCCL_GIN_TYPE=5 -e NCCL_SYM_GIN_KERNELS_ENABLE=0 -e NCCL_NVLS_ENABLE=0 -e PYTHONUNBUFFERED=1 -e PYTHONFAULTHANDLER=1 deepep-v2-efa-official:sm103 bash -lc 'timeout -s ABRT --kill-after=60 1800     python3 -u /opt/DeepEP/tests/elastic/test_ep.py     --num-processes=8 --num-tokens=128     --hidden=7168 --num-topk=8 --num-experts=256     --num-sms=12 --allow-hybrid-mode=1     --prefer-overlap-with-compute=0 --test-first-only      '

==========
== CUDA ==
==========

CUDA Version 13.3.1

Container image Copyright (c) 2016-2023, NVIDIA CORPORATION & AFFILIATES. All rights reserved.

This container image and its contents are governed by the NVIDIA Deep Learning Container License.
By pulling and using the container, you accept the terms and conditions of this license:
https://developer.nvidia.com/ngc/nvidia-deep-learning-container-license

A copy of this license is made available in this container at /NGC-DL-CONTAINER-LICENSE for your convenience.

DeepEP hybrid kernel selection: unordered
DeepEP hybrid kernel selection: unordered
DeepEP hybrid kernel selection: unordered
DeepEP hybrid kernel selection: unordered
DeepEP hybrid kernel selection: unordered
DeepEP hybrid kernel selection: unordered
DeepEP hybrid kernel selection: unordered
DeepEP hybrid kernel selection: unordered
DeepEP hybrid kernel selection: unordered
DeepEP hybrid kernel selection: unordered
DeepEP hybrid kernel selection: unordered
DeepEP hybrid kernel selection: unordered
DeepEP hybrid kernel selection: unordered
DeepEP hybrid kernel selection: unordered
DeepEP hybrid kernel selection: unordered
DeepEP hybrid kernel selection: unordered
Config:
 > Ranks: 4 x 8
 > Experts: 8/256
 > Tokens: 104 (max: 128), hidden: 7168
 > #SM: 12, #QPs: 11/11

Running all test cases:
 > Testing with do_handle_copy=1, expert_alignment=128, use_fp8_dispatch=1, num_bias=0, with_previous_event=0, async_with_compute_stream=0, allocate_on_comm_stream=0 ...
USDT:2026-09-04 06:59:35 490:490 SyncActivityProfilerHandler.cpp:52] profiler_startUSDT:2026-09-04 06:59:35 486:486 SyncActivityProfilerHandler.cpp:52] profiler_startUSDT:2026-09-04 06:59:35 491:491 SyncActivityProfilerHandler.cpp:52] profiler_startUSDT:2026-09-04 06:59:35 492:492 SyncActivityProfilerHandler.cpp:52] profiler_startUSDT:2026-09-04 06:59:35 493:493 SyncActivityProfilerHandler.cpp:52] profiler_start

USDT:2026-09-04 06:59:35 489:489 SyncActivityProfilerHandler.cpp:52] profiler_start
USDT:2026-09-04 06:59:35 488:488 SyncActivityProfilerHandler.cpp:52] profiler_startUSDT:2026-09-04 06:59:35 487:487 SyncActivityProfilerHandler.cpp:52] profiler_start




USDT:2026-09-04 06:59:36 490:490 SyncActivityProfilerHandler.cpp:59] profiler_stopUSDT:2026-09-04 06:59:36 487:487 SyncActivityProfilerHandler.cpp:59] profiler_stop

USDT:2026-09-04 06:59:36 492:492 SyncActivityProfilerHandler.cpp:59] profiler_stopUSDT:2026-09-04 06:59:36 488:488 SyncActivityProfilerHandler.cpp:59] profiler_stopUSDT:2026-09-04 06:59:36 486:486 SyncActivityProfilerHandler.cpp:59] profiler_stop


USDT:2026-09-04 06:59:36 491:491 SyncActivityProfilerHandler.cpp:59] profiler_stopUSDT:2026-09-04 06:59:36 493:493 SyncActivityProfilerHandler.cpp:59] profiler_stop

USDT:2026-09-04 06:59:36 489:489 SyncActivityProfilerHandler.cpp:59] profiler_stop
   * EP:  30/32 | dispatch: 8 GB/s (SO), 20 GB/s (SU), 314.217 us, 6342336 bytes | copy: 495 GB/s, 25.619 us
   * EP:  31/32 | dispatch: 9 GB/s (SO), 19 GB/s (SU), 313.864 us, 5923008 bytes | copy: 279 GB/s, 42.498 us
   * EP:  25/32 | dispatch: 9 GB/s (SO), 19 GB/s (SU), 309.829 us, 5863104 bytes | copy: 400 GB/s, 29.289 us
   * EP:  27/32 | dispatch: 9 GB/s (SO), 20 GB/s (SU), 314.837 us, 6215040 bytes | copy: 357 GB/s, 34.852 us
   * EP:  29/32 | dispatch: 9 GB/s (SO), 19 GB/s (SU), 314.291 us, 5818176 bytes | copy: 847 GB/s, 13.731 us
   * EP:  28/32 | dispatch: 9 GB/s (SO), 20 GB/s (SU), 314.647 us, 6177600 bytes | copy: 280 GB/s, 44.148 us
   * EP:  24/32 | dispatch: 9 GB/s (SO), 20 GB/s (SU), 313.451 us, 6424704 bytes | copy: 668 GB/s, 19.242 us
   * EP:  26/32 | dispatch: 9 GB/s (SO), 20 GB/s (SU), 314.191 us, 6200064 bytes | copy: 975 GB/s, 12.718 us
USDT:2026-09-04 06:59:36 493:493 SyncActivityProfilerHandler.cpp:52] profiler_startUSDT:2026-09-04 06:59:36 486:486 SyncActivityProfilerHandler.cpp:52] profiler_startUSDT:2026-09-04 06:59:36 488:488 SyncActivityProfilerHandler.cpp:52] profiler_startUSDT:2026-09-04 06:59:36 492:492 SyncActivityProfilerHandler.cpp:52] profiler_start
USDT:2026-09-04 06:59:36 489:489 SyncActivityProfilerHandler.cpp:52] profiler_startUSDT:2026-09-04 06:59:36 487:487 SyncActivityProfilerHandler.cpp:52] profiler_startUSDT:2026-09-04 06:59:36 490:490 SyncActivityProfilerHandler.cpp:52] profiler_start


USDT:2026-09-04 06:59:36 491:491 SyncActivityProfilerHandler.cpp:52] profiler_start



USDT:2026-09-04 06:59:36 488:488 SyncActivityProfilerHandler.cpp:59] profiler_stopUSDT:2026-09-04 06:59:36 487:487 SyncActivityProfilerHandler.cpp:59] profiler_stopUSDT:2026-09-04 06:59:36 486:486 SyncActivityProfilerHandler.cpp:59] profiler_stop
USDT:2026-09-04 06:59:36 490:490 SyncActivityProfilerHandler.cpp:59] profiler_stop
USDT:2026-09-04 06:59:36 493:493 SyncActivityProfilerHandler.cpp:59] profiler_stop
USDT:2026-09-04 06:59:36 492:492 SyncActivityProfilerHandler.cpp:59] profiler_stopUSDT:2026-09-04 06:59:36 489:489 SyncActivityProfilerHandler.cpp:59] profiler_stop
USDT:2026-09-04 06:59:36 491:491 SyncActivityProfilerHandler.cpp:59] profiler_stop



   - EP:  31/32 | expanded dispatch: 8 GB/s (SO), 19 GB/s (SU), 316.788 us, 5923008 bytes | copy: 297 GB/s, 45.511 us
   - EP:  27/32 | expanded dispatch: 9 GB/s (SO), 20 GB/s (SU), 316.873 us, 6215040 bytes | copy: 412 GB/s, 37.906 us
   - EP:  26/32 | expanded dispatch: 9 GB/s (SO), 20 GB/s (SU), 316.132 us, 6200064 bytes | copy: 983 GB/s, 14.933 us
   - EP:  25/32 | expanded dispatch: 9 GB/s (SO), 19 GB/s (SU), 312.696 us, 5863104 bytes | copy: 396 GB/s, 33.659 us
   - EP:  24/32 | expanded dispatch: 9 GB/s (SO), 20 GB/s (SU), 316.625 us, 6424704 bytes | copy: 616 GB/s, 22.837 us
   - EP:  28/32 | expanded dispatch: 9 GB/s (SO), 19 GB/s (SU), 317.253 us, 6177600 bytes | copy: 315 GB/s, 43.914 us
   - EP:  30/32 | expanded dispatch: 8 GB/s (SO), 20 GB/s (SU), 316.671 us, 6342336 bytes | copy: 519 GB/s, 28.727 us
   - EP:  29/32 | expanded dispatch: 8 GB/s (SO), 18 GB/s (SU), 316.494 us, 5818176 bytes | copy: 912 GB/s, 14.660 us
USDT:2026-09-04 06:59:37 489:489 SyncActivityProfilerHandler.cpp:52] profiler_startUSDT:2026-09-04 06:59:37 493:493 SyncActivityProfilerHandler.cpp:52] profiler_startUSDT:2026-09-04 06:59:37 488:488 SyncActivityProfilerHandler.cpp:52] profiler_startUSDT:2026-09-04 06:59:37 490:490 SyncActivityProfilerHandler.cpp:52] profiler_startUSDT:2026-09-04 06:59:37 487:487 SyncActivityProfilerHandler.cpp:52] profiler_start

USDT:2026-09-04 06:59:37 492:492 SyncActivityProfilerHandler.cpp:52] profiler_start


USDT:2026-09-04 06:59:37 491:491 SyncActivityProfilerHandler.cpp:52] profiler_start

USDT:2026-09-04 06:59:37 486:486 SyncActivityProfilerHandler.cpp:52] profiler_start
USDT:2026-09-04 06:59:37 492:492 SyncActivityProfilerHandler.cpp:59] profiler_stopUSDT:2026-09-04 06:59:37 486:486 SyncActivityProfilerHandler.cpp:59] profiler_stopUSDT:2026-09-04 06:59:37 490:490 SyncActivityProfilerHandler.cpp:59] profiler_stopUSDT:2026-09-04 06:59:37 488:488 SyncActivityProfilerHandler.cpp:59] profiler_stopUSDT:2026-09-04 06:59:37 487:487 SyncActivityProfilerHandler.cpp:59] profiler_stop
USDT:2026-09-04 06:59:37 493:493 SyncActivityProfilerHandler.cpp:59] profiler_stopUSDT:2026-09-04 06:59:37 489:489 SyncActivityProfilerHandler.cpp:59] profiler_stop


USDT:2026-09-04 06:59:37 491:491 SyncActivityProfilerHandler.cpp:59] profiler_stop



   # EP:  31/32 | cached dispatch: 8 GB/s (SO), 18 GB/s (SU), 320.477 us, 5923008 bytes | copy: 342 GB/s, 34.595 us
   # EP:  28/32 | cached dispatch: 9 GB/s (SO), 19 GB/s (SU), 320.964 us, 6177600 bytes | copy: 341 GB/s, 36.263 us
   # EP:  27/32 | cached dispatch: 9 GB/s (SO), 19 GB/s (SU), 319.792 us, 6215040 bytes | copy: 447 GB/s, 27.806 us
   # EP:  30/32 | cached dispatch: 8 GB/s (SO), 20 GB/s (SU), 318.915 us, 6342336 bytes | copy: 481 GB/s, 26.376 us
   # EP:  29/32 | cached dispatch: 8 GB/s (SO), 18 GB/s (SU), 319.271 us, 5818176 bytes | copy: 1237 GB/s, 9.408 us
   # EP:  26/32 | cached dispatch: 9 GB/s (SO), 19 GB/s (SU), 319.792 us, 6200064 bytes | copy: 910 GB/s, 13.621 us
   # EP:  25/32 | cached dispatch: 9 GB/s (SO), 18 GB/s (SU), 318.267 us, 5863104 bytes | copy: 362 GB/s, 32.349 us
   # EP:  24/32 | cached dispatch: 9 GB/s (SO), 20 GB/s (SU), 320.419 us, 6424704 bytes | copy: 549 GB/s, 23.416 us
USDT:2026-09-04 06:59:38 487:487 SyncActivityProfilerHandler.cpp:52] profiler_startUSDT:2026-09-04 06:59:38 489:489 SyncActivityProfilerHandler.cpp:52] profiler_start

USDT:2026-09-04 06:59:38 490:490 SyncActivityProfilerHandler.cpp:52] profiler_startUSDT:2026-09-04 06:59:38 488:488 SyncActivityProfilerHandler.cpp:52] profiler_start

USDT:2026-09-04 06:59:38 493:493 SyncActivityProfilerHandler.cpp:52] profiler_startUSDT:2026-09-04 06:59:38 491:491 SyncActivityProfilerHandler.cpp:52] profiler_start
USDT:2026-09-04 06:59:38 486:486 SyncActivityProfilerHandler.cpp:52] profiler_start

USDT:2026-09-04 06:59:38 492:492 SyncActivityProfilerHandler.cpp:52] profiler_start
USDT:2026-09-04 06:59:38 492:492 SyncActivityProfilerHandler.cpp:59] profiler_stop
USDT:2026-09-04 06:59:38 487:487 SyncActivityProfilerHandler.cpp:59] profiler_stopUSDT:2026-09-04 06:59:38 490:490 SyncActivityProfilerHandler.cpp:59] profiler_stop

USDT:2026-09-04 06:59:38 493:493 SyncActivityProfilerHandler.cpp:59] profiler_stopUSDT:2026-09-04 06:59:38 486:486 SyncActivityProfilerHandler.cpp:59] profiler_stop
USDT:2026-09-04 06:59:38 488:488 SyncActivityProfilerHandler.cpp:59] profiler_stopUSDT:2026-09-04 06:59:38 489:489 SyncActivityProfilerHandler.cpp:59] profiler_stop

USDT:2026-09-04 06:59:38 491:491 SyncActivityProfilerHandler.cpp:59] profiler_stop

   @ EP:  30/32 | combine: 17 GB/s (SO), 42 GB/s (SU), 293.051 us, 12169696 bytes | reduce: 1009 GB/s, 6.351 us
   @ EP:  31/32 | combine: 18 GB/s (SO), 40 GB/s (SU), 282.200 us, 11365088 bytes | reduce: 1018 GB/s, 6.420 us
   @ EP:  29/32 | combine: 17 GB/s (SO), 38 GB/s (SU), 295.688 us, 11163936 bytes | reduce: 1038 GB/s, 6.340 us
   @ EP:  28/32 | combine: 18 GB/s (SO), 41 GB/s (SU), 287.121 us, 11853600 bytes | reduce: 1072 GB/s, 6.273 us   @ EP:  26/32 | combine: 18 GB/s (SO), 41 GB/s (SU), 291.837 us, 11896704 bytes | reduce: 1067 GB/s, 6.317 us

   @ EP:  27/32 | combine: 18 GB/s (SO), 41 GB/s (SU), 289.288 us, 11925440 bytes | reduce: 1044 GB/s, 6.397 us
   @ EP:  25/32 | combine: 19 GB/s (SO), 40 GB/s (SU), 283.522 us, 11250144 bytes | reduce: 1086 GB/s, 6.282 us
   @ EP:  24/32 | combine: 18 GB/s (SO), 42 GB/s (SU), 295.350 us, 12327744 bytes | reduce: 1108 GB/s, 6.224 us
USDT:2026-09-04 06:59:38 487:487 SyncActivityProfilerHandler.cpp:52] profiler_startUSDT:2026-09-04 06:59:38 489:489 SyncActivityProfilerHandler.cpp:52] profiler_startUSDT:2026-09-04 06:59:38 493:493 SyncActivityProfilerHandler.cpp:52] profiler_startUSDT:2026-09-04 06:59:38 490:490 SyncActivityProfilerHandler.cpp:52] profiler_start
USDT:2026-09-04 06:59:38 488:488 SyncActivityProfilerHandler.cpp:52] profiler_start

USDT:2026-09-04 06:59:38 491:491 SyncActivityProfilerHandler.cpp:52] profiler_start
USDT:2026-09-04 06:59:38 492:492 SyncActivityProfilerHandler.cpp:52] profiler_start


USDT:2026-09-04 06:59:38 486:486 SyncActivityProfilerHandler.cpp:52] profiler_start
USDT:2026-09-04 06:59:39 487:487 SyncActivityProfilerHandler.cpp:59] profiler_stop
USDT:2026-09-04 06:59:39 492:492 SyncActivityProfilerHandler.cpp:59] profiler_stop
USDT:2026-09-04 06:59:39 490:490 SyncActivityProfilerHandler.cpp:59] profiler_stopUSDT:2026-09-04 06:59:39 489:489 SyncActivityProfilerHandler.cpp:59] profiler_stopUSDT:2026-09-04 06:59:39 488:488 SyncActivityProfilerHandler.cpp:59] profiler_stop

USDT:2026-09-04 06:59:39 486:486 SyncActivityProfilerHandler.cpp:59] profiler_stop

USDT:2026-09-04 06:59:39 491:491 SyncActivityProfilerHandler.cpp:59] profiler_stopUSDT:2026-09-04 06:59:39 493:493 SyncActivityProfilerHandler.cpp:59] profiler_stop

   + EP:  30/32 | reduced combine: 16 GB/s (SO), 40 GB/s (SU), 305.081 us, 12169696 bytes | reduce: 1002 GB/s, 6.395 us
   + EP:  28/32 | reduced combine: 18 GB/s (SO), 40 GB/s (SU), 299.927 us, 11853600 bytes | reduce: 1078 GB/s, 6.240 us
   + EP:  29/32 | reduced combine: 17 GB/s (SO), 36 GB/s (SU), 308.690 us, 11163936 bytes | reduce: 1051 GB/s, 6.263 us
   + EP:  31/32 | reduced combine: 18 GB/s (SO), 39 GB/s (SU), 293.375 us, 11365088 bytes | reduce: 1034 GB/s, 6.323 us
   + EP:  26/32 | reduced combine: 17 GB/s (SO), 39 GB/s (SU), 305.343 us, 11896704 bytes | reduce: 1084 GB/s, 6.219 us
   + EP:  25/32 | reduced combine: 18 GB/s (SO), 38 GB/s (SU), 298.179 us, 11250144 bytes | reduce: 1074 GB/s, 6.352 us
   + EP:  27/32 | reduced combine: 17 GB/s (SO), 40 GB/s (SU), 301.613 us, 11925440 bytes | reduce: 1060 GB/s, 6.303 us
   + EP:  24/32 | reduced combine: 17 GB/s (SO), 40 GB/s (SU), 308.972 us, 12327744 bytes | reduce: 1112 GB/s, 6.200 us


