=== EP_NIC_NAME=rdmap101s0 (auto, 400 Gb/s) ===
=== NCCL_IB_HCA=rdmap (auto: non-EFA ibverbs device ibp198s0f0 present) ===
=== GIN: NCCL_GIN_TYPE=5 NCCL_SYM_GIN_KERNELS_ENABLE=0 ===
=== PREFER_OVERLAP=0 (--prefer-overlap-with-compute) ===
=== IMAGE=deepep-v2-efa-official:sm103  DeepEP=97d8f9bcc1be31e9036db2ab591ef9b9f4e38619 ===
+ docker run --rm --init --gpus all --privileged --network=host --ipc=host --ulimit memlock=-1 --ulimit stack=67108864 --device=/dev/infiniband --device=/dev/gdrdrv -v /sys/class/infiniband:/sys/class/infiniband:ro -e MASTER_ADDR=172.31.30.41 -e MASTER_PORT=9611 -e WORLD_SIZE=4 -e RANK=1 -e NCCL_DEBUG=WARN -e EP_NIC_NAME=rdmap101s0 -e NCCL_IB_HCA=rdmap -e NCCL_GIN_TYPE=5 -e NCCL_SYM_GIN_KERNELS_ENABLE=0 -e NCCL_NVLS_ENABLE=0 -e PYTHONUNBUFFERED=1 -e PYTHONFAULTHANDLER=1 deepep-v2-efa-official:sm103 bash -lc 'timeout -s ABRT --kill-after=60 1800     python3 -u /opt/DeepEP/tests/elastic/test_ep.py     --num-processes=8 --num-tokens=8192     --hidden=7168 --num-topk=8 --num-experts=256     --num-sms=12 --allow-hybrid-mode=1     --prefer-overlap-with-compute=0 --test-first-only      '

==========
== CUDA ==
==========

CUDA Version 13.3.1

Container image Copyright (c) 2016-2023, NVIDIA CORPORATION & AFFILIATES. All rights reserved.

This container image and its contents are governed by the NVIDIA Deep Learning Container License.
By pulling and using the container, you accept the terms and conditions of this license:
https://developer.nvidia.com/ngc/nvidia-deep-learning-container-license

A copy of this license is made available in this container at /NGC-DL-CONTAINER-LICENSE for your convenience.

DeepEP hybrid kernel selection: unordered
DeepEP hybrid kernel selection: unordered
DeepEP hybrid kernel selection: unordered
DeepEP hybrid kernel selection: unordered
DeepEP hybrid kernel selection: unordered
DeepEP hybrid kernel selection: unordered
DeepEP hybrid kernel selection: unordered
DeepEP hybrid kernel selection: unordered
DeepEP hybrid kernel selection: unordered
DeepEP hybrid kernel selection: unordered
DeepEP hybrid kernel selection: unordered
DeepEP hybrid kernel selection: unordered
DeepEP hybrid kernel selection: unordered
DeepEP hybrid kernel selection: unordered
DeepEP hybrid kernel selection: unordered
DeepEP hybrid kernel selection: unordered
Config:
 > Ranks: 4 x 8
 > Experts: 8/256
 > Tokens: 8184 (max: 8192), hidden: 7168
 > #SM: 12, #QPs: 11/11

Running all test cases:
 > Testing with do_handle_copy=1, expert_alignment=128, use_fp8_dispatch=1, num_bias=0, with_previous_event=0, async_with_compute_stream=0, allocate_on_comm_stream=0 ...
USDT:2026-09-04 07:25:10 487:487 SyncActivityProfilerHandler.cpp:52] profiler_startUSDT:2026-09-04 07:25:10 489:489 SyncActivityProfilerHandler.cpp:52] profiler_startUSDT:2026-09-04 07:25:10 490:490 SyncActivityProfilerHandler.cpp:52] profiler_startUSDT:2026-09-04 07:25:10 494:494 SyncActivityProfilerHandler.cpp:52] profiler_startUSDT:2026-09-04 07:25:10 491:491 SyncActivityProfilerHandler.cpp:52] profiler_startUSDT:2026-09-04 07:25:10 488:488 SyncActivityProfilerHandler.cpp:52] profiler_startUSDT:2026-09-04 07:25:10 493:493 SyncActivityProfilerHandler.cpp:52] profiler_start

USDT:2026-09-04 07:25:10 492:492 SyncActivityProfilerHandler.cpp:52] profiler_start





USDT:2026-09-04 07:25:10 492:492 SyncActivityProfilerHandler.cpp:59] profiler_stopUSDT:2026-09-04 07:25:10 494:494 SyncActivityProfilerHandler.cpp:59] profiler_stopUSDT:2026-09-04 07:25:10 493:493 SyncActivityProfilerHandler.cpp:59] profiler_stopUSDT:2026-09-04 07:25:10 488:488 SyncActivityProfilerHandler.cpp:59] profiler_stopUSDT:2026-09-04 07:25:10 487:487 SyncActivityProfilerHandler.cpp:59] profiler_stop
USDT:2026-09-04 07:25:10 491:491 SyncActivityProfilerHandler.cpp:59] profiler_stop



USDT:2026-09-04 07:25:10 490:490 SyncActivityProfilerHandler.cpp:59] profiler_stop

USDT:2026-09-04 07:25:10 489:489 SyncActivityProfilerHandler.cpp:59] profiler_stop
   * EP:  11/32 | dispatch: 110 GB/s (SO), 221 GB/s (SU), 2018.000 us, 445558464 bytes | copy: 5207 GB/s, 171.146 us
   * EP:   9/32 | dispatch: 110 GB/s (SO), 221 GB/s (SU), 2018.000 us, 445311360 bytes | copy: 5032 GB/s, 176.984 us
   * EP:  14/32 | dispatch: 110 GB/s (SO), 221 GB/s (SU), 2018.000 us, 445835520 bytes | copy: 4494 GB/s, 198.422 us
   * EP:  12/32 | dispatch: 110 GB/s (SO), 220 GB/s (SU), 2019.000 us, 443319552 bytes | copy: 5005 GB/s, 177.142 us
   * EP:  15/32 | dispatch: 109 GB/s (SO), 221 GB/s (SU), 2019.000 us, 446075136 bytes | copy: 4904 GB/s, 181.933 us
   * EP:  13/32 | dispatch: 110 GB/s (SO), 222 GB/s (SU), 2018.000 us, 447250752 bytes | copy: 4676 GB/s, 191.314 us
   * EP:   8/32 | dispatch: 110 GB/s (SO), 220 GB/s (SU), 2017.000 us, 444248064 bytes | copy: 5169 GB/s, 171.886 us
   * EP:  10/32 | dispatch: 110 GB/s (SO), 220 GB/s (SU), 2017.000 us, 443836224 bytes | copy: 4869 GB/s, 182.322 us
USDT:2026-09-04 07:25:10 489:489 SyncActivityProfilerHandler.cpp:52] profiler_startUSDT:2026-09-04 07:25:10 492:492 SyncActivityProfilerHandler.cpp:52] profiler_start
USDT:2026-09-04 07:25:10 487:487 SyncActivityProfilerHandler.cpp:52] profiler_start
USDT:2026-09-04 07:25:10 494:494 SyncActivityProfilerHandler.cpp:52] profiler_startUSDT:2026-09-04 07:25:10 491:491 SyncActivityProfilerHandler.cpp:52] profiler_startUSDT:2026-09-04 07:25:10 493:493 SyncActivityProfilerHandler.cpp:52] profiler_start

USDT:2026-09-04 07:25:10 488:488 SyncActivityProfilerHandler.cpp:52] profiler_start

USDT:2026-09-04 07:25:10 490:490 SyncActivityProfilerHandler.cpp:52] profiler_start

USDT:2026-09-04 07:25:11 489:489 SyncActivityProfilerHandler.cpp:59] profiler_stopUSDT:2026-09-04 07:25:11 494:494 SyncActivityProfilerHandler.cpp:59] profiler_stopUSDT:2026-09-04 07:25:11 487:487 SyncActivityProfilerHandler.cpp:59] profiler_stopUSDT:2026-09-04 07:25:11 491:491 SyncActivityProfilerHandler.cpp:59] profiler_stop


USDT:2026-09-04 07:25:11 488:488 SyncActivityProfilerHandler.cpp:59] profiler_stop

USDT:2026-09-04 07:25:11 493:493 SyncActivityProfilerHandler.cpp:59] profiler_stopUSDT:2026-09-04 07:25:11 492:492 SyncActivityProfilerHandler.cpp:59] profiler_stopUSDT:2026-09-04 07:25:11 490:490 SyncActivityProfilerHandler.cpp:59] profiler_stop


   - EP:  15/32 | expanded dispatch: 109 GB/s (SO), 220 GB/s (SU), 2030.000 us, 446075136 bytes | copy: 4412 GB/s, 214.116 us
   - EP:  13/32 | expanded dispatch: 109 GB/s (SO), 220 GB/s (SU), 2029.000 us, 447250752 bytes | copy: 4175 GB/s, 226.493 us
   - EP:   9/32 | expanded dispatch: 109 GB/s (SO), 219 GB/s (SU), 2030.000 us, 445311360 bytes | copy: 4129 GB/s, 228.117 us
   - EP:  10/32 | expanded dispatch: 109 GB/s (SO), 219 GB/s (SU), 2028.000 us, 443836224 bytes | copy: 4373 GB/s, 214.729 us
   - EP:   8/32 | expanded dispatch: 109 GB/s (SO), 219 GB/s (SU), 2027.000 us, 444248064 bytes | copy: 4439 GB/s, 211.776 us
   - EP:  12/32 | expanded dispatch: 109 GB/s (SO), 218 GB/s (SU), 2030.000 us, 443319552 bytes | copy: 4370 GB/s, 214.071 us
   - EP:  11/32 | expanded dispatch: 109 GB/s (SO), 219 GB/s (SU), 2030.000 us, 445558464 bytes | copy: 4537 GB/s, 207.618 us
   - EP:  14/32 | expanded dispatch: 109 GB/s (SO), 220 GB/s (SU), 2029.000 us, 445835520 bytes | copy: 4014 GB/s, 234.893 us
USDT:2026-09-04 07:25:11 494:494 SyncActivityProfilerHandler.cpp:52] profiler_startUSDT:2026-09-04 07:25:11 487:487 SyncActivityProfilerHandler.cpp:52] profiler_start

USDT:2026-09-04 07:25:11 488:488 SyncActivityProfilerHandler.cpp:52] profiler_startUSDT:2026-09-04 07:25:11 491:491 SyncActivityProfilerHandler.cpp:52] profiler_startUSDT:2026-09-04 07:25:11 492:492 SyncActivityProfilerHandler.cpp:52] profiler_startUSDT:2026-09-04 07:25:11 489:489 SyncActivityProfilerHandler.cpp:52] profiler_startUSDT:2026-09-04 07:25:11 493:493 SyncActivityProfilerHandler.cpp:52] profiler_startUSDT:2026-09-04 07:25:11 490:490 SyncActivityProfilerHandler.cpp:52] profiler_start





USDT:2026-09-04 07:25:11 494:494 SyncActivityProfilerHandler.cpp:59] profiler_stop
USDT:2026-09-04 07:25:11 488:488 SyncActivityProfilerHandler.cpp:59] profiler_stopUSDT:2026-09-04 07:25:11 493:493 SyncActivityProfilerHandler.cpp:59] profiler_stopUSDT:2026-09-04 07:25:11 491:491 SyncActivityProfilerHandler.cpp:59] profiler_stopUSDT:2026-09-04 07:25:11 489:489 SyncActivityProfilerHandler.cpp:59] profiler_stopUSDT:2026-09-04 07:25:11 490:490 SyncActivityProfilerHandler.cpp:59] profiler_stop




USDT:2026-09-04 07:25:11 492:492 SyncActivityProfilerHandler.cpp:59] profiler_stopUSDT:2026-09-04 07:25:11 487:487 SyncActivityProfilerHandler.cpp:59] profiler_stop

   # EP:  14/32 | cached dispatch: 104 GB/s (SO), 208 GB/s (SU), 2140.000 us, 445835520 bytes | copy: 4615 GB/s, 193.211 us
   # EP:   9/32 | cached dispatch: 104 GB/s (SO), 208 GB/s (SU), 2140.000 us, 445311360 bytes | copy: 4735 GB/s, 188.088 us
   # EP:  12/32 | cached dispatch: 103 GB/s (SO), 207 GB/s (SU), 2141.000 us, 443319552 bytes | copy: 4622 GB/s, 191.810 us
   # EP:  13/32 | cached dispatch: 104 GB/s (SO), 209 GB/s (SU), 2141.000 us, 447250752 bytes | copy: 4783 GB/s, 187.008 us
   # EP:  15/32 | cached dispatch: 103 GB/s (SO), 208 GB/s (SU), 2141.000 us, 446075136 bytes | copy: 5025 GB/s, 177.541 us
   # EP:   8/32 | cached dispatch: 104 GB/s (SO), 208 GB/s (SU), 2139.000 us, 444248064 bytes | copy: 4981 GB/s, 178.385 us
   # EP:  11/32 | cached dispatch: 103 GB/s (SO), 208 GB/s (SU), 2141.000 us, 445558464 bytes | copy: 5041 GB/s, 176.762 us
   # EP:  10/32 | cached dispatch: 103 GB/s (SO), 207 GB/s (SU), 2140.000 us, 443836224 bytes | copy: 4693 GB/s, 189.160 us
USDT:2026-09-04 07:25:12 490:490 SyncActivityProfilerHandler.cpp:52] profiler_start
USDT:2026-09-04 07:25:12 488:488 SyncActivityProfilerHandler.cpp:52] profiler_start
USDT:2026-09-04 07:25:12 492:492 SyncActivityProfilerHandler.cpp:52] profiler_start
USDT:2026-09-04 07:25:12 494:494 SyncActivityProfilerHandler.cpp:52] profiler_start
USDT:2026-09-04 07:25:12 491:491 SyncActivityProfilerHandler.cpp:52] profiler_start
USDT:2026-09-04 07:25:12 493:493 SyncActivityProfilerHandler.cpp:52] profiler_startUSDT:2026-09-04 07:25:12 489:489 SyncActivityProfilerHandler.cpp:52] profiler_start

USDT:2026-09-04 07:25:12 487:487 SyncActivityProfilerHandler.cpp:52] profiler_start
USDT:2026-09-04 07:25:13 490:490 SyncActivityProfilerHandler.cpp:59] profiler_stop
USDT:2026-09-04 07:25:13 492:492 SyncActivityProfilerHandler.cpp:59] profiler_stopUSDT:2026-09-04 07:25:13 488:488 SyncActivityProfilerHandler.cpp:59] profiler_stop

USDT:2026-09-04 07:25:13 494:494 SyncActivityProfilerHandler.cpp:59] profiler_stop
USDT:2026-09-04 07:25:13 489:489 SyncActivityProfilerHandler.cpp:59] profiler_stop
USDT:2026-09-04 07:25:13 493:493 SyncActivityProfilerHandler.cpp:59] profiler_stop
USDT:2026-09-04 07:25:13 491:491 SyncActivityProfilerHandler.cpp:59] profiler_stop
USDT:2026-09-04 07:25:13 487:487 SyncActivityProfilerHandler.cpp:59] profiler_stop
   @ EP:  11/32 | combine: 97 GB/s (SO), 195 GB/s (SU), 4379.000 us, 854939104 bytes | reduce: 5088 GB/s, 106.454 us
   @ EP:  13/32 | combine: 82 GB/s (SO), 166 GB/s (SU), 5165.000 us, 858186272 bytes | reduce: 5213 GB/s, 104.162 us
   @ EP:   9/32 | combine: 83 GB/s (SO), 166 GB/s (SU), 5152.000 us, 854464960 bytes | reduce: 5214 GB/s, 104.158 us
   @ EP:  15/32 | combine: 81 GB/s (SO), 163 GB/s (SU), 5263.000 us, 855930496 bytes | reduce: 5197 GB/s, 104.127 us
   @ EP:  10/32 | combine: 80 GB/s (SO), 160 GB/s (SU), 5311.000 us, 851634464 bytes | reduce: 5187 GB/s, 104.499 us
   @ EP:  14/32 | combine: 79 GB/s (SO), 160 GB/s (SU), 5362.000 us, 855470720 bytes | reduce: 5207 GB/s, 104.307 us
   @ EP:   8/32 | combine: 78 GB/s (SO), 157 GB/s (SU), 5428.000 us, 852424704 bytes | reduce: 5205 GB/s, 104.330 us
   @ EP:  12/32 | combine: 79 GB/s (SO), 159 GB/s (SU), 5352.000 us, 850643072 bytes | reduce: 5197 GB/s, 104.246 us
USDT:2026-09-04 07:25:13 492:492 SyncActivityProfilerHandler.cpp:52] profiler_startUSDT:2026-09-04 07:25:13 490:490 SyncActivityProfilerHandler.cpp:52] profiler_startUSDT:2026-09-04 07:25:13 494:494 SyncActivityProfilerHandler.cpp:52] profiler_start


USDT:2026-09-04 07:25:13 493:493 SyncActivityProfilerHandler.cpp:52] profiler_start
USDT:2026-09-04 07:25:13 488:488 SyncActivityProfilerHandler.cpp:52] profiler_startUSDT:2026-09-04 07:25:13 489:489 SyncActivityProfilerHandler.cpp:52] profiler_start

USDT:2026-09-04 07:25:13 491:491 SyncActivityProfilerHandler.cpp:52] profiler_start
USDT:2026-09-04 07:25:13 487:487 SyncActivityProfilerHandler.cpp:52] profiler_start
USDT:2026-09-04 07:25:14 494:494 SyncActivityProfilerHandler.cpp:59] profiler_stop
USDT:2026-09-04 07:25:14 489:489 SyncActivityProfilerHandler.cpp:59] profiler_stop
USDT:2026-09-04 07:25:14 493:493 SyncActivityProfilerHandler.cpp:59] profiler_stopUSDT:2026-09-04 07:25:14 491:491 SyncActivityProfilerHandler.cpp:59] profiler_stop

USDT:2026-09-04 07:25:14 488:488 SyncActivityProfilerHandler.cpp:59] profiler_stopUSDT:2026-09-04 07:25:14 490:490 SyncActivityProfilerHandler.cpp:59] profiler_stop

USDT:2026-09-04 07:25:14 492:492 SyncActivityProfilerHandler.cpp:59] profiler_stopUSDT:2026-09-04 07:25:14 487:487 SyncActivityProfilerHandler.cpp:59] profiler_stop

   + EP:  13/32 | reduced combine: 91 GB/s (SO), 184 GB/s (SU), 4653.000 us, 858186272 bytes | reduce: 5148 GB/s, 105.486 us
   + EP:  10/32 | reduced combine: 91 GB/s (SO), 183 GB/s (SU), 4653.000 us, 851634464 bytes | reduce: 5148 GB/s, 105.291 us
   + EP:   9/32 | reduced combine: 92 GB/s (SO), 184 GB/s (SU), 4640.000 us, 854464960 bytes | reduce: 5161 GB/s, 105.232 us
   + EP:  11/32 | reduced combine: 92 GB/s (SO), 185 GB/s (SU), 4611.000 us, 854939104 bytes | reduce: 5078 GB/s, 106.661 us
   + EP:  15/32 | reduced combine: 92 GB/s (SO), 186 GB/s (SU), 4597.000 us, 855930496 bytes | reduce: 5149 GB/s, 105.110 us
   + EP:   8/32 | reduced combine: 90 GB/s (SO), 181 GB/s (SU), 4709.000 us, 852424704 bytes | reduce: 5128 GB/s, 105.904 us
   + EP:  14/32 | reduced combine: 92 GB/s (SO), 185 GB/s (SU), 4627.000 us, 855470720 bytes | reduce: 5141 GB/s, 105.644 us
   + EP:  12/32 | reduced combine: 91 GB/s (SO), 182 GB/s (SU), 4681.000 us, 850643072 bytes | reduce: 5137 GB/s, 105.456 us


