=== EP_NIC_NAME=rdmap101s0 (auto, 400 Gb/s) ===
=== NCCL_IB_HCA=rdmap (auto: non-EFA ibverbs device ibp198s0f0 present) ===
=== GIN: NCCL_GIN_TYPE=5 NCCL_SYM_GIN_KERNELS_ENABLE=0 ===
=== PREFER_OVERLAP=0 (--prefer-overlap-with-compute) ===
=== IMAGE=deepep-v2-efa-official:sm103  DeepEP=97d8f9bcc1be31e9036db2ab591ef9b9f4e38619 ===
+ docker run --rm --init --gpus all --privileged --network=host --ipc=host --ulimit memlock=-1 --ulimit stack=67108864 --device=/dev/infiniband --device=/dev/gdrdrv -v /sys/class/infiniband:/sys/class/infiniband:ro -e MASTER_ADDR=172.31.30.41 -e MASTER_PORT=9612 -e WORLD_SIZE=4 -e RANK=2 -e NCCL_DEBUG=WARN -e EP_NIC_NAME=rdmap101s0 -e NCCL_IB_HCA=rdmap -e NCCL_GIN_TYPE=5 -e NCCL_SYM_GIN_KERNELS_ENABLE=0 -e NCCL_NVLS_ENABLE=0 -e PYTHONUNBUFFERED=1 -e PYTHONFAULTHANDLER=1 deepep-v2-efa-official:sm103 bash -lc 'timeout -s ABRT --kill-after=60 1800     python3 -u /opt/DeepEP/tests/elastic/test_ep.py     --num-processes=8 --num-tokens=128     --hidden=7168 --num-topk=8 --num-experts=256     --num-sms=12 --allow-hybrid-mode=1     --prefer-overlap-with-compute=0 --test-first-only      '

==========
== CUDA ==
==========

CUDA Version 13.3.1

Container image Copyright (c) 2016-2023, NVIDIA CORPORATION & AFFILIATES. All rights reserved.

This container image and its contents are governed by the NVIDIA Deep Learning Container License.
By pulling and using the container, you accept the terms and conditions of this license:
https://developer.nvidia.com/ngc/nvidia-deep-learning-container-license

A copy of this license is made available in this container at /NGC-DL-CONTAINER-LICENSE for your convenience.

DeepEP hybrid kernel selection: unordered
DeepEP hybrid kernel selection: unordered
DeepEP hybrid kernel selection: unordered
DeepEP hybrid kernel selection: unordered
DeepEP hybrid kernel selection: unordered
DeepEP hybrid kernel selection: unordered
DeepEP hybrid kernel selection: unordered
DeepEP hybrid kernel selection: unordered
DeepEP hybrid kernel selection: unordered
DeepEP hybrid kernel selection: unordered
DeepEP hybrid kernel selection: unordered
DeepEP hybrid kernel selection: unordered
DeepEP hybrid kernel selection: unordered
DeepEP hybrid kernel selection: unordered
DeepEP hybrid kernel selection: unordered
DeepEP hybrid kernel selection: unordered
Config:
 > Ranks: 4 x 8
 > Experts: 8/256
 > Tokens: 112 (max: 128), hidden: 7168
 > #SM: 12, #QPs: 11/11

Running all test cases:
 > Testing with do_handle_copy=1, expert_alignment=128, use_fp8_dispatch=1, num_bias=0, with_previous_event=0, async_with_compute_stream=0, allocate_on_comm_stream=0 ...
USDT:2026-09-04 07:28:01 490:490 SyncActivityProfilerHandler.cpp:52] profiler_startUSDT:2026-09-04 07:28:01 493:493 SyncActivityProfilerHandler.cpp:52] profiler_startUSDT:2026-09-04 07:28:01 487:487 SyncActivityProfilerHandler.cpp:52] profiler_startUSDT:2026-09-04 07:28:01 492:492 SyncActivityProfilerHandler.cpp:52] profiler_startUSDT:2026-09-04 07:28:01 494:494 SyncActivityProfilerHandler.cpp:52] profiler_startUSDT:2026-09-04 07:28:01 491:491 SyncActivityProfilerHandler.cpp:52] profiler_startUSDT:2026-09-04 07:28:01 488:488 SyncActivityProfilerHandler.cpp:52] profiler_start






USDT:2026-09-04 07:28:01 489:489 SyncActivityProfilerHandler.cpp:52] profiler_start
USDT:2026-09-04 07:28:01 494:494 SyncActivityProfilerHandler.cpp:59] profiler_stopUSDT:2026-09-04 07:28:01 492:492 SyncActivityProfilerHandler.cpp:59] profiler_stop

USDT:2026-09-04 07:28:01 490:490 SyncActivityProfilerHandler.cpp:59] profiler_stopUSDT:2026-09-04 07:28:01 491:491 SyncActivityProfilerHandler.cpp:59] profiler_stop
USDT:2026-09-04 07:28:01 493:493 SyncActivityProfilerHandler.cpp:59] profiler_stop

USDT:2026-09-04 07:28:01 489:489 SyncActivityProfilerHandler.cpp:59] profiler_stopUSDT:2026-09-04 07:28:01 488:488 SyncActivityProfilerHandler.cpp:59] profiler_stopUSDT:2026-09-04 07:28:01 487:487 SyncActivityProfilerHandler.cpp:59] profiler_stop


   * EP:  23/32 | dispatch: 9 GB/s (SO), 20 GB/s (SU), 315.575 us, 6200064 bytes | copy: 281 GB/s, 44.126 us   * EP:  17/32 | dispatch: 10 GB/s (SO), 20 GB/s (SU), 311.474 us, 6327360 bytes | copy: 385 GB/s, 32.832 us

   * EP:  21/32 | dispatch: 9 GB/s (SO), 20 GB/s (SU), 311.793 us, 6155136 bytes | copy: 1071 GB/s, 11.491 us
   * EP:  22/32 | dispatch: 9 GB/s (SO), 20 GB/s (SU), 314.632 us, 6289920 bytes | copy: 515 GB/s, 24.429 us
   * EP:  16/32 | dispatch: 9 GB/s (SO), 20 GB/s (SU), 315.826 us, 6342336 bytes | copy: 663 GB/s, 19.122 us
   * EP:  19/32 | dispatch: 9 GB/s (SO), 20 GB/s (SU), 315.798 us, 6289920 bytes | copy: 333 GB/s, 37.781 us
   * EP:  20/32 | dispatch: 9 GB/s (SO), 19 GB/s (SU), 315.412 us, 6072768 bytes | copy: 275 GB/s, 44.111 us
   * EP:  18/32 | dispatch: 9 GB/s (SO), 19 GB/s (SU), 315.801 us, 5885568 bytes | copy: 832 GB/s, 14.146 us
USDT:2026-09-04 07:28:02 494:494 SyncActivityProfilerHandler.cpp:52] profiler_startUSDT:2026-09-04 07:28:02 493:493 SyncActivityProfilerHandler.cpp:52] profiler_startUSDT:2026-09-04 07:28:02 492:492 SyncActivityProfilerHandler.cpp:52] profiler_startUSDT:2026-09-04 07:28:02 490:490 SyncActivityProfilerHandler.cpp:52] profiler_startUSDT:2026-09-04 07:28:02 488:488 SyncActivityProfilerHandler.cpp:52] profiler_start
USDT:2026-09-04 07:28:02 487:487 SyncActivityProfilerHandler.cpp:52] profiler_start
USDT:2026-09-04 07:28:02 489:489 SyncActivityProfilerHandler.cpp:52] profiler_startUSDT:2026-09-04 07:28:02 491:491 SyncActivityProfilerHandler.cpp:52] profiler_start





USDT:2026-09-04 07:28:02 487:487 SyncActivityProfilerHandler.cpp:59] profiler_stopUSDT:2026-09-04 07:28:02 494:494 SyncActivityProfilerHandler.cpp:59] profiler_stopUSDT:2026-09-04 07:28:02 491:491 SyncActivityProfilerHandler.cpp:59] profiler_stopUSDT:2026-09-04 07:28:02 489:489 SyncActivityProfilerHandler.cpp:59] profiler_stopUSDT:2026-09-04 07:28:02 490:490 SyncActivityProfilerHandler.cpp:59] profiler_stop
USDT:2026-09-04 07:28:02 488:488 SyncActivityProfilerHandler.cpp:59] profiler_stop
USDT:2026-09-04 07:28:02 493:493 SyncActivityProfilerHandler.cpp:59] profiler_stopUSDT:2026-09-04 07:28:02 492:492 SyncActivityProfilerHandler.cpp:59] profiler_stop





   - EP:  21/32 | expanded dispatch: 9 GB/s (SO), 20 GB/s (SU), 310.786 us, 6155136 bytes | copy: 1253 GB/s, 11.648 us
   - EP:  22/32 | expanded dispatch: 9 GB/s (SO), 20 GB/s (SU), 313.798 us, 6289920 bytes | copy: 574 GB/s, 24.113 us
   - EP:  16/32 | expanded dispatch: 9 GB/s (SO), 20 GB/s (SU), 315.139 us, 6342336 bytes | copy: 753 GB/s, 19.981 us
   - EP:  19/32 | expanded dispatch: 9 GB/s (SO), 20 GB/s (SU), 314.876 us, 6289920 bytes | copy: 392 GB/s, 35.639 us
   - EP:  23/32 | expanded dispatch: 9 GB/s (SO), 20 GB/s (SU), 314.553 us, 6200064 bytes | copy: 341 GB/s, 43.098 us
   - EP:  20/32 | expanded dispatch: 9 GB/s (SO), 19 GB/s (SU), 314.790 us, 6072768 bytes | copy: 343 GB/s, 42.789 us
   - EP:  17/32 | expanded dispatch: 10 GB/s (SO), 20 GB/s (SU), 310.970 us, 6327360 bytes | copy: 497 GB/s, 31.815 us
   - EP:  18/32 | expanded dispatch: 9 GB/s (SO), 19 GB/s (SU), 314.537 us, 5885568 bytes | copy: 1069 GB/s, 12.614 us
USDT:2026-09-04 07:28:03 490:490 SyncActivityProfilerHandler.cpp:52] profiler_startUSDT:2026-09-04 07:28:03 493:493 SyncActivityProfilerHandler.cpp:52] profiler_startUSDT:2026-09-04 07:28:03 494:494 SyncActivityProfilerHandler.cpp:52] profiler_startUSDT:2026-09-04 07:28:03 491:491 SyncActivityProfilerHandler.cpp:52] profiler_startUSDT:2026-09-04 07:28:03 492:492 SyncActivityProfilerHandler.cpp:52] profiler_start
USDT:2026-09-04 07:28:03 489:489 SyncActivityProfilerHandler.cpp:52] profiler_startUSDT:2026-09-04 07:28:03 488:488 SyncActivityProfilerHandler.cpp:52] profiler_startUSDT:2026-09-04 07:28:03 487:487 SyncActivityProfilerHandler.cpp:52] profiler_start






USDT:2026-09-04 07:28:03 492:492 SyncActivityProfilerHandler.cpp:59] profiler_stopUSDT:2026-09-04 07:28:03 490:490 SyncActivityProfilerHandler.cpp:59] profiler_stopUSDT:2026-09-04 07:28:03 488:488 SyncActivityProfilerHandler.cpp:59] profiler_stop

USDT:2026-09-04 07:28:03 494:494 SyncActivityProfilerHandler.cpp:59] profiler_stop

USDT:2026-09-04 07:28:03 493:493 SyncActivityProfilerHandler.cpp:59] profiler_stopUSDT:2026-09-04 07:28:03 491:491 SyncActivityProfilerHandler.cpp:59] profiler_stop

USDT:2026-09-04 07:28:03 489:489 SyncActivityProfilerHandler.cpp:59] profiler_stop
USDT:2026-09-04 07:28:03 487:487 SyncActivityProfilerHandler.cpp:59] profiler_stop
   # EP:  17/32 | cached dispatch: 9 GB/s (SO), 20 GB/s (SU), 316.155 us, 6327360 bytes | copy: 381 GB/s, 33.180 us
   # EP:  22/32 | cached dispatch: 9 GB/s (SO), 20 GB/s (SU), 317.727 us, 6289920 bytes | copy: 521 GB/s, 24.138 us
   # EP:  20/32 | cached dispatch: 9 GB/s (SO), 19 GB/s (SU), 318.882 us, 6072768 bytes | copy: 362 GB/s, 33.512 us
   # EP:  23/32 | cached dispatch: 9 GB/s (SO), 20 GB/s (SU), 316.913 us, 6200064 bytes | copy: 393 GB/s, 31.578 us
   # EP:  21/32 | cached dispatch: 9 GB/s (SO), 19 GB/s (SU), 315.884 us, 6155136 bytes | copy: 1189 GB/s, 10.350 us
   # EP:  19/32 | cached dispatch: 9 GB/s (SO), 20 GB/s (SU), 317.630 us, 6289920 bytes | copy: 464 GB/s, 27.104 us
   # EP:  16/32 | cached dispatch: 9 GB/s (SO), 20 GB/s (SU), 318.496 us, 6342336 bytes | copy: 592 GB/s, 21.414 us
   # EP:  18/32 | cached dispatch: 9 GB/s (SO), 19 GB/s (SU), 316.578 us, 5885568 bytes | copy: 946 GB/s, 12.439 us
USDT:2026-09-04 07:28:03 488:488 SyncActivityProfilerHandler.cpp:52] profiler_start
USDT:2026-09-04 07:28:03 494:494 SyncActivityProfilerHandler.cpp:52] profiler_startUSDT:2026-09-04 07:28:03 490:490 SyncActivityProfilerHandler.cpp:52] profiler_start
USDT:2026-09-04 07:28:03 492:492 SyncActivityProfilerHandler.cpp:52] profiler_start

USDT:2026-09-04 07:28:03 493:493 SyncActivityProfilerHandler.cpp:52] profiler_start
USDT:2026-09-04 07:28:03 489:489 SyncActivityProfilerHandler.cpp:52] profiler_startUSDT:2026-09-04 07:28:03 491:491 SyncActivityProfilerHandler.cpp:52] profiler_start

USDT:2026-09-04 07:28:03 487:487 SyncActivityProfilerHandler.cpp:52] profiler_start
USDT:2026-09-04 07:28:04 488:488 SyncActivityProfilerHandler.cpp:59] profiler_stop
USDT:2026-09-04 07:28:04 492:492 SyncActivityProfilerHandler.cpp:59] profiler_stopUSDT:2026-09-04 07:28:04 494:494 SyncActivityProfilerHandler.cpp:59] profiler_stop

USDT:2026-09-04 07:28:04 491:491 SyncActivityProfilerHandler.cpp:59] profiler_stopUSDT:2026-09-04 07:28:04 490:490 SyncActivityProfilerHandler.cpp:59] profiler_stop

USDT:2026-09-04 07:28:04 493:493 SyncActivityProfilerHandler.cpp:59] profiler_stop
USDT:2026-09-04 07:28:04 489:489 SyncActivityProfilerHandler.cpp:59] profiler_stop
USDT:2026-09-04 07:28:04 487:487 SyncActivityProfilerHandler.cpp:59] profiler_stop
   @ EP:  17/32 | combine: 23 GB/s (SO), 50 GB/s (SU), 244.642 us, 12140960 bytes | reduce: 1167 GB/s, 6.253 us
   @ EP:  21/32 | combine: 21 GB/s (SO), 44 GB/s (SU), 267.153 us, 11810496 bytes | reduce: 1145 GB/s, 6.237 us
   @ EP:  18/32 | combine: 20 GB/s (SO), 40 GB/s (SU), 280.789 us, 11293248 bytes | reduce: 1137 GB/s, 6.354 us
   @ EP:  22/32 | combine: 20 GB/s (SO), 45 GB/s (SU), 267.217 us, 12069120 bytes | reduce: 1138 GB/s, 6.147 us
   @ EP:  23/32 | combine: 21 GB/s (SO), 46 GB/s (SU), 260.047 us, 11896704 bytes | reduce: 1099 GB/s, 6.303 us   @ EP:  20/32 | combine: 20 GB/s (SO), 42 GB/s (SU), 277.901 us, 11652448 bytes | reduce: 1130 GB/s, 6.280 us

   @ EP:  19/32 | combine: 21 GB/s (SO), 45 GB/s (SU), 270.450 us, 12069120 bytes | reduce: 1130 GB/s, 6.368 us
   @ EP:  16/32 | combine: 20 GB/s (SO), 43 GB/s (SU), 286.308 us, 12169696 bytes | reduce: 1179 GB/s, 6.214 us
USDT:2026-09-04 07:28:04 488:488 SyncActivityProfilerHandler.cpp:52] profiler_start
USDT:2026-09-04 07:28:04 494:494 SyncActivityProfilerHandler.cpp:52] profiler_start
USDT:2026-09-04 07:28:04 492:492 SyncActivityProfilerHandler.cpp:52] profiler_startUSDT:2026-09-04 07:28:04 493:493 SyncActivityProfilerHandler.cpp:52] profiler_startUSDT:2026-09-04 07:28:04 490:490 SyncActivityProfilerHandler.cpp:52] profiler_start


USDT:2026-09-04 07:28:04 491:491 SyncActivityProfilerHandler.cpp:52] profiler_startUSDT:2026-09-04 07:28:04 489:489 SyncActivityProfilerHandler.cpp:52] profiler_start

USDT:2026-09-04 07:28:04 487:487 SyncActivityProfilerHandler.cpp:52] profiler_start
USDT:2026-09-04 07:28:04 488:488 SyncActivityProfilerHandler.cpp:59] profiler_stop
USDT:2026-09-04 07:28:04 494:494 SyncActivityProfilerHandler.cpp:59] profiler_stopUSDT:2026-09-04 07:28:04 490:490 SyncActivityProfilerHandler.cpp:59] profiler_stop
USDT:2026-09-04 07:28:04 492:492 SyncActivityProfilerHandler.cpp:59] profiler_stop

USDT:2026-09-04 07:28:04 493:493 SyncActivityProfilerHandler.cpp:59] profiler_stop
USDT:2026-09-04 07:28:04 489:489 SyncActivityProfilerHandler.cpp:59] profiler_stopUSDT:2026-09-04 07:28:04 487:487 SyncActivityProfilerHandler.cpp:59] profiler_stop

USDT:2026-09-04 07:28:04 491:491 SyncActivityProfilerHandler.cpp:59] profiler_stop
   + EP:  22/32 | reduced combine: 19 GB/s (SO), 43 GB/s (SU), 280.847 us, 12069120 bytes | reduce: 1113 GB/s, 6.285 us
   + EP:  23/32 | reduced combine: 20 GB/s (SO), 43 GB/s (SU), 275.822 us, 11896704 bytes | reduce: 1090 GB/s, 6.354 us   + EP:  18/32 | reduced combine: 19 GB/s (SO), 38 GB/s (SU), 294.962 us, 11293248 bytes | reduce: 1147 GB/s, 6.300 us

   + EP:  17/32 | reduced combine: 22 GB/s (SO), 47 GB/s (SU), 257.846 us, 12140960 bytes | reduce: 1147 GB/s, 6.361 us
   + EP:  21/32 | reduced combine: 20 GB/s (SO), 42 GB/s (SU), 283.155 us, 11810496 bytes | reduce: 1143 GB/s, 6.248 us
   + EP:  19/32 | reduced combine: 20 GB/s (SO), 42 GB/s (SU), 286.616 us, 12069120 bytes | reduce: 1138 GB/s, 6.328 us
   + EP:  16/32 | reduced combine: 19 GB/s (SO), 41 GB/s (SU), 300.336 us, 12169696 bytes | reduce: 1185 GB/s, 6.186 us
   + EP:  20/32 | reduced combine: 19 GB/s (SO), 40 GB/s (SU), 294.132 us, 11652448 bytes | reduce: 1136 GB/s, 6.246 us


