=== EP_NIC_NAME=rdmap101s0 (auto, 400 Gb/s) ===
=== NCCL_IB_HCA=rdmap (auto: non-EFA ibverbs device ibp198s0f0 present) ===
=== GIN: NCCL_GIN_TYPE=5 NCCL_SYM_GIN_KERNELS_ENABLE=0 ===
=== PREFER_OVERLAP=0 (--prefer-overlap-with-compute) ===
=== IMAGE=deepep-v2-efa-official:sm103-bfbdd15  DeepEP=bfbdd15ff448783f877cb2210cb3246c8452b05e ===
+ docker run --rm --init --gpus all --privileged --network=host --ipc=host --ulimit memlock=-1 --ulimit stack=67108864 --device=/dev/infiniband --device=/dev/gdrdrv -v /sys/class/infiniband:/sys/class/infiniband:ro -e MASTER_ADDR=172.31.30.41 -e MASTER_PORT=9615 -e WORLD_SIZE=4 -e RANK=1 -e NCCL_DEBUG=WARN -e EP_NIC_NAME=rdmap101s0 -e NCCL_IB_HCA=rdmap -e NCCL_GIN_TYPE=5 -e NCCL_SYM_GIN_KERNELS_ENABLE=0 -e NCCL_NVLS_ENABLE=0 -e PYTHONUNBUFFERED=1 -e PYTHONFAULTHANDLER=1 deepep-v2-efa-official:sm103-bfbdd15 bash -lc 'timeout -s ABRT --kill-after=60 1800     python3 -u /opt/DeepEP/tests/elastic/test_ep.py     --num-processes=8 --num-tokens=8192     --hidden=7168 --num-topk=8 --num-experts=256     --num-sms=12 --allow-hybrid-mode=1     --prefer-overlap-with-compute=0 --test-first-only      '

==========
== CUDA ==
==========

CUDA Version 13.3.1

Container image Copyright (c) 2016-2023, NVIDIA CORPORATION & AFFILIATES. All rights reserved.

This container image and its contents are governed by the NVIDIA Deep Learning Container License.
By pulling and using the container, you accept the terms and conditions of this license:
https://developer.nvidia.com/ngc/nvidia-deep-learning-container-license

A copy of this license is made available in this container at /NGC-DL-CONTAINER-LICENSE for your convenience.

DeepEP hybrid kernel selection: unordered
DeepEP hybrid kernel selection: unordered
DeepEP hybrid kernel selection: unordered
DeepEP hybrid kernel selection: unordered
DeepEP hybrid kernel selection: unordered
DeepEP hybrid kernel selection: unordered
DeepEP hybrid kernel selection: unordered
DeepEP hybrid kernel selection: unordered
DeepEP hybrid kernel selection: unordered
DeepEP hybrid kernel selection: unordered
DeepEP hybrid kernel selection: unordered
DeepEP hybrid kernel selection: unordered
DeepEP hybrid kernel selection: unordered
DeepEP hybrid kernel selection: unordered
DeepEP hybrid kernel selection: unordered
DeepEP hybrid kernel selection: unordered
Config:
 > Ranks: 4 x 8
 > Experts: 8/256
 > Tokens: 8184 (max: 8192), hidden: 7168
 > #SM: 12, #QPs: 11/11

Running all test cases:
 > Testing with do_handle_copy=1, expert_alignment=128, use_fp8_dispatch=1, num_bias=0, with_previous_event=0, async_with_compute_stream=0, allocate_on_comm_stream=0 ...
USDT:2026-09-04 07:36:35 489:489 SyncActivityProfilerHandler.cpp:52] profiler_startUSDT:2026-09-04 07:36:35 491:491 SyncActivityProfilerHandler.cpp:52] profiler_startUSDT:2026-09-04 07:36:35 486:486 SyncActivityProfilerHandler.cpp:52] profiler_startUSDT:2026-09-04 07:36:35 485:485 SyncActivityProfilerHandler.cpp:52] profiler_start

USDT:2026-09-04 07:36:35 492:492 SyncActivityProfilerHandler.cpp:52] profiler_startUSDT:2026-09-04 07:36:35 487:487 SyncActivityProfilerHandler.cpp:52] profiler_startUSDT:2026-09-04 07:36:35 488:488 SyncActivityProfilerHandler.cpp:52] profiler_start




USDT:2026-09-04 07:36:35 490:490 SyncActivityProfilerHandler.cpp:52] profiler_start
USDT:2026-09-04 07:36:35 489:489 SyncActivityProfilerHandler.cpp:59] profiler_stopUSDT:2026-09-04 07:36:35 486:486 SyncActivityProfilerHandler.cpp:59] profiler_stopUSDT:2026-09-04 07:36:35 485:485 SyncActivityProfilerHandler.cpp:59] profiler_stop


USDT:2026-09-04 07:36:35 487:487 SyncActivityProfilerHandler.cpp:59] profiler_stopUSDT:2026-09-04 07:36:35 491:491 SyncActivityProfilerHandler.cpp:59] profiler_stopUSDT:2026-09-04 07:36:35 488:488 SyncActivityProfilerHandler.cpp:59] profiler_stop


USDT:2026-09-04 07:36:35 492:492 SyncActivityProfilerHandler.cpp:59] profiler_stop
USDT:2026-09-04 07:36:35 490:490 SyncActivityProfilerHandler.cpp:59] profiler_stop
   * EP:   9/32 | dispatch: 110 GB/s (SO), 220 GB/s (SU), 2020.000 us, 445311360 bytes | copy: 4779 GB/s, 186.370 us
   * EP:  15/32 | dispatch: 109 GB/s (SO), 221 GB/s (SU), 2020.000 us, 446075136 bytes | copy: 4905 GB/s, 181.893 us
   * EP:  11/32 | dispatch: 109 GB/s (SO), 221 GB/s (SU), 2020.000 us, 445558464 bytes | copy: 4932 GB/s, 180.691 us
   * EP:   8/32 | dispatch: 110 GB/s (SO), 220 GB/s (SU), 2018.000 us, 444248064 bytes | copy: 5032 GB/s, 176.583 us
   * EP:  14/32 | dispatch: 110 GB/s (SO), 221 GB/s (SU), 2020.000 us, 445835520 bytes | copy: 4276 GB/s, 208.543 us
   * EP:  12/32 | dispatch: 109 GB/s (SO), 219 GB/s (SU), 2021.000 us, 443319552 bytes | copy: 4997 GB/s, 177.430 us
   * EP:  10/32 | dispatch: 110 GB/s (SO), 220 GB/s (SU), 2019.000 us, 443836224 bytes | copy: 5067 GB/s, 175.187 us
   * EP:  13/32 | dispatch: 110 GB/s (SO), 221 GB/s (SU), 2020.000 us, 447250752 bytes | copy: 4685 GB/s, 190.914 us
USDT:2026-09-04 07:36:35 489:489 SyncActivityProfilerHandler.cpp:52] profiler_startUSDT:2026-09-04 07:36:35 487:487 SyncActivityProfilerHandler.cpp:52] profiler_startUSDT:2026-09-04 07:36:35 492:492 SyncActivityProfilerHandler.cpp:52] profiler_startUSDT:2026-09-04 07:36:35 486:486 SyncActivityProfilerHandler.cpp:52] profiler_startUSDT:2026-09-04 07:36:35 488:488 SyncActivityProfilerHandler.cpp:52] profiler_start


USDT:2026-09-04 07:36:35 491:491 SyncActivityProfilerHandler.cpp:52] profiler_start
USDT:2026-09-04 07:36:35 485:485 SyncActivityProfilerHandler.cpp:52] profiler_startUSDT:2026-09-04 07:36:35 490:490 SyncActivityProfilerHandler.cpp:52] profiler_start



USDT:2026-09-04 07:36:36 489:489 SyncActivityProfilerHandler.cpp:59] profiler_stopUSDT:2026-09-04 07:36:36 486:486 SyncActivityProfilerHandler.cpp:59] profiler_stopUSDT:2026-09-04 07:36:36 485:485 SyncActivityProfilerHandler.cpp:59] profiler_stopUSDT:2026-09-04 07:36:36 492:492 SyncActivityProfilerHandler.cpp:59] profiler_stop



USDT:2026-09-04 07:36:36 491:491 SyncActivityProfilerHandler.cpp:59] profiler_stopUSDT:2026-09-04 07:36:36 487:487 SyncActivityProfilerHandler.cpp:59] profiler_stopUSDT:2026-09-04 07:36:36 490:490 SyncActivityProfilerHandler.cpp:59] profiler_stopUSDT:2026-09-04 07:36:36 488:488 SyncActivityProfilerHandler.cpp:59] profiler_stop



   - EP:   9/32 | expanded dispatch: 110 GB/s (SO), 220 GB/s (SU), 2021.000 us, 445311360 bytes | copy: 4272 GB/s, 220.474 us
   - EP:  15/32 | expanded dispatch: 109 GB/s (SO), 221 GB/s (SU), 2021.000 us, 446075136 bytes | copy: 4514 GB/s, 209.249 us
   - EP:  11/32 | expanded dispatch: 109 GB/s (SO), 220 GB/s (SU), 2021.000 us, 445558464 bytes | copy: 4633 GB/s, 203.304 us
   - EP:   8/32 | expanded dispatch: 110 GB/s (SO), 220 GB/s (SU), 2019.000 us, 444248064 bytes | copy: 4569 GB/s, 205.719 us
   - EP:  12/32 | expanded dispatch: 109 GB/s (SO), 219 GB/s (SU), 2022.000 us, 443319552 bytes | copy: 4542 GB/s, 205.997 us
   - EP:  14/32 | expanded dispatch: 110 GB/s (SO), 221 GB/s (SU), 2021.000 us, 445835520 bytes | copy: 4238 GB/s, 222.494 us
   - EP:  13/32 | expanded dispatch: 110 GB/s (SO), 221 GB/s (SU), 2021.000 us, 447250752 bytes | copy: 4278 GB/s, 221.065 us   - EP:  10/32 | expanded dispatch: 110 GB/s (SO), 220 GB/s (SU), 2020.000 us, 443836224 bytes | copy: 4584 GB/s, 204.871 us

USDT:2026-09-04 07:36:36 487:487 SyncActivityProfilerHandler.cpp:52] profiler_startUSDT:2026-09-04 07:36:36 488:488 SyncActivityProfilerHandler.cpp:52] profiler_startUSDT:2026-09-04 07:36:36 492:492 SyncActivityProfilerHandler.cpp:52] profiler_startUSDT:2026-09-04 07:36:36 485:485 SyncActivityProfilerHandler.cpp:52] profiler_start
USDT:2026-09-04 07:36:36 486:486 SyncActivityProfilerHandler.cpp:52] profiler_start


USDT:2026-09-04 07:36:36 491:491 SyncActivityProfilerHandler.cpp:52] profiler_startUSDT:2026-09-04 07:36:36 489:489 SyncActivityProfilerHandler.cpp:52] profiler_start
USDT:2026-09-04 07:36:36 490:490 SyncActivityProfilerHandler.cpp:52] profiler_start


USDT:2026-09-04 07:36:37 492:492 SyncActivityProfilerHandler.cpp:59] profiler_stopUSDT:2026-09-04 07:36:37 489:489 SyncActivityProfilerHandler.cpp:59] profiler_stop

USDT:2026-09-04 07:36:37 491:491 SyncActivityProfilerHandler.cpp:59] profiler_stopUSDT:2026-09-04 07:36:37 488:488 SyncActivityProfilerHandler.cpp:59] profiler_stop
USDT:2026-09-04 07:36:37 485:485 SyncActivityProfilerHandler.cpp:59] profiler_stopUSDT:2026-09-04 07:36:37 486:486 SyncActivityProfilerHandler.cpp:59] profiler_stop


USDT:2026-09-04 07:36:37 490:490 SyncActivityProfilerHandler.cpp:59] profiler_stopUSDT:2026-09-04 07:36:37 487:487 SyncActivityProfilerHandler.cpp:59] profiler_stop

   # EP:   9/32 | cached dispatch: 104 GB/s (SO), 209 GB/s (SU), 2135.000 us, 445311360 bytes | copy: 4837 GB/s, 184.120 us
   # EP:  10/32 | cached dispatch: 104 GB/s (SO), 208 GB/s (SU), 2135.000 us, 443836224 bytes | copy: 4790 GB/s, 185.327 us
   # EP:   8/32 | cached dispatch: 104 GB/s (SO), 208 GB/s (SU), 2134.000 us, 444248064 bytes | copy: 5184 GB/s, 171.387 us
   # EP:  15/32 | cached dispatch: 103 GB/s (SO), 209 GB/s (SU), 2136.000 us, 446075136 bytes | copy: 5093 GB/s, 175.177 us
   # EP:  13/32 | cached dispatch: 104 GB/s (SO), 209 GB/s (SU), 2136.000 us, 447250752 bytes | copy: 4673 GB/s, 191.409 us
   # EP:  11/32 | cached dispatch: 103 GB/s (SO), 209 GB/s (SU), 2136.000 us, 445558464 bytes | copy: 5040 GB/s, 176.800 us
   # EP:  12/32 | cached dispatch: 103 GB/s (SO), 207 GB/s (SU), 2137.000 us, 443319552 bytes | copy: 4749 GB/s, 186.718 us
   # EP:  14/32 | cached dispatch: 104 GB/s (SO), 209 GB/s (SU), 2136.000 us, 445835520 bytes | copy: 4708 GB/s, 189.389 us
USDT:2026-09-04 07:36:37 486:486 SyncActivityProfilerHandler.cpp:52] profiler_start
USDT:2026-09-04 07:36:37 490:490 SyncActivityProfilerHandler.cpp:52] profiler_start
USDT:2026-09-04 07:36:37 492:492 SyncActivityProfilerHandler.cpp:52] profiler_start
USDT:2026-09-04 07:36:37 488:488 SyncActivityProfilerHandler.cpp:52] profiler_start
USDT:2026-09-04 07:36:37 489:489 SyncActivityProfilerHandler.cpp:52] profiler_start
USDT:2026-09-04 07:36:37 491:491 SyncActivityProfilerHandler.cpp:52] profiler_start
USDT:2026-09-04 07:36:37 487:487 SyncActivityProfilerHandler.cpp:52] profiler_start
USDT:2026-09-04 07:36:37 485:485 SyncActivityProfilerHandler.cpp:52] profiler_start
USDT:2026-09-04 07:36:38 486:486 SyncActivityProfilerHandler.cpp:59] profiler_stop
USDT:2026-09-04 07:36:38 492:492 SyncActivityProfilerHandler.cpp:59] profiler_stopUSDT:2026-09-04 07:36:38 490:490 SyncActivityProfilerHandler.cpp:59] profiler_stop

USDT:2026-09-04 07:36:38 488:488 SyncActivityProfilerHandler.cpp:59] profiler_stop
USDT:2026-09-04 07:36:38 489:489 SyncActivityProfilerHandler.cpp:59] profiler_stop
USDT:2026-09-04 07:36:38 487:487 SyncActivityProfilerHandler.cpp:59] profiler_stop
USDT:2026-09-04 07:36:38 491:491 SyncActivityProfilerHandler.cpp:59] profiler_stopUSDT:2026-09-04 07:36:38 485:485 SyncActivityProfilerHandler.cpp:59] profiler_stop

   @ EP:   9/32 | combine: 98 GB/s (SO), 197 GB/s (SU), 4343.000 us, 854464960 bytes | reduce: 5134 GB/s, 105.785 us
   @ EP:   8/32 | combine: 78 GB/s (SO), 157 GB/s (SU), 5437.000 us, 852424704 bytes | reduce: 5197 GB/s, 104.490 us
   @ EP:  15/32 | combine: 81 GB/s (SO), 164 GB/s (SU), 5229.000 us, 855930496 bytes | reduce: 5201 GB/s, 104.054 us
   @ EP:  12/32 | combine: 80 GB/s (SO), 160 GB/s (SU), 5324.000 us, 850643072 bytes | reduce: 5200 GB/s, 104.181 us
   @ EP:  11/32 | combine: 80 GB/s (SO), 162 GB/s (SU), 5269.000 us, 854939104 bytes | reduce: 5139 GB/s, 105.380 us
   @ EP:  13/32 | combine: 82 GB/s (SO), 166 GB/s (SU), 5161.000 us, 858186272 bytes | reduce: 5219 GB/s, 104.038 us
   @ EP:  14/32 | combine: 79 GB/s (SO), 159 GB/s (SU), 5365.000 us, 855470720 bytes | reduce: 5205 GB/s, 104.336 us
   @ EP:  10/32 | combine: 79 GB/s (SO), 159 GB/s (SU), 5343.000 us, 851634464 bytes | reduce: 5187 GB/s, 104.501 us
USDT:2026-09-04 07:36:38 488:488 SyncActivityProfilerHandler.cpp:52] profiler_start
USDT:2026-09-04 07:36:38 486:486 SyncActivityProfilerHandler.cpp:52] profiler_start
USDT:2026-09-04 07:36:38 487:487 SyncActivityProfilerHandler.cpp:52] profiler_startUSDT:2026-09-04 07:36:38 492:492 SyncActivityProfilerHandler.cpp:52] profiler_start
USDT:2026-09-04 07:36:38 489:489 SyncActivityProfilerHandler.cpp:52] profiler_start

USDT:2026-09-04 07:36:38 491:491 SyncActivityProfilerHandler.cpp:52] profiler_start
USDT:2026-09-04 07:36:38 490:490 SyncActivityProfilerHandler.cpp:52] profiler_start
USDT:2026-09-04 07:36:38 485:485 SyncActivityProfilerHandler.cpp:52] profiler_start
USDT:2026-09-04 07:36:39 488:488 SyncActivityProfilerHandler.cpp:59] profiler_stopUSDT:2026-09-04 07:36:39 487:487 SyncActivityProfilerHandler.cpp:59] profiler_stop
USDT:2026-09-04 07:36:39 491:491 SyncActivityProfilerHandler.cpp:59] profiler_stop

USDT:2026-09-04 07:36:39 486:486 SyncActivityProfilerHandler.cpp:59] profiler_stop
USDT:2026-09-04 07:36:39 489:489 SyncActivityProfilerHandler.cpp:59] profiler_stop
USDT:2026-09-04 07:36:39 492:492 SyncActivityProfilerHandler.cpp:59] profiler_stop
USDT:2026-09-04 07:36:39 485:485 SyncActivityProfilerHandler.cpp:59] profiler_stop
USDT:2026-09-04 07:36:39 490:490 SyncActivityProfilerHandler.cpp:59] profiler_stop
   + EP:  10/32 | reduced combine: 92 GB/s (SO), 184 GB/s (SU), 4617.000 us, 851634464 bytes | reduce: 5138 GB/s, 105.507 us
   + EP:  11/32 | reduced combine: 92 GB/s (SO), 186 GB/s (SU), 4590.000 us, 854939104 bytes | reduce: 5081 GB/s, 106.584 us
   + EP:   9/32 | reduced combine: 92 GB/s (SO), 185 GB/s (SU), 4613.000 us, 854464960 bytes | reduce: 5115 GB/s, 106.175 us
   + EP:  14/32 | reduced combine: 91 GB/s (SO), 184 GB/s (SU), 4652.000 us, 855470720 bytes | reduce: 5132 GB/s, 105.814 us
   + EP:  15/32 | reduced combine: 91 GB/s (SO), 184 GB/s (SU), 4640.000 us, 855930496 bytes | reduce: 5167 GB/s, 104.743 us
   + EP:  13/32 | reduced combine: 92 GB/s (SO), 185 GB/s (SU), 4641.000 us, 858186272 bytes | reduce: 5146 GB/s, 105.527 us
   + EP:   8/32 | reduced combine: 91 GB/s (SO), 182 GB/s (SU), 4687.000 us, 852424704 bytes | reduce: 5137 GB/s, 105.726 us
   + EP:  12/32 | reduced combine: 92 GB/s (SO), 184 GB/s (SU), 4624.000 us, 850643072 bytes | reduce: 5128 GB/s, 105.650 us


