=== EP_NIC_NAME=rdmap101s0 (auto, 400 Gb/s) ===
=== NCCL_IB_HCA=rdmap (auto: non-EFA ibverbs device ibp198s0f0 present) ===
=== GIN: NCCL_GIN_TYPE=5 NCCL_SYM_GIN_KERNELS_ENABLE=0 ===
=== PREFER_OVERLAP=0 (--prefer-overlap-with-compute) ===
=== IMAGE=deepep-v2-efa-official:sm103-bfbdd15  DeepEP=bfbdd15ff448783f877cb2210cb3246c8452b05e ===
+ docker run --rm --init --gpus all --privileged --network=host --ipc=host --ulimit memlock=-1 --ulimit stack=67108864 --device=/dev/infiniband --device=/dev/gdrdrv -v /sys/class/infiniband:/sys/class/infiniband:ro -e MASTER_ADDR=172.31.30.41 -e MASTER_PORT=9616 -e WORLD_SIZE=4 -e RANK=3 -e NCCL_DEBUG=WARN -e EP_NIC_NAME=rdmap101s0 -e NCCL_IB_HCA=rdmap -e NCCL_GIN_TYPE=5 -e NCCL_SYM_GIN_KERNELS_ENABLE=0 -e NCCL_NVLS_ENABLE=0 -e PYTHONUNBUFFERED=1 -e PYTHONFAULTHANDLER=1 deepep-v2-efa-official:sm103-bfbdd15 bash -lc 'timeout -s ABRT --kill-after=60 1800     python3 -u /opt/DeepEP/tests/elastic/test_ep.py     --num-processes=8 --num-tokens=128     --hidden=7168 --num-topk=8 --num-experts=256     --num-sms=12 --allow-hybrid-mode=1     --prefer-overlap-with-compute=0 --test-first-only      '

==========
== CUDA ==
==========

CUDA Version 13.3.1

Container image Copyright (c) 2016-2023, NVIDIA CORPORATION & AFFILIATES. All rights reserved.

This container image and its contents are governed by the NVIDIA Deep Learning Container License.
By pulling and using the container, you accept the terms and conditions of this license:
https://developer.nvidia.com/ngc/nvidia-deep-learning-container-license

A copy of this license is made available in this container at /NGC-DL-CONTAINER-LICENSE for your convenience.

DeepEP hybrid kernel selection: unordered
DeepEP hybrid kernel selection: unordered
DeepEP hybrid kernel selection: unordered
DeepEP hybrid kernel selection: unordered
DeepEP hybrid kernel selection: unordered
DeepEP hybrid kernel selection: unordered
DeepEP hybrid kernel selection: unordered
DeepEP hybrid kernel selection: unordered
DeepEP hybrid kernel selection: unordered
DeepEP hybrid kernel selection: unordered
DeepEP hybrid kernel selection: unordered
DeepEP hybrid kernel selection: unordered
DeepEP hybrid kernel selection: unordered
DeepEP hybrid kernel selection: unordered
DeepEP hybrid kernel selection: unordered
DeepEP hybrid kernel selection: unordered
Config:
 > Ranks: 4 x 8
 > Experts: 8/256
 > Tokens: 104 (max: 128), hidden: 7168
 > #SM: 12, #QPs: 11/11

Running all test cases:
 > Testing with do_handle_copy=1, expert_alignment=128, use_fp8_dispatch=1, num_bias=0, with_previous_event=0, async_with_compute_stream=0, allocate_on_comm_stream=0 ...
USDT:2026-09-04 07:39:25 495:495 SyncActivityProfilerHandler.cpp:52] profiler_startUSDT:2026-09-04 07:39:25 491:491 SyncActivityProfilerHandler.cpp:52] profiler_startUSDT:2026-09-04 07:39:25 494:494 SyncActivityProfilerHandler.cpp:52] profiler_startUSDT:2026-09-04 07:39:25 490:490 SyncActivityProfilerHandler.cpp:52] profiler_startUSDT:2026-09-04 07:39:25 489:489 SyncActivityProfilerHandler.cpp:52] profiler_start

USDT:2026-09-04 07:39:25 493:493 SyncActivityProfilerHandler.cpp:52] profiler_start


USDT:2026-09-04 07:39:25 492:492 SyncActivityProfilerHandler.cpp:52] profiler_start

USDT:2026-09-04 07:39:25 488:488 SyncActivityProfilerHandler.cpp:52] profiler_start
USDT:2026-09-04 07:39:25 491:491 SyncActivityProfilerHandler.cpp:59] profiler_stop
USDT:2026-09-04 07:39:25 493:493 SyncActivityProfilerHandler.cpp:59] profiler_stopUSDT:2026-09-04 07:39:25 495:495 SyncActivityProfilerHandler.cpp:59] profiler_stopUSDT:2026-09-04 07:39:25 494:494 SyncActivityProfilerHandler.cpp:59] profiler_stop
USDT:2026-09-04 07:39:25 492:492 SyncActivityProfilerHandler.cpp:59] profiler_stopUSDT:2026-09-04 07:39:25 489:489 SyncActivityProfilerHandler.cpp:59] profiler_stop
USDT:2026-09-04 07:39:25 490:490 SyncActivityProfilerHandler.cpp:59] profiler_stop



USDT:2026-09-04 07:39:25 488:488 SyncActivityProfilerHandler.cpp:59] profiler_stop
   * EP:  27/32 | dispatch: 15 GB/s (SO), 34 GB/s (SU), 181.695 us, 6215040 bytes | copy: 454 GB/s, 27.362 us
   * EP:  28/32 | dispatch: 15 GB/s (SO), 34 GB/s (SU), 181.538 us, 6177600 bytes | copy: 343 GB/s, 36.018 us
   * EP:  31/32 | dispatch: 15 GB/s (SO), 33 GB/s (SU), 180.967 us, 5923008 bytes | copy: 385 GB/s, 30.752 us
   * EP:  29/32 | dispatch: 15 GB/s (SO), 32 GB/s (SU), 181.728 us, 5818176 bytes | copy: 1225 GB/s, 9.497 us
   * EP:  30/32 | dispatch: 14 GB/s (SO), 35 GB/s (SU), 181.662 us, 6342336 bytes | copy: 1009 GB/s, 12.569 us
   * EP:  26/32 | dispatch: 15 GB/s (SO), 34 GB/s (SU), 181.355 us, 6200064 bytes | copy: 771 GB/s, 16.079 us
   * EP:  25/32 | dispatch: 15 GB/s (SO), 32 GB/s (SU), 180.565 us, 5863104 bytes | copy: 536 GB/s, 21.864 us
   * EP:  24/32 | dispatch: 16 GB/s (SO), 36 GB/s (SU), 179.940 us, 6424704 bytes | copy: 1387 GB/s, 9.261 us
USDT:2026-09-04 07:39:26 491:491 SyncActivityProfilerHandler.cpp:52] profiler_startUSDT:2026-09-04 07:39:26 493:493 SyncActivityProfilerHandler.cpp:52] profiler_startUSDT:2026-09-04 07:39:26 495:495 SyncActivityProfilerHandler.cpp:52] profiler_startUSDT:2026-09-04 07:39:26 492:492 SyncActivityProfilerHandler.cpp:52] profiler_startUSDT:2026-09-04 07:39:26 489:489 SyncActivityProfilerHandler.cpp:52] profiler_startUSDT:2026-09-04 07:39:26 494:494 SyncActivityProfilerHandler.cpp:52] profiler_start

USDT:2026-09-04 07:39:26 490:490 SyncActivityProfilerHandler.cpp:52] profiler_start
USDT:2026-09-04 07:39:26 488:488 SyncActivityProfilerHandler.cpp:52] profiler_start




USDT:2026-09-04 07:39:26 489:489 SyncActivityProfilerHandler.cpp:59] profiler_stop
USDT:2026-09-04 07:39:26 490:490 SyncActivityProfilerHandler.cpp:59] profiler_stopUSDT:2026-09-04 07:39:26 488:488 SyncActivityProfilerHandler.cpp:59] profiler_stopUSDT:2026-09-04 07:39:26 495:495 SyncActivityProfilerHandler.cpp:59] profiler_stopUSDT:2026-09-04 07:39:26 491:491 SyncActivityProfilerHandler.cpp:59] profiler_stop
USDT:2026-09-04 07:39:26 493:493 SyncActivityProfilerHandler.cpp:59] profiler_stop
USDT:2026-09-04 07:39:26 492:492 SyncActivityProfilerHandler.cpp:59] profiler_stop

USDT:2026-09-04 07:39:26 494:494 SyncActivityProfilerHandler.cpp:59] profiler_stop


   - EP:  27/32 | expanded dispatch: 15 GB/s (SO), 34 GB/s (SU), 180.499 us, 6215040 bytes | copy: 561 GB/s, 27.810 us
   - EP:  29/32 | expanded dispatch: 15 GB/s (SO), 32 GB/s (SU), 180.817 us, 5818176 bytes | copy: 1110 GB/s, 12.047 us
   - EP:  31/32 | expanded dispatch: 15 GB/s (SO), 33 GB/s (SU), 180.686 us, 5923008 bytes | copy: 441 GB/s, 30.641 us
   - EP:  28/32 | expanded dispatch: 15 GB/s (SO), 34 GB/s (SU), 180.840 us, 6177600 bytes | copy: 369 GB/s, 37.517 us
   - EP:  26/32 | expanded dispatch: 15 GB/s (SO), 34 GB/s (SU), 179.987 us, 6200064 bytes | copy: 801 GB/s, 18.307 us
   - EP:  25/32 | expanded dispatch: 15 GB/s (SO), 33 GB/s (SU), 180.246 us, 5863104 bytes | copy: 516 GB/s, 25.817 us
   - EP:  30/32 | expanded dispatch: 14 GB/s (SO), 35 GB/s (SU), 180.436 us, 6342336 bytes | copy: 1242 GB/s, 12.011 us
   - EP:  24/32 | expanded dispatch: 16 GB/s (SO), 35 GB/s (SU), 181.273 us, 6424704 bytes | copy: 1230 GB/s, 11.436 us
USDT:2026-09-04 07:39:27 495:495 SyncActivityProfilerHandler.cpp:52] profiler_startUSDT:2026-09-04 07:39:27 491:491 SyncActivityProfilerHandler.cpp:52] profiler_startUSDT:2026-09-04 07:39:27 493:493 SyncActivityProfilerHandler.cpp:52] profiler_startUSDT:2026-09-04 07:39:27 492:492 SyncActivityProfilerHandler.cpp:52] profiler_startUSDT:2026-09-04 07:39:27 494:494 SyncActivityProfilerHandler.cpp:52] profiler_startUSDT:2026-09-04 07:39:27 488:488 SyncActivityProfilerHandler.cpp:52] profiler_start
USDT:2026-09-04 07:39:27 490:490 SyncActivityProfilerHandler.cpp:52] profiler_startUSDT:2026-09-04 07:39:27 489:489 SyncActivityProfilerHandler.cpp:52] profiler_start






USDT:2026-09-04 07:39:27 491:491 SyncActivityProfilerHandler.cpp:59] profiler_stopUSDT:2026-09-04 07:39:27 495:495 SyncActivityProfilerHandler.cpp:59] profiler_stop

USDT:2026-09-04 07:39:27 493:493 SyncActivityProfilerHandler.cpp:59] profiler_stopUSDT:2026-09-04 07:39:27 492:492 SyncActivityProfilerHandler.cpp:59] profiler_stopUSDT:2026-09-04 07:39:27 490:490 SyncActivityProfilerHandler.cpp:59] profiler_stop
USDT:2026-09-04 07:39:27 494:494 SyncActivityProfilerHandler.cpp:59] profiler_stop


USDT:2026-09-04 07:39:27 489:489 SyncActivityProfilerHandler.cpp:59] profiler_stopUSDT:2026-09-04 07:39:27 488:488 SyncActivityProfilerHandler.cpp:59] profiler_stop

   # EP:  27/32 | cached dispatch: 15 GB/s (SO), 34 GB/s (SU), 181.788 us, 6215040 bytes | copy: 558 GB/s, 22.291 us
   # EP:  29/32 | cached dispatch: 15 GB/s (SO), 32 GB/s (SU), 181.480 us, 5818176 bytes | copy: 1057 GB/s, 11.009 us
   # EP:  30/32 | cached dispatch: 14 GB/s (SO), 35 GB/s (SU), 181.462 us, 6342336 bytes | copy: 535 GB/s, 23.691 us
   # EP:  31/32 | cached dispatch: 15 GB/s (SO), 33 GB/s (SU), 181.679 us, 5923008 bytes | copy: 377 GB/s, 31.392 us   # EP:  28/32 | cached dispatch: 15 GB/s (SO), 34 GB/s (SU), 181.968 us, 6177600 bytes | copy: 335 GB/s, 36.918 us

   # EP:  25/32 | cached dispatch: 16 GB/s (SO), 33 GB/s (SU), 179.607 us, 5863104 bytes | copy: 343 GB/s, 34.215 us
   # EP:  26/32 | cached dispatch: 15 GB/s (SO), 34 GB/s (SU), 181.668 us, 6200064 bytes | copy: 579 GB/s, 21.423 us
   # EP:  24/32 | cached dispatch: 15 GB/s (SO), 35 GB/s (SU), 182.199 us, 6424704 bytes | copy: 1027 GB/s, 12.511 us
USDT:2026-09-04 07:39:27 495:495 SyncActivityProfilerHandler.cpp:52] profiler_start
USDT:2026-09-04 07:39:27 491:491 SyncActivityProfilerHandler.cpp:52] profiler_startUSDT:2026-09-04 07:39:27 492:492 SyncActivityProfilerHandler.cpp:52] profiler_startUSDT:2026-09-04 07:39:27 489:489 SyncActivityProfilerHandler.cpp:52] profiler_start


USDT:2026-09-04 07:39:27 493:493 SyncActivityProfilerHandler.cpp:52] profiler_startUSDT:2026-09-04 07:39:27 490:490 SyncActivityProfilerHandler.cpp:52] profiler_start
USDT:2026-09-04 07:39:27 494:494 SyncActivityProfilerHandler.cpp:52] profiler_start

USDT:2026-09-04 07:39:27 488:488 SyncActivityProfilerHandler.cpp:52] profiler_start
USDT:2026-09-04 07:39:28 489:489 SyncActivityProfilerHandler.cpp:59] profiler_stopUSDT:2026-09-04 07:39:28 490:490 SyncActivityProfilerHandler.cpp:59] profiler_stopUSDT:2026-09-04 07:39:28 491:491 SyncActivityProfilerHandler.cpp:59] profiler_stop

USDT:2026-09-04 07:39:28 495:495 SyncActivityProfilerHandler.cpp:59] profiler_stopUSDT:2026-09-04 07:39:28 494:494 SyncActivityProfilerHandler.cpp:59] profiler_stop
USDT:2026-09-04 07:39:28 492:492 SyncActivityProfilerHandler.cpp:59] profiler_stop


USDT:2026-09-04 07:39:28 493:493 SyncActivityProfilerHandler.cpp:59] profiler_stop
USDT:2026-09-04 07:39:28 488:488 SyncActivityProfilerHandler.cpp:59] profiler_stop
   @ EP:  27/32 | combine: 18 GB/s (SO), 42 GB/s (SU), 287.319 us, 11925440 bytes | reduce: 1042 GB/s, 6.411 us
   @ EP:  29/32 | combine: 18 GB/s (SO), 38 GB/s (SU), 293.417 us, 11163936 bytes | reduce: 1033 GB/s, 6.370 us
   @ EP:  25/32 | combine: 19 GB/s (SO), 40 GB/s (SU), 283.210 us, 11250144 bytes | reduce: 1089 GB/s, 6.266 us
   @ EP:  31/32 | combine: 18 GB/s (SO), 40 GB/s (SU), 282.530 us, 11365088 bytes | reduce: 1022 GB/s, 6.396 us
   @ EP:  26/32 | combine: 18 GB/s (SO), 41 GB/s (SU), 290.320 us, 11896704 bytes | reduce: 1063 GB/s, 6.342 us
   @ EP:  28/32 | combine: 19 GB/s (SO), 42 GB/s (SU), 285.562 us, 11853600 bytes | reduce: 1075 GB/s, 6.258 us
   @ EP:  30/32 | combine: 17 GB/s (SO), 42 GB/s (SU), 292.003 us, 12169696 bytes | reduce: 995 GB/s, 6.440 us
   @ EP:  24/32 | combine: 18 GB/s (SO), 42 GB/s (SU), 295.753 us, 12327744 bytes | reduce: 1104 GB/s, 6.249 us
USDT:2026-09-04 07:39:28 495:495 SyncActivityProfilerHandler.cpp:52] profiler_startUSDT:2026-09-04 07:39:28 492:492 SyncActivityProfilerHandler.cpp:52] profiler_startUSDT:2026-09-04 07:39:28 489:489 SyncActivityProfilerHandler.cpp:52] profiler_startUSDT:2026-09-04 07:39:28 491:491 SyncActivityProfilerHandler.cpp:52] profiler_startUSDT:2026-09-04 07:39:28 493:493 SyncActivityProfilerHandler.cpp:52] profiler_start

USDT:2026-09-04 07:39:28 490:490 SyncActivityProfilerHandler.cpp:52] profiler_start

USDT:2026-09-04 07:39:28 494:494 SyncActivityProfilerHandler.cpp:52] profiler_start


USDT:2026-09-04 07:39:28 488:488 SyncActivityProfilerHandler.cpp:52] profiler_start
USDT:2026-09-04 07:39:28 492:492 SyncActivityProfilerHandler.cpp:59] profiler_stop
USDT:2026-09-04 07:39:28 495:495 SyncActivityProfilerHandler.cpp:59] profiler_stopUSDT:2026-09-04 07:39:28 494:494 SyncActivityProfilerHandler.cpp:59] profiler_stopUSDT:2026-09-04 07:39:28 491:491 SyncActivityProfilerHandler.cpp:59] profiler_stopUSDT:2026-09-04 07:39:28 489:489 SyncActivityProfilerHandler.cpp:59] profiler_stopUSDT:2026-09-04 07:39:28 493:493 SyncActivityProfilerHandler.cpp:59] profiler_stop


USDT:2026-09-04 07:39:28 488:488 SyncActivityProfilerHandler.cpp:59] profiler_stopUSDT:2026-09-04 07:39:28 490:490 SyncActivityProfilerHandler.cpp:59] profiler_stop



   + EP:  29/32 | reduced combine: 17 GB/s (SO), 36 GB/s (SU), 309.247 us, 11163936 bytes | reduce: 1046 GB/s, 6.292 us
   + EP:  31/32 | reduced combine: 17 GB/s (SO), 38 GB/s (SU), 296.336 us, 11365088 bytes | reduce: 1033 GB/s, 6.330 us
   + EP:  28/32 | reduced combine: 18 GB/s (SO), 39 GB/s (SU), 301.035 us, 11853600 bytes | reduce: 1077 GB/s, 6.246 us
   + EP:  30/32 | reduced combine: 16 GB/s (SO), 40 GB/s (SU), 305.833 us, 12169696 bytes | reduce: 1000 GB/s, 6.411 us
   + EP:  25/32 | reduced combine: 18 GB/s (SO), 38 GB/s (SU), 297.303 us, 11250144 bytes | reduce: 1080 GB/s, 6.320 us
   + EP:  26/32 | reduced combine: 17 GB/s (SO), 39 GB/s (SU), 304.945 us, 11896704 bytes | reduce: 1081 GB/s, 6.231 us
   + EP:  27/32 | reduced combine: 17 GB/s (SO), 40 GB/s (SU), 300.022 us, 11925440 bytes | reduce: 1045 GB/s, 6.392 us
   + EP:  24/32 | reduced combine: 17 GB/s (SO), 39 GB/s (SU), 312.335 us, 12327744 bytes | reduce: 1113 GB/s, 6.197 us


