=== EP_NIC_NAME=rdmap101s0 (auto, 400 Gb/s) ===
=== NCCL_IB_HCA=rdmap (auto: non-EFA ibverbs device ibp198s0f0 present) ===
=== GIN: NCCL_GIN_TYPE=5 NCCL_SYM_GIN_KERNELS_ENABLE=0 ===
=== PREFER_OVERLAP=0 (--prefer-overlap-with-compute) ===
=== IMAGE=deepep-v2-efa-official:sm103-bfbdd15  DeepEP=bfbdd15ff448783f877cb2210cb3246c8452b05e ===
+ docker run --rm --init --gpus all --privileged --network=host --ipc=host --ulimit memlock=-1 --ulimit stack=67108864 --device=/dev/infiniband --device=/dev/gdrdrv -v /sys/class/infiniband:/sys/class/infiniband:ro -e MASTER_ADDR=172.31.30.41 -e MASTER_PORT=9606 -e WORLD_SIZE=4 -e RANK=0 -e NCCL_DEBUG=WARN -e EP_NIC_NAME=rdmap101s0 -e NCCL_IB_HCA=rdmap -e NCCL_GIN_TYPE=5 -e NCCL_SYM_GIN_KERNELS_ENABLE=0 -e NCCL_NVLS_ENABLE=0 -e PYTHONUNBUFFERED=1 -e PYTHONFAULTHANDLER=1 deepep-v2-efa-official:sm103-bfbdd15 bash -lc 'timeout -s ABRT --kill-after=60 1800     python3 -u /opt/DeepEP/tests/elastic/test_ep.py     --num-processes=8 --num-tokens=128     --hidden=7168 --num-topk=8 --num-experts=256     --num-sms=12 --allow-hybrid-mode=1     --prefer-overlap-with-compute=0 --test-first-only      '

==========
== CUDA ==
==========

CUDA Version 13.3.1

Container image Copyright (c) 2016-2023, NVIDIA CORPORATION & AFFILIATES. All rights reserved.

This container image and its contents are governed by the NVIDIA Deep Learning Container License.
By pulling and using the container, you accept the terms and conditions of this license:
https://developer.nvidia.com/ngc/nvidia-deep-learning-container-license

A copy of this license is made available in this container at /NGC-DL-CONTAINER-LICENSE for your convenience.

NCCL version 2.31.2+cuda13.3
DeepEP hybrid kernel selection: unordered
DeepEP hybrid kernel selection: unordered
DeepEP hybrid kernel selection: unordered
DeepEP hybrid kernel selection: unordered
DeepEP hybrid kernel selection: unordered
DeepEP hybrid kernel selection: unordered
DeepEP hybrid kernel selection: unordered
DeepEP hybrid kernel selection: unordered
DeepEP hybrid kernel selection: unordered
DeepEP hybrid kernel selection: unordered
DeepEP hybrid kernel selection: unordered
DeepEP hybrid kernel selection: unordered
DeepEP hybrid kernel selection: unordered
DeepEP hybrid kernel selection: unordered
DeepEP hybrid kernel selection: unordered
DeepEP hybrid kernel selection: unordered
Config:
 > Ranks: 4 x 8
 > Experts: 8/256
 > Tokens: 128 (max: 128), hidden: 7168
 > #SM: 12, #QPs: 11/11

Running all test cases:
 > Testing with do_handle_copy=1, expert_alignment=128, use_fp8_dispatch=1, num_bias=0, with_previous_event=0, async_with_compute_stream=0, allocate_on_comm_stream=0 ...
USDT:2026-09-04 07:11:03 492:492 SyncActivityProfilerHandler.cpp:52] profiler_startUSDT:2026-09-04 07:11:03 487:487 SyncActivityProfilerHandler.cpp:52] profiler_startUSDT:2026-09-04 07:11:03 493:493 SyncActivityProfilerHandler.cpp:52] profiler_startUSDT:2026-09-04 07:11:03 490:490 SyncActivityProfilerHandler.cpp:52] profiler_startUSDT:2026-09-04 07:11:03 489:489 SyncActivityProfilerHandler.cpp:52] profiler_startUSDT:2026-09-04 07:11:03 486:486 SyncActivityProfilerHandler.cpp:52] profiler_start
USDT:2026-09-04 07:11:03 488:488 SyncActivityProfilerHandler.cpp:52] profiler_startUSDT:2026-09-04 07:11:03 491:491 SyncActivityProfilerHandler.cpp:52] profiler_start






USDT:2026-09-04 07:11:03 489:489 SyncActivityProfilerHandler.cpp:59] profiler_stopUSDT:2026-09-04 07:11:03 492:492 SyncActivityProfilerHandler.cpp:59] profiler_stopUSDT:2026-09-04 07:11:03 491:491 SyncActivityProfilerHandler.cpp:59] profiler_stopUSDT:2026-09-04 07:11:03 493:493 SyncActivityProfilerHandler.cpp:59] profiler_stopUSDT:2026-09-04 07:11:03 490:490 SyncActivityProfilerHandler.cpp:59] profiler_stop



USDT:2026-09-04 07:11:03 488:488 SyncActivityProfilerHandler.cpp:59] profiler_stopUSDT:2026-09-04 07:11:03 486:486 SyncActivityProfilerHandler.cpp:59] profiler_stop
USDT:2026-09-04 07:11:03 487:487 SyncActivityProfilerHandler.cpp:59] profiler_stop


   * EP:   0/32 | dispatch: 19 GB/s (SO), 33 GB/s (SU), 180.323 us, 5863104 bytes | copy: 1306 GB/s, 8.978 us
   * EP:   3/32 | dispatch: 18 GB/s (SO), 34 GB/s (SU), 184.042 us, 6207552 bytes | copy: 684 GB/s, 18.139 us
   * EP:   7/32 | dispatch: 18 GB/s (SO), 32 GB/s (SU), 184.065 us, 5803200 bytes | copy: 362 GB/s, 32.033 us
   * EP:   5/32 | dispatch: 18 GB/s (SO), 34 GB/s (SU), 182.205 us, 6200064 bytes | copy: 1125 GB/s, 11.022 us
   * EP:   2/32 | dispatch: 19 GB/s (SO), 33 GB/s (SU), 181.857 us, 5952960 bytes | copy: 533 GB/s, 22.344 us
   * EP:   6/32 | dispatch: 18 GB/s (SO), 33 GB/s (SU), 183.684 us, 6020352 bytes | copy: 500 GB/s, 24.077 us
   * EP:   4/32 | dispatch: 18 GB/s (SO), 34 GB/s (SU), 183.930 us, 6252480 bytes | copy: 325 GB/s, 38.499 us
   * EP:   1/32 | dispatch: 19 GB/s (SO), 33 GB/s (SU), 183.459 us, 6042816 bytes | copy: 309 GB/s, 39.140 us
USDT:2026-09-04 07:11:03 492:492 SyncActivityProfilerHandler.cpp:52] profiler_startUSDT:2026-09-04 07:11:03 489:489 SyncActivityProfilerHandler.cpp:52] profiler_startUSDT:2026-09-04 07:11:03 486:486 SyncActivityProfilerHandler.cpp:52] profiler_startUSDT:2026-09-04 07:11:03 493:493 SyncActivityProfilerHandler.cpp:52] profiler_start

USDT:2026-09-04 07:11:03 490:490 SyncActivityProfilerHandler.cpp:52] profiler_start
USDT:2026-09-04 07:11:03 488:488 SyncActivityProfilerHandler.cpp:52] profiler_start

USDT:2026-09-04 07:11:03 491:491 SyncActivityProfilerHandler.cpp:52] profiler_startUSDT:2026-09-04 07:11:03 487:487 SyncActivityProfilerHandler.cpp:52] profiler_start


USDT:2026-09-04 07:11:03 492:492 SyncActivityProfilerHandler.cpp:59] profiler_stopUSDT:2026-09-04 07:11:03 491:491 SyncActivityProfilerHandler.cpp:59] profiler_stop

USDT:2026-09-04 07:11:03 488:488 SyncActivityProfilerHandler.cpp:59] profiler_stopUSDT:2026-09-04 07:11:03 490:490 SyncActivityProfilerHandler.cpp:59] profiler_stop

USDT:2026-09-04 07:11:03 486:486 SyncActivityProfilerHandler.cpp:59] profiler_stopUSDT:2026-09-04 07:11:03 489:489 SyncActivityProfilerHandler.cpp:59] profiler_stopUSDT:2026-09-04 07:11:03 493:493 SyncActivityProfilerHandler.cpp:59] profiler_stopUSDT:2026-09-04 07:11:03 487:487 SyncActivityProfilerHandler.cpp:59] profiler_stop



   - EP:   0/32 | expanded dispatch: 19 GB/s (SO), 32 GB/s (SU), 185.422 us, 5863104 bytes | copy: 1067 GB/s, 12.566 us
   - EP:   7/32 | expanded dispatch: 18 GB/s (SO), 31 GB/s (SU), 188.569 us, 5803200 bytes | copy: 483 GB/s, 27.416 us
   - EP:   3/32 | expanded dispatch: 18 GB/s (SO), 33 GB/s (SU), 188.560 us, 6207552 bytes | copy: 857 GB/s, 16.249 us
   - EP:   2/32 | expanded dispatch: 18 GB/s (SO), 32 GB/s (SU), 188.255 us, 5952960 bytes | copy: 739 GB/s, 18.189 us
   - EP:   6/32 | expanded dispatch: 18 GB/s (SO), 32 GB/s (SU), 187.768 us, 6020352 bytes | copy: 718 GB/s, 19.001 us
   - EP:   1/32 | expanded dispatch: 18 GB/s (SO), 32 GB/s (SU), 186.844 us, 6042816 bytes | copy: 365 GB/s, 37.268 us
   - EP:   4/32 | expanded dispatch: 18 GB/s (SO), 33 GB/s (SU), 189.127 us, 6252480 bytes | copy: 432 GB/s, 34.352 us
   - EP:   5/32 | expanded dispatch: 18 GB/s (SO), 33 GB/s (SU), 187.395 us, 6200064 bytes | copy: 1962 GB/s, 7.471 us
USDT:2026-09-04 07:11:04 486:486 SyncActivityProfilerHandler.cpp:52] profiler_startUSDT:2026-09-04 07:11:04 489:489 SyncActivityProfilerHandler.cpp:52] profiler_startUSDT:2026-09-04 07:11:04 488:488 SyncActivityProfilerHandler.cpp:52] profiler_start

USDT:2026-09-04 07:11:04 492:492 SyncActivityProfilerHandler.cpp:52] profiler_start
USDT:2026-09-04 07:11:04 487:487 SyncActivityProfilerHandler.cpp:52] profiler_startUSDT:2026-09-04 07:11:04 491:491 SyncActivityProfilerHandler.cpp:52] profiler_start

USDT:2026-09-04 07:11:04 490:490 SyncActivityProfilerHandler.cpp:52] profiler_start

USDT:2026-09-04 07:11:04 493:493 SyncActivityProfilerHandler.cpp:52] profiler_start
USDT:2026-09-04 07:11:04 491:491 SyncActivityProfilerHandler.cpp:59] profiler_stopUSDT:2026-09-04 07:11:04 492:492 SyncActivityProfilerHandler.cpp:59] profiler_stop

USDT:2026-09-04 07:11:04 489:489 SyncActivityProfilerHandler.cpp:59] profiler_stopUSDT:2026-09-04 07:11:04 490:490 SyncActivityProfilerHandler.cpp:59] profiler_stop

USDT:2026-09-04 07:11:04 493:493 SyncActivityProfilerHandler.cpp:59] profiler_stop
USDT:2026-09-04 07:11:04 488:488 SyncActivityProfilerHandler.cpp:59] profiler_stop
USDT:2026-09-04 07:11:04 486:486 SyncActivityProfilerHandler.cpp:59] profiler_stop
USDT:2026-09-04 07:11:04 487:487 SyncActivityProfilerHandler.cpp:59] profiler_stop
   # EP:   5/32 | cached dispatch: 18 GB/s (SO), 33 GB/s (SU), 186.288 us, 6200064 bytes | copy: 1294 GB/s, 9.584 us
   # EP:   2/32 | cached dispatch: 19 GB/s (SO), 32 GB/s (SU), 187.954 us, 5952960 bytes | copy: 540 GB/s, 22.030 us
   # EP:   0/32 | cached dispatch: 19 GB/s (SO), 32 GB/s (SU), 185.478 us, 5863104 bytes | copy: 929 GB/s, 12.622 us   # EP:   3/32 | cached dispatch: 18 GB/s (SO), 33 GB/s (SU), 187.857 us, 6207552 bytes | copy: 630 GB/s, 19.697 us

   # EP:   4/32 | cached dispatch: 18 GB/s (SO), 33 GB/s (SU), 188.184 us, 6252480 bytes | copy: 338 GB/s, 36.978 us
   # EP:   6/32 | cached dispatch: 18 GB/s (SO), 32 GB/s (SU), 187.073 us, 6020352 bytes | copy: 562 GB/s, 21.442 us
   # EP:   7/32 | cached dispatch: 18 GB/s (SO), 31 GB/s (SU), 187.677 us, 5803200 bytes | copy: 406 GB/s, 28.601 us
   # EP:   1/32 | cached dispatch: 18 GB/s (SO), 32 GB/s (SU), 186.337 us, 6042816 bytes | copy: 309 GB/s, 39.069 us
USDT:2026-09-04 07:11:05 489:489 SyncActivityProfilerHandler.cpp:52] profiler_startUSDT:2026-09-04 07:11:05 493:493 SyncActivityProfilerHandler.cpp:52] profiler_startUSDT:2026-09-04 07:11:05 490:490 SyncActivityProfilerHandler.cpp:52] profiler_start


USDT:2026-09-04 07:11:05 491:491 SyncActivityProfilerHandler.cpp:52] profiler_start
USDT:2026-09-04 07:11:05 486:486 SyncActivityProfilerHandler.cpp:52] profiler_startUSDT:2026-09-04 07:11:05 488:488 SyncActivityProfilerHandler.cpp:52] profiler_start

USDT:2026-09-04 07:11:05 492:492 SyncActivityProfilerHandler.cpp:52] profiler_startUSDT:2026-09-04 07:11:05 487:487 SyncActivityProfilerHandler.cpp:52] profiler_start

USDT:2026-09-04 07:11:05 489:489 SyncActivityProfilerHandler.cpp:59] profiler_stopUSDT:2026-09-04 07:11:05 491:491 SyncActivityProfilerHandler.cpp:59] profiler_stop
USDT:2026-09-04 07:11:05 493:493 SyncActivityProfilerHandler.cpp:59] profiler_stop

USDT:2026-09-04 07:11:05 488:488 SyncActivityProfilerHandler.cpp:59] profiler_stop
USDT:2026-09-04 07:11:05 492:492 SyncActivityProfilerHandler.cpp:59] profiler_stopUSDT:2026-09-04 07:11:05 486:486 SyncActivityProfilerHandler.cpp:59] profiler_stopUSDT:2026-09-04 07:11:05 490:490 SyncActivityProfilerHandler.cpp:59] profiler_stop


USDT:2026-09-04 07:11:05 487:487 SyncActivityProfilerHandler.cpp:59] profiler_stop
   @ EP:   5/32 | combine: 25 GB/s (SO), 46 GB/s (SU), 258.641 us, 11896704 bytes | reduce: 1303 GB/s, 6.272 us
   @ EP:   3/32 | combine: 25 GB/s (SO), 47 GB/s (SU), 254.971 us, 11911072 bytes | reduce: 1306 GB/s, 6.314 us
   @ EP:   0/32 | combine: 26 GB/s (SO), 43 GB/s (SU), 264.048 us, 11250144 bytes | reduce: 1369 GB/s, 6.267 us
   @ EP:   7/32 | combine: 25 GB/s (SO), 45 GB/s (SU), 249.670 us, 11135200 bytes | reduce: 1269 GB/s, 6.372 us
   @ EP:   2/32 | combine: 26 GB/s (SO), 45 GB/s (SU), 254.603 us, 11422560 bytes | reduce: 1360 GB/s, 6.244 us
   @ EP:   6/32 | combine: 25 GB/s (SO), 45 GB/s (SU), 256.196 us, 11551872 bytes | reduce: 1243 GB/s, 6.540 us
   @ EP:   4/32 | combine: 26 GB/s (SO), 48 GB/s (SU), 250.411 us, 11997280 bytes | reduce: 1311 GB/s, 6.324 us
   @ EP:   1/32 | combine: 25 GB/s (SO), 44 GB/s (SU), 262.152 us, 11594976 bytes | reduce: 1310 GB/s, 6.427 us
USDT:2026-09-04 07:11:05 490:490 SyncActivityProfilerHandler.cpp:52] profiler_start
USDT:2026-09-04 07:11:05 488:488 SyncActivityProfilerHandler.cpp:52] profiler_startUSDT:2026-09-04 07:11:05 489:489 SyncActivityProfilerHandler.cpp:52] profiler_startUSDT:2026-09-04 07:11:05 492:492 SyncActivityProfilerHandler.cpp:52] profiler_start
USDT:2026-09-04 07:11:05 491:491 SyncActivityProfilerHandler.cpp:52] profiler_start


USDT:2026-09-04 07:11:05 493:493 SyncActivityProfilerHandler.cpp:52] profiler_startUSDT:2026-09-04 07:11:05 486:486 SyncActivityProfilerHandler.cpp:52] profiler_start
USDT:2026-09-04 07:11:05 487:487 SyncActivityProfilerHandler.cpp:52] profiler_start

USDT:2026-09-04 07:11:06 491:491 SyncActivityProfilerHandler.cpp:59] profiler_stop
USDT:2026-09-04 07:11:06 490:490 SyncActivityProfilerHandler.cpp:59] profiler_stopUSDT:2026-09-04 07:11:06 492:492 SyncActivityProfilerHandler.cpp:59] profiler_stop

USDT:2026-09-04 07:11:06 489:489 SyncActivityProfilerHandler.cpp:59] profiler_stop
USDT:2026-09-04 07:11:06 493:493 SyncActivityProfilerHandler.cpp:59] profiler_stopUSDT:2026-09-04 07:11:06 488:488 SyncActivityProfilerHandler.cpp:59] profiler_stop
USDT:2026-09-04 07:11:06 487:487 SyncActivityProfilerHandler.cpp:59] profiler_stop
USDT:2026-09-04 07:11:06 486:486 SyncActivityProfilerHandler.cpp:59] profiler_stop

   + EP:   3/32 | reduced combine: 24 GB/s (SO), 44 GB/s (SU), 268.287 us, 11911072 bytes | reduce: 1293 GB/s, 6.380 us
   + EP:   6/32 | reduced combine: 23 GB/s (SO), 42 GB/s (SU), 272.012 us, 11551872 bytes | reduce: 1292 GB/s, 6.294 us
   + EP:   5/32 | reduced combine: 23 GB/s (SO), 44 GB/s (SU), 272.911 us, 11896704 bytes | reduce: 1299 GB/s, 6.295 us
   + EP:   0/32 | reduced combine: 24 GB/s (SO), 40 GB/s (SU), 278.108 us, 11250144 bytes | reduce: 1358 GB/s, 6.315 us
   + EP:   4/32 | reduced combine: 25 GB/s (SO), 46 GB/s (SU), 261.744 us, 11997280 bytes | reduce: 1289 GB/s, 6.431 us   + EP:   2/32 | reduced combine: 25 GB/s (SO), 43 GB/s (SU), 268.358 us, 11422560 bytes | reduce: 1362 GB/s, 6.235 us

   + EP:   7/32 | reduced combine: 24 GB/s (SO), 42 GB/s (SU), 262.808 us, 11135200 bytes | reduce: 1279 GB/s, 6.325 us
   + EP:   1/32 | reduced combine: 24 GB/s (SO), 42 GB/s (SU), 275.571 us, 11594976 bytes | reduce: 1316 GB/s, 6.396 us


