=== EP_NIC_NAME=rdmap101s0 (auto, 400 Gb/s) ===
=== NCCL_IB_HCA=rdmap (auto: non-EFA ibverbs device ibp198s0f0 present) ===
=== GIN: NCCL_GIN_TYPE=5 NCCL_SYM_GIN_KERNELS_ENABLE=0 ===
=== PREFER_OVERLAP=0 (--prefer-overlap-with-compute) ===
=== IMAGE=deepep-v2-efa-official:sm103-3c737dc  DeepEP=3c737dcf0da5889ba7efd26e05b4808307cc38af ===
+ docker run --rm --init --gpus all --privileged --network=host --ipc=host --ulimit memlock=-1 --ulimit stack=67108864 --device=/dev/infiniband --device=/dev/gdrdrv -v /sys/class/infiniband:/sys/class/infiniband:ro -e MASTER_ADDR=172.31.30.41 -e MASTER_PORT=9617 -e WORLD_SIZE=4 -e RANK=2 -e NCCL_DEBUG=WARN -e EP_NIC_NAME=rdmap101s0 -e NCCL_IB_HCA=rdmap -e NCCL_GIN_TYPE=5 -e NCCL_SYM_GIN_KERNELS_ENABLE=0 -e NCCL_NVLS_ENABLE=0 -e PYTHONUNBUFFERED=1 -e PYTHONFAULTHANDLER=1 deepep-v2-efa-official:sm103-3c737dc bash -lc 'timeout -s ABRT --kill-after=60 1800     python3 -u /opt/DeepEP/tests/elastic/test_ep.py     --num-processes=8 --num-tokens=8192     --hidden=7168 --num-topk=8 --num-experts=256     --num-sms=12 --allow-hybrid-mode=1     --prefer-overlap-with-compute=0 --test-first-only      '

==========
== CUDA ==
==========

CUDA Version 13.3.1

Container image Copyright (c) 2016-2023, NVIDIA CORPORATION & AFFILIATES. All rights reserved.

This container image and its contents are governed by the NVIDIA Deep Learning Container License.
By pulling and using the container, you accept the terms and conditions of this license:
https://developer.nvidia.com/ngc/nvidia-deep-learning-container-license

A copy of this license is made available in this container at /NGC-DL-CONTAINER-LICENSE for your convenience.

DeepEP hybrid kernel selection: unordered
DeepEP hybrid kernel selection: unordered
DeepEP hybrid kernel selection: unordered
DeepEP hybrid kernel selection: unordered
DeepEP hybrid kernel selection: unordered
DeepEP hybrid kernel selection: unordered
DeepEP hybrid kernel selection: unordered
DeepEP hybrid kernel selection: unordered
DeepEP hybrid kernel selection: unordered
DeepEP hybrid kernel selection: unordered
DeepEP hybrid kernel selection: unordered
DeepEP hybrid kernel selection: unordered
DeepEP hybrid kernel selection: unordered
DeepEP hybrid kernel selection: unordered
DeepEP hybrid kernel selection: unordered
DeepEP hybrid kernel selection: unordered
Config:
 > Ranks: 4 x 8
 > Experts: 8/256
 > Tokens: 8176 (max: 8192), hidden: 7168
 > #SM: 12, #QPs: 13/13

Running all test cases:
 > Testing with do_handle_copy=1, expert_alignment=128, use_fp8_dispatch=1, num_bias=0, with_previous_event=0, async_with_compute_stream=0, allocate_on_comm_stream=0 ...
USDT:2026-09-04 07:42:15 490:490 SyncActivityProfilerHandler.cpp:52] profiler_startUSDT:2026-09-04 07:42:15 489:489 SyncActivityProfilerHandler.cpp:52] profiler_startUSDT:2026-09-04 07:42:15 487:487 SyncActivityProfilerHandler.cpp:52] profiler_startUSDT:2026-09-04 07:42:15 493:493 SyncActivityProfilerHandler.cpp:52] profiler_start

USDT:2026-09-04 07:42:15 494:494 SyncActivityProfilerHandler.cpp:52] profiler_startUSDT:2026-09-04 07:42:15 492:492 SyncActivityProfilerHandler.cpp:52] profiler_startUSDT:2026-09-04 07:42:15 488:488 SyncActivityProfilerHandler.cpp:52] profiler_startUSDT:2026-09-04 07:42:15 491:491 SyncActivityProfilerHandler.cpp:52] profiler_start





USDT:2026-09-04 07:42:16 490:490 SyncActivityProfilerHandler.cpp:59] profiler_stopUSDT:2026-09-04 07:42:16 494:494 SyncActivityProfilerHandler.cpp:59] profiler_stopUSDT:2026-09-04 07:42:16 491:491 SyncActivityProfilerHandler.cpp:59] profiler_stopUSDT:2026-09-04 07:42:16 493:493 SyncActivityProfilerHandler.cpp:59] profiler_stopUSDT:2026-09-04 07:42:16 489:489 SyncActivityProfilerHandler.cpp:59] profiler_stop
USDT:2026-09-04 07:42:16 488:488 SyncActivityProfilerHandler.cpp:59] profiler_stop


USDT:2026-09-04 07:42:16 487:487 SyncActivityProfilerHandler.cpp:59] profiler_stop
USDT:2026-09-04 07:42:16 492:492 SyncActivityProfilerHandler.cpp:59] profiler_stop


   * EP:  19/32 | dispatch: 110 GB/s (SO), 221 GB/s (SU), 2016.000 us, 444892032 bytes | copy: 4853 GB/s, 183.353 us
   * EP:  23/32 | dispatch: 110 GB/s (SO), 221 GB/s (SU), 2015.000 us, 445655808 bytes | copy: 5258 GB/s, 169.520 us
   * EP:  16/32 | dispatch: 110 GB/s (SO), 221 GB/s (SU), 2014.000 us, 445101696 bytes | copy: 5085 GB/s, 175.060 us
   * EP:  20/32 | dispatch: 110 GB/s (SO), 221 GB/s (SU), 2015.000 us, 444577536 bytes | copy: 5166 GB/s, 172.101 us
   * EP:  17/32 | dispatch: 110 GB/s (SO), 221 GB/s (SU), 2013.000 us, 444757248 bytes | copy: 5098 GB/s, 174.482 us
   * EP:  21/32 | dispatch: 110 GB/s (SO), 220 GB/s (SU), 2013.000 us, 443499264 bytes | copy: 5098 GB/s, 173.983 us
   * EP:  22/32 | dispatch: 110 GB/s (SO), 222 GB/s (SU), 2014.000 us, 447475392 bytes | copy: 4801 GB/s, 186.397 us
   * EP:  18/32 | dispatch: 110 GB/s (SO), 219 GB/s (SU), 2015.000 us, 441574848 bytes | copy: 4941 GB/s, 178.746 us
USDT:2026-09-04 07:42:16 488:488 SyncActivityProfilerHandler.cpp:52] profiler_startUSDT:2026-09-04 07:42:16 487:487 SyncActivityProfilerHandler.cpp:52] profiler_startUSDT:2026-09-04 07:42:16 490:490 SyncActivityProfilerHandler.cpp:52] profiler_startUSDT:2026-09-04 07:42:16 489:489 SyncActivityProfilerHandler.cpp:52] profiler_start

USDT:2026-09-04 07:42:16 492:492 SyncActivityProfilerHandler.cpp:52] profiler_startUSDT:2026-09-04 07:42:16 494:494 SyncActivityProfilerHandler.cpp:52] profiler_start
USDT:2026-09-04 07:42:16 493:493 SyncActivityProfilerHandler.cpp:52] profiler_startUSDT:2026-09-04 07:42:16 491:491 SyncActivityProfilerHandler.cpp:52] profiler_start




USDT:2026-09-04 07:42:16 494:494 SyncActivityProfilerHandler.cpp:59] profiler_stop
USDT:2026-09-04 07:42:16 491:491 SyncActivityProfilerHandler.cpp:59] profiler_stopUSDT:2026-09-04 07:42:16 488:488 SyncActivityProfilerHandler.cpp:59] profiler_stopUSDT:2026-09-04 07:42:16 487:487 SyncActivityProfilerHandler.cpp:59] profiler_stop

USDT:2026-09-04 07:42:16 490:490 SyncActivityProfilerHandler.cpp:59] profiler_stop
USDT:2026-09-04 07:42:16 489:489 SyncActivityProfilerHandler.cpp:59] profiler_stop
USDT:2026-09-04 07:42:16 492:492 SyncActivityProfilerHandler.cpp:59] profiler_stop
USDT:2026-09-04 07:42:16 493:493 SyncActivityProfilerHandler.cpp:59] profiler_stop

   - EP:  23/32 | expanded dispatch: 110 GB/s (SO), 221 GB/s (SU), 2014.000 us, 445655808 bytes | copy: 4838 GB/s, 194.742 us
   - EP:  19/32 | expanded dispatch: 110 GB/s (SO), 221 GB/s (SU), 2015.000 us, 444892032 bytes | copy: 4351 GB/s, 216.156 us
   - EP:  20/32 | expanded dispatch: 110 GB/s (SO), 221 GB/s (SU), 2014.000 us, 444577536 bytes | copy: 4646 GB/s, 202.551 us
   - EP:  16/32 | expanded dispatch: 110 GB/s (SO), 221 GB/s (SU), 2013.000 us, 445101696 bytes | copy: 4718 GB/s, 198.774 us
   - EP:  21/32 | expanded dispatch: 110 GB/s (SO), 220 GB/s (SU), 2012.000 us, 443499264 bytes | copy: 4733 GB/s, 197.956 us
   - EP:  18/32 | expanded dispatch: 110 GB/s (SO), 219 GB/s (SU), 2014.000 us, 441574848 bytes | copy: 4692 GB/s, 198.941 us
   - EP:  17/32 | expanded dispatch: 110 GB/s (SO), 221 GB/s (SU), 2012.000 us, 444757248 bytes | copy: 4905 GB/s, 191.950 us
   - EP:  22/32 | expanded dispatch: 110 GB/s (SO), 222 GB/s (SU), 2014.000 us, 447475392 bytes | copy: 4427 GB/s, 213.807 us
USDT:2026-09-04 07:42:17 492:492 SyncActivityProfilerHandler.cpp:52] profiler_startUSDT:2026-09-04 07:42:17 494:494 SyncActivityProfilerHandler.cpp:52] profiler_start
USDT:2026-09-04 07:42:17 488:488 SyncActivityProfilerHandler.cpp:52] profiler_start
USDT:2026-09-04 07:42:17 491:491 SyncActivityProfilerHandler.cpp:52] profiler_startUSDT:2026-09-04 07:42:17 493:493 SyncActivityProfilerHandler.cpp:52] profiler_startUSDT:2026-09-04 07:42:17 489:489 SyncActivityProfilerHandler.cpp:52] profiler_start



USDT:2026-09-04 07:42:17 490:490 SyncActivityProfilerHandler.cpp:52] profiler_start
USDT:2026-09-04 07:42:17 487:487 SyncActivityProfilerHandler.cpp:52] profiler_start
USDT:2026-09-04 07:42:17 492:492 SyncActivityProfilerHandler.cpp:59] profiler_stopUSDT:2026-09-04 07:42:17 488:488 SyncActivityProfilerHandler.cpp:59] profiler_stopUSDT:2026-09-04 07:42:17 494:494 SyncActivityProfilerHandler.cpp:59] profiler_stop

USDT:2026-09-04 07:42:17 491:491 SyncActivityProfilerHandler.cpp:59] profiler_stop
USDT:2026-09-04 07:42:17 489:489 SyncActivityProfilerHandler.cpp:59] profiler_stop
USDT:2026-09-04 07:42:17 490:490 SyncActivityProfilerHandler.cpp:59] profiler_stop

USDT:2026-09-04 07:42:17 493:493 SyncActivityProfilerHandler.cpp:59] profiler_stopUSDT:2026-09-04 07:42:17 487:487 SyncActivityProfilerHandler.cpp:59] profiler_stop

   # EP:  19/32 | cached dispatch: 111 GB/s (SO), 223 GB/s (SU), 1994.000 us, 444892032 bytes | copy: 5008 GB/s, 177.661 us
   # EP:  16/32 | cached dispatch: 111 GB/s (SO), 223 GB/s (SU), 1992.000 us, 445101696 bytes | copy: 5152 GB/s, 172.796 us
   # EP:  23/32 | cached dispatch: 111 GB/s (SO), 224 GB/s (SU), 1993.000 us, 445655808 bytes | copy: 5346 GB/s, 166.712 us
   # EP:  18/32 | cached dispatch: 111 GB/s (SO), 221 GB/s (SU), 1994.000 us, 441574848 bytes | copy: 4923 GB/s, 179.381 us
   # EP:  21/32 | cached dispatch: 111 GB/s (SO), 223 GB/s (SU), 1991.000 us, 443499264 bytes | copy: 5181 GB/s, 171.194 us
   # EP:  20/32 | cached dispatch: 111 GB/s (SO), 223 GB/s (SU), 1993.000 us, 444577536 bytes | copy: 5101 GB/s, 174.324 us
   # EP:  17/32 | cached dispatch: 111 GB/s (SO), 223 GB/s (SU), 1991.000 us, 444757248 bytes | copy: 5156 GB/s, 172.525 us
   # EP:  22/32 | cached dispatch: 111 GB/s (SO), 225 GB/s (SU), 1992.000 us, 447475392 bytes | copy: 5248 GB/s, 170.516 us
USDT:2026-09-04 07:42:18 488:488 SyncActivityProfilerHandler.cpp:52] profiler_start
USDT:2026-09-04 07:42:18 490:490 SyncActivityProfilerHandler.cpp:52] profiler_start
USDT:2026-09-04 07:42:18 494:494 SyncActivityProfilerHandler.cpp:52] profiler_start
USDT:2026-09-04 07:42:18 491:491 SyncActivityProfilerHandler.cpp:52] profiler_start
USDT:2026-09-04 07:42:18 493:493 SyncActivityProfilerHandler.cpp:52] profiler_startUSDT:2026-09-04 07:42:18 492:492 SyncActivityProfilerHandler.cpp:52] profiler_start

USDT:2026-09-04 07:42:18 489:489 SyncActivityProfilerHandler.cpp:52] profiler_startUSDT:2026-09-04 07:42:18 487:487 SyncActivityProfilerHandler.cpp:52] profiler_start

USDT:2026-09-04 07:42:18 488:488 SyncActivityProfilerHandler.cpp:59] profiler_stop
USDT:2026-09-04 07:42:18 490:490 SyncActivityProfilerHandler.cpp:59] profiler_stopUSDT:2026-09-04 07:42:18 491:491 SyncActivityProfilerHandler.cpp:59] profiler_stop

USDT:2026-09-04 07:42:18 492:492 SyncActivityProfilerHandler.cpp:59] profiler_stop
USDT:2026-09-04 07:42:18 494:494 SyncActivityProfilerHandler.cpp:59] profiler_stop
USDT:2026-09-04 07:42:18 493:493 SyncActivityProfilerHandler.cpp:59] profiler_stop
USDT:2026-09-04 07:42:18 487:487 SyncActivityProfilerHandler.cpp:59] profiler_stop
USDT:2026-09-04 07:42:18 489:489 SyncActivityProfilerHandler.cpp:59] profiler_stop
   @ EP:  21/32 | combine: 90 GB/s (SO), 180 GB/s (SU), 4721.000 us, 850987904 bytes | reduce: 5131 GB/s, 105.727 us
   @ EP:  17/32 | combine: 105 GB/s (SO), 212 GB/s (SU), 4021.000 us, 853401728 bytes | reduce: 5239 GB/s, 103.211 us
   @ EP:  23/32 | combine: 90 GB/s (SO), 182 GB/s (SU), 4706.000 us, 855125888 bytes | reduce: 5179 GB/s, 104.655 us
   @ EP:  19/32 | combine: 90 GB/s (SO), 181 GB/s (SU), 4717.000 us, 853660352 bytes | reduce: 5173 GB/s, 104.674 us
   @ EP:  22/32 | combine: 90 GB/s (SO), 183 GB/s (SU), 4700.000 us, 858617312 bytes | reduce: 5177 GB/s, 104.661 us
   @ EP:  16/32 | combine: 89 GB/s (SO), 180 GB/s (SU), 4742.000 us, 854062656 bytes | reduce: 5210 GB/s, 104.003 us
   @ EP:  18/32 | combine: 89 GB/s (SO), 178 GB/s (SU), 4752.000 us, 847295328 bytes | reduce: 5200 GB/s, 104.099 us
   @ EP:  20/32 | combine: 90 GB/s (SO), 182 GB/s (SU), 4696.000 us, 853056896 bytes | reduce: 5219 GB/s, 103.666 us
USDT:2026-09-04 07:42:19 488:488 SyncActivityProfilerHandler.cpp:52] profiler_start
USDT:2026-09-04 07:42:19 491:491 SyncActivityProfilerHandler.cpp:52] profiler_start
USDT:2026-09-04 07:42:19 494:494 SyncActivityProfilerHandler.cpp:52] profiler_start
USDT:2026-09-04 07:42:19 492:492 SyncActivityProfilerHandler.cpp:52] profiler_start
USDT:2026-09-04 07:42:19 490:490 SyncActivityProfilerHandler.cpp:52] profiler_startUSDT:2026-09-04 07:42:19 493:493 SyncActivityProfilerHandler.cpp:52] profiler_start

USDT:2026-09-04 07:42:19 489:489 SyncActivityProfilerHandler.cpp:52] profiler_start
USDT:2026-09-04 07:42:19 487:487 SyncActivityProfilerHandler.cpp:52] profiler_start
USDT:2026-09-04 07:42:19 488:488 SyncActivityProfilerHandler.cpp:59] profiler_stop
USDT:2026-09-04 07:42:19 494:494 SyncActivityProfilerHandler.cpp:59] profiler_stop
USDT:2026-09-04 07:42:19 491:491 SyncActivityProfilerHandler.cpp:59] profiler_stopUSDT:2026-09-04 07:42:19 490:490 SyncActivityProfilerHandler.cpp:59] profiler_stop

USDT:2026-09-04 07:42:19 492:492 SyncActivityProfilerHandler.cpp:59] profiler_stop
USDT:2026-09-04 07:42:19 493:493 SyncActivityProfilerHandler.cpp:59] profiler_stop
USDT:2026-09-04 07:42:19 489:489 SyncActivityProfilerHandler.cpp:59] profiler_stop
USDT:2026-09-04 07:42:19 487:487 SyncActivityProfilerHandler.cpp:59] profiler_stop
   + EP:  17/32 | reduced combine: 101 GB/s (SO), 205 GB/s (SU), 4171.000 us, 853401728 bytes | reduce: 5238 GB/s, 103.238 us
   + EP:  23/32 | reduced combine: 91 GB/s (SO), 184 GB/s (SU), 4650.000 us, 855125888 bytes | reduce: 5187 GB/s, 104.482 us
   + EP:  19/32 | reduced combine: 91 GB/s (SO), 183 GB/s (SU), 4671.000 us, 853660352 bytes | reduce: 5178 GB/s, 104.579 us
   + EP:  21/32 | reduced combine: 91 GB/s (SO), 183 GB/s (SU), 4648.000 us, 850987904 bytes | reduce: 5132 GB/s, 105.720 us
   + EP:  20/32 | reduced combine: 92 GB/s (SO), 186 GB/s (SU), 4596.000 us, 853056896 bytes | reduce: 5200 GB/s, 104.064 us
   + EP:  22/32 | reduced combine: 91 GB/s (SO), 184 GB/s (SU), 4659.000 us, 858617312 bytes | reduce: 5180 GB/s, 104.598 us
   + EP:  18/32 | reduced combine: 90 GB/s (SO), 180 GB/s (SU), 4701.000 us, 847295328 bytes | reduce: 5198 GB/s, 104.152 us
   + EP:  16/32 | reduced combine: 90 GB/s (SO), 181 GB/s (SU), 4707.000 us, 854062656 bytes | reduce: 5210 GB/s, 104.005 us


