=== EP_NIC_NAME=rdmap101s0 (auto, 400 Gb/s) ===
=== NCCL_IB_HCA=rdmap (auto: non-EFA ibverbs device ibp198s0f0 present) ===
=== GIN: NCCL_GIN_TYPE=5 NCCL_SYM_GIN_KERNELS_ENABLE=0 ===
=== PREFER_OVERLAP=0 (--prefer-overlap-with-compute) ===
=== IMAGE=deepep-v2-efa-official:sm103-3c737dc  DeepEP=3c737dcf0da5889ba7efd26e05b4808307cc38af ===
+ docker run --rm --init --gpus all --privileged --network=host --ipc=host --ulimit memlock=-1 --ulimit stack=67108864 --device=/dev/infiniband --device=/dev/gdrdrv -v /sys/class/infiniband:/sys/class/infiniband:ro -e MASTER_ADDR=172.31.30.41 -e MASTER_PORT=9617 -e WORLD_SIZE=4 -e RANK=3 -e NCCL_DEBUG=WARN -e EP_NIC_NAME=rdmap101s0 -e NCCL_IB_HCA=rdmap -e NCCL_GIN_TYPE=5 -e NCCL_SYM_GIN_KERNELS_ENABLE=0 -e NCCL_NVLS_ENABLE=0 -e PYTHONUNBUFFERED=1 -e PYTHONFAULTHANDLER=1 deepep-v2-efa-official:sm103-3c737dc bash -lc 'timeout -s ABRT --kill-after=60 1800     python3 -u /opt/DeepEP/tests/elastic/test_ep.py     --num-processes=8 --num-tokens=8192     --hidden=7168 --num-topk=8 --num-experts=256     --num-sms=12 --allow-hybrid-mode=1     --prefer-overlap-with-compute=0 --test-first-only      '

==========
== CUDA ==
==========

CUDA Version 13.3.1

Container image Copyright (c) 2016-2023, NVIDIA CORPORATION & AFFILIATES. All rights reserved.

This container image and its contents are governed by the NVIDIA Deep Learning Container License.
By pulling and using the container, you accept the terms and conditions of this license:
https://developer.nvidia.com/ngc/nvidia-deep-learning-container-license

A copy of this license is made available in this container at /NGC-DL-CONTAINER-LICENSE for your convenience.

DeepEP hybrid kernel selection: unordered
DeepEP hybrid kernel selection: unordered
DeepEP hybrid kernel selection: unordered
DeepEP hybrid kernel selection: unordered
DeepEP hybrid kernel selection: unordered
DeepEP hybrid kernel selection: unordered
DeepEP hybrid kernel selection: unordered
DeepEP hybrid kernel selection: unordered
DeepEP hybrid kernel selection: unordered
DeepEP hybrid kernel selection: unordered
DeepEP hybrid kernel selection: unordered
DeepEP hybrid kernel selection: unordered
DeepEP hybrid kernel selection: unordered
DeepEP hybrid kernel selection: unordered
DeepEP hybrid kernel selection: unordered
DeepEP hybrid kernel selection: unordered
Config:
 > Ranks: 4 x 8
 > Experts: 8/256
 > Tokens: 8168 (max: 8192), hidden: 7168
 > #SM: 12, #QPs: 13/13

Running all test cases:
 > Testing with do_handle_copy=1, expert_alignment=128, use_fp8_dispatch=1, num_bias=0, with_previous_event=0, async_with_compute_stream=0, allocate_on_comm_stream=0 ...
USDT:2026-09-04 07:42:15 488:488 SyncActivityProfilerHandler.cpp:52] profiler_startUSDT:2026-09-04 07:42:15 491:491 SyncActivityProfilerHandler.cpp:52] profiler_startUSDT:2026-09-04 07:42:15 494:494 SyncActivityProfilerHandler.cpp:52] profiler_startUSDT:2026-09-04 07:42:15 493:493 SyncActivityProfilerHandler.cpp:52] profiler_startUSDT:2026-09-04 07:42:15 490:490 SyncActivityProfilerHandler.cpp:52] profiler_start
USDT:2026-09-04 07:42:15 489:489 SyncActivityProfilerHandler.cpp:52] profiler_startUSDT:2026-09-04 07:42:15 492:492 SyncActivityProfilerHandler.cpp:52] profiler_start





USDT:2026-09-04 07:42:15 487:487 SyncActivityProfilerHandler.cpp:52] profiler_start
USDT:2026-09-04 07:42:16 493:493 SyncActivityProfilerHandler.cpp:59] profiler_stopUSDT:2026-09-04 07:42:16 490:490 SyncActivityProfilerHandler.cpp:59] profiler_stopUSDT:2026-09-04 07:42:16 489:489 SyncActivityProfilerHandler.cpp:59] profiler_stopUSDT:2026-09-04 07:42:16 492:492 SyncActivityProfilerHandler.cpp:59] profiler_stopUSDT:2026-09-04 07:42:16 488:488 SyncActivityProfilerHandler.cpp:59] profiler_stopUSDT:2026-09-04 07:42:16 491:491 SyncActivityProfilerHandler.cpp:59] profiler_stop

USDT:2026-09-04 07:42:16 487:487 SyncActivityProfilerHandler.cpp:59] profiler_stop

USDT:2026-09-04 07:42:16 494:494 SyncActivityProfilerHandler.cpp:59] profiler_stop



   * EP:  30/32 | dispatch: 110 GB/s (SO), 219 GB/s (SU), 2015.000 us, 442211328 bytes | copy: 4778 GB/s, 185.122 us
   * EP:  28/32 | dispatch: 110 GB/s (SO), 221 GB/s (SU), 2015.000 us, 445251456 bytes | copy: 4552 GB/s, 195.634 us
   * EP:  24/32 | dispatch: 110 GB/s (SO), 222 GB/s (SU), 2013.000 us, 446629248 bytes | copy: 5106 GB/s, 174.947 us   * EP:  31/32 | dispatch: 110 GB/s (SO), 221 GB/s (SU), 2014.000 us, 444367872 bytes | copy: 4847 GB/s, 183.360 us

   * EP:  26/32 | dispatch: 110 GB/s (SO), 220 GB/s (SU), 2014.000 us, 443506752 bytes | copy: 5084 GB/s, 174.473 us
   * EP:  25/32 | dispatch: 110 GB/s (SO), 222 GB/s (SU), 2012.000 us, 446022720 bytes | copy: 5051 GB/s, 176.603 us
   * EP:  29/32 | dispatch: 110 GB/s (SO), 221 GB/s (SU), 2015.000 us, 445041792 bytes | copy: 5263 GB/s, 169.112 us
   * EP:  27/32 | dispatch: 110 GB/s (SO), 223 GB/s (SU), 2014.000 us, 448149312 bytes | copy: 5192 GB/s, 172.615 us
USDT:2026-09-04 07:42:16 488:488 SyncActivityProfilerHandler.cpp:52] profiler_startUSDT:2026-09-04 07:42:16 492:492 SyncActivityProfilerHandler.cpp:52] profiler_startUSDT:2026-09-04 07:42:16 487:487 SyncActivityProfilerHandler.cpp:52] profiler_startUSDT:2026-09-04 07:42:16 494:494 SyncActivityProfilerHandler.cpp:52] profiler_startUSDT:2026-09-04 07:42:16 490:490 SyncActivityProfilerHandler.cpp:52] profiler_startUSDT:2026-09-04 07:42:16 493:493 SyncActivityProfilerHandler.cpp:52] profiler_startUSDT:2026-09-04 07:42:16 489:489 SyncActivityProfilerHandler.cpp:52] profiler_start
USDT:2026-09-04 07:42:16 491:491 SyncActivityProfilerHandler.cpp:52] profiler_start






USDT:2026-09-04 07:42:16 488:488 SyncActivityProfilerHandler.cpp:59] profiler_stopUSDT:2026-09-04 07:42:16 492:492 SyncActivityProfilerHandler.cpp:59] profiler_stop

USDT:2026-09-04 07:42:16 489:489 SyncActivityProfilerHandler.cpp:59] profiler_stopUSDT:2026-09-04 07:42:16 490:490 SyncActivityProfilerHandler.cpp:59] profiler_stopUSDT:2026-09-04 07:42:16 487:487 SyncActivityProfilerHandler.cpp:59] profiler_stop


USDT:2026-09-04 07:42:16 491:491 SyncActivityProfilerHandler.cpp:59] profiler_stopUSDT:2026-09-04 07:42:16 494:494 SyncActivityProfilerHandler.cpp:59] profiler_stopUSDT:2026-09-04 07:42:16 493:493 SyncActivityProfilerHandler.cpp:59] profiler_stop


   - EP:  28/32 | expanded dispatch: 109 GB/s (SO), 220 GB/s (SU), 2022.000 us, 445251456 bytes | copy: 4262 GB/s, 221.020 us
   - EP:  25/32 | expanded dispatch: 110 GB/s (SO), 221 GB/s (SU), 2019.000 us, 446022720 bytes | copy: 4595 GB/s, 205.045 us
   - EP:  24/32 | expanded dispatch: 109 GB/s (SO), 221 GB/s (SU), 2021.000 us, 446629248 bytes | copy: 4712 GB/s, 200.376 us
   - EP:  31/32 | expanded dispatch: 109 GB/s (SO), 220 GB/s (SU), 2021.000 us, 444367872 bytes | copy: 4418 GB/s, 212.689 us
   - EP:  29/32 | expanded dispatch: 109 GB/s (SO), 220 GB/s (SU), 2022.000 us, 445041792 bytes | copy: 4720 GB/s, 199.439 us
   - EP:  26/32 | expanded dispatch: 109 GB/s (SO), 219 GB/s (SU), 2021.000 us, 443506752 bytes | copy: 4409 GB/s, 212.545 us
   - EP:  27/32 | expanded dispatch: 109 GB/s (SO), 222 GB/s (SU), 2022.000 us, 448149312 bytes | copy: 4663 GB/s, 203.321 us
   - EP:  30/32 | expanded dispatch: 109 GB/s (SO), 219 GB/s (SU), 2022.000 us, 442211328 bytes | copy: 4255 GB/s, 219.725 us
USDT:2026-09-04 07:42:17 487:487 SyncActivityProfilerHandler.cpp:52] profiler_startUSDT:2026-09-04 07:42:17 491:491 SyncActivityProfilerHandler.cpp:52] profiler_startUSDT:2026-09-04 07:42:17 492:492 SyncActivityProfilerHandler.cpp:52] profiler_startUSDT:2026-09-04 07:42:17 489:489 SyncActivityProfilerHandler.cpp:52] profiler_startUSDT:2026-09-04 07:42:17 494:494 SyncActivityProfilerHandler.cpp:52] profiler_startUSDT:2026-09-04 07:42:17 488:488 SyncActivityProfilerHandler.cpp:52] profiler_start

USDT:2026-09-04 07:42:17 493:493 SyncActivityProfilerHandler.cpp:52] profiler_start
USDT:2026-09-04 07:42:17 490:490 SyncActivityProfilerHandler.cpp:52] profiler_start




USDT:2026-09-04 07:42:17 492:492 SyncActivityProfilerHandler.cpp:59] profiler_stopUSDT:2026-09-04 07:42:17 491:491 SyncActivityProfilerHandler.cpp:59] profiler_stop

USDT:2026-09-04 07:42:17 494:494 SyncActivityProfilerHandler.cpp:59] profiler_stopUSDT:2026-09-04 07:42:17 493:493 SyncActivityProfilerHandler.cpp:59] profiler_stop

USDT:2026-09-04 07:42:17 488:488 SyncActivityProfilerHandler.cpp:59] profiler_stopUSDT:2026-09-04 07:42:17 489:489 SyncActivityProfilerHandler.cpp:59] profiler_stop

USDT:2026-09-04 07:42:17 487:487 SyncActivityProfilerHandler.cpp:59] profiler_stop
USDT:2026-09-04 07:42:17 490:490 SyncActivityProfilerHandler.cpp:59] profiler_stop
   # EP:  24/32 | cached dispatch: 111 GB/s (SO), 225 GB/s (SU), 1989.000 us, 446629248 bytes | copy: 5566 GB/s, 160.487 us
   # EP:  30/32 | cached dispatch: 111 GB/s (SO), 222 GB/s (SU), 1990.000 us, 442211328 bytes | copy: 5136 GB/s, 172.190 us
   # EP:  26/32 | cached dispatch: 111 GB/s (SO), 223 GB/s (SU), 1989.000 us, 443506752 bytes | copy: 5018 GB/s, 176.755 us
   # EP:  28/32 | cached dispatch: 111 GB/s (SO), 224 GB/s (SU), 1990.000 us, 445251456 bytes | copy: 5019 GB/s, 177.416 us
   # EP:  29/32 | cached dispatch: 111 GB/s (SO), 224 GB/s (SU), 1990.000 us, 445041792 bytes | copy: 5256 GB/s, 169.334 us
   # EP:  25/32 | cached dispatch: 112 GB/s (SO), 224 GB/s (SU), 1987.000 us, 446022720 bytes | copy: 5247 GB/s, 170.026 us
   # EP:  31/32 | cached dispatch: 111 GB/s (SO), 223 GB/s (SU), 1990.000 us, 444367872 bytes | copy: 5091 GB/s, 174.567 us
   # EP:  27/32 | cached dispatch: 111 GB/s (SO), 225 GB/s (SU), 1990.000 us, 448149312 bytes | copy: 5201 GB/s, 172.347 us
USDT:2026-09-04 07:42:18 488:488 SyncActivityProfilerHandler.cpp:52] profiler_start
USDT:2026-09-04 07:42:18 487:487 SyncActivityProfilerHandler.cpp:52] profiler_start
USDT:2026-09-04 07:42:18 492:492 SyncActivityProfilerHandler.cpp:52] profiler_startUSDT:2026-09-04 07:42:18 494:494 SyncActivityProfilerHandler.cpp:52] profiler_start

USDT:2026-09-04 07:42:18 493:493 SyncActivityProfilerHandler.cpp:52] profiler_startUSDT:2026-09-04 07:42:18 490:490 SyncActivityProfilerHandler.cpp:52] profiler_startUSDT:2026-09-04 07:42:18 489:489 SyncActivityProfilerHandler.cpp:52] profiler_start


USDT:2026-09-04 07:42:18 491:491 SyncActivityProfilerHandler.cpp:52] profiler_start
USDT:2026-09-04 07:42:18 488:488 SyncActivityProfilerHandler.cpp:59] profiler_stop
USDT:2026-09-04 07:42:18 490:490 SyncActivityProfilerHandler.cpp:59] profiler_stop
USDT:2026-09-04 07:42:18 489:489 SyncActivityProfilerHandler.cpp:59] profiler_stop
USDT:2026-09-04 07:42:18 494:494 SyncActivityProfilerHandler.cpp:59] profiler_stop
USDT:2026-09-04 07:42:18 492:492 SyncActivityProfilerHandler.cpp:59] profiler_stop
USDT:2026-09-04 07:42:18 487:487 SyncActivityProfilerHandler.cpp:59] profiler_stop
USDT:2026-09-04 07:42:18 493:493 SyncActivityProfilerHandler.cpp:59] profiler_stopUSDT:2026-09-04 07:42:18 491:491 SyncActivityProfilerHandler.cpp:59] profiler_stop

   @ EP:  31/32 | combine: 104 GB/s (SO), 209 GB/s (SU), 4072.000 us, 852654592 bytes | reduce: 5138 GB/s, 105.424 us
   @ EP:  25/32 | combine: 108 GB/s (SO), 218 GB/s (SU), 3920.000 us, 855829920 bytes | reduce: 5157 GB/s, 105.219 us
   @ EP:  27/32 | combine: 103 GB/s (SO), 209 GB/s (SU), 4106.000 us, 859910432 bytes | reduce: 5115 GB/s, 105.713 us
   @ EP:  29/32 | combine: 105 GB/s (SO), 211 GB/s (SU), 4048.000 us, 853947712 bytes | reduce: 5133 GB/s, 105.488 us
   @ EP:  24/32 | combine: 105 GB/s (SO), 213 GB/s (SU), 4028.000 us, 856993728 bytes | reduce: 5103 GB/s, 105.897 us
   @ EP:  26/32 | combine: 104 GB/s (SO), 210 GB/s (SU), 4060.000 us, 851002272 bytes | reduce: 5128 GB/s, 105.571 us   @ EP:  28/32 | combine: 103 GB/s (SO), 209 GB/s (SU), 4097.000 us, 854350016 bytes | reduce: 5122 GB/s, 105.685 us

   @ EP:  30/32 | combine: 103 GB/s (SO), 205 GB/s (SU), 4138.000 us, 848516608 bytes | reduce: 5130 GB/s, 105.557 us
USDT:2026-09-04 07:42:19 488:488 SyncActivityProfilerHandler.cpp:52] profiler_start
USDT:2026-09-04 07:42:19 494:494 SyncActivityProfilerHandler.cpp:52] profiler_start
USDT:2026-09-04 07:42:19 487:487 SyncActivityProfilerHandler.cpp:52] profiler_start
USDT:2026-09-04 07:42:19 492:492 SyncActivityProfilerHandler.cpp:52] profiler_start
USDT:2026-09-04 07:42:19 489:489 SyncActivityProfilerHandler.cpp:52] profiler_start
USDT:2026-09-04 07:42:19 493:493 SyncActivityProfilerHandler.cpp:52] profiler_startUSDT:2026-09-04 07:42:19 491:491 SyncActivityProfilerHandler.cpp:52] profiler_start

USDT:2026-09-04 07:42:19 490:490 SyncActivityProfilerHandler.cpp:52] profiler_start
USDT:2026-09-04 07:42:19 488:488 SyncActivityProfilerHandler.cpp:59] profiler_stop
USDT:2026-09-04 07:42:19 493:493 SyncActivityProfilerHandler.cpp:59] profiler_stop
USDT:2026-09-04 07:42:19 487:487 SyncActivityProfilerHandler.cpp:59] profiler_stopUSDT:2026-09-04 07:42:19 489:489 SyncActivityProfilerHandler.cpp:59] profiler_stop

USDT:2026-09-04 07:42:19 494:494 SyncActivityProfilerHandler.cpp:59] profiler_stop
USDT:2026-09-04 07:42:19 490:490 SyncActivityProfilerHandler.cpp:59] profiler_stop
USDT:2026-09-04 07:42:19 492:492 SyncActivityProfilerHandler.cpp:59] profiler_stop
USDT:2026-09-04 07:42:19 491:491 SyncActivityProfilerHandler.cpp:59] profiler_stop
   + EP:  25/32 | reduced combine: 102 GB/s (SO), 205 GB/s (SU), 4172.000 us, 855829920 bytes | reduce: 5174 GB/s, 104.882 us
   + EP:  31/32 | reduced combine: 101 GB/s (SO), 202 GB/s (SU), 4217.000 us, 852654592 bytes | reduce: 5142 GB/s, 105.333 us
   + EP:  30/32 | reduced combine: 100 GB/s (SO), 200 GB/s (SU), 4247.000 us, 848516608 bytes | reduce: 5132 GB/s, 105.523 us
   + EP:  24/32 | reduced combine: 101 GB/s (SO), 204 GB/s (SU), 4202.000 us, 856993728 bytes | reduce: 5101 GB/s, 105.943 us
   + EP:  29/32 | reduced combine: 100 GB/s (SO), 200 GB/s (SU), 4263.000 us, 853947712 bytes | reduce: 5144 GB/s, 105.266 us
   + EP:  28/32 | reduced combine: 99 GB/s (SO), 199 GB/s (SU), 4299.000 us, 854350016 bytes | reduce: 5124 GB/s, 105.630 us
   + EP:  26/32 | reduced combine: 100 GB/s (SO), 201 GB/s (SU), 4241.000 us, 851002272 bytes | reduce: 5133 GB/s, 105.461 us
   + EP:  27/32 | reduced combine: 99 GB/s (SO), 201 GB/s (SU), 4268.000 us, 859910432 bytes | reduce: 5115 GB/s, 105.720 us


