=== EP_NIC_NAME=rdmap101s0 (auto, 400 Gb/s) ===
=== NCCL_IB_HCA=rdmap (auto: non-EFA ibverbs device ibp198s0f0 present) ===
=== GIN: NCCL_GIN_TYPE=5 NCCL_SYM_GIN_KERNELS_ENABLE=0 ===
=== PREFER_OVERLAP=0 (--prefer-overlap-with-compute) ===
=== IMAGE=deepep-v2-efa-official:sm103-3c737dc  DeepEP=3c737dcf0da5889ba7efd26e05b4808307cc38af ===
+ docker run --rm --init --gpus all --privileged --network=host --ipc=host --ulimit memlock=-1 --ulimit stack=67108864 --device=/dev/infiniband --device=/dev/gdrdrv -v /sys/class/infiniband:/sys/class/infiniband:ro -e MASTER_ADDR=172.31.30.41 -e MASTER_PORT=9608 -e WORLD_SIZE=4 -e RANK=3 -e NCCL_DEBUG=WARN -e EP_NIC_NAME=rdmap101s0 -e NCCL_IB_HCA=rdmap -e NCCL_GIN_TYPE=5 -e NCCL_SYM_GIN_KERNELS_ENABLE=0 -e NCCL_NVLS_ENABLE=0 -e PYTHONUNBUFFERED=1 -e PYTHONFAULTHANDLER=1 deepep-v2-efa-official:sm103-3c737dc bash -lc 'timeout -s ABRT --kill-after=60 1800     python3 -u /opt/DeepEP/tests/elastic/test_ep.py     --num-processes=8 --num-tokens=128     --hidden=7168 --num-topk=8 --num-experts=256     --num-sms=12 --allow-hybrid-mode=1     --prefer-overlap-with-compute=0 --test-first-only      '

==========
== CUDA ==
==========

CUDA Version 13.3.1

Container image Copyright (c) 2016-2023, NVIDIA CORPORATION & AFFILIATES. All rights reserved.

This container image and its contents are governed by the NVIDIA Deep Learning Container License.
By pulling and using the container, you accept the terms and conditions of this license:
https://developer.nvidia.com/ngc/nvidia-deep-learning-container-license

A copy of this license is made available in this container at /NGC-DL-CONTAINER-LICENSE for your convenience.

DeepEP hybrid kernel selection: unordered
DeepEP hybrid kernel selection: unordered
DeepEP hybrid kernel selection: unordered
DeepEP hybrid kernel selection: unordered
DeepEP hybrid kernel selection: unordered
DeepEP hybrid kernel selection: unordered
DeepEP hybrid kernel selection: unordered
DeepEP hybrid kernel selection: unordered
DeepEP hybrid kernel selection: unordered
DeepEP hybrid kernel selection: unordered
DeepEP hybrid kernel selection: unordered
DeepEP hybrid kernel selection: unordered
DeepEP hybrid kernel selection: unordered
DeepEP hybrid kernel selection: unordered
DeepEP hybrid kernel selection: unordered
DeepEP hybrid kernel selection: unordered
Config:
 > Ranks: 4 x 8
 > Experts: 8/256
 > Tokens: 104 (max: 128), hidden: 7168
 > #SM: 12, #QPs: 13/13

Running all test cases:
 > Testing with do_handle_copy=1, expert_alignment=128, use_fp8_dispatch=1, num_bias=0, with_previous_event=0, async_with_compute_stream=0, allocate_on_comm_stream=0 ...
USDT:2026-09-04 07:16:40 487:487 SyncActivityProfilerHandler.cpp:52] profiler_startUSDT:2026-09-04 07:16:40 489:489 SyncActivityProfilerHandler.cpp:52] profiler_startUSDT:2026-09-04 07:16:40 488:488 SyncActivityProfilerHandler.cpp:52] profiler_startUSDT:2026-09-04 07:16:40 491:491 SyncActivityProfilerHandler.cpp:52] profiler_startUSDT:2026-09-04 07:16:40 492:492 SyncActivityProfilerHandler.cpp:52] profiler_start
USDT:2026-09-04 07:16:40 494:494 SyncActivityProfilerHandler.cpp:52] profiler_start
USDT:2026-09-04 07:16:40 493:493 SyncActivityProfilerHandler.cpp:52] profiler_start
USDT:2026-09-04 07:16:40 490:490 SyncActivityProfilerHandler.cpp:52] profiler_start




USDT:2026-09-04 07:16:40 487:487 SyncActivityProfilerHandler.cpp:59] profiler_stopUSDT:2026-09-04 07:16:40 490:490 SyncActivityProfilerHandler.cpp:59] profiler_stopUSDT:2026-09-04 07:16:40 492:492 SyncActivityProfilerHandler.cpp:59] profiler_stopUSDT:2026-09-04 07:16:40 489:489 SyncActivityProfilerHandler.cpp:59] profiler_stopUSDT:2026-09-04 07:16:40 488:488 SyncActivityProfilerHandler.cpp:59] profiler_stopUSDT:2026-09-04 07:16:40 491:491 SyncActivityProfilerHandler.cpp:59] profiler_stopUSDT:2026-09-04 07:16:40 493:493 SyncActivityProfilerHandler.cpp:59] profiler_stop






USDT:2026-09-04 07:16:40 494:494 SyncActivityProfilerHandler.cpp:59] profiler_stop
   * EP:  30/32 | dispatch: 11 GB/s (SO), 26 GB/s (SU), 243.121 us, 6342336 bytes | copy: 542 GB/s, 23.394 us
   * EP:  25/32 | dispatch: 11 GB/s (SO), 24 GB/s (SU), 242.775 us, 5863104 bytes | copy: 1141 GB/s, 10.274 us
   * EP:  26/32 | dispatch: 11 GB/s (SO), 26 GB/s (SU), 242.376 us, 6200064 bytes | copy: 1925 GB/s, 6.442 us
   * EP:  27/32 | dispatch: 11 GB/s (SO), 26 GB/s (SU), 243.150 us, 6215040 bytes | copy: 1100 GB/s, 11.305 us
   * EP:  31/32 | dispatch: 11 GB/s (SO), 24 GB/s (SU), 243.236 us, 5923008 bytes | copy: 477 GB/s, 24.811 us
   * EP:  24/32 | dispatch: 11 GB/s (SO), 26 GB/s (SU), 247.466 us, 6424704 bytes | copy: 644 GB/s, 19.966 us
   * EP:  28/32 | dispatch: 11 GB/s (SO), 25 GB/s (SU), 243.795 us, 6177600 bytes | copy: 450 GB/s, 27.482 us
   * EP:  29/32 | dispatch: 11 GB/s (SO), 24 GB/s (SU), 243.101 us, 5818176 bytes | copy: 727 GB/s, 16.001 us
USDT:2026-09-04 07:16:41 492:492 SyncActivityProfilerHandler.cpp:52] profiler_startUSDT:2026-09-04 07:16:41 491:491 SyncActivityProfilerHandler.cpp:52] profiler_startUSDT:2026-09-04 07:16:41 487:487 SyncActivityProfilerHandler.cpp:52] profiler_startUSDT:2026-09-04 07:16:41 490:490 SyncActivityProfilerHandler.cpp:52] profiler_startUSDT:2026-09-04 07:16:41 488:488 SyncActivityProfilerHandler.cpp:52] profiler_start
USDT:2026-09-04 07:16:41 489:489 SyncActivityProfilerHandler.cpp:52] profiler_start
USDT:2026-09-04 07:16:41 493:493 SyncActivityProfilerHandler.cpp:52] profiler_start


USDT:2026-09-04 07:16:41 494:494 SyncActivityProfilerHandler.cpp:52] profiler_start


USDT:2026-09-04 07:16:41 491:491 SyncActivityProfilerHandler.cpp:59] profiler_stopUSDT:2026-09-04 07:16:41 490:490 SyncActivityProfilerHandler.cpp:59] profiler_stop

USDT:2026-09-04 07:16:41 487:487 SyncActivityProfilerHandler.cpp:59] profiler_stop
USDT:2026-09-04 07:16:41 488:488 SyncActivityProfilerHandler.cpp:59] profiler_stopUSDT:2026-09-04 07:16:41 489:489 SyncActivityProfilerHandler.cpp:59] profiler_stopUSDT:2026-09-04 07:16:41 493:493 SyncActivityProfilerHandler.cpp:59] profiler_stopUSDT:2026-09-04 07:16:41 494:494 SyncActivityProfilerHandler.cpp:59] profiler_stopUSDT:2026-09-04 07:16:41 492:492 SyncActivityProfilerHandler.cpp:59] profiler_stop




   - EP:  25/32 | expanded dispatch: 12 GB/s (SO), 24 GB/s (SU), 242.185 us, 5863104 bytes | copy: 1426 GB/s, 9.349 us
   - EP:  30/32 | expanded dispatch: 11 GB/s (SO), 26 GB/s (SU), 242.543 us, 6342336 bytes | copy: 664 GB/s, 22.468 us
   - EP:  27/32 | expanded dispatch: 11 GB/s (SO), 26 GB/s (SU), 242.571 us, 6215040 bytes | copy: 1296 GB/s, 12.033 us
   - EP:  26/32 | expanded dispatch: 11 GB/s (SO), 26 GB/s (SU), 242.068 us, 6200064 bytes | copy: 1948 GB/s, 7.531 us
   - EP:  31/32 | expanded dispatch: 11 GB/s (SO), 24 GB/s (SU), 242.321 us, 5923008 bytes | copy: 533 GB/s, 25.338 us
   - EP:  29/32 | expanded dispatch: 11 GB/s (SO), 24 GB/s (SU), 242.619 us, 5818176 bytes | copy: 835 GB/s, 16.027 us
   - EP:  24/32 | expanded dispatch: 11 GB/s (SO), 26 GB/s (SU), 246.809 us, 6424704 bytes | copy: 889 GB/s, 15.823 us
   - EP:  28/32 | expanded dispatch: 11 GB/s (SO), 25 GB/s (SU), 242.878 us, 6177600 bytes | copy: 480 GB/s, 28.831 us
USDT:2026-09-04 07:16:42 487:487 SyncActivityProfilerHandler.cpp:52] profiler_startUSDT:2026-09-04 07:16:42 490:490 SyncActivityProfilerHandler.cpp:52] profiler_startUSDT:2026-09-04 07:16:42 489:489 SyncActivityProfilerHandler.cpp:52] profiler_startUSDT:2026-09-04 07:16:42 488:488 SyncActivityProfilerHandler.cpp:52] profiler_startUSDT:2026-09-04 07:16:42 493:493 SyncActivityProfilerHandler.cpp:52] profiler_startUSDT:2026-09-04 07:16:42 492:492 SyncActivityProfilerHandler.cpp:52] profiler_start



USDT:2026-09-04 07:16:42 491:491 SyncActivityProfilerHandler.cpp:52] profiler_start


USDT:2026-09-04 07:16:42 494:494 SyncActivityProfilerHandler.cpp:52] profiler_start
USDT:2026-09-04 07:16:42 490:490 SyncActivityProfilerHandler.cpp:59] profiler_stop
USDT:2026-09-04 07:16:42 491:491 SyncActivityProfilerHandler.cpp:59] profiler_stop
USDT:2026-09-04 07:16:42 487:487 SyncActivityProfilerHandler.cpp:59] profiler_stop
USDT:2026-09-04 07:16:42 489:489 SyncActivityProfilerHandler.cpp:59] profiler_stop
USDT:2026-09-04 07:16:42 492:492 SyncActivityProfilerHandler.cpp:59] profiler_stopUSDT:2026-09-04 07:16:42 493:493 SyncActivityProfilerHandler.cpp:59] profiler_stop

USDT:2026-09-04 07:16:42 494:494 SyncActivityProfilerHandler.cpp:59] profiler_stop
USDT:2026-09-04 07:16:42 488:488 SyncActivityProfilerHandler.cpp:59] profiler_stop
   # EP:  24/32 | cached dispatch: 12 GB/s (SO), 27 GB/s (SU), 240.665 us, 6424704 bytes | copy: 913 GB/s, 14.081 us
   # EP:  27/32 | cached dispatch: 11 GB/s (SO), 26 GB/s (SU), 241.190 us, 6215040 bytes | copy: 828 GB/s, 15.009 us
   # EP:  28/32 | cached dispatch: 11 GB/s (SO), 26 GB/s (SU), 240.896 us, 6177600 bytes | copy: 613 GB/s, 20.158 us
   # EP:  29/32 | cached dispatch: 11 GB/s (SO), 24 GB/s (SU), 241.350 us, 5818176 bytes | copy: 934 GB/s, 12.453 us
   # EP:  26/32 | cached dispatch: 11 GB/s (SO), 26 GB/s (SU), 240.629 us, 6200064 bytes | copy: 1134 GB/s, 10.932 us   # EP:  30/32 | cached dispatch: 11 GB/s (SO), 26 GB/s (SU), 240.900 us, 6342336 bytes | copy: 771 GB/s, 16.454 us

   # EP:  31/32 | cached dispatch: 11 GB/s (SO), 25 GB/s (SU), 241.040 us, 5923008 bytes | copy: 610 GB/s, 19.410 us
   # EP:  25/32 | cached dispatch: 12 GB/s (SO), 25 GB/s (SU), 238.630 us, 5863104 bytes | copy: 1387 GB/s, 8.453 us
USDT:2026-09-04 07:16:42 490:490 SyncActivityProfilerHandler.cpp:52] profiler_startUSDT:2026-09-04 07:16:42 491:491 SyncActivityProfilerHandler.cpp:52] profiler_startUSDT:2026-09-04 07:16:42 494:494 SyncActivityProfilerHandler.cpp:52] profiler_start
USDT:2026-09-04 07:16:42 488:488 SyncActivityProfilerHandler.cpp:52] profiler_start


USDT:2026-09-04 07:16:42 489:489 SyncActivityProfilerHandler.cpp:52] profiler_startUSDT:2026-09-04 07:16:42 492:492 SyncActivityProfilerHandler.cpp:52] profiler_start
USDT:2026-09-04 07:16:42 493:493 SyncActivityProfilerHandler.cpp:52] profiler_start

USDT:2026-09-04 07:16:42 487:487 SyncActivityProfilerHandler.cpp:52] profiler_start
USDT:2026-09-04 07:16:43 490:490 SyncActivityProfilerHandler.cpp:59] profiler_stopUSDT:2026-09-04 07:16:43 491:491 SyncActivityProfilerHandler.cpp:59] profiler_stop

USDT:2026-09-04 07:16:43 489:489 SyncActivityProfilerHandler.cpp:59] profiler_stop
USDT:2026-09-04 07:16:43 493:493 SyncActivityProfilerHandler.cpp:59] profiler_stopUSDT:2026-09-04 07:16:43 492:492 SyncActivityProfilerHandler.cpp:59] profiler_stopUSDT:2026-09-04 07:16:43 487:487 SyncActivityProfilerHandler.cpp:59] profiler_stop
USDT:2026-09-04 07:16:43 494:494 SyncActivityProfilerHandler.cpp:59] profiler_stop


USDT:2026-09-04 07:16:43 488:488 SyncActivityProfilerHandler.cpp:59] profiler_stop
   @ EP:  27/32 | combine: 17 GB/s (SO), 39 GB/s (SU), 309.354 us, 11925440 bytes | reduce: 1055 GB/s, 6.331 us
   @ EP:  24/32 | combine: 16 GB/s (SO), 37 GB/s (SU), 330.486 us, 12327744 bytes | reduce: 1090 GB/s, 6.327 us
   @ EP:  28/32 | combine: 17 GB/s (SO), 38 GB/s (SU), 309.417 us, 11853600 bytes | reduce: 1070 GB/s, 6.283 us
   @ EP:  29/32 | combine: 16 GB/s (SO), 35 GB/s (SU), 322.962 us, 11163936 bytes | reduce: 1032 GB/s, 6.379 us
   @ EP:  30/32 | combine: 16 GB/s (SO), 38 GB/s (SU), 319.845 us, 12169696 bytes | reduce: 1000 GB/s, 6.411 us
   @ EP:  26/32 | combine: 17 GB/s (SO), 37 GB/s (SU), 319.433 us, 11896704 bytes | reduce: 1060 GB/s, 6.360 us
   @ EP:  31/32 | combine: 17 GB/s (SO), 38 GB/s (SU), 298.263 us, 11365088 bytes | reduce: 1018 GB/s, 6.425 us
   @ EP:  25/32 | combine: 17 GB/s (SO), 36 GB/s (SU), 309.312 us, 11250144 bytes | reduce: 1074 GB/s, 6.357 us
USDT:2026-09-04 07:16:43 494:494 SyncActivityProfilerHandler.cpp:52] profiler_startUSDT:2026-09-04 07:16:43 490:490 SyncActivityProfilerHandler.cpp:52] profiler_start

USDT:2026-09-04 07:16:43 491:491 SyncActivityProfilerHandler.cpp:52] profiler_startUSDT:2026-09-04 07:16:43 488:488 SyncActivityProfilerHandler.cpp:52] profiler_start

USDT:2026-09-04 07:16:43 493:493 SyncActivityProfilerHandler.cpp:52] profiler_start
USDT:2026-09-04 07:16:43 487:487 SyncActivityProfilerHandler.cpp:52] profiler_start
USDT:2026-09-04 07:16:43 492:492 SyncActivityProfilerHandler.cpp:52] profiler_startUSDT:2026-09-04 07:16:43 489:489 SyncActivityProfilerHandler.cpp:52] profiler_start

USDT:2026-09-04 07:16:43 490:490 SyncActivityProfilerHandler.cpp:59] profiler_stop
USDT:2026-09-04 07:16:43 494:494 SyncActivityProfilerHandler.cpp:59] profiler_stop
USDT:2026-09-04 07:16:43 488:488 SyncActivityProfilerHandler.cpp:59] profiler_stopUSDT:2026-09-04 07:16:43 491:491 SyncActivityProfilerHandler.cpp:59] profiler_stopUSDT:2026-09-04 07:16:43 493:493 SyncActivityProfilerHandler.cpp:59] profiler_stop


USDT:2026-09-04 07:16:43 487:487 SyncActivityProfilerHandler.cpp:59] profiler_stop
USDT:2026-09-04 07:16:43 492:492 SyncActivityProfilerHandler.cpp:59] profiler_stop
USDT:2026-09-04 07:16:43 489:489 SyncActivityProfilerHandler.cpp:59] profiler_stop
   + EP:  27/32 | reduced combine: 17 GB/s (SO), 38 GB/s (SU), 312.042 us, 11925440 bytes | reduce: 1028 GB/s, 6.502 us
   + EP:  28/32 | reduced combine: 17 GB/s (SO), 38 GB/s (SU), 314.009 us, 11853600 bytes | reduce: 1073 GB/s, 6.265 us
   + EP:  24/32 | reduced combine: 16 GB/s (SO), 37 GB/s (SU), 333.628 us, 12327744 bytes | reduce: 1095 GB/s, 6.296 us
   + EP:  30/32 | reduced combine: 15 GB/s (SO), 38 GB/s (SU), 323.941 us, 12169696 bytes | reduce: 1014 GB/s, 6.317 us
   + EP:  26/32 | reduced combine: 16 GB/s (SO), 36 GB/s (SU), 327.054 us, 11896704 bytes | reduce: 1056 GB/s, 6.381 us
   + EP:  31/32 | reduced combine: 17 GB/s (SO), 37 GB/s (SU), 303.295 us, 11365088 bytes | reduce: 1031 GB/s, 6.339 us
   + EP:  25/32 | reduced combine: 17 GB/s (SO), 36 GB/s (SU), 314.259 us, 11250144 bytes | reduce: 1061 GB/s, 6.432 us
   + EP:  29/32 | reduced combine: 16 GB/s (SO), 34 GB/s (SU), 329.949 us, 11163936 bytes | reduce: 1034 GB/s, 6.364 us


