=== EP_NIC_NAME=rdmap101s0 (auto, 400 Gb/s) ===
=== NCCL_IB_HCA=rdmap (auto: non-EFA ibverbs device ibp198s0f0 present) ===
=== GIN: NCCL_GIN_TYPE=5 NCCL_SYM_GIN_KERNELS_ENABLE=0 ===
=== PREFER_OVERLAP=0 (--prefer-overlap-with-compute) ===
=== IMAGE=deepep-v2-efa-official:sm103-stack3c737dcxbfbdd15  DeepEP=a35285f0af98856625e542df24bd17a985bc05d9 ===
=== DeepEP is a MERGE of: 3c737dcf0da5889ba7efd26e05b4808307cc38af bfbdd15ff448783f877cb2210cb3246c8452b05e ===
+ docker run --rm --init --gpus all --privileged --network=host --ipc=host --ulimit memlock=-1 --ulimit stack=67108864 --device=/dev/infiniband --device=/dev/gdrdrv -v /sys/class/infiniband:/sys/class/infiniband:ro -e MASTER_ADDR=172.31.30.41 -e MASTER_PORT=9609 -e WORLD_SIZE=4 -e RANK=2 -e NCCL_DEBUG=WARN -e EP_NIC_NAME=rdmap101s0 -e NCCL_IB_HCA=rdmap -e NCCL_GIN_TYPE=5 -e NCCL_SYM_GIN_KERNELS_ENABLE=0 -e NCCL_NVLS_ENABLE=0 -e PYTHONUNBUFFERED=1 -e PYTHONFAULTHANDLER=1 deepep-v2-efa-official:sm103-stack3c737dcxbfbdd15 bash -lc 'timeout -s ABRT --kill-after=60 1800     python3 -u /opt/DeepEP/tests/elastic/test_ep.py     --num-processes=8 --num-tokens=8192     --hidden=7168 --num-topk=8 --num-experts=256     --num-sms=12 --allow-hybrid-mode=1     --prefer-overlap-with-compute=0 --test-first-only      '

==========
== CUDA ==
==========

CUDA Version 13.3.1

Container image Copyright (c) 2016-2023, NVIDIA CORPORATION & AFFILIATES. All rights reserved.

This container image and its contents are governed by the NVIDIA Deep Learning Container License.
By pulling and using the container, you accept the terms and conditions of this license:
https://developer.nvidia.com/ngc/nvidia-deep-learning-container-license

A copy of this license is made available in this container at /NGC-DL-CONTAINER-LICENSE for your convenience.

DeepEP hybrid kernel selection: unordered
DeepEP hybrid kernel selection: unordered
DeepEP hybrid kernel selection: unordered
DeepEP hybrid kernel selection: unordered
DeepEP hybrid kernel selection: unordered
DeepEP hybrid kernel selection: unordered
DeepEP hybrid kernel selection: unordered
DeepEP hybrid kernel selection: unordered
DeepEP hybrid kernel selection: unordered
DeepEP hybrid kernel selection: unordered
DeepEP hybrid kernel selection: unordered
DeepEP hybrid kernel selection: unordered
DeepEP hybrid kernel selection: unordered
DeepEP hybrid kernel selection: unordered
DeepEP hybrid kernel selection: unordered
DeepEP hybrid kernel selection: unordered
Config:
 > Ranks: 4 x 8
 > Experts: 8/256
 > Tokens: 8176 (max: 8192), hidden: 7168
 > #SM: 12, #QPs: 13/13

Running all test cases:
 > Testing with do_handle_copy=1, expert_alignment=128, use_fp8_dispatch=1, num_bias=0, with_previous_event=0, async_with_compute_stream=0, allocate_on_comm_stream=0 ...
USDT:2026-09-04 07:19:30 491:491 SyncActivityProfilerHandler.cpp:52] profiler_startUSDT:2026-09-04 07:19:30 489:489 SyncActivityProfilerHandler.cpp:52] profiler_startUSDT:2026-09-04 07:19:30 487:487 SyncActivityProfilerHandler.cpp:52] profiler_startUSDT:2026-09-04 07:19:30 488:488 SyncActivityProfilerHandler.cpp:52] profiler_startUSDT:2026-09-04 07:19:30 492:492 SyncActivityProfilerHandler.cpp:52] profiler_startUSDT:2026-09-04 07:19:30 486:486 SyncActivityProfilerHandler.cpp:52] profiler_start


USDT:2026-09-04 07:19:30 493:493 SyncActivityProfilerHandler.cpp:52] profiler_start



USDT:2026-09-04 07:19:30 490:490 SyncActivityProfilerHandler.cpp:52] profiler_start
USDT:2026-09-04 07:19:30 490:490 SyncActivityProfilerHandler.cpp:59] profiler_stop
USDT:2026-09-04 07:19:30 492:492 SyncActivityProfilerHandler.cpp:59] profiler_stopUSDT:2026-09-04 07:19:30 489:489 SyncActivityProfilerHandler.cpp:59] profiler_stopUSDT:2026-09-04 07:19:30 491:491 SyncActivityProfilerHandler.cpp:59] profiler_stopUSDT:2026-09-04 07:19:30 493:493 SyncActivityProfilerHandler.cpp:59] profiler_stop
USDT:2026-09-04 07:19:30 488:488 SyncActivityProfilerHandler.cpp:59] profiler_stop


USDT:2026-09-04 07:19:30 487:487 SyncActivityProfilerHandler.cpp:59] profiler_stop

USDT:2026-09-04 07:19:30 486:486 SyncActivityProfilerHandler.cpp:59] profiler_stop
   * EP:  21/32 | dispatch: 110 GB/s (SO), 220 GB/s (SU), 2013.000 us, 443499264 bytes | copy: 5141 GB/s, 172.548 us
   * EP:  23/32 | dispatch: 110 GB/s (SO), 221 GB/s (SU), 2015.000 us, 445655808 bytes | copy: 5323 GB/s, 167.459 us   * EP:  19/32 | dispatch: 110 GB/s (SO), 221 GB/s (SU), 2015.000 us, 444892032 bytes | copy: 4784 GB/s, 185.973 us

   * EP:  20/32 | dispatch: 110 GB/s (SO), 221 GB/s (SU), 2015.000 us, 444577536 bytes | copy: 5089 GB/s, 174.720 us
   * EP:  17/32 | dispatch: 110 GB/s (SO), 221 GB/s (SU), 2013.000 us, 444757248 bytes | copy: 5133 GB/s, 173.288 us
   * EP:  22/32 | dispatch: 110 GB/s (SO), 222 GB/s (SU), 2014.000 us, 447475392 bytes | copy: 4885 GB/s, 183.209 us
   * EP:  18/32 | dispatch: 110 GB/s (SO), 219 GB/s (SU), 2015.000 us, 441574848 bytes | copy: 4861 GB/s, 181.684 us
   * EP:  16/32 | dispatch: 110 GB/s (SO), 221 GB/s (SU), 2014.000 us, 445101696 bytes | copy: 5095 GB/s, 174.721 us
USDT:2026-09-04 07:19:31 491:491 SyncActivityProfilerHandler.cpp:52] profiler_start
USDT:2026-09-04 07:19:31 487:487 SyncActivityProfilerHandler.cpp:52] profiler_startUSDT:2026-09-04 07:19:31 486:486 SyncActivityProfilerHandler.cpp:52] profiler_start
USDT:2026-09-04 07:19:31 493:493 SyncActivityProfilerHandler.cpp:52] profiler_start
USDT:2026-09-04 07:19:31 488:488 SyncActivityProfilerHandler.cpp:52] profiler_start
USDT:2026-09-04 07:19:31 490:490 SyncActivityProfilerHandler.cpp:52] profiler_startUSDT:2026-09-04 07:19:31 492:492 SyncActivityProfilerHandler.cpp:52] profiler_start
USDT:2026-09-04 07:19:31 489:489 SyncActivityProfilerHandler.cpp:52] profiler_start


USDT:2026-09-04 07:19:31 491:491 SyncActivityProfilerHandler.cpp:59] profiler_stopUSDT:2026-09-04 07:19:31 486:486 SyncActivityProfilerHandler.cpp:59] profiler_stopUSDT:2026-09-04 07:19:31 487:487 SyncActivityProfilerHandler.cpp:59] profiler_stop


USDT:2026-09-04 07:19:31 488:488 SyncActivityProfilerHandler.cpp:59] profiler_stopUSDT:2026-09-04 07:19:31 490:490 SyncActivityProfilerHandler.cpp:59] profiler_stop

USDT:2026-09-04 07:19:31 493:493 SyncActivityProfilerHandler.cpp:59] profiler_stop
USDT:2026-09-04 07:19:31 489:489 SyncActivityProfilerHandler.cpp:59] profiler_stopUSDT:2026-09-04 07:19:31 492:492 SyncActivityProfilerHandler.cpp:59] profiler_stop

   - EP:  21/32 | expanded dispatch: 110 GB/s (SO), 221 GB/s (SU), 2010.000 us, 443499264 bytes | copy: 4792 GB/s, 195.523 us
   - EP:  17/32 | expanded dispatch: 110 GB/s (SO), 221 GB/s (SU), 2009.000 us, 444757248 bytes | copy: 4853 GB/s, 194.037 us
   - EP:  22/32 | expanded dispatch: 110 GB/s (SO), 223 GB/s (SU), 2011.000 us, 447475392 bytes | copy: 4462 GB/s, 212.122 us
   - EP:  20/32 | expanded dispatch: 110 GB/s (SO), 221 GB/s (SU), 2012.000 us, 444577536 bytes | copy: 4737 GB/s, 198.673 us
   - EP:  16/32 | expanded dispatch: 110 GB/s (SO), 221 GB/s (SU), 2011.000 us, 445101696 bytes | copy: 4741 GB/s, 197.816 us
   - EP:  19/32 | expanded dispatch: 110 GB/s (SO), 221 GB/s (SU), 2012.000 us, 444892032 bytes | copy: 4439 GB/s, 211.905 us
   - EP:  18/32 | expanded dispatch: 110 GB/s (SO), 220 GB/s (SU), 2011.000 us, 441574848 bytes | copy: 4718 GB/s, 197.843 us
   - EP:  23/32 | expanded dispatch: 110 GB/s (SO), 222 GB/s (SU), 2011.000 us, 445655808 bytes | copy: 4827 GB/s, 195.183 us
USDT:2026-09-04 07:19:32 491:491 SyncActivityProfilerHandler.cpp:52] profiler_startUSDT:2026-09-04 07:19:32 487:487 SyncActivityProfilerHandler.cpp:52] profiler_start

USDT:2026-09-04 07:19:32 493:493 SyncActivityProfilerHandler.cpp:52] profiler_startUSDT:2026-09-04 07:19:32 488:488 SyncActivityProfilerHandler.cpp:52] profiler_startUSDT:2026-09-04 07:19:32 490:490 SyncActivityProfilerHandler.cpp:52] profiler_startUSDT:2026-09-04 07:19:32 489:489 SyncActivityProfilerHandler.cpp:52] profiler_start


USDT:2026-09-04 07:19:32 492:492 SyncActivityProfilerHandler.cpp:52] profiler_start

USDT:2026-09-04 07:19:32 486:486 SyncActivityProfilerHandler.cpp:52] profiler_start
USDT:2026-09-04 07:19:32 491:491 SyncActivityProfilerHandler.cpp:59] profiler_stopUSDT:2026-09-04 07:19:32 493:493 SyncActivityProfilerHandler.cpp:59] profiler_stop

USDT:2026-09-04 07:19:32 490:490 SyncActivityProfilerHandler.cpp:59] profiler_stopUSDT:2026-09-04 07:19:32 492:492 SyncActivityProfilerHandler.cpp:59] profiler_stopUSDT:2026-09-04 07:19:32 486:486 SyncActivityProfilerHandler.cpp:59] profiler_stop
USDT:2026-09-04 07:19:32 489:489 SyncActivityProfilerHandler.cpp:59] profiler_stop

USDT:2026-09-04 07:19:32 488:488 SyncActivityProfilerHandler.cpp:59] profiler_stop
USDT:2026-09-04 07:19:32 487:487 SyncActivityProfilerHandler.cpp:59] profiler_stop

   # EP:  21/32 | cached dispatch: 111 GB/s (SO), 222 GB/s (SU), 1994.000 us, 443499264 bytes | copy: 4934 GB/s, 179.766 us
   # EP:  17/32 | cached dispatch: 111 GB/s (SO), 223 GB/s (SU), 1994.000 us, 444757248 bytes | copy: 4948 GB/s, 179.767 us
   # EP:  22/32 | cached dispatch: 111 GB/s (SO), 224 GB/s (SU), 1996.000 us, 447475392 bytes | copy: 5102 GB/s, 175.398 us
   # EP:  18/32 | cached dispatch: 111 GB/s (SO), 221 GB/s (SU), 1997.000 us, 441574848 bytes | copy: 4925 GB/s, 179.323 us
   # EP:  23/32 | cached dispatch: 111 GB/s (SO), 223 GB/s (SU), 1996.000 us, 445655808 bytes | copy: 5517 GB/s, 161.563 us
   # EP:  19/32 | cached dispatch: 111 GB/s (SO), 223 GB/s (SU), 1997.000 us, 444892032 bytes | copy: 4860 GB/s, 183.083 us
   # EP:  16/32 | cached dispatch: 111 GB/s (SO), 223 GB/s (SU), 1995.000 us, 445101696 bytes | copy: 5176 GB/s, 171.984 us
   # EP:  20/32 | cached dispatch: 111 GB/s (SO), 223 GB/s (SU), 1996.000 us, 444577536 bytes | copy: 5261 GB/s, 169.020 us
USDT:2026-09-04 07:19:33 487:487 SyncActivityProfilerHandler.cpp:52] profiler_start
USDT:2026-09-04 07:19:33 488:488 SyncActivityProfilerHandler.cpp:52] profiler_start
USDT:2026-09-04 07:19:33 493:493 SyncActivityProfilerHandler.cpp:52] profiler_start
USDT:2026-09-04 07:19:33 491:491 SyncActivityProfilerHandler.cpp:52] profiler_startUSDT:2026-09-04 07:19:33 489:489 SyncActivityProfilerHandler.cpp:52] profiler_start

USDT:2026-09-04 07:19:33 490:490 SyncActivityProfilerHandler.cpp:52] profiler_start
USDT:2026-09-04 07:19:33 486:486 SyncActivityProfilerHandler.cpp:52] profiler_start
USDT:2026-09-04 07:19:33 492:492 SyncActivityProfilerHandler.cpp:52] profiler_start
USDT:2026-09-04 07:19:33 488:488 SyncActivityProfilerHandler.cpp:59] profiler_stop
USDT:2026-09-04 07:19:33 487:487 SyncActivityProfilerHandler.cpp:59] profiler_stop
USDT:2026-09-04 07:19:33 493:493 SyncActivityProfilerHandler.cpp:59] profiler_stop
USDT:2026-09-04 07:19:33 491:491 SyncActivityProfilerHandler.cpp:59] profiler_stop
USDT:2026-09-04 07:19:33 492:492 SyncActivityProfilerHandler.cpp:59] profiler_stop
USDT:2026-09-04 07:19:33 489:489 SyncActivityProfilerHandler.cpp:59] profiler_stop
USDT:2026-09-04 07:19:33 490:490 SyncActivityProfilerHandler.cpp:59] profiler_stop
USDT:2026-09-04 07:19:33 486:486 SyncActivityProfilerHandler.cpp:59] profiler_stop
   @ EP:  17/32 | combine: 108 GB/s (SO), 218 GB/s (SU), 3911.000 us, 853401728 bytes | reduce: 5192 GB/s, 104.150 us
   @ EP:  21/32 | combine: 106 GB/s (SO), 212 GB/s (SU), 4021.000 us, 850987904 bytes | reduce: 5102 GB/s, 106.347 us
   @ EP:  18/32 | combine: 108 GB/s (SO), 215 GB/s (SU), 3942.000 us, 847295328 bytes | reduce: 5145 GB/s, 105.222 us
   @ EP:  22/32 | combine: 105 GB/s (SO), 213 GB/s (SU), 4024.000 us, 858617312 bytes | reduce: 5155 GB/s, 105.116 us
   @ EP:  23/32 | combine: 107 GB/s (SO), 216 GB/s (SU), 3965.000 us, 855125888 bytes | reduce: 5127 GB/s, 105.700 us
   @ EP:  19/32 | combine: 105 GB/s (SO), 211 GB/s (SU), 4041.000 us, 853660352 bytes | reduce: 5131 GB/s, 105.524 us
   @ EP:  20/32 | combine: 105 GB/s (SO), 212 GB/s (SU), 4023.000 us, 853056896 bytes | reduce: 5151 GB/s, 105.048 us
   @ EP:  16/32 | combine: 106 GB/s (SO), 213 GB/s (SU), 4015.000 us, 854062656 bytes | reduce: 5149 GB/s, 105.230 us
USDT:2026-09-04 07:19:34 491:491 SyncActivityProfilerHandler.cpp:52] profiler_start
USDT:2026-09-04 07:19:34 487:487 SyncActivityProfilerHandler.cpp:52] profiler_start
USDT:2026-09-04 07:19:34 492:492 SyncActivityProfilerHandler.cpp:52] profiler_start
USDT:2026-09-04 07:19:34 493:493 SyncActivityProfilerHandler.cpp:52] profiler_start
USDT:2026-09-04 07:19:34 490:490 SyncActivityProfilerHandler.cpp:52] profiler_start
USDT:2026-09-04 07:19:34 489:489 SyncActivityProfilerHandler.cpp:52] profiler_start
USDT:2026-09-04 07:19:34 488:488 SyncActivityProfilerHandler.cpp:52] profiler_startUSDT:2026-09-04 07:19:34 486:486 SyncActivityProfilerHandler.cpp:52] profiler_start

USDT:2026-09-04 07:19:34 491:491 SyncActivityProfilerHandler.cpp:59] profiler_stop
USDT:2026-09-04 07:19:34 487:487 SyncActivityProfilerHandler.cpp:59] profiler_stop
USDT:2026-09-04 07:19:34 493:493 SyncActivityProfilerHandler.cpp:59] profiler_stop
USDT:2026-09-04 07:19:34 490:490 SyncActivityProfilerHandler.cpp:59] profiler_stopUSDT:2026-09-04 07:19:34 492:492 SyncActivityProfilerHandler.cpp:59] profiler_stop

USDT:2026-09-04 07:19:34 486:486 SyncActivityProfilerHandler.cpp:59] profiler_stop
USDT:2026-09-04 07:19:34 488:488 SyncActivityProfilerHandler.cpp:59] profiler_stop
USDT:2026-09-04 07:19:34 489:489 SyncActivityProfilerHandler.cpp:59] profiler_stop
   + EP:  17/32 | reduced combine: 105 GB/s (SO), 211 GB/s (SU), 4039.000 us, 853401728 bytes | reduce: 5213 GB/s, 103.717 us
   + EP:  21/32 | reduced combine: 106 GB/s (SO), 213 GB/s (SU), 3997.000 us, 850987904 bytes | reduce: 5119 GB/s, 105.976 us
   + EP:  16/32 | reduced combine: 102 GB/s (SO), 206 GB/s (SU), 4152.000 us, 854062656 bytes | reduce: 5178 GB/s, 104.632 us
   + EP:  22/32 | reduced combine: 103 GB/s (SO), 208 GB/s (SU), 4129.000 us, 858617312 bytes | reduce: 5134 GB/s, 105.545 us
   + EP:  18/32 | reduced combine: 101 GB/s (SO), 202 GB/s (SU), 4189.000 us, 847295328 bytes | reduce: 5145 GB/s, 105.208 us   + EP:  19/32 | reduced combine: 102 GB/s (SO), 205 GB/s (SU), 4162.000 us, 853660352 bytes | reduce: 5157 GB/s, 105.004 us

   + EP:  23/32 | reduced combine: 103 GB/s (SO), 207 GB/s (SU), 4124.000 us, 855125888 bytes | reduce: 5191 GB/s, 104.401 us
   + EP:  20/32 | reduced combine: 102 GB/s (SO), 206 GB/s (SU), 4144.000 us, 853056896 bytes | reduce: 5176 GB/s, 104.535 us


