=== EP_NIC_NAME=rdmap101s0 (auto, 400 Gb/s) ===
=== NCCL_IB_HCA=rdmap (auto: non-EFA ibverbs device ibp198s0f0 present) ===
=== GIN: NCCL_GIN_TYPE=5 NCCL_SYM_GIN_KERNELS_ENABLE=0 ===
=== PREFER_OVERLAP=0 (--prefer-overlap-with-compute) ===
=== IMAGE=deepep-v2-efa-official:sm103-stack3c737dcxbfbdd15  DeepEP=a35285f0af98856625e542df24bd17a985bc05d9 ===
=== DeepEP is a MERGE of: 3c737dcf0da5889ba7efd26e05b4808307cc38af bfbdd15ff448783f877cb2210cb3246c8452b05e ===
+ docker run --rm --init --gpus all --privileged --network=host --ipc=host --ulimit memlock=-1 --ulimit stack=67108864 --device=/dev/infiniband --device=/dev/gdrdrv -v /sys/class/infiniband:/sys/class/infiniband:ro -e MASTER_ADDR=172.31.30.41 -e MASTER_PORT=9619 -e WORLD_SIZE=4 -e RANK=0 -e NCCL_DEBUG=WARN -e EP_NIC_NAME=rdmap101s0 -e NCCL_IB_HCA=rdmap -e NCCL_GIN_TYPE=5 -e NCCL_SYM_GIN_KERNELS_ENABLE=0 -e NCCL_NVLS_ENABLE=0 -e PYTHONUNBUFFERED=1 -e PYTHONFAULTHANDLER=1 deepep-v2-efa-official:sm103-stack3c737dcxbfbdd15 bash -lc 'timeout -s ABRT --kill-after=60 1800     python3 -u /opt/DeepEP/tests/elastic/test_ep.py     --num-processes=8 --num-tokens=8192     --hidden=7168 --num-topk=8 --num-experts=256     --num-sms=12 --allow-hybrid-mode=1     --prefer-overlap-with-compute=0 --test-first-only      '

==========
== CUDA ==
==========

CUDA Version 13.3.1

Container image Copyright (c) 2016-2023, NVIDIA CORPORATION & AFFILIATES. All rights reserved.

This container image and its contents are governed by the NVIDIA Deep Learning Container License.
By pulling and using the container, you accept the terms and conditions of this license:
https://developer.nvidia.com/ngc/nvidia-deep-learning-container-license

A copy of this license is made available in this container at /NGC-DL-CONTAINER-LICENSE for your convenience.

NCCL version 2.31.2+cuda13.3
DeepEP hybrid kernel selection: unordered
DeepEP hybrid kernel selection: unordered
DeepEP hybrid kernel selection: unordered
DeepEP hybrid kernel selection: unordered
DeepEP hybrid kernel selection: unordered
DeepEP hybrid kernel selection: unordered
DeepEP hybrid kernel selection: unordered
DeepEP hybrid kernel selection: unordered
DeepEP hybrid kernel selection: unordered
DeepEP hybrid kernel selection: unordered
DeepEP hybrid kernel selection: unordered
DeepEP hybrid kernel selection: unordered
DeepEP hybrid kernel selection: unordered
DeepEP hybrid kernel selection: unordered
DeepEP hybrid kernel selection: unordered
DeepEP hybrid kernel selection: unordered
Config:
 > Ranks: 4 x 8
 > Experts: 8/256
 > Tokens: 8192 (max: 8192), hidden: 7168
 > #SM: 12, #QPs: 13/13

Running all test cases:
 > Testing with do_handle_copy=1, expert_alignment=128, use_fp8_dispatch=1, num_bias=0, with_previous_event=0, async_with_compute_stream=0, allocate_on_comm_stream=0 ...
USDT:2026-09-04 07:47:56 492:492 SyncActivityProfilerHandler.cpp:52] profiler_startUSDT:2026-09-04 07:47:56 488:488 SyncActivityProfilerHandler.cpp:52] profiler_startUSDT:2026-09-04 07:47:56 486:486 SyncActivityProfilerHandler.cpp:52] profiler_startUSDT:2026-09-04 07:47:56 489:489 SyncActivityProfilerHandler.cpp:52] profiler_startUSDT:2026-09-04 07:47:56 487:487 SyncActivityProfilerHandler.cpp:52] profiler_start



USDT:2026-09-04 07:47:56 490:490 SyncActivityProfilerHandler.cpp:52] profiler_start
USDT:2026-09-04 07:47:56 491:491 SyncActivityProfilerHandler.cpp:52] profiler_start

USDT:2026-09-04 07:47:56 493:493 SyncActivityProfilerHandler.cpp:52] profiler_start
USDT:2026-09-04 07:47:57 492:492 SyncActivityProfilerHandler.cpp:59] profiler_stopUSDT:2026-09-04 07:47:57 486:486 SyncActivityProfilerHandler.cpp:59] profiler_stopUSDT:2026-09-04 07:47:57 488:488 SyncActivityProfilerHandler.cpp:59] profiler_stopUSDT:2026-09-04 07:47:57 490:490 SyncActivityProfilerHandler.cpp:59] profiler_stopUSDT:2026-09-04 07:47:57 491:491 SyncActivityProfilerHandler.cpp:59] profiler_stopUSDT:2026-09-04 07:47:57 489:489 SyncActivityProfilerHandler.cpp:59] profiler_stopUSDT:2026-09-04 07:47:57 493:493 SyncActivityProfilerHandler.cpp:59] profiler_stop



USDT:2026-09-04 07:47:57 487:487 SyncActivityProfilerHandler.cpp:59] profiler_stop



   * EP:   0/32 | dispatch: 110 GB/s (SO), 220 GB/s (SU), 2026.000 us, 444974400 bytes | copy: 4744 GB/s, 187.606 us
   * EP:   6/32 | dispatch: 109 GB/s (SO), 219 GB/s (SU), 2028.000 us, 444877056 bytes | copy: 5319 GB/s, 167.292 us
   * EP:   4/32 | dispatch: 109 GB/s (SO), 218 GB/s (SU), 2029.000 us, 443289600 bytes | copy: 4933 GB/s, 179.709 us
   * EP:   3/32 | dispatch: 109 GB/s (SO), 222 GB/s (SU), 2028.000 us, 449721792 bytes | copy: 5096 GB/s, 176.509 us
   * EP:   7/32 | dispatch: 109 GB/s (SO), 219 GB/s (SU), 2029.000 us, 443551680 bytes | copy: 4689 GB/s, 189.199 us
   * EP:   5/32 | dispatch: 109 GB/s (SO), 218 GB/s (SU), 2028.000 us, 442907712 bytes | copy: 5079 GB/s, 174.419 us
   * EP:   2/32 | dispatch: 109 GB/s (SO), 219 GB/s (SU), 2028.000 us, 443514240 bytes | copy: 4677 GB/s, 189.666 us
   * EP:   1/32 | dispatch: 109 GB/s (SO), 219 GB/s (SU), 2028.000 us, 443634048 bytes | copy: 4631 GB/s, 191.581 us
USDT:2026-09-04 07:47:57 493:493 SyncActivityProfilerHandler.cpp:52] profiler_startUSDT:2026-09-04 07:47:57 492:492 SyncActivityProfilerHandler.cpp:52] profiler_startUSDT:2026-09-04 07:47:57 491:491 SyncActivityProfilerHandler.cpp:52] profiler_start

USDT:2026-09-04 07:47:57 488:488 SyncActivityProfilerHandler.cpp:52] profiler_startUSDT:2026-09-04 07:47:57 486:486 SyncActivityProfilerHandler.cpp:52] profiler_start


USDT:2026-09-04 07:47:57 489:489 SyncActivityProfilerHandler.cpp:52] profiler_startUSDT:2026-09-04 07:47:57 487:487 SyncActivityProfilerHandler.cpp:52] profiler_startUSDT:2026-09-04 07:47:57 490:490 SyncActivityProfilerHandler.cpp:52] profiler_start


USDT:2026-09-04 07:47:58 492:492 SyncActivityProfilerHandler.cpp:59] profiler_stopUSDT:2026-09-04 07:47:58 493:493 SyncActivityProfilerHandler.cpp:59] profiler_stopUSDT:2026-09-04 07:47:58 488:488 SyncActivityProfilerHandler.cpp:59] profiler_stopUSDT:2026-09-04 07:47:58 487:487 SyncActivityProfilerHandler.cpp:59] profiler_stop
USDT:2026-09-04 07:47:58 486:486 SyncActivityProfilerHandler.cpp:59] profiler_stop
USDT:2026-09-04 07:47:58 491:491 SyncActivityProfilerHandler.cpp:59] profiler_stopUSDT:2026-09-04 07:47:58 490:490 SyncActivityProfilerHandler.cpp:59] profiler_stop




USDT:2026-09-04 07:47:58 489:489 SyncActivityProfilerHandler.cpp:59] profiler_stop
   - EP:   0/32 | expanded dispatch: 110 GB/s (SO), 220 GB/s (SU), 2023.000 us, 444974400 bytes | copy: 4372 GB/s, 214.903 us
   - EP:   6/32 | expanded dispatch: 109 GB/s (SO), 220 GB/s (SU), 2024.000 us, 444877056 bytes | copy: 4707 GB/s, 199.598 us
   - EP:   7/32 | expanded dispatch: 109 GB/s (SO), 219 GB/s (SU), 2025.000 us, 443551680 bytes | copy: 4681 GB/s, 200.441 us
   - EP:   2/32 | expanded dispatch: 109 GB/s (SO), 219 GB/s (SU), 2025.000 us, 443514240 bytes | copy: 4281 GB/s, 218.870 us   - EP:   5/32 | expanded dispatch: 110 GB/s (SO), 219 GB/s (SU), 2024.000 us, 442907712 bytes | copy: 4728 GB/s, 197.631 us

   - EP:   3/32 | expanded dispatch: 110 GB/s (SO), 222 GB/s (SU), 2024.000 us, 449721792 bytes | copy: 4627 GB/s, 205.182 us
   - EP:   4/32 | expanded dispatch: 109 GB/s (SO), 219 GB/s (SU), 2025.000 us, 443289600 bytes | copy: 4522 GB/s, 207.045 us
   - EP:   1/32 | expanded dispatch: 109 GB/s (SO), 219 GB/s (SU), 2024.000 us, 443634048 bytes | copy: 4348 GB/s, 215.752 us
USDT:2026-09-04 07:47:58 490:490 SyncActivityProfilerHandler.cpp:52] profiler_startUSDT:2026-09-04 07:47:58 491:491 SyncActivityProfilerHandler.cpp:52] profiler_start
USDT:2026-09-04 07:47:58 486:486 SyncActivityProfilerHandler.cpp:52] profiler_start
USDT:2026-09-04 07:47:58 493:493 SyncActivityProfilerHandler.cpp:52] profiler_start
USDT:2026-09-04 07:47:58 492:492 SyncActivityProfilerHandler.cpp:52] profiler_start
USDT:2026-09-04 07:47:58 487:487 SyncActivityProfilerHandler.cpp:52] profiler_start
USDT:2026-09-04 07:47:58 489:489 SyncActivityProfilerHandler.cpp:52] profiler_start

USDT:2026-09-04 07:47:58 488:488 SyncActivityProfilerHandler.cpp:52] profiler_start
USDT:2026-09-04 07:47:58 492:492 SyncActivityProfilerHandler.cpp:59] profiler_stop
USDT:2026-09-04 07:47:58 486:486 SyncActivityProfilerHandler.cpp:59] profiler_stopUSDT:2026-09-04 07:47:58 493:493 SyncActivityProfilerHandler.cpp:59] profiler_stop
USDT:2026-09-04 07:47:58 491:491 SyncActivityProfilerHandler.cpp:59] profiler_stop

USDT:2026-09-04 07:47:58 488:488 SyncActivityProfilerHandler.cpp:59] profiler_stop
USDT:2026-09-04 07:47:58 490:490 SyncActivityProfilerHandler.cpp:59] profiler_stop
USDT:2026-09-04 07:47:58 487:487 SyncActivityProfilerHandler.cpp:59] profiler_stop
USDT:2026-09-04 07:47:58 489:489 SyncActivityProfilerHandler.cpp:59] profiler_stop
   # EP:   0/32 | cached dispatch: 112 GB/s (SO), 223 GB/s (SU), 1994.000 us, 444974400 bytes | copy: 5077 GB/s, 175.277 us
   # EP:   3/32 | cached dispatch: 111 GB/s (SO), 225 GB/s (SU), 1998.000 us, 449721792 bytes | copy: 5090 GB/s, 176.699 us
   # EP:   7/32 | cached dispatch: 111 GB/s (SO), 222 GB/s (SU), 1997.000 us, 443551680 bytes | copy: 5122 GB/s, 173.196 us
   # EP:   4/32 | cached dispatch: 111 GB/s (SO), 222 GB/s (SU), 1998.000 us, 443289600 bytes | copy: 5012 GB/s, 176.901 us
   # EP:   6/32 | cached dispatch: 111 GB/s (SO), 223 GB/s (SU), 1996.000 us, 444877056 bytes | copy: 5272 GB/s, 168.762 us
   # EP:   2/32 | cached dispatch: 111 GB/s (SO), 222 GB/s (SU), 1997.000 us, 443514240 bytes | copy: 4886 GB/s, 181.541 us
   # EP:   1/32 | cached dispatch: 111 GB/s (SO), 222 GB/s (SU), 1996.000 us, 443634048 bytes | copy: 5075 GB/s, 174.825 us
   # EP:   5/32 | cached dispatch: 111 GB/s (SO), 222 GB/s (SU), 1996.000 us, 442907712 bytes | copy: 5214 GB/s, 169.908 us
USDT:2026-09-04 07:47:59 491:491 SyncActivityProfilerHandler.cpp:52] profiler_start
USDT:2026-09-04 07:47:59 492:492 SyncActivityProfilerHandler.cpp:52] profiler_start
USDT:2026-09-04 07:47:59 493:493 SyncActivityProfilerHandler.cpp:52] profiler_start
USDT:2026-09-04 07:47:59 490:490 SyncActivityProfilerHandler.cpp:52] profiler_start
USDT:2026-09-04 07:47:59 487:487 SyncActivityProfilerHandler.cpp:52] profiler_start
USDT:2026-09-04 07:47:59 486:486 SyncActivityProfilerHandler.cpp:52] profiler_start
USDT:2026-09-04 07:47:59 488:488 SyncActivityProfilerHandler.cpp:52] profiler_startUSDT:2026-09-04 07:47:59 489:489 SyncActivityProfilerHandler.cpp:52] profiler_start

USDT:2026-09-04 07:48:00 491:491 SyncActivityProfilerHandler.cpp:59] profiler_stop
USDT:2026-09-04 07:48:00 493:493 SyncActivityProfilerHandler.cpp:59] profiler_stopUSDT:2026-09-04 07:48:00 492:492 SyncActivityProfilerHandler.cpp:59] profiler_stop

USDT:2026-09-04 07:48:00 490:490 SyncActivityProfilerHandler.cpp:59] profiler_stop
USDT:2026-09-04 07:48:00 488:488 SyncActivityProfilerHandler.cpp:59] profiler_stop
USDT:2026-09-04 07:48:00 487:487 SyncActivityProfilerHandler.cpp:59] profiler_stop
USDT:2026-09-04 07:48:00 486:486 SyncActivityProfilerHandler.cpp:59] profiler_stop
USDT:2026-09-04 07:48:00 489:489 SyncActivityProfilerHandler.cpp:59] profiler_stop
   @ EP:   5/32 | combine: 106 GB/s (SO), 211 GB/s (SU), 4022.000 us, 849852832 bytes | reduce: 5134 GB/s, 105.775 us
   @ EP:   7/32 | combine: 106 GB/s (SO), 212 GB/s (SU), 4021.000 us, 851088480 bytes | reduce: 5128 GB/s, 105.839 us
   @ EP:   6/32 | combine: 106 GB/s (SO), 212 GB/s (SU), 4023.000 us, 853631616 bytes | reduce: 5093 GB/s, 106.435 us
   @ EP:   2/32 | combine: 104 GB/s (SO), 208 GB/s (SU), 4095.000 us, 851016640 bytes | reduce: 5115 GB/s, 106.095 us
   @ EP:   0/32 | combine: 104 GB/s (SO), 209 GB/s (SU), 4090.000 us, 853818400 bytes | reduce: 5131 GB/s, 106.154 us
   @ EP:   4/32 | combine: 105 GB/s (SO), 210 GB/s (SU), 4041.000 us, 850585600 bytes | reduce: 5091 GB/s, 106.432 us
   @ EP:   3/32 | combine: 104 GB/s (SO), 211 GB/s (SU), 4091.000 us, 862927712 bytes | reduce: 5093 GB/s, 106.662 us
   @ EP:   1/32 | combine: 104 GB/s (SO), 209 GB/s (SU), 4066.000 us, 851246528 bytes | reduce: 5101 GB/s, 106.343 us
USDT:2026-09-04 07:48:00 493:493 SyncActivityProfilerHandler.cpp:52] profiler_start
USDT:2026-09-04 07:48:00 489:489 SyncActivityProfilerHandler.cpp:52] profiler_start
USDT:2026-09-04 07:48:00 492:492 SyncActivityProfilerHandler.cpp:52] profiler_start
USDT:2026-09-04 07:48:00 487:487 SyncActivityProfilerHandler.cpp:52] profiler_start
USDT:2026-09-04 07:48:00 491:491 SyncActivityProfilerHandler.cpp:52] profiler_start
USDT:2026-09-04 07:48:00 490:490 SyncActivityProfilerHandler.cpp:52] profiler_startUSDT:2026-09-04 07:48:00 486:486 SyncActivityProfilerHandler.cpp:52] profiler_start

USDT:2026-09-04 07:48:00 488:488 SyncActivityProfilerHandler.cpp:52] profiler_start
USDT:2026-09-04 07:48:01 490:490 SyncActivityProfilerHandler.cpp:59] profiler_stop
USDT:2026-09-04 07:48:01 493:493 SyncActivityProfilerHandler.cpp:59] profiler_stop
USDT:2026-09-04 07:48:01 492:492 SyncActivityProfilerHandler.cpp:59] profiler_stop
USDT:2026-09-04 07:48:01 491:491 SyncActivityProfilerHandler.cpp:59] profiler_stop
USDT:2026-09-04 07:48:01 486:486 SyncActivityProfilerHandler.cpp:59] profiler_stop
USDT:2026-09-04 07:48:01 489:489 SyncActivityProfilerHandler.cpp:59] profiler_stop
USDT:2026-09-04 07:48:01 487:487 SyncActivityProfilerHandler.cpp:59] profiler_stop
USDT:2026-09-04 07:48:01 488:488 SyncActivityProfilerHandler.cpp:59] profiler_stop
   + EP:   5/32 | reduced combine: 100 GB/s (SO), 199 GB/s (SU), 4268.000 us, 849852832 bytes | reduce: 5135 GB/s, 105.754 us
   + EP:   6/32 | reduced combine: 101 GB/s (SO), 203 GB/s (SU), 4211.000 us, 853631616 bytes | reduce: 5144 GB/s, 105.386 us
   + EP:   3/32 | reduced combine: 101 GB/s (SO), 204 GB/s (SU), 4231.000 us, 862927712 bytes | reduce: 5095 GB/s, 106.615 us
   + EP:   7/32 | reduced combine: 102 GB/s (SO), 204 GB/s (SU), 4179.000 us, 851088480 bytes | reduce: 5124 GB/s, 105.921 us
   + EP:   0/32 | reduced combine: 100 GB/s (SO), 200 GB/s (SU), 4270.000 us, 853818400 bytes | reduce: 5104 GB/s, 106.716 us
   + EP:   2/32 | reduced combine: 99 GB/s (SO), 197 GB/s (SU), 4312.000 us, 851016640 bytes | reduce: 5112 GB/s, 106.152 us   + EP:   4/32 | reduced combine: 102 GB/s (SO), 204 GB/s (SU), 4173.000 us, 850585600 bytes | reduce: 5093 GB/s, 106.386 us

   + EP:   1/32 | reduced combine: 99 GB/s (SO), 199 GB/s (SU), 4283.000 us, 851246528 bytes | reduce: 5109 GB/s, 106.183 us


