=== EP_NIC_NAME=rdmap110s0 (auto, 200 Gb/s) ===
=== GIN: NCCL_GIN_TYPE=5 NCCL_SYM_GIN_KERNELS_ENABLE=0 ===
=== PREFER_OVERLAP=0 (--prefer-overlap-with-compute) ===
=== IMAGE=deepep-v2-efa-official:sm90-54fffef  DeepEP=54fffeff810723f574c574b1790dff189f3c6ffb ===
+ docker run --rm --init --gpus all --privileged --network=host --ipc=host --ulimit memlock=-1 --ulimit stack=67108864 --device=/dev/infiniband --device=/dev/gdrdrv -v /sys/class/infiniband:/sys/class/infiniband:ro -e MASTER_ADDR=172.31.11.137 -e MASTER_PORT=8729 -e WORLD_SIZE=2 -e RANK=1 -e NCCL_DEBUG=WARN -e EP_NIC_NAME=rdmap110s0 -e NCCL_GIN_TYPE=5 -e NCCL_SYM_GIN_KERNELS_ENABLE=0 -e PYTHONUNBUFFERED=1 -e PYTHONFAULTHANDLER=1 deepep-v2-efa-official:sm90-54fffef bash -lc 'timeout -s ABRT --kill-after=60 1800     python3 -u /opt/DeepEP/tests/elastic/test_ep.py     --num-processes=8 --num-tokens=128     --hidden=7168 --num-topk=8 --num-experts=256     --num-sms=12 --allow-hybrid-mode=1     --prefer-overlap-with-compute=0 --test-first-only      '

==========
== CUDA ==
==========

CUDA Version 13.0.2

Container image Copyright (c) 2016-2023, NVIDIA CORPORATION & AFFILIATES. All rights reserved.

This container image and its contents are governed by the NVIDIA Deep Learning Container License.
By pulling and using the container, you accept the terms and conditions of this license:
https://developer.nvidia.com/ngc/nvidia-deep-learning-container-license

A copy of this license is made available in this container at /NGC-DL-CONTAINER-LICENSE for your convenience.

DeepEP hybrid kernel selection: unordered
DeepEP hybrid kernel selection: unordered
DeepEP hybrid kernel selection: unordered
DeepEP hybrid kernel selection: unordered
DeepEP hybrid kernel selection: unordered
DeepEP hybrid kernel selection: unordered
DeepEP hybrid kernel selection: unordered
DeepEP hybrid kernel selection: unordered
DeepEP hybrid kernel selection: unordered
DeepEP hybrid kernel selection: unordered
DeepEP hybrid kernel selection: unordered
DeepEP hybrid kernel selection: unordered
DeepEP hybrid kernel selection: unordered
DeepEP hybrid kernel selection: unordered
DeepEP hybrid kernel selection: unordered
DeepEP hybrid kernel selection: unordered
Config:
 > Ranks: 2 x 8
 > Experts: 8/256
 > Tokens: 120 (max: 128), hidden: 7168
 > #SM: 12, #QPs: 11/11

Running all test cases:
 > Testing with do_handle_copy=1, expert_alignment=128, use_fp8_dispatch=1, num_bias=0, with_previous_event=0, async_with_compute_stream=0, allocate_on_comm_stream=0 ...
USDT:2026-08-31 09:44:20 493:493 SyncActivityProfilerHandler.cpp:52] profiler_startUSDT:2026-08-31 09:44:20 489:489 SyncActivityProfilerHandler.cpp:52] profiler_startUSDT:2026-08-31 09:44:20 491:491 SyncActivityProfilerHandler.cpp:52] profiler_startUSDT:2026-08-31 09:44:20 488:488 SyncActivityProfilerHandler.cpp:52] profiler_startUSDT:2026-08-31 09:44:20 490:490 SyncActivityProfilerHandler.cpp:52] profiler_start




USDT:2026-08-31 09:44:20 494:494 SyncActivityProfilerHandler.cpp:52] profiler_startUSDT:2026-08-31 09:44:20 495:495 SyncActivityProfilerHandler.cpp:52] profiler_start

USDT:2026-08-31 09:44:20 492:492 SyncActivityProfilerHandler.cpp:52] profiler_start
USDT:2026-08-31 09:44:20 490:490 SyncActivityProfilerHandler.cpp:59] profiler_stopUSDT:2026-08-31 09:44:20 493:493 SyncActivityProfilerHandler.cpp:59] profiler_stopUSDT:2026-08-31 09:44:20 489:489 SyncActivityProfilerHandler.cpp:59] profiler_stopUSDT:2026-08-31 09:44:20 492:492 SyncActivityProfilerHandler.cpp:59] profiler_stopUSDT:2026-08-31 09:44:20 491:491 SyncActivityProfilerHandler.cpp:59] profiler_stopUSDT:2026-08-31 09:44:20 488:488 SyncActivityProfilerHandler.cpp:59] profiler_stop

USDT:2026-08-31 09:44:20 495:495 SyncActivityProfilerHandler.cpp:59] profiler_stop


USDT:2026-08-31 09:44:20 494:494 SyncActivityProfilerHandler.cpp:59] profiler_stop


   * EP:  10/16 | dispatch: 10 GB/s (SO), 37 GB/s (SU), 169.057 us, 6312384 bytes | copy: 898 GB/s, 14.057 us
   * EP:  11/16 | dispatch: 10 GB/s (SO), 34 GB/s (SU), 169.064 us, 5698368 bytes | copy: 1205 GB/s, 9.461 us
   * EP:  14/16 | dispatch: 10 GB/s (SO), 37 GB/s (SU), 168.817 us, 6162624 bytes | copy: 1695 GB/s, 7.271 us
   * EP:   9/16 | dispatch: 11 GB/s (SO), 34 GB/s (SU), 168.877 us, 5773248 bytes | copy: 919 GB/s, 12.570 us
   * EP:  13/16 | dispatch: 10 GB/s (SO), 34 GB/s (SU), 168.818 us, 5728320 bytes | copy: 1549 GB/s, 7.394 us
   * EP:  15/16 | dispatch: 10 GB/s (SO), 36 GB/s (SU), 168.842 us, 6005376 bytes | copy: 1239 GB/s, 9.694 us
   * EP:   8/16 | dispatch: 11 GB/s (SO), 35 GB/s (SU), 168.783 us, 5833152 bytes | copy: 958 GB/s, 12.184 us
   * EP:  12/16 | dispatch: 10 GB/s (SO), 36 GB/s (SU), 168.874 us, 6117696 bytes | copy: 1791 GB/s, 6.832 us
USDT:2026-08-31 09:44:21 493:493 SyncActivityProfilerHandler.cpp:52] profiler_startUSDT:2026-08-31 09:44:21 495:495 SyncActivityProfilerHandler.cpp:52] profiler_startUSDT:2026-08-31 09:44:21 491:491 SyncActivityProfilerHandler.cpp:52] profiler_startUSDT:2026-08-31 09:44:21 492:492 SyncActivityProfilerHandler.cpp:52] profiler_startUSDT:2026-08-31 09:44:21 489:489 SyncActivityProfilerHandler.cpp:52] profiler_startUSDT:2026-08-31 09:44:21 494:494 SyncActivityProfilerHandler.cpp:52] profiler_startUSDT:2026-08-31 09:44:21 488:488 SyncActivityProfilerHandler.cpp:52] profiler_startUSDT:2026-08-31 09:44:21 490:490 SyncActivityProfilerHandler.cpp:52] profiler_start







USDT:2026-08-31 09:44:21 492:492 SyncActivityProfilerHandler.cpp:59] profiler_stopUSDT:2026-08-31 09:44:21 490:490 SyncActivityProfilerHandler.cpp:59] profiler_stop

USDT:2026-08-31 09:44:21 489:489 SyncActivityProfilerHandler.cpp:59] profiler_stopUSDT:2026-08-31 09:44:21 488:488 SyncActivityProfilerHandler.cpp:59] profiler_stop
USDT:2026-08-31 09:44:21 493:493 SyncActivityProfilerHandler.cpp:59] profiler_stopUSDT:2026-08-31 09:44:21 491:491 SyncActivityProfilerHandler.cpp:59] profiler_stop
USDT:2026-08-31 09:44:21 495:495 SyncActivityProfilerHandler.cpp:59] profiler_stop


USDT:2026-08-31 09:44:21 494:494 SyncActivityProfilerHandler.cpp:59] profiler_stop
   - EP:  10/16 | expanded dispatch: 10 GB/s (SO), 38 GB/s (SU), 168.032 us, 6312384 bytes | copy: 1516 GB/s, 13.980 us
   - EP:  14/16 | expanded dispatch: 10 GB/s (SO), 37 GB/s (SU), 167.818 us, 6162624 bytes | copy: 2759 GB/s, 7.617 us
   - EP:  15/16 | expanded dispatch: 10 GB/s (SO), 36 GB/s (SU), 167.853 us, 6005376 bytes | copy: 2036 GB/s, 10.287 us
   - EP:  13/16 | expanded dispatch: 10 GB/s (SO), 34 GB/s (SU), 167.884 us, 5728320 bytes | copy: 2488 GB/s, 8.316 us
   - EP:  11/16 | expanded dispatch: 10 GB/s (SO), 34 GB/s (SU), 168.021 us, 5698368 bytes | copy: 2262 GB/s, 9.079 us
   - EP:   9/16 | expanded dispatch: 11 GB/s (SO), 34 GB/s (SU), 167.916 us, 5773248 bytes | copy: 1510 GB/s, 13.687 us
   - EP:  12/16 | expanded dispatch: 10 GB/s (SO), 36 GB/s (SU), 167.965 us, 6117696 bytes | copy: 2256 GB/s, 9.284 us
   - EP:   8/16 | expanded dispatch: 11 GB/s (SO), 35 GB/s (SU), 167.738 us, 5833152 bytes | copy: 1697 GB/s, 12.218 us
USDT:2026-08-31 09:44:22 495:495 SyncActivityProfilerHandler.cpp:52] profiler_startUSDT:2026-08-31 09:44:22 491:491 SyncActivityProfilerHandler.cpp:52] profiler_startUSDT:2026-08-31 09:44:22 493:493 SyncActivityProfilerHandler.cpp:52] profiler_startUSDT:2026-08-31 09:44:22 490:490 SyncActivityProfilerHandler.cpp:52] profiler_startUSDT:2026-08-31 09:44:22 489:489 SyncActivityProfilerHandler.cpp:52] profiler_startUSDT:2026-08-31 09:44:22 492:492 SyncActivityProfilerHandler.cpp:52] profiler_startUSDT:2026-08-31 09:44:22 494:494 SyncActivityProfilerHandler.cpp:52] profiler_startUSDT:2026-08-31 09:44:22 488:488 SyncActivityProfilerHandler.cpp:52] profiler_start







USDT:2026-08-31 09:44:22 495:495 SyncActivityProfilerHandler.cpp:59] profiler_stop
USDT:2026-08-31 09:44:22 491:491 SyncActivityProfilerHandler.cpp:59] profiler_stopUSDT:2026-08-31 09:44:22 492:492 SyncActivityProfilerHandler.cpp:59] profiler_stopUSDT:2026-08-31 09:44:22 489:489 SyncActivityProfilerHandler.cpp:59] profiler_stop

USDT:2026-08-31 09:44:22 493:493 SyncActivityProfilerHandler.cpp:59] profiler_stop

USDT:2026-08-31 09:44:22 490:490 SyncActivityProfilerHandler.cpp:59] profiler_stopUSDT:2026-08-31 09:44:22 494:494 SyncActivityProfilerHandler.cpp:59] profiler_stopUSDT:2026-08-31 09:44:22 488:488 SyncActivityProfilerHandler.cpp:59] profiler_stop


   # EP:  11/16 | cached dispatch: 11 GB/s (SO), 35 GB/s (SU), 164.636 us, 5698368 bytes | copy: 1468 GB/s, 7.762 us
   # EP:  14/16 | cached dispatch: 10 GB/s (SO), 37 GB/s (SU), 164.460 us, 6162624 bytes | copy: 1638 GB/s, 7.523 us
   # EP:  15/16 | cached dispatch: 10 GB/s (SO), 37 GB/s (SU), 164.391 us, 6005376 bytes | copy: 1649 GB/s, 7.285 us
   # EP:  12/16 | cached dispatch: 11 GB/s (SO), 37 GB/s (SU), 164.499 us, 6117696 bytes | copy: 1878 GB/s, 6.515 us
   # EP:  10/16 | cached dispatch: 11 GB/s (SO), 38 GB/s (SU), 164.671 us, 6312384 bytes | copy: 1138 GB/s, 11.092 us   # EP:   9/16 | cached dispatch: 11 GB/s (SO), 35 GB/s (SU), 164.399 us, 5773248 bytes | copy: 940 GB/s, 12.282 us

   # EP:   8/16 | cached dispatch: 11 GB/s (SO), 35 GB/s (SU), 164.336 us, 5833152 bytes | copy: 941 GB/s, 12.392 us
   # EP:  13/16 | cached dispatch: 10 GB/s (SO), 35 GB/s (SU), 164.447 us, 5728320 bytes | copy: 1433 GB/s, 7.995 us
USDT:2026-08-31 09:44:22 490:490 SyncActivityProfilerHandler.cpp:52] profiler_startUSDT:2026-08-31 09:44:22 494:494 SyncActivityProfilerHandler.cpp:52] profiler_startUSDT:2026-08-31 09:44:22 495:495 SyncActivityProfilerHandler.cpp:52] profiler_start
USDT:2026-08-31 09:44:22 491:491 SyncActivityProfilerHandler.cpp:52] profiler_start

USDT:2026-08-31 09:44:22 492:492 SyncActivityProfilerHandler.cpp:52] profiler_startUSDT:2026-08-31 09:44:22 493:493 SyncActivityProfilerHandler.cpp:52] profiler_start
USDT:2026-08-31 09:44:22 489:489 SyncActivityProfilerHandler.cpp:52] profiler_startUSDT:2026-08-31 09:44:22 488:488 SyncActivityProfilerHandler.cpp:52] profiler_start



USDT:2026-08-31 09:44:23 490:490 SyncActivityProfilerHandler.cpp:59] profiler_stop
USDT:2026-08-31 09:44:23 495:495 SyncActivityProfilerHandler.cpp:59] profiler_stopUSDT:2026-08-31 09:44:23 491:491 SyncActivityProfilerHandler.cpp:59] profiler_stop

USDT:2026-08-31 09:44:23 489:489 SyncActivityProfilerHandler.cpp:59] profiler_stopUSDT:2026-08-31 09:44:23 494:494 SyncActivityProfilerHandler.cpp:59] profiler_stopUSDT:2026-08-31 09:44:23 493:493 SyncActivityProfilerHandler.cpp:59] profiler_stopUSDT:2026-08-31 09:44:23 492:492 SyncActivityProfilerHandler.cpp:59] profiler_stop

USDT:2026-08-31 09:44:23 488:488 SyncActivityProfilerHandler.cpp:59] profiler_stop


   @ EP:  10/16 | combine: 21 GB/s (SO), 75 GB/s (SU), 162.013 us, 12112224 bytes | reduce: 1042 GB/s, 4.866 us
   @ EP:  11/16 | combine: 21 GB/s (SO), 68 GB/s (SU), 160.909 us, 10934048 bytes | reduce: 1073 GB/s, 4.687 us
   @ EP:   8/16 | combine: 21 GB/s (SO), 69 GB/s (SU), 162.309 us, 11192672 bytes | reduce: 1083 GB/s, 4.762 us
   @ EP:  14/16 | combine: 21 GB/s (SO), 74 GB/s (SU), 159.678 us, 11824864 bytes | reduce: 1017 GB/s, 4.831 us
   @ EP:  15/16 | combine: 20 GB/s (SO), 71 GB/s (SU), 162.055 us, 11523136 bytes | reduce: 1023 GB/s, 4.749 us
   @ EP:  12/16 | combine: 21 GB/s (SO), 73 GB/s (SU), 161.818 us, 11738656 bytes | reduce: 1070 GB/s, 4.661 us
   @ EP:   9/16 | combine: 21 GB/s (SO), 69 GB/s (SU), 160.451 us, 11077728 bytes | reduce: 1107 GB/s, 4.620 us
   @ EP:  13/16 | combine: 21 GB/s (SO), 69 GB/s (SU), 160.196 us, 10991520 bytes | reduce: 1076 GB/s, 4.606 us
USDT:2026-08-31 09:44:23 495:495 SyncActivityProfilerHandler.cpp:52] profiler_startUSDT:2026-08-31 09:44:23 490:490 SyncActivityProfilerHandler.cpp:52] profiler_start

USDT:2026-08-31 09:44:23 489:489 SyncActivityProfilerHandler.cpp:52] profiler_startUSDT:2026-08-31 09:44:23 494:494 SyncActivityProfilerHandler.cpp:52] profiler_startUSDT:2026-08-31 09:44:23 491:491 SyncActivityProfilerHandler.cpp:52] profiler_start
USDT:2026-08-31 09:44:23 488:488 SyncActivityProfilerHandler.cpp:52] profiler_start


USDT:2026-08-31 09:44:23 493:493 SyncActivityProfilerHandler.cpp:52] profiler_start
USDT:2026-08-31 09:44:23 492:492 SyncActivityProfilerHandler.cpp:52] profiler_start
USDT:2026-08-31 09:44:24 490:490 SyncActivityProfilerHandler.cpp:59] profiler_stopUSDT:2026-08-31 09:44:24 495:495 SyncActivityProfilerHandler.cpp:59] profiler_stopUSDT:2026-08-31 09:44:24 489:489 SyncActivityProfilerHandler.cpp:59] profiler_stop


USDT:2026-08-31 09:44:24 491:491 SyncActivityProfilerHandler.cpp:59] profiler_stopUSDT:2026-08-31 09:44:24 494:494 SyncActivityProfilerHandler.cpp:59] profiler_stop

USDT:2026-08-31 09:44:24 488:488 SyncActivityProfilerHandler.cpp:59] profiler_stop
USDT:2026-08-31 09:44:24 493:493 SyncActivityProfilerHandler.cpp:59] profiler_stop
USDT:2026-08-31 09:44:24 492:492 SyncActivityProfilerHandler.cpp:59] profiler_stop
   + EP:  10/16 | reduced combine: 19 GB/s (SO), 68 GB/s (SU), 176.875 us, 12112224 bytes | reduce: 1059 GB/s, 4.791 us
   + EP:  14/16 | reduced combine: 19 GB/s (SO), 67 GB/s (SU), 176.116 us, 11824864 bytes | reduce: 1052 GB/s, 4.669 us
   + EP:  15/16 | reduced combine: 18 GB/s (SO), 65 GB/s (SU), 176.050 us, 11523136 bytes | reduce: 970 GB/s, 5.007 us   + EP:  11/16 | reduced combine: 19 GB/s (SO), 61 GB/s (SU), 179.303 us, 10934048 bytes | reduce: 1067 GB/s, 4.714 us

   + EP:   9/16 | reduced combine: 19 GB/s (SO), 63 GB/s (SU), 176.894 us, 11077728 bytes | reduce: 1117 GB/s, 4.578 us
   + EP:   8/16 | reduced combine: 19 GB/s (SO), 63 GB/s (SU), 178.278 us, 11192672 bytes | reduce: 1085 GB/s, 4.756 us
   + EP:  13/16 | reduced combine: 19 GB/s (SO), 62 GB/s (SU), 177.786 us, 10991520 bytes | reduce: 1107 GB/s, 4.479 us
   + EP:  12/16 | reduced combine: 19 GB/s (SO), 66 GB/s (SU), 179.020 us, 11738656 bytes | reduce: 1045 GB/s, 4.772 us


