=== EP_NIC_NAME=rdmap110s0 (auto, 200 Gb/s) ===
=== GIN: NCCL_GIN_TYPE=5 NCCL_SYM_GIN_KERNELS_ENABLE=0 ===
=== PREFER_OVERLAP=0 (--prefer-overlap-with-compute) ===
=== IMAGE=deepep-v2-efa-official:sm90-54fffef  DeepEP=54fffeff810723f574c574b1790dff189f3c6ffb ===
+ docker run --rm --init --gpus all --privileged --network=host --ipc=host --ulimit memlock=-1 --ulimit stack=67108864 --device=/dev/infiniband --device=/dev/gdrdrv -v /sys/class/infiniband:/sys/class/infiniband:ro -e MASTER_ADDR=172.31.11.137 -e MASTER_PORT=8737 -e WORLD_SIZE=2 -e RANK=0 -e NCCL_DEBUG=WARN -e EP_NIC_NAME=rdmap110s0 -e NCCL_GIN_TYPE=5 -e NCCL_SYM_GIN_KERNELS_ENABLE=0 -e PYTHONUNBUFFERED=1 -e PYTHONFAULTHANDLER=1 deepep-v2-efa-official:sm90-54fffef bash -lc 'timeout -s ABRT --kill-after=60 1800     python3 -u /opt/DeepEP/tests/elastic/test_ep.py     --num-processes=8 --num-tokens=128     --hidden=7168 --num-topk=8 --num-experts=256     --num-sms=12 --allow-hybrid-mode=1     --prefer-overlap-with-compute=0 --test-first-only      '

==========
== CUDA ==
==========

CUDA Version 13.0.2

Container image Copyright (c) 2016-2023, NVIDIA CORPORATION & AFFILIATES. All rights reserved.

This container image and its contents are governed by the NVIDIA Deep Learning Container License.
By pulling and using the container, you accept the terms and conditions of this license:
https://developer.nvidia.com/ngc/nvidia-deep-learning-container-license

A copy of this license is made available in this container at /NGC-DL-CONTAINER-LICENSE for your convenience.

NCCL version 2.31.2+cuda13.3
DeepEP hybrid kernel selection: unordered
DeepEP hybrid kernel selection: unordered
DeepEP hybrid kernel selection: unordered
DeepEP hybrid kernel selection: unordered
DeepEP hybrid kernel selection: unordered
DeepEP hybrid kernel selection: unordered
DeepEP hybrid kernel selection: unordered
DeepEP hybrid kernel selection: unordered
DeepEP hybrid kernel selection: unordered
DeepEP hybrid kernel selection: unordered
DeepEP hybrid kernel selection: unordered
DeepEP hybrid kernel selection: unordered
DeepEP hybrid kernel selection: unordered
DeepEP hybrid kernel selection: unordered
DeepEP hybrid kernel selection: unordered
DeepEP hybrid kernel selection: unordered
Config:
 > Ranks: 2 x 8
 > Experts: 8/256
 > Tokens: 128 (max: 128), hidden: 7168
 > #SM: 12, #QPs: 11/11

Running all test cases:
 > Testing with do_handle_copy=1, expert_alignment=128, use_fp8_dispatch=1, num_bias=0, with_previous_event=0, async_with_compute_stream=0, allocate_on_comm_stream=0 ...
USDT:2026-08-31 10:00:45 490:490 SyncActivityProfilerHandler.cpp:52] profiler_startUSDT:2026-08-31 10:00:45 493:493 SyncActivityProfilerHandler.cpp:52] profiler_startUSDT:2026-08-31 10:00:45 486:486 SyncActivityProfilerHandler.cpp:52] profiler_startUSDT:2026-08-31 10:00:45 489:489 SyncActivityProfilerHandler.cpp:52] profiler_startUSDT:2026-08-31 10:00:45 487:487 SyncActivityProfilerHandler.cpp:52] profiler_start
USDT:2026-08-31 10:00:45 491:491 SyncActivityProfilerHandler.cpp:52] profiler_startUSDT:2026-08-31 10:00:45 488:488 SyncActivityProfilerHandler.cpp:52] profiler_start





USDT:2026-08-31 10:00:45 492:492 SyncActivityProfilerHandler.cpp:52] profiler_start
USDT:2026-08-31 10:00:45 490:490 SyncActivityProfilerHandler.cpp:59] profiler_stopUSDT:2026-08-31 10:00:45 486:486 SyncActivityProfilerHandler.cpp:59] profiler_stopUSDT:2026-08-31 10:00:45 493:493 SyncActivityProfilerHandler.cpp:59] profiler_stopUSDT:2026-08-31 10:00:45 489:489 SyncActivityProfilerHandler.cpp:59] profiler_stop


USDT:2026-08-31 10:00:45 488:488 SyncActivityProfilerHandler.cpp:59] profiler_stopUSDT:2026-08-31 10:00:45 487:487 SyncActivityProfilerHandler.cpp:59] profiler_stop


USDT:2026-08-31 10:00:45 492:492 SyncActivityProfilerHandler.cpp:59] profiler_stop
USDT:2026-08-31 10:00:45 491:491 SyncActivityProfilerHandler.cpp:59] profiler_stop
   * EP:   0/16 | dispatch: 11 GB/s (SO), 34 GB/s (SU), 170.983 us, 5750784 bytes | copy: 1057 GB/s, 10.883 us
   * EP:   7/16 | dispatch: 11 GB/s (SO), 35 GB/s (SU), 170.731 us, 5937984 bytes | copy: 1755 GB/s, 6.766 us
   * EP:   4/16 | dispatch: 11 GB/s (SO), 33 GB/s (SU), 170.865 us, 5623488 bytes | copy: 2085 GB/s, 5.394 us
   * EP:   2/16 | dispatch: 11 GB/s (SO), 34 GB/s (SU), 170.947 us, 5840640 bytes | copy: 1042 GB/s, 11.213 us
   * EP:   3/16 | dispatch: 11 GB/s (SO), 34 GB/s (SU), 171.131 us, 5855616 bytes | copy: 1014 GB/s, 11.548 us
   * EP:   6/16 | dispatch: 11 GB/s (SO), 35 GB/s (SU), 170.871 us, 5937984 bytes | copy: 1358 GB/s, 8.742 us
   * EP:   1/16 | dispatch: 11 GB/s (SO), 33 GB/s (SU), 171.062 us, 5720832 bytes | copy: 1241 GB/s, 9.217 us
   * EP:   5/16 | dispatch: 11 GB/s (SO), 33 GB/s (SU), 170.928 us, 5705856 bytes | copy: 1220 GB/s, 9.356 us
USDT:2026-08-31 10:00:46 486:486 SyncActivityProfilerHandler.cpp:52] profiler_startUSDT:2026-08-31 10:00:46 490:490 SyncActivityProfilerHandler.cpp:52] profiler_startUSDT:2026-08-31 10:00:46 487:487 SyncActivityProfilerHandler.cpp:52] profiler_startUSDT:2026-08-31 10:00:46 488:488 SyncActivityProfilerHandler.cpp:52] profiler_startUSDT:2026-08-31 10:00:46 489:489 SyncActivityProfilerHandler.cpp:52] profiler_start
USDT:2026-08-31 10:00:46 491:491 SyncActivityProfilerHandler.cpp:52] profiler_startUSDT:2026-08-31 10:00:46 492:492 SyncActivityProfilerHandler.cpp:52] profiler_start
USDT:2026-08-31 10:00:46 493:493 SyncActivityProfilerHandler.cpp:52] profiler_start





USDT:2026-08-31 10:00:46 490:490 SyncActivityProfilerHandler.cpp:59] profiler_stopUSDT:2026-08-31 10:00:46 493:493 SyncActivityProfilerHandler.cpp:59] profiler_stopUSDT:2026-08-31 10:00:46 488:488 SyncActivityProfilerHandler.cpp:59] profiler_stopUSDT:2026-08-31 10:00:46 486:486 SyncActivityProfilerHandler.cpp:59] profiler_stop

USDT:2026-08-31 10:00:46 492:492 SyncActivityProfilerHandler.cpp:59] profiler_stopUSDT:2026-08-31 10:00:46 489:489 SyncActivityProfilerHandler.cpp:59] profiler_stop
USDT:2026-08-31 10:00:46 491:491 SyncActivityProfilerHandler.cpp:59] profiler_stop
USDT:2026-08-31 10:00:46 487:487 SyncActivityProfilerHandler.cpp:59] profiler_stop



   - EP:   0/16 | expanded dispatch: 11 GB/s (SO), 34 GB/s (SU), 170.812 us, 5750784 bytes | copy: 1566 GB/s, 13.147 us
   - EP:   7/16 | expanded dispatch: 11 GB/s (SO), 35 GB/s (SU), 170.543 us, 5937984 bytes | copy: 2790 GB/s, 7.424 us
   - EP:   2/16 | expanded dispatch: 11 GB/s (SO), 34 GB/s (SU), 170.791 us, 5840640 bytes | copy: 1628 GB/s, 12.712 us
   - EP:   1/16 | expanded dispatch: 11 GB/s (SO), 33 GB/s (SU), 170.937 us, 5720832 bytes | copy: 1737 GB/s, 11.809 us
   - EP:   4/16 | expanded dispatch: 11 GB/s (SO), 33 GB/s (SU), 170.728 us, 5623488 bytes | copy: 2846 GB/s, 7.185 us
   - EP:   3/16 | expanded dispatch: 11 GB/s (SO), 34 GB/s (SU), 170.937 us, 5855616 bytes | copy: 1646 GB/s, 12.555 us
   - EP:   6/16 | expanded dispatch: 11 GB/s (SO), 35 GB/s (SU), 170.739 us, 5937984 bytes | copy: 1755 GB/s, 11.868 us
   - EP:   5/16 | expanded dispatch: 11 GB/s (SO), 33 GB/s (SU), 170.731 us, 5705856 bytes | copy: 1912 GB/s, 10.745 us
USDT:2026-08-31 10:00:47 489:489 SyncActivityProfilerHandler.cpp:52] profiler_startUSDT:2026-08-31 10:00:47 490:490 SyncActivityProfilerHandler.cpp:52] profiler_startUSDT:2026-08-31 10:00:47 486:486 SyncActivityProfilerHandler.cpp:52] profiler_start


USDT:2026-08-31 10:00:47 493:493 SyncActivityProfilerHandler.cpp:52] profiler_startUSDT:2026-08-31 10:00:47 488:488 SyncActivityProfilerHandler.cpp:52] profiler_startUSDT:2026-08-31 10:00:47 491:491 SyncActivityProfilerHandler.cpp:52] profiler_startUSDT:2026-08-31 10:00:47 487:487 SyncActivityProfilerHandler.cpp:52] profiler_startUSDT:2026-08-31 10:00:47 492:492 SyncActivityProfilerHandler.cpp:52] profiler_start




USDT:2026-08-31 10:00:47 490:490 SyncActivityProfilerHandler.cpp:59] profiler_stopUSDT:2026-08-31 10:00:47 489:489 SyncActivityProfilerHandler.cpp:59] profiler_stopUSDT:2026-08-31 10:00:47 493:493 SyncActivityProfilerHandler.cpp:59] profiler_stop


USDT:2026-08-31 10:00:47 487:487 SyncActivityProfilerHandler.cpp:59] profiler_stop
USDT:2026-08-31 10:00:47 488:488 SyncActivityProfilerHandler.cpp:59] profiler_stop
USDT:2026-08-31 10:00:47 486:486 SyncActivityProfilerHandler.cpp:59] profiler_stopUSDT:2026-08-31 10:00:47 492:492 SyncActivityProfilerHandler.cpp:59] profiler_stop

USDT:2026-08-31 10:00:47 491:491 SyncActivityProfilerHandler.cpp:59] profiler_stop
   # EP:   3/16 | cached dispatch: 11 GB/s (SO), 35 GB/s (SU), 167.117 us, 5855616 bytes | copy: 955 GB/s, 12.260 us
   # EP:   4/16 | cached dispatch: 11 GB/s (SO), 34 GB/s (SU), 166.865 us, 5623488 bytes | copy: 2206 GB/s, 5.099 us
   # EP:   7/16 | cached dispatch: 11 GB/s (SO), 36 GB/s (SU), 166.839 us, 5937984 bytes | copy: 1558 GB/s, 7.623 us
   # EP:   0/16 | cached dispatch: 11 GB/s (SO), 34 GB/s (SU), 166.809 us, 5750784 bytes | copy: 979 GB/s, 11.748 us
   # EP:   2/16 | cached dispatch: 11 GB/s (SO), 35 GB/s (SU), 166.908 us, 5840640 bytes | copy: 1155 GB/s, 10.116 us
   # EP:   5/16 | cached dispatch: 11 GB/s (SO), 34 GB/s (SU), 166.815 us, 5705856 bytes | copy: 1171 GB/s, 9.745 us
   # EP:   6/16 | cached dispatch: 11 GB/s (SO), 36 GB/s (SU), 166.877 us, 5937984 bytes | copy: 1001 GB/s, 11.865 us   # EP:   1/16 | cached dispatch: 11 GB/s (SO), 34 GB/s (SU), 167.028 us, 5720832 bytes | copy: 1117 GB/s, 10.239 us

USDT:2026-08-31 10:00:47 490:490 SyncActivityProfilerHandler.cpp:52] profiler_startUSDT:2026-08-31 10:00:47 493:493 SyncActivityProfilerHandler.cpp:52] profiler_startUSDT:2026-08-31 10:00:47 489:489 SyncActivityProfilerHandler.cpp:52] profiler_startUSDT:2026-08-31 10:00:47 491:491 SyncActivityProfilerHandler.cpp:52] profiler_startUSDT:2026-08-31 10:00:47 486:486 SyncActivityProfilerHandler.cpp:52] profiler_startUSDT:2026-08-31 10:00:47 488:488 SyncActivityProfilerHandler.cpp:52] profiler_start
USDT:2026-08-31 10:00:47 487:487 SyncActivityProfilerHandler.cpp:52] profiler_start

USDT:2026-08-31 10:00:47 492:492 SyncActivityProfilerHandler.cpp:52] profiler_start




USDT:2026-08-31 10:00:48 490:490 SyncActivityProfilerHandler.cpp:59] profiler_stopUSDT:2026-08-31 10:00:48 486:486 SyncActivityProfilerHandler.cpp:59] profiler_stopUSDT:2026-08-31 10:00:48 493:493 SyncActivityProfilerHandler.cpp:59] profiler_stop


USDT:2026-08-31 10:00:48 489:489 SyncActivityProfilerHandler.cpp:59] profiler_stop
USDT:2026-08-31 10:00:48 488:488 SyncActivityProfilerHandler.cpp:59] profiler_stopUSDT:2026-08-31 10:00:48 487:487 SyncActivityProfilerHandler.cpp:59] profiler_stop

USDT:2026-08-31 10:00:48 492:492 SyncActivityProfilerHandler.cpp:59] profiler_stop
USDT:2026-08-31 10:00:48 491:491 SyncActivityProfilerHandler.cpp:59] profiler_stop
   @ EP:   3/16 | combine: 21 GB/s (SO), 67 GB/s (SU), 167.194 us, 11235776 bytes | reduce: 1176 GB/s, 4.580 us
   @ EP:   7/16 | combine: 21 GB/s (SO), 69 GB/s (SU), 164.853 us, 11393824 bytes | reduce: 1122 GB/s, 4.648 us
   @ EP:   0/16 | combine: 22 GB/s (SO), 66 GB/s (SU), 166.363 us, 11034624 bytes | reduce: 1230 GB/s, 4.473 us
   @ EP:   2/16 | combine: 22 GB/s (SO), 67 GB/s (SU), 167.249 us, 11207040 bytes | reduce: 1164 GB/s, 4.666 us   @ EP:   4/16 | combine: 21 GB/s (SO), 65 GB/s (SU), 166.683 us, 10790368 bytes | reduce: 1150 GB/s, 4.621 us

   @ EP:   1/16 | combine: 22 GB/s (SO), 65 GB/s (SU), 169.586 us, 10977152 bytes | reduce: 1206 GB/s, 4.541 us
   @ EP:   6/16 | combine: 21 GB/s (SO), 69 GB/s (SU), 165.753 us, 11393824 bytes | reduce: 1116 GB/s, 4.674 us
   @ EP:   5/16 | combine: 21 GB/s (SO), 67 GB/s (SU), 164.015 us, 10948416 bytes | reduce: 1144 GB/s, 4.622 us
USDT:2026-08-31 10:00:48 493:493 SyncActivityProfilerHandler.cpp:52] profiler_startUSDT:2026-08-31 10:00:48 489:489 SyncActivityProfilerHandler.cpp:52] profiler_startUSDT:2026-08-31 10:00:48 490:490 SyncActivityProfilerHandler.cpp:52] profiler_start


USDT:2026-08-31 10:00:48 486:486 SyncActivityProfilerHandler.cpp:52] profiler_start
USDT:2026-08-31 10:00:48 487:487 SyncActivityProfilerHandler.cpp:52] profiler_startUSDT:2026-08-31 10:00:48 492:492 SyncActivityProfilerHandler.cpp:52] profiler_startUSDT:2026-08-31 10:00:48 488:488 SyncActivityProfilerHandler.cpp:52] profiler_startUSDT:2026-08-31 10:00:48 491:491 SyncActivityProfilerHandler.cpp:52] profiler_start



USDT:2026-08-31 10:00:48 490:490 SyncActivityProfilerHandler.cpp:59] profiler_stopUSDT:2026-08-31 10:00:48 489:489 SyncActivityProfilerHandler.cpp:59] profiler_stop
USDT:2026-08-31 10:00:48 486:486 SyncActivityProfilerHandler.cpp:59] profiler_stop

USDT:2026-08-31 10:00:48 487:487 SyncActivityProfilerHandler.cpp:59] profiler_stopUSDT:2026-08-31 10:00:48 488:488 SyncActivityProfilerHandler.cpp:59] profiler_stop

USDT:2026-08-31 10:00:48 492:492 SyncActivityProfilerHandler.cpp:59] profiler_stop
USDT:2026-08-31 10:00:48 491:491 SyncActivityProfilerHandler.cpp:59] profiler_stop
USDT:2026-08-31 10:00:48 493:493 SyncActivityProfilerHandler.cpp:59] profiler_stop
   + EP:   0/16 | reduced combine: 20 GB/s (SO), 60 GB/s (SU), 184.366 us, 11034624 bytes | reduce: 1184 GB/s, 4.646 us
   + EP:   3/16 | reduced combine: 20 GB/s (SO), 61 GB/s (SU), 184.059 us, 11235776 bytes | reduce: 1126 GB/s, 4.783 us
   + EP:   4/16 | reduced combine: 19 GB/s (SO), 59 GB/s (SU), 183.685 us, 10790368 bytes | reduce: 990 GB/s, 5.370 us
   + EP:   7/16 | reduced combine: 19 GB/s (SO), 63 GB/s (SU), 181.366 us, 11393824 bytes | reduce: 1100 GB/s, 4.740 us
   + EP:   2/16 | reduced combine: 20 GB/s (SO), 61 GB/s (SU), 182.832 us, 11207040 bytes | reduce: 1074 GB/s, 5.056 us
   + EP:   5/16 | reduced combine: 19 GB/s (SO), 60 GB/s (SU), 181.401 us, 10948416 bytes | reduce: 1083 GB/s, 4.880 us
   + EP:   6/16 | reduced combine: 19 GB/s (SO), 62 GB/s (SU), 182.867 us, 11393824 bytes | reduce: 1114 GB/s, 4.681 us
   + EP:   1/16 | reduced combine: 20 GB/s (SO), 59 GB/s (SU), 185.175 us, 10977152 bytes | reduce: 1151 GB/s, 4.754 us


