=== EP_NIC_NAME=rdmap110s0 (auto, 200 Gb/s) ===
=== GIN: NCCL_GIN_TYPE=5 NCCL_SYM_GIN_KERNELS_ENABLE=0 ===
=== PREFER_OVERLAP=1 (--prefer-overlap-with-compute) ===
=== IMAGE=deepep-v2-efa-official:sm90-54fffef  DeepEP=54fffeff810723f574c574b1790dff189f3c6ffb ===
+ docker run --rm --init --gpus all --privileged --network=host --ipc=host --ulimit memlock=-1 --ulimit stack=67108864 --device=/dev/infiniband --device=/dev/gdrdrv -v /sys/class/infiniband:/sys/class/infiniband:ro -e MASTER_ADDR=172.31.11.137 -e MASTER_PORT=8738 -e WORLD_SIZE=2 -e RANK=0 -e NCCL_DEBUG=WARN -e EP_NIC_NAME=rdmap110s0 -e NCCL_GIN_TYPE=5 -e NCCL_SYM_GIN_KERNELS_ENABLE=0 -e PYTHONUNBUFFERED=1 -e PYTHONFAULTHANDLER=1 deepep-v2-efa-official:sm90-54fffef bash -lc 'timeout -s ABRT --kill-after=60 1800     python3 -u /opt/DeepEP/tests/elastic/test_ep.py     --num-processes=8 --num-tokens=128     --hidden=7168 --num-topk=8 --num-experts=256     --num-sms=12 --allow-hybrid-mode=1     --prefer-overlap-with-compute=1 --test-first-only      '

==========
== CUDA ==
==========

CUDA Version 13.0.2

Container image Copyright (c) 2016-2023, NVIDIA CORPORATION & AFFILIATES. All rights reserved.

This container image and its contents are governed by the NVIDIA Deep Learning Container License.
By pulling and using the container, you accept the terms and conditions of this license:
https://developer.nvidia.com/ngc/nvidia-deep-learning-container-license

A copy of this license is made available in this container at /NGC-DL-CONTAINER-LICENSE for your convenience.

NCCL version 2.31.2+cuda13.3
DeepEP hybrid kernel selection: unordered
DeepEP hybrid kernel selection: unordered
DeepEP hybrid kernel selection: unordered
DeepEP hybrid kernel selection: unordered
DeepEP hybrid kernel selection: unordered
DeepEP hybrid kernel selection: unordered
DeepEP hybrid kernel selection: unordered
DeepEP hybrid kernel selection: unordered
DeepEP hybrid kernel selection: unordered
DeepEP hybrid kernel selection: unordered
DeepEP hybrid kernel selection: unordered
DeepEP hybrid kernel selection: unordered
DeepEP hybrid kernel selection: unordered
DeepEP hybrid kernel selection: unordered
DeepEP hybrid kernel selection: unordered
DeepEP hybrid kernel selection: unordered
Config:
 > Ranks: 2 x 8
 > Experts: 8/256
 > Tokens: 128 (max: 128), hidden: 7168
 > #SM: 12, #QPs: 11/11

Running all test cases:
 > Testing with do_handle_copy=1, expert_alignment=128, use_fp8_dispatch=1, num_bias=0, with_previous_event=0, async_with_compute_stream=0, allocate_on_comm_stream=0 ...
USDT:2026-08-31 10:02:48 488:488 SyncActivityProfilerHandler.cpp:52] profiler_startUSDT:2026-08-31 10:02:48 494:494 SyncActivityProfilerHandler.cpp:52] profiler_startUSDT:2026-08-31 10:02:48 492:492 SyncActivityProfilerHandler.cpp:52] profiler_startUSDT:2026-08-31 10:02:48 495:495 SyncActivityProfilerHandler.cpp:52] profiler_startUSDT:2026-08-31 10:02:48 491:491 SyncActivityProfilerHandler.cpp:52] profiler_startUSDT:2026-08-31 10:02:48 493:493 SyncActivityProfilerHandler.cpp:52] profiler_start
USDT:2026-08-31 10:02:48 490:490 SyncActivityProfilerHandler.cpp:52] profiler_start





USDT:2026-08-31 10:02:48 489:489 SyncActivityProfilerHandler.cpp:52] profiler_start
USDT:2026-08-31 10:02:49 495:495 SyncActivityProfilerHandler.cpp:59] profiler_stop
USDT:2026-08-31 10:02:49 492:492 SyncActivityProfilerHandler.cpp:59] profiler_stopUSDT:2026-08-31 10:02:49 489:489 SyncActivityProfilerHandler.cpp:59] profiler_stop
USDT:2026-08-31 10:02:49 493:493 SyncActivityProfilerHandler.cpp:59] profiler_stopUSDT:2026-08-31 10:02:49 494:494 SyncActivityProfilerHandler.cpp:59] profiler_stop
USDT:2026-08-31 10:02:49 488:488 SyncActivityProfilerHandler.cpp:59] profiler_stopUSDT:2026-08-31 10:02:49 491:491 SyncActivityProfilerHandler.cpp:59] profiler_stop



USDT:2026-08-31 10:02:49 490:490 SyncActivityProfilerHandler.cpp:59] profiler_stop
   * EP:   6/16 | dispatch: 12 GB/s (SO), 39 GB/s (SU), 152.680 us, 5937984 bytes | copy: 1486 GB/s, 7.992 us
   * EP:   4/16 | dispatch: 12 GB/s (SO), 37 GB/s (SU), 152.714 us, 5623488 bytes | copy: 1909 GB/s, 5.892 us
   * EP:   7/16 | dispatch: 12 GB/s (SO), 39 GB/s (SU), 152.568 us, 5937984 bytes | copy: 1299 GB/s, 9.142 us
   * EP:   0/16 | dispatch: 13 GB/s (SO), 38 GB/s (SU), 152.630 us, 5750784 bytes | copy: 1001 GB/s, 11.491 us
   * EP:   5/16 | dispatch: 12 GB/s (SO), 37 GB/s (SU), 152.673 us, 5705856 bytes | copy: 1358 GB/s, 8.401 us
   * EP:   3/16 | dispatch: 12 GB/s (SO), 38 GB/s (SU), 152.865 us, 5855616 bytes | copy: 1097 GB/s, 10.679 us
   * EP:   2/16 | dispatch: 12 GB/s (SO), 38 GB/s (SU), 152.790 us, 5840640 bytes | copy: 945 GB/s, 12.355 us
   * EP:   1/16 | dispatch: 12 GB/s (SO), 37 GB/s (SU), 152.702 us, 5720832 bytes | copy: 974 GB/s, 11.753 us
USDT:2026-08-31 10:02:49 492:492 SyncActivityProfilerHandler.cpp:52] profiler_startUSDT:2026-08-31 10:02:49 488:488 SyncActivityProfilerHandler.cpp:52] profiler_startUSDT:2026-08-31 10:02:49 494:494 SyncActivityProfilerHandler.cpp:52] profiler_startUSDT:2026-08-31 10:02:49 495:495 SyncActivityProfilerHandler.cpp:52] profiler_startUSDT:2026-08-31 10:02:49 490:490 SyncActivityProfilerHandler.cpp:52] profiler_startUSDT:2026-08-31 10:02:49 491:491 SyncActivityProfilerHandler.cpp:52] profiler_start
USDT:2026-08-31 10:02:49 493:493 SyncActivityProfilerHandler.cpp:52] profiler_start


USDT:2026-08-31 10:02:49 489:489 SyncActivityProfilerHandler.cpp:52] profiler_start



USDT:2026-08-31 10:02:50 489:489 SyncActivityProfilerHandler.cpp:59] profiler_stopUSDT:2026-08-31 10:02:50 495:495 SyncActivityProfilerHandler.cpp:59] profiler_stop

USDT:2026-08-31 10:02:50 488:488 SyncActivityProfilerHandler.cpp:59] profiler_stopUSDT:2026-08-31 10:02:50 492:492 SyncActivityProfilerHandler.cpp:59] profiler_stopUSDT:2026-08-31 10:02:50 490:490 SyncActivityProfilerHandler.cpp:59] profiler_stop


USDT:2026-08-31 10:02:50 491:491 SyncActivityProfilerHandler.cpp:59] profiler_stopUSDT:2026-08-31 10:02:50 494:494 SyncActivityProfilerHandler.cpp:59] profiler_stopUSDT:2026-08-31 10:02:50 493:493 SyncActivityProfilerHandler.cpp:59] profiler_stop


   - EP:   6/16 | expanded dispatch: 12 GB/s (SO), 39 GB/s (SU), 153.461 us, 5937984 bytes | copy: 2343 GB/s, 8.890 us
   - EP:   3/16 | expanded dispatch: 12 GB/s (SO), 38 GB/s (SU), 153.671 us, 5855616 bytes | copy: 1512 GB/s, 13.665 us
   - EP:   5/16 | expanded dispatch: 12 GB/s (SO), 37 GB/s (SU), 153.482 us, 5705856 bytes | copy: 1867 GB/s, 11.002 us
   - EP:   4/16 | expanded dispatch: 12 GB/s (SO), 37 GB/s (SU), 153.512 us, 5623488 bytes | copy: 2639 GB/s, 7.748 us
   - EP:   0/16 | expanded dispatch: 12 GB/s (SO), 37 GB/s (SU), 153.504 us, 5750784 bytes | copy: 1616 GB/s, 12.742 us
   - EP:   7/16 | expanded dispatch: 12 GB/s (SO), 39 GB/s (SU), 153.443 us, 5937984 bytes | copy: 2007 GB/s, 10.320 us
   - EP:   2/16 | expanded dispatch: 12 GB/s (SO), 38 GB/s (SU), 153.615 us, 5840640 bytes | copy: 1545 GB/s, 13.399 us
   - EP:   1/16 | expanded dispatch: 12 GB/s (SO), 37 GB/s (SU), 153.571 us, 5720832 bytes | copy: 1604 GB/s, 12.788 us
USDT:2026-08-31 10:02:50 490:490 SyncActivityProfilerHandler.cpp:52] profiler_startUSDT:2026-08-31 10:02:50 489:489 SyncActivityProfilerHandler.cpp:52] profiler_startUSDT:2026-08-31 10:02:50 493:493 SyncActivityProfilerHandler.cpp:52] profiler_startUSDT:2026-08-31 10:02:50 492:492 SyncActivityProfilerHandler.cpp:52] profiler_startUSDT:2026-08-31 10:02:50 495:495 SyncActivityProfilerHandler.cpp:52] profiler_startUSDT:2026-08-31 10:02:50 488:488 SyncActivityProfilerHandler.cpp:52] profiler_start
USDT:2026-08-31 10:02:50 491:491 SyncActivityProfilerHandler.cpp:52] profiler_start





USDT:2026-08-31 10:02:50 494:494 SyncActivityProfilerHandler.cpp:52] profiler_start
USDT:2026-08-31 10:02:50 491:491 SyncActivityProfilerHandler.cpp:59] profiler_stopUSDT:2026-08-31 10:02:50 492:492 SyncActivityProfilerHandler.cpp:59] profiler_stop
USDT:2026-08-31 10:02:50 495:495 SyncActivityProfilerHandler.cpp:59] profiler_stopUSDT:2026-08-31 10:02:50 488:488 SyncActivityProfilerHandler.cpp:59] profiler_stop
USDT:2026-08-31 10:02:50 493:493 SyncActivityProfilerHandler.cpp:59] profiler_stopUSDT:2026-08-31 10:02:50 489:489 SyncActivityProfilerHandler.cpp:59] profiler_stop

USDT:2026-08-31 10:02:50 490:490 SyncActivityProfilerHandler.cpp:59] profiler_stopUSDT:2026-08-31 10:02:50 494:494 SyncActivityProfilerHandler.cpp:59] profiler_stop



   # EP:   0/16 | cached dispatch: 13 GB/s (SO), 39 GB/s (SU), 145.780 us, 5750784 bytes | copy: 985 GB/s, 11.676 us
   # EP:   3/16 | cached dispatch: 13 GB/s (SO), 40 GB/s (SU), 145.957 us, 5855616 bytes | copy: 1009 GB/s, 11.603 us
   # EP:   7/16 | cached dispatch: 12 GB/s (SO), 41 GB/s (SU), 145.815 us, 5937984 bytes | copy: 1600 GB/s, 7.424 us
   # EP:   5/16 | cached dispatch: 13 GB/s (SO), 39 GB/s (SU), 145.757 us, 5705856 bytes | copy: 1443 GB/s, 7.907 us
   # EP:   6/16 | cached dispatch: 12 GB/s (SO), 41 GB/s (SU), 145.884 us, 5937984 bytes | copy: 1503 GB/s, 7.903 us
   # EP:   2/16 | cached dispatch: 13 GB/s (SO), 40 GB/s (SU), 145.883 us, 5840640 bytes | copy: 1196 GB/s, 9.770 us
   # EP:   1/16 | cached dispatch: 13 GB/s (SO), 39 GB/s (SU), 145.881 us, 5720832 bytes | copy: 1141 GB/s, 10.027 us
   # EP:   4/16 | cached dispatch: 13 GB/s (SO), 39 GB/s (SU), 145.742 us, 5623488 bytes | copy: 2187 GB/s, 5.142 us
USDT:2026-08-31 10:02:51 495:495 SyncActivityProfilerHandler.cpp:52] profiler_startUSDT:2026-08-31 10:02:51 492:492 SyncActivityProfilerHandler.cpp:52] profiler_startUSDT:2026-08-31 10:02:51 489:489 SyncActivityProfilerHandler.cpp:52] profiler_startUSDT:2026-08-31 10:02:51 493:493 SyncActivityProfilerHandler.cpp:52] profiler_startUSDT:2026-08-31 10:02:51 488:488 SyncActivityProfilerHandler.cpp:52] profiler_start



USDT:2026-08-31 10:02:51 491:491 SyncActivityProfilerHandler.cpp:52] profiler_startUSDT:2026-08-31 10:02:51 490:490 SyncActivityProfilerHandler.cpp:52] profiler_start
USDT:2026-08-31 10:02:51 494:494 SyncActivityProfilerHandler.cpp:52] profiler_start


USDT:2026-08-31 10:02:51 491:491 SyncActivityProfilerHandler.cpp:59] profiler_stopUSDT:2026-08-31 10:02:51 492:492 SyncActivityProfilerHandler.cpp:59] profiler_stopUSDT:2026-08-31 10:02:51 489:489 SyncActivityProfilerHandler.cpp:59] profiler_stopUSDT:2026-08-31 10:02:51 488:488 SyncActivityProfilerHandler.cpp:59] profiler_stop

USDT:2026-08-31 10:02:51 495:495 SyncActivityProfilerHandler.cpp:59] profiler_stop

USDT:2026-08-31 10:02:51 490:490 SyncActivityProfilerHandler.cpp:59] profiler_stop

USDT:2026-08-31 10:02:51 494:494 SyncActivityProfilerHandler.cpp:59] profiler_stop
USDT:2026-08-31 10:02:51 493:493 SyncActivityProfilerHandler.cpp:59] profiler_stop
   @ EP:   0/16 | combine: 22 GB/s (SO), 66 GB/s (SU), 167.227 us, 11034624 bytes | reduce: 1035 GB/s, 5.316 us
   @ EP:   3/16 | combine: 21 GB/s (SO), 67 GB/s (SU), 168.007 us, 11235776 bytes | reduce: 972 GB/s, 5.544 us
   @ EP:   7/16 | combine: 21 GB/s (SO), 68 GB/s (SU), 167.462 us, 11393824 bytes | reduce: 911 GB/s, 5.722 us
   @ EP:   6/16 | combine: 21 GB/s (SO), 68 GB/s (SU), 168.303 us, 11393824 bytes | reduce: 934 GB/s, 5.584 us   @ EP:   5/16 | combine: 21 GB/s (SO), 65 GB/s (SU), 167.953 us, 10948416 bytes | reduce: 955 GB/s, 5.539 us

   @ EP:   2/16 | combine: 21 GB/s (SO), 66 GB/s (SU), 168.650 us, 11207040 bytes | reduce: 949 GB/s, 5.721 us
   @ EP:   4/16 | combine: 21 GB/s (SO), 64 GB/s (SU), 167.401 us, 10790368 bytes | reduce: 996 GB/s, 5.340 us
   @ EP:   1/16 | combine: 22 GB/s (SO), 65 GB/s (SU), 169.171 us, 10977152 bytes | reduce: 957 GB/s, 5.718 us
USDT:2026-08-31 10:02:52 495:495 SyncActivityProfilerHandler.cpp:52] profiler_startUSDT:2026-08-31 10:02:52 492:492 SyncActivityProfilerHandler.cpp:52] profiler_startUSDT:2026-08-31 10:02:52 488:488 SyncActivityProfilerHandler.cpp:52] profiler_startUSDT:2026-08-31 10:02:52 490:490 SyncActivityProfilerHandler.cpp:52] profiler_start


USDT:2026-08-31 10:02:52 491:491 SyncActivityProfilerHandler.cpp:52] profiler_startUSDT:2026-08-31 10:02:52 494:494 SyncActivityProfilerHandler.cpp:52] profiler_start
USDT:2026-08-31 10:02:52 493:493 SyncActivityProfilerHandler.cpp:52] profiler_start

USDT:2026-08-31 10:02:52 489:489 SyncActivityProfilerHandler.cpp:52] profiler_start

USDT:2026-08-31 10:02:52 495:495 SyncActivityProfilerHandler.cpp:59] profiler_stopUSDT:2026-08-31 10:02:52 488:488 SyncActivityProfilerHandler.cpp:59] profiler_stop

USDT:2026-08-31 10:02:52 492:492 SyncActivityProfilerHandler.cpp:59] profiler_stopUSDT:2026-08-31 10:02:52 491:491 SyncActivityProfilerHandler.cpp:59] profiler_stop
USDT:2026-08-31 10:02:52 489:489 SyncActivityProfilerHandler.cpp:59] profiler_stop
USDT:2026-08-31 10:02:52 490:490 SyncActivityProfilerHandler.cpp:59] profiler_stop

USDT:2026-08-31 10:02:52 493:493 SyncActivityProfilerHandler.cpp:59] profiler_stop
USDT:2026-08-31 10:02:52 494:494 SyncActivityProfilerHandler.cpp:59] profiler_stop
   + EP:   0/16 | reduced combine: 21 GB/s (SO), 63 GB/s (SU), 174.787 us, 11034624 bytes | reduce: 1012 GB/s, 5.440 us
   + EP:   4/16 | reduced combine: 20 GB/s (SO), 62 GB/s (SU), 174.309 us, 10790368 bytes | reduce: 998 GB/s, 5.326 us
   + EP:   7/16 | reduced combine: 20 GB/s (SO), 65 GB/s (SU), 175.254 us, 11393824 bytes | reduce: 894 GB/s, 5.834 us
   + EP:   6/16 | reduced combine: 19 GB/s (SO), 64 GB/s (SU), 177.798 us, 11393824 bytes | reduce: 913 GB/s, 5.714 us
   + EP:   1/16 | reduced combine: 21 GB/s (SO), 62 GB/s (SU), 177.106 us, 10977152 bytes | reduce: 940 GB/s, 5.823 us
   + EP:   5/16 | reduced combine: 20 GB/s (SO), 63 GB/s (SU), 174.845 us, 10948416 bytes | reduce: 937 GB/s, 5.643 us
   + EP:   3/16 | reduced combine: 20 GB/s (SO), 64 GB/s (SU), 175.731 us, 11235776 bytes | reduce: 994 GB/s, 5.422 us
   + EP:   2/16 | reduced combine: 21 GB/s (SO), 64 GB/s (SU), 176.317 us, 11207040 bytes | reduce: 948 GB/s, 5.730 us


