=== EP_NIC_NAME=rdmap110s0 (auto, 200 Gb/s) ===
=== GIN: NCCL_GIN_TYPE=5 NCCL_SYM_GIN_KERNELS_ENABLE=0 ===
=== PREFER_OVERLAP=0 (--prefer-overlap-with-compute) ===
=== IMAGE=deepep-v2-efa-official:sm90-54fffef  DeepEP=54fffeff810723f574c574b1790dff189f3c6ffb ===
+ docker run --rm --init --gpus all --privileged --network=host --ipc=host --ulimit memlock=-1 --ulimit stack=67108864 --device=/dev/infiniband --device=/dev/gdrdrv -v /sys/class/infiniband:/sys/class/infiniband:ro -e MASTER_ADDR=172.31.11.137 -e MASTER_PORT=8733 -e WORLD_SIZE=2 -e RANK=1 -e NCCL_DEBUG=WARN -e EP_NIC_NAME=rdmap110s0 -e NCCL_GIN_TYPE=5 -e NCCL_SYM_GIN_KERNELS_ENABLE=0 -e PYTHONUNBUFFERED=1 -e PYTHONFAULTHANDLER=1 deepep-v2-efa-official:sm90-54fffef bash -lc 'timeout -s ABRT --kill-after=60 1800     python3 -u /opt/DeepEP/tests/elastic/test_ep.py     --num-processes=8 --num-tokens=8192     --hidden=7168 --num-topk=8 --num-experts=256     --num-sms=12 --allow-hybrid-mode=1     --prefer-overlap-with-compute=0 --test-first-only      '

==========
== CUDA ==
==========

CUDA Version 13.0.2

Container image Copyright (c) 2016-2023, NVIDIA CORPORATION & AFFILIATES. All rights reserved.

This container image and its contents are governed by the NVIDIA Deep Learning Container License.
By pulling and using the container, you accept the terms and conditions of this license:
https://developer.nvidia.com/ngc/nvidia-deep-learning-container-license

A copy of this license is made available in this container at /NGC-DL-CONTAINER-LICENSE for your convenience.

DeepEP hybrid kernel selection: unordered
DeepEP hybrid kernel selection: unordered
DeepEP hybrid kernel selection: unordered
DeepEP hybrid kernel selection: unordered
DeepEP hybrid kernel selection: unordered
DeepEP hybrid kernel selection: unordered
DeepEP hybrid kernel selection: unordered
DeepEP hybrid kernel selection: unordered
DeepEP hybrid kernel selection: unordered
DeepEP hybrid kernel selection: unordered
DeepEP hybrid kernel selection: unordered
DeepEP hybrid kernel selection: unordered
DeepEP hybrid kernel selection: unordered
DeepEP hybrid kernel selection: unordered
DeepEP hybrid kernel selection: unordered
DeepEP hybrid kernel selection: unordered
Config:
 > Ranks: 2 x 8
 > Experts: 8/256
 > Tokens: 8184 (max: 8192), hidden: 7168
 > #SM: 12, #QPs: 11/11

Running all test cases:
 > Testing with do_handle_copy=1, expert_alignment=128, use_fp8_dispatch=1, num_bias=0, with_previous_event=0, async_with_compute_stream=0, allocate_on_comm_stream=0 ...
USDT:2026-08-31 09:52:31 488:488 SyncActivityProfilerHandler.cpp:52] profiler_startUSDT:2026-08-31 09:52:31 490:490 SyncActivityProfilerHandler.cpp:52] profiler_startUSDT:2026-08-31 09:52:31 493:493 SyncActivityProfilerHandler.cpp:52] profiler_startUSDT:2026-08-31 09:52:31 491:491 SyncActivityProfilerHandler.cpp:52] profiler_start



USDT:2026-08-31 09:52:31 487:487 SyncActivityProfilerHandler.cpp:52] profiler_startUSDT:2026-08-31 09:52:31 494:494 SyncActivityProfilerHandler.cpp:52] profiler_startUSDT:2026-08-31 09:52:31 489:489 SyncActivityProfilerHandler.cpp:52] profiler_startUSDT:2026-08-31 09:52:31 492:492 SyncActivityProfilerHandler.cpp:52] profiler_start



USDT:2026-08-31 09:52:31 494:494 SyncActivityProfilerHandler.cpp:59] profiler_stopUSDT:2026-08-31 09:52:31 490:490 SyncActivityProfilerHandler.cpp:59] profiler_stopUSDT:2026-08-31 09:52:31 488:488 SyncActivityProfilerHandler.cpp:59] profiler_stopUSDT:2026-08-31 09:52:31 487:487 SyncActivityProfilerHandler.cpp:59] profiler_stopUSDT:2026-08-31 09:52:31 492:492 SyncActivityProfilerHandler.cpp:59] profiler_stopUSDT:2026-08-31 09:52:31 493:493 SyncActivityProfilerHandler.cpp:59] profiler_stopUSDT:2026-08-31 09:52:31 491:491 SyncActivityProfilerHandler.cpp:59] profiler_stop

USDT:2026-08-31 09:52:31 489:489 SyncActivityProfilerHandler.cpp:59] profiler_stop





   * EP:  15/16 | dispatch: 81 GB/s (SO), 267 GB/s (SU), 1505.000 us, 401903424 bytes | copy: 3281 GB/s, 245.010 us
   * EP:  14/16 | dispatch: 81 GB/s (SO), 266 GB/s (SU), 1505.000 us, 400525632 bytes | copy: 3255 GB/s, 246.068 us
   * EP:  11/16 | dispatch: 81 GB/s (SO), 266 GB/s (SU), 1505.000 us, 400203648 bytes | copy: 3221 GB/s, 248.471 us
   * EP:  12/16 | dispatch: 81 GB/s (SO), 267 GB/s (SU), 1505.000 us, 401401728 bytes | copy: 3264 GB/s, 245.957 us
   * EP:  10/16 | dispatch: 81 GB/s (SO), 267 GB/s (SU), 1505.000 us, 401289408 bytes | copy: 3281 GB/s, 244.589 us
   * EP:   8/16 | dispatch: 81 GB/s (SO), 266 GB/s (SU), 1505.000 us, 400166208 bytes | copy: 3299 GB/s, 242.607 us
   * EP:  13/16 | dispatch: 81 GB/s (SO), 265 GB/s (SU), 1505.000 us, 398728512 bytes | copy: 3301 GB/s, 241.612 us
   * EP:   9/16 | dispatch: 81 GB/s (SO), 265 GB/s (SU), 1505.000 us, 398795904 bytes | copy: 3300 GB/s, 241.720 us
USDT:2026-08-31 09:52:32 488:488 SyncActivityProfilerHandler.cpp:52] profiler_start
USDT:2026-08-31 09:52:32 492:492 SyncActivityProfilerHandler.cpp:52] profiler_startUSDT:2026-08-31 09:52:32 487:487 SyncActivityProfilerHandler.cpp:52] profiler_startUSDT:2026-08-31 09:52:32 494:494 SyncActivityProfilerHandler.cpp:52] profiler_startUSDT:2026-08-31 09:52:32 489:489 SyncActivityProfilerHandler.cpp:52] profiler_startUSDT:2026-08-31 09:52:32 493:493 SyncActivityProfilerHandler.cpp:52] profiler_startUSDT:2026-08-31 09:52:32 490:490 SyncActivityProfilerHandler.cpp:52] profiler_start





USDT:2026-08-31 09:52:32 491:491 SyncActivityProfilerHandler.cpp:52] profiler_start
USDT:2026-08-31 09:52:32 488:488 SyncActivityProfilerHandler.cpp:59] profiler_stopUSDT:2026-08-31 09:52:32 490:490 SyncActivityProfilerHandler.cpp:59] profiler_stopUSDT:2026-08-31 09:52:32 493:493 SyncActivityProfilerHandler.cpp:59] profiler_stop

USDT:2026-08-31 09:52:32 492:492 SyncActivityProfilerHandler.cpp:59] profiler_stopUSDT:2026-08-31 09:52:32 487:487 SyncActivityProfilerHandler.cpp:59] profiler_stopUSDT:2026-08-31 09:52:32 489:489 SyncActivityProfilerHandler.cpp:59] profiler_stop
USDT:2026-08-31 09:52:32 491:491 SyncActivityProfilerHandler.cpp:59] profiler_stop
USDT:2026-08-31 09:52:32 494:494 SyncActivityProfilerHandler.cpp:59] profiler_stop



   - EP:  14/16 | expanded dispatch: 81 GB/s (SO), 266 GB/s (SU), 1508.000 us, 400525632 bytes | copy: 2791 GB/s, 323.183 us
   - EP:  15/16 | expanded dispatch: 81 GB/s (SO), 267 GB/s (SU), 1508.000 us, 401903424 bytes | copy: 2850 GB/s, 317.373 us
   - EP:  11/16 | expanded dispatch: 81 GB/s (SO), 265 GB/s (SU), 1508.000 us, 400203648 bytes | copy: 2852 GB/s, 316.010 us
   - EP:  10/16 | expanded dispatch: 81 GB/s (SO), 266 GB/s (SU), 1508.000 us, 401289408 bytes | copy: 2823 GB/s, 319.668 us
   - EP:   8/16 | expanded dispatch: 81 GB/s (SO), 265 GB/s (SU), 1508.000 us, 400166208 bytes | copy: 2872 GB/s, 314.144 us
   - EP:   9/16 | expanded dispatch: 81 GB/s (SO), 264 GB/s (SU), 1508.000 us, 398795904 bytes | copy: 2809 GB/s, 318.643 us
   - EP:  13/16 | expanded dispatch: 81 GB/s (SO), 264 GB/s (SU), 1508.000 us, 398728512 bytes | copy: 2782 GB/s, 322.468 us   - EP:  12/16 | expanded dispatch: 81 GB/s (SO), 266 GB/s (SU), 1508.000 us, 401401728 bytes | copy: 2799 GB/s, 322.799 us

USDT:2026-08-31 09:52:33 493:493 SyncActivityProfilerHandler.cpp:52] profiler_startUSDT:2026-08-31 09:52:33 490:490 SyncActivityProfilerHandler.cpp:52] profiler_startUSDT:2026-08-31 09:52:33 489:489 SyncActivityProfilerHandler.cpp:52] profiler_startUSDT:2026-08-31 09:52:33 494:494 SyncActivityProfilerHandler.cpp:52] profiler_start
USDT:2026-08-31 09:52:33 487:487 SyncActivityProfilerHandler.cpp:52] profiler_startUSDT:2026-08-31 09:52:33 488:488 SyncActivityProfilerHandler.cpp:52] profiler_startUSDT:2026-08-31 09:52:33 492:492 SyncActivityProfilerHandler.cpp:52] profiler_startUSDT:2026-08-31 09:52:33 491:491 SyncActivityProfilerHandler.cpp:52] profiler_start






USDT:2026-08-31 09:52:33 492:492 SyncActivityProfilerHandler.cpp:59] profiler_stopUSDT:2026-08-31 09:52:33 487:487 SyncActivityProfilerHandler.cpp:59] profiler_stop
USDT:2026-08-31 09:52:33 494:494 SyncActivityProfilerHandler.cpp:59] profiler_stop

USDT:2026-08-31 09:52:33 491:491 SyncActivityProfilerHandler.cpp:59] profiler_stop
USDT:2026-08-31 09:52:33 488:488 SyncActivityProfilerHandler.cpp:59] profiler_stopUSDT:2026-08-31 09:52:33 490:490 SyncActivityProfilerHandler.cpp:59] profiler_stop

USDT:2026-08-31 09:52:33 493:493 SyncActivityProfilerHandler.cpp:59] profiler_stop
USDT:2026-08-31 09:52:33 489:489 SyncActivityProfilerHandler.cpp:59] profiler_stop
   # EP:  14/16 | cached dispatch: 76 GB/s (SO), 251 GB/s (SU), 1597.000 us, 400525632 bytes | copy: 3361 GB/s, 238.322 us
   # EP:  15/16 | cached dispatch: 76 GB/s (SO), 252 GB/s (SU), 1597.000 us, 401903424 bytes | copy: 3350 GB/s, 239.952 us
   # EP:  10/16 | cached dispatch: 76 GB/s (SO), 251 GB/s (SU), 1597.000 us, 401289408 bytes | copy: 3349 GB/s, 239.654 us
   # EP:  11/16 | cached dispatch: 76 GB/s (SO), 251 GB/s (SU), 1597.000 us, 400203648 bytes | copy: 3349 GB/s, 238.989 us
   # EP:   8/16 | cached dispatch: 77 GB/s (SO), 251 GB/s (SU), 1597.000 us, 400166208 bytes | copy: 3322 GB/s, 240.934 us
   # EP:  13/16 | cached dispatch: 76 GB/s (SO), 250 GB/s (SU), 1597.000 us, 398728512 bytes | copy: 3363 GB/s, 237.099 us
   # EP:  12/16 | cached dispatch: 76 GB/s (SO), 251 GB/s (SU), 1597.000 us, 401401728 bytes | copy: 3339 GB/s, 240.463 us
   # EP:   9/16 | cached dispatch: 76 GB/s (SO), 250 GB/s (SU), 1597.000 us, 398795904 bytes | copy: 3382 GB/s, 235.858 us
USDT:2026-08-31 09:52:34 492:492 SyncActivityProfilerHandler.cpp:52] profiler_startUSDT:2026-08-31 09:52:34 487:487 SyncActivityProfilerHandler.cpp:52] profiler_start

USDT:2026-08-31 09:52:34 490:490 SyncActivityProfilerHandler.cpp:52] profiler_start
USDT:2026-08-31 09:52:34 491:491 SyncActivityProfilerHandler.cpp:52] profiler_startUSDT:2026-08-31 09:52:34 494:494 SyncActivityProfilerHandler.cpp:52] profiler_start

USDT:2026-08-31 09:52:34 493:493 SyncActivityProfilerHandler.cpp:52] profiler_start
USDT:2026-08-31 09:52:34 489:489 SyncActivityProfilerHandler.cpp:52] profiler_start
USDT:2026-08-31 09:52:34 488:488 SyncActivityProfilerHandler.cpp:52] profiler_start
USDT:2026-08-31 09:52:34 492:492 SyncActivityProfilerHandler.cpp:59] profiler_stopUSDT:2026-08-31 09:52:34 487:487 SyncActivityProfilerHandler.cpp:59] profiler_stop

USDT:2026-08-31 09:52:34 490:490 SyncActivityProfilerHandler.cpp:59] profiler_stop
USDT:2026-08-31 09:52:34 491:491 SyncActivityProfilerHandler.cpp:59] profiler_stop
USDT:2026-08-31 09:52:34 494:494 SyncActivityProfilerHandler.cpp:59] profiler_stop
USDT:2026-08-31 09:52:34 489:489 SyncActivityProfilerHandler.cpp:59] profiler_stop
USDT:2026-08-31 09:52:34 493:493 SyncActivityProfilerHandler.cpp:59] profiler_stop
USDT:2026-08-31 09:52:34 488:488 SyncActivityProfilerHandler.cpp:59] profiler_stop
   @ EP:   9/16 | combine: 62 GB/s (SO), 201 GB/s (SU), 3806.000 us, 765210944 bytes | reduce: 3675 GB/s, 95.767 us
   @ EP:   8/16 | combine: 73 GB/s (SO), 239 GB/s (SU), 3211.000 us, 767840288 bytes | reduce: 3667 GB/s, 95.997 us
   @ EP:  11/16 | combine: 72 GB/s (SO), 237 GB/s (SU), 3242.000 us, 767912128 bytes | reduce: 3666 GB/s, 95.974 us
   @ EP:  12/16 | combine: 72 GB/s (SO), 235 GB/s (SU), 3271.000 us, 770211008 bytes | reduce: 3666 GB/s, 95.953 us
   @ EP:  14/16 | combine: 71 GB/s (SO), 234 GB/s (SU), 3288.000 us, 768529952 bytes | reduce: 3666 GB/s, 95.979 us
   @ EP:  13/16 | combine: 73 GB/s (SO), 239 GB/s (SU), 3198.000 us, 765081632 bytes | reduce: 3665 GB/s, 96.005 us   @ EP:  10/16 | combine: 70 GB/s (SO), 230 GB/s (SU), 3350.000 us, 769995488 bytes | reduce: 3655 GB/s, 96.290 us

   @ EP:  15/16 | combine: 72 GB/s (SO), 237 GB/s (SU), 3260.000 us, 771173664 bytes | reduce: 3669 GB/s, 95.789 us
USDT:2026-08-31 09:52:35 487:487 SyncActivityProfilerHandler.cpp:52] profiler_start
USDT:2026-08-31 09:52:35 494:494 SyncActivityProfilerHandler.cpp:52] profiler_start
USDT:2026-08-31 09:52:35 492:492 SyncActivityProfilerHandler.cpp:52] profiler_start
USDT:2026-08-31 09:52:35 489:489 SyncActivityProfilerHandler.cpp:52] profiler_start
USDT:2026-08-31 09:52:35 488:488 SyncActivityProfilerHandler.cpp:52] profiler_startUSDT:2026-08-31 09:52:35 493:493 SyncActivityProfilerHandler.cpp:52] profiler_start

USDT:2026-08-31 09:52:35 490:490 SyncActivityProfilerHandler.cpp:52] profiler_start
USDT:2026-08-31 09:52:35 491:491 SyncActivityProfilerHandler.cpp:52] profiler_start
USDT:2026-08-31 09:52:35 487:487 SyncActivityProfilerHandler.cpp:59] profiler_stop
USDT:2026-08-31 09:52:35 494:494 SyncActivityProfilerHandler.cpp:59] profiler_stopUSDT:2026-08-31 09:52:35 492:492 SyncActivityProfilerHandler.cpp:59] profiler_stop

USDT:2026-08-31 09:52:35 489:489 SyncActivityProfilerHandler.cpp:59] profiler_stopUSDT:2026-08-31 09:52:35 488:488 SyncActivityProfilerHandler.cpp:59] profiler_stop

USDT:2026-08-31 09:52:35 493:493 SyncActivityProfilerHandler.cpp:59] profiler_stopUSDT:2026-08-31 09:52:35 490:490 SyncActivityProfilerHandler.cpp:59] profiler_stop

USDT:2026-08-31 09:52:35 491:491 SyncActivityProfilerHandler.cpp:59] profiler_stop
   + EP:  13/16 | reduced combine: 58 GB/s (SO), 189 GB/s (SU), 4050.000 us, 765081632 bytes | reduce: 3670 GB/s, 95.863 us   + EP:   8/16 | reduced combine: 59 GB/s (SO), 192 GB/s (SU), 3995.000 us, 767840288 bytes | reduce: 3682 GB/s, 95.606 us

   + EP:  10/16 | reduced combine: 58 GB/s (SO), 190 GB/s (SU), 4045.000 us, 769995488 bytes | reduce: 3672 GB/s, 95.828 us   + EP:   9/16 | reduced combine: 57 GB/s (SO), 187 GB/s (SU), 4082.000 us, 765210944 bytes | reduce: 3680 GB/s, 95.643 us

   + EP:  14/16 | reduced combine: 57 GB/s (SO), 188 GB/s (SU), 4083.000 us, 768529952 bytes | reduce: 3668 GB/s, 95.924 us
   + EP:  15/16 | reduced combine: 58 GB/s (SO), 191 GB/s (SU), 4033.000 us, 771173664 bytes | reduce: 3690 GB/s, 95.241 us
   + EP:  11/16 | reduced combine: 57 GB/s (SO), 187 GB/s (SU), 4104.000 us, 767912128 bytes | reduce: 3677 GB/s, 95.687 us
   + EP:  12/16 | reduced combine: 54 GB/s (SO), 178 GB/s (SU), 4336.000 us, 770211008 bytes | reduce: 3665 GB/s, 95.971 us


