=== EP_NIC_NAME=rdmap110s0 (auto, 200 Gb/s) ===
=== GIN: NCCL_GIN_TYPE=5 NCCL_SYM_GIN_KERNELS_ENABLE=0 ===
=== PREFER_OVERLAP=1 (--prefer-overlap-with-compute) ===
=== IMAGE=deepep-v2-efa-official:sm90-54fffef  DeepEP=54fffeff810723f574c574b1790dff189f3c6ffb ===
+ docker run --rm --init --gpus all --privileged --network=host --ipc=host --ulimit memlock=-1 --ulimit stack=67108864 --device=/dev/infiniband --device=/dev/gdrdrv -v /sys/class/infiniband:/sys/class/infiniband:ro -e MASTER_ADDR=172.31.11.137 -e MASTER_PORT=8742 -e WORLD_SIZE=2 -e RANK=0 -e NCCL_DEBUG=WARN -e EP_NIC_NAME=rdmap110s0 -e NCCL_GIN_TYPE=5 -e NCCL_SYM_GIN_KERNELS_ENABLE=0 -e PYTHONUNBUFFERED=1 -e PYTHONFAULTHANDLER=1 deepep-v2-efa-official:sm90-54fffef bash -lc 'timeout -s ABRT --kill-after=60 1800     python3 -u /opt/DeepEP/tests/elastic/test_ep.py     --num-processes=8 --num-tokens=8192     --hidden=7168 --num-topk=8 --num-experts=256     --num-sms=12 --allow-hybrid-mode=1     --prefer-overlap-with-compute=1 --test-first-only      '

==========
== CUDA ==
==========

CUDA Version 13.0.2

Container image Copyright (c) 2016-2023, NVIDIA CORPORATION & AFFILIATES. All rights reserved.

This container image and its contents are governed by the NVIDIA Deep Learning Container License.
By pulling and using the container, you accept the terms and conditions of this license:
https://developer.nvidia.com/ngc/nvidia-deep-learning-container-license

A copy of this license is made available in this container at /NGC-DL-CONTAINER-LICENSE for your convenience.

NCCL version 2.31.2+cuda13.3
DeepEP hybrid kernel selection: unordered
DeepEP hybrid kernel selection: unordered
DeepEP hybrid kernel selection: unordered
DeepEP hybrid kernel selection: unordered
DeepEP hybrid kernel selection: unordered
DeepEP hybrid kernel selection: unordered
DeepEP hybrid kernel selection: unordered
DeepEP hybrid kernel selection: unordered
DeepEP hybrid kernel selection: unordered
DeepEP hybrid kernel selection: unordered
DeepEP hybrid kernel selection: unordered
DeepEP hybrid kernel selection: unordered
DeepEP hybrid kernel selection: unordered
DeepEP hybrid kernel selection: unordered
DeepEP hybrid kernel selection: unordered
DeepEP hybrid kernel selection: unordered
Config:
 > Ranks: 2 x 8
 > Experts: 8/256
 > Tokens: 8192 (max: 8192), hidden: 7168
 > #SM: 12, #QPs: 11/11

Running all test cases:
 > Testing with do_handle_copy=1, expert_alignment=128, use_fp8_dispatch=1, num_bias=0, with_previous_event=0, async_with_compute_stream=0, allocate_on_comm_stream=0 ...
USDT:2026-08-31 10:11:00 493:493 SyncActivityProfilerHandler.cpp:52] profiler_startUSDT:2026-08-31 10:11:00 491:491 SyncActivityProfilerHandler.cpp:52] profiler_start

USDT:2026-08-31 10:11:00 486:486 SyncActivityProfilerHandler.cpp:52] profiler_startUSDT:2026-08-31 10:11:00 489:489 SyncActivityProfilerHandler.cpp:52] profiler_startUSDT:2026-08-31 10:11:00 487:487 SyncActivityProfilerHandler.cpp:52] profiler_start


USDT:2026-08-31 10:11:00 488:488 SyncActivityProfilerHandler.cpp:52] profiler_startUSDT:2026-08-31 10:11:00 490:490 SyncActivityProfilerHandler.cpp:52] profiler_start

USDT:2026-08-31 10:11:00 492:492 SyncActivityProfilerHandler.cpp:52] profiler_start
USDT:2026-08-31 10:11:01 493:493 SyncActivityProfilerHandler.cpp:59] profiler_stopUSDT:2026-08-31 10:11:01 491:491 SyncActivityProfilerHandler.cpp:59] profiler_stopUSDT:2026-08-31 10:11:01 492:492 SyncActivityProfilerHandler.cpp:59] profiler_stopUSDT:2026-08-31 10:11:01 489:489 SyncActivityProfilerHandler.cpp:59] profiler_stopUSDT:2026-08-31 10:11:01 486:486 SyncActivityProfilerHandler.cpp:59] profiler_stopUSDT:2026-08-31 10:11:01 488:488 SyncActivityProfilerHandler.cpp:59] profiler_stop





USDT:2026-08-31 10:11:01 487:487 SyncActivityProfilerHandler.cpp:59] profiler_stop
USDT:2026-08-31 10:11:01 490:490 SyncActivityProfilerHandler.cpp:59] profiler_stop
   * EP:   7/16 | dispatch: 78 GB/s (SO), 254 GB/s (SU), 1571.000 us, 399252672 bytes | copy: 3217 GB/s, 248.176 us
   * EP:   3/16 | dispatch: 78 GB/s (SO), 254 GB/s (SU), 1571.000 us, 398309184 bytes | copy: 3252 GB/s, 244.963 us
   * EP:   5/16 | dispatch: 78 GB/s (SO), 255 GB/s (SU), 1571.000 us, 399821760 bytes | copy: 3305 GB/s, 241.945 us
   * EP:   6/16 | dispatch: 78 GB/s (SO), 253 GB/s (SU), 1571.000 us, 397642752 bytes | copy: 3264 GB/s, 243.668 us
   * EP:   0/16 | dispatch: 78 GB/s (SO), 252 GB/s (SU), 1571.000 us, 395942976 bytes | copy: 3257 GB/s, 243.103 us
   * EP:   1/16 | dispatch: 78 GB/s (SO), 255 GB/s (SU), 1571.000 us, 400900032 bytes | copy: 3203 GB/s, 250.321 us
   * EP:   2/16 | dispatch: 78 GB/s (SO), 254 GB/s (SU), 1571.000 us, 399155328 bytes | copy: 3166 GB/s, 252.142 us
   * EP:   4/16 | dispatch: 78 GB/s (SO), 256 GB/s (SU), 1571.000 us, 402360192 bytes | copy: 3241 GB/s, 248.274 us
USDT:2026-08-31 10:11:01 492:492 SyncActivityProfilerHandler.cpp:52] profiler_startUSDT:2026-08-31 10:11:01 491:491 SyncActivityProfilerHandler.cpp:52] profiler_startUSDT:2026-08-31 10:11:01 486:486 SyncActivityProfilerHandler.cpp:52] profiler_start


USDT:2026-08-31 10:11:01 489:489 SyncActivityProfilerHandler.cpp:52] profiler_startUSDT:2026-08-31 10:11:01 490:490 SyncActivityProfilerHandler.cpp:52] profiler_startUSDT:2026-08-31 10:11:01 493:493 SyncActivityProfilerHandler.cpp:52] profiler_start
USDT:2026-08-31 10:11:01 488:488 SyncActivityProfilerHandler.cpp:52] profiler_start


USDT:2026-08-31 10:11:01 487:487 SyncActivityProfilerHandler.cpp:52] profiler_start
USDT:2026-08-31 10:11:01 491:491 SyncActivityProfilerHandler.cpp:59] profiler_stop
USDT:2026-08-31 10:11:01 489:489 SyncActivityProfilerHandler.cpp:59] profiler_stopUSDT:2026-08-31 10:11:01 492:492 SyncActivityProfilerHandler.cpp:59] profiler_stopUSDT:2026-08-31 10:11:01 488:488 SyncActivityProfilerHandler.cpp:59] profiler_stopUSDT:2026-08-31 10:11:01 490:490 SyncActivityProfilerHandler.cpp:59] profiler_stop


USDT:2026-08-31 10:11:01 493:493 SyncActivityProfilerHandler.cpp:59] profiler_stop
USDT:2026-08-31 10:11:01 486:486 SyncActivityProfilerHandler.cpp:59] profiler_stop

USDT:2026-08-31 10:11:01 487:487 SyncActivityProfilerHandler.cpp:59] profiler_stop
   - EP:   3/16 | expanded dispatch: 78 GB/s (SO), 254 GB/s (SU), 1569.000 us, 398309184 bytes | copy: 2828 GB/s, 317.211 us
   - EP:   7/16 | expanded dispatch: 78 GB/s (SO), 254 GB/s (SU), 1569.000 us, 399252672 bytes | copy: 2822 GB/s, 316.812 us
   - EP:   6/16 | expanded dispatch: 78 GB/s (SO), 253 GB/s (SU), 1569.000 us, 397642752 bytes | copy: 2837 GB/s, 315.092 us
   - EP:   5/16 | expanded dispatch: 78 GB/s (SO), 255 GB/s (SU), 1569.000 us, 399821760 bytes | copy: 2870 GB/s, 313.748 us
   - EP:   1/16 | expanded dispatch: 78 GB/s (SO), 256 GB/s (SU), 1569.000 us, 400900032 bytes | copy: 2822 GB/s, 318.627 us
   - EP:   2/16 | expanded dispatch: 78 GB/s (SO), 254 GB/s (SU), 1569.000 us, 399155328 bytes | copy: 2792 GB/s, 322.001 us
   - EP:   0/16 | expanded dispatch: 78 GB/s (SO), 252 GB/s (SU), 1569.000 us, 395942976 bytes | copy: 2862 GB/s, 310.529 us
   - EP:   4/16 | expanded dispatch: 78 GB/s (SO), 256 GB/s (SU), 1569.000 us, 402360192 bytes | copy: 2888 GB/s, 313.685 us
USDT:2026-08-31 10:11:02 489:489 SyncActivityProfilerHandler.cpp:52] profiler_startUSDT:2026-08-31 10:11:02 490:490 SyncActivityProfilerHandler.cpp:52] profiler_startUSDT:2026-08-31 10:11:02 486:486 SyncActivityProfilerHandler.cpp:52] profiler_startUSDT:2026-08-31 10:11:02 488:488 SyncActivityProfilerHandler.cpp:52] profiler_startUSDT:2026-08-31 10:11:02 493:493 SyncActivityProfilerHandler.cpp:52] profiler_start
USDT:2026-08-31 10:11:02 492:492 SyncActivityProfilerHandler.cpp:52] profiler_start

USDT:2026-08-31 10:11:02 491:491 SyncActivityProfilerHandler.cpp:52] profiler_start



USDT:2026-08-31 10:11:02 487:487 SyncActivityProfilerHandler.cpp:52] profiler_start
USDT:2026-08-31 10:11:02 491:491 SyncActivityProfilerHandler.cpp:59] profiler_stopUSDT:2026-08-31 10:11:02 490:490 SyncActivityProfilerHandler.cpp:59] profiler_stopUSDT:2026-08-31 10:11:02 493:493 SyncActivityProfilerHandler.cpp:59] profiler_stopUSDT:2026-08-31 10:11:02 489:489 SyncActivityProfilerHandler.cpp:59] profiler_stop
USDT:2026-08-31 10:11:02 488:488 SyncActivityProfilerHandler.cpp:59] profiler_stopUSDT:2026-08-31 10:11:02 486:486 SyncActivityProfilerHandler.cpp:59] profiler_stop




USDT:2026-08-31 10:11:02 492:492 SyncActivityProfilerHandler.cpp:59] profiler_stop
USDT:2026-08-31 10:11:02 487:487 SyncActivityProfilerHandler.cpp:59] profiler_stop
   # EP:   3/16 | cached dispatch: 73 GB/s (SO), 239 GB/s (SU), 1669.000 us, 398309184 bytes | copy: 3294 GB/s, 241.832 us
   # EP:   7/16 | cached dispatch: 73 GB/s (SO), 239 GB/s (SU), 1669.000 us, 399252672 bytes | copy: 3297 GB/s, 242.166 us
   # EP:   0/16 | cached dispatch: 73 GB/s (SO), 237 GB/s (SU), 1669.000 us, 395942976 bytes | copy: 3392 GB/s, 233.477 us
   # EP:   1/16 | cached dispatch: 73 GB/s (SO), 240 GB/s (SU), 1669.000 us, 400900032 bytes | copy: 3369 GB/s, 238.008 us
   # EP:   5/16 | cached dispatch: 73 GB/s (SO), 240 GB/s (SU), 1669.000 us, 399821760 bytes | copy: 3379 GB/s, 236.650 us
   # EP:   2/16 | cached dispatch: 73 GB/s (SO), 239 GB/s (SU), 1669.000 us, 399155328 bytes | copy: 3272 GB/s, 243.955 us
   # EP:   6/16 | cached dispatch: 73 GB/s (SO), 238 GB/s (SU), 1669.000 us, 397642752 bytes | copy: 3380 GB/s, 235.302 us
   # EP:   4/16 | cached dispatch: 73 GB/s (SO), 241 GB/s (SU), 1669.000 us, 402360192 bytes | copy: 3305 GB/s, 243.485 us
USDT:2026-08-31 10:11:03 490:490 SyncActivityProfilerHandler.cpp:52] profiler_start
USDT:2026-08-31 10:11:03 491:491 SyncActivityProfilerHandler.cpp:52] profiler_start
USDT:2026-08-31 10:11:03 493:493 SyncActivityProfilerHandler.cpp:52] profiler_startUSDT:2026-08-31 10:11:03 488:488 SyncActivityProfilerHandler.cpp:52] profiler_start

USDT:2026-08-31 10:11:03 489:489 SyncActivityProfilerHandler.cpp:52] profiler_startUSDT:2026-08-31 10:11:03 486:486 SyncActivityProfilerHandler.cpp:52] profiler_start

USDT:2026-08-31 10:11:03 487:487 SyncActivityProfilerHandler.cpp:52] profiler_startUSDT:2026-08-31 10:11:03 492:492 SyncActivityProfilerHandler.cpp:52] profiler_start

USDT:2026-08-31 10:11:03 490:490 SyncActivityProfilerHandler.cpp:59] profiler_stop
USDT:2026-08-31 10:11:03 491:491 SyncActivityProfilerHandler.cpp:59] profiler_stopUSDT:2026-08-31 10:11:03 489:489 SyncActivityProfilerHandler.cpp:59] profiler_stop
USDT:2026-08-31 10:11:03 488:488 SyncActivityProfilerHandler.cpp:59] profiler_stopUSDT:2026-08-31 10:11:03 493:493 SyncActivityProfilerHandler.cpp:59] profiler_stop


USDT:2026-08-31 10:11:03 492:492 SyncActivityProfilerHandler.cpp:59] profiler_stop
USDT:2026-08-31 10:11:03 486:486 SyncActivityProfilerHandler.cpp:59] profiler_stop
USDT:2026-08-31 10:11:03 487:487 SyncActivityProfilerHandler.cpp:59] profiler_stop
   @ EP:   4/16 | combine: 63 GB/s (SO), 206 GB/s (SU), 3748.000 us, 772050112 bytes | reduce: 3705 GB/s, 95.039 us
   @ EP:   1/16 | combine: 62 GB/s (SO), 204 GB/s (SU), 3767.000 us, 769248352 bytes | reduce: 3681 GB/s, 95.697 us
   @ EP:   6/16 | combine: 62 GB/s (SO), 201 GB/s (SU), 3802.000 us, 762998272 bytes | reduce: 3679 GB/s, 95.742 us
   @ EP:   2/16 | combine: 62 GB/s (SO), 203 GB/s (SU), 3781.000 us, 765900608 bytes | reduce: 3687 GB/s, 95.530 us
   @ EP:   5/16 | combine: 62 GB/s (SO), 204 GB/s (SU), 3761.000 us, 767179360 bytes | reduce: 3673 GB/s, 95.863 us
   @ EP:   0/16 | combine: 62 GB/s (SO), 200 GB/s (SU), 3792.000 us, 759736736 bytes | reduce: 3673 GB/s, 95.955 us
   @ EP:   3/16 | combine: 62 GB/s (SO), 202 GB/s (SU), 3777.000 us, 764277024 bytes | reduce: 3678 GB/s, 95.769 us
   @ EP:   7/16 | combine: 62 GB/s (SO), 203 GB/s (SU), 3776.000 us, 766087392 bytes | reduce: 3682 GB/s, 95.635 us
USDT:2026-08-31 10:11:04 489:489 SyncActivityProfilerHandler.cpp:52] profiler_start
USDT:2026-08-31 10:11:04 492:492 SyncActivityProfilerHandler.cpp:52] profiler_start
USDT:2026-08-31 10:11:04 487:487 SyncActivityProfilerHandler.cpp:52] profiler_start
USDT:2026-08-31 10:11:04 488:488 SyncActivityProfilerHandler.cpp:52] profiler_start
USDT:2026-08-31 10:11:04 493:493 SyncActivityProfilerHandler.cpp:52] profiler_start
USDT:2026-08-31 10:11:04 486:486 SyncActivityProfilerHandler.cpp:52] profiler_start
USDT:2026-08-31 10:11:04 490:490 SyncActivityProfilerHandler.cpp:52] profiler_start
USDT:2026-08-31 10:11:04 491:491 SyncActivityProfilerHandler.cpp:52] profiler_start
USDT:2026-08-31 10:11:04 489:489 SyncActivityProfilerHandler.cpp:59] profiler_stop
USDT:2026-08-31 10:11:04 492:492 SyncActivityProfilerHandler.cpp:59] profiler_stop
USDT:2026-08-31 10:11:04 487:487 SyncActivityProfilerHandler.cpp:59] profiler_stop
USDT:2026-08-31 10:11:04 488:488 SyncActivityProfilerHandler.cpp:59] profiler_stopUSDT:2026-08-31 10:11:04 486:486 SyncActivityProfilerHandler.cpp:59] profiler_stop
USDT:2026-08-31 10:11:04 493:493 SyncActivityProfilerHandler.cpp:59] profiler_stop

USDT:2026-08-31 10:11:04 490:490 SyncActivityProfilerHandler.cpp:59] profiler_stop
USDT:2026-08-31 10:11:04 491:491 SyncActivityProfilerHandler.cpp:59] profiler_stop
   + EP:   1/16 | reduced combine: 73 GB/s (SO), 239 GB/s (SU), 3220.000 us, 769248352 bytes | reduce: 3693 GB/s, 95.406 us
   + EP:   3/16 | reduced combine: 73 GB/s (SO), 239 GB/s (SU), 3198.000 us, 764277024 bytes | reduce: 3692 GB/s, 95.412 us
   + EP:   2/16 | reduced combine: 72 GB/s (SO), 234 GB/s (SU), 3269.000 us, 765900608 bytes | reduce: 3694 GB/s, 95.328 us
   + EP:   6/16 | reduced combine: 73 GB/s (SO), 237 GB/s (SU), 3213.000 us, 762998272 bytes | reduce: 3686 GB/s, 95.544 us
   + EP:   0/16 | reduced combine: 72 GB/s (SO), 232 GB/s (SU), 3272.000 us, 759736736 bytes | reduce: 3694 GB/s, 95.419 us
   + EP:   4/16 | reduced combine: 71 GB/s (SO), 234 GB/s (SU), 3306.000 us, 772050112 bytes | reduce: 3702 GB/s, 95.128 us
   + EP:   7/16 | reduced combine: 72 GB/s (SO), 235 GB/s (SU), 3265.000 us, 766087392 bytes | reduce: 3702 GB/s, 95.130 us
   + EP:   5/16 | reduced combine: 60 GB/s (SO), 197 GB/s (SU), 3891.000 us, 767179360 bytes | reduce: 3682 GB/s, 95.637 us


