=== EP_NIC_NAME=rdmap110s0 (auto, 200 Gb/s) ===
=== GIN: NCCL_GIN_TYPE=5 NCCL_SYM_GIN_KERNELS_ENABLE=0 ===
=== PREFER_OVERLAP=0 (--prefer-overlap-with-compute) ===
=== IMAGE=deepep-v2-efa-official:sm90-54fffef  DeepEP=54fffeff810723f574c574b1790dff189f3c6ffb ===
+ docker run --rm --init --gpus all --privileged --network=host --ipc=host --ulimit memlock=-1 --ulimit stack=67108864 --device=/dev/infiniband --device=/dev/gdrdrv -v /sys/class/infiniband:/sys/class/infiniband:ro -e MASTER_ADDR=172.31.11.137 -e MASTER_PORT=8741 -e WORLD_SIZE=2 -e RANK=1 -e NCCL_DEBUG=WARN -e EP_NIC_NAME=rdmap110s0 -e NCCL_GIN_TYPE=5 -e NCCL_SYM_GIN_KERNELS_ENABLE=0 -e PYTHONUNBUFFERED=1 -e PYTHONFAULTHANDLER=1 deepep-v2-efa-official:sm90-54fffef bash -lc 'timeout -s ABRT --kill-after=60 1800     python3 -u /opt/DeepEP/tests/elastic/test_ep.py     --num-processes=8 --num-tokens=8192     --hidden=7168 --num-topk=8 --num-experts=256     --num-sms=12 --allow-hybrid-mode=1     --prefer-overlap-with-compute=0 --test-first-only      '

==========
== CUDA ==
==========

CUDA Version 13.0.2

Container image Copyright (c) 2016-2023, NVIDIA CORPORATION & AFFILIATES. All rights reserved.

This container image and its contents are governed by the NVIDIA Deep Learning Container License.
By pulling and using the container, you accept the terms and conditions of this license:
https://developer.nvidia.com/ngc/nvidia-deep-learning-container-license

A copy of this license is made available in this container at /NGC-DL-CONTAINER-LICENSE for your convenience.

DeepEP hybrid kernel selection: unordered
DeepEP hybrid kernel selection: unordered
DeepEP hybrid kernel selection: unordered
DeepEP hybrid kernel selection: unordered
DeepEP hybrid kernel selection: unordered
DeepEP hybrid kernel selection: unordered
DeepEP hybrid kernel selection: unordered
DeepEP hybrid kernel selection: unordered
DeepEP hybrid kernel selection: unordered
DeepEP hybrid kernel selection: unordered
DeepEP hybrid kernel selection: unordered
DeepEP hybrid kernel selection: unordered
DeepEP hybrid kernel selection: unordered
DeepEP hybrid kernel selection: unordered
DeepEP hybrid kernel selection: unordered
DeepEP hybrid kernel selection: unordered
Config:
 > Ranks: 2 x 8
 > Experts: 8/256
 > Tokens: 8184 (max: 8192), hidden: 7168
 > #SM: 12, #QPs: 11/11

Running all test cases:
 > Testing with do_handle_copy=1, expert_alignment=128, use_fp8_dispatch=1, num_bias=0, with_previous_event=0, async_with_compute_stream=0, allocate_on_comm_stream=0 ...
USDT:2026-08-31 10:08:54 494:494 SyncActivityProfilerHandler.cpp:52] profiler_startUSDT:2026-08-31 10:08:54 489:489 SyncActivityProfilerHandler.cpp:52] profiler_startUSDT:2026-08-31 10:08:54 490:490 SyncActivityProfilerHandler.cpp:52] profiler_start

USDT:2026-08-31 10:08:54 495:495 SyncActivityProfilerHandler.cpp:52] profiler_startUSDT:2026-08-31 10:08:54 496:496 SyncActivityProfilerHandler.cpp:52] profiler_startUSDT:2026-08-31 10:08:54 493:493 SyncActivityProfilerHandler.cpp:52] profiler_start



USDT:2026-08-31 10:08:54 491:491 SyncActivityProfilerHandler.cpp:52] profiler_start
USDT:2026-08-31 10:08:54 492:492 SyncActivityProfilerHandler.cpp:52] profiler_start
USDT:2026-08-31 10:08:55 489:489 SyncActivityProfilerHandler.cpp:59] profiler_stopUSDT:2026-08-31 10:08:55 490:490 SyncActivityProfilerHandler.cpp:59] profiler_stopUSDT:2026-08-31 10:08:55 495:495 SyncActivityProfilerHandler.cpp:59] profiler_stopUSDT:2026-08-31 10:08:55 494:494 SyncActivityProfilerHandler.cpp:59] profiler_stop
USDT:2026-08-31 10:08:55 493:493 SyncActivityProfilerHandler.cpp:59] profiler_stop


USDT:2026-08-31 10:08:55 496:496 SyncActivityProfilerHandler.cpp:59] profiler_stop

USDT:2026-08-31 10:08:55 491:491 SyncActivityProfilerHandler.cpp:59] profiler_stop
USDT:2026-08-31 10:08:55 492:492 SyncActivityProfilerHandler.cpp:59] profiler_stop
   * EP:   9/16 | dispatch: 81 GB/s (SO), 265 GB/s (SU), 1506.000 us, 398795904 bytes | copy: 3182 GB/s, 250.665 us
   * EP:  13/16 | dispatch: 81 GB/s (SO), 265 GB/s (SU), 1506.000 us, 398728512 bytes | copy: 3208 GB/s, 248.595 us
   * EP:  15/16 | dispatch: 81 GB/s (SO), 267 GB/s (SU), 1506.000 us, 401903424 bytes | copy: 3279 GB/s, 245.152 us
   * EP:  14/16 | dispatch: 81 GB/s (SO), 266 GB/s (SU), 1506.000 us, 400525632 bytes | copy: 3219 GB/s, 248.813 us
   * EP:   8/16 | dispatch: 81 GB/s (SO), 266 GB/s (SU), 1506.000 us, 400166208 bytes | copy: 3236 GB/s, 247.290 us
   * EP:  12/16 | dispatch: 81 GB/s (SO), 267 GB/s (SU), 1506.000 us, 401401728 bytes | copy: 3242 GB/s, 247.636 us
   * EP:  10/16 | dispatch: 81 GB/s (SO), 266 GB/s (SU), 1506.000 us, 401289408 bytes | copy: 3294 GB/s, 243.644 us
   * EP:  11/16 | dispatch: 81 GB/s (SO), 266 GB/s (SU), 1506.000 us, 400203648 bytes | copy: 3209 GB/s, 249.421 us
USDT:2026-08-31 10:08:55 489:489 SyncActivityProfilerHandler.cpp:52] profiler_startUSDT:2026-08-31 10:08:55 491:491 SyncActivityProfilerHandler.cpp:52] profiler_startUSDT:2026-08-31 10:08:55 494:494 SyncActivityProfilerHandler.cpp:52] profiler_startUSDT:2026-08-31 10:08:55 496:496 SyncActivityProfilerHandler.cpp:52] profiler_start
USDT:2026-08-31 10:08:55 495:495 SyncActivityProfilerHandler.cpp:52] profiler_startUSDT:2026-08-31 10:08:55 490:490 SyncActivityProfilerHandler.cpp:52] profiler_startUSDT:2026-08-31 10:08:55 492:492 SyncActivityProfilerHandler.cpp:52] profiler_startUSDT:2026-08-31 10:08:55 493:493 SyncActivityProfilerHandler.cpp:52] profiler_start






USDT:2026-08-31 10:08:55 490:490 SyncActivityProfilerHandler.cpp:59] profiler_stop
USDT:2026-08-31 10:08:55 494:494 SyncActivityProfilerHandler.cpp:59] profiler_stop
USDT:2026-08-31 10:08:55 496:496 SyncActivityProfilerHandler.cpp:59] profiler_stopUSDT:2026-08-31 10:08:55 495:495 SyncActivityProfilerHandler.cpp:59] profiler_stopUSDT:2026-08-31 10:08:55 491:491 SyncActivityProfilerHandler.cpp:59] profiler_stop
USDT:2026-08-31 10:08:55 493:493 SyncActivityProfilerHandler.cpp:59] profiler_stopUSDT:2026-08-31 10:08:55 492:492 SyncActivityProfilerHandler.cpp:59] profiler_stop
USDT:2026-08-31 10:08:55 489:489 SyncActivityProfilerHandler.cpp:59] profiler_stop



   - EP:   9/16 | expanded dispatch: 81 GB/s (SO), 264 GB/s (SU), 1512.000 us, 398795904 bytes | copy: 2801 GB/s, 319.568 us
   - EP:  15/16 | expanded dispatch: 81 GB/s (SO), 266 GB/s (SU), 1512.000 us, 401903424 bytes | copy: 2813 GB/s, 321.503 us
   - EP:  13/16 | expanded dispatch: 81 GB/s (SO), 264 GB/s (SU), 1512.000 us, 398728512 bytes | copy: 2748 GB/s, 326.506 us
   - EP:   8/16 | expanded dispatch: 81 GB/s (SO), 265 GB/s (SU), 1512.000 us, 400166208 bytes | copy: 2804 GB/s, 321.721 us
   - EP:  14/16 | expanded dispatch: 81 GB/s (SO), 265 GB/s (SU), 1512.000 us, 400525632 bytes | copy: 2785 GB/s, 323.824 us
   - EP:  12/16 | expanded dispatch: 81 GB/s (SO), 265 GB/s (SU), 1512.000 us, 401401728 bytes | copy: 2829 GB/s, 319.451 us
   - EP:  10/16 | expanded dispatch: 81 GB/s (SO), 265 GB/s (SU), 1512.000 us, 401289408 bytes | copy: 2757 GB/s, 327.407 us
   - EP:  11/16 | expanded dispatch: 81 GB/s (SO), 265 GB/s (SU), 1512.000 us, 400203648 bytes | copy: 2774 GB/s, 324.868 us
USDT:2026-08-31 10:08:56 496:496 SyncActivityProfilerHandler.cpp:52] profiler_startUSDT:2026-08-31 10:08:56 495:495 SyncActivityProfilerHandler.cpp:52] profiler_startUSDT:2026-08-31 10:08:56 494:494 SyncActivityProfilerHandler.cpp:52] profiler_start
USDT:2026-08-31 10:08:56 489:489 SyncActivityProfilerHandler.cpp:52] profiler_startUSDT:2026-08-31 10:08:56 490:490 SyncActivityProfilerHandler.cpp:52] profiler_startUSDT:2026-08-31 10:08:56 491:491 SyncActivityProfilerHandler.cpp:52] profiler_start


USDT:2026-08-31 10:08:56 492:492 SyncActivityProfilerHandler.cpp:52] profiler_start
USDT:2026-08-31 10:08:56 493:493 SyncActivityProfilerHandler.cpp:52] profiler_start


USDT:2026-08-31 10:08:56 491:491 SyncActivityProfilerHandler.cpp:59] profiler_stopUSDT:2026-08-31 10:08:56 492:492 SyncActivityProfilerHandler.cpp:59] profiler_stopUSDT:2026-08-31 10:08:56 495:495 SyncActivityProfilerHandler.cpp:59] profiler_stopUSDT:2026-08-31 10:08:56 493:493 SyncActivityProfilerHandler.cpp:59] profiler_stop
USDT:2026-08-31 10:08:56 490:490 SyncActivityProfilerHandler.cpp:59] profiler_stop



USDT:2026-08-31 10:08:56 496:496 SyncActivityProfilerHandler.cpp:59] profiler_stop
USDT:2026-08-31 10:08:56 494:494 SyncActivityProfilerHandler.cpp:59] profiler_stop
USDT:2026-08-31 10:08:56 489:489 SyncActivityProfilerHandler.cpp:59] profiler_stop
   # EP:  14/16 | cached dispatch: 77 GB/s (SO), 251 GB/s (SU), 1596.000 us, 400525632 bytes | copy: 3361 GB/s, 238.304 us
   # EP:  13/16 | cached dispatch: 77 GB/s (SO), 250 GB/s (SU), 1596.000 us, 398728512 bytes | copy: 3310 GB/s, 240.889 us
   # EP:   8/16 | cached dispatch: 77 GB/s (SO), 251 GB/s (SU), 1596.000 us, 400166208 bytes | copy: 3372 GB/s, 237.328 us
   # EP:   9/16 | cached dispatch: 77 GB/s (SO), 250 GB/s (SU), 1596.000 us, 398795904 bytes | copy: 3324 GB/s, 239.959 us
   # EP:  12/16 | cached dispatch: 76 GB/s (SO), 252 GB/s (SU), 1596.000 us, 401401728 bytes | copy: 3335 GB/s, 240.718 us
   # EP:  10/16 | cached dispatch: 77 GB/s (SO), 251 GB/s (SU), 1596.000 us, 401289408 bytes | copy: 3309 GB/s, 242.545 us
   # EP:  15/16 | cached dispatch: 76 GB/s (SO), 252 GB/s (SU), 1596.000 us, 401903424 bytes | copy: 3426 GB/s, 234.617 us
   # EP:  11/16 | cached dispatch: 76 GB/s (SO), 251 GB/s (SU), 1596.000 us, 400203648 bytes | copy: 3307 GB/s, 242.052 us
USDT:2026-08-31 10:08:57 494:494 SyncActivityProfilerHandler.cpp:52] profiler_start
USDT:2026-08-31 10:08:57 489:489 SyncActivityProfilerHandler.cpp:52] profiler_start
USDT:2026-08-31 10:08:57 490:490 SyncActivityProfilerHandler.cpp:52] profiler_start
USDT:2026-08-31 10:08:57 493:493 SyncActivityProfilerHandler.cpp:52] profiler_startUSDT:2026-08-31 10:08:57 496:496 SyncActivityProfilerHandler.cpp:52] profiler_startUSDT:2026-08-31 10:08:57 492:492 SyncActivityProfilerHandler.cpp:52] profiler_start


USDT:2026-08-31 10:08:57 495:495 SyncActivityProfilerHandler.cpp:52] profiler_start
USDT:2026-08-31 10:08:57 491:491 SyncActivityProfilerHandler.cpp:52] profiler_start
USDT:2026-08-31 10:08:57 494:494 SyncActivityProfilerHandler.cpp:59] profiler_stop
USDT:2026-08-31 10:08:57 489:489 SyncActivityProfilerHandler.cpp:59] profiler_stopUSDT:2026-08-31 10:08:57 490:490 SyncActivityProfilerHandler.cpp:59] profiler_stop

USDT:2026-08-31 10:08:57 496:496 SyncActivityProfilerHandler.cpp:59] profiler_stop
USDT:2026-08-31 10:08:57 492:492 SyncActivityProfilerHandler.cpp:59] profiler_stopUSDT:2026-08-31 10:08:57 493:493 SyncActivityProfilerHandler.cpp:59] profiler_stop

USDT:2026-08-31 10:08:57 495:495 SyncActivityProfilerHandler.cpp:59] profiler_stop
USDT:2026-08-31 10:08:57 491:491 SyncActivityProfilerHandler.cpp:59] profiler_stop
   @ EP:  12/16 | combine: 72 GB/s (SO), 235 GB/s (SU), 3272.000 us, 770211008 bytes | reduce: 3668 GB/s, 95.890 us
   @ EP:  14/16 | combine: 70 GB/s (SO), 229 GB/s (SU), 3361.000 us, 768529952 bytes | reduce: 3677 GB/s, 95.671 us
   @ EP:  13/16 | combine: 73 GB/s (SO), 239 GB/s (SU), 3204.000 us, 765081632 bytes | reduce: 3665 GB/s, 95.995 us
   @ EP:  15/16 | combine: 71 GB/s (SO), 236 GB/s (SU), 3273.000 us, 771173664 bytes | reduce: 3672 GB/s, 95.701 us
   @ EP:   9/16 | combine: 72 GB/s (SO), 237 GB/s (SU), 3235.000 us, 765210944 bytes | reduce: 3662 GB/s, 96.108 us
   @ EP:   8/16 | combine: 73 GB/s (SO), 238 GB/s (SU), 3221.000 us, 767840288 bytes | reduce: 3672 GB/s, 95.858 us
   @ EP:  11/16 | combine: 72 GB/s (SO), 236 GB/s (SU), 3251.000 us, 767912128 bytes | reduce: 3670 GB/s, 95.856 us
   @ EP:  10/16 | combine: 60 GB/s (SO), 198 GB/s (SU), 3894.000 us, 769995488 bytes | reduce: 3666 GB/s, 96.002 us
USDT:2026-08-31 10:08:58 489:489 SyncActivityProfilerHandler.cpp:52] profiler_start
USDT:2026-08-31 10:08:58 496:496 SyncActivityProfilerHandler.cpp:52] profiler_start
USDT:2026-08-31 10:08:58 491:491 SyncActivityProfilerHandler.cpp:52] profiler_startUSDT:2026-08-31 10:08:58 494:494 SyncActivityProfilerHandler.cpp:52] profiler_start

USDT:2026-08-31 10:08:58 490:490 SyncActivityProfilerHandler.cpp:52] profiler_start
USDT:2026-08-31 10:08:58 492:492 SyncActivityProfilerHandler.cpp:52] profiler_start
USDT:2026-08-31 10:08:58 495:495 SyncActivityProfilerHandler.cpp:52] profiler_start
USDT:2026-08-31 10:08:58 493:493 SyncActivityProfilerHandler.cpp:52] profiler_start
USDT:2026-08-31 10:08:58 489:489 SyncActivityProfilerHandler.cpp:59] profiler_stop
USDT:2026-08-31 10:08:58 496:496 SyncActivityProfilerHandler.cpp:59] profiler_stopUSDT:2026-08-31 10:08:58 494:494 SyncActivityProfilerHandler.cpp:59] profiler_stop

USDT:2026-08-31 10:08:58 490:490 SyncActivityProfilerHandler.cpp:59] profiler_stop
USDT:2026-08-31 10:08:58 491:491 SyncActivityProfilerHandler.cpp:59] profiler_stop
USDT:2026-08-31 10:08:58 492:492 SyncActivityProfilerHandler.cpp:59] profiler_stop
USDT:2026-08-31 10:08:58 495:495 SyncActivityProfilerHandler.cpp:59] profiler_stop
USDT:2026-08-31 10:08:58 493:493 SyncActivityProfilerHandler.cpp:59] profiler_stop
   + EP:  15/16 | reduced combine: 58 GB/s (SO), 191 GB/s (SU), 4035.000 us, 771173664 bytes | reduce: 3682 GB/s, 95.458 us
   + EP:  13/16 | reduced combine: 58 GB/s (SO), 189 GB/s (SU), 4051.000 us, 765081632 bytes | reduce: 3680 GB/s, 95.613 us
   + EP:   9/16 | reduced combine: 57 GB/s (SO), 187 GB/s (SU), 4083.000 us, 765210944 bytes | reduce: 3674 GB/s, 95.786 us   + EP:   8/16 | reduced combine: 59 GB/s (SO), 192 GB/s (SU), 3999.000 us, 767840288 bytes | reduce: 3679 GB/s, 95.684 us

   + EP:  14/16 | reduced combine: 56 GB/s (SO), 184 GB/s (SU), 4167.000 us, 768529952 bytes | reduce: 3683 GB/s, 95.518 us
   + EP:  12/16 | reduced combine: 53 GB/s (SO), 174 GB/s (SU), 4434.000 us, 770211008 bytes | reduce: 3661 GB/s, 96.084 us
   + EP:  11/16 | reduced combine: 57 GB/s (SO), 186 GB/s (SU), 4118.000 us, 767912128 bytes | reduce: 3673 GB/s, 95.786 us
   + EP:  10/16 | reduced combine: 58 GB/s (SO), 191 GB/s (SU), 4040.000 us, 769995488 bytes | reduce: 3670 GB/s, 95.889 us


