=== EP_NIC_NAME=rdmap110s0 (auto, 200 Gb/s) ===
=== GIN: NCCL_GIN_TYPE=5 NCCL_SYM_GIN_KERNELS_ENABLE=0 ===
=== PREFER_OVERLAP=1 (--prefer-overlap-with-compute) ===
=== IMAGE=deepep-v2-efa-official:sm90-54fffef  DeepEP=54fffeff810723f574c574b1790dff189f3c6ffb ===
+ docker run --rm --init --gpus all --privileged --network=host --ipc=host --ulimit memlock=-1 --ulimit stack=67108864 --device=/dev/infiniband --device=/dev/gdrdrv -v /sys/class/infiniband:/sys/class/infiniband:ro -e MASTER_ADDR=172.31.11.137 -e MASTER_PORT=8730 -e WORLD_SIZE=2 -e RANK=1 -e NCCL_DEBUG=WARN -e EP_NIC_NAME=rdmap110s0 -e NCCL_GIN_TYPE=5 -e NCCL_SYM_GIN_KERNELS_ENABLE=0 -e PYTHONUNBUFFERED=1 -e PYTHONFAULTHANDLER=1 deepep-v2-efa-official:sm90-54fffef bash -lc 'timeout -s ABRT --kill-after=60 1800     python3 -u /opt/DeepEP/tests/elastic/test_ep.py     --num-processes=8 --num-tokens=128     --hidden=7168 --num-topk=8 --num-experts=256     --num-sms=12 --allow-hybrid-mode=1     --prefer-overlap-with-compute=1 --test-first-only      '

==========
== CUDA ==
==========

CUDA Version 13.0.2

Container image Copyright (c) 2016-2023, NVIDIA CORPORATION & AFFILIATES. All rights reserved.

This container image and its contents are governed by the NVIDIA Deep Learning Container License.
By pulling and using the container, you accept the terms and conditions of this license:
https://developer.nvidia.com/ngc/nvidia-deep-learning-container-license

A copy of this license is made available in this container at /NGC-DL-CONTAINER-LICENSE for your convenience.

DeepEP hybrid kernel selection: unordered
DeepEP hybrid kernel selection: unordered
DeepEP hybrid kernel selection: unordered
DeepEP hybrid kernel selection: unordered
DeepEP hybrid kernel selection: unordered
DeepEP hybrid kernel selection: unordered
DeepEP hybrid kernel selection: unordered
DeepEP hybrid kernel selection: unordered
DeepEP hybrid kernel selection: unordered
DeepEP hybrid kernel selection: unordered
DeepEP hybrid kernel selection: unordered
DeepEP hybrid kernel selection: unordered
DeepEP hybrid kernel selection: unordered
DeepEP hybrid kernel selection: unordered
DeepEP hybrid kernel selection: unordered
DeepEP hybrid kernel selection: unordered
Config:
 > Ranks: 2 x 8
 > Experts: 8/256
 > Tokens: 120 (max: 128), hidden: 7168
 > #SM: 12, #QPs: 11/11

Running all test cases:
 > Testing with do_handle_copy=1, expert_alignment=128, use_fp8_dispatch=1, num_bias=0, with_previous_event=0, async_with_compute_stream=0, allocate_on_comm_stream=0 ...
USDT:2026-08-31 09:46:24 488:488 SyncActivityProfilerHandler.cpp:52] profiler_startUSDT:2026-08-31 09:46:24 490:490 SyncActivityProfilerHandler.cpp:52] profiler_startUSDT:2026-08-31 09:46:24 493:493 SyncActivityProfilerHandler.cpp:52] profiler_start


USDT:2026-08-31 09:46:24 489:489 SyncActivityProfilerHandler.cpp:52] profiler_start
USDT:2026-08-31 09:46:24 494:494 SyncActivityProfilerHandler.cpp:52] profiler_startUSDT:2026-08-31 09:46:24 491:491 SyncActivityProfilerHandler.cpp:52] profiler_start

USDT:2026-08-31 09:46:24 492:492 SyncActivityProfilerHandler.cpp:52] profiler_start
USDT:2026-08-31 09:46:24 495:495 SyncActivityProfilerHandler.cpp:52] profiler_start
USDT:2026-08-31 09:46:25 494:494 SyncActivityProfilerHandler.cpp:59] profiler_stopUSDT:2026-08-31 09:46:25 488:488 SyncActivityProfilerHandler.cpp:59] profiler_stopUSDT:2026-08-31 09:46:25 490:490 SyncActivityProfilerHandler.cpp:59] profiler_stop


USDT:2026-08-31 09:46:25 495:495 SyncActivityProfilerHandler.cpp:59] profiler_stopUSDT:2026-08-31 09:46:25 492:492 SyncActivityProfilerHandler.cpp:59] profiler_stopUSDT:2026-08-31 09:46:25 489:489 SyncActivityProfilerHandler.cpp:59] profiler_stopUSDT:2026-08-31 09:46:25 493:493 SyncActivityProfilerHandler.cpp:59] profiler_stop



USDT:2026-08-31 09:46:25 491:491 SyncActivityProfilerHandler.cpp:59] profiler_stop
   * EP:  10/16 | dispatch: 12 GB/s (SO), 43 GB/s (SU), 148.255 us, 6312384 bytes | copy: 964 GB/s, 13.100 us
   * EP:  15/16 | dispatch: 11 GB/s (SO), 41 GB/s (SU), 148.163 us, 6005376 bytes | copy: 1381 GB/s, 8.695 us
   * EP:   8/16 | dispatch: 12 GB/s (SO), 39 GB/s (SU), 148.101 us, 5833152 bytes | copy: 1010 GB/s, 11.547 us
   * EP:   9/16 | dispatch: 12 GB/s (SO), 39 GB/s (SU), 148.207 us, 5773248 bytes | copy: 972 GB/s, 11.883 us
   * EP:  14/16 | dispatch: 12 GB/s (SO), 42 GB/s (SU), 147.977 us, 6162624 bytes | copy: 1886 GB/s, 6.534 us
   * EP:  13/16 | dispatch: 12 GB/s (SO), 39 GB/s (SU), 148.145 us, 5728320 bytes | copy: 1413 GB/s, 8.107 us
   * EP:  11/16 | dispatch: 12 GB/s (SO), 38 GB/s (SU), 148.306 us, 5698368 bytes | copy: 1332 GB/s, 8.558 us
   * EP:  12/16 | dispatch: 12 GB/s (SO), 41 GB/s (SU), 148.156 us, 6117696 bytes | copy: 1389 GB/s, 8.810 us
USDT:2026-08-31 09:46:25 488:488 SyncActivityProfilerHandler.cpp:52] profiler_startUSDT:2026-08-31 09:46:25 491:491 SyncActivityProfilerHandler.cpp:52] profiler_startUSDT:2026-08-31 09:46:25 490:490 SyncActivityProfilerHandler.cpp:52] profiler_startUSDT:2026-08-31 09:46:25 489:489 SyncActivityProfilerHandler.cpp:52] profiler_start
USDT:2026-08-31 09:46:25 494:494 SyncActivityProfilerHandler.cpp:52] profiler_startUSDT:2026-08-31 09:46:25 495:495 SyncActivityProfilerHandler.cpp:52] profiler_startUSDT:2026-08-31 09:46:25 493:493 SyncActivityProfilerHandler.cpp:52] profiler_startUSDT:2026-08-31 09:46:25 492:492 SyncActivityProfilerHandler.cpp:52] profiler_start






USDT:2026-08-31 09:46:25 494:494 SyncActivityProfilerHandler.cpp:59] profiler_stopUSDT:2026-08-31 09:46:25 493:493 SyncActivityProfilerHandler.cpp:59] profiler_stopUSDT:2026-08-31 09:46:25 488:488 SyncActivityProfilerHandler.cpp:59] profiler_stopUSDT:2026-08-31 09:46:25 489:489 SyncActivityProfilerHandler.cpp:59] profiler_stopUSDT:2026-08-31 09:46:25 490:490 SyncActivityProfilerHandler.cpp:59] profiler_stopUSDT:2026-08-31 09:46:25 495:495 SyncActivityProfilerHandler.cpp:59] profiler_stop
USDT:2026-08-31 09:46:25 492:492 SyncActivityProfilerHandler.cpp:59] profiler_stop
USDT:2026-08-31 09:46:25 491:491 SyncActivityProfilerHandler.cpp:59] profiler_stop





   - EP:   8/16 | expanded dispatch: 12 GB/s (SO), 39 GB/s (SU), 147.906 us, 5833152 bytes | copy: 1856 GB/s, 11.166 us
   - EP:  10/16 | expanded dispatch: 12 GB/s (SO), 43 GB/s (SU), 148.051 us, 6312384 bytes | copy: 1680 GB/s, 12.613 us
   - EP:  13/16 | expanded dispatch: 12 GB/s (SO), 39 GB/s (SU), 147.981 us, 5728320 bytes | copy: 2375 GB/s, 8.711 us
   - EP:   9/16 | expanded dispatch: 12 GB/s (SO), 39 GB/s (SU), 148.044 us, 5773248 bytes | copy: 1582 GB/s, 13.067 us
   - EP:  15/16 | expanded dispatch: 11 GB/s (SO), 41 GB/s (SU), 147.957 us, 6005376 bytes | copy: 2256 GB/s, 9.283 us
   - EP:  14/16 | expanded dispatch: 12 GB/s (SO), 42 GB/s (SU), 147.852 us, 6162624 bytes | copy: 2512 GB/s, 8.364 us
   - EP:  11/16 | expanded dispatch: 12 GB/s (SO), 38 GB/s (SU), 148.066 us, 5698368 bytes | copy: 1990 GB/s, 10.321 us
   - EP:  12/16 | expanded dispatch: 12 GB/s (SO), 41 GB/s (SU), 147.935 us, 6117696 bytes | copy: 2342 GB/s, 8.944 us
USDT:2026-08-31 09:46:26 490:490 SyncActivityProfilerHandler.cpp:52] profiler_startUSDT:2026-08-31 09:46:26 488:488 SyncActivityProfilerHandler.cpp:52] profiler_startUSDT:2026-08-31 09:46:26 493:493 SyncActivityProfilerHandler.cpp:52] profiler_startUSDT:2026-08-31 09:46:26 492:492 SyncActivityProfilerHandler.cpp:52] profiler_startUSDT:2026-08-31 09:46:26 491:491 SyncActivityProfilerHandler.cpp:52] profiler_start

USDT:2026-08-31 09:46:26 489:489 SyncActivityProfilerHandler.cpp:52] profiler_start


USDT:2026-08-31 09:46:26 494:494 SyncActivityProfilerHandler.cpp:52] profiler_start

USDT:2026-08-31 09:46:26 495:495 SyncActivityProfilerHandler.cpp:52] profiler_start
USDT:2026-08-31 09:46:26 494:494 SyncActivityProfilerHandler.cpp:59] profiler_stopUSDT:2026-08-31 09:46:26 491:491 SyncActivityProfilerHandler.cpp:59] profiler_stopUSDT:2026-08-31 09:46:26 492:492 SyncActivityProfilerHandler.cpp:59] profiler_stop


USDT:2026-08-31 09:46:26 490:490 SyncActivityProfilerHandler.cpp:59] profiler_stopUSDT:2026-08-31 09:46:26 493:493 SyncActivityProfilerHandler.cpp:59] profiler_stopUSDT:2026-08-31 09:46:26 488:488 SyncActivityProfilerHandler.cpp:59] profiler_stop


USDT:2026-08-31 09:46:26 489:489 SyncActivityProfilerHandler.cpp:59] profiler_stop
USDT:2026-08-31 09:46:26 495:495 SyncActivityProfilerHandler.cpp:59] profiler_stop
   # EP:  12/16 | cached dispatch: 12 GB/s (SO), 43 GB/s (SU), 142.951 us, 6117696 bytes | copy: 1358 GB/s, 9.008 us
   # EP:   8/16 | cached dispatch: 13 GB/s (SO), 41 GB/s (SU), 142.870 us, 5833152 bytes | copy: 1005 GB/s, 11.610 us
   # EP:  10/16 | cached dispatch: 12 GB/s (SO), 44 GB/s (SU), 142.977 us, 6312384 bytes | copy: 1028 GB/s, 12.286 us   # EP:  14/16 | cached dispatch: 12 GB/s (SO), 43 GB/s (SU), 142.841 us, 6162624 bytes | copy: 1575 GB/s, 7.826 us

   # EP:  15/16 | cached dispatch: 12 GB/s (SO), 42 GB/s (SU), 142.928 us, 6005376 bytes | copy: 1532 GB/s, 7.839 us
   # EP:  11/16 | cached dispatch: 12 GB/s (SO), 40 GB/s (SU), 143.101 us, 5698368 bytes | copy: 1198 GB/s, 9.512 us
   # EP:  13/16 | cached dispatch: 12 GB/s (SO), 40 GB/s (SU), 142.812 us, 5728320 bytes | copy: 1732 GB/s, 6.613 us
   # EP:   9/16 | cached dispatch: 12 GB/s (SO), 40 GB/s (SU), 142.969 us, 5773248 bytes | copy: 932 GB/s, 12.388 us
USDT:2026-08-31 09:46:27 488:488 SyncActivityProfilerHandler.cpp:52] profiler_startUSDT:2026-08-31 09:46:27 490:490 SyncActivityProfilerHandler.cpp:52] profiler_startUSDT:2026-08-31 09:46:27 493:493 SyncActivityProfilerHandler.cpp:52] profiler_startUSDT:2026-08-31 09:46:27 495:495 SyncActivityProfilerHandler.cpp:52] profiler_startUSDT:2026-08-31 09:46:27 494:494 SyncActivityProfilerHandler.cpp:52] profiler_startUSDT:2026-08-31 09:46:27 491:491 SyncActivityProfilerHandler.cpp:52] profiler_start

USDT:2026-08-31 09:46:27 489:489 SyncActivityProfilerHandler.cpp:52] profiler_start




USDT:2026-08-31 09:46:27 492:492 SyncActivityProfilerHandler.cpp:52] profiler_start
USDT:2026-08-31 09:46:27 495:495 SyncActivityProfilerHandler.cpp:59] profiler_stopUSDT:2026-08-31 09:46:27 494:494 SyncActivityProfilerHandler.cpp:59] profiler_stopUSDT:2026-08-31 09:46:27 493:493 SyncActivityProfilerHandler.cpp:59] profiler_stopUSDT:2026-08-31 09:46:27 488:488 SyncActivityProfilerHandler.cpp:59] profiler_stop
USDT:2026-08-31 09:46:27 492:492 SyncActivityProfilerHandler.cpp:59] profiler_stopUSDT:2026-08-31 09:46:27 490:490 SyncActivityProfilerHandler.cpp:59] profiler_stop
USDT:2026-08-31 09:46:27 489:489 SyncActivityProfilerHandler.cpp:59] profiler_stop

USDT:2026-08-31 09:46:27 491:491 SyncActivityProfilerHandler.cpp:59] profiler_stop



   @ EP:  15/16 | combine: 20 GB/s (SO), 71 GB/s (SU), 163.173 us, 11523136 bytes | reduce: 1062 GB/s, 4.574 us
   @ EP:   8/16 | combine: 21 GB/s (SO), 68 GB/s (SU), 163.849 us, 11192672 bytes | reduce: 1100 GB/s, 4.688 us
   @ EP:   9/16 | combine: 21 GB/s (SO), 67 GB/s (SU), 164.472 us, 11077728 bytes | reduce: 1079 GB/s, 4.742 us   @ EP:  14/16 | combine: 20 GB/s (SO), 72 GB/s (SU), 164.105 us, 11824864 bytes | reduce: 1035 GB/s, 4.749 us

   @ EP:  10/16 | combine: 21 GB/s (SO), 74 GB/s (SU), 164.024 us, 12112224 bytes | reduce: 1076 GB/s, 4.714 us
   @ EP:  13/16 | combine: 20 GB/s (SO), 67 GB/s (SU), 164.220 us, 10991520 bytes | reduce: 1044 GB/s, 4.749 us
   @ EP:  12/16 | combine: 20 GB/s (SO), 71 GB/s (SU), 165.187 us, 11738656 bytes | reduce: 1038 GB/s, 4.801 us
   @ EP:  11/16 | combine: 20 GB/s (SO), 67 GB/s (SU), 164.345 us, 10934048 bytes | reduce: 1003 GB/s, 5.012 us
USDT:2026-08-31 09:46:27 488:488 SyncActivityProfilerHandler.cpp:52] profiler_startUSDT:2026-08-31 09:46:27 493:493 SyncActivityProfilerHandler.cpp:52] profiler_startUSDT:2026-08-31 09:46:27 494:494 SyncActivityProfilerHandler.cpp:52] profiler_startUSDT:2026-08-31 09:46:27 490:490 SyncActivityProfilerHandler.cpp:52] profiler_start


USDT:2026-08-31 09:46:27 492:492 SyncActivityProfilerHandler.cpp:52] profiler_start
USDT:2026-08-31 09:46:27 489:489 SyncActivityProfilerHandler.cpp:52] profiler_start

USDT:2026-08-31 09:46:27 491:491 SyncActivityProfilerHandler.cpp:52] profiler_start
USDT:2026-08-31 09:46:27 495:495 SyncActivityProfilerHandler.cpp:52] profiler_start
USDT:2026-08-31 09:46:28 493:493 SyncActivityProfilerHandler.cpp:59] profiler_stopUSDT:2026-08-31 09:46:28 488:488 SyncActivityProfilerHandler.cpp:59] profiler_stop

USDT:2026-08-31 09:46:28 494:494 SyncActivityProfilerHandler.cpp:59] profiler_stopUSDT:2026-08-31 09:46:28 490:490 SyncActivityProfilerHandler.cpp:59] profiler_stop
USDT:2026-08-31 09:46:28 489:489 SyncActivityProfilerHandler.cpp:59] profiler_stop

USDT:2026-08-31 09:46:28 491:491 SyncActivityProfilerHandler.cpp:59] profiler_stopUSDT:2026-08-31 09:46:28 492:492 SyncActivityProfilerHandler.cpp:59] profiler_stop

USDT:2026-08-31 09:46:28 495:495 SyncActivityProfilerHandler.cpp:59] profiler_stop
   + EP:   8/16 | reduced combine: 20 GB/s (SO), 66 GB/s (SU), 169.723 us, 11192672 bytes | reduce: 1044 GB/s, 4.942 us
   + EP:  14/16 | reduced combine: 19 GB/s (SO), 70 GB/s (SU), 169.648 us, 11824864 bytes | reduce: 1031 GB/s, 4.765 us
   + EP:  12/16 | reduced combine: 19 GB/s (SO), 67 GB/s (SU), 174.697 us, 11738656 bytes | reduce: 947 GB/s, 5.266 us
   + EP:  10/16 | reduced combine: 20 GB/s (SO), 71 GB/s (SU), 170.998 us, 12112224 bytes | reduce: 1007 GB/s, 5.036 us   + EP:   9/16 | reduced combine: 20 GB/s (SO), 65 GB/s (SU), 170.369 us, 11077728 bytes | reduce: 1025 GB/s, 4.991 us

   + EP:  13/16 | reduced combine: 19 GB/s (SO), 64 GB/s (SU), 171.713 us, 10991520 bytes | reduce: 1006 GB/s, 4.929 us
   + EP:  15/16 | reduced combine: 19 GB/s (SO), 68 GB/s (SU), 169.159 us, 11523136 bytes | reduce: 992 GB/s, 4.894 us
   + EP:  11/16 | reduced combine: 20 GB/s (SO), 64 GB/s (SU), 170.274 us, 10934048 bytes | reduce: 991 GB/s, 5.076 us


