=== EP_NIC_NAME=rdmap110s0 (auto, 200 Gb/s) ===
=== GIN: NCCL_GIN_TYPE=5 NCCL_SYM_GIN_KERNELS_ENABLE=0 ===
=== PREFER_OVERLAP=1 (--prefer-overlap-with-compute) ===
=== IMAGE=deepep-v2-efa-official:sm90-3c737dc  DeepEP=3c737dcf0da5889ba7efd26e05b4808307cc38af ===
+ docker run --rm --init --gpus all --privileged --network=host --ipc=host --ulimit memlock=-1 --ulimit stack=67108864 --device=/dev/infiniband --device=/dev/gdrdrv -v /sys/class/infiniband:/sys/class/infiniband:ro -e MASTER_ADDR=172.31.11.137 -e MASTER_PORT=8736 -e WORLD_SIZE=2 -e RANK=0 -e NCCL_DEBUG=WARN -e EP_NIC_NAME=rdmap110s0 -e NCCL_GIN_TYPE=5 -e NCCL_SYM_GIN_KERNELS_ENABLE=0 -e PYTHONUNBUFFERED=1 -e PYTHONFAULTHANDLER=1 deepep-v2-efa-official:sm90-3c737dc bash -lc 'timeout -s ABRT --kill-after=60 1800     python3 -u /opt/DeepEP/tests/elastic/test_ep.py     --num-processes=8 --num-tokens=8192     --hidden=7168 --num-topk=8 --num-experts=256     --num-sms=12 --allow-hybrid-mode=1     --prefer-overlap-with-compute=1 --test-first-only      '

==========
== CUDA ==
==========

CUDA Version 13.0.2

Container image Copyright (c) 2016-2023, NVIDIA CORPORATION & AFFILIATES. All rights reserved.

This container image and its contents are governed by the NVIDIA Deep Learning Container License.
By pulling and using the container, you accept the terms and conditions of this license:
https://developer.nvidia.com/ngc/nvidia-deep-learning-container-license

A copy of this license is made available in this container at /NGC-DL-CONTAINER-LICENSE for your convenience.

NCCL version 2.31.2+cuda13.3
DeepEP hybrid kernel selection: unordered
DeepEP hybrid kernel selection: unordered
DeepEP hybrid kernel selection: unordered
DeepEP hybrid kernel selection: unordered
DeepEP hybrid kernel selection: unordered
DeepEP hybrid kernel selection: unordered
DeepEP hybrid kernel selection: unordered
DeepEP hybrid kernel selection: unordered
DeepEP hybrid kernel selection: unordered
DeepEP hybrid kernel selection: unordered
DeepEP hybrid kernel selection: unordered
DeepEP hybrid kernel selection: unordered
DeepEP hybrid kernel selection: unordered
DeepEP hybrid kernel selection: unordered
DeepEP hybrid kernel selection: unordered
DeepEP hybrid kernel selection: unordered
Config:
 > Ranks: 2 x 8
 > Experts: 8/256
 > Tokens: 8192 (max: 8192), hidden: 7168
 > #SM: 12, #QPs: 13/13

Running all test cases:
 > Testing with do_handle_copy=1, expert_alignment=128, use_fp8_dispatch=1, num_bias=0, with_previous_event=0, async_with_compute_stream=0, allocate_on_comm_stream=0 ...
USDT:2026-08-31 09:58:40 491:491 SyncActivityProfilerHandler.cpp:52] profiler_startUSDT:2026-08-31 09:58:40 489:489 SyncActivityProfilerHandler.cpp:52] profiler_startUSDT:2026-08-31 09:58:40 490:490 SyncActivityProfilerHandler.cpp:52] profiler_startUSDT:2026-08-31 09:58:40 486:486 SyncActivityProfilerHandler.cpp:52] profiler_startUSDT:2026-08-31 09:58:40 488:488 SyncActivityProfilerHandler.cpp:52] profiler_startUSDT:2026-08-31 09:58:40 484:484 SyncActivityProfilerHandler.cpp:52] profiler_start





USDT:2026-08-31 09:58:40 485:485 SyncActivityProfilerHandler.cpp:52] profiler_startUSDT:2026-08-31 09:58:40 487:487 SyncActivityProfilerHandler.cpp:52] profiler_start

USDT:2026-08-31 09:58:40 490:490 SyncActivityProfilerHandler.cpp:59] profiler_stop
USDT:2026-08-31 09:58:40 491:491 SyncActivityProfilerHandler.cpp:59] profiler_stopUSDT:2026-08-31 09:58:40 488:488 SyncActivityProfilerHandler.cpp:59] profiler_stop
USDT:2026-08-31 09:58:40 484:484 SyncActivityProfilerHandler.cpp:59] profiler_stopUSDT:2026-08-31 09:58:40 485:485 SyncActivityProfilerHandler.cpp:59] profiler_stopUSDT:2026-08-31 09:58:40 487:487 SyncActivityProfilerHandler.cpp:59] profiler_stopUSDT:2026-08-31 09:58:40 486:486 SyncActivityProfilerHandler.cpp:59] profiler_stop




USDT:2026-08-31 09:58:40 489:489 SyncActivityProfilerHandler.cpp:59] profiler_stop
   * EP:   6/16 | dispatch: 78 GB/s (SO), 253 GB/s (SU), 1571.000 us, 397642752 bytes | copy: 3207 GB/s, 247.993 us
   * EP:   7/16 | dispatch: 78 GB/s (SO), 254 GB/s (SU), 1571.000 us, 399252672 bytes | copy: 3200 GB/s, 249.497 us
   * EP:   4/16 | dispatch: 78 GB/s (SO), 256 GB/s (SU), 1572.000 us, 402360192 bytes | copy: 3234 GB/s, 248.799 us
   * EP:   2/16 | dispatch: 78 GB/s (SO), 254 GB/s (SU), 1572.000 us, 399155328 bytes | copy: 3179 GB/s, 251.146 us
   * EP:   0/16 | dispatch: 78 GB/s (SO), 252 GB/s (SU), 1571.000 us, 395942976 bytes | copy: 3179 GB/s, 249.109 us
   * EP:   3/16 | dispatch: 78 GB/s (SO), 253 GB/s (SU), 1572.000 us, 398309184 bytes | copy: 3122 GB/s, 255.173 us
   * EP:   5/16 | dispatch: 78 GB/s (SO), 255 GB/s (SU), 1571.000 us, 399821760 bytes | copy: 3316 GB/s, 241.120 us
   * EP:   1/16 | dispatch: 78 GB/s (SO), 255 GB/s (SU), 1572.000 us, 400900032 bytes | copy: 3163 GB/s, 253.455 us
USDT:2026-08-31 09:58:40 486:486 SyncActivityProfilerHandler.cpp:52] profiler_startUSDT:2026-08-31 09:58:40 490:490 SyncActivityProfilerHandler.cpp:52] profiler_startUSDT:2026-08-31 09:58:40 489:489 SyncActivityProfilerHandler.cpp:52] profiler_startUSDT:2026-08-31 09:58:40 484:484 SyncActivityProfilerHandler.cpp:52] profiler_startUSDT:2026-08-31 09:58:40 487:487 SyncActivityProfilerHandler.cpp:52] profiler_startUSDT:2026-08-31 09:58:40 491:491 SyncActivityProfilerHandler.cpp:52] profiler_startUSDT:2026-08-31 09:58:40 488:488 SyncActivityProfilerHandler.cpp:52] profiler_start

USDT:2026-08-31 09:58:40 485:485 SyncActivityProfilerHandler.cpp:52] profiler_start





USDT:2026-08-31 09:58:41 488:488 SyncActivityProfilerHandler.cpp:59] profiler_stopUSDT:2026-08-31 09:58:41 490:490 SyncActivityProfilerHandler.cpp:59] profiler_stopUSDT:2026-08-31 09:58:41 484:484 SyncActivityProfilerHandler.cpp:59] profiler_stop


USDT:2026-08-31 09:58:41 487:487 SyncActivityProfilerHandler.cpp:59] profiler_stopUSDT:2026-08-31 09:58:41 486:486 SyncActivityProfilerHandler.cpp:59] profiler_stopUSDT:2026-08-31 09:58:41 489:489 SyncActivityProfilerHandler.cpp:59] profiler_stopUSDT:2026-08-31 09:58:41 491:491 SyncActivityProfilerHandler.cpp:59] profiler_stop


USDT:2026-08-31 09:58:41 485:485 SyncActivityProfilerHandler.cpp:59] profiler_stop

   - EP:   4/16 | expanded dispatch: 78 GB/s (SO), 255 GB/s (SU), 1576.000 us, 402360192 bytes | copy: 2817 GB/s, 321.608 us
   - EP:   2/16 | expanded dispatch: 78 GB/s (SO), 253 GB/s (SU), 1576.000 us, 399155328 bytes | copy: 2810 GB/s, 319.885 us
   - EP:   7/16 | expanded dispatch: 78 GB/s (SO), 253 GB/s (SU), 1575.000 us, 399252672 bytes | copy: 2740 GB/s, 326.303 us
   - EP:   6/16 | expanded dispatch: 78 GB/s (SO), 252 GB/s (SU), 1575.000 us, 397642752 bytes | copy: 2782 GB/s, 321.340 us
   - EP:   0/16 | expanded dispatch: 78 GB/s (SO), 251 GB/s (SU), 1575.000 us, 395942976 bytes | copy: 2735 GB/s, 324.943 us
   - EP:   5/16 | expanded dispatch: 78 GB/s (SO), 254 GB/s (SU), 1576.000 us, 399821760 bytes | copy: 2856 GB/s, 315.286 us
   - EP:   3/16 | expanded dispatch: 78 GB/s (SO), 253 GB/s (SU), 1576.000 us, 398309184 bytes | copy: 2779 GB/s, 322.887 us
   - EP:   1/16 | expanded dispatch: 78 GB/s (SO), 254 GB/s (SU), 1576.000 us, 400900032 bytes | copy: 2790 GB/s, 322.206 us
USDT:2026-08-31 09:58:41 490:490 SyncActivityProfilerHandler.cpp:52] profiler_start
USDT:2026-08-31 09:58:41 488:488 SyncActivityProfilerHandler.cpp:52] profiler_startUSDT:2026-08-31 09:58:41 487:487 SyncActivityProfilerHandler.cpp:52] profiler_startUSDT:2026-08-31 09:58:41 484:484 SyncActivityProfilerHandler.cpp:52] profiler_start
USDT:2026-08-31 09:58:41 491:491 SyncActivityProfilerHandler.cpp:52] profiler_start


USDT:2026-08-31 09:58:41 486:486 SyncActivityProfilerHandler.cpp:52] profiler_startUSDT:2026-08-31 09:58:41 489:489 SyncActivityProfilerHandler.cpp:52] profiler_start

USDT:2026-08-31 09:58:41 485:485 SyncActivityProfilerHandler.cpp:52] profiler_start
USDT:2026-08-31 09:58:42 490:490 SyncActivityProfilerHandler.cpp:59] profiler_stopUSDT:2026-08-31 09:58:42 488:488 SyncActivityProfilerHandler.cpp:59] profiler_stopUSDT:2026-08-31 09:58:42 491:491 SyncActivityProfilerHandler.cpp:59] profiler_stopUSDT:2026-08-31 09:58:42 484:484 SyncActivityProfilerHandler.cpp:59] profiler_stop



USDT:2026-08-31 09:58:42 489:489 SyncActivityProfilerHandler.cpp:59] profiler_stopUSDT:2026-08-31 09:58:42 487:487 SyncActivityProfilerHandler.cpp:59] profiler_stop

USDT:2026-08-31 09:58:42 485:485 SyncActivityProfilerHandler.cpp:59] profiler_stopUSDT:2026-08-31 09:58:42 486:486 SyncActivityProfilerHandler.cpp:59] profiler_stop

   # EP:   4/16 | cached dispatch: 78 GB/s (SO), 256 GB/s (SU), 1569.000 us, 402360192 bytes | copy: 3332 GB/s, 241.529 us
   # EP:   2/16 | cached dispatch: 78 GB/s (SO), 254 GB/s (SU), 1569.000 us, 399155328 bytes | copy: 3347 GB/s, 238.523 us
   # EP:   0/16 | cached dispatch: 78 GB/s (SO), 252 GB/s (SU), 1569.000 us, 395942976 bytes | copy: 3283 GB/s, 241.203 us
   # EP:   6/16 | cached dispatch: 78 GB/s (SO), 253 GB/s (SU), 1569.000 us, 397642752 bytes | copy: 3397 GB/s, 234.081 us
   # EP:   7/16 | cached dispatch: 78 GB/s (SO), 254 GB/s (SU), 1569.000 us, 399252672 bytes | copy: 3331 GB/s, 239.721 us
   # EP:   5/16 | cached dispatch: 78 GB/s (SO), 255 GB/s (SU), 1569.000 us, 399821760 bytes | copy: 3374 GB/s, 236.994 us
   # EP:   3/16 | cached dispatch: 78 GB/s (SO), 254 GB/s (SU), 1569.000 us, 398309184 bytes | copy: 3210 GB/s, 248.163 us
   # EP:   1/16 | cached dispatch: 78 GB/s (SO), 256 GB/s (SU), 1569.000 us, 400900032 bytes | copy: 3356 GB/s, 238.899 us
USDT:2026-08-31 09:58:42 487:487 SyncActivityProfilerHandler.cpp:52] profiler_start
USDT:2026-08-31 09:58:42 488:488 SyncActivityProfilerHandler.cpp:52] profiler_startUSDT:2026-08-31 09:58:42 490:490 SyncActivityProfilerHandler.cpp:52] profiler_start

USDT:2026-08-31 09:58:42 484:484 SyncActivityProfilerHandler.cpp:52] profiler_start
USDT:2026-08-31 09:58:42 486:486 SyncActivityProfilerHandler.cpp:52] profiler_startUSDT:2026-08-31 09:58:42 491:491 SyncActivityProfilerHandler.cpp:52] profiler_start

USDT:2026-08-31 09:58:42 485:485 SyncActivityProfilerHandler.cpp:52] profiler_start
USDT:2026-08-31 09:58:42 489:489 SyncActivityProfilerHandler.cpp:52] profiler_start
USDT:2026-08-31 09:58:43 487:487 SyncActivityProfilerHandler.cpp:59] profiler_stop
USDT:2026-08-31 09:58:43 490:490 SyncActivityProfilerHandler.cpp:59] profiler_stop
USDT:2026-08-31 09:58:43 484:484 SyncActivityProfilerHandler.cpp:59] profiler_stop
USDT:2026-08-31 09:58:43 485:485 SyncActivityProfilerHandler.cpp:59] profiler_stopUSDT:2026-08-31 09:58:43 491:491 SyncActivityProfilerHandler.cpp:59] profiler_stop

USDT:2026-08-31 09:58:43 489:489 SyncActivityProfilerHandler.cpp:59] profiler_stop
USDT:2026-08-31 09:58:43 486:486 SyncActivityProfilerHandler.cpp:59] profiler_stopUSDT:2026-08-31 09:58:43 488:488 SyncActivityProfilerHandler.cpp:59] profiler_stop

   @ EP:   3/16 | combine: 71 GB/s (SO), 231 GB/s (SU), 3302.000 us, 764277024 bytes | reduce: 3717 GB/s, 94.778 us
   @ EP:   6/16 | combine: 68 GB/s (SO), 221 GB/s (SU), 3451.000 us, 762998272 bytes | reduce: 3716 GB/s, 94.774 us
   @ EP:   0/16 | combine: 68 GB/s (SO), 220 GB/s (SU), 3457.000 us, 759736736 bytes | reduce: 3710 GB/s, 95.000 us
   @ EP:   5/16 | combine: 67 GB/s (SO), 220 GB/s (SU), 3491.000 us, 767179360 bytes | reduce: 3721 GB/s, 94.638 us
   @ EP:   1/16 | combine: 67 GB/s (SO), 220 GB/s (SU), 3503.000 us, 769248352 bytes | reduce: 3725 GB/s, 94.575 us
   @ EP:   7/16 | combine: 67 GB/s (SO), 220 GB/s (SU), 3483.000 us, 766087392 bytes | reduce: 3716 GB/s, 94.749 us
   @ EP:   2/16 | combine: 68 GB/s (SO), 221 GB/s (SU), 3463.000 us, 765900608 bytes | reduce: 3718 GB/s, 94.733 us
   @ EP:   4/16 | combine: 68 GB/s (SO), 223 GB/s (SU), 3462.000 us, 772050112 bytes | reduce: 3725 GB/s, 94.528 us
USDT:2026-08-31 09:58:43 487:487 SyncActivityProfilerHandler.cpp:52] profiler_start
USDT:2026-08-31 09:58:43 490:490 SyncActivityProfilerHandler.cpp:52] profiler_start
USDT:2026-08-31 09:58:43 484:484 SyncActivityProfilerHandler.cpp:52] profiler_start
USDT:2026-08-31 09:58:43 491:491 SyncActivityProfilerHandler.cpp:52] profiler_start
USDT:2026-08-31 09:58:43 486:486 SyncActivityProfilerHandler.cpp:52] profiler_startUSDT:2026-08-31 09:58:43 485:485 SyncActivityProfilerHandler.cpp:52] profiler_start

USDT:2026-08-31 09:58:43 488:488 SyncActivityProfilerHandler.cpp:52] profiler_start
USDT:2026-08-31 09:58:43 489:489 SyncActivityProfilerHandler.cpp:52] profiler_start
USDT:2026-08-31 09:58:44 487:487 SyncActivityProfilerHandler.cpp:59] profiler_stop
USDT:2026-08-31 09:58:44 490:490 SyncActivityProfilerHandler.cpp:59] profiler_stop
USDT:2026-08-31 09:58:44 484:484 SyncActivityProfilerHandler.cpp:59] profiler_stop
USDT:2026-08-31 09:58:44 491:491 SyncActivityProfilerHandler.cpp:59] profiler_stop
USDT:2026-08-31 09:58:44 488:488 SyncActivityProfilerHandler.cpp:59] profiler_stop
USDT:2026-08-31 09:58:44 486:486 SyncActivityProfilerHandler.cpp:59] profiler_stop
USDT:2026-08-31 09:58:44 489:489 SyncActivityProfilerHandler.cpp:59] profiler_stop
USDT:2026-08-31 09:58:44 485:485 SyncActivityProfilerHandler.cpp:59] profiler_stop
   + EP:   3/16 | reduced combine: 69 GB/s (SO), 226 GB/s (SU), 3389.000 us, 764277024 bytes | reduce: 3709 GB/s, 94.990 us
   + EP:   2/16 | reduced combine: 66 GB/s (SO), 214 GB/s (SU), 3578.000 us, 765900608 bytes | reduce: 3713 GB/s, 94.861 us   + EP:   6/16 | reduced combine: 69 GB/s (SO), 224 GB/s (SU), 3409.000 us, 762998272 bytes | reduce: 3710 GB/s, 94.941 us

   + EP:   4/16 | reduced combine: 66 GB/s (SO), 218 GB/s (SU), 3548.000 us, 772050112 bytes | reduce: 3714 GB/s, 94.809 us
   + EP:   0/16 | reduced combine: 66 GB/s (SO), 214 GB/s (SU), 3551.000 us, 759736736 bytes | reduce: 3710 GB/s, 95.007 us
   + EP:   7/16 | reduced combine: 66 GB/s (SO), 215 GB/s (SU), 3566.000 us, 766087392 bytes | reduce: 3717 GB/s, 94.736 us
   + EP:   1/16 | reduced combine: 66 GB/s (SO), 216 GB/s (SU), 3567.000 us, 769248352 bytes | reduce: 3711 GB/s, 94.944 us
   + EP:   5/16 | reduced combine: 65 GB/s (SO), 214 GB/s (SU), 3591.000 us, 767179360 bytes | reduce: 3714 GB/s, 94.809 us


