=== EP_NIC_NAME=rdmap110s0 (auto, 200 Gb/s) ===
=== GIN: NCCL_GIN_TYPE=5 NCCL_SYM_GIN_KERNELS_ENABLE=0 ===
=== PREFER_OVERLAP=0 (--prefer-overlap-with-compute) ===
=== IMAGE=deepep-v2-efa-official:sm90-3c737dc  DeepEP=3c737dcf0da5889ba7efd26e05b4808307cc38af ===
+ docker run --rm --init --gpus all --privileged --network=host --ipc=host --ulimit memlock=-1 --ulimit stack=67108864 --device=/dev/infiniband --device=/dev/gdrdrv -v /sys/class/infiniband:/sys/class/infiniband:ro -e MASTER_ADDR=172.31.11.137 -e MASTER_PORT=8727 -e WORLD_SIZE=2 -e RANK=1 -e NCCL_DEBUG=WARN -e EP_NIC_NAME=rdmap110s0 -e NCCL_GIN_TYPE=5 -e NCCL_SYM_GIN_KERNELS_ENABLE=0 -e PYTHONUNBUFFERED=1 -e PYTHONFAULTHANDLER=1 deepep-v2-efa-official:sm90-3c737dc bash -lc 'timeout -s ABRT --kill-after=60 1800     python3 -u /opt/DeepEP/tests/elastic/test_ep.py     --num-processes=8 --num-tokens=8192     --hidden=7168 --num-topk=8 --num-experts=256     --num-sms=12 --allow-hybrid-mode=1     --prefer-overlap-with-compute=0 --test-first-only      '

==========
== CUDA ==
==========

CUDA Version 13.0.2

Container image Copyright (c) 2016-2023, NVIDIA CORPORATION & AFFILIATES. All rights reserved.

This container image and its contents are governed by the NVIDIA Deep Learning Container License.
By pulling and using the container, you accept the terms and conditions of this license:
https://developer.nvidia.com/ngc/nvidia-deep-learning-container-license

A copy of this license is made available in this container at /NGC-DL-CONTAINER-LICENSE for your convenience.

DeepEP hybrid kernel selection: unordered
DeepEP hybrid kernel selection: unordered
DeepEP hybrid kernel selection: unordered
DeepEP hybrid kernel selection: unordered
DeepEP hybrid kernel selection: unordered
DeepEP hybrid kernel selection: unordered
DeepEP hybrid kernel selection: unordered
DeepEP hybrid kernel selection: unordered
DeepEP hybrid kernel selection: unordered
DeepEP hybrid kernel selection: unordered
DeepEP hybrid kernel selection: unordered
DeepEP hybrid kernel selection: unordered
DeepEP hybrid kernel selection: unordered
DeepEP hybrid kernel selection: unordered
DeepEP hybrid kernel selection: unordered
DeepEP hybrid kernel selection: unordered
Config:
 > Ranks: 2 x 8
 > Experts: 8/256
 > Tokens: 8184 (max: 8192), hidden: 7168
 > #SM: 12, #QPs: 13/13

Running all test cases:
 > Testing with do_handle_copy=1, expert_alignment=128, use_fp8_dispatch=1, num_bias=0, with_previous_event=0, async_with_compute_stream=0, allocate_on_comm_stream=0 ...
USDT:2026-08-31 09:40:14 491:491 SyncActivityProfilerHandler.cpp:52] profiler_startUSDT:2026-08-31 09:40:14 493:493 SyncActivityProfilerHandler.cpp:52] profiler_startUSDT:2026-08-31 09:40:14 496:496 SyncActivityProfilerHandler.cpp:52] profiler_startUSDT:2026-08-31 09:40:14 492:492 SyncActivityProfilerHandler.cpp:52] profiler_startUSDT:2026-08-31 09:40:14 490:490 SyncActivityProfilerHandler.cpp:52] profiler_startUSDT:2026-08-31 09:40:14 495:495 SyncActivityProfilerHandler.cpp:52] profiler_startUSDT:2026-08-31 09:40:14 497:497 SyncActivityProfilerHandler.cpp:52] profiler_startUSDT:2026-08-31 09:40:14 494:494 SyncActivityProfilerHandler.cpp:52] profiler_start







USDT:2026-08-31 09:40:14 496:496 SyncActivityProfilerHandler.cpp:59] profiler_stopUSDT:2026-08-31 09:40:14 493:493 SyncActivityProfilerHandler.cpp:59] profiler_stopUSDT:2026-08-31 09:40:14 491:491 SyncActivityProfilerHandler.cpp:59] profiler_stop
USDT:2026-08-31 09:40:14 495:495 SyncActivityProfilerHandler.cpp:59] profiler_stop
USDT:2026-08-31 09:40:14 494:494 SyncActivityProfilerHandler.cpp:59] profiler_stop
USDT:2026-08-31 09:40:14 497:497 SyncActivityProfilerHandler.cpp:59] profiler_stopUSDT:2026-08-31 09:40:14 490:490 SyncActivityProfilerHandler.cpp:59] profiler_stopUSDT:2026-08-31 09:40:14 492:492 SyncActivityProfilerHandler.cpp:59] profiler_stop




   * EP:  14/16 | dispatch: 81 GB/s (SO), 265 GB/s (SU), 1509.000 us, 400525632 bytes | copy: 3200 GB/s, 250.340 us
   * EP:   8/16 | dispatch: 81 GB/s (SO), 265 GB/s (SU), 1509.000 us, 400166208 bytes | copy: 3223 GB/s, 248.354 us
   * EP:  15/16 | dispatch: 81 GB/s (SO), 267 GB/s (SU), 1508.000 us, 401903424 bytes | copy: 3209 GB/s, 250.494 us
   * EP:  12/16 | dispatch: 81 GB/s (SO), 266 GB/s (SU), 1508.000 us, 401401728 bytes | copy: 3235 GB/s, 248.178 us
   * EP:  10/16 | dispatch: 81 GB/s (SO), 266 GB/s (SU), 1508.000 us, 401289408 bytes | copy: 3348 GB/s, 239.747 us
   * EP:   9/16 | dispatch: 81 GB/s (SO), 264 GB/s (SU), 1508.000 us, 398795904 bytes | copy: 3196 GB/s, 249.564 us
   * EP:  11/16 | dispatch: 81 GB/s (SO), 265 GB/s (SU), 1509.000 us, 400203648 bytes | copy: 3225 GB/s, 248.172 us
   * EP:  13/16 | dispatch: 81 GB/s (SO), 264 GB/s (SU), 1508.000 us, 398728512 bytes | copy: 3158 GB/s, 252.512 us
USDT:2026-08-31 09:40:15 495:495 SyncActivityProfilerHandler.cpp:52] profiler_start
USDT:2026-08-31 09:40:15 496:496 SyncActivityProfilerHandler.cpp:52] profiler_startUSDT:2026-08-31 09:40:15 494:494 SyncActivityProfilerHandler.cpp:52] profiler_startUSDT:2026-08-31 09:40:15 497:497 SyncActivityProfilerHandler.cpp:52] profiler_start
USDT:2026-08-31 09:40:15 493:493 SyncActivityProfilerHandler.cpp:52] profiler_start


USDT:2026-08-31 09:40:15 490:490 SyncActivityProfilerHandler.cpp:52] profiler_start
USDT:2026-08-31 09:40:15 492:492 SyncActivityProfilerHandler.cpp:52] profiler_start
USDT:2026-08-31 09:40:15 491:491 SyncActivityProfilerHandler.cpp:52] profiler_start
USDT:2026-08-31 09:40:15 496:496 SyncActivityProfilerHandler.cpp:59] profiler_stop
USDT:2026-08-31 09:40:15 493:493 SyncActivityProfilerHandler.cpp:59] profiler_stopUSDT:2026-08-31 09:40:15 490:490 SyncActivityProfilerHandler.cpp:59] profiler_stopUSDT:2026-08-31 09:40:15 494:494 SyncActivityProfilerHandler.cpp:59] profiler_stop

USDT:2026-08-31 09:40:15 497:497 SyncActivityProfilerHandler.cpp:59] profiler_stopUSDT:2026-08-31 09:40:15 495:495 SyncActivityProfilerHandler.cpp:59] profiler_stop

USDT:2026-08-31 09:40:15 491:491 SyncActivityProfilerHandler.cpp:59] profiler_stop
USDT:2026-08-31 09:40:15 492:492 SyncActivityProfilerHandler.cpp:59] profiler_stop

   - EP:  14/16 | expanded dispatch: 81 GB/s (SO), 265 GB/s (SU), 1509.000 us, 400525632 bytes | copy: 2800 GB/s, 322.100 us
   - EP:  12/16 | expanded dispatch: 81 GB/s (SO), 266 GB/s (SU), 1509.000 us, 401401728 bytes | copy: 2779 GB/s, 325.169 us
   - EP:  15/16 | expanded dispatch: 81 GB/s (SO), 266 GB/s (SU), 1509.000 us, 401903424 bytes | copy: 2831 GB/s, 319.454 us
   - EP:   8/16 | expanded dispatch: 81 GB/s (SO), 265 GB/s (SU), 1509.000 us, 400166208 bytes | copy: 2790 GB/s, 323.398 us
   - EP:  13/16 | expanded dispatch: 81 GB/s (SO), 264 GB/s (SU), 1509.000 us, 398728512 bytes | copy: 2810 GB/s, 319.281 us
   - EP:   9/16 | expanded dispatch: 81 GB/s (SO), 264 GB/s (SU), 1509.000 us, 398795904 bytes | copy: 2761 GB/s, 324.160 us
   - EP:  10/16 | expanded dispatch: 81 GB/s (SO), 266 GB/s (SU), 1509.000 us, 401289408 bytes | copy: 2797 GB/s, 322.665 us
   - EP:  11/16 | expanded dispatch: 81 GB/s (SO), 265 GB/s (SU), 1509.000 us, 400203648 bytes | copy: 2755 GB/s, 327.112 us
USDT:2026-08-31 09:40:15 496:496 SyncActivityProfilerHandler.cpp:52] profiler_start
USDT:2026-08-31 09:40:15 490:490 SyncActivityProfilerHandler.cpp:52] profiler_start
USDT:2026-08-31 09:40:15 495:495 SyncActivityProfilerHandler.cpp:52] profiler_startUSDT:2026-08-31 09:40:15 497:497 SyncActivityProfilerHandler.cpp:52] profiler_start

USDT:2026-08-31 09:40:15 492:492 SyncActivityProfilerHandler.cpp:52] profiler_startUSDT:2026-08-31 09:40:15 494:494 SyncActivityProfilerHandler.cpp:52] profiler_start

USDT:2026-08-31 09:40:15 493:493 SyncActivityProfilerHandler.cpp:52] profiler_start
USDT:2026-08-31 09:40:15 491:491 SyncActivityProfilerHandler.cpp:52] profiler_start
USDT:2026-08-31 09:40:16 495:495 SyncActivityProfilerHandler.cpp:59] profiler_stopUSDT:2026-08-31 09:40:16 491:491 SyncActivityProfilerHandler.cpp:59] profiler_stop

USDT:2026-08-31 09:40:16 497:497 SyncActivityProfilerHandler.cpp:59] profiler_stopUSDT:2026-08-31 09:40:16 490:490 SyncActivityProfilerHandler.cpp:59] profiler_stop
USDT:2026-08-31 09:40:16 493:493 SyncActivityProfilerHandler.cpp:59] profiler_stop
USDT:2026-08-31 09:40:16 494:494 SyncActivityProfilerHandler.cpp:59] profiler_stop
USDT:2026-08-31 09:40:16 496:496 SyncActivityProfilerHandler.cpp:59] profiler_stop

USDT:2026-08-31 09:40:16 492:492 SyncActivityProfilerHandler.cpp:59] profiler_stop
   # EP:  15/16 | cached dispatch: 81 GB/s (SO), 267 GB/s (SU), 1506.000 us, 401903424 bytes | copy: 3424 GB/s, 234.735 us
   # EP:  12/16 | cached dispatch: 81 GB/s (SO), 267 GB/s (SU), 1506.000 us, 401401728 bytes | copy: 3333 GB/s, 240.883 us
   # EP:  13/16 | cached dispatch: 81 GB/s (SO), 265 GB/s (SU), 1506.000 us, 398728512 bytes | copy: 3395 GB/s, 234.902 us
   # EP:   8/16 | cached dispatch: 81 GB/s (SO), 266 GB/s (SU), 1506.000 us, 400166208 bytes | copy: 3353 GB/s, 238.712 us
   # EP:  14/16 | cached dispatch: 81 GB/s (SO), 266 GB/s (SU), 1506.000 us, 400525632 bytes | copy: 3374 GB/s, 237.448 us
   # EP:  11/16 | cached dispatch: 81 GB/s (SO), 266 GB/s (SU), 1506.000 us, 400203648 bytes | copy: 3327 GB/s, 240.604 us
   # EP:   9/16 | cached dispatch: 81 GB/s (SO), 265 GB/s (SU), 1506.000 us, 398795904 bytes | copy: 3334 GB/s, 239.260 us
   # EP:  10/16 | cached dispatch: 81 GB/s (SO), 266 GB/s (SU), 1506.000 us, 401289408 bytes | copy: 3340 GB/s, 240.327 us
USDT:2026-08-31 09:40:16 495:495 SyncActivityProfilerHandler.cpp:52] profiler_startUSDT:2026-08-31 09:40:16 497:497 SyncActivityProfilerHandler.cpp:52] profiler_startUSDT:2026-08-31 09:40:16 490:490 SyncActivityProfilerHandler.cpp:52] profiler_startUSDT:2026-08-31 09:40:16 494:494 SyncActivityProfilerHandler.cpp:52] profiler_start


USDT:2026-08-31 09:40:16 492:492 SyncActivityProfilerHandler.cpp:52] profiler_startUSDT:2026-08-31 09:40:16 493:493 SyncActivityProfilerHandler.cpp:52] profiler_start
USDT:2026-08-31 09:40:16 491:491 SyncActivityProfilerHandler.cpp:52] profiler_start


USDT:2026-08-31 09:40:16 496:496 SyncActivityProfilerHandler.cpp:52] profiler_start
USDT:2026-08-31 09:40:17 495:495 SyncActivityProfilerHandler.cpp:59] profiler_stop
USDT:2026-08-31 09:40:17 497:497 SyncActivityProfilerHandler.cpp:59] profiler_stopUSDT:2026-08-31 09:40:17 491:491 SyncActivityProfilerHandler.cpp:59] profiler_stop

USDT:2026-08-31 09:40:17 492:492 SyncActivityProfilerHandler.cpp:59] profiler_stop
USDT:2026-08-31 09:40:17 490:490 SyncActivityProfilerHandler.cpp:59] profiler_stop
USDT:2026-08-31 09:40:17 493:493 SyncActivityProfilerHandler.cpp:59] profiler_stop
USDT:2026-08-31 09:40:17 494:494 SyncActivityProfilerHandler.cpp:59] profiler_stop
USDT:2026-08-31 09:40:17 496:496 SyncActivityProfilerHandler.cpp:59] profiler_stop
   @ EP:  13/16 | combine: 71 GB/s (SO), 233 GB/s (SU), 3278.000 us, 765081632 bytes | reduce: 3708 GB/s, 94.875 us
   @ EP:  10/16 | combine: 72 GB/s (SO), 236 GB/s (SU), 3269.000 us, 769995488 bytes | reduce: 3715 GB/s, 94.736 us   @ EP:   9/16 | combine: 71 GB/s (SO), 233 GB/s (SU), 3281.000 us, 765210944 bytes | reduce: 3705 GB/s, 94.982 us

   @ EP:  15/16 | combine: 72 GB/s (SO), 236 GB/s (SU), 3263.000 us, 771173664 bytes | reduce: 3705 GB/s, 94.850 us
   @ EP:  14/16 | combine: 69 GB/s (SO), 225 GB/s (SU), 3413.000 us, 768529952 bytes | reduce: 3701 GB/s, 95.064 us
   @ EP:  11/16 | combine: 71 GB/s (SO), 233 GB/s (SU), 3299.000 us, 767912128 bytes | reduce: 3702 GB/s, 95.041 us
   @ EP:  12/16 | combine: 71 GB/s (SO), 234 GB/s (SU), 3286.000 us, 770211008 bytes | reduce: 3714 GB/s, 94.722 us
   @ EP:   8/16 | combine: 71 GB/s (SO), 234 GB/s (SU), 3282.000 us, 767840288 bytes | reduce: 3711 GB/s, 94.869 us
USDT:2026-08-31 09:40:17 493:493 SyncActivityProfilerHandler.cpp:52] profiler_start
USDT:2026-08-31 09:40:17 490:490 SyncActivityProfilerHandler.cpp:52] profiler_start
USDT:2026-08-31 09:40:17 492:492 SyncActivityProfilerHandler.cpp:52] profiler_start
USDT:2026-08-31 09:40:17 494:494 SyncActivityProfilerHandler.cpp:52] profiler_start
USDT:2026-08-31 09:40:17 497:497 SyncActivityProfilerHandler.cpp:52] profiler_start
USDT:2026-08-31 09:40:17 496:496 SyncActivityProfilerHandler.cpp:52] profiler_start
USDT:2026-08-31 09:40:17 491:491 SyncActivityProfilerHandler.cpp:52] profiler_start
USDT:2026-08-31 09:40:17 495:495 SyncActivityProfilerHandler.cpp:52] profiler_start
USDT:2026-08-31 09:40:18 493:493 SyncActivityProfilerHandler.cpp:59] profiler_stop
USDT:2026-08-31 09:40:18 490:490 SyncActivityProfilerHandler.cpp:59] profiler_stop
USDT:2026-08-31 09:40:18 492:492 SyncActivityProfilerHandler.cpp:59] profiler_stop
USDT:2026-08-31 09:40:18 497:497 SyncActivityProfilerHandler.cpp:59] profiler_stop
USDT:2026-08-31 09:40:18 494:494 SyncActivityProfilerHandler.cpp:59] profiler_stop
USDT:2026-08-31 09:40:18 491:491 SyncActivityProfilerHandler.cpp:59] profiler_stop
USDT:2026-08-31 09:40:18 495:495 SyncActivityProfilerHandler.cpp:59] profiler_stop
USDT:2026-08-31 09:40:18 496:496 SyncActivityProfilerHandler.cpp:59] profiler_stop
   + EP:  10/16 | reduced combine: 62 GB/s (SO), 203 GB/s (SU), 3795.000 us, 769995488 bytes | reduce: 3707 GB/s, 94.923 us
   + EP:  11/16 | reduced combine: 63 GB/s (SO), 205 GB/s (SU), 3746.000 us, 767912128 bytes | reduce: 3705 GB/s, 94.952 us
   + EP:  14/16 | reduced combine: 61 GB/s (SO), 199 GB/s (SU), 3871.000 us, 768529952 bytes | reduce: 3700 GB/s, 95.081 us
   + EP:  13/16 | reduced combine: 60 GB/s (SO), 197 GB/s (SU), 3878.000 us, 765081632 bytes | reduce: 3706 GB/s, 94.931 us
   + EP:  15/16 | reduced combine: 62 GB/s (SO), 203 GB/s (SU), 3793.000 us, 771173664 bytes | reduce: 3716 GB/s, 94.590 us   + EP:   8/16 | reduced combine: 62 GB/s (SO), 204 GB/s (SU), 3769.000 us, 767840288 bytes | reduce: 3709 GB/s, 94.914 us

   + EP:   9/16 | reduced combine: 61 GB/s (SO), 198 GB/s (SU), 3864.000 us, 765210944 bytes | reduce: 3714 GB/s, 94.753 us
   + EP:  12/16 | reduced combine: 62 GB/s (SO), 203 GB/s (SU), 3793.000 us, 770211008 bytes | reduce: 3711 GB/s, 94.797 us


