=== EP_NIC_NAME=rdmap110s0 (auto, 200 Gb/s) ===
=== GIN: NCCL_GIN_TYPE=5 NCCL_SYM_GIN_KERNELS_ENABLE=0 ===
=== PREFER_OVERLAP=1 (--prefer-overlap-with-compute) ===
=== IMAGE=deepep-v2-efa-official:sm90-3c737dc  DeepEP=3c737dcf0da5889ba7efd26e05b4808307cc38af ===
+ docker run --rm --init --gpus all --privileged --network=host --ipc=host --ulimit memlock=-1 --ulimit stack=67108864 --device=/dev/infiniband --device=/dev/gdrdrv -v /sys/class/infiniband:/sys/class/infiniband:ro -e MASTER_ADDR=172.31.11.137 -e MASTER_PORT=8728 -e WORLD_SIZE=2 -e RANK=1 -e NCCL_DEBUG=WARN -e EP_NIC_NAME=rdmap110s0 -e NCCL_GIN_TYPE=5 -e NCCL_SYM_GIN_KERNELS_ENABLE=0 -e PYTHONUNBUFFERED=1 -e PYTHONFAULTHANDLER=1 deepep-v2-efa-official:sm90-3c737dc bash -lc 'timeout -s ABRT --kill-after=60 1800     python3 -u /opt/DeepEP/tests/elastic/test_ep.py     --num-processes=8 --num-tokens=8192     --hidden=7168 --num-topk=8 --num-experts=256     --num-sms=12 --allow-hybrid-mode=1     --prefer-overlap-with-compute=1 --test-first-only      '

==========
== CUDA ==
==========

CUDA Version 13.0.2

Container image Copyright (c) 2016-2023, NVIDIA CORPORATION & AFFILIATES. All rights reserved.

This container image and its contents are governed by the NVIDIA Deep Learning Container License.
By pulling and using the container, you accept the terms and conditions of this license:
https://developer.nvidia.com/ngc/nvidia-deep-learning-container-license

A copy of this license is made available in this container at /NGC-DL-CONTAINER-LICENSE for your convenience.

DeepEP hybrid kernel selection: unordered
DeepEP hybrid kernel selection: unordered
DeepEP hybrid kernel selection: unordered
DeepEP hybrid kernel selection: unordered
DeepEP hybrid kernel selection: unordered
DeepEP hybrid kernel selection: unordered
DeepEP hybrid kernel selection: unordered
DeepEP hybrid kernel selection: unordered
DeepEP hybrid kernel selection: unordered
DeepEP hybrid kernel selection: unordered
DeepEP hybrid kernel selection: unordered
DeepEP hybrid kernel selection: unordered
DeepEP hybrid kernel selection: unordered
DeepEP hybrid kernel selection: unordered
DeepEP hybrid kernel selection: unordered
DeepEP hybrid kernel selection: unordered
Config:
 > Ranks: 2 x 8
 > Experts: 8/256
 > Tokens: 8184 (max: 8192), hidden: 7168
 > #SM: 12, #QPs: 13/13

Running all test cases:
 > Testing with do_handle_copy=1, expert_alignment=128, use_fp8_dispatch=1, num_bias=0, with_previous_event=0, async_with_compute_stream=0, allocate_on_comm_stream=0 ...
USDT:2026-08-31 09:42:15 484:484 SyncActivityProfilerHandler.cpp:52] profiler_start
USDT:2026-08-31 09:42:15 488:488 SyncActivityProfilerHandler.cpp:52] profiler_startUSDT:2026-08-31 09:42:15 487:487 SyncActivityProfilerHandler.cpp:52] profiler_start

USDT:2026-08-31 09:42:15 483:483 SyncActivityProfilerHandler.cpp:52] profiler_startUSDT:2026-08-31 09:42:15 489:489 SyncActivityProfilerHandler.cpp:52] profiler_startUSDT:2026-08-31 09:42:15 490:490 SyncActivityProfilerHandler.cpp:52] profiler_startUSDT:2026-08-31 09:42:15 485:485 SyncActivityProfilerHandler.cpp:52] profiler_start



USDT:2026-08-31 09:42:15 486:486 SyncActivityProfilerHandler.cpp:52] profiler_start
USDT:2026-08-31 09:42:16 484:484 SyncActivityProfilerHandler.cpp:59] profiler_stop
USDT:2026-08-31 09:42:16 490:490 SyncActivityProfilerHandler.cpp:59] profiler_stopUSDT:2026-08-31 09:42:16 488:488 SyncActivityProfilerHandler.cpp:59] profiler_stopUSDT:2026-08-31 09:42:16 486:486 SyncActivityProfilerHandler.cpp:59] profiler_stopUSDT:2026-08-31 09:42:16 483:483 SyncActivityProfilerHandler.cpp:59] profiler_stop
USDT:2026-08-31 09:42:16 487:487 SyncActivityProfilerHandler.cpp:59] profiler_stopUSDT:2026-08-31 09:42:16 489:489 SyncActivityProfilerHandler.cpp:59] profiler_stop




USDT:2026-08-31 09:42:16 485:485 SyncActivityProfilerHandler.cpp:59] profiler_stop
   * EP:   9/16 | dispatch: 78 GB/s (SO), 254 GB/s (SU), 1572.000 us, 398795904 bytes | copy: 3172 GB/s, 251.414 us
   * EP:   8/16 | dispatch: 78 GB/s (SO), 255 GB/s (SU), 1572.000 us, 400166208 bytes | copy: 3272 GB/s, 244.618 us
   * EP:  12/16 | dispatch: 78 GB/s (SO), 256 GB/s (SU), 1571.000 us, 401401728 bytes | copy: 3157 GB/s, 254.290 us
   * EP:  13/16 | dispatch: 78 GB/s (SO), 254 GB/s (SU), 1571.000 us, 398728512 bytes | copy: 3241 GB/s, 246.050 us
   * EP:  11/16 | dispatch: 78 GB/s (SO), 255 GB/s (SU), 1572.000 us, 400203648 bytes | copy: 3186 GB/s, 251.257 us
   * EP:  10/16 | dispatch: 78 GB/s (SO), 255 GB/s (SU), 1572.000 us, 401289408 bytes | copy: 3230 GB/s, 248.464 us
   * EP:  14/16 | dispatch: 78 GB/s (SO), 255 GB/s (SU), 1572.000 us, 400525632 bytes | copy: 3219 GB/s, 248.848 us
   * EP:  15/16 | dispatch: 78 GB/s (SO), 256 GB/s (SU), 1571.000 us, 401903424 bytes | copy: 3172 GB/s, 253.443 us
USDT:2026-08-31 09:42:16 484:484 SyncActivityProfilerHandler.cpp:52] profiler_startUSDT:2026-08-31 09:42:16 488:488 SyncActivityProfilerHandler.cpp:52] profiler_startUSDT:2026-08-31 09:42:16 490:490 SyncActivityProfilerHandler.cpp:52] profiler_start
USDT:2026-08-31 09:42:16 483:483 SyncActivityProfilerHandler.cpp:52] profiler_startUSDT:2026-08-31 09:42:16 487:487 SyncActivityProfilerHandler.cpp:52] profiler_start
USDT:2026-08-31 09:42:16 489:489 SyncActivityProfilerHandler.cpp:52] profiler_startUSDT:2026-08-31 09:42:16 486:486 SyncActivityProfilerHandler.cpp:52] profiler_start

USDT:2026-08-31 09:42:16 485:485 SyncActivityProfilerHandler.cpp:52] profiler_start



USDT:2026-08-31 09:42:17 484:484 SyncActivityProfilerHandler.cpp:59] profiler_stopUSDT:2026-08-31 09:42:17 488:488 SyncActivityProfilerHandler.cpp:59] profiler_stopUSDT:2026-08-31 09:42:17 489:489 SyncActivityProfilerHandler.cpp:59] profiler_stopUSDT:2026-08-31 09:42:17 487:487 SyncActivityProfilerHandler.cpp:59] profiler_stop
USDT:2026-08-31 09:42:17 490:490 SyncActivityProfilerHandler.cpp:59] profiler_stop
USDT:2026-08-31 09:42:17 483:483 SyncActivityProfilerHandler.cpp:59] profiler_stop



USDT:2026-08-31 09:42:17 486:486 SyncActivityProfilerHandler.cpp:59] profiler_stop
USDT:2026-08-31 09:42:17 485:485 SyncActivityProfilerHandler.cpp:59] profiler_stop
   - EP:   8/16 | expanded dispatch: 77 GB/s (SO), 254 GB/s (SU), 1578.000 us, 400166208 bytes | copy: 2805 GB/s, 321.617 us
   - EP:  13/16 | expanded dispatch: 77 GB/s (SO), 253 GB/s (SU), 1578.000 us, 398728512 bytes | copy: 2774 GB/s, 323.373 us
   - EP:  14/16 | expanded dispatch: 77 GB/s (SO), 254 GB/s (SU), 1579.000 us, 400525632 bytes | copy: 2758 GB/s, 326.994 us
   - EP:  15/16 | expanded dispatch: 77 GB/s (SO), 255 GB/s (SU), 1578.000 us, 401903424 bytes | copy: 2821 GB/s, 320.661 us
   - EP:   9/16 | expanded dispatch: 77 GB/s (SO), 253 GB/s (SU), 1578.000 us, 398795904 bytes | copy: 2743 GB/s, 326.315 us   - EP:  12/16 | expanded dispatch: 77 GB/s (SO), 254 GB/s (SU), 1578.000 us, 401401728 bytes | copy: 2772 GB/s, 325.938 us

   - EP:  11/16 | expanded dispatch: 77 GB/s (SO), 253 GB/s (SU), 1579.000 us, 400203648 bytes | copy: 2740 GB/s, 328.978 us
   - EP:  10/16 | expanded dispatch: 77 GB/s (SO), 254 GB/s (SU), 1578.000 us, 401289408 bytes | copy: 2762 GB/s, 326.718 us
USDT:2026-08-31 09:42:17 487:487 SyncActivityProfilerHandler.cpp:52] profiler_startUSDT:2026-08-31 09:42:17 489:489 SyncActivityProfilerHandler.cpp:52] profiler_startUSDT:2026-08-31 09:42:17 490:490 SyncActivityProfilerHandler.cpp:52] profiler_startUSDT:2026-08-31 09:42:17 486:486 SyncActivityProfilerHandler.cpp:52] profiler_startUSDT:2026-08-31 09:42:17 488:488 SyncActivityProfilerHandler.cpp:52] profiler_start



USDT:2026-08-31 09:42:17 484:484 SyncActivityProfilerHandler.cpp:52] profiler_startUSDT:2026-08-31 09:42:17 483:483 SyncActivityProfilerHandler.cpp:52] profiler_start
USDT:2026-08-31 09:42:17 485:485 SyncActivityProfilerHandler.cpp:52] profiler_start


USDT:2026-08-31 09:42:17 489:489 SyncActivityProfilerHandler.cpp:59] profiler_stopUSDT:2026-08-31 09:42:17 486:486 SyncActivityProfilerHandler.cpp:59] profiler_stopUSDT:2026-08-31 09:42:17 484:484 SyncActivityProfilerHandler.cpp:59] profiler_stop
USDT:2026-08-31 09:42:17 488:488 SyncActivityProfilerHandler.cpp:59] profiler_stop

USDT:2026-08-31 09:42:17 487:487 SyncActivityProfilerHandler.cpp:59] profiler_stop
USDT:2026-08-31 09:42:17 483:483 SyncActivityProfilerHandler.cpp:59] profiler_stop
USDT:2026-08-31 09:42:17 490:490 SyncActivityProfilerHandler.cpp:59] profiler_stop

USDT:2026-08-31 09:42:17 485:485 SyncActivityProfilerHandler.cpp:59] profiler_stop
   # EP:   9/16 | cached dispatch: 77 GB/s (SO), 252 GB/s (SU), 1580.000 us, 398795904 bytes | copy: 3223 GB/s, 247.462 us
   # EP:   8/16 | cached dispatch: 77 GB/s (SO), 253 GB/s (SU), 1580.000 us, 400166208 bytes | copy: 3255 GB/s, 245.845 us
   # EP:  14/16 | cached dispatch: 77 GB/s (SO), 253 GB/s (SU), 1580.000 us, 400525632 bytes | copy: 3327 GB/s, 240.754 us
   # EP:  10/16 | cached dispatch: 77 GB/s (SO), 254 GB/s (SU), 1580.000 us, 401289408 bytes | copy: 3237 GB/s, 247.922 us
   # EP:  12/16 | cached dispatch: 77 GB/s (SO), 254 GB/s (SU), 1580.000 us, 401401728 bytes | copy: 3338 GB/s, 240.480 us
   # EP:  15/16 | cached dispatch: 77 GB/s (SO), 254 GB/s (SU), 1580.000 us, 401903424 bytes | copy: 3355 GB/s, 239.578 us
   # EP:  13/16 | cached dispatch: 77 GB/s (SO), 252 GB/s (SU), 1580.000 us, 398728512 bytes | copy: 3280 GB/s, 243.095 us
   # EP:  11/16 | cached dispatch: 77 GB/s (SO), 253 GB/s (SU), 1580.000 us, 400203648 bytes | copy: 3211 GB/s, 249.245 us
USDT:2026-08-31 09:42:18 488:488 SyncActivityProfilerHandler.cpp:52] profiler_startUSDT:2026-08-31 09:42:18 490:490 SyncActivityProfilerHandler.cpp:52] profiler_start

USDT:2026-08-31 09:42:18 489:489 SyncActivityProfilerHandler.cpp:52] profiler_startUSDT:2026-08-31 09:42:18 487:487 SyncActivityProfilerHandler.cpp:52] profiler_start

USDT:2026-08-31 09:42:18 484:484 SyncActivityProfilerHandler.cpp:52] profiler_startUSDT:2026-08-31 09:42:18 485:485 SyncActivityProfilerHandler.cpp:52] profiler_startUSDT:2026-08-31 09:42:18 483:483 SyncActivityProfilerHandler.cpp:52] profiler_startUSDT:2026-08-31 09:42:18 486:486 SyncActivityProfilerHandler.cpp:52] profiler_start



USDT:2026-08-31 09:42:19 490:490 SyncActivityProfilerHandler.cpp:59] profiler_stopUSDT:2026-08-31 09:42:19 488:488 SyncActivityProfilerHandler.cpp:59] profiler_stop

USDT:2026-08-31 09:42:19 484:484 SyncActivityProfilerHandler.cpp:59] profiler_stopUSDT:2026-08-31 09:42:19 489:489 SyncActivityProfilerHandler.cpp:59] profiler_stopUSDT:2026-08-31 09:42:19 487:487 SyncActivityProfilerHandler.cpp:59] profiler_stopUSDT:2026-08-31 09:42:19 483:483 SyncActivityProfilerHandler.cpp:59] profiler_stop



USDT:2026-08-31 09:42:19 485:485 SyncActivityProfilerHandler.cpp:59] profiler_stop
USDT:2026-08-31 09:42:19 486:486 SyncActivityProfilerHandler.cpp:59] profiler_stop
   @ EP:  12/16 | combine: 76 GB/s (SO), 251 GB/s (SU), 3074.000 us, 770211008 bytes | reduce: 3707 GB/s, 94.882 us
   @ EP:  14/16 | combine: 76 GB/s (SO), 249 GB/s (SU), 3081.000 us, 768529952 bytes | reduce: 3710 GB/s, 94.838 us
   @ EP:  15/16 | combine: 77 GB/s (SO), 254 GB/s (SU), 3036.000 us, 771173664 bytes | reduce: 3708 GB/s, 94.773 us
   @ EP:  13/16 | combine: 77 GB/s (SO), 252 GB/s (SU), 3033.000 us, 765081632 bytes | reduce: 3701 GB/s, 95.057 us
   @ EP:   8/16 | combine: 76 GB/s (SO), 251 GB/s (SU), 3065.000 us, 767840288 bytes | reduce: 3708 GB/s, 94.922 us
   @ EP:  11/16 | combine: 76 GB/s (SO), 249 GB/s (SU), 3083.000 us, 767912128 bytes | reduce: 3706 GB/s, 94.926 us
   @ EP:  10/16 | combine: 76 GB/s (SO), 251 GB/s (SU), 3069.000 us, 769995488 bytes | reduce: 3709 GB/s, 94.887 us   @ EP:   9/16 | combine: 76 GB/s (SO), 250 GB/s (SU), 3065.000 us, 765210944 bytes | reduce: 3708 GB/s, 94.911 us

USDT:2026-08-31 09:42:19 487:487 SyncActivityProfilerHandler.cpp:52] profiler_startUSDT:2026-08-31 09:42:19 488:488 SyncActivityProfilerHandler.cpp:52] profiler_start

USDT:2026-08-31 09:42:19 486:486 SyncActivityProfilerHandler.cpp:52] profiler_start
USDT:2026-08-31 09:42:19 490:490 SyncActivityProfilerHandler.cpp:52] profiler_start
USDT:2026-08-31 09:42:19 485:485 SyncActivityProfilerHandler.cpp:52] profiler_start
USDT:2026-08-31 09:42:19 484:484 SyncActivityProfilerHandler.cpp:52] profiler_start
USDT:2026-08-31 09:42:19 483:483 SyncActivityProfilerHandler.cpp:52] profiler_start
USDT:2026-08-31 09:42:19 489:489 SyncActivityProfilerHandler.cpp:52] profiler_start
USDT:2026-08-31 09:42:20 488:488 SyncActivityProfilerHandler.cpp:59] profiler_stop
USDT:2026-08-31 09:42:20 490:490 SyncActivityProfilerHandler.cpp:59] profiler_stop
USDT:2026-08-31 09:42:20 486:486 SyncActivityProfilerHandler.cpp:59] profiler_stopUSDT:2026-08-31 09:42:20 487:487 SyncActivityProfilerHandler.cpp:59] profiler_stop

USDT:2026-08-31 09:42:20 484:484 SyncActivityProfilerHandler.cpp:59] profiler_stop
USDT:2026-08-31 09:42:20 485:485 SyncActivityProfilerHandler.cpp:59] profiler_stop
USDT:2026-08-31 09:42:20 489:489 SyncActivityProfilerHandler.cpp:59] profiler_stop
USDT:2026-08-31 09:42:20 483:483 SyncActivityProfilerHandler.cpp:59] profiler_stop
   + EP:  15/16 | reduced combine: 72 GB/s (SO), 237 GB/s (SU), 3253.000 us, 771173664 bytes | reduce: 3710 GB/s, 94.732 us
   + EP:  13/16 | reduced combine: 72 GB/s (SO), 235 GB/s (SU), 3250.000 us, 765081632 bytes | reduce: 3703 GB/s, 95.006 us
   + EP:  12/16 | reduced combine: 72 GB/s (SO), 236 GB/s (SU), 3262.000 us, 770211008 bytes | reduce: 3707 GB/s, 94.878 us
   + EP:  14/16 | reduced combine: 70 GB/s (SO), 229 GB/s (SU), 3353.000 us, 768529952 bytes | reduce: 3709 GB/s, 94.850 us
   + EP:   8/16 | reduced combine: 70 GB/s (SO), 228 GB/s (SU), 3368.000 us, 767840288 bytes | reduce: 3711 GB/s, 94.867 us
   + EP:  11/16 | reduced combine: 72 GB/s (SO), 237 GB/s (SU), 3240.000 us, 767912128 bytes | reduce: 3702 GB/s, 95.022 us
   + EP:   9/16 | reduced combine: 71 GB/s (SO), 233 GB/s (SU), 3290.000 us, 765210944 bytes | reduce: 3701 GB/s, 95.097 us
   + EP:  10/16 | reduced combine: 72 GB/s (SO), 236 GB/s (SU), 3265.000 us, 769995488 bytes | reduce: 3703 GB/s, 95.030 us


