=== EP_NIC_NAME=rdmap110s0 (auto, 200 Gb/s) ===
=== GIN: NCCL_GIN_TYPE=5 NCCL_SYM_GIN_KERNELS_ENABLE=0 ===
=== PREFER_OVERLAP=0 (--prefer-overlap-with-compute) ===
=== IMAGE=deepep-v2-efa-official:sm90-54fffef  DeepEP=54fffeff810723f574c574b1790dff189f3c6ffb ===
+ docker run --rm --init --gpus all --privileged --network=host --ipc=host --ulimit memlock=-1 --ulimit stack=67108864 --device=/dev/infiniband --device=/dev/gdrdrv -v /sys/class/infiniband:/sys/class/infiniband:ro -e MASTER_ADDR=172.31.11.137 -e MASTER_PORT=8801 -e WORLD_SIZE=2 -e RANK=1 -e NCCL_DEBUG=WARN -e EP_NIC_NAME=rdmap110s0 -e NCCL_GIN_TYPE=5 -e NCCL_SYM_GIN_KERNELS_ENABLE=0 -e PYTHONUNBUFFERED=1 -e PYTHONFAULTHANDLER=1 deepep-v2-efa-official:sm90-54fffef bash -lc 'timeout -s ABRT --kill-after=60 1800     python3 -u /opt/DeepEP/tests/elastic/test_ep.py     --num-processes=8 --num-tokens=128     --hidden=7168 --num-topk=8 --num-experts=256     --num-sms=12 --allow-hybrid-mode=1     --prefer-overlap-with-compute=0 --test-first-only      '

==========
== CUDA ==
==========

CUDA Version 13.0.2

Container image Copyright (c) 2016-2023, NVIDIA CORPORATION & AFFILIATES. All rights reserved.

This container image and its contents are governed by the NVIDIA Deep Learning Container License.
By pulling and using the container, you accept the terms and conditions of this license:
https://developer.nvidia.com/ngc/nvidia-deep-learning-container-license

A copy of this license is made available in this container at /NGC-DL-CONTAINER-LICENSE for your convenience.

DeepEP hybrid kernel selection: unordered
DeepEP hybrid kernel selection: unordered
DeepEP hybrid kernel selection: unordered
DeepEP hybrid kernel selection: unordered
DeepEP hybrid kernel selection: unordered
DeepEP hybrid kernel selection: unordered
DeepEP hybrid kernel selection: unordered
DeepEP hybrid kernel selection: unordered
DeepEP hybrid kernel selection: unordered
DeepEP hybrid kernel selection: unordered
DeepEP hybrid kernel selection: unordered
DeepEP hybrid kernel selection: unordered
DeepEP hybrid kernel selection: unordered
DeepEP hybrid kernel selection: unordered
DeepEP hybrid kernel selection: unordered
DeepEP hybrid kernel selection: unordered
Config:
 > Ranks: 2 x 8
 > Experts: 8/256
 > Tokens: 120 (max: 128), hidden: 7168
 > #SM: 12, #QPs: 11/11

Running all test cases:
 > Testing with do_handle_copy=1, expert_alignment=128, use_fp8_dispatch=1, num_bias=0, with_previous_event=0, async_with_compute_stream=0, allocate_on_comm_stream=0 ...
USDT:2026-08-31 10:27:18 484:484 SyncActivityProfilerHandler.cpp:52] profiler_startUSDT:2026-08-31 10:27:18 487:487 SyncActivityProfilerHandler.cpp:52] profiler_startUSDT:2026-08-31 10:27:18 489:489 SyncActivityProfilerHandler.cpp:52] profiler_startUSDT:2026-08-31 10:27:18 486:486 SyncActivityProfilerHandler.cpp:52] profiler_startUSDT:2026-08-31 10:27:18 483:483 SyncActivityProfilerHandler.cpp:52] profiler_start
USDT:2026-08-31 10:27:18 490:490 SyncActivityProfilerHandler.cpp:52] profiler_start




USDT:2026-08-31 10:27:18 488:488 SyncActivityProfilerHandler.cpp:52] profiler_start
USDT:2026-08-31 10:27:18 485:485 SyncActivityProfilerHandler.cpp:52] profiler_start
USDT:2026-08-31 10:27:18 484:484 SyncActivityProfilerHandler.cpp:59] profiler_stopUSDT:2026-08-31 10:27:18 489:489 SyncActivityProfilerHandler.cpp:59] profiler_stopUSDT:2026-08-31 10:27:18 490:490 SyncActivityProfilerHandler.cpp:59] profiler_stopUSDT:2026-08-31 10:27:18 486:486 SyncActivityProfilerHandler.cpp:59] profiler_stop



USDT:2026-08-31 10:27:18 487:487 SyncActivityProfilerHandler.cpp:59] profiler_stopUSDT:2026-08-31 10:27:18 488:488 SyncActivityProfilerHandler.cpp:59] profiler_stop
USDT:2026-08-31 10:27:18 483:483 SyncActivityProfilerHandler.cpp:59] profiler_stop
USDT:2026-08-31 10:27:18 485:485 SyncActivityProfilerHandler.cpp:59] profiler_stop

   * EP:  15/16 | dispatch: 10 GB/s (SO), 36 GB/s (SU), 168.896 us, 6005376 bytes | copy: 1397 GB/s, 8.598 us
   * EP:  12/16 | dispatch: 10 GB/s (SO), 36 GB/s (SU), 168.887 us, 6117696 bytes | copy: 1307 GB/s, 9.363 us
   * EP:   9/16 | dispatch: 11 GB/s (SO), 34 GB/s (SU), 168.929 us, 5773248 bytes | copy: 965 GB/s, 11.963 us
   * EP:  14/16 | dispatch: 10 GB/s (SO), 36 GB/s (SU), 168.876 us, 6162624 bytes | copy: 1691 GB/s, 7.289 us
   * EP:   8/16 | dispatch: 11 GB/s (SO), 35 GB/s (SU), 168.924 us, 5833152 bytes | copy: 903 GB/s, 12.925 us
   * EP:  13/16 | dispatch: 10 GB/s (SO), 34 GB/s (SU), 168.968 us, 5728320 bytes | copy: 1364 GB/s, 8.398 us
   * EP:  11/16 | dispatch: 10 GB/s (SO), 34 GB/s (SU), 169.021 us, 5698368 bytes | copy: 1340 GB/s, 8.502 us
   * EP:  10/16 | dispatch: 10 GB/s (SO), 37 GB/s (SU), 169.083 us, 6312384 bytes | copy: 983 GB/s, 12.841 us
USDT:2026-08-31 10:27:19 484:484 SyncActivityProfilerHandler.cpp:52] profiler_startUSDT:2026-08-31 10:27:19 487:487 SyncActivityProfilerHandler.cpp:52] profiler_startUSDT:2026-08-31 10:27:19 485:485 SyncActivityProfilerHandler.cpp:52] profiler_startUSDT:2026-08-31 10:27:19 483:483 SyncActivityProfilerHandler.cpp:52] profiler_startUSDT:2026-08-31 10:27:19 489:489 SyncActivityProfilerHandler.cpp:52] profiler_startUSDT:2026-08-31 10:27:19 488:488 SyncActivityProfilerHandler.cpp:52] profiler_start
USDT:2026-08-31 10:27:19 490:490 SyncActivityProfilerHandler.cpp:52] profiler_startUSDT:2026-08-31 10:27:19 486:486 SyncActivityProfilerHandler.cpp:52] profiler_start






USDT:2026-08-31 10:27:19 484:484 SyncActivityProfilerHandler.cpp:59] profiler_stopUSDT:2026-08-31 10:27:19 487:487 SyncActivityProfilerHandler.cpp:59] profiler_stopUSDT:2026-08-31 10:27:19 483:483 SyncActivityProfilerHandler.cpp:59] profiler_stop
USDT:2026-08-31 10:27:19 490:490 SyncActivityProfilerHandler.cpp:59] profiler_stopUSDT:2026-08-31 10:27:19 488:488 SyncActivityProfilerHandler.cpp:59] profiler_stopUSDT:2026-08-31 10:27:19 485:485 SyncActivityProfilerHandler.cpp:59] profiler_stopUSDT:2026-08-31 10:27:19 489:489 SyncActivityProfilerHandler.cpp:59] profiler_stop

USDT:2026-08-31 10:27:19 486:486 SyncActivityProfilerHandler.cpp:59] profiler_stop




   - EP:  12/16 | expanded dispatch: 10 GB/s (SO), 36 GB/s (SU), 169.201 us, 6117696 bytes | copy: 1966 GB/s, 10.653 us
   - EP:   9/16 | expanded dispatch: 10 GB/s (SO), 34 GB/s (SU), 169.195 us, 5773248 bytes | copy: 1436 GB/s, 14.392 us
   - EP:  14/16 | expanded dispatch: 10 GB/s (SO), 36 GB/s (SU), 168.983 us, 6162624 bytes | copy: 2507 GB/s, 8.382 us
   - EP:   8/16 | expanded dispatch: 11 GB/s (SO), 34 GB/s (SU), 169.166 us, 5833152 bytes | copy: 1452 GB/s, 14.272 us
   - EP:  15/16 | expanded dispatch: 10 GB/s (SO), 35 GB/s (SU), 169.209 us, 6005376 bytes | copy: 1955 GB/s, 10.714 us
   - EP:  11/16 | expanded dispatch: 10 GB/s (SO), 34 GB/s (SU), 169.334 us, 5698368 bytes | copy: 2139 GB/s, 9.604 us
   - EP:  10/16 | expanded dispatch: 10 GB/s (SO), 37 GB/s (SU), 169.396 us, 6312384 bytes | copy: 1302 GB/s, 16.277 us
   - EP:  13/16 | expanded dispatch: 10 GB/s (SO), 34 GB/s (SU), 169.229 us, 5728320 bytes | copy: 1942 GB/s, 10.656 us
USDT:2026-08-31 10:27:20 484:484 SyncActivityProfilerHandler.cpp:52] profiler_startUSDT:2026-08-31 10:27:20 487:487 SyncActivityProfilerHandler.cpp:52] profiler_startUSDT:2026-08-31 10:27:20 485:485 SyncActivityProfilerHandler.cpp:52] profiler_startUSDT:2026-08-31 10:27:20 489:489 SyncActivityProfilerHandler.cpp:52] profiler_startUSDT:2026-08-31 10:27:20 488:488 SyncActivityProfilerHandler.cpp:52] profiler_startUSDT:2026-08-31 10:27:20 490:490 SyncActivityProfilerHandler.cpp:52] profiler_start
USDT:2026-08-31 10:27:20 486:486 SyncActivityProfilerHandler.cpp:52] profiler_start

USDT:2026-08-31 10:27:20 483:483 SyncActivityProfilerHandler.cpp:52] profiler_start




USDT:2026-08-31 10:27:20 486:486 SyncActivityProfilerHandler.cpp:59] profiler_stopUSDT:2026-08-31 10:27:20 485:485 SyncActivityProfilerHandler.cpp:59] profiler_stopUSDT:2026-08-31 10:27:20 489:489 SyncActivityProfilerHandler.cpp:59] profiler_stop


USDT:2026-08-31 10:27:20 484:484 SyncActivityProfilerHandler.cpp:59] profiler_stop
USDT:2026-08-31 10:27:20 487:487 SyncActivityProfilerHandler.cpp:59] profiler_stop
USDT:2026-08-31 10:27:20 490:490 SyncActivityProfilerHandler.cpp:59] profiler_stopUSDT:2026-08-31 10:27:20 483:483 SyncActivityProfilerHandler.cpp:59] profiler_stop

USDT:2026-08-31 10:27:20 488:488 SyncActivityProfilerHandler.cpp:59] profiler_stop
   # EP:  10/16 | cached dispatch: 11 GB/s (SO), 38 GB/s (SU), 164.934 us, 6312384 bytes | copy: 1113 GB/s, 11.342 us
   # EP:  12/16 | cached dispatch: 10 GB/s (SO), 37 GB/s (SU), 164.741 us, 6117696 bytes | copy: 1409 GB/s, 8.686 us
   # EP:   9/16 | cached dispatch: 11 GB/s (SO), 35 GB/s (SU), 164.838 us, 5773248 bytes | copy: 969 GB/s, 11.915 us
   # EP:  14/16 | cached dispatch: 10 GB/s (SO), 37 GB/s (SU), 164.668 us, 6162624 bytes | copy: 2128 GB/s, 5.792 us   # EP:  13/16 | cached dispatch: 10 GB/s (SO), 35 GB/s (SU), 164.721 us, 5728320 bytes | copy: 1315 GB/s, 8.714 us

   # EP:   8/16 | cached dispatch: 11 GB/s (SO), 35 GB/s (SU), 164.788 us, 5833152 bytes | copy: 1044 GB/s, 11.173 us   # EP:  11/16 | cached dispatch: 11 GB/s (SO), 35 GB/s (SU), 164.956 us, 5698368 bytes | copy: 1310 GB/s, 8.702 us

   # EP:  15/16 | cached dispatch: 10 GB/s (SO), 36 GB/s (SU), 164.811 us, 6005376 bytes | copy: 1693 GB/s, 7.093 us
USDT:2026-08-31 10:27:20 484:484 SyncActivityProfilerHandler.cpp:52] profiler_startUSDT:2026-08-31 10:27:20 485:485 SyncActivityProfilerHandler.cpp:52] profiler_startUSDT:2026-08-31 10:27:20 488:488 SyncActivityProfilerHandler.cpp:52] profiler_startUSDT:2026-08-31 10:27:20 490:490 SyncActivityProfilerHandler.cpp:52] profiler_start

USDT:2026-08-31 10:27:20 489:489 SyncActivityProfilerHandler.cpp:52] profiler_start
USDT:2026-08-31 10:27:20 487:487 SyncActivityProfilerHandler.cpp:52] profiler_start
USDT:2026-08-31 10:27:20 486:486 SyncActivityProfilerHandler.cpp:52] profiler_start


USDT:2026-08-31 10:27:20 483:483 SyncActivityProfilerHandler.cpp:52] profiler_start
USDT:2026-08-31 10:27:21 484:484 SyncActivityProfilerHandler.cpp:59] profiler_stopUSDT:2026-08-31 10:27:21 487:487 SyncActivityProfilerHandler.cpp:59] profiler_stopUSDT:2026-08-31 10:27:21 485:485 SyncActivityProfilerHandler.cpp:59] profiler_stopUSDT:2026-08-31 10:27:21 486:486 SyncActivityProfilerHandler.cpp:59] profiler_stopUSDT:2026-08-31 10:27:21 489:489 SyncActivityProfilerHandler.cpp:59] profiler_stop



USDT:2026-08-31 10:27:21 488:488 SyncActivityProfilerHandler.cpp:59] profiler_stop
USDT:2026-08-31 10:27:21 490:490 SyncActivityProfilerHandler.cpp:59] profiler_stop

USDT:2026-08-31 10:27:21 483:483 SyncActivityProfilerHandler.cpp:59] profiler_stop
   @ EP:  12/16 | combine: 21 GB/s (SO), 73 GB/s (SU), 161.768 us, 11738656 bytes | reduce: 1058 GB/s, 4.712 us
   @ EP:   9/16 | combine: 21 GB/s (SO), 69 GB/s (SU), 160.270 us, 11077728 bytes | reduce: 1109 GB/s, 4.613 us
   @ EP:  14/16 | combine: 20 GB/s (SO), 74 GB/s (SU), 160.168 us, 11824864 bytes | reduce: 1031 GB/s, 4.767 us
   @ EP:   8/16 | combine: 21 GB/s (SO), 70 GB/s (SU), 160.914 us, 11192672 bytes | reduce: 1071 GB/s, 4.815 us
   @ EP:  10/16 | combine: 21 GB/s (SO), 75 GB/s (SU), 161.806 us, 12112224 bytes | reduce: 1078 GB/s, 4.704 us   @ EP:  11/16 | combine: 21 GB/s (SO), 68 GB/s (SU), 160.186 us, 10934048 bytes | reduce: 1072 GB/s, 4.690 us

   @ EP:  13/16 | combine: 21 GB/s (SO), 68 GB/s (SU), 160.697 us, 10991520 bytes | reduce: 1061 GB/s, 4.671 us
   @ EP:  15/16 | combine: 20 GB/s (SO), 72 GB/s (SU), 160.567 us, 11523136 bytes | reduce: 1026 GB/s, 4.735 us
USDT:2026-08-31 10:27:21 487:487 SyncActivityProfilerHandler.cpp:52] profiler_startUSDT:2026-08-31 10:27:21 484:484 SyncActivityProfilerHandler.cpp:52] profiler_startUSDT:2026-08-31 10:27:21 489:489 SyncActivityProfilerHandler.cpp:52] profiler_startUSDT:2026-08-31 10:27:21 486:486 SyncActivityProfilerHandler.cpp:52] profiler_start
USDT:2026-08-31 10:27:21 485:485 SyncActivityProfilerHandler.cpp:52] profiler_start
USDT:2026-08-31 10:27:21 488:488 SyncActivityProfilerHandler.cpp:52] profiler_startUSDT:2026-08-31 10:27:21 490:490 SyncActivityProfilerHandler.cpp:52] profiler_start




USDT:2026-08-31 10:27:21 483:483 SyncActivityProfilerHandler.cpp:52] profiler_start
USDT:2026-08-31 10:27:21 485:485 SyncActivityProfilerHandler.cpp:59] profiler_stopUSDT:2026-08-31 10:27:21 489:489 SyncActivityProfilerHandler.cpp:59] profiler_stopUSDT:2026-08-31 10:27:21 484:484 SyncActivityProfilerHandler.cpp:59] profiler_stop


USDT:2026-08-31 10:27:21 490:490 SyncActivityProfilerHandler.cpp:59] profiler_stop
USDT:2026-08-31 10:27:21 486:486 SyncActivityProfilerHandler.cpp:59] profiler_stopUSDT:2026-08-31 10:27:21 487:487 SyncActivityProfilerHandler.cpp:59] profiler_stop

USDT:2026-08-31 10:27:21 483:483 SyncActivityProfilerHandler.cpp:59] profiler_stop
USDT:2026-08-31 10:27:21 488:488 SyncActivityProfilerHandler.cpp:59] profiler_stop
   + EP:   9/16 | reduced combine: 19 GB/s (SO), 63 GB/s (SU), 176.731 us, 11077728 bytes | reduce: 1111 GB/s, 4.605 us
   + EP:  12/16 | reduced combine: 19 GB/s (SO), 66 GB/s (SU), 178.747 us, 11738656 bytes | reduce: 1056 GB/s, 4.722 us
   + EP:  14/16 | reduced combine: 19 GB/s (SO), 67 GB/s (SU), 176.069 us, 11824864 bytes | reduce: 990 GB/s, 4.962 us
   + EP:   8/16 | reduced combine: 19 GB/s (SO), 63 GB/s (SU), 177.477 us, 11192672 bytes | reduce: 1043 GB/s, 4.947 us
   + EP:  10/16 | reduced combine: 19 GB/s (SO), 68 GB/s (SU), 176.863 us, 12112224 bytes | reduce: 1027 GB/s, 4.937 us
   + EP:  11/16 | reduced combine: 19 GB/s (SO), 61 GB/s (SU), 179.668 us, 10934048 bytes | reduce: 1105 GB/s, 4.550 us
   + EP:  15/16 | reduced combine: 18 GB/s (SO), 65 GB/s (SU), 177.006 us, 11523136 bytes | reduce: 968 GB/s, 5.015 us
   + EP:  13/16 | reduced combine: 19 GB/s (SO), 62 GB/s (SU), 177.209 us, 10991520 bytes | reduce: 1097 GB/s, 4.518 us


