=== EP_NIC_NAME=rdmap110s0 (auto, 200 Gb/s) ===
=== GIN: NCCL_GIN_TYPE=5 NCCL_SYM_GIN_KERNELS_ENABLE=0 ===
=== PREFER_OVERLAP=0 (--prefer-overlap-with-compute) ===
=== IMAGE=deepep-v2-efa-official:sm90-3c737dc  DeepEP=3c737dcf0da5889ba7efd26e05b4808307cc38af ===
+ docker run --rm --init --gpus all --privileged --network=host --ipc=host --ulimit memlock=-1 --ulimit stack=67108864 --device=/dev/infiniband --device=/dev/gdrdrv -v /sys/class/infiniband:/sys/class/infiniband:ro -e MASTER_ADDR=172.31.11.137 -e MASTER_PORT=8804 -e WORLD_SIZE=2 -e RANK=1 -e NCCL_DEBUG=WARN -e EP_NIC_NAME=rdmap110s0 -e NCCL_GIN_TYPE=5 -e NCCL_SYM_GIN_KERNELS_ENABLE=0 -e PYTHONUNBUFFERED=1 -e PYTHONFAULTHANDLER=1 deepep-v2-efa-official:sm90-3c737dc bash -lc 'timeout -s ABRT --kill-after=60 1800     python3 -u /opt/DeepEP/tests/elastic/test_ep.py     --num-processes=8 --num-tokens=128     --hidden=7168 --num-topk=8 --num-experts=256     --num-sms=12 --allow-hybrid-mode=1     --prefer-overlap-with-compute=0 --test-first-only      '

==========
== CUDA ==
==========

CUDA Version 13.0.2

Container image Copyright (c) 2016-2023, NVIDIA CORPORATION & AFFILIATES. All rights reserved.

This container image and its contents are governed by the NVIDIA Deep Learning Container License.
By pulling and using the container, you accept the terms and conditions of this license:
https://developer.nvidia.com/ngc/nvidia-deep-learning-container-license

A copy of this license is made available in this container at /NGC-DL-CONTAINER-LICENSE for your convenience.

DeepEP hybrid kernel selection: unordered
DeepEP hybrid kernel selection: unordered
DeepEP hybrid kernel selection: unordered
DeepEP hybrid kernel selection: unordered
DeepEP hybrid kernel selection: unordered
DeepEP hybrid kernel selection: unordered
DeepEP hybrid kernel selection: unordered
DeepEP hybrid kernel selection: unordered
DeepEP hybrid kernel selection: unordered
DeepEP hybrid kernel selection: unordered
DeepEP hybrid kernel selection: unordered
DeepEP hybrid kernel selection: unordered
DeepEP hybrid kernel selection: unordered
DeepEP hybrid kernel selection: unordered
DeepEP hybrid kernel selection: unordered
DeepEP hybrid kernel selection: unordered
Config:
 > Ranks: 2 x 8
 > Experts: 8/256
 > Tokens: 120 (max: 128), hidden: 7168
 > #SM: 12, #QPs: 13/13

Running all test cases:
 > Testing with do_handle_copy=1, expert_alignment=128, use_fp8_dispatch=1, num_bias=0, with_previous_event=0, async_with_compute_stream=0, allocate_on_comm_stream=0 ...
USDT:2026-08-31 10:33:25 489:489 SyncActivityProfilerHandler.cpp:52] profiler_startUSDT:2026-08-31 10:33:25 488:488 SyncActivityProfilerHandler.cpp:52] profiler_startUSDT:2026-08-31 10:33:25 487:487 SyncActivityProfilerHandler.cpp:52] profiler_startUSDT:2026-08-31 10:33:25 491:491 SyncActivityProfilerHandler.cpp:52] profiler_startUSDT:2026-08-31 10:33:25 485:485 SyncActivityProfilerHandler.cpp:52] profiler_startUSDT:2026-08-31 10:33:25 490:490 SyncActivityProfilerHandler.cpp:52] profiler_start





USDT:2026-08-31 10:33:25 484:484 SyncActivityProfilerHandler.cpp:52] profiler_start
USDT:2026-08-31 10:33:25 486:486 SyncActivityProfilerHandler.cpp:52] profiler_start
USDT:2026-08-31 10:33:26 490:490 SyncActivityProfilerHandler.cpp:59] profiler_stopUSDT:2026-08-31 10:33:26 485:485 SyncActivityProfilerHandler.cpp:59] profiler_stopUSDT:2026-08-31 10:33:26 487:487 SyncActivityProfilerHandler.cpp:59] profiler_stopUSDT:2026-08-31 10:33:26 491:491 SyncActivityProfilerHandler.cpp:59] profiler_stopUSDT:2026-08-31 10:33:26 489:489 SyncActivityProfilerHandler.cpp:59] profiler_stop




USDT:2026-08-31 10:33:26 486:486 SyncActivityProfilerHandler.cpp:59] profiler_stopUSDT:2026-08-31 10:33:26 488:488 SyncActivityProfilerHandler.cpp:59] profiler_stop
USDT:2026-08-31 10:33:26 484:484 SyncActivityProfilerHandler.cpp:59] profiler_stop

   * EP:  12/16 | dispatch: 14 GB/s (SO), 50 GB/s (SU), 121.366 us, 6117696 bytes | copy: 1659 GB/s, 7.376 us
   * EP:  13/16 | dispatch: 14 GB/s (SO), 47 GB/s (SU), 121.259 us, 5728320 bytes | copy: 1736 GB/s, 6.601 us
   * EP:  14/16 | dispatch: 14 GB/s (SO), 51 GB/s (SU), 121.185 us, 6162624 bytes | copy: 2048 GB/s, 6.019 us
   * EP:  11/16 | dispatch: 14 GB/s (SO), 47 GB/s (SU), 121.327 us, 5698368 bytes | copy: 1869 GB/s, 6.098 us
   * EP:   9/16 | dispatch: 15 GB/s (SO), 48 GB/s (SU), 121.287 us, 5773248 bytes | copy: 1337 GB/s, 8.633 us
   * EP:  15/16 | dispatch: 14 GB/s (SO), 49 GB/s (SU), 121.370 us, 6005376 bytes | copy: 1701 GB/s, 7.059 us
   * EP:   8/16 | dispatch: 15 GB/s (SO), 48 GB/s (SU), 121.177 us, 5833152 bytes | copy: 1378 GB/s, 8.469 us
   * EP:  10/16 | dispatch: 14 GB/s (SO), 52 GB/s (SU), 121.408 us, 6312384 bytes | copy: 1243 GB/s, 10.159 us
USDT:2026-08-31 10:33:26 489:489 SyncActivityProfilerHandler.cpp:52] profiler_startUSDT:2026-08-31 10:33:26 485:485 SyncActivityProfilerHandler.cpp:52] profiler_startUSDT:2026-08-31 10:33:26 487:487 SyncActivityProfilerHandler.cpp:52] profiler_startUSDT:2026-08-31 10:33:26 490:490 SyncActivityProfilerHandler.cpp:52] profiler_start

USDT:2026-08-31 10:33:26 486:486 SyncActivityProfilerHandler.cpp:52] profiler_startUSDT:2026-08-31 10:33:26 484:484 SyncActivityProfilerHandler.cpp:52] profiler_startUSDT:2026-08-31 10:33:26 488:488 SyncActivityProfilerHandler.cpp:52] profiler_startUSDT:2026-08-31 10:33:26 491:491 SyncActivityProfilerHandler.cpp:52] profiler_start





USDT:2026-08-31 10:33:26 488:488 SyncActivityProfilerHandler.cpp:59] profiler_stopUSDT:2026-08-31 10:33:26 489:489 SyncActivityProfilerHandler.cpp:59] profiler_stopUSDT:2026-08-31 10:33:26 486:486 SyncActivityProfilerHandler.cpp:59] profiler_stop


USDT:2026-08-31 10:33:26 490:490 SyncActivityProfilerHandler.cpp:59] profiler_stopUSDT:2026-08-31 10:33:26 491:491 SyncActivityProfilerHandler.cpp:59] profiler_stop
USDT:2026-08-31 10:33:26 487:487 SyncActivityProfilerHandler.cpp:59] profiler_stop

USDT:2026-08-31 10:33:26 484:484 SyncActivityProfilerHandler.cpp:59] profiler_stop
USDT:2026-08-31 10:33:26 485:485 SyncActivityProfilerHandler.cpp:59] profiler_stop
   - EP:  12/16 | expanded dispatch: 13 GB/s (SO), 47 GB/s (SU), 129.302 us, 6117696 bytes | copy: 1579 GB/s, 13.263 us
   - EP:  13/16 | expanded dispatch: 13 GB/s (SO), 44 GB/s (SU), 129.236 us, 5728320 bytes | copy: 1763 GB/s, 11.735 us
   - EP:  14/16 | expanded dispatch: 13 GB/s (SO), 48 GB/s (SU), 129.198 us, 6162624 bytes | copy: 1672 GB/s, 12.571 us
   - EP:  15/16 | expanded dispatch: 13 GB/s (SO), 46 GB/s (SU), 129.317 us, 6005376 bytes | copy: 1599 GB/s, 13.103 us
   - EP:  11/16 | expanded dispatch: 13 GB/s (SO), 44 GB/s (SU), 129.363 us, 5698368 bytes | copy: 1588 GB/s, 12.933 us
   - EP:  10/16 | expanded dispatch: 14 GB/s (SO), 49 GB/s (SU), 129.384 us, 6312384 bytes | copy: 1343 GB/s, 15.787 us
   - EP:   9/16 | expanded dispatch: 14 GB/s (SO), 45 GB/s (SU), 129.255 us, 5773248 bytes | copy: 1288 GB/s, 16.050 us
   - EP:   8/16 | expanded dispatch: 14 GB/s (SO), 45 GB/s (SU), 129.184 us, 5833152 bytes | copy: 1295 GB/s, 16.002 us
USDT:2026-08-31 10:33:27 487:487 SyncActivityProfilerHandler.cpp:52] profiler_startUSDT:2026-08-31 10:33:27 486:486 SyncActivityProfilerHandler.cpp:52] profiler_startUSDT:2026-08-31 10:33:27 491:491 SyncActivityProfilerHandler.cpp:52] profiler_startUSDT:2026-08-31 10:33:27 488:488 SyncActivityProfilerHandler.cpp:52] profiler_startUSDT:2026-08-31 10:33:27 490:490 SyncActivityProfilerHandler.cpp:52] profiler_startUSDT:2026-08-31 10:33:27 485:485 SyncActivityProfilerHandler.cpp:52] profiler_start



USDT:2026-08-31 10:33:27 484:484 SyncActivityProfilerHandler.cpp:52] profiler_start
USDT:2026-08-31 10:33:27 489:489 SyncActivityProfilerHandler.cpp:52] profiler_start


USDT:2026-08-31 10:33:27 489:489 SyncActivityProfilerHandler.cpp:59] profiler_stopUSDT:2026-08-31 10:33:27 486:486 SyncActivityProfilerHandler.cpp:59] profiler_stop
USDT:2026-08-31 10:33:27 490:490 SyncActivityProfilerHandler.cpp:59] profiler_stopUSDT:2026-08-31 10:33:27 491:491 SyncActivityProfilerHandler.cpp:59] profiler_stop
USDT:2026-08-31 10:33:27 484:484 SyncActivityProfilerHandler.cpp:59] profiler_stop

USDT:2026-08-31 10:33:27 485:485 SyncActivityProfilerHandler.cpp:59] profiler_stop

USDT:2026-08-31 10:33:27 487:487 SyncActivityProfilerHandler.cpp:59] profiler_stopUSDT:2026-08-31 10:33:27 488:488 SyncActivityProfilerHandler.cpp:59] profiler_stop

   # EP:  10/16 | cached dispatch: 15 GB/s (SO), 53 GB/s (SU), 118.766 us, 6312384 bytes | copy: 1472 GB/s, 8.577 us
   # EP:   8/16 | cached dispatch: 15 GB/s (SO), 49 GB/s (SU), 118.543 us, 5833152 bytes | copy: 1294 GB/s, 9.016 us
   # EP:   9/16 | cached dispatch: 15 GB/s (SO), 49 GB/s (SU), 118.613 us, 5773248 bytes | copy: 1355 GB/s, 8.519 us
   # EP:  11/16 | cached dispatch: 15 GB/s (SO), 48 GB/s (SU), 118.624 us, 5698368 bytes | copy: 1710 GB/s, 6.666 us
   # EP:  13/16 | cached dispatch: 15 GB/s (SO), 48 GB/s (SU), 118.500 us, 5728320 bytes | copy: 1940 GB/s, 5.905 us
   # EP:  14/16 | cached dispatch: 14 GB/s (SO), 52 GB/s (SU), 118.464 us, 6162624 bytes | copy: 1982 GB/s, 6.218 us
   # EP:  12/16 | cached dispatch: 15 GB/s (SO), 52 GB/s (SU), 118.691 us, 6117696 bytes | copy: 1666 GB/s, 7.344 us
   # EP:  15/16 | cached dispatch: 14 GB/s (SO), 51 GB/s (SU), 118.602 us, 6005376 bytes | copy: 1799 GB/s, 6.676 us
USDT:2026-08-31 10:33:28 489:489 SyncActivityProfilerHandler.cpp:52] profiler_start
USDT:2026-08-31 10:33:28 491:491 SyncActivityProfilerHandler.cpp:52] profiler_start
USDT:2026-08-31 10:33:28 485:485 SyncActivityProfilerHandler.cpp:52] profiler_startUSDT:2026-08-31 10:33:28 487:487 SyncActivityProfilerHandler.cpp:52] profiler_start
USDT:2026-08-31 10:33:28 484:484 SyncActivityProfilerHandler.cpp:52] profiler_start

USDT:2026-08-31 10:33:28 490:490 SyncActivityProfilerHandler.cpp:52] profiler_start
USDT:2026-08-31 10:33:28 488:488 SyncActivityProfilerHandler.cpp:52] profiler_start
USDT:2026-08-31 10:33:28 486:486 SyncActivityProfilerHandler.cpp:52] profiler_start
USDT:2026-08-31 10:33:28 485:485 SyncActivityProfilerHandler.cpp:59] profiler_stopUSDT:2026-08-31 10:33:28 486:486 SyncActivityProfilerHandler.cpp:59] profiler_stopUSDT:2026-08-31 10:33:28 491:491 SyncActivityProfilerHandler.cpp:59] profiler_stop

USDT:2026-08-31 10:33:28 490:490 SyncActivityProfilerHandler.cpp:59] profiler_stopUSDT:2026-08-31 10:33:28 488:488 SyncActivityProfilerHandler.cpp:59] profiler_stop
USDT:2026-08-31 10:33:28 489:489 SyncActivityProfilerHandler.cpp:59] profiler_stop


USDT:2026-08-31 10:33:28 484:484 SyncActivityProfilerHandler.cpp:59] profiler_stop
USDT:2026-08-31 10:33:28 487:487 SyncActivityProfilerHandler.cpp:59] profiler_stop
   @ EP:   9/16 | combine: 24 GB/s (SO), 78 GB/s (SU), 142.609 us, 11077728 bytes | reduce: 1034 GB/s, 4.948 us
   @ EP:  13/16 | combine: 23 GB/s (SO), 77 GB/s (SU), 141.846 us, 10991520 bytes | reduce: 997 GB/s, 4.973 us   @ EP:   8/16 | combine: 24 GB/s (SO), 79 GB/s (SU), 141.395 us, 11192672 bytes | reduce: 972 GB/s, 5.309 us   @ EP:  12/16 | combine: 23 GB/s (SO), 83 GB/s (SU), 141.820 us, 11738656 bytes | reduce: 980 GB/s, 5.090 us


   @ EP:  15/16 | combine: 23 GB/s (SO), 82 GB/s (SU), 141.126 us, 11523136 bytes | reduce: 929 GB/s, 5.227 us
   @ EP:  10/16 | combine: 24 GB/s (SO), 86 GB/s (SU), 141.252 us, 12112224 bytes | reduce: 1015 GB/s, 4.995 us
   @ EP:  11/16 | combine: 23 GB/s (SO), 77 GB/s (SU), 142.467 us, 10934048 bytes | reduce: 1047 GB/s, 4.804 us
   @ EP:  14/16 | combine: 23 GB/s (SO), 84 GB/s (SU), 141.153 us, 11824864 bytes | reduce: 947 GB/s, 5.187 us
USDT:2026-08-31 10:33:29 489:489 SyncActivityProfilerHandler.cpp:52] profiler_startUSDT:2026-08-31 10:33:29 486:486 SyncActivityProfilerHandler.cpp:52] profiler_startUSDT:2026-08-31 10:33:29 488:488 SyncActivityProfilerHandler.cpp:52] profiler_start
USDT:2026-08-31 10:33:29 485:485 SyncActivityProfilerHandler.cpp:52] profiler_start

USDT:2026-08-31 10:33:29 490:490 SyncActivityProfilerHandler.cpp:52] profiler_start

USDT:2026-08-31 10:33:29 491:491 SyncActivityProfilerHandler.cpp:52] profiler_startUSDT:2026-08-31 10:33:29 487:487 SyncActivityProfilerHandler.cpp:52] profiler_start

USDT:2026-08-31 10:33:29 484:484 SyncActivityProfilerHandler.cpp:52] profiler_start
USDT:2026-08-31 10:33:29 488:488 SyncActivityProfilerHandler.cpp:59] profiler_stopUSDT:2026-08-31 10:33:29 491:491 SyncActivityProfilerHandler.cpp:59] profiler_stop

USDT:2026-08-31 10:33:29 485:485 SyncActivityProfilerHandler.cpp:59] profiler_stopUSDT:2026-08-31 10:33:29 489:489 SyncActivityProfilerHandler.cpp:59] profiler_stop

USDT:2026-08-31 10:33:29 490:490 SyncActivityProfilerHandler.cpp:59] profiler_stop
USDT:2026-08-31 10:33:29 487:487 SyncActivityProfilerHandler.cpp:59] profiler_stop
USDT:2026-08-31 10:33:29 486:486 SyncActivityProfilerHandler.cpp:59] profiler_stop
USDT:2026-08-31 10:33:29 484:484 SyncActivityProfilerHandler.cpp:59] profiler_stop
   + EP:  13/16 | reduced combine: 22 GB/s (SO), 75 GB/s (SU), 146.983 us, 10991520 bytes | reduce: 957 GB/s, 5.180 us
   + EP:  12/16 | reduced combine: 23 GB/s (SO), 80 GB/s (SU), 146.446 us, 11738656 bytes | reduce: 912 GB/s, 5.465 us
   + EP:  15/16 | reduced combine: 22 GB/s (SO), 78 GB/s (SU), 147.066 us, 11523136 bytes | reduce: 876 GB/s, 5.542 us
   + EP:   9/16 | reduced combine: 23 GB/s (SO), 76 GB/s (SU), 146.252 us, 11077728 bytes | reduce: 993 GB/s, 5.150 us
   + EP:  11/16 | reduced combine: 23 GB/s (SO), 74 GB/s (SU), 147.787 us, 10934048 bytes | reduce: 975 GB/s, 5.159 us
   + EP:  14/16 | reduced combine: 22 GB/s (SO), 80 GB/s (SU), 148.320 us, 11824864 bytes | reduce: 855 GB/s, 5.746 us
   + EP:  10/16 | reduced combine: 23 GB/s (SO), 82 GB/s (SU), 147.847 us, 12112224 bytes | reduce: 966 GB/s, 5.250 us
   + EP:   8/16 | reduced combine: 24 GB/s (SO), 77 GB/s (SU), 144.674 us, 11192672 bytes | reduce: 907 GB/s, 5.690 us


