=== EP_NIC_NAME=rdmap110s0 (auto, 200 Gb/s) ===
=== GIN: NCCL_GIN_TYPE=5 NCCL_SYM_GIN_KERNELS_ENABLE=0 ===
=== PREFER_OVERLAP=0 (--prefer-overlap-with-compute) ===
=== IMAGE=deepep-v2-efa-official:sm90-3c737dc  DeepEP=3c737dcf0da5889ba7efd26e05b4808307cc38af ===
+ docker run --rm --init --gpus all --privileged --network=host --ipc=host --ulimit memlock=-1 --ulimit stack=67108864 --device=/dev/infiniband --device=/dev/gdrdrv -v /sys/class/infiniband:/sys/class/infiniband:ro -e MASTER_ADDR=172.31.11.137 -e MASTER_PORT=8808 -e WORLD_SIZE=2 -e RANK=0 -e NCCL_DEBUG=WARN -e EP_NIC_NAME=rdmap110s0 -e NCCL_GIN_TYPE=5 -e NCCL_SYM_GIN_KERNELS_ENABLE=0 -e PYTHONUNBUFFERED=1 -e PYTHONFAULTHANDLER=1 deepep-v2-efa-official:sm90-3c737dc bash -lc 'timeout -s ABRT --kill-after=60 1800     python3 -u /opt/DeepEP/tests/elastic/test_ep.py     --num-processes=8 --num-tokens=8192     --hidden=7168 --num-topk=8 --num-experts=256     --num-sms=12 --allow-hybrid-mode=1     --prefer-overlap-with-compute=0 --test-first-only      '

==========
== CUDA ==
==========

CUDA Version 13.0.2

Container image Copyright (c) 2016-2023, NVIDIA CORPORATION & AFFILIATES. All rights reserved.

This container image and its contents are governed by the NVIDIA Deep Learning Container License.
By pulling and using the container, you accept the terms and conditions of this license:
https://developer.nvidia.com/ngc/nvidia-deep-learning-container-license

A copy of this license is made available in this container at /NGC-DL-CONTAINER-LICENSE for your convenience.

NCCL version 2.31.2+cuda13.3
DeepEP hybrid kernel selection: unordered
DeepEP hybrid kernel selection: unordered
DeepEP hybrid kernel selection: unordered
DeepEP hybrid kernel selection: unordered
DeepEP hybrid kernel selection: unordered
DeepEP hybrid kernel selection: unordered
DeepEP hybrid kernel selection: unordered
DeepEP hybrid kernel selection: unordered
DeepEP hybrid kernel selection: unordered
DeepEP hybrid kernel selection: unordered
DeepEP hybrid kernel selection: unordered
DeepEP hybrid kernel selection: unordered
DeepEP hybrid kernel selection: unordered
DeepEP hybrid kernel selection: unordered
DeepEP hybrid kernel selection: unordered
DeepEP hybrid kernel selection: unordered
Config:
 > Ranks: 2 x 8
 > Experts: 8/256
 > Tokens: 8192 (max: 8192), hidden: 7168
 > #SM: 12, #QPs: 13/13

Running all test cases:
 > Testing with do_handle_copy=1, expert_alignment=128, use_fp8_dispatch=1, num_bias=0, with_previous_event=0, async_with_compute_stream=0, allocate_on_comm_stream=0 ...
USDT:2026-08-31 10:41:33 488:488 SyncActivityProfilerHandler.cpp:52] profiler_startUSDT:2026-08-31 10:41:33 487:487 SyncActivityProfilerHandler.cpp:52] profiler_startUSDT:2026-08-31 10:41:33 490:490 SyncActivityProfilerHandler.cpp:52] profiler_startUSDT:2026-08-31 10:41:33 494:494 SyncActivityProfilerHandler.cpp:52] profiler_startUSDT:2026-08-31 10:41:33 493:493 SyncActivityProfilerHandler.cpp:52] profiler_startUSDT:2026-08-31 10:41:33 491:491 SyncActivityProfilerHandler.cpp:52] profiler_start
USDT:2026-08-31 10:41:33 492:492 SyncActivityProfilerHandler.cpp:52] profiler_startUSDT:2026-08-31 10:41:33 489:489 SyncActivityProfilerHandler.cpp:52] profiler_start






USDT:2026-08-31 10:41:34 493:493 SyncActivityProfilerHandler.cpp:59] profiler_stopUSDT:2026-08-31 10:41:34 490:490 SyncActivityProfilerHandler.cpp:59] profiler_stopUSDT:2026-08-31 10:41:34 489:489 SyncActivityProfilerHandler.cpp:59] profiler_stopUSDT:2026-08-31 10:41:34 494:494 SyncActivityProfilerHandler.cpp:59] profiler_stopUSDT:2026-08-31 10:41:34 487:487 SyncActivityProfilerHandler.cpp:59] profiler_stop



USDT:2026-08-31 10:41:34 492:492 SyncActivityProfilerHandler.cpp:59] profiler_stop
USDT:2026-08-31 10:41:34 491:491 SyncActivityProfilerHandler.cpp:59] profiler_stop
USDT:2026-08-31 10:41:34 488:488 SyncActivityProfilerHandler.cpp:59] profiler_stop

   * EP:   1/16 | dispatch: 81 GB/s (SO), 267 GB/s (SU), 1503.000 us, 400900032 bytes | copy: 3218 GB/s, 249.164 us
   * EP:   0/16 | dispatch: 81 GB/s (SO), 263 GB/s (SU), 1503.000 us, 395942976 bytes | copy: 3252 GB/s, 243.499 us
   * EP:   6/16 | dispatch: 81 GB/s (SO), 265 GB/s (SU), 1503.000 us, 397642752 bytes | copy: 3259 GB/s, 244.042 us
   * EP:   5/16 | dispatch: 81 GB/s (SO), 266 GB/s (SU), 1503.000 us, 399821760 bytes | copy: 3321 GB/s, 240.764 us
   * EP:   7/16 | dispatch: 81 GB/s (SO), 266 GB/s (SU), 1503.000 us, 399252672 bytes | copy: 3267 GB/s, 244.403 us
   * EP:   3/16 | dispatch: 81 GB/s (SO), 265 GB/s (SU), 1503.000 us, 398309184 bytes | copy: 3262 GB/s, 244.179 us
   * EP:   4/16 | dispatch: 81 GB/s (SO), 268 GB/s (SU), 1503.000 us, 402360192 bytes | copy: 3275 GB/s, 245.703 us
   * EP:   2/16 | dispatch: 81 GB/s (SO), 266 GB/s (SU), 1503.000 us, 399155328 bytes | copy: 3303 GB/s, 241.693 us
USDT:2026-08-31 10:41:34 487:487 SyncActivityProfilerHandler.cpp:52] profiler_startUSDT:2026-08-31 10:41:34 490:490 SyncActivityProfilerHandler.cpp:52] profiler_startUSDT:2026-08-31 10:41:34 493:493 SyncActivityProfilerHandler.cpp:52] profiler_startUSDT:2026-08-31 10:41:34 489:489 SyncActivityProfilerHandler.cpp:52] profiler_startUSDT:2026-08-31 10:41:34 492:492 SyncActivityProfilerHandler.cpp:52] profiler_startUSDT:2026-08-31 10:41:34 491:491 SyncActivityProfilerHandler.cpp:52] profiler_start

USDT:2026-08-31 10:41:34 494:494 SyncActivityProfilerHandler.cpp:52] profiler_start
USDT:2026-08-31 10:41:34 488:488 SyncActivityProfilerHandler.cpp:52] profiler_start




USDT:2026-08-31 10:41:34 492:492 SyncActivityProfilerHandler.cpp:59] profiler_stopUSDT:2026-08-31 10:41:34 490:490 SyncActivityProfilerHandler.cpp:59] profiler_stopUSDT:2026-08-31 10:41:34 488:488 SyncActivityProfilerHandler.cpp:59] profiler_stopUSDT:2026-08-31 10:41:34 494:494 SyncActivityProfilerHandler.cpp:59] profiler_stopUSDT:2026-08-31 10:41:34 491:491 SyncActivityProfilerHandler.cpp:59] profiler_stop
USDT:2026-08-31 10:41:34 493:493 SyncActivityProfilerHandler.cpp:59] profiler_stop


USDT:2026-08-31 10:41:34 487:487 SyncActivityProfilerHandler.cpp:59] profiler_stop
USDT:2026-08-31 10:41:34 489:489 SyncActivityProfilerHandler.cpp:59] profiler_stop


   - EP:   1/16 | expanded dispatch: 81 GB/s (SO), 266 GB/s (SU), 1506.000 us, 400900032 bytes | copy: 2791 GB/s, 322.121 us
   - EP:   5/16 | expanded dispatch: 81 GB/s (SO), 265 GB/s (SU), 1506.000 us, 399821760 bytes | copy: 2810 GB/s, 320.486 us
   - EP:   6/16 | expanded dispatch: 81 GB/s (SO), 264 GB/s (SU), 1506.000 us, 397642752 bytes | copy: 2840 GB/s, 314.786 us
   - EP:   0/16 | expanded dispatch: 81 GB/s (SO), 263 GB/s (SU), 1506.000 us, 395942976 bytes | copy: 2877 GB/s, 308.909 us
   - EP:   7/16 | expanded dispatch: 81 GB/s (SO), 265 GB/s (SU), 1506.000 us, 399252672 bytes | copy: 2792 GB/s, 320.268 us   - EP:   3/16 | expanded dispatch: 81 GB/s (SO), 264 GB/s (SU), 1506.000 us, 398309184 bytes | copy: 2801 GB/s, 320.331 us

   - EP:   2/16 | expanded dispatch: 81 GB/s (SO), 265 GB/s (SU), 1506.000 us, 399155328 bytes | copy: 2825 GB/s, 318.159 us   - EP:   4/16 | expanded dispatch: 81 GB/s (SO), 267 GB/s (SU), 1506.000 us, 402360192 bytes | copy: 2845 GB/s, 318.424 us

USDT:2026-08-31 10:41:35 493:493 SyncActivityProfilerHandler.cpp:52] profiler_startUSDT:2026-08-31 10:41:35 492:492 SyncActivityProfilerHandler.cpp:52] profiler_startUSDT:2026-08-31 10:41:35 487:487 SyncActivityProfilerHandler.cpp:52] profiler_startUSDT:2026-08-31 10:41:35 494:494 SyncActivityProfilerHandler.cpp:52] profiler_start

USDT:2026-08-31 10:41:35 491:491 SyncActivityProfilerHandler.cpp:52] profiler_start

USDT:2026-08-31 10:41:35 488:488 SyncActivityProfilerHandler.cpp:52] profiler_start

USDT:2026-08-31 10:41:35 490:490 SyncActivityProfilerHandler.cpp:52] profiler_start
USDT:2026-08-31 10:41:35 489:489 SyncActivityProfilerHandler.cpp:52] profiler_start
USDT:2026-08-31 10:41:35 487:487 SyncActivityProfilerHandler.cpp:59] profiler_stopUSDT:2026-08-31 10:41:35 494:494 SyncActivityProfilerHandler.cpp:59] profiler_stopUSDT:2026-08-31 10:41:35 492:492 SyncActivityProfilerHandler.cpp:59] profiler_stopUSDT:2026-08-31 10:41:35 493:493 SyncActivityProfilerHandler.cpp:59] profiler_stop


USDT:2026-08-31 10:41:35 489:489 SyncActivityProfilerHandler.cpp:59] profiler_stop

USDT:2026-08-31 10:41:35 490:490 SyncActivityProfilerHandler.cpp:59] profiler_stopUSDT:2026-08-31 10:41:35 491:491 SyncActivityProfilerHandler.cpp:59] profiler_stop
USDT:2026-08-31 10:41:35 488:488 SyncActivityProfilerHandler.cpp:59] profiler_stop

   # EP:   1/16 | cached dispatch: 81 GB/s (SO), 267 GB/s (SU), 1504.000 us, 400900032 bytes | copy: 3336 GB/s, 240.358 us
   # EP:   0/16 | cached dispatch: 81 GB/s (SO), 263 GB/s (SU), 1504.000 us, 395942976 bytes | copy: 3411 GB/s, 232.127 us
   # EP:   4/16 | cached dispatch: 81 GB/s (SO), 268 GB/s (SU), 1504.000 us, 402360192 bytes | copy: 3412 GB/s, 235.832 us
   # EP:   6/16 | cached dispatch: 81 GB/s (SO), 264 GB/s (SU), 1504.000 us, 397642752 bytes | copy: 3392 GB/s, 234.493 us
   # EP:   7/16 | cached dispatch: 81 GB/s (SO), 266 GB/s (SU), 1503.000 us, 399252672 bytes | copy: 3339 GB/s, 239.180 us
   # EP:   5/16 | cached dispatch: 81 GB/s (SO), 266 GB/s (SU), 1503.000 us, 399821760 bytes | copy: 3493 GB/s, 228.938 us
   # EP:   3/16 | cached dispatch: 81 GB/s (SO), 265 GB/s (SU), 1504.000 us, 398309184 bytes | copy: 3359 GB/s, 237.155 us
   # EP:   2/16 | cached dispatch: 81 GB/s (SO), 265 GB/s (SU), 1504.000 us, 399155328 bytes | copy: 3333 GB/s, 239.524 us
USDT:2026-08-31 10:41:36 490:490 SyncActivityProfilerHandler.cpp:52] profiler_startUSDT:2026-08-31 10:41:36 492:492 SyncActivityProfilerHandler.cpp:52] profiler_startUSDT:2026-08-31 10:41:36 493:493 SyncActivityProfilerHandler.cpp:52] profiler_start

USDT:2026-08-31 10:41:36 487:487 SyncActivityProfilerHandler.cpp:52] profiler_startUSDT:2026-08-31 10:41:36 488:488 SyncActivityProfilerHandler.cpp:52] profiler_startUSDT:2026-08-31 10:41:36 491:491 SyncActivityProfilerHandler.cpp:52] profiler_start



USDT:2026-08-31 10:41:36 494:494 SyncActivityProfilerHandler.cpp:52] profiler_start
USDT:2026-08-31 10:41:36 489:489 SyncActivityProfilerHandler.cpp:52] profiler_start
USDT:2026-08-31 10:41:36 490:490 SyncActivityProfilerHandler.cpp:59] profiler_stopUSDT:2026-08-31 10:41:36 492:492 SyncActivityProfilerHandler.cpp:59] profiler_stop

USDT:2026-08-31 10:41:36 488:488 SyncActivityProfilerHandler.cpp:59] profiler_stop
USDT:2026-08-31 10:41:36 493:493 SyncActivityProfilerHandler.cpp:59] profiler_stop
USDT:2026-08-31 10:41:36 494:494 SyncActivityProfilerHandler.cpp:59] profiler_stopUSDT:2026-08-31 10:41:36 491:491 SyncActivityProfilerHandler.cpp:59] profiler_stop

USDT:2026-08-31 10:41:36 487:487 SyncActivityProfilerHandler.cpp:59] profiler_stop
USDT:2026-08-31 10:41:36 489:489 SyncActivityProfilerHandler.cpp:59] profiler_stop
   @ EP:   1/16 | combine: 73 GB/s (SO), 238 GB/s (SU), 3233.000 us, 769248352 bytes | reduce: 3722 GB/s, 94.651 us
   @ EP:   0/16 | combine: 73 GB/s (SO), 235 GB/s (SU), 3236.000 us, 759736736 bytes | reduce: 3720 GB/s, 94.729 us
   @ EP:   5/16 | combine: 73 GB/s (SO), 238 GB/s (SU), 3221.000 us, 767179360 bytes | reduce: 3707 GB/s, 94.993 us
   @ EP:   4/16 | combine: 72 GB/s (SO), 238 GB/s (SU), 3241.000 us, 772050112 bytes | reduce: 3712 GB/s, 94.877 us
   @ EP:   3/16 | combine: 73 GB/s (SO), 238 GB/s (SU), 3210.000 us, 764277024 bytes | reduce: 3712 GB/s, 94.896 us
   @ EP:   6/16 | combine: 72 GB/s (SO), 235 GB/s (SU), 3240.000 us, 762998272 bytes | reduce: 3716 GB/s, 94.788 us
   @ EP:   7/16 | combine: 72 GB/s (SO), 236 GB/s (SU), 3251.000 us, 766087392 bytes | reduce: 3714 GB/s, 94.821 us
   @ EP:   2/16 | combine: 71 GB/s (SO), 231 GB/s (SU), 3318.000 us, 765900608 bytes | reduce: 3710 GB/s, 94.926 us
USDT:2026-08-31 10:41:37 489:489 SyncActivityProfilerHandler.cpp:52] profiler_start
USDT:2026-08-31 10:41:37 493:493 SyncActivityProfilerHandler.cpp:52] profiler_start
USDT:2026-08-31 10:41:37 490:490 SyncActivityProfilerHandler.cpp:52] profiler_startUSDT:2026-08-31 10:41:37 487:487 SyncActivityProfilerHandler.cpp:52] profiler_start

USDT:2026-08-31 10:41:37 492:492 SyncActivityProfilerHandler.cpp:52] profiler_startUSDT:2026-08-31 10:41:37 491:491 SyncActivityProfilerHandler.cpp:52] profiler_start

USDT:2026-08-31 10:41:37 488:488 SyncActivityProfilerHandler.cpp:52] profiler_start
USDT:2026-08-31 10:41:37 494:494 SyncActivityProfilerHandler.cpp:52] profiler_start
USDT:2026-08-31 10:41:37 489:489 SyncActivityProfilerHandler.cpp:59] profiler_stop
USDT:2026-08-31 10:41:37 493:493 SyncActivityProfilerHandler.cpp:59] profiler_stop
USDT:2026-08-31 10:41:37 487:487 SyncActivityProfilerHandler.cpp:59] profiler_stopUSDT:2026-08-31 10:41:37 490:490 SyncActivityProfilerHandler.cpp:59] profiler_stop

USDT:2026-08-31 10:41:37 491:491 SyncActivityProfilerHandler.cpp:59] profiler_stop
USDT:2026-08-31 10:41:37 492:492 SyncActivityProfilerHandler.cpp:59] profiler_stop
USDT:2026-08-31 10:41:37 488:488 SyncActivityProfilerHandler.cpp:59] profiler_stop
USDT:2026-08-31 10:41:37 494:494 SyncActivityProfilerHandler.cpp:59] profiler_stop
   + EP:   0/16 | reduced combine: 64 GB/s (SO), 208 GB/s (SU), 3658.000 us, 759736736 bytes | reduce: 3714 GB/s, 94.899 us
   + EP:   4/16 | reduced combine: 64 GB/s (SO), 210 GB/s (SU), 3669.000 us, 772050112 bytes | reduce: 3718 GB/s, 94.717 us
   + EP:   2/16 | reduced combine: 65 GB/s (SO), 212 GB/s (SU), 3618.000 us, 765900608 bytes | reduce: 3724 GB/s, 94.584 us
   + EP:   6/16 | reduced combine: 64 GB/s (SO), 209 GB/s (SU), 3642.000 us, 762998272 bytes | reduce: 3721 GB/s, 94.645 us   + EP:   1/16 | reduced combine: 64 GB/s (SO), 208 GB/s (SU), 3690.000 us, 769248352 bytes | reduce: 3719 GB/s, 94.722 us

   + EP:   5/16 | reduced combine: 64 GB/s (SO), 209 GB/s (SU), 3666.000 us, 767179360 bytes | reduce: 3709 GB/s, 94.929 us
   + EP:   3/16 | reduced combine: 64 GB/s (SO), 210 GB/s (SU), 3642.000 us, 764277024 bytes | reduce: 3713 GB/s, 94.866 us
   + EP:   7/16 | reduced combine: 63 GB/s (SO), 206 GB/s (SU), 3718.000 us, 766087392 bytes | reduce: 3712 GB/s, 94.854 us


