=== EP_NIC_NAME=rdmap110s0 (auto, 200 Gb/s) ===
=== GIN: NCCL_GIN_TYPE=5 NCCL_SYM_GIN_KERNELS_ENABLE=0 ===
=== PREFER_OVERLAP=0 (--prefer-overlap-with-compute) ===
=== IMAGE=deepep-v2-efa-official:sm90-stack3c737dcxbfbdd15  DeepEP=a35285f0af98856625e542df24bd17a985bc05d9 ===
=== DeepEP is a MERGE of: 3c737dcf0da5889ba7efd26e05b4808307cc38af bfbdd15ff448783f877cb2210cb3246c8452b05e ===
+ docker run --rm --init --gpus all --privileged --network=host --ipc=host --ulimit memlock=-1 --ulimit stack=67108864 --device=/dev/infiniband --device=/dev/gdrdrv -v /sys/class/infiniband:/sys/class/infiniband:ro -e MASTER_ADDR=172.31.11.137 -e MASTER_PORT=8809 -e WORLD_SIZE=2 -e RANK=1 -e NCCL_DEBUG=WARN -e EP_NIC_NAME=rdmap110s0 -e NCCL_GIN_TYPE=5 -e NCCL_SYM_GIN_KERNELS_ENABLE=0 -e PYTHONUNBUFFERED=1 -e PYTHONFAULTHANDLER=1 deepep-v2-efa-official:sm90-stack3c737dcxbfbdd15 bash -lc 'timeout -s ABRT --kill-after=60 1800     python3 -u /opt/DeepEP/tests/elastic/test_ep.py     --num-processes=8 --num-tokens=8192     --hidden=7168 --num-topk=8 --num-experts=256     --num-sms=12 --allow-hybrid-mode=1     --prefer-overlap-with-compute=0 --test-first-only      '

==========
== CUDA ==
==========

CUDA Version 13.0.2

Container image Copyright (c) 2016-2023, NVIDIA CORPORATION & AFFILIATES. All rights reserved.

This container image and its contents are governed by the NVIDIA Deep Learning Container License.
By pulling and using the container, you accept the terms and conditions of this license:
https://developer.nvidia.com/ngc/nvidia-deep-learning-container-license

A copy of this license is made available in this container at /NGC-DL-CONTAINER-LICENSE for your convenience.

DeepEP hybrid kernel selection: unordered
DeepEP hybrid kernel selection: unordered
DeepEP hybrid kernel selection: unordered
DeepEP hybrid kernel selection: unordered
DeepEP hybrid kernel selection: unordered
DeepEP hybrid kernel selection: unordered
DeepEP hybrid kernel selection: unordered
DeepEP hybrid kernel selection: unordered
DeepEP hybrid kernel selection: unordered
DeepEP hybrid kernel selection: unordered
DeepEP hybrid kernel selection: unordered
DeepEP hybrid kernel selection: unordered
DeepEP hybrid kernel selection: unordered
DeepEP hybrid kernel selection: unordered
DeepEP hybrid kernel selection: unordered
DeepEP hybrid kernel selection: unordered
Config:
 > Ranks: 2 x 8
 > Experts: 8/256
 > Tokens: 8184 (max: 8192), hidden: 7168
 > #SM: 12, #QPs: 13/13

Running all test cases:
 > Testing with do_handle_copy=1, expert_alignment=128, use_fp8_dispatch=1, num_bias=0, with_previous_event=0, async_with_compute_stream=0, allocate_on_comm_stream=0 ...
USDT:2026-08-31 10:43:34 485:485 SyncActivityProfilerHandler.cpp:52] profiler_startUSDT:2026-08-31 10:43:34 487:487 SyncActivityProfilerHandler.cpp:52] profiler_startUSDT:2026-08-31 10:43:34 492:492 SyncActivityProfilerHandler.cpp:52] profiler_startUSDT:2026-08-31 10:43:34 491:491 SyncActivityProfilerHandler.cpp:52] profiler_start

USDT:2026-08-31 10:43:34 486:486 SyncActivityProfilerHandler.cpp:52] profiler_start
USDT:2026-08-31 10:43:34 488:488 SyncActivityProfilerHandler.cpp:52] profiler_start
USDT:2026-08-31 10:43:34 489:489 SyncActivityProfilerHandler.cpp:52] profiler_start


USDT:2026-08-31 10:43:34 490:490 SyncActivityProfilerHandler.cpp:52] profiler_start
USDT:2026-08-31 10:43:35 490:490 SyncActivityProfilerHandler.cpp:59] profiler_stopUSDT:2026-08-31 10:43:35 485:485 SyncActivityProfilerHandler.cpp:59] profiler_stopUSDT:2026-08-31 10:43:35 492:492 SyncActivityProfilerHandler.cpp:59] profiler_stopUSDT:2026-08-31 10:43:35 486:486 SyncActivityProfilerHandler.cpp:59] profiler_stopUSDT:2026-08-31 10:43:35 491:491 SyncActivityProfilerHandler.cpp:59] profiler_stopUSDT:2026-08-31 10:43:35 489:489 SyncActivityProfilerHandler.cpp:59] profiler_stopUSDT:2026-08-31 10:43:35 487:487 SyncActivityProfilerHandler.cpp:59] profiler_stop






USDT:2026-08-31 10:43:35 488:488 SyncActivityProfilerHandler.cpp:59] profiler_stop
   * EP:  13/16 | dispatch: 81 GB/s (SO), 265 GB/s (SU), 1506.000 us, 398728512 bytes | copy: 3180 GB/s, 250.769 us
   * EP:  15/16 | dispatch: 81 GB/s (SO), 267 GB/s (SU), 1506.000 us, 401903424 bytes | copy: 3292 GB/s, 244.190 us
   * EP:  10/16 | dispatch: 81 GB/s (SO), 266 GB/s (SU), 1506.000 us, 401289408 bytes | copy: 3227 GB/s, 248.675 us
   * EP:  12/16 | dispatch: 81 GB/s (SO), 267 GB/s (SU), 1506.000 us, 401401728 bytes | copy: 3221 GB/s, 249.259 us
   * EP:   8/16 | dispatch: 81 GB/s (SO), 266 GB/s (SU), 1506.000 us, 400166208 bytes | copy: 3277 GB/s, 244.259 us
   * EP:  14/16 | dispatch: 81 GB/s (SO), 266 GB/s (SU), 1506.000 us, 400525632 bytes | copy: 3314 GB/s, 241.735 us
   * EP:   9/16 | dispatch: 81 GB/s (SO), 265 GB/s (SU), 1506.000 us, 398795904 bytes | copy: 3285 GB/s, 242.776 us
   * EP:  11/16 | dispatch: 81 GB/s (SO), 266 GB/s (SU), 1506.000 us, 400203648 bytes | copy: 3278 GB/s, 244.194 us
USDT:2026-08-31 10:43:35 487:487 SyncActivityProfilerHandler.cpp:52] profiler_startUSDT:2026-08-31 10:43:35 485:485 SyncActivityProfilerHandler.cpp:52] profiler_startUSDT:2026-08-31 10:43:35 486:486 SyncActivityProfilerHandler.cpp:52] profiler_startUSDT:2026-08-31 10:43:35 491:491 SyncActivityProfilerHandler.cpp:52] profiler_start
USDT:2026-08-31 10:43:35 489:489 SyncActivityProfilerHandler.cpp:52] profiler_start



USDT:2026-08-31 10:43:35 490:490 SyncActivityProfilerHandler.cpp:52] profiler_startUSDT:2026-08-31 10:43:35 492:492 SyncActivityProfilerHandler.cpp:52] profiler_startUSDT:2026-08-31 10:43:35 488:488 SyncActivityProfilerHandler.cpp:52] profiler_start


USDT:2026-08-31 10:43:36 487:487 SyncActivityProfilerHandler.cpp:59] profiler_stopUSDT:2026-08-31 10:43:36 485:485 SyncActivityProfilerHandler.cpp:59] profiler_stopUSDT:2026-08-31 10:43:36 491:491 SyncActivityProfilerHandler.cpp:59] profiler_stop

USDT:2026-08-31 10:43:36 490:490 SyncActivityProfilerHandler.cpp:59] profiler_stopUSDT:2026-08-31 10:43:36 489:489 SyncActivityProfilerHandler.cpp:59] profiler_stop
USDT:2026-08-31 10:43:36 488:488 SyncActivityProfilerHandler.cpp:59] profiler_stop
USDT:2026-08-31 10:43:36 492:492 SyncActivityProfilerHandler.cpp:59] profiler_stop


USDT:2026-08-31 10:43:36 486:486 SyncActivityProfilerHandler.cpp:59] profiler_stop
   - EP:  13/16 | expanded dispatch: 81 GB/s (SO), 264 GB/s (SU), 1511.000 us, 398728512 bytes | copy: 2788 GB/s, 321.758 us
   - EP:  14/16 | expanded dispatch: 81 GB/s (SO), 265 GB/s (SU), 1511.000 us, 400525632 bytes | copy: 2818 GB/s, 320.054 us
   - EP:  15/16 | expanded dispatch: 81 GB/s (SO), 266 GB/s (SU), 1511.000 us, 401903424 bytes | copy: 2801 GB/s, 322.874 us
   - EP:  10/16 | expanded dispatch: 81 GB/s (SO), 266 GB/s (SU), 1511.000 us, 401289408 bytes | copy: 2780 GB/s, 324.688 us
   - EP:  12/16 | expanded dispatch: 81 GB/s (SO), 266 GB/s (SU), 1511.000 us, 401401728 bytes | copy: 2800 GB/s, 322.769 us
   - EP:   8/16 | expanded dispatch: 81 GB/s (SO), 265 GB/s (SU), 1511.000 us, 400166208 bytes | copy: 2796 GB/s, 322.696 us
   - EP:  11/16 | expanded dispatch: 81 GB/s (SO), 265 GB/s (SU), 1511.000 us, 400203648 bytes | copy: 2768 GB/s, 325.534 us
   - EP:   9/16 | expanded dispatch: 81 GB/s (SO), 264 GB/s (SU), 1510.000 us, 398795904 bytes | copy: 2761 GB/s, 324.211 us
USDT:2026-08-31 10:43:36 487:487 SyncActivityProfilerHandler.cpp:52] profiler_startUSDT:2026-08-31 10:43:36 490:490 SyncActivityProfilerHandler.cpp:52] profiler_startUSDT:2026-08-31 10:43:36 486:486 SyncActivityProfilerHandler.cpp:52] profiler_startUSDT:2026-08-31 10:43:36 491:491 SyncActivityProfilerHandler.cpp:52] profiler_startUSDT:2026-08-31 10:43:36 485:485 SyncActivityProfilerHandler.cpp:52] profiler_start


USDT:2026-08-31 10:43:36 489:489 SyncActivityProfilerHandler.cpp:52] profiler_start

USDT:2026-08-31 10:43:36 488:488 SyncActivityProfilerHandler.cpp:52] profiler_startUSDT:2026-08-31 10:43:36 492:492 SyncActivityProfilerHandler.cpp:52] profiler_start


USDT:2026-08-31 10:43:36 490:490 SyncActivityProfilerHandler.cpp:59] profiler_stopUSDT:2026-08-31 10:43:36 486:486 SyncActivityProfilerHandler.cpp:59] profiler_stop

USDT:2026-08-31 10:43:36 491:491 SyncActivityProfilerHandler.cpp:59] profiler_stopUSDT:2026-08-31 10:43:36 487:487 SyncActivityProfilerHandler.cpp:59] profiler_stop

USDT:2026-08-31 10:43:36 492:492 SyncActivityProfilerHandler.cpp:59] profiler_stopUSDT:2026-08-31 10:43:36 489:489 SyncActivityProfilerHandler.cpp:59] profiler_stopUSDT:2026-08-31 10:43:36 488:488 SyncActivityProfilerHandler.cpp:59] profiler_stop


USDT:2026-08-31 10:43:36 485:485 SyncActivityProfilerHandler.cpp:59] profiler_stop
   # EP:  13/16 | cached dispatch: 81 GB/s (SO), 265 GB/s (SU), 1507.000 us, 398728512 bytes | copy: 3336 GB/s, 239.038 us
   # EP:  15/16 | cached dispatch: 81 GB/s (SO), 267 GB/s (SU), 1507.000 us, 401903424 bytes | copy: 3366 GB/s, 238.776 us
   # EP:  12/16 | cached dispatch: 81 GB/s (SO), 266 GB/s (SU), 1507.000 us, 401401728 bytes | copy: 3317 GB/s, 242.024 us
   # EP:   8/16 | cached dispatch: 81 GB/s (SO), 266 GB/s (SU), 1507.000 us, 400166208 bytes | copy: 3397 GB/s, 235.594 us
   # EP:  10/16 | cached dispatch: 81 GB/s (SO), 266 GB/s (SU), 1507.000 us, 401289408 bytes | copy: 3302 GB/s, 243.068 us
   # EP:  11/16 | cached dispatch: 81 GB/s (SO), 266 GB/s (SU), 1507.000 us, 400203648 bytes | copy: 3452 GB/s, 231.838 us
   # EP:   9/16 | cached dispatch: 81 GB/s (SO), 265 GB/s (SU), 1506.000 us, 398795904 bytes | copy: 3378 GB/s, 236.086 us
   # EP:  14/16 | cached dispatch: 81 GB/s (SO), 266 GB/s (SU), 1507.000 us, 400525632 bytes | copy: 3359 GB/s, 238.506 us
USDT:2026-08-31 10:43:37 485:485 SyncActivityProfilerHandler.cpp:52] profiler_startUSDT:2026-08-31 10:43:37 487:487 SyncActivityProfilerHandler.cpp:52] profiler_startUSDT:2026-08-31 10:43:37 486:486 SyncActivityProfilerHandler.cpp:52] profiler_start


USDT:2026-08-31 10:43:37 491:491 SyncActivityProfilerHandler.cpp:52] profiler_start
USDT:2026-08-31 10:43:37 489:489 SyncActivityProfilerHandler.cpp:52] profiler_start
USDT:2026-08-31 10:43:37 492:492 SyncActivityProfilerHandler.cpp:52] profiler_startUSDT:2026-08-31 10:43:37 488:488 SyncActivityProfilerHandler.cpp:52] profiler_start

USDT:2026-08-31 10:43:37 490:490 SyncActivityProfilerHandler.cpp:52] profiler_start
USDT:2026-08-31 10:43:38 485:485 SyncActivityProfilerHandler.cpp:59] profiler_stop
USDT:2026-08-31 10:43:38 486:486 SyncActivityProfilerHandler.cpp:59] profiler_stop
USDT:2026-08-31 10:43:38 491:491 SyncActivityProfilerHandler.cpp:59] profiler_stop
USDT:2026-08-31 10:43:38 487:487 SyncActivityProfilerHandler.cpp:59] profiler_stop
USDT:2026-08-31 10:43:38 489:489 SyncActivityProfilerHandler.cpp:59] profiler_stop
USDT:2026-08-31 10:43:38 490:490 SyncActivityProfilerHandler.cpp:59] profiler_stop
USDT:2026-08-31 10:43:38 488:488 SyncActivityProfilerHandler.cpp:59] profiler_stop
USDT:2026-08-31 10:43:38 492:492 SyncActivityProfilerHandler.cpp:59] profiler_stop
   @ EP:   8/16 | combine: 76 GB/s (SO), 248 GB/s (SU), 3091.000 us, 767840288 bytes | reduce: 3716 GB/s, 94.724 us
   @ EP:   9/16 | combine: 76 GB/s (SO), 247 GB/s (SU), 3095.000 us, 765210944 bytes | reduce: 3706 GB/s, 94.974 us
   @ EP:  10/16 | combine: 76 GB/s (SO), 249 GB/s (SU), 3096.000 us, 769995488 bytes | reduce: 3714 GB/s, 94.764 us   @ EP:  14/16 | combine: 75 GB/s (SO), 247 GB/s (SU), 3110.000 us, 768529952 bytes | reduce: 3711 GB/s, 94.819 us

   @ EP:  12/16 | combine: 75 GB/s (SO), 246 GB/s (SU), 3135.000 us, 770211008 bytes | reduce: 3715 GB/s, 94.685 us
   @ EP:  11/16 | combine: 74 GB/s (SO), 243 GB/s (SU), 3166.000 us, 767912128 bytes | reduce: 3703 GB/s, 95.013 us
   @ EP:  13/16 | combine: 73 GB/s (SO), 240 GB/s (SU), 3194.000 us, 765081632 bytes | reduce: 3710 GB/s, 94.849 us
   @ EP:  15/16 | combine: 74 GB/s (SO), 243 GB/s (SU), 3176.000 us, 771173664 bytes | reduce: 3706 GB/s, 94.828 us
USDT:2026-08-31 10:43:38 488:488 SyncActivityProfilerHandler.cpp:52] profiler_start
USDT:2026-08-31 10:43:38 490:490 SyncActivityProfilerHandler.cpp:52] profiler_start
USDT:2026-08-31 10:43:38 487:487 SyncActivityProfilerHandler.cpp:52] profiler_startUSDT:2026-08-31 10:43:38 485:485 SyncActivityProfilerHandler.cpp:52] profiler_start

USDT:2026-08-31 10:43:38 492:492 SyncActivityProfilerHandler.cpp:52] profiler_startUSDT:2026-08-31 10:43:38 489:489 SyncActivityProfilerHandler.cpp:52] profiler_start

USDT:2026-08-31 10:43:38 491:491 SyncActivityProfilerHandler.cpp:52] profiler_start
USDT:2026-08-31 10:43:38 486:486 SyncActivityProfilerHandler.cpp:52] profiler_start
USDT:2026-08-31 10:43:38 490:490 SyncActivityProfilerHandler.cpp:59] profiler_stop
USDT:2026-08-31 10:43:38 488:488 SyncActivityProfilerHandler.cpp:59] profiler_stop
USDT:2026-08-31 10:43:38 485:485 SyncActivityProfilerHandler.cpp:59] profiler_stop
USDT:2026-08-31 10:43:38 487:487 SyncActivityProfilerHandler.cpp:59] profiler_stopUSDT:2026-08-31 10:43:38 491:491 SyncActivityProfilerHandler.cpp:59] profiler_stop

USDT:2026-08-31 10:43:38 492:492 SyncActivityProfilerHandler.cpp:59] profiler_stop
USDT:2026-08-31 10:43:38 489:489 SyncActivityProfilerHandler.cpp:59] profiler_stop
USDT:2026-08-31 10:43:38 486:486 SyncActivityProfilerHandler.cpp:59] profiler_stop
   + EP:   8/16 | reduced combine: 62 GB/s (SO), 204 GB/s (SU), 3760.000 us, 767840288 bytes | reduce: 3715 GB/s, 94.758 us
   + EP:   9/16 | reduced combine: 60 GB/s (SO), 197 GB/s (SU), 3887.000 us, 765210944 bytes | reduce: 3711 GB/s, 94.840 us
   + EP:  14/16 | reduced combine: 62 GB/s (SO), 204 GB/s (SU), 3775.000 us, 768529952 bytes | reduce: 3712 GB/s, 94.771 us
   + EP:  11/16 | reduced combine: 63 GB/s (SO), 205 GB/s (SU), 3737.000 us, 767912128 bytes | reduce: 3703 GB/s, 95.005 us
   + EP:  12/16 | reduced combine: 62 GB/s (SO), 203 GB/s (SU), 3787.000 us, 770211008 bytes | reduce: 3715 GB/s, 94.691 us
   + EP:  10/16 | reduced combine: 62 GB/s (SO), 204 GB/s (SU), 3768.000 us, 769995488 bytes | reduce: 3709 GB/s, 94.882 us
   + EP:  13/16 | reduced combine: 63 GB/s (SO), 204 GB/s (SU), 3749.000 us, 765081632 bytes | reduce: 3709 GB/s, 94.858 us
   + EP:  15/16 | reduced combine: 62 GB/s (SO), 204 GB/s (SU), 3782.000 us, 771173664 bytes | reduce: 3712 GB/s, 94.681 us


