DeepEP hybrid kernel selection: unordered
DeepEP hybrid kernel selection: unordered
DeepEP hybrid kernel selection: unordered
DeepEP hybrid kernel selection: unordered
DeepEP hybrid kernel selection: unordered
DeepEP hybrid kernel selection: unordered
DeepEP hybrid kernel selection: unordered
DeepEP hybrid kernel selection: unordered
DeepEP hybrid kernel selection: unordered
DeepEP hybrid kernel selection: unordered
DeepEP hybrid kernel selection: unordered
DeepEP hybrid kernel selection: unordered
DeepEP hybrid kernel selection: unordered
DeepEP hybrid kernel selection: unordered
DeepEP hybrid kernel selection: unordered
DeepEP hybrid kernel selection: unordered
Config:
 > Ranks: 2 x 8
 > Experts: 8/256
 > Tokens: 8184 (max: 8192), hidden: 7168
 > #SM: 24, #QPs: 11/11

Running all test cases:
 > Testing with do_handle_copy=1, expert_alignment=128, use_fp8_dispatch=1, num_bias=0, with_previous_event=0, async_with_compute_stream=0, allocate_on_comm_stream=0 ...
USDT:2026-10-10 08:54:14 44948:44948 SyncActivityProfilerHandler.cpp:52] profiler_startUSDT:2026-10-10 08:54:14 44950:44950 SyncActivityProfilerHandler.cpp:52] profiler_startUSDT:2026-10-10 08:54:14 44955:44955 SyncActivityProfilerHandler.cpp:52] profiler_startUSDT:2026-10-10 08:54:14 44952:44952 SyncActivityProfilerHandler.cpp:52] profiler_startUSDT:2026-10-10 08:54:14 44951:44951 SyncActivityProfilerHandler.cpp:52] profiler_startUSDT:2026-10-10 08:54:14 44954:44954 SyncActivityProfilerHandler.cpp:52] profiler_startUSDT:2026-10-10 08:54:14 44953:44953 SyncActivityProfilerHandler.cpp:52] profiler_startUSDT:2026-10-10 08:54:14 44949:44949 SyncActivityProfilerHandler.cpp:52] profiler_start







USDT:2026-10-10 08:54:15 44951:44951 SyncActivityProfilerHandler.cpp:59] profiler_stopUSDT:2026-10-10 08:54:15 44948:44948 SyncActivityProfilerHandler.cpp:59] profiler_stopUSDT:2026-10-10 08:54:15 44955:44955 SyncActivityProfilerHandler.cpp:59] profiler_stopUSDT:2026-10-10 08:54:15 44954:44954 SyncActivityProfilerHandler.cpp:59] profiler_stop
USDT:2026-10-10 08:54:15 44949:44949 SyncActivityProfilerHandler.cpp:59] profiler_stopUSDT:2026-10-10 08:54:15 44952:44952 SyncActivityProfilerHandler.cpp:59] profiler_stop
USDT:2026-10-10 08:54:15 44950:44950 SyncActivityProfilerHandler.cpp:59] profiler_stop


USDT:2026-10-10 08:54:15 44953:44953 SyncActivityProfilerHandler.cpp:59] profiler_stop


   * EP:  11/16 | dispatch: 81 GB/s (SO), 265 GB/s (SU), 1506.000 us, 399177792 bytes | copy: 4772 GB/s, 167.303 us
   * EP:  15/16 | dispatch: 81 GB/s (SO), 266 GB/s (SU), 1506.000 us, 401132160 bytes | copy: 4785 GB/s, 167.646 us
   * EP:   8/16 | dispatch: 81 GB/s (SO), 264 GB/s (SU), 1507.000 us, 397245888 bytes | copy: 4654 GB/s, 170.708 us
   * EP:  14/16 | dispatch: 81 GB/s (SO), 267 GB/s (SU), 1506.000 us, 402105600 bytes | copy: 4700 GB/s, 171.097 us
   * EP:  12/16 | dispatch: 81 GB/s (SO), 266 GB/s (SU), 1507.000 us, 400622976 bytes | copy: 4533 GB/s, 176.765 us
   * EP:  10/16 | dispatch: 81 GB/s (SO), 266 GB/s (SU), 1507.000 us, 401364288 bytes | copy: 4488 GB/s, 178.875 us
   * EP:  13/16 | dispatch: 81 GB/s (SO), 265 GB/s (SU), 1506.000 us, 399612096 bytes | copy: 4706 GB/s, 169.840 us
   * EP:   9/16 | dispatch: 81 GB/s (SO), 265 GB/s (SU), 1507.000 us, 399499776 bytes | copy: 4857 GB/s, 164.507 us
USDT:2026-10-10 08:54:15 44948:44948 SyncActivityProfilerHandler.cpp:52] profiler_startUSDT:2026-10-10 08:54:15 44954:44954 SyncActivityProfilerHandler.cpp:52] profiler_startUSDT:2026-10-10 08:54:15 44952:44952 SyncActivityProfilerHandler.cpp:52] profiler_startUSDT:2026-10-10 08:54:15 44950:44950 SyncActivityProfilerHandler.cpp:52] profiler_startUSDT:2026-10-10 08:54:15 44951:44951 SyncActivityProfilerHandler.cpp:52] profiler_startUSDT:2026-10-10 08:54:15 44955:44955 SyncActivityProfilerHandler.cpp:52] profiler_startUSDT:2026-10-10 08:54:15 44953:44953 SyncActivityProfilerHandler.cpp:52] profiler_startUSDT:2026-10-10 08:54:15 44949:44949 SyncActivityProfilerHandler.cpp:52] profiler_start







USDT:2026-10-10 08:54:16 44954:44954 SyncActivityProfilerHandler.cpp:59] profiler_stopUSDT:2026-10-10 08:54:16 44948:44948 SyncActivityProfilerHandler.cpp:59] profiler_stopUSDT:2026-10-10 08:54:16 44951:44951 SyncActivityProfilerHandler.cpp:59] profiler_stop
USDT:2026-10-10 08:54:16 44953:44953 SyncActivityProfilerHandler.cpp:59] profiler_stopUSDT:2026-10-10 08:54:16 44952:44952 SyncActivityProfilerHandler.cpp:59] profiler_stop
USDT:2026-10-10 08:54:16 44955:44955 SyncActivityProfilerHandler.cpp:59] profiler_stop



USDT:2026-10-10 08:54:16 44950:44950 SyncActivityProfilerHandler.cpp:59] profiler_stopUSDT:2026-10-10 08:54:16 44949:44949 SyncActivityProfilerHandler.cpp:59] profiler_stop

   - EP:  11/16 | expanded dispatch: 81 GB/s (SO), 265 GB/s (SU), 1506.000 us, 399177792 bytes | copy: 4409 GB/s, 203.932 us
   - EP:  14/16 | expanded dispatch: 81 GB/s (SO), 267 GB/s (SU), 1505.000 us, 402105600 bytes | copy: 4502 GB/s, 200.728 us
   - EP:   8/16 | expanded dispatch: 81 GB/s (SO), 264 GB/s (SU), 1506.000 us, 397245888 bytes | copy: 4330 GB/s, 206.293 us
   - EP:  13/16 | expanded dispatch: 81 GB/s (SO), 265 GB/s (SU), 1506.000 us, 399612096 bytes | copy: 4248 GB/s, 211.485 us
   - EP:  12/16 | expanded dispatch: 81 GB/s (SO), 266 GB/s (SU), 1506.000 us, 400622976 bytes | copy: 4302 GB/s, 209.288 us
   - EP:  15/16 | expanded dispatch: 81 GB/s (SO), 267 GB/s (SU), 1505.000 us, 401132160 bytes | copy: 4208 GB/s, 213.973 us
   - EP:  10/16 | expanded dispatch: 81 GB/s (SO), 267 GB/s (SU), 1506.000 us, 401364288 bytes | copy: 4282 GB/s, 210.917 us
   - EP:   9/16 | expanded dispatch: 81 GB/s (SO), 265 GB/s (SU), 1506.000 us, 399499776 bytes | copy: 4313 GB/s, 208.347 us
USDT:2026-10-10 08:54:16 44954:44954 SyncActivityProfilerHandler.cpp:52] profiler_startUSDT:2026-10-10 08:54:16 44948:44948 SyncActivityProfilerHandler.cpp:52] profiler_startUSDT:2026-10-10 08:54:16 44951:44951 SyncActivityProfilerHandler.cpp:52] profiler_startUSDT:2026-10-10 08:54:16 44952:44952 SyncActivityProfilerHandler.cpp:52] profiler_start


USDT:2026-10-10 08:54:16 44953:44953 SyncActivityProfilerHandler.cpp:52] profiler_start

USDT:2026-10-10 08:54:16 44955:44955 SyncActivityProfilerHandler.cpp:52] profiler_start
USDT:2026-10-10 08:54:16 44950:44950 SyncActivityProfilerHandler.cpp:52] profiler_startUSDT:2026-10-10 08:54:16 44949:44949 SyncActivityProfilerHandler.cpp:52] profiler_start

USDT:2026-10-10 08:54:16 44948:44948 SyncActivityProfilerHandler.cpp:59] profiler_stop
USDT:2026-10-10 08:54:16 44955:44955 SyncActivityProfilerHandler.cpp:59] profiler_stopUSDT:2026-10-10 08:54:16 44951:44951 SyncActivityProfilerHandler.cpp:59] profiler_stop
USDT:2026-10-10 08:54:16 44953:44953 SyncActivityProfilerHandler.cpp:59] profiler_stop
USDT:2026-10-10 08:54:16 44949:44949 SyncActivityProfilerHandler.cpp:59] profiler_stopUSDT:2026-10-10 08:54:16 44952:44952 SyncActivityProfilerHandler.cpp:59] profiler_stop


USDT:2026-10-10 08:54:16 44954:44954 SyncActivityProfilerHandler.cpp:59] profiler_stop
USDT:2026-10-10 08:54:16 44950:44950 SyncActivityProfilerHandler.cpp:59] profiler_stop
   # EP:   8/16 | cached dispatch: 81 GB/s (SO), 264 GB/s (SU), 1504.000 us, 397245888 bytes | copy: 4808 GB/s, 165.254 us
   # EP:  15/16 | cached dispatch: 81 GB/s (SO), 267 GB/s (SU), 1502.000 us, 401132160 bytes | copy: 4825 GB/s, 166.269 us
   # EP:  11/16 | cached dispatch: 81 GB/s (SO), 265 GB/s (SU), 1504.000 us, 399177792 bytes | copy: 4697 GB/s, 169.955 us
   # EP:  12/16 | cached dispatch: 81 GB/s (SO), 267 GB/s (SU), 1503.000 us, 400622976 bytes | copy: 4659 GB/s, 171.982 us
   # EP:  14/16 | cached dispatch: 81 GB/s (SO), 268 GB/s (SU), 1503.000 us, 402105600 bytes | copy: 4850 GB/s, 165.814 us
   # EP:  13/16 | cached dispatch: 81 GB/s (SO), 266 GB/s (SU), 1503.000 us, 399612096 bytes | copy: 4652 GB/s, 171.797 us
   # EP:   9/16 | cached dispatch: 81 GB/s (SO), 266 GB/s (SU), 1503.000 us, 399499776 bytes | copy: 4699 GB/s, 170.053 us
   # EP:  10/16 | cached dispatch: 81 GB/s (SO), 267 GB/s (SU), 1504.000 us, 401364288 bytes | copy: 4570 GB/s, 175.654 us
USDT:2026-10-10 08:54:17 44953:44953 SyncActivityProfilerHandler.cpp:52] profiler_startUSDT:2026-10-10 08:54:17 44954:44954 SyncActivityProfilerHandler.cpp:52] profiler_startUSDT:2026-10-10 08:54:17 44949:44949 SyncActivityProfilerHandler.cpp:52] profiler_startUSDT:2026-10-10 08:54:17 44951:44951 SyncActivityProfilerHandler.cpp:52] profiler_start
USDT:2026-10-10 08:54:17 44950:44950 SyncActivityProfilerHandler.cpp:52] profiler_startUSDT:2026-10-10 08:54:17 44948:44948 SyncActivityProfilerHandler.cpp:52] profiler_start



USDT:2026-10-10 08:54:17 44952:44952 SyncActivityProfilerHandler.cpp:52] profiler_start

USDT:2026-10-10 08:54:17 44955:44955 SyncActivityProfilerHandler.cpp:52] profiler_start
USDT:2026-10-10 08:54:17 44948:44948 SyncActivityProfilerHandler.cpp:59] profiler_stopUSDT:2026-10-10 08:54:17 44953:44953 SyncActivityProfilerHandler.cpp:59] profiler_stopUSDT:2026-10-10 08:54:17 44951:44951 SyncActivityProfilerHandler.cpp:59] profiler_stop

USDT:2026-10-10 08:54:17 44950:44950 SyncActivityProfilerHandler.cpp:59] profiler_stopUSDT:2026-10-10 08:54:17 44952:44952 SyncActivityProfilerHandler.cpp:59] profiler_stop
USDT:2026-10-10 08:54:17 44949:44949 SyncActivityProfilerHandler.cpp:59] profiler_stopUSDT:2026-10-10 08:54:17 44954:44954 SyncActivityProfilerHandler.cpp:59] profiler_stop



USDT:2026-10-10 08:54:17 44955:44955 SyncActivityProfilerHandler.cpp:59] profiler_stop
   @ EP:  11/16 | combine: 86 GB/s (SO), 281 GB/s (SU), 2726.000 us, 765943712 bytes | reduce: 5136 GB/s, 68.512 us
   @ EP:  13/16 | combine: 86 GB/s (SO), 282 GB/s (SU), 2716.000 us, 766777056 bytes | reduce: 5120 GB/s, 68.666 us
   @ EP:  14/16 | combine: 86 GB/s (SO), 282 GB/s (SU), 2736.000 us, 771561600 bytes | reduce: 5149 GB/s, 68.282 us
   @ EP:  15/16 | combine: 80 GB/s (SO), 264 GB/s (SU), 2919.000 us, 769693760 bytes | reduce: 5165 GB/s, 68.067 us
   @ EP:  10/16 | combine: 86 GB/s (SO), 283 GB/s (SU), 2723.000 us, 770139168 bytes | reduce: 5129 GB/s, 68.583 us
   @ EP:  12/16 | combine: 86 GB/s (SO), 283 GB/s (SU), 2719.000 us, 768716736 bytes | reduce: 5124 GB/s, 68.676 us
   @ EP:   8/16 | combine: 86 GB/s (SO), 279 GB/s (SU), 2735.000 us, 762236768 bytes | reduce: 5137 GB/s, 68.537 us
   @ EP:   9/16 | combine: 86 GB/s (SO), 282 GB/s (SU), 2721.000 us, 766561536 bytes | reduce: 5140 GB/s, 68.487 us
USDT:2026-10-10 08:54:18 44953:44953 SyncActivityProfilerHandler.cpp:52] profiler_startUSDT:2026-10-10 08:54:18 44948:44948 SyncActivityProfilerHandler.cpp:52] profiler_startUSDT:2026-10-10 08:54:18 44955:44955 SyncActivityProfilerHandler.cpp:52] profiler_start
USDT:2026-10-10 08:54:18 44950:44950 SyncActivityProfilerHandler.cpp:52] profiler_start


USDT:2026-10-10 08:54:18 44952:44952 SyncActivityProfilerHandler.cpp:52] profiler_startUSDT:2026-10-10 08:54:18 44949:44949 SyncActivityProfilerHandler.cpp:52] profiler_startUSDT:2026-10-10 08:54:18 44954:44954 SyncActivityProfilerHandler.cpp:52] profiler_startUSDT:2026-10-10 08:54:18 44951:44951 SyncActivityProfilerHandler.cpp:52] profiler_start



USDT:2026-10-10 08:54:18 44948:44948 SyncActivityProfilerHandler.cpp:59] profiler_stopUSDT:2026-10-10 08:54:18 44953:44953 SyncActivityProfilerHandler.cpp:59] profiler_stop

USDT:2026-10-10 08:54:18 44954:44954 SyncActivityProfilerHandler.cpp:59] profiler_stopUSDT:2026-10-10 08:54:18 44949:44949 SyncActivityProfilerHandler.cpp:59] profiler_stopUSDT:2026-10-10 08:54:18 44952:44952 SyncActivityProfilerHandler.cpp:59] profiler_stop
USDT:2026-10-10 08:54:18 44951:44951 SyncActivityProfilerHandler.cpp:59] profiler_stop
USDT:2026-10-10 08:54:18 44950:44950 SyncActivityProfilerHandler.cpp:59] profiler_stop


USDT:2026-10-10 08:54:18 44955:44955 SyncActivityProfilerHandler.cpp:59] profiler_stop
   + EP:   8/16 | reduced combine: 74 GB/s (SO), 241 GB/s (SU), 3163.000 us, 762236768 bytes | reduce: 5166 GB/s, 68.150 us   + EP:  13/16 | reduced combine: 74 GB/s (SO), 242 GB/s (SU), 3173.000 us, 766777056 bytes | reduce: 5179 GB/s, 67.880 us

   + EP:  14/16 | reduced combine: 74 GB/s (SO), 244 GB/s (SU), 3167.000 us, 771561600 bytes | reduce: 5186 GB/s, 67.789 us
   + EP:  11/16 | reduced combine: 73 GB/s (SO), 240 GB/s (SU), 3194.000 us, 765943712 bytes | reduce: 5175 GB/s, 68.001 us
   + EP:  15/16 | reduced combine: 74 GB/s (SO), 242 GB/s (SU), 3175.000 us, 769693760 bytes | reduce: 5181 GB/s, 67.862 us
   + EP:  12/16 | reduced combine: 74 GB/s (SO), 241 GB/s (SU), 3187.000 us, 768716736 bytes | reduce: 5173 GB/s, 68.024 us
   + EP:   9/16 | reduced combine: 74 GB/s (SO), 241 GB/s (SU), 3176.000 us, 766561536 bytes | reduce: 5181 GB/s, 67.944 us
   + EP:  10/16 | reduced combine: 74 GB/s (SO), 243 GB/s (SU), 3170.000 us, 770139168 bytes | reduce: 5173 GB/s, 68.006 us


