NCCL version 2.32.3+cuda13.4
DeepEP hybrid kernel selection: unordered
DeepEP hybrid kernel selection: unordered
DeepEP hybrid kernel selection: unordered
DeepEP hybrid kernel selection: unordered
DeepEP hybrid kernel selection: unordered
DeepEP hybrid kernel selection: unordered
DeepEP hybrid kernel selection: unordered
DeepEP hybrid kernel selection: unordered
DeepEP hybrid kernel selection: unordered
DeepEP hybrid kernel selection: unordered
DeepEP hybrid kernel selection: unordered
DeepEP hybrid kernel selection: unordered
DeepEP hybrid kernel selection: unordered
DeepEP hybrid kernel selection: unordered
DeepEP hybrid kernel selection: unordered
DeepEP hybrid kernel selection: unordered
Config:
 > Ranks: 2 x 8
 > Experts: 8/256
 > Tokens: 8192 (max: 8192), hidden: 7168
 > #SM: 24, #QPs: 11/11

Running all test cases:
 > Testing with do_handle_copy=1, expert_alignment=128, use_fp8_dispatch=1, num_bias=0, with_previous_event=0, async_with_compute_stream=0, allocate_on_comm_stream=0 ...
USDT:2026-10-10 08:55:45 55017:55017 SyncActivityProfilerHandler.cpp:52] profiler_startUSDT:2026-10-10 08:55:45 55014:55014 SyncActivityProfilerHandler.cpp:52] profiler_startUSDT:2026-10-10 08:55:45 55015:55015 SyncActivityProfilerHandler.cpp:52] profiler_startUSDT:2026-10-10 08:55:45 55020:55020 SyncActivityProfilerHandler.cpp:52] profiler_start
USDT:2026-10-10 08:55:45 55016:55016 SyncActivityProfilerHandler.cpp:52] profiler_startUSDT:2026-10-10 08:55:45 55018:55018 SyncActivityProfilerHandler.cpp:52] profiler_start
USDT:2026-10-10 08:55:45 55021:55021 SyncActivityProfilerHandler.cpp:52] profiler_start




USDT:2026-10-10 08:55:45 55019:55019 SyncActivityProfilerHandler.cpp:52] profiler_start
USDT:2026-10-10 08:55:45 55018:55018 SyncActivityProfilerHandler.cpp:59] profiler_stopUSDT:2026-10-10 08:55:45 55014:55014 SyncActivityProfilerHandler.cpp:59] profiler_stopUSDT:2026-10-10 08:55:45 55017:55017 SyncActivityProfilerHandler.cpp:59] profiler_stopUSDT:2026-10-10 08:55:45 55015:55015 SyncActivityProfilerHandler.cpp:59] profiler_stopUSDT:2026-10-10 08:55:45 55020:55020 SyncActivityProfilerHandler.cpp:59] profiler_stop
USDT:2026-10-10 08:55:45 55021:55021 SyncActivityProfilerHandler.cpp:59] profiler_stopUSDT:2026-10-10 08:55:45 55016:55016 SyncActivityProfilerHandler.cpp:59] profiler_stop
USDT:2026-10-10 08:55:45 55019:55019 SyncActivityProfilerHandler.cpp:59] profiler_stop





   * EP:   4/16 | dispatch: 81 GB/s (SO), 266 GB/s (SU), 1507.000 us, 400593024 bytes | copy: 4594 GB/s, 174.406 us
   * EP:   3/16 | dispatch: 81 GB/s (SO), 266 GB/s (SU), 1507.000 us, 400982400 bytes | copy: 4675 GB/s, 171.556 us
   * EP:   0/16 | dispatch: 81 GB/s (SO), 263 GB/s (SU), 1506.000 us, 396212544 bytes | copy: 4759 GB/s, 166.506 us
   * EP:   6/16 | dispatch: 81 GB/s (SO), 264 GB/s (SU), 1507.000 us, 397433088 bytes | copy: 4879 GB/s, 162.921 us
   * EP:   1/16 | dispatch: 81 GB/s (SO), 266 GB/s (SU), 1507.000 us, 400158720 bytes | copy: 4712 GB/s, 169.829 us
   * EP:   7/16 | dispatch: 81 GB/s (SO), 265 GB/s (SU), 1507.000 us, 399904128 bytes | copy: 4713 GB/s, 169.691 us
   * EP:   2/16 | dispatch: 81 GB/s (SO), 265 GB/s (SU), 1506.000 us, 399746880 bytes | copy: 4719 GB/s, 169.416 us
   * EP:   5/16 | dispatch: 81 GB/s (SO), 266 GB/s (SU), 1507.000 us, 401401728 bytes | copy: 4689 GB/s, 171.203 us
USDT:2026-10-10 08:55:46 55014:55014 SyncActivityProfilerHandler.cpp:52] profiler_startUSDT:2026-10-10 08:55:46 55018:55018 SyncActivityProfilerHandler.cpp:52] profiler_startUSDT:2026-10-10 08:55:46 55020:55020 SyncActivityProfilerHandler.cpp:52] profiler_startUSDT:2026-10-10 08:55:46 55021:55021 SyncActivityProfilerHandler.cpp:52] profiler_startUSDT:2026-10-10 08:55:46 55016:55016 SyncActivityProfilerHandler.cpp:52] profiler_startUSDT:2026-10-10 08:55:46 55017:55017 SyncActivityProfilerHandler.cpp:52] profiler_startUSDT:2026-10-10 08:55:46 55019:55019 SyncActivityProfilerHandler.cpp:52] profiler_startUSDT:2026-10-10 08:55:46 55015:55015 SyncActivityProfilerHandler.cpp:52] profiler_start







USDT:2026-10-10 08:55:46 55014:55014 SyncActivityProfilerHandler.cpp:59] profiler_stopUSDT:2026-10-10 08:55:46 55021:55021 SyncActivityProfilerHandler.cpp:59] profiler_stopUSDT:2026-10-10 08:55:46 55017:55017 SyncActivityProfilerHandler.cpp:59] profiler_stopUSDT:2026-10-10 08:55:46 55020:55020 SyncActivityProfilerHandler.cpp:59] profiler_stopUSDT:2026-10-10 08:55:46 55015:55015 SyncActivityProfilerHandler.cpp:59] profiler_stopUSDT:2026-10-10 08:55:46 55018:55018 SyncActivityProfilerHandler.cpp:59] profiler_stopUSDT:2026-10-10 08:55:46 55019:55019 SyncActivityProfilerHandler.cpp:59] profiler_stop
USDT:2026-10-10 08:55:46 55016:55016 SyncActivityProfilerHandler.cpp:59] profiler_stop






   - EP:   0/16 | expanded dispatch: 81 GB/s (SO), 262 GB/s (SU), 1511.000 us, 396212544 bytes | copy: 4151 GB/s, 214.202 us
   - EP:   7/16 | expanded dispatch: 81 GB/s (SO), 264 GB/s (SU), 1512.000 us, 399904128 bytes | copy: 4164 GB/s, 215.944 us
   - EP:   6/16 | expanded dispatch: 81 GB/s (SO), 263 GB/s (SU), 1513.000 us, 397433088 bytes | copy: 4311 GB/s, 207.591 us
   - EP:   4/16 | expanded dispatch: 81 GB/s (SO), 265 GB/s (SU), 1512.000 us, 400593024 bytes | copy: 4195 GB/s, 214.577 us
   - EP:   1/16 | expanded dispatch: 81 GB/s (SO), 264 GB/s (SU), 1513.000 us, 400158720 bytes | copy: 4241 GB/s, 212.074 us
   - EP:   5/16 | expanded dispatch: 81 GB/s (SO), 265 GB/s (SU), 1512.000 us, 401401728 bytes | copy: 4164 GB/s, 216.589 us
   - EP:   3/16 | expanded dispatch: 81 GB/s (SO), 265 GB/s (SU), 1512.000 us, 400982400 bytes | copy: 4381 GB/s, 206.192 us
   - EP:   2/16 | expanded dispatch: 81 GB/s (SO), 264 GB/s (SU), 1512.000 us, 399746880 bytes | copy: 4382 GB/s, 205.195 us
USDT:2026-10-10 08:55:47 55020:55020 SyncActivityProfilerHandler.cpp:52] profiler_startUSDT:2026-10-10 08:55:47 55014:55014 SyncActivityProfilerHandler.cpp:52] profiler_startUSDT:2026-10-10 08:55:47 55019:55019 SyncActivityProfilerHandler.cpp:52] profiler_startUSDT:2026-10-10 08:55:47 55021:55021 SyncActivityProfilerHandler.cpp:52] profiler_startUSDT:2026-10-10 08:55:47 55016:55016 SyncActivityProfilerHandler.cpp:52] profiler_startUSDT:2026-10-10 08:55:47 55017:55017 SyncActivityProfilerHandler.cpp:52] profiler_start



USDT:2026-10-10 08:55:47 55015:55015 SyncActivityProfilerHandler.cpp:52] profiler_start


USDT:2026-10-10 08:55:47 55018:55018 SyncActivityProfilerHandler.cpp:52] profiler_start
USDT:2026-10-10 08:55:47 55016:55016 SyncActivityProfilerHandler.cpp:59] profiler_stopUSDT:2026-10-10 08:55:47 55020:55020 SyncActivityProfilerHandler.cpp:59] profiler_stop
USDT:2026-10-10 08:55:47 55014:55014 SyncActivityProfilerHandler.cpp:59] profiler_stopUSDT:2026-10-10 08:55:47 55017:55017 SyncActivityProfilerHandler.cpp:59] profiler_stop
USDT:2026-10-10 08:55:47 55018:55018 SyncActivityProfilerHandler.cpp:59] profiler_stop
USDT:2026-10-10 08:55:47 55021:55021 SyncActivityProfilerHandler.cpp:59] profiler_stop
USDT:2026-10-10 08:55:47 55019:55019 SyncActivityProfilerHandler.cpp:59] profiler_stop
USDT:2026-10-10 08:55:47 55015:55015 SyncActivityProfilerHandler.cpp:59] profiler_stop


   # EP:   7/16 | cached dispatch: 81 GB/s (SO), 266 GB/s (SU), 1501.000 us, 399904128 bytes | copy: 4959 GB/s, 161.288 us
   # EP:   2/16 | cached dispatch: 81 GB/s (SO), 266 GB/s (SU), 1501.000 us, 399746880 bytes | copy: 4874 GB/s, 164.024 us
   # EP:   3/16 | cached dispatch: 81 GB/s (SO), 267 GB/s (SU), 1502.000 us, 400982400 bytes | copy: 4766 GB/s, 168.260 us
   # EP:   0/16 | cached dispatch: 81 GB/s (SO), 264 GB/s (SU), 1501.000 us, 396212544 bytes | copy: 4868 GB/s, 162.768 us   # EP:   4/16 | cached dispatch: 81 GB/s (SO), 267 GB/s (SU), 1501.000 us, 400593024 bytes | copy: 4852 GB/s, 165.139 us

   # EP:   6/16 | cached dispatch: 81 GB/s (SO), 265 GB/s (SU), 1502.000 us, 397433088 bytes | copy: 4757 GB/s, 167.082 us
   # EP:   1/16 | cached dispatch: 81 GB/s (SO), 266 GB/s (SU), 1502.000 us, 400158720 bytes | copy: 4844 GB/s, 165.210 us
   # EP:   5/16 | cached dispatch: 81 GB/s (SO), 267 GB/s (SU), 1502.000 us, 401401728 bytes | copy: 4718 GB/s, 170.149 us
USDT:2026-10-10 08:55:47 55021:55021 SyncActivityProfilerHandler.cpp:52] profiler_startUSDT:2026-10-10 08:55:47 55020:55020 SyncActivityProfilerHandler.cpp:52] profiler_start
USDT:2026-10-10 08:55:47 55018:55018 SyncActivityProfilerHandler.cpp:52] profiler_startUSDT:2026-10-10 08:55:47 55017:55017 SyncActivityProfilerHandler.cpp:52] profiler_start
USDT:2026-10-10 08:55:47 55014:55014 SyncActivityProfilerHandler.cpp:52] profiler_start

USDT:2026-10-10 08:55:47 55019:55019 SyncActivityProfilerHandler.cpp:52] profiler_startUSDT:2026-10-10 08:55:47 55015:55015 SyncActivityProfilerHandler.cpp:52] profiler_start
USDT:2026-10-10 08:55:47 55016:55016 SyncActivityProfilerHandler.cpp:52] profiler_start


USDT:2026-10-10 08:55:48 55017:55017 SyncActivityProfilerHandler.cpp:59] profiler_stopUSDT:2026-10-10 08:55:48 55016:55016 SyncActivityProfilerHandler.cpp:59] profiler_stopUSDT:2026-10-10 08:55:48 55014:55014 SyncActivityProfilerHandler.cpp:59] profiler_stopUSDT:2026-10-10 08:55:48 55018:55018 SyncActivityProfilerHandler.cpp:59] profiler_stop
USDT:2026-10-10 08:55:48 55019:55019 SyncActivityProfilerHandler.cpp:59] profiler_stopUSDT:2026-10-10 08:55:48 55015:55015 SyncActivityProfilerHandler.cpp:59] profiler_stop




USDT:2026-10-10 08:55:48 55021:55021 SyncActivityProfilerHandler.cpp:59] profiler_stop
USDT:2026-10-10 08:55:48 55020:55020 SyncActivityProfilerHandler.cpp:59] profiler_stop
   @ EP:   4/16 | combine: 80 GB/s (SO), 263 GB/s (SU), 2921.000 us, 768659264 bytes | reduce: 5164 GB/s, 68.208 us
   @ EP:   7/16 | combine: 81 GB/s (SO), 264 GB/s (SU), 2909.000 us, 767337408 bytes | reduce: 5164 GB/s, 68.189 us
   @ EP:   0/16 | combine: 80 GB/s (SO), 261 GB/s (SU), 2917.000 us, 760253984 bytes | reduce: 5155 GB/s, 68.352 us
   @ EP:   2/16 | combine: 80 GB/s (SO), 262 GB/s (SU), 2926.000 us, 767035680 bytes | reduce: 5165 GB/s, 68.210 us
   @ EP:   1/16 | combine: 80 GB/s (SO), 263 GB/s (SU), 2916.000 us, 767825920 bytes | reduce: 5161 GB/s, 68.264 us
   @ EP:   5/16 | combine: 80 GB/s (SO), 263 GB/s (SU), 2927.000 us, 770211008 bytes | reduce: 5165 GB/s, 68.165 us
   @ EP:   3/16 | combine: 80 GB/s (SO), 264 GB/s (SU), 2917.000 us, 769406400 bytes | reduce: 5167 GB/s, 68.194 us
   @ EP:   6/16 | combine: 81 GB/s (SO), 262 GB/s (SU), 2909.000 us, 762595968 bytes | reduce: 5150 GB/s, 68.341 us
USDT:2026-10-10 08:55:48 55015:55015 SyncActivityProfilerHandler.cpp:52] profiler_startUSDT:2026-10-10 08:55:48 55020:55020 SyncActivityProfilerHandler.cpp:52] profiler_startUSDT:2026-10-10 08:55:48 55021:55021 SyncActivityProfilerHandler.cpp:52] profiler_start
USDT:2026-10-10 08:55:48 55017:55017 SyncActivityProfilerHandler.cpp:52] profiler_startUSDT:2026-10-10 08:55:48 55016:55016 SyncActivityProfilerHandler.cpp:52] profiler_start



USDT:2026-10-10 08:55:48 55018:55018 SyncActivityProfilerHandler.cpp:52] profiler_startUSDT:2026-10-10 08:55:48 55014:55014 SyncActivityProfilerHandler.cpp:52] profiler_startUSDT:2026-10-10 08:55:48 55019:55019 SyncActivityProfilerHandler.cpp:52] profiler_start


USDT:2026-10-10 08:55:49 55021:55021 SyncActivityProfilerHandler.cpp:59] profiler_stopUSDT:2026-10-10 08:55:49 55020:55020 SyncActivityProfilerHandler.cpp:59] profiler_stopUSDT:2026-10-10 08:55:49 55015:55015 SyncActivityProfilerHandler.cpp:59] profiler_stop

USDT:2026-10-10 08:55:49 55016:55016 SyncActivityProfilerHandler.cpp:59] profiler_stop

USDT:2026-10-10 08:55:49 55014:55014 SyncActivityProfilerHandler.cpp:59] profiler_stopUSDT:2026-10-10 08:55:49 55017:55017 SyncActivityProfilerHandler.cpp:59] profiler_stop

USDT:2026-10-10 08:55:49 55018:55018 SyncActivityProfilerHandler.cpp:59] profiler_stop
USDT:2026-10-10 08:55:49 55019:55019 SyncActivityProfilerHandler.cpp:59] profiler_stop
   + EP:   7/16 | reduced combine: 74 GB/s (SO), 241 GB/s (SU), 3179.000 us, 767337408 bytes | reduce: 5190 GB/s, 67.852 us
   + EP:   6/16 | reduced combine: 74 GB/s (SO), 242 GB/s (SU), 3151.000 us, 762595968 bytes | reduce: 5217 GB/s, 67.467 us
   + EP:   1/16 | reduced combine: 73 GB/s (SO), 240 GB/s (SU), 3195.000 us, 767825920 bytes | reduce: 5214 GB/s, 67.573 us
   + EP:   2/16 | reduced combine: 74 GB/s (SO), 241 GB/s (SU), 3186.000 us, 767035680 bytes | reduce: 5219 GB/s, 67.509 us
   + EP:   3/16 | reduced combine: 73 GB/s (SO), 240 GB/s (SU), 3208.000 us, 769406400 bytes | reduce: 5206 GB/s, 67.689 us
   + EP:   0/16 | reduced combine: 74 GB/s (SO), 239 GB/s (SU), 3184.000 us, 760253984 bytes | reduce: 5208 GB/s, 67.665 us
   + EP:   4/16 | reduced combine: 73 GB/s (SO), 238 GB/s (SU), 3225.000 us, 768659264 bytes | reduce: 5198 GB/s, 67.767 us
   + EP:   5/16 | reduced combine: 73 GB/s (SO), 239 GB/s (SU), 3225.000 us, 770211008 bytes | reduce: 5216 GB/s, 67.502 us


