Warning: Permanently added 'ec2-3-130-251-102.us-east-2.compute.amazonaws.com' (ED25519) to the list of known hosts.
=== MASTER_IP=172.31.29.216 (private ip of P5EN-3) ===
=== images (PRESET=stack):
Warning: Permanently added 'ec2-3-130-251-102.us-east-2.compute.amazonaws.com' (ED25519) to the list of known hosts.
Warning: Permanently added 'ec2-3-130-251-102.us-east-2.compute.amazonaws.com' (ED25519) to the list of known hosts.
Warning: Permanently added 'ec2-3-140-151-17.us-east-2.compute.amazonaws.com' (ED25519) to the list of known hosts.
Warning: Permanently added 'ec2-3-140-151-17.us-east-2.compute.amazonaws.com' (ED25519) to the list of known hosts.
  deepep-v2-efa-official:sm90-3c737dc                      2/2 nodes  3c737dcf0da5889ba7efd26e05b4808307cc38af
Warning: Permanently added 'ec2-3-130-251-102.us-east-2.compute.amazonaws.com' (ED25519) to the list of known hosts.
Warning: Permanently added 'ec2-3-130-251-102.us-east-2.compute.amazonaws.com' (ED25519) to the list of known hosts.
Warning: Permanently added 'ec2-3-140-151-17.us-east-2.compute.amazonaws.com' (ED25519) to the list of known hosts.
Warning: Permanently added 'ec2-3-140-151-17.us-east-2.compute.amazonaws.com' (ED25519) to the list of known hosts.
  deepep-v2-efa-official:sm90-54fffef                      2/2 nodes  54fffeff810723f574c574b1790dff189f3c6ffb
Warning: Permanently added 'ec2-3-130-251-102.us-east-2.compute.amazonaws.com' (ED25519) to the list of known hosts.
Warning: Permanently added 'ec2-3-130-251-102.us-east-2.compute.amazonaws.com' (ED25519) to the list of known hosts.
Warning: Permanently added 'ec2-3-140-151-17.us-east-2.compute.amazonaws.com' (ED25519) to the list of known hosts.
Warning: Permanently added 'ec2-3-140-151-17.us-east-2.compute.amazonaws.com' (ED25519) to the list of known hosts.
  deepep-v2-efa-official:sm90-bfbdd15                      2/2 nodes  bfbdd15ff448783f877cb2210cb3246c8452b05e
Warning: Permanently added 'ec2-3-130-251-102.us-east-2.compute.amazonaws.com' (ED25519) to the list of known hosts.
Warning: Permanently added 'ec2-3-130-251-102.us-east-2.compute.amazonaws.com' (ED25519) to the list of known hosts.
Warning: Permanently added 'ec2-3-140-151-17.us-east-2.compute.amazonaws.com' (ED25519) to the list of known hosts.
Warning: Permanently added 'ec2-3-140-151-17.us-east-2.compute.amazonaws.com' (ED25519) to the list of known hosts.
  deepep-v2-efa-official:sm90-stack3c737dcxbfbdd15         2/2 nodes  a35285f0af98856625e542df24bd17a985bc05d9
  stack arm label: stacka35285f
=== preconditions:
Warning: Permanently added 'ec2-3-130-251-102.us-east-2.compute.amazonaws.com' (ED25519) to the list of known hosts.
Warning: Permanently added 'ec2-3-130-251-102.us-east-2.compute.amazonaws.com' (ED25519) to the list of known hosts.
  P5EN-3     efa.ko=3.3.0g   compute_procs=0
Warning: Permanently added 'ec2-3-140-151-17.us-east-2.compute.amazonaws.com' (ED25519) to the list of known hosts.
Warning: Permanently added 'ec2-3-140-151-17.us-east-2.compute.amazonaws.com' (ED25519) to the list of known hosts.
  P5EN-4     efa.ko=3.3.0g   compute_procs=0
=== cells (13 per rep, REPS=2, PRESET=stack, skipped=0):
  main54fffef|deepep-v2-efa-official:sm90-54fffef|8192|12|qpdefault||
  main54fffef|deepep-v2-efa-official:sm90-54fffef|128|12|qpdefault||
  main54fffef|deepep-v2-efa-official:sm90-54fffef|128|12|subparts1|EP_NUM_SUB_PARTS=1|
  pr12bfbdd15|deepep-v2-efa-official:sm90-bfbdd15|8192|12|qpdefault||
  pr12bfbdd15|deepep-v2-efa-official:sm90-bfbdd15|128|12|qpdefault||
  pr12bfbdd15|deepep-v2-efa-official:sm90-bfbdd15|128|12|subparts1|EP_NUM_SUB_PARTS=1|
  pr12bfbdd15|deepep-v2-efa-official:sm90-bfbdd15|8192|12|subparts1|EP_NUM_SUB_PARTS=1|
  pr893c737dc|deepep-v2-efa-official:sm90-3c737dc|8192|12|qpdefault||
  pr893c737dc|deepep-v2-efa-official:sm90-3c737dc|128|12|qpdefault||
  stacka35285f|deepep-v2-efa-official:sm90-stack3c737dcxbfbdd15|8192|12|qpdefault||
  stacka35285f|deepep-v2-efa-official:sm90-stack3c737dcxbfbdd15|128|12|qpdefault||
  stacka35285f|deepep-v2-efa-official:sm90-stack3c737dcxbfbdd15|128|12|subparts1|EP_NUM_SUB_PARTS=1|
  stacka35285f|deepep-v2-efa-official:sm90-stack3c737dcxbfbdd15|8192|12|subparts1|EP_NUM_SUB_PARTS=1|
=== ~43 min at ~100 s/cell including the 20 s settle
=== 2 nodes (P5EN-3 P5EN-4), leader P5EN-3, 2 reps, GIN='NCCL_GIN_TYPE=5 NCCL_SYM_GIN_KERNELS_ENABLE=0'
########## rep 1 ##########
=== main54fffef_2N_12sm_8192tok_qpdefault_nodbg_gin5_ovlp0_rep1  (port 8961)
Warning: Permanently added 'ec2-3-140-151-17.us-east-2.compute.amazonaws.com' (ED25519) to the list of known hosts.
Warning: Permanently added 'ec2-3-130-251-102.us-east-2.compute.amazonaws.com' (ED25519) to the list of known hosts.
    rc 0
=== main54fffef_2N_12sm_128tok_qpdefault_nodbg_gin5_ovlp0_rep1  (port 8962)
Warning: Permanently added 'ec2-3-140-151-17.us-east-2.compute.amazonaws.com' (ED25519) to the list of known hosts.
Warning: Permanently added 'ec2-3-130-251-102.us-east-2.compute.amazonaws.com' (ED25519) to the list of known hosts.
    rc 0
=== main54fffef_2N_12sm_128tok_subparts1_nodbg_gin5_ovlp0_rep1  (port 8963)
Warning: Permanently added 'ec2-3-140-151-17.us-east-2.compute.amazonaws.com' (ED25519) to the list of known hosts.
Warning: Permanently added 'ec2-3-130-251-102.us-east-2.compute.amazonaws.com' (ED25519) to the list of known hosts.
    rc 0
=== pr12bfbdd15_2N_12sm_8192tok_qpdefault_nodbg_gin5_ovlp0_rep1  (port 8964)
Warning: Permanently added 'ec2-3-140-151-17.us-east-2.compute.amazonaws.com' (ED25519) to the list of known hosts.
Warning: Permanently added 'ec2-3-130-251-102.us-east-2.compute.amazonaws.com' (ED25519) to the list of known hosts.
    rc 0
=== pr12bfbdd15_2N_12sm_128tok_qpdefault_nodbg_gin5_ovlp0_rep1  (port 8965)
Warning: Permanently added 'ec2-3-140-151-17.us-east-2.compute.amazonaws.com' (ED25519) to the list of known hosts.
Warning: Permanently added 'ec2-3-130-251-102.us-east-2.compute.amazonaws.com' (ED25519) to the list of known hosts.
    rc 0
=== pr12bfbdd15_2N_12sm_128tok_subparts1_nodbg_gin5_ovlp0_rep1  (port 8966)
Warning: Permanently added 'ec2-3-140-151-17.us-east-2.compute.amazonaws.com' (ED25519) to the list of known hosts.
Warning: Permanently added 'ec2-3-130-251-102.us-east-2.compute.amazonaws.com' (ED25519) to the list of known hosts.
    rc 0
=== pr12bfbdd15_2N_12sm_8192tok_subparts1_nodbg_gin5_ovlp0_rep1  (port 8967)
Warning: Permanently added 'ec2-3-140-151-17.us-east-2.compute.amazonaws.com' (ED25519) to the list of known hosts.
Warning: Permanently added 'ec2-3-130-251-102.us-east-2.compute.amazonaws.com' (ED25519) to the list of known hosts.
    rc 0
=== pr893c737dc_2N_12sm_8192tok_qpdefault_nodbg_gin5_ovlp0_rep1  (port 8968)
Warning: Permanently added 'ec2-3-140-151-17.us-east-2.compute.amazonaws.com' (ED25519) to the list of known hosts.
Warning: Permanently added 'ec2-3-130-251-102.us-east-2.compute.amazonaws.com' (ED25519) to the list of known hosts.
    rc 0
=== pr893c737dc_2N_12sm_128tok_qpdefault_nodbg_gin5_ovlp0_rep1  (port 8969)
Warning: Permanently added 'ec2-3-140-151-17.us-east-2.compute.amazonaws.com' (ED25519) to the list of known hosts.
Warning: Permanently added 'ec2-3-130-251-102.us-east-2.compute.amazonaws.com' (ED25519) to the list of known hosts.
    rc 0
=== stacka35285f_2N_12sm_8192tok_qpdefault_nodbg_gin5_ovlp0_rep1  (port 8970)
Warning: Permanently added 'ec2-3-140-151-17.us-east-2.compute.amazonaws.com' (ED25519) to the list of known hosts.
Warning: Permanently added 'ec2-3-130-251-102.us-east-2.compute.amazonaws.com' (ED25519) to the list of known hosts.
    rc 0
=== stacka35285f_2N_12sm_128tok_qpdefault_nodbg_gin5_ovlp0_rep1  (port 8971)
Warning: Permanently added 'ec2-3-140-151-17.us-east-2.compute.amazonaws.com' (ED25519) to the list of known hosts.
Warning: Permanently added 'ec2-3-130-251-102.us-east-2.compute.amazonaws.com' (ED25519) to the list of known hosts.
    rc 0
=== stacka35285f_2N_12sm_128tok_subparts1_nodbg_gin5_ovlp0_rep1  (port 8972)
Warning: Permanently added 'ec2-3-140-151-17.us-east-2.compute.amazonaws.com' (ED25519) to the list of known hosts.
Warning: Permanently added 'ec2-3-130-251-102.us-east-2.compute.amazonaws.com' (ED25519) to the list of known hosts.
    rc 0
=== stacka35285f_2N_12sm_8192tok_subparts1_nodbg_gin5_ovlp0_rep1  (port 8973)
Warning: Permanently added 'ec2-3-140-151-17.us-east-2.compute.amazonaws.com' (ED25519) to the list of known hosts.
Warning: Permanently added 'ec2-3-130-251-102.us-east-2.compute.amazonaws.com' (ED25519) to the list of known hosts.
    rc 0
########## rep 2 ##########
=== main54fffef_2N_12sm_8192tok_qpdefault_nodbg_gin5_ovlp0_rep2  (port 8974)
Warning: Permanently added 'ec2-3-140-151-17.us-east-2.compute.amazonaws.com' (ED25519) to the list of known hosts.
Warning: Permanently added 'ec2-3-130-251-102.us-east-2.compute.amazonaws.com' (ED25519) to the list of known hosts.
    rc 0
=== main54fffef_2N_12sm_128tok_qpdefault_nodbg_gin5_ovlp0_rep2  (port 8975)
Warning: Permanently added 'ec2-3-140-151-17.us-east-2.compute.amazonaws.com' (ED25519) to the list of known hosts.
Warning: Permanently added 'ec2-3-130-251-102.us-east-2.compute.amazonaws.com' (ED25519) to the list of known hosts.
    rc 0
=== main54fffef_2N_12sm_128tok_subparts1_nodbg_gin5_ovlp0_rep2  (port 8976)
Warning: Permanently added 'ec2-3-140-151-17.us-east-2.compute.amazonaws.com' (ED25519) to the list of known hosts.
Warning: Permanently added 'ec2-3-130-251-102.us-east-2.compute.amazonaws.com' (ED25519) to the list of known hosts.
    rc 0
=== pr12bfbdd15_2N_12sm_8192tok_qpdefault_nodbg_gin5_ovlp0_rep2  (port 8977)
Warning: Permanently added 'ec2-3-140-151-17.us-east-2.compute.amazonaws.com' (ED25519) to the list of known hosts.
Warning: Permanently added 'ec2-3-130-251-102.us-east-2.compute.amazonaws.com' (ED25519) to the list of known hosts.
    rc 0
=== pr12bfbdd15_2N_12sm_128tok_qpdefault_nodbg_gin5_ovlp0_rep2  (port 8978)
Warning: Permanently added 'ec2-3-140-151-17.us-east-2.compute.amazonaws.com' (ED25519) to the list of known hosts.
Warning: Permanently added 'ec2-3-130-251-102.us-east-2.compute.amazonaws.com' (ED25519) to the list of known hosts.
    rc 0
=== pr12bfbdd15_2N_12sm_128tok_subparts1_nodbg_gin5_ovlp0_rep2  (port 8979)
Warning: Permanently added 'ec2-3-140-151-17.us-east-2.compute.amazonaws.com' (ED25519) to the list of known hosts.
Warning: Permanently added 'ec2-3-130-251-102.us-east-2.compute.amazonaws.com' (ED25519) to the list of known hosts.
    rc 0
=== pr12bfbdd15_2N_12sm_8192tok_subparts1_nodbg_gin5_ovlp0_rep2  (port 8980)
Warning: Permanently added 'ec2-3-140-151-17.us-east-2.compute.amazonaws.com' (ED25519) to the list of known hosts.
Warning: Permanently added 'ec2-3-130-251-102.us-east-2.compute.amazonaws.com' (ED25519) to the list of known hosts.
    rc 0
=== pr893c737dc_2N_12sm_8192tok_qpdefault_nodbg_gin5_ovlp0_rep2  (port 8981)
Warning: Permanently added 'ec2-3-140-151-17.us-east-2.compute.amazonaws.com' (ED25519) to the list of known hosts.
Warning: Permanently added 'ec2-3-130-251-102.us-east-2.compute.amazonaws.com' (ED25519) to the list of known hosts.
    rc 0
=== pr893c737dc_2N_12sm_128tok_qpdefault_nodbg_gin5_ovlp0_rep2  (port 8982)
Warning: Permanently added 'ec2-3-140-151-17.us-east-2.compute.amazonaws.com' (ED25519) to the list of known hosts.
Warning: Permanently added 'ec2-3-130-251-102.us-east-2.compute.amazonaws.com' (ED25519) to the list of known hosts.
    rc 0
=== stacka35285f_2N_12sm_8192tok_qpdefault_nodbg_gin5_ovlp0_rep2  (port 8983)
Warning: Permanently added 'ec2-3-140-151-17.us-east-2.compute.amazonaws.com' (ED25519) to the list of known hosts.
Warning: Permanently added 'ec2-3-130-251-102.us-east-2.compute.amazonaws.com' (ED25519) to the list of known hosts.
    rc 0
=== stacka35285f_2N_12sm_128tok_qpdefault_nodbg_gin5_ovlp0_rep2  (port 8984)
Warning: Permanently added 'ec2-3-140-151-17.us-east-2.compute.amazonaws.com' (ED25519) to the list of known hosts.
Warning: Permanently added 'ec2-3-130-251-102.us-east-2.compute.amazonaws.com' (ED25519) to the list of known hosts.
    rc 0
=== stacka35285f_2N_12sm_128tok_subparts1_nodbg_gin5_ovlp0_rep2  (port 8985)
Warning: Permanently added 'ec2-3-140-151-17.us-east-2.compute.amazonaws.com' (ED25519) to the list of known hosts.
Warning: Permanently added 'ec2-3-130-251-102.us-east-2.compute.amazonaws.com' (ED25519) to the list of known hosts.
    rc 0
=== stacka35285f_2N_12sm_8192tok_subparts1_nodbg_gin5_ovlp0_rep2  (port 8986)
Warning: Permanently added 'ec2-3-140-151-17.us-east-2.compute.amazonaws.com' (ED25519) to the list of known hosts.
Warning: Permanently added 'ec2-3-130-251-102.us-east-2.compute.amazonaws.com' (ED25519) to the list of known hosts.
    rc 0

=== cells ok=26 bad=0 skipped=0 already-on-disk=0
=== fetch and check (every node writes its OWN logs -- combine is layered by
    node, so a table built from the leader alone is wrong):
Warning: Permanently added 'ec2-3-130-251-102.us-east-2.compute.amazonaws.com' (ED25519) to the list of known hosts.
    scp 'P5EN-3:/home/ubuntu/epruns_2n4n_20260909/*.node1.log' ./logs/
    scp 'P5EN-4:/home/ubuntu/epruns_2n4n_20260909/*.node2.log' ./logs/
    ./verify_run.sh logs/*.log        # acceptance checks, per log
    EPRUNS=./logs python3 results/*/parse_ep.py <tag>   # per-tag, all ranks pooled
main54fffef_2N_12sm_128tok_qpdefault_nodbg_gin5_ovlp0_rep1
main54fffef_2N_12sm_128tok_qpdefault_nodbg_gin5_ovlp0_rep2
main54fffef_2N_12sm_128tok_subparts1_nodbg_gin5_ovlp0_rep1
main54fffef_2N_12sm_128tok_subparts1_nodbg_gin5_ovlp0_rep2
main54fffef_2N_12sm_8192tok_qpdefault_nodbg_gin5_ovlp0_rep1
main54fffef_2N_12sm_8192tok_qpdefault_nodbg_gin5_ovlp0_rep2
pr12bfbdd15_2N_12sm_128tok_qpdefault_nodbg_gin5_ovlp0_rep1
pr12bfbdd15_2N_12sm_128tok_qpdefault_nodbg_gin5_ovlp0_rep2
pr12bfbdd15_2N_12sm_128tok_subparts1_nodbg_gin5_ovlp0_rep1
pr12bfbdd15_2N_12sm_128tok_subparts1_nodbg_gin5_ovlp0_rep2
pr12bfbdd15_2N_12sm_8192tok_qpdefault_nodbg_gin5_ovlp0_rep1
pr12bfbdd15_2N_12sm_8192tok_qpdefault_nodbg_gin5_ovlp0_rep2
pr12bfbdd15_2N_12sm_8192tok_subparts1_nodbg_gin5_ovlp0_rep1
pr12bfbdd15_2N_12sm_8192tok_subparts1_nodbg_gin5_ovlp0_rep2
pr893c737dc_2N_12sm_128tok_qpdefault_nodbg_gin5_ovlp0_rep1
pr893c737dc_2N_12sm_128tok_qpdefault_nodbg_gin5_ovlp0_rep2
pr893c737dc_2N_12sm_8192tok_qpdefault_nodbg_gin5_ovlp0_rep1
pr893c737dc_2N_12sm_8192tok_qpdefault_nodbg_gin5_ovlp0_rep2
stacka35285f_2N_12sm_128tok_qpdefault_nodbg_gin5_ovlp0_rep1
stacka35285f_2N_12sm_128tok_qpdefault_nodbg_gin5_ovlp0_rep2
stacka35285f_2N_12sm_128tok_subparts1_nodbg_gin5_ovlp0_rep1
stacka35285f_2N_12sm_128tok_subparts1_nodbg_gin5_ovlp0_rep2
stacka35285f_2N_12sm_8192tok_qpdefault_nodbg_gin5_ovlp0_rep1
stacka35285f_2N_12sm_8192tok_qpdefault_nodbg_gin5_ovlp0_rep2
stacka35285f_2N_12sm_8192tok_subparts1_nodbg_gin5_ovlp0_rep1
stacka35285f_2N_12sm_8192tok_subparts1_nodbg_gin5_ovlp0_rep2
