=== EP_NIC_NAME=rdmap101s0 (auto, 400 Gb/s) ===
=== NCCL_IB_HCA=rdmap (auto: non-EFA ibverbs device ibp198s0f0 present) ===
=== GIN: NCCL_GIN_TYPE=5 NCCL_SYM_GIN_KERNELS_ENABLE=0 ===
=== PREFER_OVERLAP=0 (--prefer-overlap-with-compute) ===
=== IMAGE=deepep-v2-efa-official:sm103-b90a617  DeepEP=b90a61714ac48713408d8c62b6912d66daabb9a0 ===
+ docker run --rm --init --gpus all --privileged --network=host --ipc=host --ulimit memlock=-1 --ulimit stack=67108864 --device=/dev/infiniband --device=/dev/gdrdrv -v /sys/class/infiniband:/sys/class/infiniband:ro -e MASTER_ADDR=172.31.9.47 -e MASTER_PORT=8507 -e WORLD_SIZE=2 -e RANK=0 -e NCCL_DEBUG=WARN -e EP_NIC_NAME=rdmap101s0 -e NCCL_IB_HCA=rdmap -e NCCL_GIN_TYPE=5 -e NCCL_SYM_GIN_KERNELS_ENABLE=0 -e PYTHONUNBUFFERED=1 -e PYTHONFAULTHANDLER=1 deepep-v2-efa-official:sm103-b90a617 bash -lc 'timeout -s ABRT --kill-after=60 1800     python3 -u /opt/DeepEP/tests/elastic/test_ep.py     --num-processes=8 --num-tokens=8192     --hidden=7168 --num-topk=8 --num-experts=256     --num-sms=24 --allow-hybrid-mode=1     --prefer-overlap-with-compute=0 --test-first-only      '

==========
== CUDA ==
==========

CUDA Version 13.3.1

Container image Copyright (c) 2016-2023, NVIDIA CORPORATION & AFFILIATES. All rights reserved.

This container image and its contents are governed by the NVIDIA Deep Learning Container License.
By pulling and using the container, you accept the terms and conditions of this license:
https://developer.nvidia.com/ngc/nvidia-deep-learning-container-license

A copy of this license is made available in this container at /NGC-DL-CONTAINER-LICENSE for your convenience.

NCCL version 2.31.2+cuda13.3
DeepEP hybrid kernel selection: unordered
DeepEP hybrid kernel selection: unordered
DeepEP hybrid kernel selection: unordered
DeepEP hybrid kernel selection: unordered
DeepEP hybrid kernel selection: unordered
DeepEP hybrid kernel selection: unordered
DeepEP hybrid kernel selection: unordered
DeepEP hybrid kernel selection: unordered
DeepEP hybrid kernel selection: unordered
DeepEP hybrid kernel selection: unordered
DeepEP hybrid kernel selection: unordered
DeepEP hybrid kernel selection: unordered
DeepEP hybrid kernel selection: unordered
DeepEP hybrid kernel selection: unordered
DeepEP hybrid kernel selection: unordered
DeepEP hybrid kernel selection: unordered
Config:
 > Ranks: 2 x 8
 > Experts: 8/256
 > Tokens: 8192 (max: 8192), hidden: 7168
 > #SM: 24, #QPs: 11/11

Running all test cases:
 > Testing with do_handle_copy=1, expert_alignment=128, use_fp8_dispatch=1, num_bias=0, with_previous_event=0, async_with_compute_stream=0, allocate_on_comm_stream=0 ...
USDT:2026-10-08 06:35:07 488:488 SyncActivityProfilerHandler.cpp:52] profiler_startUSDT:2026-10-08 06:35:07 493:493 SyncActivityProfilerHandler.cpp:52] profiler_startUSDT:2026-10-08 06:35:07 492:492 SyncActivityProfilerHandler.cpp:52] profiler_startUSDT:2026-10-08 06:35:07 489:489 SyncActivityProfilerHandler.cpp:52] profiler_startUSDT:2026-10-08 06:35:07 490:490 SyncActivityProfilerHandler.cpp:52] profiler_start
USDT:2026-10-08 06:35:07 491:491 SyncActivityProfilerHandler.cpp:52] profiler_start



USDT:2026-10-08 06:35:07 486:486 SyncActivityProfilerHandler.cpp:52] profiler_start
USDT:2026-10-08 06:35:07 487:487 SyncActivityProfilerHandler.cpp:52] profiler_start

USDT:2026-10-08 06:35:07 489:489 SyncActivityProfilerHandler.cpp:59] profiler_stopUSDT:2026-10-08 06:35:07 486:486 SyncActivityProfilerHandler.cpp:59] profiler_stopUSDT:2026-10-08 06:35:07 493:493 SyncActivityProfilerHandler.cpp:59] profiler_stopUSDT:2026-10-08 06:35:07 492:492 SyncActivityProfilerHandler.cpp:59] profiler_stopUSDT:2026-10-08 06:35:07 490:490 SyncActivityProfilerHandler.cpp:59] profiler_stopUSDT:2026-10-08 06:35:07 491:491 SyncActivityProfilerHandler.cpp:59] profiler_stop





USDT:2026-10-08 06:35:07 488:488 SyncActivityProfilerHandler.cpp:59] profiler_stopUSDT:2026-10-08 06:35:07 487:487 SyncActivityProfilerHandler.cpp:59] profiler_stop

   * EP:   5/16 | dispatch: 135 GB/s (SO), 443 GB/s (SU), 906.978 us, 401401728 bytes | copy: 4509 GB/s, 178.055 us
   * EP:   2/16 | dispatch: 135 GB/s (SO), 441 GB/s (SU), 907.250 us, 399746880 bytes | copy: 4545 GB/s, 175.911 us
   * EP:   4/16 | dispatch: 135 GB/s (SO), 442 GB/s (SU), 906.051 us, 400593024 bytes | copy: 5269 GB/s, 152.060 us
   * EP:   0/16 | dispatch: 135 GB/s (SO), 437 GB/s (SU), 905.699 us, 396212544 bytes | copy: 5100 GB/s, 155.374 us
   * EP:   7/16 | dispatch: 135 GB/s (SO), 441 GB/s (SU), 906.638 us, 399904128 bytes | copy: 5106 GB/s, 156.632 us
   * EP:   3/16 | dispatch: 135 GB/s (SO), 442 GB/s (SU), 906.661 us, 400982400 bytes | copy: 4828 GB/s, 166.120 us
   * EP:   6/16 | dispatch: 135 GB/s (SO), 438 GB/s (SU), 907.159 us, 397433088 bytes | copy: 4851 GB/s, 163.865 us
   * EP:   1/16 | dispatch: 135 GB/s (SO), 441 GB/s (SU), 906.611 us, 400158720 bytes | copy: 4781 GB/s, 167.403 us
USDT:2026-10-08 06:35:08 488:488 SyncActivityProfilerHandler.cpp:52] profiler_startUSDT:2026-10-08 06:35:08 487:487 SyncActivityProfilerHandler.cpp:52] profiler_startUSDT:2026-10-08 06:35:08 486:486 SyncActivityProfilerHandler.cpp:52] profiler_startUSDT:2026-10-08 06:35:08 492:492 SyncActivityProfilerHandler.cpp:52] profiler_start
USDT:2026-10-08 06:35:08 491:491 SyncActivityProfilerHandler.cpp:52] profiler_start
USDT:2026-10-08 06:35:08 490:490 SyncActivityProfilerHandler.cpp:52] profiler_startUSDT:2026-10-08 06:35:08 493:493 SyncActivityProfilerHandler.cpp:52] profiler_startUSDT:2026-10-08 06:35:08 489:489 SyncActivityProfilerHandler.cpp:52] profiler_start





USDT:2026-10-08 06:35:08 486:486 SyncActivityProfilerHandler.cpp:59] profiler_stopUSDT:2026-10-08 06:35:08 490:490 SyncActivityProfilerHandler.cpp:59] profiler_stopUSDT:2026-10-08 06:35:08 492:492 SyncActivityProfilerHandler.cpp:59] profiler_stop


USDT:2026-10-08 06:35:08 487:487 SyncActivityProfilerHandler.cpp:59] profiler_stopUSDT:2026-10-08 06:35:08 491:491 SyncActivityProfilerHandler.cpp:59] profiler_stopUSDT:2026-10-08 06:35:08 489:489 SyncActivityProfilerHandler.cpp:59] profiler_stopUSDT:2026-10-08 06:35:08 493:493 SyncActivityProfilerHandler.cpp:59] profiler_stop



USDT:2026-10-08 06:35:08 488:488 SyncActivityProfilerHandler.cpp:59] profiler_stop
   - EP:   3/16 | expanded dispatch: 135 GB/s (SO), 444 GB/s (SU), 903.804 us, 400982400 bytes | copy: 4575 GB/s, 197.452 us
   - EP:   7/16 | expanded dispatch: 135 GB/s (SO), 442 GB/s (SU), 903.846 us, 399904128 bytes | copy: 4426 GB/s, 203.130 us
   - EP:   2/16 | expanded dispatch: 135 GB/s (SO), 442 GB/s (SU), 904.308 us, 399746880 bytes | copy: 4171 GB/s, 215.566 us
   - EP:   0/16 | expanded dispatch: 136 GB/s (SO), 439 GB/s (SU), 902.334 us, 396212544 bytes | copy: 4699 GB/s, 189.234 us
   - EP:   5/16 | expanded dispatch: 135 GB/s (SO), 444 GB/s (SU), 903.809 us, 401401728 bytes | copy: 4227 GB/s, 213.388 us
   - EP:   1/16 | expanded dispatch: 135 GB/s (SO), 443 GB/s (SU), 903.913 us, 400158720 bytes | copy: 4317 GB/s, 208.351 us
   - EP:   4/16 | expanded dispatch: 135 GB/s (SO), 444 GB/s (SU), 903.134 us, 400593024 bytes | copy: 4732 GB/s, 190.225 us
   - EP:   6/16 | expanded dispatch: 135 GB/s (SO), 440 GB/s (SU), 904.162 us, 397433088 bytes | copy: 4434 GB/s, 201.830 us
USDT:2026-10-08 06:35:09 491:491 SyncActivityProfilerHandler.cpp:52] profiler_startUSDT:2026-10-08 06:35:09 489:489 SyncActivityProfilerHandler.cpp:52] profiler_startUSDT:2026-10-08 06:35:09 493:493 SyncActivityProfilerHandler.cpp:52] profiler_startUSDT:2026-10-08 06:35:09 486:486 SyncActivityProfilerHandler.cpp:52] profiler_start

USDT:2026-10-08 06:35:09 492:492 SyncActivityProfilerHandler.cpp:52] profiler_start


USDT:2026-10-08 06:35:09 487:487 SyncActivityProfilerHandler.cpp:52] profiler_startUSDT:2026-10-08 06:35:09 488:488 SyncActivityProfilerHandler.cpp:52] profiler_start

USDT:2026-10-08 06:35:09 490:490 SyncActivityProfilerHandler.cpp:52] profiler_start
USDT:2026-10-08 06:35:09 489:489 SyncActivityProfilerHandler.cpp:59] profiler_stopUSDT:2026-10-08 06:35:09 492:492 SyncActivityProfilerHandler.cpp:59] profiler_stop
USDT:2026-10-08 06:35:09 486:486 SyncActivityProfilerHandler.cpp:59] profiler_stop
USDT:2026-10-08 06:35:09 491:491 SyncActivityProfilerHandler.cpp:59] profiler_stop
USDT:2026-10-08 06:35:09 493:493 SyncActivityProfilerHandler.cpp:59] profiler_stop

USDT:2026-10-08 06:35:09 487:487 SyncActivityProfilerHandler.cpp:59] profiler_stop
USDT:2026-10-08 06:35:09 490:490 SyncActivityProfilerHandler.cpp:59] profiler_stop
USDT:2026-10-08 06:35:09 488:488 SyncActivityProfilerHandler.cpp:59] profiler_stop
   # EP:   5/16 | cached dispatch: 140 GB/s (SO), 461 GB/s (SU), 871.163 us, 401401728 bytes | copy: 5039 GB/s, 159.310 us
   # EP:   2/16 | cached dispatch: 140 GB/s (SO), 459 GB/s (SU), 871.213 us, 399746880 bytes | copy: 5017 GB/s, 159.365 us
   # EP:   7/16 | cached dispatch: 140 GB/s (SO), 459 GB/s (SU), 871.549 us, 399904128 bytes | copy: 5333 GB/s, 149.987 us
   # EP:   1/16 | cached dispatch: 140 GB/s (SO), 459 GB/s (SU), 871.910 us, 400158720 bytes | copy: 5048 GB/s, 158.544 us
   # EP:   6/16 | cached dispatch: 140 GB/s (SO), 456 GB/s (SU), 871.479 us, 397433088 bytes | copy: 5198 GB/s, 152.925 us
   # EP:   3/16 | cached dispatch: 140 GB/s (SO), 460 GB/s (SU), 871.094 us, 400982400 bytes | copy: 5284 GB/s, 151.772 us
   # EP:   4/16 | cached dispatch: 140 GB/s (SO), 460 GB/s (SU), 870.983 us, 400593024 bytes | copy: 5342 GB/s, 149.977 us
   # EP:   0/16 | cached dispatch: 140 GB/s (SO), 455 GB/s (SU), 871.200 us, 396212544 bytes | copy: 5352 GB/s, 148.054 us
USDT:2026-10-08 06:35:10 492:492 SyncActivityProfilerHandler.cpp:52] profiler_startUSDT:2026-10-08 06:35:10 493:493 SyncActivityProfilerHandler.cpp:52] profiler_startUSDT:2026-10-08 06:35:10 486:486 SyncActivityProfilerHandler.cpp:52] profiler_startUSDT:2026-10-08 06:35:10 489:489 SyncActivityProfilerHandler.cpp:52] profiler_startUSDT:2026-10-08 06:35:10 488:488 SyncActivityProfilerHandler.cpp:52] profiler_startUSDT:2026-10-08 06:35:10 491:491 SyncActivityProfilerHandler.cpp:52] profiler_start



USDT:2026-10-08 06:35:10 487:487 SyncActivityProfilerHandler.cpp:52] profiler_start


USDT:2026-10-08 06:35:10 490:490 SyncActivityProfilerHandler.cpp:52] profiler_start
USDT:2026-10-08 06:35:10 493:493 SyncActivityProfilerHandler.cpp:59] profiler_stop
USDT:2026-10-08 06:35:10 486:486 SyncActivityProfilerHandler.cpp:59] profiler_stopUSDT:2026-10-08 06:35:10 492:492 SyncActivityProfilerHandler.cpp:59] profiler_stop
USDT:2026-10-08 06:35:10 489:489 SyncActivityProfilerHandler.cpp:59] profiler_stop
USDT:2026-10-08 06:35:10 491:491 SyncActivityProfilerHandler.cpp:59] profiler_stop

USDT:2026-10-08 06:35:10 490:490 SyncActivityProfilerHandler.cpp:59] profiler_stop
USDT:2026-10-08 06:35:10 488:488 SyncActivityProfilerHandler.cpp:59] profiler_stopUSDT:2026-10-08 06:35:10 487:487 SyncActivityProfilerHandler.cpp:59] profiler_stop

   @ EP:   3/16 | combine: 119 GB/s (SO), 390 GB/s (SU), 1971.000 us, 769406400 bytes | reduce: 5320 GB/s, 66.241 us
   @ EP:   2/16 | combine: 118 GB/s (SO), 387 GB/s (SU), 1984.000 us, 767035680 bytes | reduce: 5336 GB/s, 66.027 us
   @ EP:   0/16 | combine: 119 GB/s (SO), 384 GB/s (SU), 1979.000 us, 760253984 bytes | reduce: 5355 GB/s, 65.799 us
   @ EP:   7/16 | combine: 119 GB/s (SO), 390 GB/s (SU), 1968.000 us, 767337408 bytes | reduce: 5349 GB/s, 65.838 us
   @ EP:   1/16 | combine: 118 GB/s (SO), 387 GB/s (SU), 1985.000 us, 767825920 bytes | reduce: 5334 GB/s, 66.046 us
   @ EP:   6/16 | combine: 119 GB/s (SO), 386 GB/s (SU), 1975.000 us, 762595968 bytes | reduce: 5356 GB/s, 65.714 us
   @ EP:   5/16 | combine: 118 GB/s (SO), 388 GB/s (SU), 1985.000 us, 770211008 bytes | reduce: 5343 GB/s, 65.894 us
   @ EP:   4/16 | combine: 118 GB/s (SO), 387 GB/s (SU), 1984.000 us, 768659264 bytes | reduce: 5346 GB/s, 65.885 us
USDT:2026-10-08 06:35:10 489:489 SyncActivityProfilerHandler.cpp:52] profiler_startUSDT:2026-10-08 06:35:10 492:492 SyncActivityProfilerHandler.cpp:52] profiler_start

USDT:2026-10-08 06:35:10 493:493 SyncActivityProfilerHandler.cpp:52] profiler_startUSDT:2026-10-08 06:35:10 486:486 SyncActivityProfilerHandler.cpp:52] profiler_startUSDT:2026-10-08 06:35:10 487:487 SyncActivityProfilerHandler.cpp:52] profiler_start


USDT:2026-10-08 06:35:10 490:490 SyncActivityProfilerHandler.cpp:52] profiler_startUSDT:2026-10-08 06:35:10 491:491 SyncActivityProfilerHandler.cpp:52] profiler_start

USDT:2026-10-08 06:35:10 488:488 SyncActivityProfilerHandler.cpp:52] profiler_start
USDT:2026-10-08 06:35:11 489:489 SyncActivityProfilerHandler.cpp:59] profiler_stop
USDT:2026-10-08 06:35:11 486:486 SyncActivityProfilerHandler.cpp:59] profiler_stopUSDT:2026-10-08 06:35:11 492:492 SyncActivityProfilerHandler.cpp:59] profiler_stop

USDT:2026-10-08 06:35:11 487:487 SyncActivityProfilerHandler.cpp:59] profiler_stopUSDT:2026-10-08 06:35:11 491:491 SyncActivityProfilerHandler.cpp:59] profiler_stopUSDT:2026-10-08 06:35:11 490:490 SyncActivityProfilerHandler.cpp:59] profiler_stopUSDT:2026-10-08 06:35:11 493:493 SyncActivityProfilerHandler.cpp:59] profiler_stop



USDT:2026-10-08 06:35:11 488:488 SyncActivityProfilerHandler.cpp:59] profiler_stop
   + EP:   3/16 | reduced combine: 101 GB/s (SO), 333 GB/s (SU), 2313.000 us, 769406400 bytes | reduce: 5343 GB/s, 65.958 us
   + EP:   2/16 | reduced combine: 101 GB/s (SO), 331 GB/s (SU), 2317.000 us, 767035680 bytes | reduce: 5338 GB/s, 66.004 us
   + EP:   1/16 | reduced combine: 101 GB/s (SO), 332 GB/s (SU), 2316.000 us, 767825920 bytes | reduce: 5351 GB/s, 65.839 us
   + EP:   0/16 | reduced combine: 101 GB/s (SO), 328 GB/s (SU), 2321.000 us, 760253984 bytes | reduce: 5330 GB/s, 66.115 us
   + EP:   5/16 | reduced combine: 100 GB/s (SO), 329 GB/s (SU), 2342.000 us, 770211008 bytes | reduce: 5359 GB/s, 65.692 us
   + EP:   6/16 | reduced combine: 101 GB/s (SO), 328 GB/s (SU), 2325.000 us, 762595968 bytes | reduce: 5327 GB/s, 66.062 us
   + EP:   4/16 | reduced combine: 100 GB/s (SO), 329 GB/s (SU), 2336.000 us, 768659264 bytes | reduce: 5355 GB/s, 65.781 us
   + EP:   7/16 | reduced combine: 101 GB/s (SO), 330 GB/s (SU), 2324.000 us, 767337408 bytes | reduce: 5351 GB/s, 65.809 us


