=== EP_NIC_NAME=rdmap101s0 (auto, 400 Gb/s) ===
=== NCCL_IB_HCA=rdmap (auto: non-EFA ibverbs device ibp198s0f0 present) ===
=== GIN: NCCL_GIN_TYPE=5 NCCL_SYM_GIN_KERNELS_ENABLE=0 ===
=== PREFER_OVERLAP=0 (--prefer-overlap-with-compute) ===
=== IMAGE=deepep-v2-efa-official:sm103-b90a617  DeepEP=b90a61714ac48713408d8c62b6912d66daabb9a0 ===
+ docker run --rm --init --gpus all --privileged --network=host --ipc=host --ulimit memlock=-1 --ulimit stack=67108864 --device=/dev/infiniband --device=/dev/gdrdrv -v /sys/class/infiniband:/sys/class/infiniband:ro -e MASTER_ADDR=172.31.9.47 -e MASTER_PORT=8503 -e WORLD_SIZE=2 -e RANK=1 -e NCCL_DEBUG=WARN -e EP_NIC_NAME=rdmap101s0 -e NCCL_IB_HCA=rdmap -e NCCL_GIN_TYPE=5 -e NCCL_SYM_GIN_KERNELS_ENABLE=0 -e PYTHONUNBUFFERED=1 -e PYTHONFAULTHANDLER=1 deepep-v2-efa-official:sm103-b90a617 bash -lc 'timeout -s ABRT --kill-after=60 1800     python3 -u /opt/DeepEP/tests/elastic/test_ep.py     --num-processes=8 --num-tokens=8192     --hidden=7168 --num-topk=8 --num-experts=256     --num-sms=24 --allow-hybrid-mode=1     --prefer-overlap-with-compute=0 --test-first-only      '

==========
== CUDA ==
==========

CUDA Version 13.3.1

Container image Copyright (c) 2016-2023, NVIDIA CORPORATION & AFFILIATES. All rights reserved.

This container image and its contents are governed by the NVIDIA Deep Learning Container License.
By pulling and using the container, you accept the terms and conditions of this license:
https://developer.nvidia.com/ngc/nvidia-deep-learning-container-license

A copy of this license is made available in this container at /NGC-DL-CONTAINER-LICENSE for your convenience.

DeepEP hybrid kernel selection: unordered
DeepEP hybrid kernel selection: unordered
DeepEP hybrid kernel selection: unordered
DeepEP hybrid kernel selection: unordered
DeepEP hybrid kernel selection: unordered
DeepEP hybrid kernel selection: unordered
DeepEP hybrid kernel selection: unordered
DeepEP hybrid kernel selection: unordered
DeepEP hybrid kernel selection: unordered
DeepEP hybrid kernel selection: unordered
DeepEP hybrid kernel selection: unordered
DeepEP hybrid kernel selection: unordered
DeepEP hybrid kernel selection: unordered
DeepEP hybrid kernel selection: unordered
DeepEP hybrid kernel selection: unordered
DeepEP hybrid kernel selection: unordered
Config:
 > Ranks: 2 x 8
 > Experts: 8/256
 > Tokens: 8184 (max: 8192), hidden: 7168
 > #SM: 24, #QPs: 11/11

Running all test cases:
 > Testing with do_handle_copy=1, expert_alignment=128, use_fp8_dispatch=1, num_bias=0, with_previous_event=0, async_with_compute_stream=0, allocate_on_comm_stream=0 ...
USDT:2026-10-08 06:23:38 487:487 SyncActivityProfilerHandler.cpp:52] profiler_startUSDT:2026-10-08 06:23:38 489:489 SyncActivityProfilerHandler.cpp:52] profiler_startUSDT:2026-10-08 06:23:38 493:493 SyncActivityProfilerHandler.cpp:52] profiler_startUSDT:2026-10-08 06:23:38 491:491 SyncActivityProfilerHandler.cpp:52] profiler_startUSDT:2026-10-08 06:23:38 488:488 SyncActivityProfilerHandler.cpp:52] profiler_startUSDT:2026-10-08 06:23:38 492:492 SyncActivityProfilerHandler.cpp:52] profiler_startUSDT:2026-10-08 06:23:38 494:494 SyncActivityProfilerHandler.cpp:52] profiler_start
USDT:2026-10-08 06:23:38 490:490 SyncActivityProfilerHandler.cpp:52] profiler_start






USDT:2026-10-08 06:23:38 489:489 SyncActivityProfilerHandler.cpp:59] profiler_stopUSDT:2026-10-08 06:23:38 490:490 SyncActivityProfilerHandler.cpp:59] profiler_stopUSDT:2026-10-08 06:23:38 494:494 SyncActivityProfilerHandler.cpp:59] profiler_stopUSDT:2026-10-08 06:23:38 487:487 SyncActivityProfilerHandler.cpp:59] profiler_stopUSDT:2026-10-08 06:23:38 493:493 SyncActivityProfilerHandler.cpp:59] profiler_stopUSDT:2026-10-08 06:23:38 491:491 SyncActivityProfilerHandler.cpp:59] profiler_stopUSDT:2026-10-08 06:23:38 492:492 SyncActivityProfilerHandler.cpp:59] profiler_stop






USDT:2026-10-08 06:23:38 488:488 SyncActivityProfilerHandler.cpp:59] profiler_stop
   * EP:  12/16 | dispatch: 140 GB/s (SO), 458 GB/s (SU), 875.141 us, 400622976 bytes | copy: 4713 GB/s, 170.000 us
   * EP:  14/16 | dispatch: 139 GB/s (SO), 460 GB/s (SU), 874.690 us, 402105600 bytes | copy: 4911 GB/s, 163.741 us
   * EP:   8/16 | dispatch: 140 GB/s (SO), 454 GB/s (SU), 874.812 us, 397245888 bytes | copy: 5472 GB/s, 145.199 us
   * EP:  15/16 | dispatch: 139 GB/s (SO), 459 GB/s (SU), 874.756 us, 401132160 bytes | copy: 4522 GB/s, 177.423 us
   * EP:   9/16 | dispatch: 140 GB/s (SO), 457 GB/s (SU), 874.995 us, 399499776 bytes | copy: 5209 GB/s, 153.402 us
   * EP:  10/16 | dispatch: 140 GB/s (SO), 459 GB/s (SU), 874.969 us, 401364288 bytes | copy: 4955 GB/s, 162.020 us
   * EP:  13/16 | dispatch: 139 GB/s (SO), 457 GB/s (SU), 874.681 us, 399612096 bytes | copy: 4473 GB/s, 178.678 us
   * EP:  11/16 | dispatch: 140 GB/s (SO), 456 GB/s (SU), 874.787 us, 399177792 bytes | copy: 4763 GB/s, 167.601 us
USDT:2026-10-08 06:23:39 487:487 SyncActivityProfilerHandler.cpp:52] profiler_startUSDT:2026-10-08 06:23:39 492:492 SyncActivityProfilerHandler.cpp:52] profiler_startUSDT:2026-10-08 06:23:39 491:491 SyncActivityProfilerHandler.cpp:52] profiler_start
USDT:2026-10-08 06:23:39 494:494 SyncActivityProfilerHandler.cpp:52] profiler_start

USDT:2026-10-08 06:23:39 489:489 SyncActivityProfilerHandler.cpp:52] profiler_start
USDT:2026-10-08 06:23:39 488:488 SyncActivityProfilerHandler.cpp:52] profiler_startUSDT:2026-10-08 06:23:39 493:493 SyncActivityProfilerHandler.cpp:52] profiler_startUSDT:2026-10-08 06:23:39 490:490 SyncActivityProfilerHandler.cpp:52] profiler_start



USDT:2026-10-08 06:23:39 493:493 SyncActivityProfilerHandler.cpp:59] profiler_stopUSDT:2026-10-08 06:23:39 487:487 SyncActivityProfilerHandler.cpp:59] profiler_stop

USDT:2026-10-08 06:23:39 488:488 SyncActivityProfilerHandler.cpp:59] profiler_stopUSDT:2026-10-08 06:23:39 494:494 SyncActivityProfilerHandler.cpp:59] profiler_stopUSDT:2026-10-08 06:23:39 492:492 SyncActivityProfilerHandler.cpp:59] profiler_stopUSDT:2026-10-08 06:23:39 490:490 SyncActivityProfilerHandler.cpp:59] profiler_stop

USDT:2026-10-08 06:23:39 491:491 SyncActivityProfilerHandler.cpp:59] profiler_stop
USDT:2026-10-08 06:23:39 489:489 SyncActivityProfilerHandler.cpp:59] profiler_stop


   - EP:  14/16 | expanded dispatch: 138 GB/s (SO), 456 GB/s (SU), 881.540 us, 402105600 bytes | copy: 4402 GB/s, 205.296 us
   - EP:   8/16 | expanded dispatch: 139 GB/s (SO), 451 GB/s (SU), 881.665 us, 397245888 bytes | copy: 5008 GB/s, 178.365 us
   - EP:  13/16 | expanded dispatch: 138 GB/s (SO), 453 GB/s (SU), 881.386 us, 399612096 bytes | copy: 4206 GB/s, 213.605 us
   - EP:   9/16 | expanded dispatch: 139 GB/s (SO), 453 GB/s (SU), 881.431 us, 399499776 bytes | copy: 4671 GB/s, 192.365 us
   - EP:  15/16 | expanded dispatch: 138 GB/s (SO), 455 GB/s (SU), 881.663 us, 401132160 bytes | copy: 4097 GB/s, 219.755 us
   - EP:  12/16 | expanded dispatch: 138 GB/s (SO), 454 GB/s (SU), 882.052 us, 400622976 bytes | copy: 4390 GB/s, 205.109 us
   - EP:  10/16 | expanded dispatch: 138 GB/s (SO), 455 GB/s (SU), 881.759 us, 401364288 bytes | copy: 4508 GB/s, 200.346 us
   - EP:  11/16 | expanded dispatch: 139 GB/s (SO), 453 GB/s (SU), 881.482 us, 399177792 bytes | copy: 4282 GB/s, 210.008 us
USDT:2026-10-08 06:23:39 487:487 SyncActivityProfilerHandler.cpp:52] profiler_startUSDT:2026-10-08 06:23:39 489:489 SyncActivityProfilerHandler.cpp:52] profiler_startUSDT:2026-10-08 06:23:39 491:491 SyncActivityProfilerHandler.cpp:52] profiler_startUSDT:2026-10-08 06:23:39 492:492 SyncActivityProfilerHandler.cpp:52] profiler_start
USDT:2026-10-08 06:23:39 493:493 SyncActivityProfilerHandler.cpp:52] profiler_startUSDT:2026-10-08 06:23:39 490:490 SyncActivityProfilerHandler.cpp:52] profiler_start

USDT:2026-10-08 06:23:39 494:494 SyncActivityProfilerHandler.cpp:52] profiler_start
USDT:2026-10-08 06:23:39 488:488 SyncActivityProfilerHandler.cpp:52] profiler_start



USDT:2026-10-08 06:23:40 492:492 SyncActivityProfilerHandler.cpp:59] profiler_stopUSDT:2026-10-08 06:23:40 489:489 SyncActivityProfilerHandler.cpp:59] profiler_stopUSDT:2026-10-08 06:23:40 494:494 SyncActivityProfilerHandler.cpp:59] profiler_stop

USDT:2026-10-08 06:23:40 487:487 SyncActivityProfilerHandler.cpp:59] profiler_stop
USDT:2026-10-08 06:23:40 493:493 SyncActivityProfilerHandler.cpp:59] profiler_stop

USDT:2026-10-08 06:23:40 491:491 SyncActivityProfilerHandler.cpp:59] profiler_stop
USDT:2026-10-08 06:23:40 488:488 SyncActivityProfilerHandler.cpp:59] profiler_stop
USDT:2026-10-08 06:23:40 490:490 SyncActivityProfilerHandler.cpp:59] profiler_stop
   # EP:  12/16 | cached dispatch: 144 GB/s (SO), 472 GB/s (SU), 848.503 us, 400622976 bytes | copy: 5547 GB/s, 144.450 us
   # EP:  15/16 | cached dispatch: 144 GB/s (SO), 473 GB/s (SU), 847.998 us, 401132160 bytes | copy: 5488 GB/s, 146.196 us
   # EP:  10/16 | cached dispatch: 144 GB/s (SO), 473 GB/s (SU), 848.478 us, 401364288 bytes | copy: 5434 GB/s, 147.717 us
   # EP:   8/16 | cached dispatch: 144 GB/s (SO), 469 GB/s (SU), 847.581 us, 397245888 bytes | copy: 5510 GB/s, 144.201 us
   # EP:  13/16 | cached dispatch: 144 GB/s (SO), 471 GB/s (SU), 848.268 us, 399612096 bytes | copy: 5367 GB/s, 148.903 us
   # EP:  11/16 | cached dispatch: 144 GB/s (SO), 470 GB/s (SU), 848.485 us, 399177792 bytes | copy: 5367 GB/s, 148.746 us
   # EP:  14/16 | cached dispatch: 144 GB/s (SO), 474 GB/s (SU), 848.157 us, 402105600 bytes | copy: 5421 GB/s, 148.347 us
   # EP:   9/16 | cached dispatch: 144 GB/s (SO), 471 GB/s (SU), 848.371 us, 399499776 bytes | copy: 5561 GB/s, 143.667 us
USDT:2026-10-08 06:23:41 488:488 SyncActivityProfilerHandler.cpp:52] profiler_startUSDT:2026-10-08 06:23:41 489:489 SyncActivityProfilerHandler.cpp:52] profiler_startUSDT:2026-10-08 06:23:41 492:492 SyncActivityProfilerHandler.cpp:52] profiler_startUSDT:2026-10-08 06:23:41 494:494 SyncActivityProfilerHandler.cpp:52] profiler_start

USDT:2026-10-08 06:23:41 487:487 SyncActivityProfilerHandler.cpp:52] profiler_start
USDT:2026-10-08 06:23:41 491:491 SyncActivityProfilerHandler.cpp:52] profiler_startUSDT:2026-10-08 06:23:41 490:490 SyncActivityProfilerHandler.cpp:52] profiler_start

USDT:2026-10-08 06:23:41 493:493 SyncActivityProfilerHandler.cpp:52] profiler_start


USDT:2026-10-08 06:23:41 488:488 SyncActivityProfilerHandler.cpp:59] profiler_stop
USDT:2026-10-08 06:23:41 489:489 SyncActivityProfilerHandler.cpp:59] profiler_stop
USDT:2026-10-08 06:23:41 490:490 SyncActivityProfilerHandler.cpp:59] profiler_stop
USDT:2026-10-08 06:23:41 491:491 SyncActivityProfilerHandler.cpp:59] profiler_stop
USDT:2026-10-08 06:23:41 493:493 SyncActivityProfilerHandler.cpp:59] profiler_stop
USDT:2026-10-08 06:23:41 487:487 SyncActivityProfilerHandler.cpp:59] profiler_stop
USDT:2026-10-08 06:23:41 492:492 SyncActivityProfilerHandler.cpp:59] profiler_stop
USDT:2026-10-08 06:23:41 494:494 SyncActivityProfilerHandler.cpp:59] profiler_stop
   @ EP:  13/16 | combine: 119 GB/s (SO), 390 GB/s (SU), 1967.000 us, 766777056 bytes | reduce: 5341 GB/s, 65.820 us
   @ EP:  10/16 | combine: 119 GB/s (SO), 392 GB/s (SU), 1966.000 us, 770139168 bytes | reduce: 5345 GB/s, 65.817 us
   @ EP:  11/16 | combine: 119 GB/s (SO), 389 GB/s (SU), 1968.000 us, 765943712 bytes | reduce: 5344 GB/s, 65.853 us
   @ EP:  14/16 | combine: 119 GB/s (SO), 394 GB/s (SU), 1959.000 us, 771561600 bytes | reduce: 5296 GB/s, 66.388 us   @ EP:   8/16 | combine: 119 GB/s (SO), 387 GB/s (SU), 1969.000 us, 762236768 bytes | reduce: 5347 GB/s, 65.847 us

   @ EP:  15/16 | combine: 119 GB/s (SO), 390 GB/s (SU), 1972.000 us, 769693760 bytes | reduce: 5346 GB/s, 65.765 us
   @ EP:   9/16 | combine: 120 GB/s (SO), 391 GB/s (SU), 1961.000 us, 766561536 bytes | reduce: 5349 GB/s, 65.809 us
   @ EP:  12/16 | combine: 119 GB/s (SO), 391 GB/s (SU), 1966.000 us, 768716736 bytes | reduce: 5349 GB/s, 65.791 us
USDT:2026-10-08 06:23:41 489:489 SyncActivityProfilerHandler.cpp:52] profiler_start
USDT:2026-10-08 06:23:41 487:487 SyncActivityProfilerHandler.cpp:52] profiler_startUSDT:2026-10-08 06:23:41 488:488 SyncActivityProfilerHandler.cpp:52] profiler_start

USDT:2026-10-08 06:23:41 492:492 SyncActivityProfilerHandler.cpp:52] profiler_startUSDT:2026-10-08 06:23:41 494:494 SyncActivityProfilerHandler.cpp:52] profiler_start

USDT:2026-10-08 06:23:41 493:493 SyncActivityProfilerHandler.cpp:52] profiler_startUSDT:2026-10-08 06:23:41 491:491 SyncActivityProfilerHandler.cpp:52] profiler_startUSDT:2026-10-08 06:23:41 490:490 SyncActivityProfilerHandler.cpp:52] profiler_start


USDT:2026-10-08 06:23:42 487:487 SyncActivityProfilerHandler.cpp:59] profiler_stop
USDT:2026-10-08 06:23:42 492:492 SyncActivityProfilerHandler.cpp:59] profiler_stop
USDT:2026-10-08 06:23:42 489:489 SyncActivityProfilerHandler.cpp:59] profiler_stopUSDT:2026-10-08 06:23:42 493:493 SyncActivityProfilerHandler.cpp:59] profiler_stop
USDT:2026-10-08 06:23:42 494:494 SyncActivityProfilerHandler.cpp:59] profiler_stop
USDT:2026-10-08 06:23:42 488:488 SyncActivityProfilerHandler.cpp:59] profiler_stop

USDT:2026-10-08 06:23:42 491:491 SyncActivityProfilerHandler.cpp:59] profiler_stopUSDT:2026-10-08 06:23:42 490:490 SyncActivityProfilerHandler.cpp:59] profiler_stop

   + EP:  13/16 | reduced combine: 101 GB/s (SO), 332 GB/s (SU), 2310.000 us, 766777056 bytes | reduce: 5322 GB/s, 66.052 us
   + EP:   8/16 | reduced combine: 102 GB/s (SO), 331 GB/s (SU), 2306.000 us, 762236768 bytes | reduce: 5351 GB/s, 65.797 us
   + EP:  14/16 | reduced combine: 101 GB/s (SO), 334 GB/s (SU), 2312.000 us, 771561600 bytes | reduce: 5324 GB/s, 66.036 us
   + EP:  10/16 | reduced combine: 102 GB/s (SO), 334 GB/s (SU), 2306.000 us, 770139168 bytes | reduce: 5329 GB/s, 66.013 us
   + EP:  11/16 | reduced combine: 101 GB/s (SO), 332 GB/s (SU), 2309.000 us, 765943712 bytes | reduce: 5339 GB/s, 65.912 us
   + EP:  15/16 | reduced combine: 101 GB/s (SO), 333 GB/s (SU), 2312.000 us, 769693760 bytes | reduce: 5347 GB/s, 65.751 us
   + EP:   9/16 | reduced combine: 101 GB/s (SO), 331 GB/s (SU), 2316.000 us, 766561536 bytes | reduce: 5328 GB/s, 66.075 us
   + EP:  12/16 | reduced combine: 101 GB/s (SO), 330 GB/s (SU), 2329.000 us, 768716736 bytes | reduce: 5315 GB/s, 66.208 us


