=== EP_NIC_NAME=rdmap101s0 (auto, 400 Gb/s) ===
=== NCCL_IB_HCA=rdmap (auto: non-EFA ibverbs device ibp198s0f0 present) ===
=== GIN: NCCL_GIN_TYPE=5 NCCL_SYM_GIN_KERNELS_ENABLE=0 ===
=== PREFER_OVERLAP=0 (--prefer-overlap-with-compute) ===
=== IMAGE=deepep-v2-efa-official:sm103-b90a617  DeepEP=b90a61714ac48713408d8c62b6912d66daabb9a0 ===
+ docker run --rm --init --gpus all --privileged --network=host --ipc=host --ulimit memlock=-1 --ulimit stack=67108864 --device=/dev/infiniband --device=/dev/gdrdrv -v /sys/class/infiniband:/sys/class/infiniband:ro -e MASTER_ADDR=172.31.9.47 -e MASTER_PORT=8510 -e WORLD_SIZE=2 -e RANK=0 -e NCCL_DEBUG=WARN -e EP_NIC_NAME=rdmap101s0 -e NCCL_IB_HCA=rdmap -e NCCL_GIN_TYPE=5 -e NCCL_SYM_GIN_KERNELS_ENABLE=0 -e PYTHONUNBUFFERED=1 -e PYTHONFAULTHANDLER=1 deepep-v2-efa-official:sm103-b90a617 bash -lc 'timeout -s ABRT --kill-after=60 1800     python3 -u /opt/DeepEP/tests/elastic/test_ep.py     --num-processes=8 --num-tokens=128     --hidden=7168 --num-topk=8 --num-experts=256     --num-sms=12 --allow-hybrid-mode=1     --prefer-overlap-with-compute=0 --test-first-only      '

==========
== CUDA ==
==========

CUDA Version 13.3.1

Container image Copyright (c) 2016-2023, NVIDIA CORPORATION & AFFILIATES. All rights reserved.

This container image and its contents are governed by the NVIDIA Deep Learning Container License.
By pulling and using the container, you accept the terms and conditions of this license:
https://developer.nvidia.com/ngc/nvidia-deep-learning-container-license

A copy of this license is made available in this container at /NGC-DL-CONTAINER-LICENSE for your convenience.

NCCL version 2.31.2+cuda13.3
DeepEP hybrid kernel selection: unordered
DeepEP hybrid kernel selection: unordered
DeepEP hybrid kernel selection: unordered
DeepEP hybrid kernel selection: unordered
DeepEP hybrid kernel selection: unordered
DeepEP hybrid kernel selection: unordered
DeepEP hybrid kernel selection: unordered
DeepEP hybrid kernel selection: unordered
DeepEP hybrid kernel selection: unordered
DeepEP hybrid kernel selection: unordered
DeepEP hybrid kernel selection: unordered
DeepEP hybrid kernel selection: unordered
DeepEP hybrid kernel selection: unordered
DeepEP hybrid kernel selection: unordered
DeepEP hybrid kernel selection: unordered
DeepEP hybrid kernel selection: unordered
Config:
 > Ranks: 2 x 8
 > Experts: 8/256
 > Tokens: 128 (max: 128), hidden: 7168
 > #SM: 12, #QPs: 11/11

Running all test cases:
 > Testing with do_handle_copy=1, expert_alignment=128, use_fp8_dispatch=1, num_bias=0, with_previous_event=0, async_with_compute_stream=0, allocate_on_comm_stream=0 ...
USDT:2026-10-08 06:43:43 487:487 SyncActivityProfilerHandler.cpp:52] profiler_startUSDT:2026-10-08 06:43:43 489:489 SyncActivityProfilerHandler.cpp:52] profiler_startUSDT:2026-10-08 06:43:43 491:491 SyncActivityProfilerHandler.cpp:52] profiler_startUSDT:2026-10-08 06:43:43 493:493 SyncActivityProfilerHandler.cpp:52] profiler_startUSDT:2026-10-08 06:43:43 486:486 SyncActivityProfilerHandler.cpp:52] profiler_startUSDT:2026-10-08 06:43:43 488:488 SyncActivityProfilerHandler.cpp:52] profiler_startUSDT:2026-10-08 06:43:43 490:490 SyncActivityProfilerHandler.cpp:52] profiler_startUSDT:2026-10-08 06:43:43 492:492 SyncActivityProfilerHandler.cpp:52] profiler_start







USDT:2026-10-08 06:43:44 488:488 SyncActivityProfilerHandler.cpp:59] profiler_stop
USDT:2026-10-08 06:43:44 493:493 SyncActivityProfilerHandler.cpp:59] profiler_stopUSDT:2026-10-08 06:43:44 486:486 SyncActivityProfilerHandler.cpp:59] profiler_stopUSDT:2026-10-08 06:43:44 490:490 SyncActivityProfilerHandler.cpp:59] profiler_stop


USDT:2026-10-08 06:43:44 489:489 SyncActivityProfilerHandler.cpp:59] profiler_stop
USDT:2026-10-08 06:43:44 492:492 SyncActivityProfilerHandler.cpp:59] profiler_stopUSDT:2026-10-08 06:43:44 487:487 SyncActivityProfilerHandler.cpp:59] profiler_stop

USDT:2026-10-08 06:43:44 491:491 SyncActivityProfilerHandler.cpp:59] profiler_stop
   * EP:   7/16 | dispatch: 14 GB/s (SO), 45 GB/s (SU), 130.988 us, 5937984 bytes | copy: 1223 GB/s, 9.707 us
   * EP:   4/16 | dispatch: 14 GB/s (SO), 43 GB/s (SU), 130.846 us, 5623488 bytes | copy: 1244 GB/s, 9.044 us
   * EP:   2/16 | dispatch: 15 GB/s (SO), 45 GB/s (SU), 130.116 us, 5840640 bytes | copy: 962 GB/s, 12.143 us
   * EP:   6/16 | dispatch: 14 GB/s (SO), 46 GB/s (SU), 129.584 us, 5937984 bytes | copy: 1515 GB/s, 7.839 us
   * EP:   0/16 | dispatch: 15 GB/s (SO), 44 GB/s (SU), 131.373 us, 5750784 bytes | copy: 966 GB/s, 11.907 us
   * EP:   1/16 | dispatch: 15 GB/s (SO), 44 GB/s (SU), 129.678 us, 5720832 bytes | copy: 982 GB/s, 11.657 us
   * EP:   3/16 | dispatch: 14 GB/s (SO), 45 GB/s (SU), 129.239 us, 5855616 bytes | copy: 921 GB/s, 12.719 us
   * EP:   5/16 | dispatch: 14 GB/s (SO), 43 GB/s (SU), 132.351 us, 5705856 bytes | copy: 1668 GB/s, 6.841 us
USDT:2026-10-08 06:43:44 493:493 SyncActivityProfilerHandler.cpp:52] profiler_startUSDT:2026-10-08 06:43:44 492:492 SyncActivityProfilerHandler.cpp:52] profiler_startUSDT:2026-10-08 06:43:44 489:489 SyncActivityProfilerHandler.cpp:52] profiler_start
USDT:2026-10-08 06:43:44 488:488 SyncActivityProfilerHandler.cpp:52] profiler_start

USDT:2026-10-08 06:43:44 486:486 SyncActivityProfilerHandler.cpp:52] profiler_start

USDT:2026-10-08 06:43:44 491:491 SyncActivityProfilerHandler.cpp:52] profiler_start
USDT:2026-10-08 06:43:44 487:487 SyncActivityProfilerHandler.cpp:52] profiler_startUSDT:2026-10-08 06:43:44 490:490 SyncActivityProfilerHandler.cpp:52] profiler_start

USDT:2026-10-08 06:43:44 489:489 SyncActivityProfilerHandler.cpp:59] profiler_stopUSDT:2026-10-08 06:43:44 491:491 SyncActivityProfilerHandler.cpp:59] profiler_stopUSDT:2026-10-08 06:43:44 492:492 SyncActivityProfilerHandler.cpp:59] profiler_stop

USDT:2026-10-08 06:43:44 486:486 SyncActivityProfilerHandler.cpp:59] profiler_stop

USDT:2026-10-08 06:43:44 488:488 SyncActivityProfilerHandler.cpp:59] profiler_stopUSDT:2026-10-08 06:43:44 493:493 SyncActivityProfilerHandler.cpp:59] profiler_stop
USDT:2026-10-08 06:43:44 490:490 SyncActivityProfilerHandler.cpp:59] profiler_stop
USDT:2026-10-08 06:43:44 487:487 SyncActivityProfilerHandler.cpp:59] profiler_stop

   - EP:   4/16 | expanded dispatch: 14 GB/s (SO), 43 GB/s (SU), 131.183 us, 5623488 bytes | copy: 1676 GB/s, 12.198 us
   - EP:   2/16 | expanded dispatch: 15 GB/s (SO), 45 GB/s (SU), 129.437 us, 5840640 bytes | copy: 1493 GB/s, 13.868 us
   - EP:   6/16 | expanded dispatch: 14 GB/s (SO), 46 GB/s (SU), 129.138 us, 5937984 bytes | copy: 1532 GB/s, 13.598 us
   - EP:   7/16 | expanded dispatch: 14 GB/s (SO), 46 GB/s (SU), 130.360 us, 5937984 bytes | copy: 1833 GB/s, 11.300 us
   - EP:   5/16 | expanded dispatch: 14 GB/s (SO), 43 GB/s (SU), 131.463 us, 5705856 bytes | copy: 1145 GB/s, 17.934 us
   - EP:   3/16 | expanded dispatch: 15 GB/s (SO), 46 GB/s (SU), 128.324 us, 5855616 bytes | copy: 1109 GB/s, 18.644 us
   - EP:   1/16 | expanded dispatch: 15 GB/s (SO), 44 GB/s (SU), 129.153 us, 5720832 bytes | copy: 1174 GB/s, 17.472 us
   - EP:   0/16 | expanded dispatch: 14 GB/s (SO), 43 GB/s (SU), 132.207 us, 5750784 bytes | copy: 1464 GB/s, 14.063 us
USDT:2026-10-08 06:43:45 492:492 SyncActivityProfilerHandler.cpp:52] profiler_startUSDT:2026-10-08 06:43:45 493:493 SyncActivityProfilerHandler.cpp:52] profiler_startUSDT:2026-10-08 06:43:45 487:487 SyncActivityProfilerHandler.cpp:52] profiler_startUSDT:2026-10-08 06:43:45 486:486 SyncActivityProfilerHandler.cpp:52] profiler_startUSDT:2026-10-08 06:43:45 491:491 SyncActivityProfilerHandler.cpp:52] profiler_start
USDT:2026-10-08 06:43:45 490:490 SyncActivityProfilerHandler.cpp:52] profiler_start
USDT:2026-10-08 06:43:45 489:489 SyncActivityProfilerHandler.cpp:52] profiler_start



USDT:2026-10-08 06:43:45 488:488 SyncActivityProfilerHandler.cpp:52] profiler_start

USDT:2026-10-08 06:43:45 486:486 SyncActivityProfilerHandler.cpp:59] profiler_stopUSDT:2026-10-08 06:43:45 493:493 SyncActivityProfilerHandler.cpp:59] profiler_stopUSDT:2026-10-08 06:43:45 489:489 SyncActivityProfilerHandler.cpp:59] profiler_stopUSDT:2026-10-08 06:43:45 491:491 SyncActivityProfilerHandler.cpp:59] profiler_stop

USDT:2026-10-08 06:43:45 492:492 SyncActivityProfilerHandler.cpp:59] profiler_stop


USDT:2026-10-08 06:43:45 487:487 SyncActivityProfilerHandler.cpp:59] profiler_stopUSDT:2026-10-08 06:43:45 488:488 SyncActivityProfilerHandler.cpp:59] profiler_stop
USDT:2026-10-08 06:43:45 490:490 SyncActivityProfilerHandler.cpp:59] profiler_stop

   # EP:   6/16 | cached dispatch: 15 GB/s (SO), 50 GB/s (SU), 118.431 us, 5937984 bytes | copy: 1220 GB/s, 9.738 us
   # EP:   0/16 | cached dispatch: 16 GB/s (SO), 48 GB/s (SU), 120.521 us, 5750784 bytes | copy: 951 GB/s, 12.098 us
   # EP:   4/16 | cached dispatch: 15 GB/s (SO), 47 GB/s (SU), 120.700 us, 5623488 bytes | copy: 949 GB/s, 11.855 us
   # EP:   2/16 | cached dispatch: 16 GB/s (SO), 49 GB/s (SU), 118.858 us, 5840640 bytes | copy: 1091 GB/s, 10.704 us
   # EP:   5/16 | cached dispatch: 15 GB/s (SO), 47 GB/s (SU), 121.255 us, 5705856 bytes | copy: 773 GB/s, 14.763 us   # EP:   1/16 | cached dispatch: 16 GB/s (SO), 48 GB/s (SU), 118.878 us, 5720832 bytes | copy: 457 GB/s, 25.010 us

   # EP:   7/16 | cached dispatch: 15 GB/s (SO), 49 GB/s (SU), 120.353 us, 5937984 bytes | copy: 1200 GB/s, 9.898 us
   # EP:   3/16 | cached dispatch: 15 GB/s (SO), 48 GB/s (SU), 120.798 us, 5855616 bytes | copy: 539 GB/s, 21.746 us
USDT:2026-10-08 06:43:46 489:489 SyncActivityProfilerHandler.cpp:52] profiler_start
USDT:2026-10-08 06:43:46 492:492 SyncActivityProfilerHandler.cpp:52] profiler_startUSDT:2026-10-08 06:43:46 487:487 SyncActivityProfilerHandler.cpp:52] profiler_start

USDT:2026-10-08 06:43:46 488:488 SyncActivityProfilerHandler.cpp:52] profiler_startUSDT:2026-10-08 06:43:46 490:490 SyncActivityProfilerHandler.cpp:52] profiler_start

USDT:2026-10-08 06:43:46 493:493 SyncActivityProfilerHandler.cpp:52] profiler_startUSDT:2026-10-08 06:43:46 486:486 SyncActivityProfilerHandler.cpp:52] profiler_start

USDT:2026-10-08 06:43:46 491:491 SyncActivityProfilerHandler.cpp:52] profiler_start
USDT:2026-10-08 06:43:46 489:489 SyncActivityProfilerHandler.cpp:59] profiler_stopUSDT:2026-10-08 06:43:46 493:493 SyncActivityProfilerHandler.cpp:59] profiler_stop

USDT:2026-10-08 06:43:46 492:492 SyncActivityProfilerHandler.cpp:59] profiler_stop
USDT:2026-10-08 06:43:46 486:486 SyncActivityProfilerHandler.cpp:59] profiler_stopUSDT:2026-10-08 06:43:46 491:491 SyncActivityProfilerHandler.cpp:59] profiler_stop

USDT:2026-10-08 06:43:46 490:490 SyncActivityProfilerHandler.cpp:59] profiler_stop
USDT:2026-10-08 06:43:46 488:488 SyncActivityProfilerHandler.cpp:59] profiler_stopUSDT:2026-10-08 06:43:46 487:487 SyncActivityProfilerHandler.cpp:59] profiler_stop

   @ EP:   6/16 | combine: 21 GB/s (SO), 69 GB/s (SU), 164.739 us, 11393824 bytes | reduce: 985 GB/s, 5.297 us
   @ EP:   7/16 | combine: 20 GB/s (SO), 66 GB/s (SU), 171.551 us, 11393824 bytes | reduce: 961 GB/s, 5.427 us
   @ EP:   2/16 | combine: 22 GB/s (SO), 67 GB/s (SU), 168.327 us, 11207040 bytes | reduce: 982 GB/s, 5.529 us
   @ EP:   0/16 | combine: 21 GB/s (SO), 65 GB/s (SU), 170.709 us, 11034624 bytes | reduce: 998 GB/s, 5.516 us
   @ EP:   3/16 | combine: 23 GB/s (SO), 72 GB/s (SU), 155.481 us, 11235776 bytes | reduce: 986 GB/s, 5.464 us   @ EP:   1/16 | combine: 23 GB/s (SO), 69 GB/s (SU), 158.463 us, 10977152 bytes | reduce: 1036 GB/s, 5.284 us

   @ EP:   5/16 | combine: 21 GB/s (SO), 67 GB/s (SU), 164.038 us, 10948416 bytes | reduce: 970 GB/s, 5.453 us
   @ EP:   4/16 | combine: 21 GB/s (SO), 65 GB/s (SU), 166.262 us, 10790368 bytes | reduce: 981 GB/s, 5.420 us
USDT:2026-10-08 06:43:46 489:489 SyncActivityProfilerHandler.cpp:52] profiler_startUSDT:2026-10-08 06:43:46 491:491 SyncActivityProfilerHandler.cpp:52] profiler_start

USDT:2026-10-08 06:43:46 490:490 SyncActivityProfilerHandler.cpp:52] profiler_startUSDT:2026-10-08 06:43:46 492:492 SyncActivityProfilerHandler.cpp:52] profiler_startUSDT:2026-10-08 06:43:46 486:486 SyncActivityProfilerHandler.cpp:52] profiler_startUSDT:2026-10-08 06:43:46 493:493 SyncActivityProfilerHandler.cpp:52] profiler_start
USDT:2026-10-08 06:43:46 488:488 SyncActivityProfilerHandler.cpp:52] profiler_startUSDT:2026-10-08 06:43:46 487:487 SyncActivityProfilerHandler.cpp:52] profiler_start




USDT:2026-10-08 06:43:47 491:491 SyncActivityProfilerHandler.cpp:59] profiler_stop
USDT:2026-10-08 06:43:47 487:487 SyncActivityProfilerHandler.cpp:59] profiler_stopUSDT:2026-10-08 06:43:47 492:492 SyncActivityProfilerHandler.cpp:59] profiler_stop
USDT:2026-10-08 06:43:47 489:489 SyncActivityProfilerHandler.cpp:59] profiler_stop

USDT:2026-10-08 06:43:47 490:490 SyncActivityProfilerHandler.cpp:59] profiler_stopUSDT:2026-10-08 06:43:47 486:486 SyncActivityProfilerHandler.cpp:59] profiler_stopUSDT:2026-10-08 06:43:47 493:493 SyncActivityProfilerHandler.cpp:59] profiler_stop


USDT:2026-10-08 06:43:47 488:488 SyncActivityProfilerHandler.cpp:59] profiler_stop
   + EP:   5/16 | reduced combine: 20 GB/s (SO), 62 GB/s (SU), 177.741 us, 10948416 bytes | reduce: 980 GB/s, 5.394 us
   + EP:   2/16 | reduced combine: 19 GB/s (SO), 60 GB/s (SU), 187.039 us, 11207040 bytes | reduce: 1001 GB/s, 5.427 us
   + EP:   1/16 | reduced combine: 20 GB/s (SO), 62 GB/s (SU), 178.281 us, 10977152 bytes | reduce: 1016 GB/s, 5.390 us
   + EP:   6/16 | reduced combine: 19 GB/s (SO), 62 GB/s (SU), 184.315 us, 11393824 bytes | reduce: 986 GB/s, 5.291 us
   + EP:   4/16 | reduced combine: 19 GB/s (SO), 59 GB/s (SU), 183.640 us, 10790368 bytes | reduce: 977 GB/s, 5.444 us
   + EP:   3/16 | reduced combine: 20 GB/s (SO), 64 GB/s (SU), 176.249 us, 11235776 bytes | reduce: 1000 GB/s, 5.390 us
   + EP:   0/16 | reduced combine: 19 GB/s (SO), 58 GB/s (SU), 190.875 us, 11034624 bytes | reduce: 1020 GB/s, 5.395 us
   + EP:   7/16 | reduced combine: 18 GB/s (SO), 60 GB/s (SU), 191.235 us, 11393824 bytes | reduce: 955 GB/s, 5.463 us


