=== EP_NIC_NAME=rdmap101s0 (auto, 400 Gb/s) ===
=== NCCL_IB_HCA=rdmap (auto: non-EFA ibverbs device ibp198s0f0 present) ===
=== GIN: NCCL_GIN_TYPE=5 NCCL_SYM_GIN_KERNELS_ENABLE=0 ===
=== PREFER_OVERLAP=0 (--prefer-overlap-with-compute) ===
=== IMAGE=deepep-v2-efa-official:sm103-b90a617  DeepEP=b90a61714ac48713408d8c62b6912d66daabb9a0 ===
+ docker run --rm --init --gpus all --privileged --network=host --ipc=host --ulimit memlock=-1 --ulimit stack=67108864 --device=/dev/infiniband --device=/dev/gdrdrv -v /sys/class/infiniband:/sys/class/infiniband:ro -e MASTER_ADDR=172.31.9.47 -e MASTER_PORT=8504 -e WORLD_SIZE=2 -e RANK=1 -e NCCL_DEBUG=WARN -e EP_NIC_NAME=rdmap101s0 -e NCCL_IB_HCA=rdmap -e NCCL_GIN_TYPE=5 -e NCCL_SYM_GIN_KERNELS_ENABLE=0 -e PYTHONUNBUFFERED=1 -e PYTHONFAULTHANDLER=1 deepep-v2-efa-official:sm103-b90a617 bash -lc 'timeout -s ABRT --kill-after=60 1800     python3 -u /opt/DeepEP/tests/elastic/test_ep.py     --num-processes=8 --num-tokens=128     --hidden=7168 --num-topk=8 --num-experts=256     --num-sms=24 --allow-hybrid-mode=1     --prefer-overlap-with-compute=0 --test-first-only      '

==========
== CUDA ==
==========

CUDA Version 13.3.1

Container image Copyright (c) 2016-2023, NVIDIA CORPORATION & AFFILIATES. All rights reserved.

This container image and its contents are governed by the NVIDIA Deep Learning Container License.
By pulling and using the container, you accept the terms and conditions of this license:
https://developer.nvidia.com/ngc/nvidia-deep-learning-container-license

A copy of this license is made available in this container at /NGC-DL-CONTAINER-LICENSE for your convenience.

DeepEP hybrid kernel selection: unordered
DeepEP hybrid kernel selection: unordered
DeepEP hybrid kernel selection: unordered
DeepEP hybrid kernel selection: unordered
DeepEP hybrid kernel selection: unordered
DeepEP hybrid kernel selection: unordered
DeepEP hybrid kernel selection: unordered
DeepEP hybrid kernel selection: unordered
DeepEP hybrid kernel selection: unordered
DeepEP hybrid kernel selection: unordered
DeepEP hybrid kernel selection: unordered
DeepEP hybrid kernel selection: unordered
DeepEP hybrid kernel selection: unordered
DeepEP hybrid kernel selection: unordered
DeepEP hybrid kernel selection: unordered
DeepEP hybrid kernel selection: unordered
Config:
 > Ranks: 2 x 8
 > Experts: 8/256
 > Tokens: 120 (max: 128), hidden: 7168
 > #SM: 24, #QPs: 11/11

Running all test cases:
 > Testing with do_handle_copy=1, expert_alignment=128, use_fp8_dispatch=1, num_bias=0, with_previous_event=0, async_with_compute_stream=0, allocate_on_comm_stream=0 ...
USDT:2026-10-08 06:26:30 492:492 SyncActivityProfilerHandler.cpp:52] profiler_startUSDT:2026-10-08 06:26:30 490:490 SyncActivityProfilerHandler.cpp:52] profiler_startUSDT:2026-10-08 06:26:30 488:488 SyncActivityProfilerHandler.cpp:52] profiler_startUSDT:2026-10-08 06:26:30 491:491 SyncActivityProfilerHandler.cpp:52] profiler_start
USDT:2026-10-08 06:26:30 489:489 SyncActivityProfilerHandler.cpp:52] profiler_start
USDT:2026-10-08 06:26:30 493:493 SyncActivityProfilerHandler.cpp:52] profiler_start



USDT:2026-10-08 06:26:30 487:487 SyncActivityProfilerHandler.cpp:52] profiler_start
USDT:2026-10-08 06:26:30 486:486 SyncActivityProfilerHandler.cpp:52] profiler_start
USDT:2026-10-08 06:26:30 486:486 SyncActivityProfilerHandler.cpp:59] profiler_stopUSDT:2026-10-08 06:26:30 489:489 SyncActivityProfilerHandler.cpp:59] profiler_stopUSDT:2026-10-08 06:26:30 492:492 SyncActivityProfilerHandler.cpp:59] profiler_stopUSDT:2026-10-08 06:26:30 490:490 SyncActivityProfilerHandler.cpp:59] profiler_stopUSDT:2026-10-08 06:26:30 493:493 SyncActivityProfilerHandler.cpp:59] profiler_stop




USDT:2026-10-08 06:26:30 488:488 SyncActivityProfilerHandler.cpp:59] profiler_stop
USDT:2026-10-08 06:26:30 491:491 SyncActivityProfilerHandler.cpp:59] profiler_stop
USDT:2026-10-08 06:26:30 487:487 SyncActivityProfilerHandler.cpp:59] profiler_stop
   * EP:  15/16 | dispatch: 11 GB/s (SO), 39 GB/s (SU), 152.282 us, 6005376 bytes | copy: 683 GB/s, 17.574 us
   * EP:  11/16 | dispatch: 11 GB/s (SO), 38 GB/s (SU), 151.727 us, 5698368 bytes | copy: 721 GB/s, 15.804 us
   * EP:  14/16 | dispatch: 11 GB/s (SO), 41 GB/s (SU), 151.940 us, 6162624 bytes | copy: 1056 GB/s, 11.672 us
   * EP:  10/16 | dispatch: 12 GB/s (SO), 42 GB/s (SU), 151.973 us, 6312384 bytes | copy: 1035 GB/s, 12.199 us
   * EP:  13/16 | dispatch: 11 GB/s (SO), 37 GB/s (SU), 152.791 us, 5728320 bytes | copy: 686 GB/s, 16.696 us
   * EP:  12/16 | dispatch: 11 GB/s (SO), 40 GB/s (SU), 152.208 us, 6117696 bytes | copy: 646 GB/s, 18.937 us
   * EP:   8/16 | dispatch: 12 GB/s (SO), 38 GB/s (SU), 152.140 us, 5833152 bytes | copy: 643 GB/s, 18.137 us
   * EP:   9/16 | dispatch: 12 GB/s (SO), 38 GB/s (SU), 150.552 us, 5773248 bytes | copy: 779 GB/s, 14.815 us
USDT:2026-10-08 06:26:30 493:493 SyncActivityProfilerHandler.cpp:52] profiler_startUSDT:2026-10-08 06:26:30 488:488 SyncActivityProfilerHandler.cpp:52] profiler_startUSDT:2026-10-08 06:26:30 486:486 SyncActivityProfilerHandler.cpp:52] profiler_startUSDT:2026-10-08 06:26:30 491:491 SyncActivityProfilerHandler.cpp:52] profiler_startUSDT:2026-10-08 06:26:30 490:490 SyncActivityProfilerHandler.cpp:52] profiler_startUSDT:2026-10-08 06:26:30 487:487 SyncActivityProfilerHandler.cpp:52] profiler_start


USDT:2026-10-08 06:26:30 492:492 SyncActivityProfilerHandler.cpp:52] profiler_start



USDT:2026-10-08 06:26:30 489:489 SyncActivityProfilerHandler.cpp:52] profiler_start
USDT:2026-10-08 06:26:31 490:490 SyncActivityProfilerHandler.cpp:59] profiler_stopUSDT:2026-10-08 06:26:31 493:493 SyncActivityProfilerHandler.cpp:59] profiler_stopUSDT:2026-10-08 06:26:31 487:487 SyncActivityProfilerHandler.cpp:59] profiler_stopUSDT:2026-10-08 06:26:31 486:486 SyncActivityProfilerHandler.cpp:59] profiler_stop



USDT:2026-10-08 06:26:31 488:488 SyncActivityProfilerHandler.cpp:59] profiler_stop
USDT:2026-10-08 06:26:31 492:492 SyncActivityProfilerHandler.cpp:59] profiler_stopUSDT:2026-10-08 06:26:31 491:491 SyncActivityProfilerHandler.cpp:59] profiler_stop

USDT:2026-10-08 06:26:31 489:489 SyncActivityProfilerHandler.cpp:59] profiler_stop
   - EP:  13/16 | expanded dispatch: 11 GB/s (SO), 38 GB/s (SU), 151.527 us, 5728320 bytes | copy: 1475 GB/s, 14.028 us
   - EP:  15/16 | expanded dispatch: 11 GB/s (SO), 40 GB/s (SU), 150.899 us, 6005376 bytes | copy: 1299 GB/s, 16.128 us
   - EP:  11/16 | expanded dispatch: 12 GB/s (SO), 38 GB/s (SU), 150.322 us, 5698368 bytes | copy: 1163 GB/s, 17.655 us
   - EP:  14/16 | expanded dispatch: 11 GB/s (SO), 41 GB/s (SU), 150.673 us, 6162624 bytes | copy: 1771 GB/s, 11.864 us
   - EP:  12/16 | expanded dispatch: 11 GB/s (SO), 41 GB/s (SU), 150.526 us, 6117696 bytes | copy: 1284 GB/s, 16.315 us
   - EP:  10/16 | expanded dispatch: 12 GB/s (SO), 42 GB/s (SU), 150.641 us, 6312384 bytes | copy: 1660 GB/s, 12.768 us
   - EP:   8/16 | expanded dispatch: 12 GB/s (SO), 39 GB/s (SU), 150.810 us, 5833152 bytes | copy: 1194 GB/s, 17.364 us
   - EP:   9/16 | expanded dispatch: 12 GB/s (SO), 39 GB/s (SU), 149.725 us, 5773248 bytes | copy: 1381 GB/s, 14.964 us
USDT:2026-10-08 06:26:31 493:493 SyncActivityProfilerHandler.cpp:52] profiler_startUSDT:2026-10-08 06:26:31 490:490 SyncActivityProfilerHandler.cpp:52] profiler_startUSDT:2026-10-08 06:26:31 486:486 SyncActivityProfilerHandler.cpp:52] profiler_startUSDT:2026-10-08 06:26:31 488:488 SyncActivityProfilerHandler.cpp:52] profiler_start

USDT:2026-10-08 06:26:31 491:491 SyncActivityProfilerHandler.cpp:52] profiler_start
USDT:2026-10-08 06:26:31 487:487 SyncActivityProfilerHandler.cpp:52] profiler_start


USDT:2026-10-08 06:26:31 492:492 SyncActivityProfilerHandler.cpp:52] profiler_start
USDT:2026-10-08 06:26:31 489:489 SyncActivityProfilerHandler.cpp:52] profiler_start
USDT:2026-10-08 06:26:32 486:486 SyncActivityProfilerHandler.cpp:59] profiler_stop
USDT:2026-10-08 06:26:32 490:490 SyncActivityProfilerHandler.cpp:59] profiler_stopUSDT:2026-10-08 06:26:32 488:488 SyncActivityProfilerHandler.cpp:59] profiler_stopUSDT:2026-10-08 06:26:32 493:493 SyncActivityProfilerHandler.cpp:59] profiler_stop

USDT:2026-10-08 06:26:32 492:492 SyncActivityProfilerHandler.cpp:59] profiler_stop
USDT:2026-10-08 06:26:32 487:487 SyncActivityProfilerHandler.cpp:59] profiler_stop
USDT:2026-10-08 06:26:32 491:491 SyncActivityProfilerHandler.cpp:59] profiler_stop

USDT:2026-10-08 06:26:32 489:489 SyncActivityProfilerHandler.cpp:59] profiler_stop
   # EP:  15/16 | cached dispatch: 12 GB/s (SO), 43 GB/s (SU), 138.420 us, 6005376 bytes | copy: 914 GB/s, 13.139 us
   # EP:   8/16 | cached dispatch: 13 GB/s (SO), 42 GB/s (SU), 138.141 us, 5833152 bytes | copy: 836 GB/s, 13.958 us
   # EP:  12/16 | cached dispatch: 12 GB/s (SO), 44 GB/s (SU), 138.796 us, 6117696 bytes | copy: 775 GB/s, 15.786 us
   # EP:  10/16 | cached dispatch: 13 GB/s (SO), 46 GB/s (SU), 138.667 us, 6312384 bytes | copy: 785 GB/s, 16.078 us   # EP:  13/16 | cached dispatch: 12 GB/s (SO), 41 GB/s (SU), 138.279 us, 5728320 bytes | copy: 895 GB/s, 12.796 us

   # EP:   9/16 | cached dispatch: 13 GB/s (SO), 42 GB/s (SU), 138.357 us, 5773248 bytes | copy: 705 GB/s, 16.384 us
   # EP:  11/16 | cached dispatch: 13 GB/s (SO), 41 GB/s (SU), 138.108 us, 5698368 bytes | copy: 777 GB/s, 14.659 us   # EP:  14/16 | cached dispatch: 12 GB/s (SO), 45 GB/s (SU), 138.226 us, 6162624 bytes | copy: 897 GB/s, 13.741 us

USDT:2026-10-08 06:26:32 493:493 SyncActivityProfilerHandler.cpp:52] profiler_startUSDT:2026-10-08 06:26:32 489:489 SyncActivityProfilerHandler.cpp:52] profiler_startUSDT:2026-10-08 06:26:32 490:490 SyncActivityProfilerHandler.cpp:52] profiler_start

USDT:2026-10-08 06:26:32 487:487 SyncActivityProfilerHandler.cpp:52] profiler_start

USDT:2026-10-08 06:26:32 488:488 SyncActivityProfilerHandler.cpp:52] profiler_startUSDT:2026-10-08 06:26:32 492:492 SyncActivityProfilerHandler.cpp:52] profiler_startUSDT:2026-10-08 06:26:32 491:491 SyncActivityProfilerHandler.cpp:52] profiler_start


USDT:2026-10-08 06:26:32 486:486 SyncActivityProfilerHandler.cpp:52] profiler_start
USDT:2026-10-08 06:26:32 486:486 SyncActivityProfilerHandler.cpp:59] profiler_stop
USDT:2026-10-08 06:26:32 493:493 SyncActivityProfilerHandler.cpp:59] profiler_stop
USDT:2026-10-08 06:26:32 489:489 SyncActivityProfilerHandler.cpp:59] profiler_stop
USDT:2026-10-08 06:26:32 490:490 SyncActivityProfilerHandler.cpp:59] profiler_stop
USDT:2026-10-08 06:26:32 491:491 SyncActivityProfilerHandler.cpp:59] profiler_stopUSDT:2026-10-08 06:26:32 487:487 SyncActivityProfilerHandler.cpp:59] profiler_stop

USDT:2026-10-08 06:26:32 492:492 SyncActivityProfilerHandler.cpp:59] profiler_stop
USDT:2026-10-08 06:26:32 488:488 SyncActivityProfilerHandler.cpp:59] profiler_stop
   @ EP:  15/16 | combine: 20 GB/s (SO), 72 GB/s (SU), 159.121 us, 11523136 bytes | reduce: 924 GB/s, 5.257 us
   @ EP:  11/16 | combine: 21 GB/s (SO), 70 GB/s (SU), 156.223 us, 10934048 bytes | reduce: 906 GB/s, 5.548 us
   @ EP:  12/16 | combine: 21 GB/s (SO), 74 GB/s (SU), 157.719 us, 11738656 bytes | reduce: 892 GB/s, 5.587 us
   @ EP:   8/16 | combine: 22 GB/s (SO), 70 GB/s (SU), 159.380 us, 11192672 bytes | reduce: 961 GB/s, 5.367 us
   @ EP:  14/16 | combine: 21 GB/s (SO), 75 GB/s (SU), 157.039 us, 11824864 bytes | reduce: 898 GB/s, 5.473 us
   @ EP:   9/16 | combine: 22 GB/s (SO), 71 GB/s (SU), 155.955 us, 11077728 bytes | reduce: 918 GB/s, 5.569 us
   @ EP:  13/16 | combine: 21 GB/s (SO), 69 GB/s (SU), 159.288 us, 10991520 bytes | reduce: 874 GB/s, 5.674 us
   @ EP:  10/16 | combine: 21 GB/s (SO), 77 GB/s (SU), 157.922 us, 12112224 bytes | reduce: 928 GB/s, 5.465 us
USDT:2026-10-08 06:26:33 493:493 SyncActivityProfilerHandler.cpp:52] profiler_startUSDT:2026-10-08 06:26:33 486:486 SyncActivityProfilerHandler.cpp:52] profiler_start
USDT:2026-10-08 06:26:33 489:489 SyncActivityProfilerHandler.cpp:52] profiler_start
USDT:2026-10-08 06:26:33 490:490 SyncActivityProfilerHandler.cpp:52] profiler_startUSDT:2026-10-08 06:26:33 488:488 SyncActivityProfilerHandler.cpp:52] profiler_startUSDT:2026-10-08 06:26:33 492:492 SyncActivityProfilerHandler.cpp:52] profiler_startUSDT:2026-10-08 06:26:33 487:487 SyncActivityProfilerHandler.cpp:52] profiler_start




USDT:2026-10-08 06:26:33 491:491 SyncActivityProfilerHandler.cpp:52] profiler_start
USDT:2026-10-08 06:26:33 488:488 SyncActivityProfilerHandler.cpp:59] profiler_stopUSDT:2026-10-08 06:26:33 486:486 SyncActivityProfilerHandler.cpp:59] profiler_stopUSDT:2026-10-08 06:26:33 493:493 SyncActivityProfilerHandler.cpp:59] profiler_stop


USDT:2026-10-08 06:26:33 489:489 SyncActivityProfilerHandler.cpp:59] profiler_stop
USDT:2026-10-08 06:26:33 487:487 SyncActivityProfilerHandler.cpp:59] profiler_stopUSDT:2026-10-08 06:26:33 492:492 SyncActivityProfilerHandler.cpp:59] profiler_stop

USDT:2026-10-08 06:26:33 490:490 SyncActivityProfilerHandler.cpp:59] profiler_stop
USDT:2026-10-08 06:26:33 491:491 SyncActivityProfilerHandler.cpp:59] profiler_stop
   + EP:  15/16 | reduced combine: 19 GB/s (SO), 68 GB/s (SU), 169.939 us, 11523136 bytes | reduce: 893 GB/s, 5.436 us
   + EP:  12/16 | reduced combine: 19 GB/s (SO), 69 GB/s (SU), 170.524 us, 11738656 bytes | reduce: 902 GB/s, 5.530 us   + EP:  10/16 | reduced combine: 20 GB/s (SO), 73 GB/s (SU), 166.813 us, 12112224 bytes | reduce: 924 GB/s, 5.491 us

   + EP:   8/16 | reduced combine: 20 GB/s (SO), 65 GB/s (SU), 171.586 us, 11192672 bytes | reduce: 941 GB/s, 5.484 us
   + EP:  11/16 | reduced combine: 20 GB/s (SO), 65 GB/s (SU), 168.358 us, 10934048 bytes | reduce: 914 GB/s, 5.499 us
   + EP:  13/16 | reduced combine: 19 GB/s (SO), 64 GB/s (SU), 172.895 us, 10991520 bytes | reduce: 901 GB/s, 5.501 us
   + EP:   9/16 | reduced combine: 20 GB/s (SO), 64 GB/s (SU), 172.514 us, 11077728 bytes | reduce: 924 GB/s, 5.536 us
   + EP:  14/16 | reduced combine: 19 GB/s (SO), 69 GB/s (SU), 171.081 us, 11824864 bytes | reduce: 883 GB/s, 5.562 us


