=== EP_NIC_NAME=rdmap101s0 (auto, 400 Gb/s) ===
=== NCCL_IB_HCA=rdmap (auto: non-EFA ibverbs device ibp198s0f0 present) ===
=== GIN: NCCL_GIN_TYPE=5 NCCL_SYM_GIN_KERNELS_ENABLE=0 ===
=== PREFER_OVERLAP=0 (--prefer-overlap-with-compute) ===
=== IMAGE=deepep-v2-efa-official:sm103-b90a617  DeepEP=b90a61714ac48713408d8c62b6912d66daabb9a0 ===
+ docker run --rm --init --gpus all --privileged --network=host --ipc=host --ulimit memlock=-1 --ulimit stack=67108864 --device=/dev/infiniband --device=/dev/gdrdrv -v /sys/class/infiniband:/sys/class/infiniband:ro -e MASTER_ADDR=172.31.9.47 -e MASTER_PORT=8605 -e WORLD_SIZE=2 -e RANK=0 -e NCCL_DEBUG=WARN -e EP_NIC_NAME=rdmap101s0 -e NCCL_IB_HCA=rdmap -e NCCL_GIN_TYPE=5 -e NCCL_SYM_GIN_KERNELS_ENABLE=0 -e PYTHONUNBUFFERED=1 -e PYTHONFAULTHANDLER=1 deepep-v2-efa-official:sm103-b90a617 bash -lc 'timeout -s ABRT --kill-after=60 1800     python3 -u /opt/DeepEP/tests/elastic/test_ep.py     --num-processes=8 --num-tokens=128     --hidden=7168 --num-topk=8 --num-experts=256     --num-sms=12 --allow-hybrid-mode=1     --prefer-overlap-with-compute=0 --test-first-only      '

==========
== CUDA ==
==========

CUDA Version 13.3.1

Container image Copyright (c) 2016-2023, NVIDIA CORPORATION & AFFILIATES. All rights reserved.

This container image and its contents are governed by the NVIDIA Deep Learning Container License.
By pulling and using the container, you accept the terms and conditions of this license:
https://developer.nvidia.com/ngc/nvidia-deep-learning-container-license

A copy of this license is made available in this container at /NGC-DL-CONTAINER-LICENSE for your convenience.

NCCL version 2.31.2+cuda13.3
DeepEP hybrid kernel selection: unordered
DeepEP hybrid kernel selection: unordered
DeepEP hybrid kernel selection: unordered
DeepEP hybrid kernel selection: unordered
DeepEP hybrid kernel selection: unordered
DeepEP hybrid kernel selection: unordered
DeepEP hybrid kernel selection: unordered
DeepEP hybrid kernel selection: unordered
DeepEP hybrid kernel selection: unordered
DeepEP hybrid kernel selection: unordered
DeepEP hybrid kernel selection: unordered
DeepEP hybrid kernel selection: unordered
DeepEP hybrid kernel selection: unordered
DeepEP hybrid kernel selection: unordered
DeepEP hybrid kernel selection: unordered
DeepEP hybrid kernel selection: unordered
Config:
 > Ranks: 2 x 8
 > Experts: 8/256
 > Tokens: 128 (max: 128), hidden: 7168
 > #SM: 12, #QPs: 11/11

Running all test cases:
 > Testing with do_handle_copy=1, expert_alignment=128, use_fp8_dispatch=1, num_bias=0, with_previous_event=0, async_with_compute_stream=0, allocate_on_comm_stream=0 ...
USDT:2026-10-08 07:18:02 490:490 SyncActivityProfilerHandler.cpp:52] profiler_startUSDT:2026-10-08 07:18:02 483:483 SyncActivityProfilerHandler.cpp:52] profiler_startUSDT:2026-10-08 07:18:02 487:487 SyncActivityProfilerHandler.cpp:52] profiler_startUSDT:2026-10-08 07:18:02 485:485 SyncActivityProfilerHandler.cpp:52] profiler_startUSDT:2026-10-08 07:18:02 484:484 SyncActivityProfilerHandler.cpp:52] profiler_startUSDT:2026-10-08 07:18:02 488:488 SyncActivityProfilerHandler.cpp:52] profiler_start



USDT:2026-10-08 07:18:02 489:489 SyncActivityProfilerHandler.cpp:52] profiler_start


USDT:2026-10-08 07:18:02 486:486 SyncActivityProfilerHandler.cpp:52] profiler_start
USDT:2026-10-08 07:18:02 487:487 SyncActivityProfilerHandler.cpp:59] profiler_stopUSDT:2026-10-08 07:18:02 483:483 SyncActivityProfilerHandler.cpp:59] profiler_stopUSDT:2026-10-08 07:18:02 488:488 SyncActivityProfilerHandler.cpp:59] profiler_stopUSDT:2026-10-08 07:18:02 485:485 SyncActivityProfilerHandler.cpp:59] profiler_stopUSDT:2026-10-08 07:18:02 489:489 SyncActivityProfilerHandler.cpp:59] profiler_stopUSDT:2026-10-08 07:18:02 484:484 SyncActivityProfilerHandler.cpp:59] profiler_stop


USDT:2026-10-08 07:18:02 490:490 SyncActivityProfilerHandler.cpp:59] profiler_stop



USDT:2026-10-08 07:18:02 486:486 SyncActivityProfilerHandler.cpp:59] profiler_stop
   * EP:   7/16 | dispatch: 14 GB/s (SO), 46 GB/s (SU), 128.203 us, 5937984 bytes | copy: 1878 GB/s, 6.324 us
   * EP:   0/16 | dispatch: 14 GB/s (SO), 44 GB/s (SU), 131.895 us, 5750784 bytes | copy: 880 GB/s, 13.071 us
   * EP:   1/16 | dispatch: 15 GB/s (SO), 44 GB/s (SU), 129.161 us, 5720832 bytes | copy: 814 GB/s, 14.052 us
   * EP:   2/16 | dispatch: 15 GB/s (SO), 45 GB/s (SU), 129.463 us, 5840640 bytes | copy: 879 GB/s, 13.291 us
   * EP:   5/16 | dispatch: 14 GB/s (SO), 43 GB/s (SU), 131.629 us, 5705856 bytes | copy: 786 GB/s, 14.511 us
   * EP:   6/16 | dispatch: 14 GB/s (SO), 46 GB/s (SU), 128.962 us, 5937984 bytes | copy: 1075 GB/s, 11.043 us
   * EP:   4/16 | dispatch: 14 GB/s (SO), 43 GB/s (SU), 131.289 us, 5623488 bytes | copy: 983 GB/s, 11.440 us
   * EP:   3/16 | dispatch: 14 GB/s (SO), 45 GB/s (SU), 131.083 us, 5855616 bytes | copy: 639 GB/s, 18.324 us
USDT:2026-10-08 07:18:03 486:486 SyncActivityProfilerHandler.cpp:52] profiler_startUSDT:2026-10-08 07:18:03 484:484 SyncActivityProfilerHandler.cpp:52] profiler_startUSDT:2026-10-08 07:18:03 485:485 SyncActivityProfilerHandler.cpp:52] profiler_start

USDT:2026-10-08 07:18:03 483:483 SyncActivityProfilerHandler.cpp:52] profiler_startUSDT:2026-10-08 07:18:03 489:489 SyncActivityProfilerHandler.cpp:52] profiler_start
USDT:2026-10-08 07:18:03 490:490 SyncActivityProfilerHandler.cpp:52] profiler_start

USDT:2026-10-08 07:18:03 487:487 SyncActivityProfilerHandler.cpp:52] profiler_start

USDT:2026-10-08 07:18:03 488:488 SyncActivityProfilerHandler.cpp:52] profiler_start
USDT:2026-10-08 07:18:03 483:483 SyncActivityProfilerHandler.cpp:59] profiler_stopUSDT:2026-10-08 07:18:03 489:489 SyncActivityProfilerHandler.cpp:59] profiler_stopUSDT:2026-10-08 07:18:03 485:485 SyncActivityProfilerHandler.cpp:59] profiler_stop

USDT:2026-10-08 07:18:03 486:486 SyncActivityProfilerHandler.cpp:59] profiler_stop

USDT:2026-10-08 07:18:03 490:490 SyncActivityProfilerHandler.cpp:59] profiler_stopUSDT:2026-10-08 07:18:03 484:484 SyncActivityProfilerHandler.cpp:59] profiler_stop

USDT:2026-10-08 07:18:03 487:487 SyncActivityProfilerHandler.cpp:59] profiler_stop
USDT:2026-10-08 07:18:03 488:488 SyncActivityProfilerHandler.cpp:59] profiler_stop
   - EP:   0/16 | expanded dispatch: 14 GB/s (SO), 43 GB/s (SU), 132.311 us, 5750784 bytes | copy: 1439 GB/s, 14.310 us
   - EP:   7/16 | expanded dispatch: 14 GB/s (SO), 46 GB/s (SU), 128.070 us, 5937984 bytes | copy: 2635 GB/s, 7.860 us
   - EP:   2/16 | expanded dispatch: 15 GB/s (SO), 45 GB/s (SU), 129.997 us, 5840640 bytes | copy: 1326 GB/s, 15.610 us
   - EP:   5/16 | expanded dispatch: 14 GB/s (SO), 43 GB/s (SU), 131.979 us, 5705856 bytes | copy: 1186 GB/s, 17.315 us
   - EP:   4/16 | expanded dispatch: 14 GB/s (SO), 43 GB/s (SU), 131.814 us, 5623488 bytes | copy: 1620 GB/s, 12.625 us
   - EP:   1/16 | expanded dispatch: 15 GB/s (SO), 44 GB/s (SU), 129.650 us, 5720832 bytes | copy: 1220 GB/s, 16.818 us
   - EP:   6/16 | expanded dispatch: 14 GB/s (SO), 46 GB/s (SU), 129.468 us, 5937984 bytes | copy: 1486 GB/s, 14.023 us
   - EP:   3/16 | expanded dispatch: 14 GB/s (SO), 44 GB/s (SU), 131.835 us, 5855616 bytes | copy: 933 GB/s, 22.150 us
USDT:2026-10-08 07:18:03 485:485 SyncActivityProfilerHandler.cpp:52] profiler_startUSDT:2026-10-08 07:18:03 486:486 SyncActivityProfilerHandler.cpp:52] profiler_startUSDT:2026-10-08 07:18:03 489:489 SyncActivityProfilerHandler.cpp:52] profiler_startUSDT:2026-10-08 07:18:03 487:487 SyncActivityProfilerHandler.cpp:52] profiler_start
USDT:2026-10-08 07:18:03 484:484 SyncActivityProfilerHandler.cpp:52] profiler_startUSDT:2026-10-08 07:18:03 488:488 SyncActivityProfilerHandler.cpp:52] profiler_start
USDT:2026-10-08 07:18:03 483:483 SyncActivityProfilerHandler.cpp:52] profiler_start




USDT:2026-10-08 07:18:03 490:490 SyncActivityProfilerHandler.cpp:52] profiler_start
USDT:2026-10-08 07:18:04 486:486 SyncActivityProfilerHandler.cpp:59] profiler_stop
USDT:2026-10-08 07:18:04 483:483 SyncActivityProfilerHandler.cpp:59] profiler_stop
USDT:2026-10-08 07:18:04 488:488 SyncActivityProfilerHandler.cpp:59] profiler_stop
USDT:2026-10-08 07:18:04 484:484 SyncActivityProfilerHandler.cpp:59] profiler_stopUSDT:2026-10-08 07:18:04 487:487 SyncActivityProfilerHandler.cpp:59] profiler_stop

USDT:2026-10-08 07:18:04 489:489 SyncActivityProfilerHandler.cpp:59] profiler_stopUSDT:2026-10-08 07:18:04 485:485 SyncActivityProfilerHandler.cpp:59] profiler_stop
USDT:2026-10-08 07:18:04 490:490 SyncActivityProfilerHandler.cpp:59] profiler_stop

   # EP:   1/16 | cached dispatch: 16 GB/s (SO), 48 GB/s (SU), 119.091 us, 5720832 bytes | copy: 446 GB/s, 25.636 us
   # EP:   3/16 | cached dispatch: 15 GB/s (SO), 48 GB/s (SU), 121.662 us, 5855616 bytes | copy: 537 GB/s, 21.794 us
   # EP:   0/16 | cached dispatch: 16 GB/s (SO), 48 GB/s (SU), 120.809 us, 5750784 bytes | copy: 927 GB/s, 12.402 us
   # EP:   4/16 | cached dispatch: 15 GB/s (SO), 46 GB/s (SU), 121.514 us, 5623488 bytes | copy: 883 GB/s, 12.732 us
   # EP:   5/16 | cached dispatch: 15 GB/s (SO), 47 GB/s (SU), 121.854 us, 5705856 bytes | copy: 881 GB/s, 12.957 us
   # EP:   2/16 | cached dispatch: 16 GB/s (SO), 49 GB/s (SU), 119.420 us, 5840640 bytes | copy: 976 GB/s, 11.969 us
   # EP:   7/16 | cached dispatch: 15 GB/s (SO), 49 GB/s (SU), 121.184 us, 5937984 bytes | copy: 1086 GB/s, 10.935 us
   # EP:   6/16 | cached dispatch: 15 GB/s (SO), 50 GB/s (SU), 118.788 us, 5937984 bytes | copy: 1084 GB/s, 10.952 us
USDT:2026-10-08 07:18:04 486:486 SyncActivityProfilerHandler.cpp:52] profiler_startUSDT:2026-10-08 07:18:04 484:484 SyncActivityProfilerHandler.cpp:52] profiler_start

USDT:2026-10-08 07:18:04 488:488 SyncActivityProfilerHandler.cpp:52] profiler_startUSDT:2026-10-08 07:18:04 489:489 SyncActivityProfilerHandler.cpp:52] profiler_start
USDT:2026-10-08 07:18:04 483:483 SyncActivityProfilerHandler.cpp:52] profiler_start
USDT:2026-10-08 07:18:04 485:485 SyncActivityProfilerHandler.cpp:52] profiler_startUSDT:2026-10-08 07:18:04 487:487 SyncActivityProfilerHandler.cpp:52] profiler_start


USDT:2026-10-08 07:18:04 490:490 SyncActivityProfilerHandler.cpp:52] profiler_start
USDT:2026-10-08 07:18:04 486:486 SyncActivityProfilerHandler.cpp:59] profiler_stop
USDT:2026-10-08 07:18:04 484:484 SyncActivityProfilerHandler.cpp:59] profiler_stop
USDT:2026-10-08 07:18:04 488:488 SyncActivityProfilerHandler.cpp:59] profiler_stop
USDT:2026-10-08 07:18:04 485:485 SyncActivityProfilerHandler.cpp:59] profiler_stopUSDT:2026-10-08 07:18:04 489:489 SyncActivityProfilerHandler.cpp:59] profiler_stop

USDT:2026-10-08 07:18:04 487:487 SyncActivityProfilerHandler.cpp:59] profiler_stop
USDT:2026-10-08 07:18:04 483:483 SyncActivityProfilerHandler.cpp:59] profiler_stop
USDT:2026-10-08 07:18:04 490:490 SyncActivityProfilerHandler.cpp:59] profiler_stop
   @ EP:   3/16 | combine: 23 GB/s (SO), 72 GB/s (SU), 156.502 us, 11235776 bytes | reduce: 994 GB/s, 5.418 us   @ EP:   1/16 | combine: 23 GB/s (SO), 69 GB/s (SU), 158.387 us, 10977152 bytes | reduce: 1033 GB/s, 5.299 us

   @ EP:   5/16 | combine: 21 GB/s (SO), 66 GB/s (SU), 164.680 us, 10948416 bytes | reduce: 964 GB/s, 5.486 us
   @ EP:   2/16 | combine: 21 GB/s (SO), 66 GB/s (SU), 168.741 us, 11207040 bytes | reduce: 981 GB/s, 5.534 us
   @ EP:   4/16 | combine: 21 GB/s (SO), 64 GB/s (SU), 167.651 us, 10790368 bytes | reduce: 982 GB/s, 5.416 us
   @ EP:   7/16 | combine: 20 GB/s (SO), 66 GB/s (SU), 171.835 us, 11393824 bytes | reduce: 965 GB/s, 5.407 us
   @ EP:   6/16 | combine: 21 GB/s (SO), 69 GB/s (SU), 165.979 us, 11393824 bytes | reduce: 983 GB/s, 5.307 us
   @ EP:   0/16 | combine: 21 GB/s (SO), 64 GB/s (SU), 171.983 us, 11034624 bytes | reduce: 988 GB/s, 5.570 us
USDT:2026-10-08 07:18:05 484:484 SyncActivityProfilerHandler.cpp:52] profiler_startUSDT:2026-10-08 07:18:05 486:486 SyncActivityProfilerHandler.cpp:52] profiler_startUSDT:2026-10-08 07:18:05 488:488 SyncActivityProfilerHandler.cpp:52] profiler_start


USDT:2026-10-08 07:18:05 489:489 SyncActivityProfilerHandler.cpp:52] profiler_startUSDT:2026-10-08 07:18:05 485:485 SyncActivityProfilerHandler.cpp:52] profiler_start
USDT:2026-10-08 07:18:05 487:487 SyncActivityProfilerHandler.cpp:52] profiler_start

USDT:2026-10-08 07:18:05 483:483 SyncActivityProfilerHandler.cpp:52] profiler_start
USDT:2026-10-08 07:18:05 490:490 SyncActivityProfilerHandler.cpp:52] profiler_start
USDT:2026-10-08 07:18:05 488:488 SyncActivityProfilerHandler.cpp:59] profiler_stop
USDT:2026-10-08 07:18:05 484:484 SyncActivityProfilerHandler.cpp:59] profiler_stopUSDT:2026-10-08 07:18:05 486:486 SyncActivityProfilerHandler.cpp:59] profiler_stop

USDT:2026-10-08 07:18:05 483:483 SyncActivityProfilerHandler.cpp:59] profiler_stopUSDT:2026-10-08 07:18:05 485:485 SyncActivityProfilerHandler.cpp:59] profiler_stop
USDT:2026-10-08 07:18:05 487:487 SyncActivityProfilerHandler.cpp:59] profiler_stopUSDT:2026-10-08 07:18:05 489:489 SyncActivityProfilerHandler.cpp:59] profiler_stop


USDT:2026-10-08 07:18:05 490:490 SyncActivityProfilerHandler.cpp:59] profiler_stop
   + EP:   1/16 | reduced combine: 21 GB/s (SO), 62 GB/s (SU), 177.846 us, 10977152 bytes | reduce: 1011 GB/s, 5.417 us
   + EP:   5/16 | reduced combine: 20 GB/s (SO), 62 GB/s (SU), 177.474 us, 10948416 bytes | reduce: 983 GB/s, 5.379 us
   + EP:   3/16 | reduced combine: 20 GB/s (SO), 63 GB/s (SU), 177.612 us, 11235776 bytes | reduce: 993 GB/s, 5.428 us
   + EP:   2/16 | reduced combine: 19 GB/s (SO), 60 GB/s (SU), 185.758 us, 11207040 bytes | reduce: 1006 GB/s, 5.400 us
   + EP:   7/16 | reduced combine: 18 GB/s (SO), 60 GB/s (SU), 190.879 us, 11393824 bytes | reduce: 963 GB/s, 5.416 us   + EP:   4/16 | reduced combine: 19 GB/s (SO), 59 GB/s (SU), 183.697 us, 10790368 bytes | reduce: 980 GB/s, 5.426 us

   + EP:   6/16 | reduced combine: 19 GB/s (SO), 62 GB/s (SU), 184.902 us, 11393824 bytes | reduce: 992 GB/s, 5.259 us
   + EP:   0/16 | reduced combine: 19 GB/s (SO), 57 GB/s (SU), 191.919 us, 11034624 bytes | reduce: 1024 GB/s, 5.373 us


