=== EP_NIC_NAME=rdmap101s0 (auto, 400 Gb/s) ===
=== NCCL_IB_HCA=rdmap (auto: non-EFA ibverbs device ibp198s0f0 present) ===
=== GIN: NCCL_GIN_TYPE=5 NCCL_SYM_GIN_KERNELS_ENABLE=0 ===
=== PREFER_OVERLAP=0 (--prefer-overlap-with-compute) ===
=== IMAGE=deepep-v2-efa-official:sm103-8d45880  DeepEP=8d45880adc39c1479fa63ef3d764a9f9ce14f95e ===
+ docker run --rm --init --gpus all --privileged --network=host --ipc=host --ulimit memlock=-1 --ulimit stack=67108864 --device=/dev/infiniband --device=/dev/gdrdrv -v /sys/class/infiniband:/sys/class/infiniband:ro -e MASTER_ADDR=172.31.9.47 -e MASTER_PORT=8602 -e WORLD_SIZE=2 -e RANK=0 -e NCCL_DEBUG=WARN -e EP_NIC_NAME=rdmap101s0 -e NCCL_IB_HCA=rdmap -e NCCL_GIN_TYPE=5 -e NCCL_SYM_GIN_KERNELS_ENABLE=0 -e PYTHONUNBUFFERED=1 -e PYTHONFAULTHANDLER=1 deepep-v2-efa-official:sm103-8d45880 bash -lc 'timeout -s ABRT --kill-after=60 1800     python3 -u /opt/DeepEP/tests/elastic/test_ep.py     --num-processes=8 --num-tokens=8192     --hidden=7168 --num-topk=8 --num-experts=256     --num-sms=12 --allow-hybrid-mode=1     --prefer-overlap-with-compute=0 --test-first-only      '

==========
== CUDA ==
==========

CUDA Version 13.3.1

Container image Copyright (c) 2016-2023, NVIDIA CORPORATION & AFFILIATES. All rights reserved.

This container image and its contents are governed by the NVIDIA Deep Learning Container License.
By pulling and using the container, you accept the terms and conditions of this license:
https://developer.nvidia.com/ngc/nvidia-deep-learning-container-license

A copy of this license is made available in this container at /NGC-DL-CONTAINER-LICENSE for your convenience.

NCCL version 2.31.2+cuda13.3
DeepEP hybrid kernel selection: unordered
DeepEP hybrid kernel selection: unordered
DeepEP hybrid kernel selection: unordered
DeepEP hybrid kernel selection: unordered
DeepEP hybrid kernel selection: unordered
DeepEP hybrid kernel selection: unordered
DeepEP hybrid kernel selection: unordered
DeepEP hybrid kernel selection: unordered
DeepEP hybrid kernel selection: unordered
DeepEP hybrid kernel selection: unordered
DeepEP hybrid kernel selection: unordered
DeepEP hybrid kernel selection: unordered
DeepEP hybrid kernel selection: unordered
DeepEP hybrid kernel selection: unordered
DeepEP hybrid kernel selection: unordered
DeepEP hybrid kernel selection: unordered
Config:
 > Ranks: 2 x 8
 > Experts: 8/256
 > Tokens: 8192 (max: 8192), hidden: 7168
 > #SM: 12, #QPs: 11/11

Running all test cases:
 > Testing with do_handle_copy=1, expert_alignment=128, use_fp8_dispatch=1, num_bias=0, with_previous_event=0, async_with_compute_stream=0, allocate_on_comm_stream=0 ...
USDT:2026-10-08 07:09:22 492:492 SyncActivityProfilerHandler.cpp:52] profiler_startUSDT:2026-10-08 07:09:22 498:498 SyncActivityProfilerHandler.cpp:52] profiler_startUSDT:2026-10-08 07:09:22 496:496 SyncActivityProfilerHandler.cpp:52] profiler_startUSDT:2026-10-08 07:09:22 495:495 SyncActivityProfilerHandler.cpp:52] profiler_startUSDT:2026-10-08 07:09:22 493:493 SyncActivityProfilerHandler.cpp:52] profiler_startUSDT:2026-10-08 07:09:22 497:497 SyncActivityProfilerHandler.cpp:52] profiler_start





USDT:2026-10-08 07:09:22 491:491 SyncActivityProfilerHandler.cpp:52] profiler_start
USDT:2026-10-08 07:09:22 494:494 SyncActivityProfilerHandler.cpp:52] profiler_start
USDT:2026-10-08 07:09:22 496:496 SyncActivityProfilerHandler.cpp:59] profiler_stopUSDT:2026-10-08 07:09:22 498:498 SyncActivityProfilerHandler.cpp:59] profiler_stop
USDT:2026-10-08 07:09:22 492:492 SyncActivityProfilerHandler.cpp:59] profiler_stop
USDT:2026-10-08 07:09:22 497:497 SyncActivityProfilerHandler.cpp:59] profiler_stopUSDT:2026-10-08 07:09:22 491:491 SyncActivityProfilerHandler.cpp:59] profiler_stopUSDT:2026-10-08 07:09:22 494:494 SyncActivityProfilerHandler.cpp:59] profiler_stopUSDT:2026-10-08 07:09:22 493:493 SyncActivityProfilerHandler.cpp:59] profiler_stop




USDT:2026-10-08 07:09:22 495:495 SyncActivityProfilerHandler.cpp:59] profiler_stop
   * EP:   5/16 | dispatch: 115 GB/s (SO), 378 GB/s (SU), 1062.000 us, 401401728 bytes | copy: 4520 GB/s, 177.610 us
   * EP:   7/16 | dispatch: 115 GB/s (SO), 377 GB/s (SU), 1062.000 us, 399904128 bytes | copy: 5237 GB/s, 152.709 us
   * EP:   1/16 | dispatch: 115 GB/s (SO), 378 GB/s (SU), 1060.000 us, 400158720 bytes | copy: 3323 GB/s, 240.824 us
   * EP:   2/16 | dispatch: 115 GB/s (SO), 377 GB/s (SU), 1060.000 us, 399746880 bytes | copy: 3332 GB/s, 239.937 us
   * EP:   0/16 | dispatch: 115 GB/s (SO), 373 GB/s (SU), 1061.000 us, 396212544 bytes | copy: 5372 GB/s, 147.511 us
   * EP:   6/16 | dispatch: 115 GB/s (SO), 375 GB/s (SU), 1060.000 us, 397433088 bytes | copy: 3390 GB/s, 234.465 us
   * EP:   3/16 | dispatch: 115 GB/s (SO), 378 GB/s (SU), 1062.000 us, 400982400 bytes | copy: 4215 GB/s, 190.268 us
   * EP:   4/16 | dispatch: 115 GB/s (SO), 378 GB/s (SU), 1061.000 us, 400593024 bytes | copy: 5437 GB/s, 147.346 us
USDT:2026-10-08 07:09:23 496:496 SyncActivityProfilerHandler.cpp:52] profiler_startUSDT:2026-10-08 07:09:23 497:497 SyncActivityProfilerHandler.cpp:52] profiler_startUSDT:2026-10-08 07:09:23 495:495 SyncActivityProfilerHandler.cpp:52] profiler_startUSDT:2026-10-08 07:09:23 491:491 SyncActivityProfilerHandler.cpp:52] profiler_startUSDT:2026-10-08 07:09:23 492:492 SyncActivityProfilerHandler.cpp:52] profiler_start
USDT:2026-10-08 07:09:23 493:493 SyncActivityProfilerHandler.cpp:52] profiler_start
USDT:2026-10-08 07:09:23 498:498 SyncActivityProfilerHandler.cpp:52] profiler_start

USDT:2026-10-08 07:09:23 494:494 SyncActivityProfilerHandler.cpp:52] profiler_start



USDT:2026-10-08 07:09:23 491:491 SyncActivityProfilerHandler.cpp:59] profiler_stopUSDT:2026-10-08 07:09:23 493:493 SyncActivityProfilerHandler.cpp:59] profiler_stopUSDT:2026-10-08 07:09:23 492:492 SyncActivityProfilerHandler.cpp:59] profiler_stop

USDT:2026-10-08 07:09:23 495:495 SyncActivityProfilerHandler.cpp:59] profiler_stopUSDT:2026-10-08 07:09:23 496:496 SyncActivityProfilerHandler.cpp:59] profiler_stop
USDT:2026-10-08 07:09:23 497:497 SyncActivityProfilerHandler.cpp:59] profiler_stopUSDT:2026-10-08 07:09:23 498:498 SyncActivityProfilerHandler.cpp:59] profiler_stop



USDT:2026-10-08 07:09:23 494:494 SyncActivityProfilerHandler.cpp:59] profiler_stop
   - EP:   1/16 | expanded dispatch: 115 GB/s (SO), 378 GB/s (SU), 1059.000 us, 400158720 bytes | copy: 3328 GB/s, 270.216 us
   - EP:   4/16 | expanded dispatch: 115 GB/s (SO), 378 GB/s (SU), 1061.000 us, 400593024 bytes | copy: 4996 GB/s, 180.169 us
   - EP:   5/16 | expanded dispatch: 115 GB/s (SO), 378 GB/s (SU), 1061.000 us, 401401728 bytes | copy: 4308 GB/s, 209.375 us
   - EP:   0/16 | expanded dispatch: 115 GB/s (SO), 374 GB/s (SU), 1059.000 us, 396212544 bytes | copy: 4792 GB/s, 185.539 us
   - EP:   3/16 | expanded dispatch: 115 GB/s (SO), 378 GB/s (SU), 1061.000 us, 400982400 bytes | copy: 4038 GB/s, 223.706 us
   - EP:   6/16 | expanded dispatch: 115 GB/s (SO), 375 GB/s (SU), 1059.000 us, 397433088 bytes | copy: 3315 GB/s, 269.965 us
   - EP:   7/16 | expanded dispatch: 115 GB/s (SO), 377 GB/s (SU), 1061.000 us, 399904128 bytes | copy: 4797 GB/s, 187.422 us
   - EP:   2/16 | expanded dispatch: 115 GB/s (SO), 377 GB/s (SU), 1059.000 us, 399746880 bytes | copy: 3279 GB/s, 274.205 us
USDT:2026-10-08 07:09:23 497:497 SyncActivityProfilerHandler.cpp:52] profiler_startUSDT:2026-10-08 07:09:23 493:493 SyncActivityProfilerHandler.cpp:52] profiler_startUSDT:2026-10-08 07:09:23 492:492 SyncActivityProfilerHandler.cpp:52] profiler_startUSDT:2026-10-08 07:09:23 491:491 SyncActivityProfilerHandler.cpp:52] profiler_start

USDT:2026-10-08 07:09:23 495:495 SyncActivityProfilerHandler.cpp:52] profiler_start
USDT:2026-10-08 07:09:23 496:496 SyncActivityProfilerHandler.cpp:52] profiler_startUSDT:2026-10-08 07:09:23 498:498 SyncActivityProfilerHandler.cpp:52] profiler_start



USDT:2026-10-08 07:09:23 494:494 SyncActivityProfilerHandler.cpp:52] profiler_start
USDT:2026-10-08 07:09:24 491:491 SyncActivityProfilerHandler.cpp:59] profiler_stopUSDT:2026-10-08 07:09:24 498:498 SyncActivityProfilerHandler.cpp:59] profiler_stopUSDT:2026-10-08 07:09:24 495:495 SyncActivityProfilerHandler.cpp:59] profiler_stop


USDT:2026-10-08 07:09:24 497:497 SyncActivityProfilerHandler.cpp:59] profiler_stop
USDT:2026-10-08 07:09:24 492:492 SyncActivityProfilerHandler.cpp:59] profiler_stop
USDT:2026-10-08 07:09:24 493:493 SyncActivityProfilerHandler.cpp:59] profiler_stopUSDT:2026-10-08 07:09:24 496:496 SyncActivityProfilerHandler.cpp:59] profiler_stop

USDT:2026-10-08 07:09:24 494:494 SyncActivityProfilerHandler.cpp:59] profiler_stop
   # EP:   1/16 | cached dispatch: 117 GB/s (SO), 382 GB/s (SU), 1047.000 us, 400158720 bytes | copy: 3499 GB/s, 228.703 us
   # EP:   4/16 | cached dispatch: 117 GB/s (SO), 382 GB/s (SU), 1049.000 us, 400593024 bytes | copy: 5460 GB/s, 146.740 us
   # EP:   7/16 | cached dispatch: 117 GB/s (SO), 381 GB/s (SU), 1049.000 us, 399904128 bytes | copy: 5555 GB/s, 143.989 us
   # EP:   5/16 | cached dispatch: 116 GB/s (SO), 383 GB/s (SU), 1049.000 us, 401401728 bytes | copy: 4700 GB/s, 170.807 us
   # EP:   6/16 | cached dispatch: 117 GB/s (SO), 380 GB/s (SU), 1047.000 us, 397433088 bytes | copy: 3459 GB/s, 229.804 us
   # EP:   2/16 | cached dispatch: 117 GB/s (SO), 382 GB/s (SU), 1047.000 us, 399746880 bytes | copy: 3478 GB/s, 229.897 us
   # EP:   3/16 | cached dispatch: 117 GB/s (SO), 382 GB/s (SU), 1049.000 us, 400982400 bytes | copy: 4652 GB/s, 172.399 us
   # EP:   0/16 | cached dispatch: 117 GB/s (SO), 378 GB/s (SU), 1048.000 us, 396212544 bytes | copy: 5554 GB/s, 142.666 us
USDT:2026-10-08 07:09:24 492:492 SyncActivityProfilerHandler.cpp:52] profiler_start
USDT:2026-10-08 07:09:24 494:494 SyncActivityProfilerHandler.cpp:52] profiler_start
USDT:2026-10-08 07:09:24 493:493 SyncActivityProfilerHandler.cpp:52] profiler_start
USDT:2026-10-08 07:09:24 496:496 SyncActivityProfilerHandler.cpp:52] profiler_start
USDT:2026-10-08 07:09:24 495:495 SyncActivityProfilerHandler.cpp:52] profiler_start
USDT:2026-10-08 07:09:24 491:491 SyncActivityProfilerHandler.cpp:52] profiler_start
USDT:2026-10-08 07:09:24 498:498 SyncActivityProfilerHandler.cpp:52] profiler_start
USDT:2026-10-08 07:09:24 497:497 SyncActivityProfilerHandler.cpp:52] profiler_start
USDT:2026-10-08 07:09:25 492:492 SyncActivityProfilerHandler.cpp:59] profiler_stop
USDT:2026-10-08 07:09:25 494:494 SyncActivityProfilerHandler.cpp:59] profiler_stop
USDT:2026-10-08 07:09:25 493:493 SyncActivityProfilerHandler.cpp:59] profiler_stop
USDT:2026-10-08 07:09:25 496:496 SyncActivityProfilerHandler.cpp:59] profiler_stop
USDT:2026-10-08 07:09:25 497:497 SyncActivityProfilerHandler.cpp:59] profiler_stop
USDT:2026-10-08 07:09:25 495:495 SyncActivityProfilerHandler.cpp:59] profiler_stop
USDT:2026-10-08 07:09:25 491:491 SyncActivityProfilerHandler.cpp:59] profiler_stop
USDT:2026-10-08 07:09:25 498:498 SyncActivityProfilerHandler.cpp:59] profiler_stop
   @ EP:   1/16 | combine: 82 GB/s (SO), 269 GB/s (SU), 2852.000 us, 767825920 bytes | reduce: 5313 GB/s, 66.309 us
   @ EP:   3/16 | combine: 76 GB/s (SO), 248 GB/s (SU), 3106.000 us, 769406400 bytes | reduce: 5257 GB/s, 67.029 us
   @ EP:   2/16 | combine: 74 GB/s (SO), 242 GB/s (SU), 3169.000 us, 767035680 bytes | reduce: 5298 GB/s, 66.496 us
   @ EP:   5/16 | combine: 73 GB/s (SO), 238 GB/s (SU), 3232.000 us, 770211008 bytes | reduce: 5280 GB/s, 66.683 us
   @ EP:   6/16 | combine: 72 GB/s (SO), 234 GB/s (SU), 3263.000 us, 762595968 bytes | reduce: 5348 GB/s, 65.803 us
   @ EP:   4/16 | combine: 71 GB/s (SO), 232 GB/s (SU), 3311.000 us, 768659264 bytes | reduce: 5286 GB/s, 66.631 us
   @ EP:   0/16 | combine: 71 GB/s (SO), 229 GB/s (SU), 3327.000 us, 760253984 bytes | reduce: 5291 GB/s, 66.602 us
   @ EP:   7/16 | combine: 70 GB/s (SO), 229 GB/s (SU), 3355.000 us, 767337408 bytes | reduce: 5289 GB/s, 66.588 us
USDT:2026-10-08 07:09:25 492:492 SyncActivityProfilerHandler.cpp:52] profiler_start
USDT:2026-10-08 07:09:25 494:494 SyncActivityProfilerHandler.cpp:52] profiler_start
USDT:2026-10-08 07:09:25 493:493 SyncActivityProfilerHandler.cpp:52] profiler_start
USDT:2026-10-08 07:09:25 497:497 SyncActivityProfilerHandler.cpp:52] profiler_start
USDT:2026-10-08 07:09:25 496:496 SyncActivityProfilerHandler.cpp:52] profiler_start
USDT:2026-10-08 07:09:25 495:495 SyncActivityProfilerHandler.cpp:52] profiler_start
USDT:2026-10-08 07:09:25 498:498 SyncActivityProfilerHandler.cpp:52] profiler_start
USDT:2026-10-08 07:09:25 491:491 SyncActivityProfilerHandler.cpp:52] profiler_start
USDT:2026-10-08 07:09:26 492:492 SyncActivityProfilerHandler.cpp:59] profiler_stopUSDT:2026-10-08 07:09:26 494:494 SyncActivityProfilerHandler.cpp:59] profiler_stop

USDT:2026-10-08 07:09:26 493:493 SyncActivityProfilerHandler.cpp:59] profiler_stop
USDT:2026-10-08 07:09:26 496:496 SyncActivityProfilerHandler.cpp:59] profiler_stop
USDT:2026-10-08 07:09:26 495:495 SyncActivityProfilerHandler.cpp:59] profiler_stopUSDT:2026-10-08 07:09:26 497:497 SyncActivityProfilerHandler.cpp:59] profiler_stop

USDT:2026-10-08 07:09:26 498:498 SyncActivityProfilerHandler.cpp:59] profiler_stop
USDT:2026-10-08 07:09:26 491:491 SyncActivityProfilerHandler.cpp:59] profiler_stop
   + EP:   5/16 | reduced combine: 59 GB/s (SO), 195 GB/s (SU), 3951.000 us, 770211008 bytes | reduce: 5307 GB/s, 66.338 us
   + EP:   1/16 | reduced combine: 62 GB/s (SO), 202 GB/s (SU), 3793.000 us, 767825920 bytes | reduce: 5328 GB/s, 66.120 us
   + EP:   2/16 | reduced combine: 61 GB/s (SO), 200 GB/s (SU), 3840.000 us, 767035680 bytes | reduce: 5283 GB/s, 66.690 us
   + EP:   3/16 | reduced combine: 62 GB/s (SO), 204 GB/s (SU), 3764.000 us, 769406400 bytes | reduce: 5310 GB/s, 66.359 us
   + EP:   7/16 | reduced combine: 58 GB/s (SO), 191 GB/s (SU), 4013.000 us, 767337408 bytes | reduce: 5310 GB/s, 66.323 us   + EP:   0/16 | reduced combine: 58 GB/s (SO), 189 GB/s (SU), 4027.000 us, 760253984 bytes | reduce: 5299 GB/s, 66.501 us

   + EP:   4/16 | reduced combine: 59 GB/s (SO), 193 GB/s (SU), 3975.000 us, 768659264 bytes | reduce: 5303 GB/s, 66.415 us
   + EP:   6/16 | reduced combine: 59 GB/s (SO), 193 GB/s (SU), 3945.000 us, 762595968 bytes | reduce: 5313 GB/s, 66.237 us


