=== EP_NIC_NAME=rdmap101s0 (auto, 400 Gb/s) ===
=== NCCL_IB_HCA=rdmap (auto: non-EFA ibverbs device ibp198s0f0 present) ===
=== GIN: NCCL_GIN_TYPE=5 NCCL_SYM_GIN_KERNELS_ENABLE=0 ===
=== PREFER_OVERLAP=0 (--prefer-overlap-with-compute) ===
=== IMAGE=deepep-v2-efa-official:sm103-8d45880  DeepEP=8d45880adc39c1479fa63ef3d764a9f9ce14f95e ===
+ docker run --rm --init --gpus all --privileged --network=host --ipc=host --ulimit memlock=-1 --ulimit stack=67108864 --device=/dev/infiniband --device=/dev/gdrdrv -v /sys/class/infiniband:/sys/class/infiniband:ro -e MASTER_ADDR=172.31.9.47 -e MASTER_PORT=8622 -e WORLD_SIZE=2 -e RANK=1 -e NCCL_DEBUG=WARN -e EP_NIC_NAME=rdmap101s0 -e NCCL_IB_HCA=rdmap -e NCCL_GIN_TYPE=5 -e NCCL_SYM_GIN_KERNELS_ENABLE=0 -e PYTHONUNBUFFERED=1 -e PYTHONFAULTHANDLER=1 deepep-v2-efa-official:sm103-8d45880 bash -lc 'timeout -s ABRT --kill-after=60 1800     python3 -u /opt/DeepEP/tests/elastic/test_ep.py     --num-processes=8 --num-tokens=128     --hidden=7168 --num-topk=8 --num-experts=256     --num-sms=12 --allow-hybrid-mode=1     --prefer-overlap-with-compute=0 --test-first-only      '

==========
== CUDA ==
==========

CUDA Version 13.3.1

Container image Copyright (c) 2016-2023, NVIDIA CORPORATION & AFFILIATES. All rights reserved.

This container image and its contents are governed by the NVIDIA Deep Learning Container License.
By pulling and using the container, you accept the terms and conditions of this license:
https://developer.nvidia.com/ngc/nvidia-deep-learning-container-license

A copy of this license is made available in this container at /NGC-DL-CONTAINER-LICENSE for your convenience.

DeepEP hybrid kernel selection: unordered
DeepEP hybrid kernel selection: unordered
DeepEP hybrid kernel selection: unordered
DeepEP hybrid kernel selection: unordered
DeepEP hybrid kernel selection: unordered
DeepEP hybrid kernel selection: unordered
DeepEP hybrid kernel selection: unordered
DeepEP hybrid kernel selection: unordered
DeepEP hybrid kernel selection: unordered
DeepEP hybrid kernel selection: unordered
DeepEP hybrid kernel selection: unordered
DeepEP hybrid kernel selection: unordered
DeepEP hybrid kernel selection: unordered
DeepEP hybrid kernel selection: unordered
DeepEP hybrid kernel selection: unordered
DeepEP hybrid kernel selection: unordered
Config:
 > Ranks: 2 x 8
 > Experts: 8/256
 > Tokens: 120 (max: 128), hidden: 7168
 > #SM: 12, #QPs: 11/11

Running all test cases:
 > Testing with do_handle_copy=1, expert_alignment=128, use_fp8_dispatch=1, num_bias=0, with_previous_event=0, async_with_compute_stream=0, allocate_on_comm_stream=0 ...
USDT:2026-10-08 08:07:05 487:487 SyncActivityProfilerHandler.cpp:52] profiler_startUSDT:2026-10-08 08:07:05 486:486 SyncActivityProfilerHandler.cpp:52] profiler_startUSDT:2026-10-08 08:07:05 492:492 SyncActivityProfilerHandler.cpp:52] profiler_startUSDT:2026-10-08 08:07:05 488:488 SyncActivityProfilerHandler.cpp:52] profiler_start



USDT:2026-10-08 08:07:05 490:490 SyncActivityProfilerHandler.cpp:52] profiler_startUSDT:2026-10-08 08:07:05 489:489 SyncActivityProfilerHandler.cpp:52] profiler_startUSDT:2026-10-08 08:07:05 491:491 SyncActivityProfilerHandler.cpp:52] profiler_startUSDT:2026-10-08 08:07:05 485:485 SyncActivityProfilerHandler.cpp:52] profiler_start



USDT:2026-10-08 08:07:05 490:490 SyncActivityProfilerHandler.cpp:59] profiler_stopUSDT:2026-10-08 08:07:05 491:491 SyncActivityProfilerHandler.cpp:59] profiler_stopUSDT:2026-10-08 08:07:05 485:485 SyncActivityProfilerHandler.cpp:59] profiler_stopUSDT:2026-10-08 08:07:05 487:487 SyncActivityProfilerHandler.cpp:59] profiler_stop


USDT:2026-10-08 08:07:05 486:486 SyncActivityProfilerHandler.cpp:59] profiler_stopUSDT:2026-10-08 08:07:05 492:492 SyncActivityProfilerHandler.cpp:59] profiler_stop
USDT:2026-10-08 08:07:05 488:488 SyncActivityProfilerHandler.cpp:59] profiler_stopUSDT:2026-10-08 08:07:05 489:489 SyncActivityProfilerHandler.cpp:59] profiler_stop



   * EP:  15/16 | dispatch: 13 GB/s (SO), 46 GB/s (SU), 129.764 us, 6005376 bytes | copy: 979 GB/s, 12.271 us
   * EP:  10/16 | dispatch: 14 GB/s (SO), 49 GB/s (SU), 129.972 us, 6312384 bytes | copy: 556 GB/s, 22.715 us
   * EP:  11/16 | dispatch: 14 GB/s (SO), 45 GB/s (SU), 127.165 us, 5698368 bytes | copy: 806 GB/s, 14.135 us
   * EP:  12/16 | dispatch: 14 GB/s (SO), 49 GB/s (SU), 125.789 us, 6117696 bytes | copy: 1390 GB/s, 8.805 us
   * EP:  14/16 | dispatch: 13 GB/s (SO), 48 GB/s (SU), 129.639 us, 6162624 bytes | copy: 625 GB/s, 19.720 us
   * EP:   8/16 | dispatch: 14 GB/s (SO), 45 GB/s (SU), 130.557 us, 5833152 bytes | copy: 824 GB/s, 14.151 us
   * EP:  13/16 | dispatch: 13 GB/s (SO), 44 GB/s (SU), 129.296 us, 5728320 bytes | copy: 839 GB/s, 13.659 us
   * EP:   9/16 | dispatch: 14 GB/s (SO), 46 GB/s (SU), 126.559 us, 5773248 bytes | copy: 708 GB/s, 16.316 us
USDT:2026-10-08 08:07:06 490:490 SyncActivityProfilerHandler.cpp:52] profiler_startUSDT:2026-10-08 08:07:06 488:488 SyncActivityProfilerHandler.cpp:52] profiler_start
USDT:2026-10-08 08:07:06 491:491 SyncActivityProfilerHandler.cpp:52] profiler_startUSDT:2026-10-08 08:07:06 489:489 SyncActivityProfilerHandler.cpp:52] profiler_startUSDT:2026-10-08 08:07:06 486:486 SyncActivityProfilerHandler.cpp:52] profiler_startUSDT:2026-10-08 08:07:06 487:487 SyncActivityProfilerHandler.cpp:52] profiler_start
USDT:2026-10-08 08:07:06 492:492 SyncActivityProfilerHandler.cpp:52] profiler_start



USDT:2026-10-08 08:07:06 485:485 SyncActivityProfilerHandler.cpp:52] profiler_start

USDT:2026-10-08 08:07:06 487:487 SyncActivityProfilerHandler.cpp:59] profiler_stopUSDT:2026-10-08 08:07:06 490:490 SyncActivityProfilerHandler.cpp:59] profiler_stopUSDT:2026-10-08 08:07:06 489:489 SyncActivityProfilerHandler.cpp:59] profiler_stopUSDT:2026-10-08 08:07:06 492:492 SyncActivityProfilerHandler.cpp:59] profiler_stop

USDT:2026-10-08 08:07:06 491:491 SyncActivityProfilerHandler.cpp:59] profiler_stop


USDT:2026-10-08 08:07:06 485:485 SyncActivityProfilerHandler.cpp:59] profiler_stop
USDT:2026-10-08 08:07:06 486:486 SyncActivityProfilerHandler.cpp:59] profiler_stop
USDT:2026-10-08 08:07:06 488:488 SyncActivityProfilerHandler.cpp:59] profiler_stop
   - EP:  15/16 | expanded dispatch: 13 GB/s (SO), 47 GB/s (SU), 128.501 us, 6005376 bytes | copy: 1677 GB/s, 12.487 us
   - EP:  12/16 | expanded dispatch: 14 GB/s (SO), 49 GB/s (SU), 124.791 us, 6117696 bytes | copy: 2304 GB/s, 9.091 us
   - EP:  14/16 | expanded dispatch: 13 GB/s (SO), 48 GB/s (SU), 128.481 us, 6162624 bytes | copy: 919 GB/s, 22.862 us
   - EP:   9/16 | expanded dispatch: 14 GB/s (SO), 46 GB/s (SU), 125.313 us, 5773248 bytes | copy: 998 GB/s, 20.700 us
   - EP:  13/16 | expanded dispatch: 13 GB/s (SO), 45 GB/s (SU), 128.252 us, 5728320 bytes | copy: 1396 GB/s, 14.824 us
   - EP:  10/16 | expanded dispatch: 14 GB/s (SO), 49 GB/s (SU), 128.730 us, 6312384 bytes | copy: 808 GB/s, 26.222 us
   - EP:  11/16 | expanded dispatch: 14 GB/s (SO), 45 GB/s (SU), 126.073 us, 5698368 bytes | copy: 1345 GB/s, 15.277 us
   - EP:   8/16 | expanded dispatch: 14 GB/s (SO), 45 GB/s (SU), 129.555 us, 5833152 bytes | copy: 1353 GB/s, 15.322 us
USDT:2026-10-08 08:07:06 491:491 SyncActivityProfilerHandler.cpp:52] profiler_startUSDT:2026-10-08 08:07:06 489:489 SyncActivityProfilerHandler.cpp:52] profiler_startUSDT:2026-10-08 08:07:06 485:485 SyncActivityProfilerHandler.cpp:52] profiler_startUSDT:2026-10-08 08:07:06 490:490 SyncActivityProfilerHandler.cpp:52] profiler_startUSDT:2026-10-08 08:07:06 487:487 SyncActivityProfilerHandler.cpp:52] profiler_startUSDT:2026-10-08 08:07:06 488:488 SyncActivityProfilerHandler.cpp:52] profiler_start





USDT:2026-10-08 08:07:06 492:492 SyncActivityProfilerHandler.cpp:52] profiler_start
USDT:2026-10-08 08:07:06 486:486 SyncActivityProfilerHandler.cpp:52] profiler_start
USDT:2026-10-08 08:07:07 492:492 SyncActivityProfilerHandler.cpp:59] profiler_stop
USDT:2026-10-08 08:07:07 487:487 SyncActivityProfilerHandler.cpp:59] profiler_stop
USDT:2026-10-08 08:07:07 490:490 SyncActivityProfilerHandler.cpp:59] profiler_stop
USDT:2026-10-08 08:07:07 485:485 SyncActivityProfilerHandler.cpp:59] profiler_stopUSDT:2026-10-08 08:07:07 489:489 SyncActivityProfilerHandler.cpp:59] profiler_stopUSDT:2026-10-08 08:07:07 486:486 SyncActivityProfilerHandler.cpp:59] profiler_stop


USDT:2026-10-08 08:07:07 488:488 SyncActivityProfilerHandler.cpp:59] profiler_stopUSDT:2026-10-08 08:07:07 491:491 SyncActivityProfilerHandler.cpp:59] profiler_stop

   # EP:  10/16 | cached dispatch: 15 GB/s (SO), 53 GB/s (SU), 119.824 us, 6312384 bytes | copy: 484 GB/s, 26.078 us
   # EP:  14/16 | cached dispatch: 14 GB/s (SO), 52 GB/s (SU), 119.616 us, 6162624 bytes | copy: 485 GB/s, 25.428 us
   # EP:  13/16 | cached dispatch: 14 GB/s (SO), 48 GB/s (SU), 119.477 us, 5728320 bytes | copy: 870 GB/s, 13.171 us
   # EP:   8/16 | cached dispatch: 15 GB/s (SO), 49 GB/s (SU), 118.917 us, 5833152 bytes | copy: 916 GB/s, 12.739 us   # EP:  11/16 | cached dispatch: 15 GB/s (SO), 49 GB/s (SU), 117.241 us, 5698368 bytes | copy: 967 GB/s, 11.782 us

   # EP:   9/16 | cached dispatch: 15 GB/s (SO), 49 GB/s (SU), 117.231 us, 5773248 bytes | copy: 451 GB/s, 25.590 us
   # EP:  15/16 | cached dispatch: 14 GB/s (SO), 50 GB/s (SU), 119.244 us, 6005376 bytes | copy: 1180 GB/s, 10.182 us
   # EP:  12/16 | cached dispatch: 14 GB/s (SO), 51 GB/s (SU), 119.831 us, 6117696 bytes | copy: 912 GB/s, 13.411 us
USDT:2026-10-08 08:07:07 487:487 SyncActivityProfilerHandler.cpp:52] profiler_startUSDT:2026-10-08 08:07:07 491:491 SyncActivityProfilerHandler.cpp:52] profiler_start

USDT:2026-10-08 08:07:07 485:485 SyncActivityProfilerHandler.cpp:52] profiler_startUSDT:2026-10-08 08:07:07 488:488 SyncActivityProfilerHandler.cpp:52] profiler_startUSDT:2026-10-08 08:07:07 490:490 SyncActivityProfilerHandler.cpp:52] profiler_start


USDT:2026-10-08 08:07:07 486:486 SyncActivityProfilerHandler.cpp:52] profiler_startUSDT:2026-10-08 08:07:07 489:489 SyncActivityProfilerHandler.cpp:52] profiler_start

USDT:2026-10-08 08:07:07 492:492 SyncActivityProfilerHandler.cpp:52] profiler_start
USDT:2026-10-08 08:07:08 487:487 SyncActivityProfilerHandler.cpp:59] profiler_stop
USDT:2026-10-08 08:07:08 488:488 SyncActivityProfilerHandler.cpp:59] profiler_stopUSDT:2026-10-08 08:07:08 490:490 SyncActivityProfilerHandler.cpp:59] profiler_stopUSDT:2026-10-08 08:07:08 491:491 SyncActivityProfilerHandler.cpp:59] profiler_stop


USDT:2026-10-08 08:07:08 489:489 SyncActivityProfilerHandler.cpp:59] profiler_stopUSDT:2026-10-08 08:07:08 492:492 SyncActivityProfilerHandler.cpp:59] profiler_stop

USDT:2026-10-08 08:07:08 486:486 SyncActivityProfilerHandler.cpp:59] profiler_stop
USDT:2026-10-08 08:07:08 485:485 SyncActivityProfilerHandler.cpp:59] profiler_stop
   @ EP:  14/16 | combine: 21 GB/s (SO), 77 GB/s (SU), 153.624 us, 11824864 bytes | reduce: 909 GB/s, 5.405 us
   @ EP:  13/16 | combine: 20 GB/s (SO), 65 GB/s (SU), 167.874 us, 10991520 bytes | reduce: 920 GB/s, 5.387 us
   @ EP:  12/16 | combine: 20 GB/s (SO), 70 GB/s (SU), 168.275 us, 11738656 bytes | reduce: 922 GB/s, 5.406 us
   @ EP:  10/16 | combine: 22 GB/s (SO), 80 GB/s (SU), 151.851 us, 12112224 bytes | reduce: 947 GB/s, 5.358 us
   @ EP:  11/16 | combine: 21 GB/s (SO), 67 GB/s (SU), 163.091 us, 10934048 bytes | reduce: 906 GB/s, 5.550 us
   @ EP:   8/16 | combine: 20 GB/s (SO), 66 GB/s (SU), 168.770 us, 11192672 bytes | reduce: 948 GB/s, 5.440 us
   @ EP:   9/16 | combine: 22 GB/s (SO), 73 GB/s (SU), 152.205 us, 11077728 bytes | reduce: 933 GB/s, 5.483 us
   @ EP:  15/16 | combine: 19 GB/s (SO), 68 GB/s (SU), 169.422 us, 11523136 bytes | reduce: 903 GB/s, 5.379 us
USDT:2026-10-08 08:07:08 491:491 SyncActivityProfilerHandler.cpp:52] profiler_start
USDT:2026-10-08 08:07:08 487:487 SyncActivityProfilerHandler.cpp:52] profiler_startUSDT:2026-10-08 08:07:08 486:486 SyncActivityProfilerHandler.cpp:52] profiler_startUSDT:2026-10-08 08:07:08 492:492 SyncActivityProfilerHandler.cpp:52] profiler_start


USDT:2026-10-08 08:07:08 485:485 SyncActivityProfilerHandler.cpp:52] profiler_startUSDT:2026-10-08 08:07:08 490:490 SyncActivityProfilerHandler.cpp:52] profiler_start

USDT:2026-10-08 08:07:08 488:488 SyncActivityProfilerHandler.cpp:52] profiler_start
USDT:2026-10-08 08:07:08 489:489 SyncActivityProfilerHandler.cpp:52] profiler_start
USDT:2026-10-08 08:07:08 487:487 SyncActivityProfilerHandler.cpp:59] profiler_stop
USDT:2026-10-08 08:07:08 489:489 SyncActivityProfilerHandler.cpp:59] profiler_stopUSDT:2026-10-08 08:07:08 492:492 SyncActivityProfilerHandler.cpp:59] profiler_stop
USDT:2026-10-08 08:07:08 488:488 SyncActivityProfilerHandler.cpp:59] profiler_stopUSDT:2026-10-08 08:07:08 490:490 SyncActivityProfilerHandler.cpp:59] profiler_stop


USDT:2026-10-08 08:07:08 485:485 SyncActivityProfilerHandler.cpp:59] profiler_stop
USDT:2026-10-08 08:07:08 491:491 SyncActivityProfilerHandler.cpp:59] profiler_stop
USDT:2026-10-08 08:07:08 486:486 SyncActivityProfilerHandler.cpp:59] profiler_stop
   + EP:  13/16 | reduced combine: 18 GB/s (SO), 60 GB/s (SU), 181.769 us, 10991520 bytes | reduce: 910 GB/s, 5.446 us
   + EP:  10/16 | reduced combine: 20 GB/s (SO), 71 GB/s (SU), 171.554 us, 12112224 bytes | reduce: 939 GB/s, 5.399 us
   + EP:  11/16 | reduced combine: 19 GB/s (SO), 61 GB/s (SU), 179.193 us, 10934048 bytes | reduce: 926 GB/s, 5.433 us
   + EP:  12/16 | reduced combine: 18 GB/s (SO), 63 GB/s (SU), 186.548 us, 11738656 bytes | reduce: 929 GB/s, 5.369 us   + EP:  14/16 | reduced combine: 19 GB/s (SO), 70 GB/s (SU), 169.388 us, 11824864 bytes | reduce: 923 GB/s, 5.326 us

   + EP:   8/16 | reduced combine: 18 GB/s (SO), 60 GB/s (SU), 186.754 us, 11192672 bytes | reduce: 957 GB/s, 5.388 us
   + EP:   9/16 | reduced combine: 20 GB/s (SO), 65 GB/s (SU), 170.852 us, 11077728 bytes | reduce: 947 GB/s, 5.402 us
   + EP:  15/16 | reduced combine: 17 GB/s (SO), 62 GB/s (SU), 186.127 us, 11523136 bytes | reduce: 897 GB/s, 5.416 us


