=== EP_NIC_NAME=rdmap101s0 (auto, 400 Gb/s) ===
=== NCCL_IB_HCA=rdmap (auto: non-EFA ibverbs device ibp198s0f0 present) ===
=== GIN: NCCL_GIN_TYPE=5 NCCL_SYM_GIN_KERNELS_ENABLE=0 ===
=== PREFER_OVERLAP=0 (--prefer-overlap-with-compute) ===
=== IMAGE=deepep-v2-efa-official:sm103-bb78750  DeepEP=bb787506214fdc3c290798003b74dcb0b494f286 ===
+ docker run --rm --init --gpus all --privileged --network=host --ipc=host --ulimit memlock=-1 --ulimit stack=67108864 --device=/dev/infiniband --device=/dev/gdrdrv -v /sys/class/infiniband:/sys/class/infiniband:ro -e MASTER_ADDR=172.31.9.47 -e MASTER_PORT=8619 -e WORLD_SIZE=2 -e RANK=1 -e NCCL_DEBUG=WARN -e EP_NIC_NAME=rdmap101s0 -e NCCL_IB_HCA=rdmap -e NCCL_GIN_TYPE=5 -e NCCL_SYM_GIN_KERNELS_ENABLE=0 -e PYTHONUNBUFFERED=1 -e PYTHONFAULTHANDLER=1 deepep-v2-efa-official:sm103-bb78750 bash -lc 'timeout -s ABRT --kill-after=60 1800     python3 -u /opt/DeepEP/tests/elastic/test_ep.py     --num-processes=8 --num-tokens=8192     --hidden=7168 --num-topk=8 --num-experts=256     --num-sms=12 --allow-hybrid-mode=1     --prefer-overlap-with-compute=0 --test-first-only      '

==========
== CUDA ==
==========

CUDA Version 13.3.1

Container image Copyright (c) 2016-2023, NVIDIA CORPORATION & AFFILIATES. All rights reserved.

This container image and its contents are governed by the NVIDIA Deep Learning Container License.
By pulling and using the container, you accept the terms and conditions of this license:
https://developer.nvidia.com/ngc/nvidia-deep-learning-container-license

A copy of this license is made available in this container at /NGC-DL-CONTAINER-LICENSE for your convenience.

DeepEP hybrid kernel selection: unordered
DeepEP hybrid kernel selection: unordered
DeepEP hybrid kernel selection: unordered
DeepEP hybrid kernel selection: unordered
DeepEP hybrid kernel selection: unordered
DeepEP hybrid kernel selection: unordered
DeepEP hybrid kernel selection: unordered
DeepEP hybrid kernel selection: unordered
DeepEP hybrid kernel selection: unordered
DeepEP hybrid kernel selection: unordered
DeepEP hybrid kernel selection: unordered
DeepEP hybrid kernel selection: unordered
DeepEP hybrid kernel selection: unordered
DeepEP hybrid kernel selection: unordered
DeepEP hybrid kernel selection: unordered
DeepEP hybrid kernel selection: unordered
Config:
 > Ranks: 2 x 8
 > Experts: 8/256
 > Tokens: 8184 (max: 8192), hidden: 7168
 > #SM: 12, #QPs: 11/11

Running all test cases:
 > Testing with do_handle_copy=1, expert_alignment=128, use_fp8_dispatch=1, num_bias=0, with_previous_event=0, async_with_compute_stream=0, allocate_on_comm_stream=0 ...
USDT:2026-10-08 07:58:26 491:491 SyncActivityProfilerHandler.cpp:52] profiler_startUSDT:2026-10-08 07:58:26 485:485 SyncActivityProfilerHandler.cpp:52] profiler_startUSDT:2026-10-08 07:58:26 492:492 SyncActivityProfilerHandler.cpp:52] profiler_startUSDT:2026-10-08 07:58:26 486:486 SyncActivityProfilerHandler.cpp:52] profiler_startUSDT:2026-10-08 07:58:26 487:487 SyncActivityProfilerHandler.cpp:52] profiler_start
USDT:2026-10-08 07:58:26 489:489 SyncActivityProfilerHandler.cpp:52] profiler_start



USDT:2026-10-08 07:58:26 488:488 SyncActivityProfilerHandler.cpp:52] profiler_start

USDT:2026-10-08 07:58:26 490:490 SyncActivityProfilerHandler.cpp:52] profiler_start
USDT:2026-10-08 07:58:26 485:485 SyncActivityProfilerHandler.cpp:59] profiler_stopUSDT:2026-10-08 07:58:26 491:491 SyncActivityProfilerHandler.cpp:59] profiler_stopUSDT:2026-10-08 07:58:26 492:492 SyncActivityProfilerHandler.cpp:59] profiler_stop
USDT:2026-10-08 07:58:26 486:486 SyncActivityProfilerHandler.cpp:59] profiler_stop


USDT:2026-10-08 07:58:26 487:487 SyncActivityProfilerHandler.cpp:59] profiler_stop
USDT:2026-10-08 07:58:26 489:489 SyncActivityProfilerHandler.cpp:59] profiler_stopUSDT:2026-10-08 07:58:26 488:488 SyncActivityProfilerHandler.cpp:59] profiler_stop
USDT:2026-10-08 07:58:26 490:490 SyncActivityProfilerHandler.cpp:59] profiler_stop

   * EP:   9/16 | dispatch: 122 GB/s (SO), 399 GB/s (SU), 1002.000 us, 399499776 bytes | copy: 3968 GB/s, 201.351 us
   * EP:  10/16 | dispatch: 121 GB/s (SO), 399 GB/s (SU), 1005.000 us, 401364288 bytes | copy: 4657 GB/s, 172.362 us
   * EP:  15/16 | dispatch: 121 GB/s (SO), 399 GB/s (SU), 1005.000 us, 401132160 bytes | copy: 5288 GB/s, 151.720 us
   * EP:  12/16 | dispatch: 122 GB/s (SO), 399 GB/s (SU), 1005.000 us, 400622976 bytes | copy: 4729 GB/s, 169.427 us
   * EP:   8/16 | dispatch: 122 GB/s (SO), 395 GB/s (SU), 1005.000 us, 397245888 bytes | copy: 5709 GB/s, 139.168 us
   * EP:  11/16 | dispatch: 122 GB/s (SO), 398 GB/s (SU), 1002.000 us, 399177792 bytes | copy: 4070 GB/s, 196.175 us
   * EP:  14/16 | dispatch: 121 GB/s (SO), 400 GB/s (SU), 1005.000 us, 402105600 bytes | copy: 4699 GB/s, 171.145 us
   * EP:  13/16 | dispatch: 121 GB/s (SO), 398 GB/s (SU), 1005.000 us, 399612096 bytes | copy: 4625 GB/s, 172.802 us
USDT:2026-10-08 07:58:27 485:485 SyncActivityProfilerHandler.cpp:52] profiler_startUSDT:2026-10-08 07:58:27 492:492 SyncActivityProfilerHandler.cpp:52] profiler_startUSDT:2026-10-08 07:58:27 490:490 SyncActivityProfilerHandler.cpp:52] profiler_start

USDT:2026-10-08 07:58:27 486:486 SyncActivityProfilerHandler.cpp:52] profiler_startUSDT:2026-10-08 07:58:27 488:488 SyncActivityProfilerHandler.cpp:52] profiler_start
USDT:2026-10-08 07:58:27 487:487 SyncActivityProfilerHandler.cpp:52] profiler_startUSDT:2026-10-08 07:58:27 491:491 SyncActivityProfilerHandler.cpp:52] profiler_startUSDT:2026-10-08 07:58:27 489:489 SyncActivityProfilerHandler.cpp:52] profiler_start




USDT:2026-10-08 07:58:27 486:486 SyncActivityProfilerHandler.cpp:59] profiler_stop
USDT:2026-10-08 07:58:27 492:492 SyncActivityProfilerHandler.cpp:59] profiler_stopUSDT:2026-10-08 07:58:27 489:489 SyncActivityProfilerHandler.cpp:59] profiler_stopUSDT:2026-10-08 07:58:27 488:488 SyncActivityProfilerHandler.cpp:59] profiler_stopUSDT:2026-10-08 07:58:27 490:490 SyncActivityProfilerHandler.cpp:59] profiler_stop



USDT:2026-10-08 07:58:27 491:491 SyncActivityProfilerHandler.cpp:59] profiler_stopUSDT:2026-10-08 07:58:27 487:487 SyncActivityProfilerHandler.cpp:59] profiler_stop
USDT:2026-10-08 07:58:27 485:485 SyncActivityProfilerHandler.cpp:59] profiler_stop

   - EP:  11/16 | expanded dispatch: 122 GB/s (SO), 400 GB/s (SU), 998.716 us, 399177792 bytes | copy: 3892 GB/s, 231.048 us
   - EP:  10/16 | expanded dispatch: 122 GB/s (SO), 401 GB/s (SU), 1001.000 us, 401364288 bytes | copy: 4318 GB/s, 209.150 us
   - EP:  15/16 | expanded dispatch: 122 GB/s (SO), 401 GB/s (SU), 1001.000 us, 401132160 bytes | copy: 4841 GB/s, 185.993 us
   - EP:   9/16 | expanded dispatch: 122 GB/s (SO), 400 GB/s (SU), 998.497 us, 399499776 bytes | copy: 3841 GB/s, 233.983 us
   - EP:  12/16 | expanded dispatch: 122 GB/s (SO), 400 GB/s (SU), 1001.000 us, 400622976 bytes | copy: 4427 GB/s, 203.393 us
   - EP:  13/16 | expanded dispatch: 122 GB/s (SO), 399 GB/s (SU), 1001.000 us, 399612096 bytes | copy: 4306 GB/s, 208.638 us
   - EP:   8/16 | expanded dispatch: 122 GB/s (SO), 396 GB/s (SU), 1002.000 us, 397245888 bytes | copy: 5231 GB/s, 170.743 us   - EP:  14/16 | expanded dispatch: 122 GB/s (SO), 402 GB/s (SU), 1001.000 us, 402105600 bytes | copy: 4295 GB/s, 210.388 us

USDT:2026-10-08 07:58:28 486:486 SyncActivityProfilerHandler.cpp:52] profiler_startUSDT:2026-10-08 07:58:28 485:485 SyncActivityProfilerHandler.cpp:52] profiler_startUSDT:2026-10-08 07:58:28 487:487 SyncActivityProfilerHandler.cpp:52] profiler_startUSDT:2026-10-08 07:58:28 488:488 SyncActivityProfilerHandler.cpp:52] profiler_start


USDT:2026-10-08 07:58:28 490:490 SyncActivityProfilerHandler.cpp:52] profiler_start
USDT:2026-10-08 07:58:28 491:491 SyncActivityProfilerHandler.cpp:52] profiler_start
USDT:2026-10-08 07:58:28 492:492 SyncActivityProfilerHandler.cpp:52] profiler_start

USDT:2026-10-08 07:58:28 489:489 SyncActivityProfilerHandler.cpp:52] profiler_start
USDT:2026-10-08 07:58:28 486:486 SyncActivityProfilerHandler.cpp:59] profiler_stop
USDT:2026-10-08 07:58:28 487:487 SyncActivityProfilerHandler.cpp:59] profiler_stopUSDT:2026-10-08 07:58:28 485:485 SyncActivityProfilerHandler.cpp:59] profiler_stop
USDT:2026-10-08 07:58:28 490:490 SyncActivityProfilerHandler.cpp:59] profiler_stop
USDT:2026-10-08 07:58:28 489:489 SyncActivityProfilerHandler.cpp:59] profiler_stopUSDT:2026-10-08 07:58:28 488:488 SyncActivityProfilerHandler.cpp:59] profiler_stop


USDT:2026-10-08 07:58:28 491:491 SyncActivityProfilerHandler.cpp:59] profiler_stopUSDT:2026-10-08 07:58:28 492:492 SyncActivityProfilerHandler.cpp:59] profiler_stop

   # EP:  12/16 | cached dispatch: 123 GB/s (SO), 403 GB/s (SU), 994.391 us, 400622976 bytes | copy: 5053 GB/s, 158.555 us
   # EP:  14/16 | cached dispatch: 123 GB/s (SO), 404 GB/s (SU), 994.230 us, 402105600 bytes | copy: 4925 GB/s, 163.307 us
   # EP:   9/16 | cached dispatch: 123 GB/s (SO), 403 GB/s (SU), 991.812 us, 399499776 bytes | copy: 4161 GB/s, 192.042 us
   # EP:  10/16 | cached dispatch: 123 GB/s (SO), 404 GB/s (SU), 994.282 us, 401364288 bytes | copy: 4881 GB/s, 164.463 us
   # EP:   8/16 | cached dispatch: 123 GB/s (SO), 399 GB/s (SU), 994.393 us, 397245888 bytes | copy: 5665 GB/s, 140.248 us
   # EP:  15/16 | cached dispatch: 123 GB/s (SO), 404 GB/s (SU), 993.965 us, 401132160 bytes | copy: 5575 GB/s, 143.911 us
   # EP:  11/16 | cached dispatch: 123 GB/s (SO), 402 GB/s (SU), 991.753 us, 399177792 bytes | copy: 4285 GB/s, 186.320 us
   # EP:  13/16 | cached dispatch: 123 GB/s (SO), 402 GB/s (SU), 994.122 us, 399612096 bytes | copy: 4985 GB/s, 160.326 us
USDT:2026-10-08 07:58:29 486:486 SyncActivityProfilerHandler.cpp:52] profiler_start
USDT:2026-10-08 07:58:29 490:490 SyncActivityProfilerHandler.cpp:52] profiler_startUSDT:2026-10-08 07:58:29 488:488 SyncActivityProfilerHandler.cpp:52] profiler_start

USDT:2026-10-08 07:58:29 485:485 SyncActivityProfilerHandler.cpp:52] profiler_start
USDT:2026-10-08 07:58:29 491:491 SyncActivityProfilerHandler.cpp:52] profiler_start
USDT:2026-10-08 07:58:29 487:487 SyncActivityProfilerHandler.cpp:52] profiler_start
USDT:2026-10-08 07:58:29 492:492 SyncActivityProfilerHandler.cpp:52] profiler_start
USDT:2026-10-08 07:58:29 489:489 SyncActivityProfilerHandler.cpp:52] profiler_start
USDT:2026-10-08 07:58:29 486:486 SyncActivityProfilerHandler.cpp:59] profiler_stop
USDT:2026-10-08 07:58:29 485:485 SyncActivityProfilerHandler.cpp:59] profiler_stopUSDT:2026-10-08 07:58:29 488:488 SyncActivityProfilerHandler.cpp:59] profiler_stop

USDT:2026-10-08 07:58:29 490:490 SyncActivityProfilerHandler.cpp:59] profiler_stopUSDT:2026-10-08 07:58:29 491:491 SyncActivityProfilerHandler.cpp:59] profiler_stop

USDT:2026-10-08 07:58:29 487:487 SyncActivityProfilerHandler.cpp:59] profiler_stop
USDT:2026-10-08 07:58:29 489:489 SyncActivityProfilerHandler.cpp:59] profiler_stop
USDT:2026-10-08 07:58:29 492:492 SyncActivityProfilerHandler.cpp:59] profiler_stop
   @ EP:   9/16 | combine: 83 GB/s (SO), 272 GB/s (SU), 2822.000 us, 766561536 bytes | reduce: 5300 GB/s, 66.421 us
   @ EP:  11/16 | combine: 82 GB/s (SO), 269 GB/s (SU), 2843.000 us, 765943712 bytes | reduce: 5282 GB/s, 66.626 us
   @ EP:   8/16 | combine: 82 GB/s (SO), 267 GB/s (SU), 2859.000 us, 762236768 bytes | reduce: 5310 GB/s, 66.310 us
   @ EP:  14/16 | combine: 82 GB/s (SO), 271 GB/s (SU), 2851.000 us, 771561600 bytes | reduce: 5312 GB/s, 66.189 us
   @ EP:  13/16 | combine: 83 GB/s (SO), 270 GB/s (SU), 2836.000 us, 766777056 bytes | reduce: 5315 GB/s, 66.139 us
   @ EP:  10/16 | combine: 82 GB/s (SO), 268 GB/s (SU), 2869.000 us, 770139168 bytes | reduce: 5319 GB/s, 66.133 us
   @ EP:  15/16 | combine: 80 GB/s (SO), 264 GB/s (SU), 2917.000 us, 769693760 bytes | reduce: 5309 GB/s, 66.225 us
   @ EP:  12/16 | combine: 81 GB/s (SO), 265 GB/s (SU), 2904.000 us, 768716736 bytes | reduce: 5296 GB/s, 66.454 us
USDT:2026-10-08 07:58:30 485:485 SyncActivityProfilerHandler.cpp:52] profiler_start
USDT:2026-10-08 07:58:30 488:488 SyncActivityProfilerHandler.cpp:52] profiler_start
USDT:2026-10-08 07:58:30 487:487 SyncActivityProfilerHandler.cpp:52] profiler_start
USDT:2026-10-08 07:58:30 486:486 SyncActivityProfilerHandler.cpp:52] profiler_start
USDT:2026-10-08 07:58:30 491:491 SyncActivityProfilerHandler.cpp:52] profiler_startUSDT:2026-10-08 07:58:30 492:492 SyncActivityProfilerHandler.cpp:52] profiler_start

USDT:2026-10-08 07:58:30 489:489 SyncActivityProfilerHandler.cpp:52] profiler_start
USDT:2026-10-08 07:58:30 490:490 SyncActivityProfilerHandler.cpp:52] profiler_start
USDT:2026-10-08 07:58:30 488:488 SyncActivityProfilerHandler.cpp:59] profiler_stopUSDT:2026-10-08 07:58:30 485:485 SyncActivityProfilerHandler.cpp:59] profiler_stop

USDT:2026-10-08 07:58:30 487:487 SyncActivityProfilerHandler.cpp:59] profiler_stop
USDT:2026-10-08 07:58:30 486:486 SyncActivityProfilerHandler.cpp:59] profiler_stop
USDT:2026-10-08 07:58:30 491:491 SyncActivityProfilerHandler.cpp:59] profiler_stop
USDT:2026-10-08 07:58:30 489:489 SyncActivityProfilerHandler.cpp:59] profiler_stop
USDT:2026-10-08 07:58:30 492:492 SyncActivityProfilerHandler.cpp:59] profiler_stop
USDT:2026-10-08 07:58:30 490:490 SyncActivityProfilerHandler.cpp:59] profiler_stop
   + EP:  10/16 | reduced combine: 64 GB/s (SO), 210 GB/s (SU), 3672.000 us, 770139168 bytes | reduce: 5331 GB/s, 65.986 us
   + EP:  11/16 | reduced combine: 64 GB/s (SO), 209 GB/s (SU), 3662.000 us, 765943712 bytes | reduce: 5317 GB/s, 66.184 us
   + EP:   9/16 | reduced combine: 63 GB/s (SO), 207 GB/s (SU), 3705.000 us, 766561536 bytes | reduce: 5319 GB/s, 66.185 us
   + EP:   8/16 | reduced combine: 65 GB/s (SO), 210 GB/s (SU), 3633.000 us, 762236768 bytes | reduce: 5336 GB/s, 65.978 us
   + EP:  12/16 | reduced combine: 62 GB/s (SO), 205 GB/s (SU), 3757.000 us, 768716736 bytes | reduce: 5319 GB/s, 66.165 us
   + EP:  15/16 | reduced combine: 62 GB/s (SO), 205 GB/s (SU), 3749.000 us, 769693760 bytes | reduce: 5335 GB/s, 65.905 us
   + EP:  14/16 | reduced combine: 63 GB/s (SO), 208 GB/s (SU), 3707.000 us, 771561600 bytes | reduce: 5327 GB/s, 66.001 us
   + EP:  13/16 | reduced combine: 63 GB/s (SO), 206 GB/s (SU), 3714.000 us, 766777056 bytes | reduce: 5311 GB/s, 66.187 us


