=== EP_NIC_NAME=rdmap101s0 (auto, 400 Gb/s) ===
=== NCCL_IB_HCA=rdmap (auto: non-EFA ibverbs device ibp198s0f0 present) ===
=== GIN: NCCL_GIN_TYPE=5 NCCL_SYM_GIN_KERNELS_ENABLE=0 ===
=== PREFER_OVERLAP=0 (--prefer-overlap-with-compute) ===
=== IMAGE=deepep-v2-efa-official:sm103-stack8d45880xbb78750  DeepEP=33734bb238cd11aba506cd492c9fa447d3d1fe3d ===
=== DeepEP is a MERGE of: 8d45880adc39c1479fa63ef3d764a9f9ce14f95e bb787506214fdc3c290798003b74dcb0b494f286 ===
+ docker run --rm --init --gpus all --privileged --network=host --ipc=host --ulimit memlock=-1 --ulimit stack=67108864 --device=/dev/infiniband --device=/dev/gdrdrv -v /sys/class/infiniband:/sys/class/infiniband:ro -e MASTER_ADDR=172.31.9.47 -e MASTER_PORT=8612 -e WORLD_SIZE=2 -e RANK=0 -e NCCL_DEBUG=WARN -e EP_NIC_NAME=rdmap101s0 -e NCCL_IB_HCA=rdmap -e NCCL_GIN_TYPE=5 -e NCCL_SYM_GIN_KERNELS_ENABLE=0 -e PYTHONUNBUFFERED=1 -e PYTHONFAULTHANDLER=1 deepep-v2-efa-official:sm103-stack8d45880xbb78750 bash -lc 'timeout -s ABRT --kill-after=60 1800     python3 -u /opt/DeepEP/tests/elastic/test_ep.py     --num-processes=8 --num-tokens=8192     --hidden=7168 --num-topk=8 --num-experts=256     --num-sms=12 --allow-hybrid-mode=1     --prefer-overlap-with-compute=0 --test-first-only      '

==========
== CUDA ==
==========

CUDA Version 13.3.1

Container image Copyright (c) 2016-2023, NVIDIA CORPORATION & AFFILIATES. All rights reserved.

This container image and its contents are governed by the NVIDIA Deep Learning Container License.
By pulling and using the container, you accept the terms and conditions of this license:
https://developer.nvidia.com/ngc/nvidia-deep-learning-container-license

A copy of this license is made available in this container at /NGC-DL-CONTAINER-LICENSE for your convenience.

NCCL version 2.31.2+cuda13.3
DeepEP hybrid kernel selection: unordered
DeepEP hybrid kernel selection: unordered
DeepEP hybrid kernel selection: unordered
DeepEP hybrid kernel selection: unordered
DeepEP hybrid kernel selection: unordered
DeepEP hybrid kernel selection: unordered
DeepEP hybrid kernel selection: unordered
DeepEP hybrid kernel selection: unordered
DeepEP hybrid kernel selection: unordered
DeepEP hybrid kernel selection: unordered
DeepEP hybrid kernel selection: unordered
DeepEP hybrid kernel selection: unordered
DeepEP hybrid kernel selection: unordered
DeepEP hybrid kernel selection: unordered
DeepEP hybrid kernel selection: unordered
DeepEP hybrid kernel selection: unordered
Config:
 > Ranks: 2 x 8
 > Experts: 8/256
 > Tokens: 8192 (max: 8192), hidden: 7168
 > #SM: 12, #QPs: 11/11

Running all test cases:
 > Testing with do_handle_copy=1, expert_alignment=128, use_fp8_dispatch=1, num_bias=0, with_previous_event=0, async_with_compute_stream=0, allocate_on_comm_stream=0 ...
USDT:2026-10-08 07:38:16 494:494 SyncActivityProfilerHandler.cpp:52] profiler_startUSDT:2026-10-08 07:38:16 495:495 SyncActivityProfilerHandler.cpp:52] profiler_startUSDT:2026-10-08 07:38:16 492:492 SyncActivityProfilerHandler.cpp:52] profiler_start

USDT:2026-10-08 07:38:16 488:488 SyncActivityProfilerHandler.cpp:52] profiler_start
USDT:2026-10-08 07:38:16 493:493 SyncActivityProfilerHandler.cpp:52] profiler_start

USDT:2026-10-08 07:38:16 489:489 SyncActivityProfilerHandler.cpp:52] profiler_startUSDT:2026-10-08 07:38:16 491:491 SyncActivityProfilerHandler.cpp:52] profiler_startUSDT:2026-10-08 07:38:16 490:490 SyncActivityProfilerHandler.cpp:52] profiler_start


USDT:2026-10-08 07:38:16 492:492 SyncActivityProfilerHandler.cpp:59] profiler_stopUSDT:2026-10-08 07:38:16 489:489 SyncActivityProfilerHandler.cpp:59] profiler_stopUSDT:2026-10-08 07:38:16 490:490 SyncActivityProfilerHandler.cpp:59] profiler_stopUSDT:2026-10-08 07:38:16 491:491 SyncActivityProfilerHandler.cpp:59] profiler_stop

USDT:2026-10-08 07:38:16 488:488 SyncActivityProfilerHandler.cpp:59] profiler_stop

USDT:2026-10-08 07:38:16 495:495 SyncActivityProfilerHandler.cpp:59] profiler_stop
USDT:2026-10-08 07:38:16 494:494 SyncActivityProfilerHandler.cpp:59] profiler_stopUSDT:2026-10-08 07:38:16 493:493 SyncActivityProfilerHandler.cpp:59] profiler_stop


   * EP:   4/16 | dispatch: 118 GB/s (SO), 385 GB/s (SU), 1040.000 us, 400593024 bytes | copy: 5428 GB/s, 147.615 us
   * EP:   6/16 | dispatch: 118 GB/s (SO), 383 GB/s (SU), 1038.000 us, 397433088 bytes | copy: 3777 GB/s, 210.462 us
   * EP:   5/16 | dispatch: 117 GB/s (SO), 386 GB/s (SU), 1041.000 us, 401401728 bytes | copy: 4460 GB/s, 179.986 us
   * EP:   1/16 | dispatch: 118 GB/s (SO), 386 GB/s (SU), 1038.000 us, 400158720 bytes | copy: 3738 GB/s, 214.098 us
   * EP:   0/16 | dispatch: 118 GB/s (SO), 381 GB/s (SU), 1039.000 us, 396212544 bytes | copy: 5393 GB/s, 146.927 us   * EP:   3/16 | dispatch: 118 GB/s (SO), 386 GB/s (SU), 1040.000 us, 400982400 bytes | copy: 4490 GB/s, 178.620 us

   * EP:   2/16 | dispatch: 118 GB/s (SO), 385 GB/s (SU), 1038.000 us, 399746880 bytes | copy: 3673 GB/s, 217.656 us
   * EP:   7/16 | dispatch: 117 GB/s (SO), 384 GB/s (SU), 1041.000 us, 399904128 bytes | copy: 5486 GB/s, 145.796 us
USDT:2026-10-08 07:38:16 492:492 SyncActivityProfilerHandler.cpp:52] profiler_startUSDT:2026-10-08 07:38:16 488:488 SyncActivityProfilerHandler.cpp:52] profiler_startUSDT:2026-10-08 07:38:16 491:491 SyncActivityProfilerHandler.cpp:52] profiler_startUSDT:2026-10-08 07:38:16 490:490 SyncActivityProfilerHandler.cpp:52] profiler_startUSDT:2026-10-08 07:38:16 495:495 SyncActivityProfilerHandler.cpp:52] profiler_startUSDT:2026-10-08 07:38:16 489:489 SyncActivityProfilerHandler.cpp:52] profiler_startUSDT:2026-10-08 07:38:16 493:493 SyncActivityProfilerHandler.cpp:52] profiler_start

USDT:2026-10-08 07:38:16 494:494 SyncActivityProfilerHandler.cpp:52] profiler_start





USDT:2026-10-08 07:38:17 491:491 SyncActivityProfilerHandler.cpp:59] profiler_stopUSDT:2026-10-08 07:38:17 492:492 SyncActivityProfilerHandler.cpp:59] profiler_stop

USDT:2026-10-08 07:38:17 494:494 SyncActivityProfilerHandler.cpp:59] profiler_stopUSDT:2026-10-08 07:38:17 493:493 SyncActivityProfilerHandler.cpp:59] profiler_stopUSDT:2026-10-08 07:38:17 488:488 SyncActivityProfilerHandler.cpp:59] profiler_stopUSDT:2026-10-08 07:38:17 489:489 SyncActivityProfilerHandler.cpp:59] profiler_stopUSDT:2026-10-08 07:38:17 490:490 SyncActivityProfilerHandler.cpp:59] profiler_stop
USDT:2026-10-08 07:38:17 495:495 SyncActivityProfilerHandler.cpp:59] profiler_stop




   - EP:   5/16 | expanded dispatch: 117 GB/s (SO), 386 GB/s (SU), 1040.000 us, 401401728 bytes | copy: 4214 GB/s, 214.039 us
   - EP:   6/16 | expanded dispatch: 118 GB/s (SO), 383 GB/s (SU), 1037.000 us, 397433088 bytes | copy: 3624 GB/s, 246.937 us
   - EP:   4/16 | expanded dispatch: 118 GB/s (SO), 386 GB/s (SU), 1039.000 us, 400593024 bytes | copy: 4835 GB/s, 186.168 us
   - EP:   1/16 | expanded dispatch: 118 GB/s (SO), 386 GB/s (SU), 1037.000 us, 400158720 bytes | copy: 3620 GB/s, 248.452 us
   - EP:   2/16 | expanded dispatch: 118 GB/s (SO), 385 GB/s (SU), 1037.000 us, 399746880 bytes | copy: 3536 GB/s, 254.242 us
   - EP:   7/16 | expanded dispatch: 118 GB/s (SO), 385 GB/s (SU), 1039.000 us, 399904128 bytes | copy: 4959 GB/s, 181.302 us
   - EP:   0/16 | expanded dispatch: 118 GB/s (SO), 382 GB/s (SU), 1038.000 us, 396212544 bytes | copy: 4813 GB/s, 184.724 us
   - EP:   3/16 | expanded dispatch: 118 GB/s (SO), 386 GB/s (SU), 1040.000 us, 400982400 bytes | copy: 4181 GB/s, 216.041 us
USDT:2026-10-08 07:38:17 492:492 SyncActivityProfilerHandler.cpp:52] profiler_startUSDT:2026-10-08 07:38:17 490:490 SyncActivityProfilerHandler.cpp:52] profiler_startUSDT:2026-10-08 07:38:17 489:489 SyncActivityProfilerHandler.cpp:52] profiler_start

USDT:2026-10-08 07:38:17 491:491 SyncActivityProfilerHandler.cpp:52] profiler_startUSDT:2026-10-08 07:38:17 495:495 SyncActivityProfilerHandler.cpp:52] profiler_startUSDT:2026-10-08 07:38:17 488:488 SyncActivityProfilerHandler.cpp:52] profiler_start

USDT:2026-10-08 07:38:17 493:493 SyncActivityProfilerHandler.cpp:52] profiler_start


USDT:2026-10-08 07:38:17 494:494 SyncActivityProfilerHandler.cpp:52] profiler_start
USDT:2026-10-08 07:38:17 495:495 SyncActivityProfilerHandler.cpp:59] profiler_stopUSDT:2026-10-08 07:38:17 490:490 SyncActivityProfilerHandler.cpp:59] profiler_stopUSDT:2026-10-08 07:38:17 492:492 SyncActivityProfilerHandler.cpp:59] profiler_stop

USDT:2026-10-08 07:38:17 488:488 SyncActivityProfilerHandler.cpp:59] profiler_stop

USDT:2026-10-08 07:38:17 489:489 SyncActivityProfilerHandler.cpp:59] profiler_stopUSDT:2026-10-08 07:38:17 493:493 SyncActivityProfilerHandler.cpp:59] profiler_stop

USDT:2026-10-08 07:38:17 491:491 SyncActivityProfilerHandler.cpp:59] profiler_stop
USDT:2026-10-08 07:38:17 494:494 SyncActivityProfilerHandler.cpp:59] profiler_stop
   # EP:   6/16 | cached dispatch: 120 GB/s (SO), 392 GB/s (SU), 1014.000 us, 397433088 bytes | copy: 4087 GB/s, 194.476 us
   # EP:   4/16 | cached dispatch: 120 GB/s (SO), 395 GB/s (SU), 1015.000 us, 400593024 bytes | copy: 5723 GB/s, 140.002 us
   # EP:   0/16 | cached dispatch: 121 GB/s (SO), 391 GB/s (SU), 1014.000 us, 396212544 bytes | copy: 5538 GB/s, 143.076 us
   # EP:   5/16 | cached dispatch: 120 GB/s (SO), 395 GB/s (SU), 1017.000 us, 401401728 bytes | copy: 4987 GB/s, 160.979 us
   # EP:   1/16 | cached dispatch: 121 GB/s (SO), 395 GB/s (SU), 1014.000 us, 400158720 bytes | copy: 4011 GB/s, 199.507 us
   # EP:   7/16 | cached dispatch: 120 GB/s (SO), 394 GB/s (SU), 1016.000 us, 399904128 bytes | copy: 5529 GB/s, 144.648 us
   # EP:   3/16 | cached dispatch: 120 GB/s (SO), 395 GB/s (SU), 1016.000 us, 400982400 bytes | copy: 4887 GB/s, 164.109 us
   # EP:   2/16 | cached dispatch: 121 GB/s (SO), 394 GB/s (SU), 1014.000 us, 399746880 bytes | copy: 4006 GB/s, 199.562 us
USDT:2026-10-08 07:38:18 489:489 SyncActivityProfilerHandler.cpp:52] profiler_start
USDT:2026-10-08 07:38:18 491:491 SyncActivityProfilerHandler.cpp:52] profiler_start
USDT:2026-10-08 07:38:18 490:490 SyncActivityProfilerHandler.cpp:52] profiler_start
USDT:2026-10-08 07:38:18 493:493 SyncActivityProfilerHandler.cpp:52] profiler_start
USDT:2026-10-08 07:38:18 494:494 SyncActivityProfilerHandler.cpp:52] profiler_start
USDT:2026-10-08 07:38:18 492:492 SyncActivityProfilerHandler.cpp:52] profiler_start
USDT:2026-10-08 07:38:18 495:495 SyncActivityProfilerHandler.cpp:52] profiler_start
USDT:2026-10-08 07:38:18 488:488 SyncActivityProfilerHandler.cpp:52] profiler_start
USDT:2026-10-08 07:38:19 489:489 SyncActivityProfilerHandler.cpp:59] profiler_stop
USDT:2026-10-08 07:38:19 491:491 SyncActivityProfilerHandler.cpp:59] profiler_stop
USDT:2026-10-08 07:38:19 490:490 SyncActivityProfilerHandler.cpp:59] profiler_stop
USDT:2026-10-08 07:38:19 493:493 SyncActivityProfilerHandler.cpp:59] profiler_stop
USDT:2026-10-08 07:38:19 494:494 SyncActivityProfilerHandler.cpp:59] profiler_stop
USDT:2026-10-08 07:38:19 492:492 SyncActivityProfilerHandler.cpp:59] profiler_stop
USDT:2026-10-08 07:38:19 495:495 SyncActivityProfilerHandler.cpp:59] profiler_stop
USDT:2026-10-08 07:38:19 488:488 SyncActivityProfilerHandler.cpp:59] profiler_stop
   @ EP:   4/16 | combine: 73 GB/s (SO), 238 GB/s (SU), 3234.000 us, 768659264 bytes | reduce: 5262 GB/s, 66.944 us
   @ EP:   3/16 | combine: 77 GB/s (SO), 252 GB/s (SU), 3048.000 us, 769406400 bytes | reduce: 5226 GB/s, 67.427 us
   @ EP:   6/16 | combine: 74 GB/s (SO), 242 GB/s (SU), 3155.000 us, 762595968 bytes | reduce: 5325 GB/s, 66.097 us
   @ EP:   1/16 | combine: 84 GB/s (SO), 275 GB/s (SU), 2791.000 us, 767825920 bytes | reduce: 5274 GB/s, 66.804 us   @ EP:   2/16 | combine: 75 GB/s (SO), 244 GB/s (SU), 3141.000 us, 767035680 bytes | reduce: 5320 GB/s, 66.220 us

   @ EP:   5/16 | combine: 74 GB/s (SO), 244 GB/s (SU), 3154.000 us, 770211008 bytes | reduce: 5253 GB/s, 67.026 us
   @ EP:   7/16 | combine: 71 GB/s (SO), 232 GB/s (SU), 3305.000 us, 767337408 bytes | reduce: 5257 GB/s, 66.983 us
   @ EP:   0/16 | combine: 71 GB/s (SO), 232 GB/s (SU), 3283.000 us, 760253984 bytes | reduce: 5267 GB/s, 66.907 us
USDT:2026-10-08 07:38:19 491:491 SyncActivityProfilerHandler.cpp:52] profiler_start
USDT:2026-10-08 07:38:19 493:493 SyncActivityProfilerHandler.cpp:52] profiler_start
USDT:2026-10-08 07:38:19 488:488 SyncActivityProfilerHandler.cpp:52] profiler_start
USDT:2026-10-08 07:38:19 490:490 SyncActivityProfilerHandler.cpp:52] profiler_start
USDT:2026-10-08 07:38:19 494:494 SyncActivityProfilerHandler.cpp:52] profiler_start
USDT:2026-10-08 07:38:19 489:489 SyncActivityProfilerHandler.cpp:52] profiler_start
USDT:2026-10-08 07:38:19 495:495 SyncActivityProfilerHandler.cpp:52] profiler_start
USDT:2026-10-08 07:38:19 492:492 SyncActivityProfilerHandler.cpp:52] profiler_start
USDT:2026-10-08 07:38:19 491:491 SyncActivityProfilerHandler.cpp:59] profiler_stop
USDT:2026-10-08 07:38:19 488:488 SyncActivityProfilerHandler.cpp:59] profiler_stop
USDT:2026-10-08 07:38:19 493:493 SyncActivityProfilerHandler.cpp:59] profiler_stop
USDT:2026-10-08 07:38:19 490:490 SyncActivityProfilerHandler.cpp:59] profiler_stop
USDT:2026-10-08 07:38:19 494:494 SyncActivityProfilerHandler.cpp:59] profiler_stopUSDT:2026-10-08 07:38:19 495:495 SyncActivityProfilerHandler.cpp:59] profiler_stop

USDT:2026-10-08 07:38:19 489:489 SyncActivityProfilerHandler.cpp:59] profiler_stop
USDT:2026-10-08 07:38:19 492:492 SyncActivityProfilerHandler.cpp:59] profiler_stop
   + EP:   5/16 | reduced combine: 63 GB/s (SO), 207 GB/s (SU), 3719.000 us, 770211008 bytes | reduce: 5325 GB/s, 66.123 us
   + EP:   2/16 | reduced combine: 63 GB/s (SO), 205 GB/s (SU), 3742.000 us, 767035680 bytes | reduce: 5330 GB/s, 66.102 us
   + EP:   3/16 | reduced combine: 64 GB/s (SO), 209 GB/s (SU), 3678.000 us, 769406400 bytes | reduce: 5327 GB/s, 66.147 us
   + EP:   7/16 | reduced combine: 61 GB/s (SO), 200 GB/s (SU), 3834.000 us, 767337408 bytes | reduce: 5348 GB/s, 65.844 us
   + EP:   0/16 | reduced combine: 63 GB/s (SO), 204 GB/s (SU), 3722.000 us, 760253984 bytes | reduce: 5316 GB/s, 66.281 us
   + EP:   1/16 | reduced combine: 62 GB/s (SO), 202 GB/s (SU), 3809.000 us, 767825920 bytes | reduce: 5317 GB/s, 66.268 us
   + EP:   4/16 | reduced combine: 61 GB/s (SO), 200 GB/s (SU), 3851.000 us, 768659264 bytes | reduce: 5350 GB/s, 65.834 us
   + EP:   6/16 | reduced combine: 62 GB/s (SO), 203 GB/s (SU), 3750.000 us, 762595968 bytes | reduce: 5306 GB/s, 66.326 us


