=== EP_NIC_NAME=rdmap101s0 (auto, 400 Gb/s) ===
=== NCCL_IB_HCA=rdmap (auto: non-EFA ibverbs device ibp198s0f0 present) ===
=== GIN: NCCL_GIN_TYPE=5 NCCL_SYM_GIN_KERNELS_ENABLE=0 ===
=== PREFER_OVERLAP=0 (--prefer-overlap-with-compute) ===
=== IMAGE=deepep-v2-efa-official:sm103-stack8d45880xbb78750  DeepEP=33734bb238cd11aba506cd492c9fa447d3d1fe3d ===
=== DeepEP is a MERGE of: 8d45880adc39c1479fa63ef3d764a9f9ce14f95e bb787506214fdc3c290798003b74dcb0b494f286 ===
+ docker run --rm --init --gpus all --privileged --network=host --ipc=host --ulimit memlock=-1 --ulimit stack=67108864 --device=/dev/infiniband --device=/dev/gdrdrv -v /sys/class/infiniband:/sys/class/infiniband:ro -e MASTER_ADDR=172.31.9.47 -e MASTER_PORT=8616 -e WORLD_SIZE=2 -e RANK=0 -e NCCL_DEBUG=WARN -e EP_NIC_NAME=rdmap101s0 -e NCCL_IB_HCA=rdmap -e NCCL_GIN_TYPE=5 -e NCCL_SYM_GIN_KERNELS_ENABLE=0 -e PYTHONUNBUFFERED=1 -e PYTHONFAULTHANDLER=1 deepep-v2-efa-official:sm103-stack8d45880xbb78750 bash -lc 'timeout -s ABRT --kill-after=60 1800     python3 -u /opt/DeepEP/tests/elastic/test_ep.py     --num-processes=8 --num-tokens=128     --hidden=7168 --num-topk=8 --num-experts=256     --num-sms=12 --allow-hybrid-mode=1     --prefer-overlap-with-compute=0 --test-first-only      '

==========
== CUDA ==
==========

CUDA Version 13.3.1

Container image Copyright (c) 2016-2023, NVIDIA CORPORATION & AFFILIATES. All rights reserved.

This container image and its contents are governed by the NVIDIA Deep Learning Container License.
By pulling and using the container, you accept the terms and conditions of this license:
https://developer.nvidia.com/ngc/nvidia-deep-learning-container-license

A copy of this license is made available in this container at /NGC-DL-CONTAINER-LICENSE for your convenience.

NCCL version 2.31.2+cuda13.3
DeepEP hybrid kernel selection: unordered
DeepEP hybrid kernel selection: unordered
DeepEP hybrid kernel selection: unordered
DeepEP hybrid kernel selection: unordered
DeepEP hybrid kernel selection: unordered
DeepEP hybrid kernel selection: unordered
DeepEP hybrid kernel selection: unordered
DeepEP hybrid kernel selection: unordered
DeepEP hybrid kernel selection: unordered
DeepEP hybrid kernel selection: unordered
DeepEP hybrid kernel selection: unordered
DeepEP hybrid kernel selection: unordered
DeepEP hybrid kernel selection: unordered
DeepEP hybrid kernel selection: unordered
DeepEP hybrid kernel selection: unordered
DeepEP hybrid kernel selection: unordered
Config:
 > Ranks: 2 x 8
 > Experts: 8/256
 > Tokens: 128 (max: 128), hidden: 7168
 > #SM: 12, #QPs: 11/11

Running all test cases:
 > Testing with do_handle_copy=1, expert_alignment=128, use_fp8_dispatch=1, num_bias=0, with_previous_event=0, async_with_compute_stream=0, allocate_on_comm_stream=0 ...
USDT:2026-10-08 07:49:45 491:491 SyncActivityProfilerHandler.cpp:52] profiler_startUSDT:2026-10-08 07:49:45 488:488 SyncActivityProfilerHandler.cpp:52] profiler_startUSDT:2026-10-08 07:49:45 492:492 SyncActivityProfilerHandler.cpp:52] profiler_start

USDT:2026-10-08 07:49:45 493:493 SyncActivityProfilerHandler.cpp:52] profiler_start
USDT:2026-10-08 07:49:45 490:490 SyncActivityProfilerHandler.cpp:52] profiler_startUSDT:2026-10-08 07:49:45 489:489 SyncActivityProfilerHandler.cpp:52] profiler_start
USDT:2026-10-08 07:49:45 494:494 SyncActivityProfilerHandler.cpp:52] profiler_start
USDT:2026-10-08 07:49:45 487:487 SyncActivityProfilerHandler.cpp:52] profiler_start


USDT:2026-10-08 07:49:45 494:494 SyncActivityProfilerHandler.cpp:59] profiler_stopUSDT:2026-10-08 07:49:45 490:490 SyncActivityProfilerHandler.cpp:59] profiler_stopUSDT:2026-10-08 07:49:45 487:487 SyncActivityProfilerHandler.cpp:59] profiler_stopUSDT:2026-10-08 07:49:45 488:488 SyncActivityProfilerHandler.cpp:59] profiler_stop
USDT:2026-10-08 07:49:45 489:489 SyncActivityProfilerHandler.cpp:59] profiler_stop
USDT:2026-10-08 07:49:45 491:491 SyncActivityProfilerHandler.cpp:59] profiler_stop

USDT:2026-10-08 07:49:45 493:493 SyncActivityProfilerHandler.cpp:59] profiler_stopUSDT:2026-10-08 07:49:45 492:492 SyncActivityProfilerHandler.cpp:59] profiler_stop



   * EP:   4/16 | dispatch: 14 GB/s (SO), 43 GB/s (SU), 131.543 us, 5623488 bytes | copy: 1089 GB/s, 10.325 us
   * EP:   0/16 | dispatch: 14 GB/s (SO), 44 GB/s (SU), 132.151 us, 5750784 bytes | copy: 880 GB/s, 13.076 us
   * EP:   6/16 | dispatch: 14 GB/s (SO), 46 GB/s (SU), 129.605 us, 5937984 bytes | copy: 1298 GB/s, 9.148 us
   * EP:   3/16 | dispatch: 14 GB/s (SO), 44 GB/s (SU), 132.179 us, 5855616 bytes | copy: 678 GB/s, 17.275 us
   * EP:   7/16 | dispatch: 14 GB/s (SO), 45 GB/s (SU), 131.432 us, 5937984 bytes | copy: 1307 GB/s, 9.088 us
   * EP:   5/16 | dispatch: 14 GB/s (SO), 43 GB/s (SU), 131.717 us, 5705856 bytes | copy: 1106 GB/s, 10.319 us
   * EP:   1/16 | dispatch: 15 GB/s (SO), 44 GB/s (SU), 129.854 us, 5720832 bytes | copy: 895 GB/s, 12.786 us
   * EP:   2/16 | dispatch: 14 GB/s (SO), 45 GB/s (SU), 130.254 us, 5840640 bytes | copy: 942 GB/s, 12.394 us
USDT:2026-10-08 07:49:45 490:490 SyncActivityProfilerHandler.cpp:52] profiler_start
USDT:2026-10-08 07:49:45 488:488 SyncActivityProfilerHandler.cpp:52] profiler_startUSDT:2026-10-08 07:49:45 487:487 SyncActivityProfilerHandler.cpp:52] profiler_startUSDT:2026-10-08 07:49:45 489:489 SyncActivityProfilerHandler.cpp:52] profiler_startUSDT:2026-10-08 07:49:45 494:494 SyncActivityProfilerHandler.cpp:52] profiler_start


USDT:2026-10-08 07:49:45 492:492 SyncActivityProfilerHandler.cpp:52] profiler_start
USDT:2026-10-08 07:49:45 491:491 SyncActivityProfilerHandler.cpp:52] profiler_start

USDT:2026-10-08 07:49:45 493:493 SyncActivityProfilerHandler.cpp:52] profiler_start
USDT:2026-10-08 07:49:46 491:491 SyncActivityProfilerHandler.cpp:59] profiler_stopUSDT:2026-10-08 07:49:46 488:488 SyncActivityProfilerHandler.cpp:59] profiler_stop
USDT:2026-10-08 07:49:46 490:490 SyncActivityProfilerHandler.cpp:59] profiler_stop
USDT:2026-10-08 07:49:46 487:487 SyncActivityProfilerHandler.cpp:59] profiler_stopUSDT:2026-10-08 07:49:46 492:492 SyncActivityProfilerHandler.cpp:59] profiler_stop

USDT:2026-10-08 07:49:46 494:494 SyncActivityProfilerHandler.cpp:59] profiler_stop
USDT:2026-10-08 07:49:46 489:489 SyncActivityProfilerHandler.cpp:59] profiler_stop
USDT:2026-10-08 07:49:46 493:493 SyncActivityProfilerHandler.cpp:59] profiler_stop

   - EP:   4/16 | expanded dispatch: 14 GB/s (SO), 43 GB/s (SU), 130.078 us, 5623488 bytes | copy: 1874 GB/s, 10.910 us
   - EP:   5/16 | expanded dispatch: 14 GB/s (SO), 44 GB/s (SU), 130.974 us, 5705856 bytes | copy: 1814 GB/s, 11.326 us
   - EP:   1/16 | expanded dispatch: 15 GB/s (SO), 45 GB/s (SU), 128.332 us, 5720832 bytes | copy: 1661 GB/s, 12.355 us
   - EP:   6/16 | expanded dispatch: 14 GB/s (SO), 46 GB/s (SU), 128.717 us, 5937984 bytes | copy: 2162 GB/s, 9.634 us
   - EP:   3/16 | expanded dispatch: 14 GB/s (SO), 45 GB/s (SU), 130.577 us, 5855616 bytes | copy: 1225 GB/s, 16.874 us
   - EP:   7/16 | expanded dispatch: 14 GB/s (SO), 45 GB/s (SU), 130.825 us, 5937984 bytes | copy: 1811 GB/s, 11.439 us
   - EP:   2/16 | expanded dispatch: 15 GB/s (SO), 45 GB/s (SU), 128.654 us, 5840640 bytes | copy: 1799 GB/s, 11.508 us
   - EP:   0/16 | expanded dispatch: 15 GB/s (SO), 44 GB/s (SU), 130.312 us, 5750784 bytes | copy: 1606 GB/s, 12.816 us
USDT:2026-10-08 07:49:46 491:491 SyncActivityProfilerHandler.cpp:52] profiler_startUSDT:2026-10-08 07:49:46 492:492 SyncActivityProfilerHandler.cpp:52] profiler_startUSDT:2026-10-08 07:49:46 488:488 SyncActivityProfilerHandler.cpp:52] profiler_startUSDT:2026-10-08 07:49:46 489:489 SyncActivityProfilerHandler.cpp:52] profiler_startUSDT:2026-10-08 07:49:46 493:493 SyncActivityProfilerHandler.cpp:52] profiler_startUSDT:2026-10-08 07:49:46 490:490 SyncActivityProfilerHandler.cpp:52] profiler_start

USDT:2026-10-08 07:49:46 494:494 SyncActivityProfilerHandler.cpp:52] profiler_startUSDT:2026-10-08 07:49:46 487:487 SyncActivityProfilerHandler.cpp:52] profiler_start





USDT:2026-10-08 07:49:46 492:492 SyncActivityProfilerHandler.cpp:59] profiler_stopUSDT:2026-10-08 07:49:46 488:488 SyncActivityProfilerHandler.cpp:59] profiler_stop
USDT:2026-10-08 07:49:46 491:491 SyncActivityProfilerHandler.cpp:59] profiler_stop

USDT:2026-10-08 07:49:46 490:490 SyncActivityProfilerHandler.cpp:59] profiler_stop
USDT:2026-10-08 07:49:46 494:494 SyncActivityProfilerHandler.cpp:59] profiler_stop
USDT:2026-10-08 07:49:46 493:493 SyncActivityProfilerHandler.cpp:59] profiler_stopUSDT:2026-10-08 07:49:46 487:487 SyncActivityProfilerHandler.cpp:59] profiler_stopUSDT:2026-10-08 07:49:46 489:489 SyncActivityProfilerHandler.cpp:59] profiler_stop


   # EP:   4/16 | cached dispatch: 15 GB/s (SO), 47 GB/s (SU), 120.049 us, 5623488 bytes | copy: 905 GB/s, 12.425 us
   # EP:   5/16 | cached dispatch: 15 GB/s (SO), 48 GB/s (SU), 120.097 us, 5705856 bytes | copy: 827 GB/s, 13.794 us
   # EP:   7/16 | cached dispatch: 15 GB/s (SO), 50 GB/s (SU), 119.347 us, 5937984 bytes | copy: 1129 GB/s, 10.521 us
   # EP:   3/16 | cached dispatch: 16 GB/s (SO), 49 GB/s (SU), 119.918 us, 5855616 bytes | copy: 607 GB/s, 19.284 us
   # EP:   1/16 | cached dispatch: 16 GB/s (SO), 49 GB/s (SU), 117.755 us, 5720832 bytes | copy: 462 GB/s, 24.780 us
   # EP:   0/16 | cached dispatch: 16 GB/s (SO), 48 GB/s (SU), 119.281 us, 5750784 bytes | copy: 1021 GB/s, 11.261 us
   # EP:   2/16 | cached dispatch: 16 GB/s (SO), 50 GB/s (SU), 117.680 us, 5840640 bytes | copy: 1135 GB/s, 10.292 us
   # EP:   6/16 | cached dispatch: 15 GB/s (SO), 50 GB/s (SU), 117.599 us, 5937984 bytes | copy: 1071 GB/s, 11.086 us
USDT:2026-10-08 07:49:47 490:490 SyncActivityProfilerHandler.cpp:52] profiler_startUSDT:2026-10-08 07:49:47 488:488 SyncActivityProfilerHandler.cpp:52] profiler_startUSDT:2026-10-08 07:49:47 491:491 SyncActivityProfilerHandler.cpp:52] profiler_start
USDT:2026-10-08 07:49:47 492:492 SyncActivityProfilerHandler.cpp:52] profiler_start


USDT:2026-10-08 07:49:47 494:494 SyncActivityProfilerHandler.cpp:52] profiler_startUSDT:2026-10-08 07:49:47 487:487 SyncActivityProfilerHandler.cpp:52] profiler_start

USDT:2026-10-08 07:49:47 489:489 SyncActivityProfilerHandler.cpp:52] profiler_startUSDT:2026-10-08 07:49:47 493:493 SyncActivityProfilerHandler.cpp:52] profiler_start

USDT:2026-10-08 07:49:47 490:490 SyncActivityProfilerHandler.cpp:59] profiler_stopUSDT:2026-10-08 07:49:47 487:487 SyncActivityProfilerHandler.cpp:59] profiler_stopUSDT:2026-10-08 07:49:47 492:492 SyncActivityProfilerHandler.cpp:59] profiler_stop

USDT:2026-10-08 07:49:47 488:488 SyncActivityProfilerHandler.cpp:59] profiler_stop

USDT:2026-10-08 07:49:47 491:491 SyncActivityProfilerHandler.cpp:59] profiler_stop
USDT:2026-10-08 07:49:47 489:489 SyncActivityProfilerHandler.cpp:59] profiler_stopUSDT:2026-10-08 07:49:47 494:494 SyncActivityProfilerHandler.cpp:59] profiler_stop

USDT:2026-10-08 07:49:47 493:493 SyncActivityProfilerHandler.cpp:59] profiler_stop
   @ EP:   4/16 | combine: 21 GB/s (SO), 64 GB/s (SU), 167.404 us, 10790368 bytes | reduce: 982 GB/s, 5.411 us
   @ EP:   7/16 | combine: 20 GB/s (SO), 67 GB/s (SU), 169.939 us, 11393824 bytes | reduce: 962 GB/s, 5.421 us
   @ EP:   5/16 | combine: 21 GB/s (SO), 66 GB/s (SU), 164.640 us, 10948416 bytes | reduce: 974 GB/s, 5.426 us
   @ EP:   3/16 | combine: 23 GB/s (SO), 72 GB/s (SU), 155.955 us, 11235776 bytes | reduce: 989 GB/s, 5.448 us
   @ EP:   0/16 | combine: 22 GB/s (SO), 65 GB/s (SU), 170.379 us, 11034624 bytes | reduce: 1014 GB/s, 5.428 us
   @ EP:   1/16 | combine: 23 GB/s (SO), 70 GB/s (SU), 157.170 us, 10977152 bytes | reduce: 1030 GB/s, 5.314 us
   @ EP:   2/16 | combine: 21 GB/s (SO), 66 GB/s (SU), 170.097 us, 11207040 bytes | reduce: 1011 GB/s, 5.373 us   @ EP:   6/16 | combine: 21 GB/s (SO), 68 GB/s (SU), 166.542 us, 11393824 bytes | reduce: 983 GB/s, 5.308 us

USDT:2026-10-08 07:49:48 490:490 SyncActivityProfilerHandler.cpp:52] profiler_startUSDT:2026-10-08 07:49:48 488:488 SyncActivityProfilerHandler.cpp:52] profiler_startUSDT:2026-10-08 07:49:48 492:492 SyncActivityProfilerHandler.cpp:52] profiler_start

USDT:2026-10-08 07:49:48 491:491 SyncActivityProfilerHandler.cpp:52] profiler_start

USDT:2026-10-08 07:49:48 489:489 SyncActivityProfilerHandler.cpp:52] profiler_startUSDT:2026-10-08 07:49:48 494:494 SyncActivityProfilerHandler.cpp:52] profiler_start

USDT:2026-10-08 07:49:48 487:487 SyncActivityProfilerHandler.cpp:52] profiler_start
USDT:2026-10-08 07:49:48 493:493 SyncActivityProfilerHandler.cpp:52] profiler_start
USDT:2026-10-08 07:49:48 490:490 SyncActivityProfilerHandler.cpp:59] profiler_stopUSDT:2026-10-08 07:49:48 488:488 SyncActivityProfilerHandler.cpp:59] profiler_stopUSDT:2026-10-08 07:49:48 492:492 SyncActivityProfilerHandler.cpp:59] profiler_stop


USDT:2026-10-08 07:49:48 493:493 SyncActivityProfilerHandler.cpp:59] profiler_stopUSDT:2026-10-08 07:49:48 494:494 SyncActivityProfilerHandler.cpp:59] profiler_stop

USDT:2026-10-08 07:49:48 489:489 SyncActivityProfilerHandler.cpp:59] profiler_stop
USDT:2026-10-08 07:49:48 491:491 SyncActivityProfilerHandler.cpp:59] profiler_stopUSDT:2026-10-08 07:49:48 487:487 SyncActivityProfilerHandler.cpp:59] profiler_stop

   + EP:   5/16 | reduced combine: 20 GB/s (SO), 61 GB/s (SU), 178.884 us, 10948416 bytes | reduce: 972 GB/s, 5.438 us
   + EP:   6/16 | reduced combine: 19 GB/s (SO), 62 GB/s (SU), 184.090 us, 11393824 bytes | reduce: 983 GB/s, 5.306 us
   + EP:   2/16 | reduced combine: 19 GB/s (SO), 59 GB/s (SU), 189.280 us, 11207040 bytes | reduce: 1004 GB/s, 5.412 us
   + EP:   7/16 | reduced combine: 18 GB/s (SO), 61 GB/s (SU), 188.061 us, 11393824 bytes | reduce: 961 GB/s, 5.429 us
   + EP:   0/16 | reduced combine: 19 GB/s (SO), 59 GB/s (SU), 188.290 us, 11034624 bytes | reduce: 1011 GB/s, 5.442 us
   + EP:   1/16 | reduced combine: 21 GB/s (SO), 62 GB/s (SU), 176.141 us, 10977152 bytes | reduce: 1006 GB/s, 5.442 us
   + EP:   3/16 | reduced combine: 21 GB/s (SO), 65 GB/s (SU), 173.804 us, 11235776 bytes | reduce: 998 GB/s, 5.401 us
   + EP:   4/16 | reduced combine: 19 GB/s (SO), 59 GB/s (SU), 184.400 us, 10790368 bytes | reduce: 981 GB/s, 5.417 us


