=== EP_NIC_NAME=rdmap101s0 (auto, 400 Gb/s) ===
=== NCCL_IB_HCA=rdmap (auto: non-EFA ibverbs device ibp198s0f0 present) ===
=== GIN: NCCL_GIN_TYPE=5 NCCL_SYM_GIN_KERNELS_ENABLE=0 ===
=== PREFER_OVERLAP=0 (--prefer-overlap-with-compute) ===
=== IMAGE=deepep-v2-efa-official:sm103-stack8d45880xbb78750  DeepEP=33734bb238cd11aba506cd492c9fa447d3d1fe3d ===
=== DeepEP is a MERGE of: 8d45880adc39c1479fa63ef3d764a9f9ce14f95e bb787506214fdc3c290798003b74dcb0b494f286 ===
+ docker run --rm --init --gpus all --privileged --network=host --ipc=host --ulimit memlock=-1 --ulimit stack=67108864 --device=/dev/infiniband --device=/dev/gdrdrv -v /sys/class/infiniband:/sys/class/infiniband:ro -e MASTER_ADDR=172.31.9.47 -e MASTER_PORT=8620 -e WORLD_SIZE=2 -e RANK=1 -e NCCL_DEBUG=WARN -e EP_NIC_NAME=rdmap101s0 -e NCCL_IB_HCA=rdmap -e NCCL_GIN_TYPE=5 -e NCCL_SYM_GIN_KERNELS_ENABLE=0 -e PYTHONUNBUFFERED=1 -e PYTHONFAULTHANDLER=1 deepep-v2-efa-official:sm103-stack8d45880xbb78750 bash -lc 'timeout -s ABRT --kill-after=60 1800     python3 -u /opt/DeepEP/tests/elastic/test_ep.py     --num-processes=8 --num-tokens=8192     --hidden=7168 --num-topk=8 --num-experts=256     --num-sms=12 --allow-hybrid-mode=1     --prefer-overlap-with-compute=0 --test-first-only      '

==========
== CUDA ==
==========

CUDA Version 13.3.1

Container image Copyright (c) 2016-2023, NVIDIA CORPORATION & AFFILIATES. All rights reserved.

This container image and its contents are governed by the NVIDIA Deep Learning Container License.
By pulling and using the container, you accept the terms and conditions of this license:
https://developer.nvidia.com/ngc/nvidia-deep-learning-container-license

A copy of this license is made available in this container at /NGC-DL-CONTAINER-LICENSE for your convenience.

DeepEP hybrid kernel selection: unordered
DeepEP hybrid kernel selection: unordered
DeepEP hybrid kernel selection: unordered
DeepEP hybrid kernel selection: unordered
DeepEP hybrid kernel selection: unordered
DeepEP hybrid kernel selection: unordered
DeepEP hybrid kernel selection: unordered
DeepEP hybrid kernel selection: unordered
DeepEP hybrid kernel selection: unordered
DeepEP hybrid kernel selection: unordered
DeepEP hybrid kernel selection: unordered
DeepEP hybrid kernel selection: unordered
DeepEP hybrid kernel selection: unordered
DeepEP hybrid kernel selection: unordered
DeepEP hybrid kernel selection: unordered
DeepEP hybrid kernel selection: unordered
Config:
 > Ranks: 2 x 8
 > Experts: 8/256
 > Tokens: 8184 (max: 8192), hidden: 7168
 > #SM: 12, #QPs: 11/11

Running all test cases:
 > Testing with do_handle_copy=1, expert_alignment=128, use_fp8_dispatch=1, num_bias=0, with_previous_event=0, async_with_compute_stream=0, allocate_on_comm_stream=0 ...
USDT:2026-10-08 08:01:21 489:489 SyncActivityProfilerHandler.cpp:52] profiler_startUSDT:2026-10-08 08:01:21 494:494 SyncActivityProfilerHandler.cpp:52] profiler_startUSDT:2026-10-08 08:01:21 495:495 SyncActivityProfilerHandler.cpp:52] profiler_startUSDT:2026-10-08 08:01:21 491:491 SyncActivityProfilerHandler.cpp:52] profiler_startUSDT:2026-10-08 08:01:21 492:492 SyncActivityProfilerHandler.cpp:52] profiler_startUSDT:2026-10-08 08:01:21 493:493 SyncActivityProfilerHandler.cpp:52] profiler_startUSDT:2026-10-08 08:01:21 490:490 SyncActivityProfilerHandler.cpp:52] profiler_start






USDT:2026-10-08 08:01:21 496:496 SyncActivityProfilerHandler.cpp:52] profiler_start
USDT:2026-10-08 08:01:22 492:492 SyncActivityProfilerHandler.cpp:59] profiler_stopUSDT:2026-10-08 08:01:22 491:491 SyncActivityProfilerHandler.cpp:59] profiler_stopUSDT:2026-10-08 08:01:22 490:490 SyncActivityProfilerHandler.cpp:59] profiler_stop


USDT:2026-10-08 08:01:22 494:494 SyncActivityProfilerHandler.cpp:59] profiler_stopUSDT:2026-10-08 08:01:22 489:489 SyncActivityProfilerHandler.cpp:59] profiler_stop

USDT:2026-10-08 08:01:22 496:496 SyncActivityProfilerHandler.cpp:59] profiler_stopUSDT:2026-10-08 08:01:22 495:495 SyncActivityProfilerHandler.cpp:59] profiler_stop

USDT:2026-10-08 08:01:22 493:493 SyncActivityProfilerHandler.cpp:59] profiler_stop
   * EP:  11/16 | dispatch: 122 GB/s (SO), 400 GB/s (SU), 999.097 us, 399177792 bytes | copy: 4429 GB/s, 180.254 us
   * EP:  10/16 | dispatch: 122 GB/s (SO), 401 GB/s (SU), 1001.000 us, 401364288 bytes | copy: 4681 GB/s, 171.504 us
   * EP:   9/16 | dispatch: 122 GB/s (SO), 400 GB/s (SU), 999.034 us, 399499776 bytes | copy: 4228 GB/s, 188.959 us
   * EP:  14/16 | dispatch: 122 GB/s (SO), 402 GB/s (SU), 1001.000 us, 402105600 bytes | copy: 4728 GB/s, 170.109 us
   * EP:  12/16 | dispatch: 122 GB/s (SO), 400 GB/s (SU), 1001.000 us, 400622976 bytes | copy: 4778 GB/s, 167.710 us
   * EP:   8/16 | dispatch: 122 GB/s (SO), 396 GB/s (SU), 1002.000 us, 397245888 bytes | copy: 5729 GB/s, 138.691 us
   * EP:  13/16 | dispatch: 122 GB/s (SO), 399 GB/s (SU), 1001.000 us, 399612096 bytes | copy: 4673 GB/s, 171.038 us
   * EP:  15/16 | dispatch: 122 GB/s (SO), 400 GB/s (SU), 1002.000 us, 401132160 bytes | copy: 5290 GB/s, 151.670 us
USDT:2026-10-08 08:01:22 489:489 SyncActivityProfilerHandler.cpp:52] profiler_startUSDT:2026-10-08 08:01:22 490:490 SyncActivityProfilerHandler.cpp:52] profiler_startUSDT:2026-10-08 08:01:22 494:494 SyncActivityProfilerHandler.cpp:52] profiler_startUSDT:2026-10-08 08:01:22 492:492 SyncActivityProfilerHandler.cpp:52] profiler_start



USDT:2026-10-08 08:01:22 491:491 SyncActivityProfilerHandler.cpp:52] profiler_startUSDT:2026-10-08 08:01:22 496:496 SyncActivityProfilerHandler.cpp:52] profiler_startUSDT:2026-10-08 08:01:22 493:493 SyncActivityProfilerHandler.cpp:52] profiler_start
USDT:2026-10-08 08:01:22 495:495 SyncActivityProfilerHandler.cpp:52] profiler_start


USDT:2026-10-08 08:01:22 491:491 SyncActivityProfilerHandler.cpp:59] profiler_stop
USDT:2026-10-08 08:01:22 494:494 SyncActivityProfilerHandler.cpp:59] profiler_stop
USDT:2026-10-08 08:01:22 492:492 SyncActivityProfilerHandler.cpp:59] profiler_stopUSDT:2026-10-08 08:01:22 495:495 SyncActivityProfilerHandler.cpp:59] profiler_stopUSDT:2026-10-08 08:01:22 489:489 SyncActivityProfilerHandler.cpp:59] profiler_stop
USDT:2026-10-08 08:01:22 496:496 SyncActivityProfilerHandler.cpp:59] profiler_stop
USDT:2026-10-08 08:01:22 490:490 SyncActivityProfilerHandler.cpp:59] profiler_stop
USDT:2026-10-08 08:01:22 493:493 SyncActivityProfilerHandler.cpp:59] profiler_stop


   - EP:  10/16 | expanded dispatch: 122 GB/s (SO), 400 GB/s (SU), 1004.000 us, 401364288 bytes | copy: 4239 GB/s, 213.060 us
   - EP:  11/16 | expanded dispatch: 122 GB/s (SO), 398 GB/s (SU), 1002.000 us, 399177792 bytes | copy: 4055 GB/s, 221.776 us
   - EP:  13/16 | expanded dispatch: 121 GB/s (SO), 398 GB/s (SU), 1004.000 us, 399612096 bytes | copy: 4252 GB/s, 211.269 us
   - EP:  14/16 | expanded dispatch: 122 GB/s (SO), 401 GB/s (SU), 1004.000 us, 402105600 bytes | copy: 4228 GB/s, 213.715 us
   - EP:   9/16 | expanded dispatch: 122 GB/s (SO), 399 GB/s (SU), 1002.000 us, 399499776 bytes | copy: 3921 GB/s, 229.193 us
   - EP:   8/16 | expanded dispatch: 122 GB/s (SO), 395 GB/s (SU), 1005.000 us, 397245888 bytes | copy: 5185 GB/s, 172.281 us
   - EP:  12/16 | expanded dispatch: 122 GB/s (SO), 399 GB/s (SU), 1005.000 us, 400622976 bytes | copy: 4361 GB/s, 206.453 us
   - EP:  15/16 | expanded dispatch: 122 GB/s (SO), 400 GB/s (SU), 1004.000 us, 401132160 bytes | copy: 4779 GB/s, 188.374 us
USDT:2026-10-08 08:01:23 490:490 SyncActivityProfilerHandler.cpp:52] profiler_startUSDT:2026-10-08 08:01:23 494:494 SyncActivityProfilerHandler.cpp:52] profiler_startUSDT:2026-10-08 08:01:23 491:491 SyncActivityProfilerHandler.cpp:52] profiler_startUSDT:2026-10-08 08:01:23 495:495 SyncActivityProfilerHandler.cpp:52] profiler_start


USDT:2026-10-08 08:01:23 492:492 SyncActivityProfilerHandler.cpp:52] profiler_start
USDT:2026-10-08 08:01:23 496:496 SyncActivityProfilerHandler.cpp:52] profiler_start

USDT:2026-10-08 08:01:23 493:493 SyncActivityProfilerHandler.cpp:52] profiler_startUSDT:2026-10-08 08:01:23 489:489 SyncActivityProfilerHandler.cpp:52] profiler_start

USDT:2026-10-08 08:01:23 495:495 SyncActivityProfilerHandler.cpp:59] profiler_stop
USDT:2026-10-08 08:01:23 496:496 SyncActivityProfilerHandler.cpp:59] profiler_stopUSDT:2026-10-08 08:01:23 492:492 SyncActivityProfilerHandler.cpp:59] profiler_stopUSDT:2026-10-08 08:01:23 491:491 SyncActivityProfilerHandler.cpp:59] profiler_stop


USDT:2026-10-08 08:01:23 489:489 SyncActivityProfilerHandler.cpp:59] profiler_stopUSDT:2026-10-08 08:01:23 490:490 SyncActivityProfilerHandler.cpp:59] profiler_stopUSDT:2026-10-08 08:01:23 494:494 SyncActivityProfilerHandler.cpp:59] profiler_stop


USDT:2026-10-08 08:01:23 493:493 SyncActivityProfilerHandler.cpp:59] profiler_stop
   # EP:  11/16 | cached dispatch: 123 GB/s (SO), 403 GB/s (SU), 989.292 us, 399177792 bytes | copy: 4350 GB/s, 183.519 us
   # EP:   8/16 | cached dispatch: 123 GB/s (SO), 400 GB/s (SU), 991.970 us, 397245888 bytes | copy: 5767 GB/s, 137.766 us
   # EP:  13/16 | cached dispatch: 123 GB/s (SO), 403 GB/s (SU), 991.639 us, 399612096 bytes | copy: 5060 GB/s, 157.958 us
   # EP:  10/16 | cached dispatch: 123 GB/s (SO), 405 GB/s (SU), 992.009 us, 401364288 bytes | copy: 4958 GB/s, 161.910 us
   # EP:   9/16 | cached dispatch: 124 GB/s (SO), 404 GB/s (SU), 989.408 us, 399499776 bytes | copy: 4186 GB/s, 190.860 us
   # EP:  14/16 | cached dispatch: 123 GB/s (SO), 405 GB/s (SU), 991.799 us, 402105600 bytes | copy: 4925 GB/s, 163.296 us
   # EP:  12/16 | cached dispatch: 123 GB/s (SO), 404 GB/s (SU), 992.101 us, 400622976 bytes | copy: 5090 GB/s, 157.406 us
   # EP:  15/16 | cached dispatch: 123 GB/s (SO), 404 GB/s (SU), 991.740 us, 401132160 bytes | copy: 5495 GB/s, 145.991 us
USDT:2026-10-08 08:01:24 490:490 SyncActivityProfilerHandler.cpp:52] profiler_start
USDT:2026-10-08 08:01:24 491:491 SyncActivityProfilerHandler.cpp:52] profiler_start
USDT:2026-10-08 08:01:24 495:495 SyncActivityProfilerHandler.cpp:52] profiler_start
USDT:2026-10-08 08:01:24 492:492 SyncActivityProfilerHandler.cpp:52] profiler_start
USDT:2026-10-08 08:01:24 494:494 SyncActivityProfilerHandler.cpp:52] profiler_start
USDT:2026-10-08 08:01:24 489:489 SyncActivityProfilerHandler.cpp:52] profiler_start
USDT:2026-10-08 08:01:24 493:493 SyncActivityProfilerHandler.cpp:52] profiler_start
USDT:2026-10-08 08:01:24 496:496 SyncActivityProfilerHandler.cpp:52] profiler_start
USDT:2026-10-08 08:01:24 490:490 SyncActivityProfilerHandler.cpp:59] profiler_stop
USDT:2026-10-08 08:01:24 491:491 SyncActivityProfilerHandler.cpp:59] profiler_stop
USDT:2026-10-08 08:01:24 495:495 SyncActivityProfilerHandler.cpp:59] profiler_stop
USDT:2026-10-08 08:01:24 492:492 SyncActivityProfilerHandler.cpp:59] profiler_stop
USDT:2026-10-08 08:01:24 494:494 SyncActivityProfilerHandler.cpp:59] profiler_stop
USDT:2026-10-08 08:01:24 489:489 SyncActivityProfilerHandler.cpp:59] profiler_stop
USDT:2026-10-08 08:01:24 496:496 SyncActivityProfilerHandler.cpp:59] profiler_stop
USDT:2026-10-08 08:01:24 493:493 SyncActivityProfilerHandler.cpp:59] profiler_stop
   @ EP:   9/16 | combine: 85 GB/s (SO), 278 GB/s (SU), 2759.000 us, 766561536 bytes | reduce: 5294 GB/s, 66.496 us
   @ EP:  14/16 | combine: 76 GB/s (SO), 252 GB/s (SU), 3065.000 us, 771561600 bytes | reduce: 5238 GB/s, 67.122 us
   @ EP:  10/16 | combine: 77 GB/s (SO), 252 GB/s (SU), 3058.000 us, 770139168 bytes | reduce: 5245 GB/s, 67.072 us
   @ EP:  13/16 | combine: 74 GB/s (SO), 242 GB/s (SU), 3162.000 us, 766777056 bytes | reduce: 5250 GB/s, 66.963 us
   @ EP:  11/16 | combine: 75 GB/s (SO), 246 GB/s (SU), 3112.000 us, 765943712 bytes | reduce: 5331 GB/s, 66.013 us
   @ EP:  15/16 | combine: 71 GB/s (SO), 233 GB/s (SU), 3306.000 us, 769693760 bytes | reduce: 5269 GB/s, 66.729 us
   @ EP:   8/16 | combine: 72 GB/s (SO), 233 GB/s (SU), 3274.000 us, 762236768 bytes | reduce: 5275 GB/s, 66.748 us
   @ EP:  12/16 | combine: 71 GB/s (SO), 234 GB/s (SU), 3281.000 us, 768716736 bytes | reduce: 5276 GB/s, 66.703 us
USDT:2026-10-08 08:01:25 492:492 SyncActivityProfilerHandler.cpp:52] profiler_start
USDT:2026-10-08 08:01:25 495:495 SyncActivityProfilerHandler.cpp:52] profiler_start
USDT:2026-10-08 08:01:25 494:494 SyncActivityProfilerHandler.cpp:52] profiler_startUSDT:2026-10-08 08:01:25 489:489 SyncActivityProfilerHandler.cpp:52] profiler_start

USDT:2026-10-08 08:01:25 491:491 SyncActivityProfilerHandler.cpp:52] profiler_start
USDT:2026-10-08 08:01:25 490:490 SyncActivityProfilerHandler.cpp:52] profiler_start
USDT:2026-10-08 08:01:25 496:496 SyncActivityProfilerHandler.cpp:52] profiler_start
USDT:2026-10-08 08:01:25 493:493 SyncActivityProfilerHandler.cpp:52] profiler_start
USDT:2026-10-08 08:01:25 492:492 SyncActivityProfilerHandler.cpp:59] profiler_stop
USDT:2026-10-08 08:01:25 494:494 SyncActivityProfilerHandler.cpp:59] profiler_stopUSDT:2026-10-08 08:01:25 491:491 SyncActivityProfilerHandler.cpp:59] profiler_stop
USDT:2026-10-08 08:01:25 495:495 SyncActivityProfilerHandler.cpp:59] profiler_stop
USDT:2026-10-08 08:01:25 489:489 SyncActivityProfilerHandler.cpp:59] profiler_stop

USDT:2026-10-08 08:01:25 490:490 SyncActivityProfilerHandler.cpp:59] profiler_stop
USDT:2026-10-08 08:01:25 496:496 SyncActivityProfilerHandler.cpp:59] profiler_stop
USDT:2026-10-08 08:01:25 493:493 SyncActivityProfilerHandler.cpp:59] profiler_stop
   + EP:  14/16 | reduced combine: 62 GB/s (SO), 205 GB/s (SU), 3760.000 us, 771561600 bytes | reduce: 5331 GB/s, 65.946 us
   + EP:  10/16 | reduced combine: 62 GB/s (SO), 205 GB/s (SU), 3765.000 us, 770139168 bytes | reduce: 5318 GB/s, 66.151 us
   + EP:   9/16 | reduced combine: 61 GB/s (SO), 201 GB/s (SU), 3816.000 us, 766561536 bytes | reduce: 5326 GB/s, 66.097 us
   + EP:   8/16 | reduced combine: 62 GB/s (SO), 203 GB/s (SU), 3755.000 us, 762236768 bytes | reduce: 5273 GB/s, 66.772 us
   + EP:  11/16 | reduced combine: 63 GB/s (SO), 207 GB/s (SU), 3706.000 us, 765943712 bytes | reduce: 5308 GB/s, 66.292 us
   + EP:  15/16 | reduced combine: 61 GB/s (SO), 200 GB/s (SU), 3858.000 us, 769693760 bytes | reduce: 5279 GB/s, 66.601 us
   + EP:  13/16 | reduced combine: 62 GB/s (SO), 204 GB/s (SU), 3753.000 us, 766777056 bytes | reduce: 5293 GB/s, 66.421 us
   + EP:  12/16 | reduced combine: 61 GB/s (SO), 199 GB/s (SU), 3862.000 us, 768716736 bytes | reduce: 5236 GB/s, 67.205 us


