=== EP_NIC_NAME=rdmap101s0 (auto, 400 Gb/s) ===
=== NCCL_IB_HCA=rdmap (auto: non-EFA ibverbs device ibp198s0f0 present) ===
=== GIN: NCCL_GIN_TYPE=5 NCCL_SYM_GIN_KERNELS_ENABLE=0 ===
=== PREFER_OVERLAP=0 (--prefer-overlap-with-compute) ===
=== IMAGE=deepep-v2-efa-official:sm103-stack8d45880xbb78750  DeepEP=33734bb238cd11aba506cd492c9fa447d3d1fe3d ===
=== DeepEP is a MERGE of: 8d45880adc39c1479fa63ef3d764a9f9ce14f95e bb787506214fdc3c290798003b74dcb0b494f286 ===
+ docker run --rm --init --gpus all --privileged --network=host --ipc=host --ulimit memlock=-1 --ulimit stack=67108864 --device=/dev/infiniband --device=/dev/gdrdrv -v /sys/class/infiniband:/sys/class/infiniband:ro -e MASTER_ADDR=172.31.9.47 -e MASTER_PORT=8624 -e WORLD_SIZE=2 -e RANK=1 -e NCCL_DEBUG=WARN -e EP_NIC_NAME=rdmap101s0 -e NCCL_IB_HCA=rdmap -e NCCL_GIN_TYPE=5 -e NCCL_SYM_GIN_KERNELS_ENABLE=0 -e PYTHONUNBUFFERED=1 -e PYTHONFAULTHANDLER=1 deepep-v2-efa-official:sm103-stack8d45880xbb78750 bash -lc 'timeout -s ABRT --kill-after=60 1800     python3 -u /opt/DeepEP/tests/elastic/test_ep.py     --num-processes=8 --num-tokens=128     --hidden=7168 --num-topk=8 --num-experts=256     --num-sms=12 --allow-hybrid-mode=1     --prefer-overlap-with-compute=0 --test-first-only      '

==========
== CUDA ==
==========

CUDA Version 13.3.1

Container image Copyright (c) 2016-2023, NVIDIA CORPORATION & AFFILIATES. All rights reserved.

This container image and its contents are governed by the NVIDIA Deep Learning Container License.
By pulling and using the container, you accept the terms and conditions of this license:
https://developer.nvidia.com/ngc/nvidia-deep-learning-container-license

A copy of this license is made available in this container at /NGC-DL-CONTAINER-LICENSE for your convenience.

DeepEP hybrid kernel selection: unordered
DeepEP hybrid kernel selection: unordered
DeepEP hybrid kernel selection: unordered
DeepEP hybrid kernel selection: unordered
DeepEP hybrid kernel selection: unordered
DeepEP hybrid kernel selection: unordered
DeepEP hybrid kernel selection: unordered
DeepEP hybrid kernel selection: unordered
DeepEP hybrid kernel selection: unordered
DeepEP hybrid kernel selection: unordered
DeepEP hybrid kernel selection: unordered
DeepEP hybrid kernel selection: unordered
DeepEP hybrid kernel selection: unordered
DeepEP hybrid kernel selection: unordered
DeepEP hybrid kernel selection: unordered
DeepEP hybrid kernel selection: unordered
Config:
 > Ranks: 2 x 8
 > Experts: 8/256
 > Tokens: 120 (max: 128), hidden: 7168
 > #SM: 12, #QPs: 11/11

Running all test cases:
 > Testing with do_handle_copy=1, expert_alignment=128, use_fp8_dispatch=1, num_bias=0, with_previous_event=0, async_with_compute_stream=0, allocate_on_comm_stream=0 ...
USDT:2026-10-08 08:12:47 494:494 SyncActivityProfilerHandler.cpp:52] profiler_startUSDT:2026-10-08 08:12:47 493:493 SyncActivityProfilerHandler.cpp:52] profiler_startUSDT:2026-10-08 08:12:47 495:495 SyncActivityProfilerHandler.cpp:52] profiler_start

USDT:2026-10-08 08:12:47 492:492 SyncActivityProfilerHandler.cpp:52] profiler_startUSDT:2026-10-08 08:12:47 488:488 SyncActivityProfilerHandler.cpp:52] profiler_start


USDT:2026-10-08 08:12:47 491:491 SyncActivityProfilerHandler.cpp:52] profiler_start
USDT:2026-10-08 08:12:47 490:490 SyncActivityProfilerHandler.cpp:52] profiler_start
USDT:2026-10-08 08:12:47 489:489 SyncActivityProfilerHandler.cpp:52] profiler_start
USDT:2026-10-08 08:12:47 492:492 SyncActivityProfilerHandler.cpp:59] profiler_stop
USDT:2026-10-08 08:12:47 493:493 SyncActivityProfilerHandler.cpp:59] profiler_stopUSDT:2026-10-08 08:12:47 488:488 SyncActivityProfilerHandler.cpp:59] profiler_stop
USDT:2026-10-08 08:12:47 491:491 SyncActivityProfilerHandler.cpp:59] profiler_stopUSDT:2026-10-08 08:12:47 495:495 SyncActivityProfilerHandler.cpp:59] profiler_stop
USDT:2026-10-08 08:12:47 490:490 SyncActivityProfilerHandler.cpp:59] profiler_stop


USDT:2026-10-08 08:12:47 494:494 SyncActivityProfilerHandler.cpp:59] profiler_stop
USDT:2026-10-08 08:12:47 489:489 SyncActivityProfilerHandler.cpp:59] profiler_stop
   * EP:  15/16 | dispatch: 13 GB/s (SO), 46 GB/s (SU), 129.829 us, 6005376 bytes | copy: 1135 GB/s, 10.586 us
   * EP:  10/16 | dispatch: 14 GB/s (SO), 50 GB/s (SU), 127.106 us, 6312384 bytes | copy: 603 GB/s, 20.932 us
   * EP:  13/16 | dispatch: 13 GB/s (SO), 44 GB/s (SU), 129.989 us, 5728320 bytes | copy: 718 GB/s, 15.958 us
   * EP:  14/16 | dispatch: 13 GB/s (SO), 48 GB/s (SU), 127.361 us, 6162624 bytes | copy: 691 GB/s, 17.837 us
   * EP:  12/16 | dispatch: 13 GB/s (SO), 47 GB/s (SU), 129.910 us, 6117696 bytes | copy: 905 GB/s, 13.517 us
   * EP:   8/16 | dispatch: 14 GB/s (SO), 44 GB/s (SU), 131.282 us, 5833152 bytes | copy: 747 GB/s, 15.614 us
   * EP:  11/16 | dispatch: 14 GB/s (SO), 45 GB/s (SU), 127.714 us, 5698368 bytes | copy: 817 GB/s, 13.954 us
   * EP:   9/16 | dispatch: 14 GB/s (SO), 45 GB/s (SU), 127.681 us, 5773248 bytes | copy: 609 GB/s, 18.967 us
USDT:2026-10-08 08:12:47 492:492 SyncActivityProfilerHandler.cpp:52] profiler_startUSDT:2026-10-08 08:12:47 488:488 SyncActivityProfilerHandler.cpp:52] profiler_startUSDT:2026-10-08 08:12:47 490:490 SyncActivityProfilerHandler.cpp:52] profiler_startUSDT:2026-10-08 08:12:47 493:493 SyncActivityProfilerHandler.cpp:52] profiler_start



USDT:2026-10-08 08:12:47 491:491 SyncActivityProfilerHandler.cpp:52] profiler_start
USDT:2026-10-08 08:12:47 494:494 SyncActivityProfilerHandler.cpp:52] profiler_startUSDT:2026-10-08 08:12:47 489:489 SyncActivityProfilerHandler.cpp:52] profiler_start

USDT:2026-10-08 08:12:47 495:495 SyncActivityProfilerHandler.cpp:52] profiler_start
USDT:2026-10-08 08:12:48 492:492 SyncActivityProfilerHandler.cpp:59] profiler_stopUSDT:2026-10-08 08:12:48 490:490 SyncActivityProfilerHandler.cpp:59] profiler_stopUSDT:2026-10-08 08:12:48 488:488 SyncActivityProfilerHandler.cpp:59] profiler_stop

USDT:2026-10-08 08:12:48 491:491 SyncActivityProfilerHandler.cpp:59] profiler_stop
USDT:2026-10-08 08:12:48 493:493 SyncActivityProfilerHandler.cpp:59] profiler_stop

USDT:2026-10-08 08:12:48 494:494 SyncActivityProfilerHandler.cpp:59] profiler_stopUSDT:2026-10-08 08:12:48 489:489 SyncActivityProfilerHandler.cpp:59] profiler_stop

USDT:2026-10-08 08:12:48 495:495 SyncActivityProfilerHandler.cpp:59] profiler_stop
   - EP:  15/16 | expanded dispatch: 13 GB/s (SO), 46 GB/s (SU), 129.625 us, 6005376 bytes | copy: 2098 GB/s, 9.986 us
   - EP:  12/16 | expanded dispatch: 13 GB/s (SO), 47 GB/s (SU), 129.483 us, 6117696 bytes | copy: 1534 GB/s, 13.651 us
   - EP:  11/16 | expanded dispatch: 14 GB/s (SO), 45 GB/s (SU), 127.275 us, 5698368 bytes | copy: 1576 GB/s, 13.030 us
   - EP:   8/16 | expanded dispatch: 14 GB/s (SO), 45 GB/s (SU), 130.356 us, 5833152 bytes | copy: 1488 GB/s, 13.927 us
   - EP:  13/16 | expanded dispatch: 13 GB/s (SO), 44 GB/s (SU), 129.509 us, 5728320 bytes | copy: 1520 GB/s, 13.609 us
   - EP:  14/16 | expanded dispatch: 13 GB/s (SO), 49 GB/s (SU), 126.520 us, 6162624 bytes | copy: 1250 GB/s, 16.805 us
   - EP:  10/16 | expanded dispatch: 14 GB/s (SO), 50 GB/s (SU), 126.483 us, 6312384 bytes | copy: 1055 GB/s, 20.089 us
   - EP:   9/16 | expanded dispatch: 14 GB/s (SO), 45 GB/s (SU), 127.514 us, 5773248 bytes | copy: 1152 GB/s, 17.940 us
USDT:2026-10-08 08:12:48 492:492 SyncActivityProfilerHandler.cpp:52] profiler_startUSDT:2026-10-08 08:12:48 488:488 SyncActivityProfilerHandler.cpp:52] profiler_startUSDT:2026-10-08 08:12:48 491:491 SyncActivityProfilerHandler.cpp:52] profiler_start


USDT:2026-10-08 08:12:48 493:493 SyncActivityProfilerHandler.cpp:52] profiler_startUSDT:2026-10-08 08:12:48 495:495 SyncActivityProfilerHandler.cpp:52] profiler_startUSDT:2026-10-08 08:12:48 490:490 SyncActivityProfilerHandler.cpp:52] profiler_startUSDT:2026-10-08 08:12:48 494:494 SyncActivityProfilerHandler.cpp:52] profiler_startUSDT:2026-10-08 08:12:48 489:489 SyncActivityProfilerHandler.cpp:52] profiler_start




USDT:2026-10-08 08:12:49 492:492 SyncActivityProfilerHandler.cpp:59] profiler_stop
USDT:2026-10-08 08:12:49 488:488 SyncActivityProfilerHandler.cpp:59] profiler_stop
USDT:2026-10-08 08:12:49 490:490 SyncActivityProfilerHandler.cpp:59] profiler_stopUSDT:2026-10-08 08:12:49 491:491 SyncActivityProfilerHandler.cpp:59] profiler_stop

USDT:2026-10-08 08:12:49 494:494 SyncActivityProfilerHandler.cpp:59] profiler_stopUSDT:2026-10-08 08:12:49 493:493 SyncActivityProfilerHandler.cpp:59] profiler_stopUSDT:2026-10-08 08:12:49 495:495 SyncActivityProfilerHandler.cpp:59] profiler_stop


USDT:2026-10-08 08:12:49 489:489 SyncActivityProfilerHandler.cpp:59] profiler_stop
   # EP:   8/16 | cached dispatch: 15 GB/s (SO), 49 GB/s (SU), 119.078 us, 5833152 bytes | copy: 956 GB/s, 12.206 us
   # EP:  12/16 | cached dispatch: 14 GB/s (SO), 51 GB/s (SU), 119.430 us, 6117696 bytes | copy: 973 GB/s, 12.571 us
   # EP:  11/16 | cached dispatch: 15 GB/s (SO), 49 GB/s (SU), 116.936 us, 5698368 bytes | copy: 954 GB/s, 11.944 us
   # EP:  10/16 | cached dispatch: 15 GB/s (SO), 53 GB/s (SU), 119.366 us, 6312384 bytes | copy: 477 GB/s, 26.466 us
   # EP:  15/16 | cached dispatch: 14 GB/s (SO), 50 GB/s (SU), 119.183 us, 6005376 bytes | copy: 1190 GB/s, 10.091 us
   # EP:  14/16 | cached dispatch: 14 GB/s (SO), 52 GB/s (SU), 119.454 us, 6162624 bytes | copy: 497 GB/s, 24.815 us
   # EP:  13/16 | cached dispatch: 14 GB/s (SO), 48 GB/s (SU), 119.359 us, 5728320 bytes | copy: 890 GB/s, 12.876 us
   # EP:   9/16 | cached dispatch: 15 GB/s (SO), 49 GB/s (SU), 116.783 us, 5773248 bytes | copy: 460 GB/s, 25.120 us
USDT:2026-10-08 08:12:49 490:490 SyncActivityProfilerHandler.cpp:52] profiler_startUSDT:2026-10-08 08:12:49 494:494 SyncActivityProfilerHandler.cpp:52] profiler_start

USDT:2026-10-08 08:12:49 491:491 SyncActivityProfilerHandler.cpp:52] profiler_startUSDT:2026-10-08 08:12:49 489:489 SyncActivityProfilerHandler.cpp:52] profiler_startUSDT:2026-10-08 08:12:49 492:492 SyncActivityProfilerHandler.cpp:52] profiler_start

USDT:2026-10-08 08:12:49 495:495 SyncActivityProfilerHandler.cpp:52] profiler_start
USDT:2026-10-08 08:12:49 493:493 SyncActivityProfilerHandler.cpp:52] profiler_startUSDT:2026-10-08 08:12:49 488:488 SyncActivityProfilerHandler.cpp:52] profiler_start


USDT:2026-10-08 08:12:49 490:490 SyncActivityProfilerHandler.cpp:59] profiler_stop
USDT:2026-10-08 08:12:49 494:494 SyncActivityProfilerHandler.cpp:59] profiler_stop
USDT:2026-10-08 08:12:49 489:489 SyncActivityProfilerHandler.cpp:59] profiler_stopUSDT:2026-10-08 08:12:49 493:493 SyncActivityProfilerHandler.cpp:59] profiler_stop

USDT:2026-10-08 08:12:49 492:492 SyncActivityProfilerHandler.cpp:59] profiler_stopUSDT:2026-10-08 08:12:49 491:491 SyncActivityProfilerHandler.cpp:59] profiler_stop

USDT:2026-10-08 08:12:49 495:495 SyncActivityProfilerHandler.cpp:59] profiler_stopUSDT:2026-10-08 08:12:49 488:488 SyncActivityProfilerHandler.cpp:59] profiler_stop

   @ EP:  15/16 | combine: 19 GB/s (SO), 67 GB/s (SU), 171.503 us, 11523136 bytes | reduce: 896 GB/s, 5.423 us
   @ EP:  11/16 | combine: 21 GB/s (SO), 67 GB/s (SU), 163.238 us, 10934048 bytes | reduce: 908 GB/s, 5.541 us
   @ EP:  12/16 | combine: 20 GB/s (SO), 70 GB/s (SU), 167.827 us, 11738656 bytes | reduce: 919 GB/s, 5.425 us
   @ EP:  10/16 | combine: 22 GB/s (SO), 80 GB/s (SU), 151.323 us, 12112224 bytes | reduce: 941 GB/s, 5.391 us   @ EP:   8/16 | combine: 21 GB/s (SO), 67 GB/s (SU), 167.006 us, 11192672 bytes | reduce: 949 GB/s, 5.433 us   @ EP:  14/16 | combine: 22 GB/s (SO), 78 GB/s (SU), 152.295 us, 11824864 bytes | reduce: 911 GB/s, 5.394 us


   @ EP:  13/16 | combine: 20 GB/s (SO), 66 GB/s (SU), 167.566 us, 10991520 bytes | reduce: 914 GB/s, 5.422 us
   @ EP:   9/16 | combine: 23 GB/s (SO), 73 GB/s (SU), 151.322 us, 11077728 bytes | reduce: 940 GB/s, 5.444 us
USDT:2026-10-08 08:12:50 490:490 SyncActivityProfilerHandler.cpp:52] profiler_startUSDT:2026-10-08 08:12:50 494:494 SyncActivityProfilerHandler.cpp:52] profiler_start

USDT:2026-10-08 08:12:50 493:493 SyncActivityProfilerHandler.cpp:52] profiler_startUSDT:2026-10-08 08:12:50 491:491 SyncActivityProfilerHandler.cpp:52] profiler_startUSDT:2026-10-08 08:12:50 492:492 SyncActivityProfilerHandler.cpp:52] profiler_start

USDT:2026-10-08 08:12:50 489:489 SyncActivityProfilerHandler.cpp:52] profiler_startUSDT:2026-10-08 08:12:50 488:488 SyncActivityProfilerHandler.cpp:52] profiler_start

USDT:2026-10-08 08:12:50 495:495 SyncActivityProfilerHandler.cpp:52] profiler_start

USDT:2026-10-08 08:12:50 493:493 SyncActivityProfilerHandler.cpp:59] profiler_stopUSDT:2026-10-08 08:12:50 491:491 SyncActivityProfilerHandler.cpp:59] profiler_stop
USDT:2026-10-08 08:12:50 494:494 SyncActivityProfilerHandler.cpp:59] profiler_stop
USDT:2026-10-08 08:12:50 490:490 SyncActivityProfilerHandler.cpp:59] profiler_stop

USDT:2026-10-08 08:12:50 492:492 SyncActivityProfilerHandler.cpp:59] profiler_stopUSDT:2026-10-08 08:12:50 489:489 SyncActivityProfilerHandler.cpp:59] profiler_stop

USDT:2026-10-08 08:12:50 488:488 SyncActivityProfilerHandler.cpp:59] profiler_stop
USDT:2026-10-08 08:12:50 495:495 SyncActivityProfilerHandler.cpp:59] profiler_stop
   + EP:  11/16 | reduced combine: 19 GB/s (SO), 61 GB/s (SU), 178.588 us, 10934048 bytes | reduce: 929 GB/s, 5.415 us
   + EP:   8/16 | reduced combine: 18 GB/s (SO), 60 GB/s (SU), 186.538 us, 11192672 bytes | reduce: 959 GB/s, 5.380 us
   + EP:  14/16 | reduced combine: 19 GB/s (SO), 70 GB/s (SU), 169.543 us, 11824864 bytes | reduce: 919 GB/s, 5.348 us
   + EP:  12/16 | reduced combine: 18 GB/s (SO), 63 GB/s (SU), 186.461 us, 11738656 bytes | reduce: 930 GB/s, 5.361 us
   + EP:  15/16 | reduced combine: 17 GB/s (SO), 62 GB/s (SU), 186.374 us, 11523136 bytes | reduce: 905 GB/s, 5.365 us
   + EP:  10/16 | reduced combine: 20 GB/s (SO), 71 GB/s (SU), 170.704 us, 12112224 bytes | reduce: 943 GB/s, 5.378 us
   + EP:  13/16 | reduced combine: 18 GB/s (SO), 61 GB/s (SU), 179.846 us, 10991520 bytes | reduce: 917 GB/s, 5.408 us
   + EP:   9/16 | reduced combine: 20 GB/s (SO), 65 GB/s (SU), 171.550 us, 11077728 bytes | reduce: 951 GB/s, 5.376 us


