=== EP_NIC_NAME=rdmap101s0 (auto, 400 Gb/s) ===
=== NCCL_IB_HCA=rdmap (auto: non-EFA ibverbs device ibp198s0f0 present) ===
=== GIN: NCCL_GIN_TYPE=5 NCCL_SYM_GIN_KERNELS_ENABLE=0 ===
=== PREFER_OVERLAP=0 (--prefer-overlap-with-compute) ===
=== IMAGE=deepep-v2-efa-official:sm103-stack8d45880xbb78750  DeepEP=33734bb238cd11aba506cd492c9fa447d3d1fe3d ===
=== DeepEP is a MERGE of: 8d45880adc39c1479fa63ef3d764a9f9ce14f95e bb787506214fdc3c290798003b74dcb0b494f286 ===
+ docker run --rm --init --gpus all --privileged --network=host --ipc=host --ulimit memlock=-1 --ulimit stack=67108864 --device=/dev/infiniband --device=/dev/gdrdrv -v /sys/class/infiniband:/sys/class/infiniband:ro -e MASTER_ADDR=172.31.9.47 -e MASTER_PORT=8608 -e WORLD_SIZE=2 -e RANK=0 -e NCCL_DEBUG=WARN -e EP_NIC_NAME=rdmap101s0 -e NCCL_IB_HCA=rdmap -e NCCL_GIN_TYPE=5 -e NCCL_SYM_GIN_KERNELS_ENABLE=0 -e PYTHONUNBUFFERED=1 -e PYTHONFAULTHANDLER=1 deepep-v2-efa-official:sm103-stack8d45880xbb78750 bash -lc 'timeout -s ABRT --kill-after=60 1800     python3 -u /opt/DeepEP/tests/elastic/test_ep.py     --num-processes=8 --num-tokens=128     --hidden=7168 --num-topk=8 --num-experts=256     --num-sms=12 --allow-hybrid-mode=1     --prefer-overlap-with-compute=0 --test-first-only      '

==========
== CUDA ==
==========

CUDA Version 13.3.1

Container image Copyright (c) 2016-2023, NVIDIA CORPORATION & AFFILIATES. All rights reserved.

This container image and its contents are governed by the NVIDIA Deep Learning Container License.
By pulling and using the container, you accept the terms and conditions of this license:
https://developer.nvidia.com/ngc/nvidia-deep-learning-container-license

A copy of this license is made available in this container at /NGC-DL-CONTAINER-LICENSE for your convenience.

NCCL version 2.31.2+cuda13.3
DeepEP hybrid kernel selection: unordered
DeepEP hybrid kernel selection: unordered
DeepEP hybrid kernel selection: unordered
DeepEP hybrid kernel selection: unordered
DeepEP hybrid kernel selection: unordered
DeepEP hybrid kernel selection: unordered
DeepEP hybrid kernel selection: unordered
DeepEP hybrid kernel selection: unordered
DeepEP hybrid kernel selection: unordered
DeepEP hybrid kernel selection: unordered
DeepEP hybrid kernel selection: unordered
DeepEP hybrid kernel selection: unordered
DeepEP hybrid kernel selection: unordered
DeepEP hybrid kernel selection: unordered
DeepEP hybrid kernel selection: unordered
DeepEP hybrid kernel selection: unordered
Config:
 > Ranks: 2 x 8
 > Experts: 8/256
 > Tokens: 128 (max: 128), hidden: 7168
 > #SM: 12, #QPs: 11/11

Running all test cases:
 > Testing with do_handle_copy=1, expert_alignment=128, use_fp8_dispatch=1, num_bias=0, with_previous_event=0, async_with_compute_stream=0, allocate_on_comm_stream=0 ...
USDT:2026-10-08 07:26:38 491:491 SyncActivityProfilerHandler.cpp:52] profiler_startUSDT:2026-10-08 07:26:38 492:492 SyncActivityProfilerHandler.cpp:52] profiler_startUSDT:2026-10-08 07:26:38 493:493 SyncActivityProfilerHandler.cpp:52] profiler_startUSDT:2026-10-08 07:26:38 490:490 SyncActivityProfilerHandler.cpp:52] profiler_startUSDT:2026-10-08 07:26:38 496:496 SyncActivityProfilerHandler.cpp:52] profiler_startUSDT:2026-10-08 07:26:38 489:489 SyncActivityProfilerHandler.cpp:52] profiler_startUSDT:2026-10-08 07:26:38 494:494 SyncActivityProfilerHandler.cpp:52] profiler_startUSDT:2026-10-08 07:26:38 495:495 SyncActivityProfilerHandler.cpp:52] profiler_start







USDT:2026-10-08 07:26:39 492:492 SyncActivityProfilerHandler.cpp:59] profiler_stopUSDT:2026-10-08 07:26:39 491:491 SyncActivityProfilerHandler.cpp:59] profiler_stop

USDT:2026-10-08 07:26:39 493:493 SyncActivityProfilerHandler.cpp:59] profiler_stop
USDT:2026-10-08 07:26:39 496:496 SyncActivityProfilerHandler.cpp:59] profiler_stop
USDT:2026-10-08 07:26:39 495:495 SyncActivityProfilerHandler.cpp:59] profiler_stop
USDT:2026-10-08 07:26:39 489:489 SyncActivityProfilerHandler.cpp:59] profiler_stopUSDT:2026-10-08 07:26:39 494:494 SyncActivityProfilerHandler.cpp:59] profiler_stop

USDT:2026-10-08 07:26:39 490:490 SyncActivityProfilerHandler.cpp:59] profiler_stop
   * EP:   0/16 | dispatch: 15 GB/s (SO), 44 GB/s (SU), 131.558 us, 5750784 bytes | copy: 954 GB/s, 12.059 us
   * EP:   4/16 | dispatch: 14 GB/s (SO), 43 GB/s (SU), 131.482 us, 5623488 bytes | copy: 1085 GB/s, 10.366 us
   * EP:   6/16 | dispatch: 14 GB/s (SO), 46 GB/s (SU), 129.471 us, 5937984 bytes | copy: 1205 GB/s, 9.858 us
   * EP:   1/16 | dispatch: 15 GB/s (SO), 44 GB/s (SU), 129.541 us, 5720832 bytes | copy: 898 GB/s, 12.737 us
   * EP:   2/16 | dispatch: 15 GB/s (SO), 45 GB/s (SU), 129.658 us, 5840640 bytes | copy: 965 GB/s, 12.109 us
   * EP:   7/16 | dispatch: 14 GB/s (SO), 45 GB/s (SU), 131.203 us, 5937984 bytes | copy: 1341 GB/s, 8.859 us
   * EP:   3/16 | dispatch: 14 GB/s (SO), 44 GB/s (SU), 131.832 us, 5855616 bytes | copy: 678 GB/s, 17.268 us
   * EP:   5/16 | dispatch: 14 GB/s (SO), 43 GB/s (SU), 131.777 us, 5705856 bytes | copy: 1057 GB/s, 10.796 us
USDT:2026-10-08 07:26:39 496:496 SyncActivityProfilerHandler.cpp:52] profiler_startUSDT:2026-10-08 07:26:39 490:490 SyncActivityProfilerHandler.cpp:52] profiler_startUSDT:2026-10-08 07:26:39 489:489 SyncActivityProfilerHandler.cpp:52] profiler_startUSDT:2026-10-08 07:26:39 491:491 SyncActivityProfilerHandler.cpp:52] profiler_startUSDT:2026-10-08 07:26:39 492:492 SyncActivityProfilerHandler.cpp:52] profiler_startUSDT:2026-10-08 07:26:39 495:495 SyncActivityProfilerHandler.cpp:52] profiler_start





USDT:2026-10-08 07:26:39 493:493 SyncActivityProfilerHandler.cpp:52] profiler_startUSDT:2026-10-08 07:26:39 494:494 SyncActivityProfilerHandler.cpp:52] profiler_start

USDT:2026-10-08 07:26:39 495:495 SyncActivityProfilerHandler.cpp:59] profiler_stop
USDT:2026-10-08 07:26:39 491:491 SyncActivityProfilerHandler.cpp:59] profiler_stopUSDT:2026-10-08 07:26:39 492:492 SyncActivityProfilerHandler.cpp:59] profiler_stop

USDT:2026-10-08 07:26:39 494:494 SyncActivityProfilerHandler.cpp:59] profiler_stopUSDT:2026-10-08 07:26:39 490:490 SyncActivityProfilerHandler.cpp:59] profiler_stop
USDT:2026-10-08 07:26:39 489:489 SyncActivityProfilerHandler.cpp:59] profiler_stop

USDT:2026-10-08 07:26:39 496:496 SyncActivityProfilerHandler.cpp:59] profiler_stopUSDT:2026-10-08 07:26:39 493:493 SyncActivityProfilerHandler.cpp:59] profiler_stop

   - EP:   0/16 | expanded dispatch: 15 GB/s (SO), 44 GB/s (SU), 131.400 us, 5750784 bytes | copy: 1600 GB/s, 12.867 us
   - EP:   6/16 | expanded dispatch: 14 GB/s (SO), 46 GB/s (SU), 129.219 us, 5937984 bytes | copy: 1563 GB/s, 13.330 us
   - EP:   5/16 | expanded dispatch: 14 GB/s (SO), 43 GB/s (SU), 131.213 us, 5705856 bytes | copy: 1504 GB/s, 13.659 us
   - EP:   4/16 | expanded dispatch: 14 GB/s (SO), 43 GB/s (SU), 131.156 us, 5623488 bytes | copy: 1614 GB/s, 12.668 us
   - EP:   3/16 | expanded dispatch: 14 GB/s (SO), 45 GB/s (SU), 131.338 us, 5855616 bytes | copy: 991 GB/s, 20.857 us
   - EP:   7/16 | expanded dispatch: 14 GB/s (SO), 45 GB/s (SU), 131.079 us, 5937984 bytes | copy: 1807 GB/s, 11.460 us
   - EP:   1/16 | expanded dispatch: 15 GB/s (SO), 44 GB/s (SU), 129.139 us, 5720832 bytes | copy: 1265 GB/s, 16.217 us
   - EP:   2/16 | expanded dispatch: 15 GB/s (SO), 45 GB/s (SU), 129.239 us, 5840640 bytes | copy: 1430 GB/s, 14.475 us
USDT:2026-10-08 07:26:40 489:489 SyncActivityProfilerHandler.cpp:52] profiler_startUSDT:2026-10-08 07:26:40 492:492 SyncActivityProfilerHandler.cpp:52] profiler_startUSDT:2026-10-08 07:26:40 495:495 SyncActivityProfilerHandler.cpp:52] profiler_startUSDT:2026-10-08 07:26:40 491:491 SyncActivityProfilerHandler.cpp:52] profiler_startUSDT:2026-10-08 07:26:40 490:490 SyncActivityProfilerHandler.cpp:52] profiler_startUSDT:2026-10-08 07:26:40 496:496 SyncActivityProfilerHandler.cpp:52] profiler_startUSDT:2026-10-08 07:26:40 493:493 SyncActivityProfilerHandler.cpp:52] profiler_start






USDT:2026-10-08 07:26:40 494:494 SyncActivityProfilerHandler.cpp:52] profiler_start
USDT:2026-10-08 07:26:40 495:495 SyncActivityProfilerHandler.cpp:59] profiler_stop
USDT:2026-10-08 07:26:40 492:492 SyncActivityProfilerHandler.cpp:59] profiler_stopUSDT:2026-10-08 07:26:40 493:493 SyncActivityProfilerHandler.cpp:59] profiler_stopUSDT:2026-10-08 07:26:40 490:490 SyncActivityProfilerHandler.cpp:59] profiler_stopUSDT:2026-10-08 07:26:40 494:494 SyncActivityProfilerHandler.cpp:59] profiler_stop


USDT:2026-10-08 07:26:40 489:489 SyncActivityProfilerHandler.cpp:59] profiler_stop
USDT:2026-10-08 07:26:40 491:491 SyncActivityProfilerHandler.cpp:59] profiler_stop

USDT:2026-10-08 07:26:40 496:496 SyncActivityProfilerHandler.cpp:59] profiler_stop
   # EP:   6/16 | cached dispatch: 15 GB/s (SO), 50 GB/s (SU), 118.364 us, 5937984 bytes | copy: 1097 GB/s, 10.827 us
   # EP:   7/16 | cached dispatch: 15 GB/s (SO), 49 GB/s (SU), 120.393 us, 5937984 bytes | copy: 1041 GB/s, 11.405 us
   # EP:   2/16 | cached dispatch: 16 GB/s (SO), 49 GB/s (SU), 118.492 us, 5840640 bytes | copy: 1103 GB/s, 10.591 us
   # EP:   0/16 | cached dispatch: 16 GB/s (SO), 48 GB/s (SU), 120.005 us, 5750784 bytes | copy: 1009 GB/s, 11.397 us
   # EP:   4/16 | cached dispatch: 15 GB/s (SO), 47 GB/s (SU), 120.584 us, 5623488 bytes | copy: 970 GB/s, 11.589 us
   # EP:   1/16 | cached dispatch: 16 GB/s (SO), 48 GB/s (SU), 118.599 us, 5720832 bytes | copy: 458 GB/s, 24.984 us
   # EP:   5/16 | cached dispatch: 15 GB/s (SO), 47 GB/s (SU), 121.099 us, 5705856 bytes | copy: 782 GB/s, 14.598 us
   # EP:   3/16 | cached dispatch: 15 GB/s (SO), 48 GB/s (SU), 120.796 us, 5855616 bytes | copy: 551 GB/s, 21.258 us
USDT:2026-10-08 07:26:41 492:492 SyncActivityProfilerHandler.cpp:52] profiler_start
USDT:2026-10-08 07:26:41 491:491 SyncActivityProfilerHandler.cpp:52] profiler_start
USDT:2026-10-08 07:26:41 493:493 SyncActivityProfilerHandler.cpp:52] profiler_start
USDT:2026-10-08 07:26:41 495:495 SyncActivityProfilerHandler.cpp:52] profiler_startUSDT:2026-10-08 07:26:41 489:489 SyncActivityProfilerHandler.cpp:52] profiler_start
USDT:2026-10-08 07:26:41 496:496 SyncActivityProfilerHandler.cpp:52] profiler_start

USDT:2026-10-08 07:26:41 490:490 SyncActivityProfilerHandler.cpp:52] profiler_start
USDT:2026-10-08 07:26:41 494:494 SyncActivityProfilerHandler.cpp:52] profiler_start
USDT:2026-10-08 07:26:41 492:492 SyncActivityProfilerHandler.cpp:59] profiler_stopUSDT:2026-10-08 07:26:41 493:493 SyncActivityProfilerHandler.cpp:59] profiler_stop

USDT:2026-10-08 07:26:41 490:490 SyncActivityProfilerHandler.cpp:59] profiler_stopUSDT:2026-10-08 07:26:41 491:491 SyncActivityProfilerHandler.cpp:59] profiler_stop

USDT:2026-10-08 07:26:41 494:494 SyncActivityProfilerHandler.cpp:59] profiler_stop
USDT:2026-10-08 07:26:41 495:495 SyncActivityProfilerHandler.cpp:59] profiler_stopUSDT:2026-10-08 07:26:41 489:489 SyncActivityProfilerHandler.cpp:59] profiler_stop

USDT:2026-10-08 07:26:41 496:496 SyncActivityProfilerHandler.cpp:59] profiler_stop
   @ EP:   3/16 | combine: 23 GB/s (SO), 72 GB/s (SU), 156.170 us, 11235776 bytes | reduce: 987 GB/s, 5.458 us
   @ EP:   4/16 | combine: 21 GB/s (SO), 64 GB/s (SU), 167.835 us, 10790368 bytes | reduce: 986 GB/s, 5.394 us
   @ EP:   0/16 | combine: 21 GB/s (SO), 65 GB/s (SU), 170.726 us, 11034624 bytes | reduce: 990 GB/s, 5.557 us
   @ EP:   6/16 | combine: 21 GB/s (SO), 68 GB/s (SU), 167.946 us, 11393824 bytes | reduce: 974 GB/s, 5.354 us
   @ EP:   7/16 | combine: 20 GB/s (SO), 66 GB/s (SU), 171.601 us, 11393824 bytes | reduce: 965 GB/s, 5.406 us
   @ EP:   2/16 | combine: 21 GB/s (SO), 66 GB/s (SU), 169.854 us, 11207040 bytes | reduce: 981 GB/s, 5.535 us
   @ EP:   1/16 | combine: 23 GB/s (SO), 69 GB/s (SU), 158.203 us, 10977152 bytes | reduce: 1032 GB/s, 5.307 us
   @ EP:   5/16 | combine: 22 GB/s (SO), 67 GB/s (SU), 163.070 us, 10948416 bytes | reduce: 972 GB/s, 5.440 us
USDT:2026-10-08 07:26:41 492:492 SyncActivityProfilerHandler.cpp:52] profiler_startUSDT:2026-10-08 07:26:41 490:490 SyncActivityProfilerHandler.cpp:52] profiler_start

USDT:2026-10-08 07:26:41 495:495 SyncActivityProfilerHandler.cpp:52] profiler_startUSDT:2026-10-08 07:26:41 493:493 SyncActivityProfilerHandler.cpp:52] profiler_startUSDT:2026-10-08 07:26:41 494:494 SyncActivityProfilerHandler.cpp:52] profiler_start


USDT:2026-10-08 07:26:41 496:496 SyncActivityProfilerHandler.cpp:52] profiler_startUSDT:2026-10-08 07:26:41 491:491 SyncActivityProfilerHandler.cpp:52] profiler_startUSDT:2026-10-08 07:26:41 489:489 SyncActivityProfilerHandler.cpp:52] profiler_start


USDT:2026-10-08 07:26:42 492:492 SyncActivityProfilerHandler.cpp:59] profiler_stop
USDT:2026-10-08 07:26:42 491:491 SyncActivityProfilerHandler.cpp:59] profiler_stop
USDT:2026-10-08 07:26:42 489:489 SyncActivityProfilerHandler.cpp:59] profiler_stopUSDT:2026-10-08 07:26:42 493:493 SyncActivityProfilerHandler.cpp:59] profiler_stop

USDT:2026-10-08 07:26:42 496:496 SyncActivityProfilerHandler.cpp:59] profiler_stopUSDT:2026-10-08 07:26:42 495:495 SyncActivityProfilerHandler.cpp:59] profiler_stop

USDT:2026-10-08 07:26:42 494:494 SyncActivityProfilerHandler.cpp:59] profiler_stopUSDT:2026-10-08 07:26:42 490:490 SyncActivityProfilerHandler.cpp:59] profiler_stop

   + EP:   2/16 | reduced combine: 19 GB/s (SO), 60 GB/s (SU), 188.155 us, 11207040 bytes | reduce: 1005 GB/s, 5.402 us
   + EP:   7/16 | reduced combine: 19 GB/s (SO), 61 GB/s (SU), 187.815 us, 11393824 bytes | reduce: 961 GB/s, 5.425 us
   + EP:   6/16 | reduced combine: 19 GB/s (SO), 62 GB/s (SU), 184.411 us, 11393824 bytes | reduce: 989 GB/s, 5.274 us
   + EP:   0/16 | reduced combine: 20 GB/s (SO), 59 GB/s (SU), 187.577 us, 11034624 bytes | reduce: 1018 GB/s, 5.407 us
   + EP:   4/16 | reduced combine: 19 GB/s (SO), 58 GB/s (SU), 185.772 us, 10790368 bytes | reduce: 975 GB/s, 5.450 us
   + EP:   1/16 | reduced combine: 21 GB/s (SO), 62 GB/s (SU), 176.023 us, 10977152 bytes | reduce: 1010 GB/s, 5.418 us
   + EP:   3/16 | reduced combine: 21 GB/s (SO), 65 GB/s (SU), 173.919 us, 11235776 bytes | reduce: 998 GB/s, 5.401 us
   + EP:   5/16 | reduced combine: 20 GB/s (SO), 61 GB/s (SU), 178.550 us, 10948416 bytes | reduce: 981 GB/s, 5.392 us


