=== EP_NIC_NAME=rdmap101s0 (auto, 400 Gb/s) ===
=== NCCL_IB_HCA=rdmap (auto: non-EFA ibverbs device ibp198s0f0 present) ===
=== GIN: NCCL_GIN_TYPE=5 NCCL_SYM_GIN_KERNELS_ENABLE=0 ===
=== PREFER_OVERLAP=0 (--prefer-overlap-with-compute) ===
=== IMAGE=deepep-v2-efa-official:sm103-54fffef  DeepEP=54fffeff810723f574c574b1790dff189f3c6ffb ===
+ docker run --rm --init --gpus all --privileged --network=host --ipc=host --ulimit memlock=-1 --ulimit stack=67108864 --device=/dev/infiniband --device=/dev/gdrdrv -v /sys/class/infiniband:/sys/class/infiniband:ro -e MASTER_ADDR=172.31.24.154 -e MASTER_PORT=8501 -e WORLD_SIZE=2 -e RANK=1 -e NCCL_DEBUG=WARN -e EP_NIC_NAME=rdmap101s0 -e NCCL_IB_HCA=rdmap -e NCCL_GIN_TYPE=5 -e NCCL_SYM_GIN_KERNELS_ENABLE=0 -e PYTHONUNBUFFERED=1 -e PYTHONFAULTHANDLER=1 deepep-v2-efa-official:sm103-54fffef bash -lc 'timeout -s ABRT --kill-after=60 1800     python3 -u /opt/DeepEP/tests/elastic/test_ep.py     --num-processes=8 --num-tokens=8192     --hidden=7168 --num-topk=8 --num-experts=256     --num-sms=12 --allow-hybrid-mode=1     --prefer-overlap-with-compute=0 --test-first-only      '

==========
== CUDA ==
==========

CUDA Version 13.3.1

Container image Copyright (c) 2016-2023, NVIDIA CORPORATION & AFFILIATES. All rights reserved.

This container image and its contents are governed by the NVIDIA Deep Learning Container License.
By pulling and using the container, you accept the terms and conditions of this license:
https://developer.nvidia.com/ngc/nvidia-deep-learning-container-license

A copy of this license is made available in this container at /NGC-DL-CONTAINER-LICENSE for your convenience.

DeepEP hybrid kernel selection: unordered
DeepEP hybrid kernel selection: unordered
DeepEP hybrid kernel selection: unordered
DeepEP hybrid kernel selection: unordered
DeepEP hybrid kernel selection: unordered
DeepEP hybrid kernel selection: unordered
DeepEP hybrid kernel selection: unordered
DeepEP hybrid kernel selection: unordered
DeepEP hybrid kernel selection: unordered
DeepEP hybrid kernel selection: unordered
DeepEP hybrid kernel selection: unordered
DeepEP hybrid kernel selection: unordered
DeepEP hybrid kernel selection: unordered
DeepEP hybrid kernel selection: unordered
DeepEP hybrid kernel selection: unordered
DeepEP hybrid kernel selection: unordered
Config:
 > Ranks: 2 x 8
 > Experts: 8/256
 > Tokens: 8184 (max: 8192), hidden: 7168
 > #SM: 12, #QPs: 11/11

Running all test cases:
 > Testing with do_handle_copy=1, expert_alignment=128, use_fp8_dispatch=1, num_bias=0, with_previous_event=0, async_with_compute_stream=0, allocate_on_comm_stream=0 ...
USDT:2026-09-03 05:57:23 493:493 SyncActivityProfilerHandler.cpp:52] profiler_startUSDT:2026-09-03 05:57:23 490:490 SyncActivityProfilerHandler.cpp:52] profiler_startUSDT:2026-09-03 05:57:23 494:494 SyncActivityProfilerHandler.cpp:52] profiler_startUSDT:2026-09-03 05:57:23 495:495 SyncActivityProfilerHandler.cpp:52] profiler_startUSDT:2026-09-03 05:57:23 488:488 SyncActivityProfilerHandler.cpp:52] profiler_startUSDT:2026-09-03 05:57:23 492:492 SyncActivityProfilerHandler.cpp:52] profiler_startUSDT:2026-09-03 05:57:23 489:489 SyncActivityProfilerHandler.cpp:52] profiler_start
USDT:2026-09-03 05:57:23 491:491 SyncActivityProfilerHandler.cpp:52] profiler_start






USDT:2026-09-03 05:57:23 488:488 SyncActivityProfilerHandler.cpp:59] profiler_stop
USDT:2026-09-03 05:57:23 492:492 SyncActivityProfilerHandler.cpp:59] profiler_stopUSDT:2026-09-03 05:57:23 489:489 SyncActivityProfilerHandler.cpp:59] profiler_stopUSDT:2026-09-03 05:57:23 491:491 SyncActivityProfilerHandler.cpp:59] profiler_stopUSDT:2026-09-03 05:57:23 493:493 SyncActivityProfilerHandler.cpp:59] profiler_stopUSDT:2026-09-03 05:57:23 490:490 SyncActivityProfilerHandler.cpp:59] profiler_stopUSDT:2026-09-03 05:57:23 495:495 SyncActivityProfilerHandler.cpp:59] profiler_stop





USDT:2026-09-03 05:57:23 494:494 SyncActivityProfilerHandler.cpp:59] profiler_stop
   * EP:  10/16 | dispatch: 116 GB/s (SO), 383 GB/s (SU), 1048.000 us, 401364288 bytes | copy: 4401 GB/s, 182.413 us
   * EP:   9/16 | dispatch: 117 GB/s (SO), 381 GB/s (SU), 1048.000 us, 399499776 bytes | copy: 4511 GB/s, 177.141 us
   * EP:  11/16 | dispatch: 117 GB/s (SO), 381 GB/s (SU), 1047.000 us, 399177792 bytes | copy: 5448 GB/s, 146.549 us
   * EP:  15/16 | dispatch: 117 GB/s (SO), 383 GB/s (SU), 1047.000 us, 401132160 bytes | copy: 3270 GB/s, 245.331 us
   * EP:  12/16 | dispatch: 117 GB/s (SO), 382 GB/s (SU), 1048.000 us, 400622976 bytes | copy: 5168 GB/s, 155.033 us
   * EP:  13/16 | dispatch: 116 GB/s (SO), 381 GB/s (SU), 1048.000 us, 399612096 bytes | copy: 4475 GB/s, 178.582 us
   * EP:   8/16 | dispatch: 117 GB/s (SO), 379 GB/s (SU), 1048.000 us, 397245888 bytes | copy: 4615 GB/s, 172.157 us
   * EP:  14/16 | dispatch: 117 GB/s (SO), 384 GB/s (SU), 1047.000 us, 402105600 bytes | copy: 5312 GB/s, 151.400 us
USDT:2026-09-03 05:57:24 488:488 SyncActivityProfilerHandler.cpp:52] profiler_startUSDT:2026-09-03 05:57:24 493:493 SyncActivityProfilerHandler.cpp:52] profiler_startUSDT:2026-09-03 05:57:24 490:490 SyncActivityProfilerHandler.cpp:52] profiler_startUSDT:2026-09-03 05:57:24 491:491 SyncActivityProfilerHandler.cpp:52] profiler_start

USDT:2026-09-03 05:57:24 495:495 SyncActivityProfilerHandler.cpp:52] profiler_start
USDT:2026-09-03 05:57:24 492:492 SyncActivityProfilerHandler.cpp:52] profiler_start
USDT:2026-09-03 05:57:24 489:489 SyncActivityProfilerHandler.cpp:52] profiler_start


USDT:2026-09-03 05:57:24 494:494 SyncActivityProfilerHandler.cpp:52] profiler_start
USDT:2026-09-03 05:57:24 488:488 SyncActivityProfilerHandler.cpp:59] profiler_stop
USDT:2026-09-03 05:57:24 492:492 SyncActivityProfilerHandler.cpp:59] profiler_stop
USDT:2026-09-03 05:57:24 493:493 SyncActivityProfilerHandler.cpp:59] profiler_stopUSDT:2026-09-03 05:57:24 489:489 SyncActivityProfilerHandler.cpp:59] profiler_stopUSDT:2026-09-03 05:57:24 494:494 SyncActivityProfilerHandler.cpp:59] profiler_stop
USDT:2026-09-03 05:57:24 495:495 SyncActivityProfilerHandler.cpp:59] profiler_stop

USDT:2026-09-03 05:57:24 491:491 SyncActivityProfilerHandler.cpp:59] profiler_stop
USDT:2026-09-03 05:57:24 490:490 SyncActivityProfilerHandler.cpp:59] profiler_stop

   - EP:   9/16 | expanded dispatch: 117 GB/s (SO), 383 GB/s (SU), 1043.000 us, 399499776 bytes | copy: 4320 GB/s, 208.032 us
   - EP:  12/16 | expanded dispatch: 117 GB/s (SO), 384 GB/s (SU), 1043.000 us, 400622976 bytes | copy: 4751 GB/s, 189.503 us
   - EP:  10/16 | expanded dispatch: 117 GB/s (SO), 385 GB/s (SU), 1043.000 us, 401364288 bytes | copy: 4206 GB/s, 214.753 us
   - EP:   8/16 | expanded dispatch: 117 GB/s (SO), 381 GB/s (SU), 1043.000 us, 397245888 bytes | copy: 4358 GB/s, 204.951 us
   - EP:  11/16 | expanded dispatch: 117 GB/s (SO), 383 GB/s (SU), 1042.000 us, 399177792 bytes | copy: 4815 GB/s, 186.759 us
   - EP:  13/16 | expanded dispatch: 117 GB/s (SO), 383 GB/s (SU), 1043.000 us, 399612096 bytes | copy: 4203 GB/s, 213.757 us
   - EP:  14/16 | expanded dispatch: 117 GB/s (SO), 386 GB/s (SU), 1042.000 us, 402105600 bytes | copy: 4816 GB/s, 187.632 us
   - EP:  15/16 | expanded dispatch: 117 GB/s (SO), 385 GB/s (SU), 1041.000 us, 401132160 bytes | copy: 3229 GB/s, 278.857 us
USDT:2026-09-03 05:57:24 492:492 SyncActivityProfilerHandler.cpp:52] profiler_startUSDT:2026-09-03 05:57:24 495:495 SyncActivityProfilerHandler.cpp:52] profiler_startUSDT:2026-09-03 05:57:24 490:490 SyncActivityProfilerHandler.cpp:52] profiler_startUSDT:2026-09-03 05:57:24 489:489 SyncActivityProfilerHandler.cpp:52] profiler_startUSDT:2026-09-03 05:57:24 488:488 SyncActivityProfilerHandler.cpp:52] profiler_startUSDT:2026-09-03 05:57:24 491:491 SyncActivityProfilerHandler.cpp:52] profiler_start
USDT:2026-09-03 05:57:24 493:493 SyncActivityProfilerHandler.cpp:52] profiler_startUSDT:2026-09-03 05:57:24 494:494 SyncActivityProfilerHandler.cpp:52] profiler_start






USDT:2026-09-03 05:57:25 495:495 SyncActivityProfilerHandler.cpp:59] profiler_stop
USDT:2026-09-03 05:57:25 490:490 SyncActivityProfilerHandler.cpp:59] profiler_stop
USDT:2026-09-03 05:57:25 492:492 SyncActivityProfilerHandler.cpp:59] profiler_stopUSDT:2026-09-03 05:57:25 491:491 SyncActivityProfilerHandler.cpp:59] profiler_stop

USDT:2026-09-03 05:57:25 488:488 SyncActivityProfilerHandler.cpp:59] profiler_stop
USDT:2026-09-03 05:57:25 489:489 SyncActivityProfilerHandler.cpp:59] profiler_stop
USDT:2026-09-03 05:57:25 493:493 SyncActivityProfilerHandler.cpp:59] profiler_stop
USDT:2026-09-03 05:57:25 494:494 SyncActivityProfilerHandler.cpp:59] profiler_stop
   # EP:  10/16 | cached dispatch: 118 GB/s (SO), 388 GB/s (SU), 1035.000 us, 401364288 bytes | copy: 4835 GB/s, 166.032 us
   # EP:  13/16 | cached dispatch: 118 GB/s (SO), 386 GB/s (SU), 1035.000 us, 399612096 bytes | copy: 4798 GB/s, 166.571 us
   # EP:  14/16 | cached dispatch: 118 GB/s (SO), 389 GB/s (SU), 1034.000 us, 402105600 bytes | copy: 5486 GB/s, 146.593 us
   # EP:  12/16 | cached dispatch: 118 GB/s (SO), 387 GB/s (SU), 1034.000 us, 400622976 bytes | copy: 5377 GB/s, 149.009 us
   # EP:  11/16 | cached dispatch: 118 GB/s (SO), 386 GB/s (SU), 1034.000 us, 399177792 bytes | copy: 5451 GB/s, 146.447 us
   # EP:   8/16 | cached dispatch: 118 GB/s (SO), 384 GB/s (SU), 1035.000 us, 397245888 bytes | copy: 5021 GB/s, 158.219 us
   # EP:   9/16 | cached dispatch: 118 GB/s (SO), 386 GB/s (SU), 1035.000 us, 399499776 bytes | copy: 4890 GB/s, 163.400 us
   # EP:  15/16 | cached dispatch: 118 GB/s (SO), 388 GB/s (SU), 1033.000 us, 401132160 bytes | copy: 3442 GB/s, 233.089 us
USDT:2026-09-03 05:57:26 488:488 SyncActivityProfilerHandler.cpp:52] profiler_startUSDT:2026-09-03 05:57:26 492:492 SyncActivityProfilerHandler.cpp:52] profiler_startUSDT:2026-09-03 05:57:26 491:491 SyncActivityProfilerHandler.cpp:52] profiler_start


USDT:2026-09-03 05:57:26 493:493 SyncActivityProfilerHandler.cpp:52] profiler_startUSDT:2026-09-03 05:57:26 490:490 SyncActivityProfilerHandler.cpp:52] profiler_start

USDT:2026-09-03 05:57:26 494:494 SyncActivityProfilerHandler.cpp:52] profiler_startUSDT:2026-09-03 05:57:26 489:489 SyncActivityProfilerHandler.cpp:52] profiler_start

USDT:2026-09-03 05:57:26 495:495 SyncActivityProfilerHandler.cpp:52] profiler_start
USDT:2026-09-03 05:57:26 488:488 SyncActivityProfilerHandler.cpp:59] profiler_stopUSDT:2026-09-03 05:57:26 492:492 SyncActivityProfilerHandler.cpp:59] profiler_stop

USDT:2026-09-03 05:57:26 491:491 SyncActivityProfilerHandler.cpp:59] profiler_stop
USDT:2026-09-03 05:57:26 490:490 SyncActivityProfilerHandler.cpp:59] profiler_stop
USDT:2026-09-03 05:57:26 489:489 SyncActivityProfilerHandler.cpp:59] profiler_stopUSDT:2026-09-03 05:57:26 493:493 SyncActivityProfilerHandler.cpp:59] profiler_stop

USDT:2026-09-03 05:57:26 495:495 SyncActivityProfilerHandler.cpp:59] profiler_stop
USDT:2026-09-03 05:57:26 494:494 SyncActivityProfilerHandler.cpp:59] profiler_stop
   @ EP:  12/16 | combine: 81 GB/s (SO), 265 GB/s (SU), 2902.000 us, 768716736 bytes | reduce: 5292 GB/s, 66.504 us
   @ EP:  13/16 | combine: 80 GB/s (SO), 262 GB/s (SU), 2932.000 us, 766777056 bytes | reduce: 5299 GB/s, 66.336 us
   @ EP:  11/16 | combine: 80 GB/s (SO), 262 GB/s (SU), 2921.000 us, 765943712 bytes | reduce: 5293 GB/s, 66.490 us   @ EP:   8/16 | combine: 80 GB/s (SO), 262 GB/s (SU), 2914.000 us, 762236768 bytes | reduce: 5280 GB/s, 66.680 us

   @ EP:  10/16 | combine: 80 GB/s (SO), 264 GB/s (SU), 2918.000 us, 770139168 bytes | reduce: 5313 GB/s, 66.209 us
   @ EP:   9/16 | combine: 80 GB/s (SO), 262 GB/s (SU), 2927.000 us, 766561536 bytes | reduce: 5280 GB/s, 66.670 us
   @ EP:  14/16 | combine: 80 GB/s (SO), 264 GB/s (SU), 2925.000 us, 771561600 bytes | reduce: 5294 GB/s, 66.412 us
   @ EP:  15/16 | combine: 79 GB/s (SO), 260 GB/s (SU), 2958.000 us, 769693760 bytes | reduce: 5293 GB/s, 66.426 us
USDT:2026-09-03 05:57:26 495:495 SyncActivityProfilerHandler.cpp:52] profiler_start
USDT:2026-09-03 05:57:26 492:492 SyncActivityProfilerHandler.cpp:52] profiler_start
USDT:2026-09-03 05:57:26 493:493 SyncActivityProfilerHandler.cpp:52] profiler_startUSDT:2026-09-03 05:57:26 491:491 SyncActivityProfilerHandler.cpp:52] profiler_startUSDT:2026-09-03 05:57:26 494:494 SyncActivityProfilerHandler.cpp:52] profiler_start


USDT:2026-09-03 05:57:26 489:489 SyncActivityProfilerHandler.cpp:52] profiler_startUSDT:2026-09-03 05:57:26 490:490 SyncActivityProfilerHandler.cpp:52] profiler_startUSDT:2026-09-03 05:57:26 488:488 SyncActivityProfilerHandler.cpp:52] profiler_start


USDT:2026-09-03 05:57:27 491:491 SyncActivityProfilerHandler.cpp:59] profiler_stop
USDT:2026-09-03 05:57:27 492:492 SyncActivityProfilerHandler.cpp:59] profiler_stop
USDT:2026-09-03 05:57:27 493:493 SyncActivityProfilerHandler.cpp:59] profiler_stop
USDT:2026-09-03 05:57:27 495:495 SyncActivityProfilerHandler.cpp:59] profiler_stopUSDT:2026-09-03 05:57:27 488:488 SyncActivityProfilerHandler.cpp:59] profiler_stop
USDT:2026-09-03 05:57:27 494:494 SyncActivityProfilerHandler.cpp:59] profiler_stop

USDT:2026-09-03 05:57:27 490:490 SyncActivityProfilerHandler.cpp:59] profiler_stop
USDT:2026-09-03 05:57:27 489:489 SyncActivityProfilerHandler.cpp:59] profiler_stop
   + EP:  11/16 | reduced combine: 62 GB/s (SO), 202 GB/s (SU), 3796.000 us, 765943712 bytes | reduce: 5287 GB/s, 66.560 us
   + EP:  12/16 | reduced combine: 62 GB/s (SO), 203 GB/s (SU), 3794.000 us, 768716736 bytes | reduce: 5318 GB/s, 66.171 us
   + EP:  14/16 | reduced combine: 61 GB/s (SO), 202 GB/s (SU), 3820.000 us, 771561600 bytes | reduce: 5205 GB/s, 67.544 us
   + EP:  10/16 | reduced combine: 61 GB/s (SO), 200 GB/s (SU), 3851.000 us, 770139168 bytes | reduce: 5324 GB/s, 66.071 us
   + EP:   9/16 | reduced combine: 61 GB/s (SO), 200 GB/s (SU), 3841.000 us, 766561536 bytes | reduce: 5303 GB/s, 66.386 us
   + EP:  13/16 | reduced combine: 62 GB/s (SO), 202 GB/s (SU), 3787.000 us, 766777056 bytes | reduce: 5306 GB/s, 66.257 us
   + EP:  15/16 | reduced combine: 62 GB/s (SO), 203 GB/s (SU), 3798.000 us, 769693760 bytes | reduce: 5310 GB/s, 66.217 us
   + EP:   8/16 | reduced combine: 61 GB/s (SO), 199 GB/s (SU), 3835.000 us, 762236768 bytes | reduce: 5318 GB/s, 66.204 us


