=== EP_NIC_NAME=rdmap101s0 (auto, 400 Gb/s) ===
=== NCCL_IB_HCA=rdmap (auto: non-EFA ibverbs device ibp198s0f0 present) ===
=== GIN: NCCL_GIN_TYPE=5 NCCL_SYM_GIN_KERNELS_ENABLE=0 ===
=== PREFER_OVERLAP=0 (--prefer-overlap-with-compute) ===
=== IMAGE=deepep-v2-efa-official:sm103-54fffef  DeepEP=54fffeff810723f574c574b1790dff189f3c6ffb ===
+ docker run --rm --init --gpus all --privileged --network=host --ipc=host --ulimit memlock=-1 --ulimit stack=67108864 --device=/dev/infiniband --device=/dev/gdrdrv -v /sys/class/infiniband:/sys/class/infiniband:ro -e MASTER_ADDR=172.31.24.154 -e MASTER_PORT=8502 -e WORLD_SIZE=2 -e RANK=1 -e NCCL_DEBUG=WARN -e EP_NIC_NAME=rdmap101s0 -e NCCL_IB_HCA=rdmap -e NCCL_GIN_TYPE=5 -e NCCL_SYM_GIN_KERNELS_ENABLE=0 -e PYTHONUNBUFFERED=1 -e PYTHONFAULTHANDLER=1 deepep-v2-efa-official:sm103-54fffef bash -lc 'timeout -s ABRT --kill-after=60 1800     python3 -u /opt/DeepEP/tests/elastic/test_ep.py     --num-processes=8 --num-tokens=128     --hidden=7168 --num-topk=8 --num-experts=256     --num-sms=12 --allow-hybrid-mode=1     --prefer-overlap-with-compute=0 --test-first-only      '

==========
== CUDA ==
==========

CUDA Version 13.3.1

Container image Copyright (c) 2016-2023, NVIDIA CORPORATION & AFFILIATES. All rights reserved.

This container image and its contents are governed by the NVIDIA Deep Learning Container License.
By pulling and using the container, you accept the terms and conditions of this license:
https://developer.nvidia.com/ngc/nvidia-deep-learning-container-license

A copy of this license is made available in this container at /NGC-DL-CONTAINER-LICENSE for your convenience.

DeepEP hybrid kernel selection: unordered
DeepEP hybrid kernel selection: unordered
DeepEP hybrid kernel selection: unordered
DeepEP hybrid kernel selection: unordered
DeepEP hybrid kernel selection: unordered
DeepEP hybrid kernel selection: unordered
DeepEP hybrid kernel selection: unordered
DeepEP hybrid kernel selection: unordered
DeepEP hybrid kernel selection: unordered
DeepEP hybrid kernel selection: unordered
DeepEP hybrid kernel selection: unordered
DeepEP hybrid kernel selection: unordered
DeepEP hybrid kernel selection: unordered
DeepEP hybrid kernel selection: unordered
DeepEP hybrid kernel selection: unordered
DeepEP hybrid kernel selection: unordered
Config:
 > Ranks: 2 x 8
 > Experts: 8/256
 > Tokens: 120 (max: 128), hidden: 7168
 > #SM: 12, #QPs: 11/11

Running all test cases:
 > Testing with do_handle_copy=1, expert_alignment=128, use_fp8_dispatch=1, num_bias=0, with_previous_event=0, async_with_compute_stream=0, allocate_on_comm_stream=0 ...
USDT:2026-09-03 06:00:05 489:489 SyncActivityProfilerHandler.cpp:52] profiler_startUSDT:2026-09-03 06:00:05 487:487 SyncActivityProfilerHandler.cpp:52] profiler_startUSDT:2026-09-03 06:00:05 494:494 SyncActivityProfilerHandler.cpp:52] profiler_startUSDT:2026-09-03 06:00:05 493:493 SyncActivityProfilerHandler.cpp:52] profiler_startUSDT:2026-09-03 06:00:05 492:492 SyncActivityProfilerHandler.cpp:52] profiler_startUSDT:2026-09-03 06:00:05 491:491 SyncActivityProfilerHandler.cpp:52] profiler_startUSDT:2026-09-03 06:00:05 490:490 SyncActivityProfilerHandler.cpp:52] profiler_startUSDT:2026-09-03 06:00:05 488:488 SyncActivityProfilerHandler.cpp:52] profiler_start







USDT:2026-09-03 06:00:05 492:492 SyncActivityProfilerHandler.cpp:59] profiler_stopUSDT:2026-09-03 06:00:05 489:489 SyncActivityProfilerHandler.cpp:59] profiler_stopUSDT:2026-09-03 06:00:05 491:491 SyncActivityProfilerHandler.cpp:59] profiler_stopUSDT:2026-09-03 06:00:05 487:487 SyncActivityProfilerHandler.cpp:59] profiler_stopUSDT:2026-09-03 06:00:05 494:494 SyncActivityProfilerHandler.cpp:59] profiler_stop
USDT:2026-09-03 06:00:05 488:488 SyncActivityProfilerHandler.cpp:59] profiler_stop



USDT:2026-09-03 06:00:05 493:493 SyncActivityProfilerHandler.cpp:59] profiler_stop

USDT:2026-09-03 06:00:05 490:490 SyncActivityProfilerHandler.cpp:59] profiler_stop
   * EP:   9/16 | dispatch: 6 GB/s (SO), 21 GB/s (SU), 274.469 us, 5773248 bytes | copy: 660 GB/s, 17.502 us
   * EP:  13/16 | dispatch: 6 GB/s (SO), 21 GB/s (SU), 274.643 us, 5728320 bytes | copy: 288 GB/s, 39.831 us
   * EP:  11/16 | dispatch: 6 GB/s (SO), 21 GB/s (SU), 273.536 us, 5698368 bytes | copy: 818 GB/s, 13.929 us
   * EP:  10/16 | dispatch: 6 GB/s (SO), 23 GB/s (SU), 274.737 us, 6312384 bytes | copy: 388 GB/s, 32.527 us
   * EP:  15/16 | dispatch: 6 GB/s (SO), 22 GB/s (SU), 271.277 us, 6005376 bytes | copy: 307 GB/s, 39.148 us
   * EP:  12/16 | dispatch: 6 GB/s (SO), 22 GB/s (SU), 273.996 us, 6117696 bytes | copy: 598 GB/s, 20.451 us
   * EP:   8/16 | dispatch: 7 GB/s (SO), 21 GB/s (SU), 275.166 us, 5833152 bytes | copy: 751 GB/s, 15.544 us
   * EP:  14/16 | dispatch: 6 GB/s (SO), 22 GB/s (SU), 274.193 us, 6162624 bytes | copy: 720 GB/s, 17.126 us
USDT:2026-09-03 06:00:06 487:487 SyncActivityProfilerHandler.cpp:52] profiler_startUSDT:2026-09-03 06:00:06 489:489 SyncActivityProfilerHandler.cpp:52] profiler_startUSDT:2026-09-03 06:00:06 492:492 SyncActivityProfilerHandler.cpp:52] profiler_startUSDT:2026-09-03 06:00:06 494:494 SyncActivityProfilerHandler.cpp:52] profiler_startUSDT:2026-09-03 06:00:06 488:488 SyncActivityProfilerHandler.cpp:52] profiler_start

USDT:2026-09-03 06:00:06 491:491 SyncActivityProfilerHandler.cpp:52] profiler_startUSDT:2026-09-03 06:00:06 490:490 SyncActivityProfilerHandler.cpp:52] profiler_start

USDT:2026-09-03 06:00:06 493:493 SyncActivityProfilerHandler.cpp:52] profiler_start



USDT:2026-09-03 06:00:06 487:487 SyncActivityProfilerHandler.cpp:59] profiler_stop
USDT:2026-09-03 06:00:06 490:490 SyncActivityProfilerHandler.cpp:59] profiler_stopUSDT:2026-09-03 06:00:06 494:494 SyncActivityProfilerHandler.cpp:59] profiler_stop

USDT:2026-09-03 06:00:06 491:491 SyncActivityProfilerHandler.cpp:59] profiler_stopUSDT:2026-09-03 06:00:06 489:489 SyncActivityProfilerHandler.cpp:59] profiler_stopUSDT:2026-09-03 06:00:06 493:493 SyncActivityProfilerHandler.cpp:59] profiler_stop

USDT:2026-09-03 06:00:06 488:488 SyncActivityProfilerHandler.cpp:59] profiler_stopUSDT:2026-09-03 06:00:06 492:492 SyncActivityProfilerHandler.cpp:59] profiler_stop


   - EP:  10/16 | expanded dispatch: 6 GB/s (SO), 23 GB/s (SU), 275.626 us, 6312384 bytes | copy: 612 GB/s, 34.645 us
   - EP:  15/16 | expanded dispatch: 6 GB/s (SO), 22 GB/s (SU), 271.926 us, 6005376 bytes | copy: 500 GB/s, 41.873 us
   - EP:  13/16 | expanded dispatch: 6 GB/s (SO), 21 GB/s (SU), 275.248 us, 5728320 bytes | copy: 489 GB/s, 42.350 us
   - EP:   9/16 | expanded dispatch: 6 GB/s (SO), 21 GB/s (SU), 275.070 us, 5773248 bytes | copy: 1123 GB/s, 18.401 us
   - EP:  11/16 | expanded dispatch: 6 GB/s (SO), 21 GB/s (SU), 274.327 us, 5698368 bytes | copy: 1286 GB/s, 15.973 us
   - EP:   8/16 | expanded dispatch: 6 GB/s (SO), 21 GB/s (SU), 275.815 us, 5833152 bytes | copy: 1263 GB/s, 16.407 us
   - EP:  12/16 | expanded dispatch: 6 GB/s (SO), 22 GB/s (SU), 274.911 us, 6117696 bytes | copy: 1163 GB/s, 18.015 us
   - EP:  14/16 | expanded dispatch: 6 GB/s (SO), 22 GB/s (SU), 274.858 us, 6162624 bytes | copy: 1220 GB/s, 17.229 us
USDT:2026-09-03 06:00:07 487:487 SyncActivityProfilerHandler.cpp:52] profiler_startUSDT:2026-09-03 06:00:07 490:490 SyncActivityProfilerHandler.cpp:52] profiler_startUSDT:2026-09-03 06:00:07 491:491 SyncActivityProfilerHandler.cpp:52] profiler_startUSDT:2026-09-03 06:00:07 488:488 SyncActivityProfilerHandler.cpp:52] profiler_startUSDT:2026-09-03 06:00:07 494:494 SyncActivityProfilerHandler.cpp:52] profiler_start

USDT:2026-09-03 06:00:07 489:489 SyncActivityProfilerHandler.cpp:52] profiler_startUSDT:2026-09-03 06:00:07 492:492 SyncActivityProfilerHandler.cpp:52] profiler_startUSDT:2026-09-03 06:00:07 493:493 SyncActivityProfilerHandler.cpp:52] profiler_start





USDT:2026-09-03 06:00:07 487:487 SyncActivityProfilerHandler.cpp:59] profiler_stopUSDT:2026-09-03 06:00:07 490:490 SyncActivityProfilerHandler.cpp:59] profiler_stop

USDT:2026-09-03 06:00:07 494:494 SyncActivityProfilerHandler.cpp:59] profiler_stopUSDT:2026-09-03 06:00:07 493:493 SyncActivityProfilerHandler.cpp:59] profiler_stop
USDT:2026-09-03 06:00:07 488:488 SyncActivityProfilerHandler.cpp:59] profiler_stopUSDT:2026-09-03 06:00:07 489:489 SyncActivityProfilerHandler.cpp:59] profiler_stop
USDT:2026-09-03 06:00:07 492:492 SyncActivityProfilerHandler.cpp:59] profiler_stop


USDT:2026-09-03 06:00:07 491:491 SyncActivityProfilerHandler.cpp:59] profiler_stop
   # EP:   8/16 | cached dispatch: 7 GB/s (SO), 22 GB/s (SU), 261.012 us, 5833152 bytes | copy: 935 GB/s, 12.475 us
   # EP:  15/16 | cached dispatch: 6 GB/s (SO), 23 GB/s (SU), 261.560 us, 6005376 bytes | copy: 367 GB/s, 32.769 us
   # EP:  13/16 | cached dispatch: 7 GB/s (SO), 22 GB/s (SU), 260.748 us, 5728320 bytes | copy: 414 GB/s, 27.649 us
   # EP:  11/16 | cached dispatch: 7 GB/s (SO), 22 GB/s (SU), 260.490 us, 5698368 bytes | copy: 904 GB/s, 12.609 us
   # EP:  10/16 | cached dispatch: 7 GB/s (SO), 24 GB/s (SU), 261.197 us, 6312384 bytes | copy: 559 GB/s, 22.577 us
   # EP:   9/16 | cached dispatch: 7 GB/s (SO), 22 GB/s (SU), 261.038 us, 5773248 bytes | copy: 788 GB/s, 14.656 us
   # EP:  12/16 | cached dispatch: 7 GB/s (SO), 23 GB/s (SU), 260.793 us, 6117696 bytes | copy: 978 GB/s, 12.515 us
   # EP:  14/16 | cached dispatch: 7 GB/s (SO), 24 GB/s (SU), 260.443 us, 6162624 bytes | copy: 1079 GB/s, 11.428 us
USDT:2026-09-03 06:00:07 494:494 SyncActivityProfilerHandler.cpp:52] profiler_startUSDT:2026-09-03 06:00:07 487:487 SyncActivityProfilerHandler.cpp:52] profiler_startUSDT:2026-09-03 06:00:07 492:492 SyncActivityProfilerHandler.cpp:52] profiler_startUSDT:2026-09-03 06:00:07 488:488 SyncActivityProfilerHandler.cpp:52] profiler_startUSDT:2026-09-03 06:00:07 489:489 SyncActivityProfilerHandler.cpp:52] profiler_start


USDT:2026-09-03 06:00:07 493:493 SyncActivityProfilerHandler.cpp:52] profiler_start
USDT:2026-09-03 06:00:07 491:491 SyncActivityProfilerHandler.cpp:52] profiler_startUSDT:2026-09-03 06:00:07 490:490 SyncActivityProfilerHandler.cpp:52] profiler_start



USDT:2026-09-03 06:00:08 494:494 SyncActivityProfilerHandler.cpp:59] profiler_stop
USDT:2026-09-03 06:00:08 493:493 SyncActivityProfilerHandler.cpp:59] profiler_stopUSDT:2026-09-03 06:00:08 489:489 SyncActivityProfilerHandler.cpp:59] profiler_stopUSDT:2026-09-03 06:00:08 488:488 SyncActivityProfilerHandler.cpp:59] profiler_stop
USDT:2026-09-03 06:00:08 487:487 SyncActivityProfilerHandler.cpp:59] profiler_stopUSDT:2026-09-03 06:00:08 492:492 SyncActivityProfilerHandler.cpp:59] profiler_stop



USDT:2026-09-03 06:00:08 491:491 SyncActivityProfilerHandler.cpp:59] profiler_stopUSDT:2026-09-03 06:00:08 490:490 SyncActivityProfilerHandler.cpp:59] profiler_stop

   @ EP:  15/16 | combine: 21 GB/s (SO), 73 GB/s (SU), 157.319 us, 11523136 bytes | reduce: 879 GB/s, 5.522 us
   @ EP:   8/16 | combine: 21 GB/s (SO), 67 GB/s (SU), 167.045 us, 11192672 bytes | reduce: 948 GB/s, 5.440 us
   @ EP:  13/16 | combine: 20 GB/s (SO), 68 GB/s (SU), 161.224 us, 10991520 bytes | reduce: 920 GB/s, 5.389 us
   @ EP:  10/16 | combine: 21 GB/s (SO), 75 GB/s (SU), 161.495 us, 12112224 bytes | reduce: 942 GB/s, 5.386 us
   @ EP:  14/16 | combine: 20 GB/s (SO), 72 GB/s (SU), 163.437 us, 11824864 bytes | reduce: 894 GB/s, 5.497 us   @ EP:  11/16 | combine: 20 GB/s (SO), 66 GB/s (SU), 164.548 us, 10934048 bytes | reduce: 908 GB/s, 5.541 us   @ EP:   9/16 | combine: 21 GB/s (SO), 68 GB/s (SU), 163.951 us, 11077728 bytes | reduce: 937 GB/s, 5.458 us


   @ EP:  12/16 | combine: 20 GB/s (SO), 71 GB/s (SU), 165.413 us, 11738656 bytes | reduce: 915 GB/s, 5.449 us
USDT:2026-09-03 06:00:08 489:489 SyncActivityProfilerHandler.cpp:52] profiler_startUSDT:2026-09-03 06:00:08 492:492 SyncActivityProfilerHandler.cpp:52] profiler_start

USDT:2026-09-03 06:00:08 487:487 SyncActivityProfilerHandler.cpp:52] profiler_startUSDT:2026-09-03 06:00:08 494:494 SyncActivityProfilerHandler.cpp:52] profiler_startUSDT:2026-09-03 06:00:08 488:488 SyncActivityProfilerHandler.cpp:52] profiler_start

USDT:2026-09-03 06:00:08 490:490 SyncActivityProfilerHandler.cpp:52] profiler_start
USDT:2026-09-03 06:00:08 493:493 SyncActivityProfilerHandler.cpp:52] profiler_start
USDT:2026-09-03 06:00:08 491:491 SyncActivityProfilerHandler.cpp:52] profiler_start

USDT:2026-09-03 06:00:08 494:494 SyncActivityProfilerHandler.cpp:59] profiler_stopUSDT:2026-09-03 06:00:08 489:489 SyncActivityProfilerHandler.cpp:59] profiler_stop

USDT:2026-09-03 06:00:08 487:487 SyncActivityProfilerHandler.cpp:59] profiler_stopUSDT:2026-09-03 06:00:08 492:492 SyncActivityProfilerHandler.cpp:59] profiler_stopUSDT:2026-09-03 06:00:08 490:490 SyncActivityProfilerHandler.cpp:59] profiler_stop


USDT:2026-09-03 06:00:08 493:493 SyncActivityProfilerHandler.cpp:59] profiler_stop
USDT:2026-09-03 06:00:08 491:491 SyncActivityProfilerHandler.cpp:59] profiler_stop
USDT:2026-09-03 06:00:08 488:488 SyncActivityProfilerHandler.cpp:59] profiler_stop
   + EP:  10/16 | reduced combine: 19 GB/s (SO), 68 GB/s (SU), 177.268 us, 12112224 bytes | reduce: 941 GB/s, 5.389 us
   + EP:  15/16 | reduced combine: 18 GB/s (SO), 65 GB/s (SU), 178.579 us, 11523136 bytes | reduce: 900 GB/s, 5.395 us   + EP:  13/16 | reduced combine: 19 GB/s (SO), 62 GB/s (SU), 176.336 us, 10991520 bytes | reduce: 917 GB/s, 5.403 us

   + EP:  11/16 | reduced combine: 18 GB/s (SO), 59 GB/s (SU), 183.816 us, 10934048 bytes | reduce: 928 GB/s, 5.420 us
   + EP:   8/16 | reduced combine: 18 GB/s (SO), 60 GB/s (SU), 185.642 us, 11192672 bytes | reduce: 963 GB/s, 5.356 us
   + EP:   9/16 | reduced combine: 19 GB/s (SO), 61 GB/s (SU), 182.226 us, 11077728 bytes | reduce: 950 GB/s, 5.383 us
   + EP:  12/16 | reduced combine: 18 GB/s (SO), 64 GB/s (SU), 183.745 us, 11738656 bytes | reduce: 904 GB/s, 5.515 us
   + EP:  14/16 | reduced combine: 18 GB/s (SO), 65 GB/s (SU), 183.215 us, 11824864 bytes | reduce: 886 GB/s, 5.548 us


