=== EP_NIC_NAME=rdmap101s0 (auto, 400 Gb/s) ===
=== NCCL_IB_HCA=rdmap (auto: non-EFA ibverbs device ibp198s0f0 present) ===
=== GIN: NCCL_GIN_TYPE=5 NCCL_SYM_GIN_KERNELS_ENABLE=0 ===
=== PREFER_OVERLAP=0 (--prefer-overlap-with-compute) ===
=== IMAGE=deepep-v2-efa-official:sm103-54fffef  DeepEP=54fffeff810723f574c574b1790dff189f3c6ffb ===
+ docker run --rm --init --gpus all --privileged --network=host --ipc=host --ulimit memlock=-1 --ulimit stack=67108864 --device=/dev/infiniband --device=/dev/gdrdrv -v /sys/class/infiniband:/sys/class/infiniband:ro -e MASTER_ADDR=172.31.24.154 -e MASTER_PORT=8514 -e WORLD_SIZE=2 -e RANK=0 -e NCCL_DEBUG=WARN -e EP_NIC_NAME=rdmap101s0 -e NCCL_IB_HCA=rdmap -e NCCL_GIN_TYPE=5 -e NCCL_SYM_GIN_KERNELS_ENABLE=0 -e PYTHONUNBUFFERED=1 -e PYTHONFAULTHANDLER=1 deepep-v2-efa-official:sm103-54fffef bash -lc 'timeout -s ABRT --kill-after=60 1800     python3 -u /opt/DeepEP/tests/elastic/test_ep.py     --num-processes=8 --num-tokens=8192     --hidden=7168 --num-topk=8 --num-experts=256     --num-sms=12 --allow-hybrid-mode=1     --prefer-overlap-with-compute=0 --test-first-only      '

==========
== CUDA ==
==========

CUDA Version 13.3.1

Container image Copyright (c) 2016-2023, NVIDIA CORPORATION & AFFILIATES. All rights reserved.

This container image and its contents are governed by the NVIDIA Deep Learning Container License.
By pulling and using the container, you accept the terms and conditions of this license:
https://developer.nvidia.com/ngc/nvidia-deep-learning-container-license

A copy of this license is made available in this container at /NGC-DL-CONTAINER-LICENSE for your convenience.

NCCL version 2.31.2+cuda13.3
DeepEP hybrid kernel selection: unordered
DeepEP hybrid kernel selection: unordered
DeepEP hybrid kernel selection: unordered
DeepEP hybrid kernel selection: unordered
DeepEP hybrid kernel selection: unordered
DeepEP hybrid kernel selection: unordered
DeepEP hybrid kernel selection: unordered
DeepEP hybrid kernel selection: unordered
DeepEP hybrid kernel selection: unordered
DeepEP hybrid kernel selection: unordered
DeepEP hybrid kernel selection: unordered
DeepEP hybrid kernel selection: unordered
DeepEP hybrid kernel selection: unordered
DeepEP hybrid kernel selection: unordered
DeepEP hybrid kernel selection: unordered
DeepEP hybrid kernel selection: unordered
Config:
 > Ranks: 2 x 8
 > Experts: 8/256
 > Tokens: 8192 (max: 8192), hidden: 7168
 > #SM: 12, #QPs: 11/11

Running all test cases:
 > Testing with do_handle_copy=1, expert_alignment=128, use_fp8_dispatch=1, num_bias=0, with_previous_event=0, async_with_compute_stream=0, allocate_on_comm_stream=0 ...
USDT:2026-09-03 06:32:24 492:492 SyncActivityProfilerHandler.cpp:52] profiler_startUSDT:2026-09-03 06:32:24 490:490 SyncActivityProfilerHandler.cpp:52] profiler_startUSDT:2026-09-03 06:32:24 491:491 SyncActivityProfilerHandler.cpp:52] profiler_startUSDT:2026-09-03 06:32:24 496:496 SyncActivityProfilerHandler.cpp:52] profiler_startUSDT:2026-09-03 06:32:24 495:495 SyncActivityProfilerHandler.cpp:52] profiler_start
USDT:2026-09-03 06:32:24 493:493 SyncActivityProfilerHandler.cpp:52] profiler_start




USDT:2026-09-03 06:32:24 494:494 SyncActivityProfilerHandler.cpp:52] profiler_start
USDT:2026-09-03 06:32:24 489:489 SyncActivityProfilerHandler.cpp:52] profiler_start
USDT:2026-09-03 06:32:24 496:496 SyncActivityProfilerHandler.cpp:59] profiler_stopUSDT:2026-09-03 06:32:24 493:493 SyncActivityProfilerHandler.cpp:59] profiler_stopUSDT:2026-09-03 06:32:24 491:491 SyncActivityProfilerHandler.cpp:59] profiler_stop


USDT:2026-09-03 06:32:24 490:490 SyncActivityProfilerHandler.cpp:59] profiler_stopUSDT:2026-09-03 06:32:24 495:495 SyncActivityProfilerHandler.cpp:59] profiler_stopUSDT:2026-09-03 06:32:24 492:492 SyncActivityProfilerHandler.cpp:59] profiler_stopUSDT:2026-09-03 06:32:24 489:489 SyncActivityProfilerHandler.cpp:59] profiler_stopUSDT:2026-09-03 06:32:24 494:494 SyncActivityProfilerHandler.cpp:59] profiler_stop




   * EP:   4/16 | dispatch: 115 GB/s (SO), 375 GB/s (SU), 1067.000 us, 400593024 bytes | copy: 5278 GB/s, 151.803 us
   * EP:   6/16 | dispatch: 114 GB/s (SO), 372 GB/s (SU), 1067.000 us, 397433088 bytes | copy: 5082 GB/s, 156.402 us
   * EP:   5/16 | dispatch: 115 GB/s (SO), 376 GB/s (SU), 1067.000 us, 401401728 bytes | copy: 4324 GB/s, 185.669 us
   * EP:   1/16 | dispatch: 114 GB/s (SO), 375 GB/s (SU), 1068.000 us, 400158720 bytes | copy: 4936 GB/s, 162.153 us
   * EP:   3/16 | dispatch: 115 GB/s (SO), 376 GB/s (SU), 1067.000 us, 400982400 bytes | copy: 5161 GB/s, 155.385 us
   * EP:   0/16 | dispatch: 115 GB/s (SO), 372 GB/s (SU), 1066.000 us, 396212544 bytes | copy: 5184 GB/s, 152.848 us
   * EP:   2/16 | dispatch: 114 GB/s (SO), 374 GB/s (SU), 1068.000 us, 399746880 bytes | copy: 4366 GB/s, 183.114 us
   * EP:   7/16 | dispatch: 114 GB/s (SO), 374 GB/s (SU), 1068.000 us, 399904128 bytes | copy: 4082 GB/s, 195.954 us
USDT:2026-09-03 06:32:24 491:491 SyncActivityProfilerHandler.cpp:52] profiler_startUSDT:2026-09-03 06:32:24 496:496 SyncActivityProfilerHandler.cpp:52] profiler_startUSDT:2026-09-03 06:32:24 492:492 SyncActivityProfilerHandler.cpp:52] profiler_startUSDT:2026-09-03 06:32:24 489:489 SyncActivityProfilerHandler.cpp:52] profiler_startUSDT:2026-09-03 06:32:24 495:495 SyncActivityProfilerHandler.cpp:52] profiler_start

USDT:2026-09-03 06:32:24 493:493 SyncActivityProfilerHandler.cpp:52] profiler_startUSDT:2026-09-03 06:32:24 490:490 SyncActivityProfilerHandler.cpp:52] profiler_startUSDT:2026-09-03 06:32:24 494:494 SyncActivityProfilerHandler.cpp:52] profiler_start





USDT:2026-09-03 06:32:25 494:494 SyncActivityProfilerHandler.cpp:59] profiler_stopUSDT:2026-09-03 06:32:25 491:491 SyncActivityProfilerHandler.cpp:59] profiler_stopUSDT:2026-09-03 06:32:25 492:492 SyncActivityProfilerHandler.cpp:59] profiler_stop
USDT:2026-09-03 06:32:25 495:495 SyncActivityProfilerHandler.cpp:59] profiler_stop

USDT:2026-09-03 06:32:25 489:489 SyncActivityProfilerHandler.cpp:59] profiler_stop
USDT:2026-09-03 06:32:25 493:493 SyncActivityProfilerHandler.cpp:59] profiler_stopUSDT:2026-09-03 06:32:25 490:490 SyncActivityProfilerHandler.cpp:59] profiler_stop

USDT:2026-09-03 06:32:25 496:496 SyncActivityProfilerHandler.cpp:59] profiler_stop

   - EP:   4/16 | expanded dispatch: 115 GB/s (SO), 376 GB/s (SU), 1065.000 us, 400593024 bytes | copy: 4840 GB/s, 185.973 us
   - EP:   6/16 | expanded dispatch: 115 GB/s (SO), 373 GB/s (SU), 1065.000 us, 397433088 bytes | copy: 4722 GB/s, 189.518 us
   - EP:   3/16 | expanded dispatch: 115 GB/s (SO), 377 GB/s (SU), 1065.000 us, 400982400 bytes | copy: 4640 GB/s, 194.692 us
   - EP:   5/16 | expanded dispatch: 115 GB/s (SO), 377 GB/s (SU), 1065.000 us, 401401728 bytes | copy: 4067 GB/s, 221.760 us
   - EP:   2/16 | expanded dispatch: 115 GB/s (SO), 375 GB/s (SU), 1066.000 us, 399746880 bytes | copy: 4052 GB/s, 221.886 us
   - EP:   0/16 | expanded dispatch: 115 GB/s (SO), 372 GB/s (SU), 1064.000 us, 396212544 bytes | copy: 4668 GB/s, 190.467 us
   - EP:   1/16 | expanded dispatch: 115 GB/s (SO), 376 GB/s (SU), 1065.000 us, 400158720 bytes | copy: 4548 GB/s, 197.759 us
   - EP:   7/16 | expanded dispatch: 115 GB/s (SO), 375 GB/s (SU), 1066.000 us, 399904128 bytes | copy: 3869 GB/s, 232.365 us
USDT:2026-09-03 06:32:25 495:495 SyncActivityProfilerHandler.cpp:52] profiler_startUSDT:2026-09-03 06:32:25 491:491 SyncActivityProfilerHandler.cpp:52] profiler_startUSDT:2026-09-03 06:32:25 493:493 SyncActivityProfilerHandler.cpp:52] profiler_startUSDT:2026-09-03 06:32:25 494:494 SyncActivityProfilerHandler.cpp:52] profiler_startUSDT:2026-09-03 06:32:25 492:492 SyncActivityProfilerHandler.cpp:52] profiler_startUSDT:2026-09-03 06:32:25 496:496 SyncActivityProfilerHandler.cpp:52] profiler_startUSDT:2026-09-03 06:32:25 490:490 SyncActivityProfilerHandler.cpp:52] profiler_start
USDT:2026-09-03 06:32:25 489:489 SyncActivityProfilerHandler.cpp:52] profiler_start






USDT:2026-09-03 06:32:25 491:491 SyncActivityProfilerHandler.cpp:59] profiler_stop
USDT:2026-09-03 06:32:25 493:493 SyncActivityProfilerHandler.cpp:59] profiler_stopUSDT:2026-09-03 06:32:25 490:490 SyncActivityProfilerHandler.cpp:59] profiler_stop
USDT:2026-09-03 06:32:25 489:489 SyncActivityProfilerHandler.cpp:59] profiler_stop

USDT:2026-09-03 06:32:25 492:492 SyncActivityProfilerHandler.cpp:59] profiler_stop
USDT:2026-09-03 06:32:25 496:496 SyncActivityProfilerHandler.cpp:59] profiler_stop
USDT:2026-09-03 06:32:25 495:495 SyncActivityProfilerHandler.cpp:59] profiler_stop
USDT:2026-09-03 06:32:25 494:494 SyncActivityProfilerHandler.cpp:59] profiler_stop
   # EP:   6/16 | cached dispatch: 116 GB/s (SO), 378 GB/s (SU), 1052.000 us, 397433088 bytes | copy: 5347 GB/s, 148.645 us
   # EP:   3/16 | cached dispatch: 116 GB/s (SO), 381 GB/s (SU), 1052.000 us, 400982400 bytes | copy: 5424 GB/s, 147.868 us
   # EP:   1/16 | cached dispatch: 116 GB/s (SO), 380 GB/s (SU), 1052.000 us, 400158720 bytes | copy: 5110 GB/s, 156.603 us
   # EP:   4/16 | cached dispatch: 116 GB/s (SO), 381 GB/s (SU), 1052.000 us, 400593024 bytes | copy: 5431 GB/s, 147.526 us
   # EP:   2/16 | cached dispatch: 116 GB/s (SO), 380 GB/s (SU), 1053.000 us, 399746880 bytes | copy: 4636 GB/s, 172.468 us
   # EP:   7/16 | cached dispatch: 116 GB/s (SO), 380 GB/s (SU), 1053.000 us, 399904128 bytes | copy: 4345 GB/s, 184.094 us
   # EP:   0/16 | cached dispatch: 116 GB/s (SO), 377 GB/s (SU), 1051.000 us, 396212544 bytes | copy: 5431 GB/s, 145.907 us
   # EP:   5/16 | cached dispatch: 116 GB/s (SO), 381 GB/s (SU), 1053.000 us, 401401728 bytes | copy: 4629 GB/s, 173.412 us
USDT:2026-09-03 06:32:26 490:490 SyncActivityProfilerHandler.cpp:52] profiler_startUSDT:2026-09-03 06:32:26 492:492 SyncActivityProfilerHandler.cpp:52] profiler_start

USDT:2026-09-03 06:32:26 494:494 SyncActivityProfilerHandler.cpp:52] profiler_startUSDT:2026-09-03 06:32:26 493:493 SyncActivityProfilerHandler.cpp:52] profiler_start

USDT:2026-09-03 06:32:26 491:491 SyncActivityProfilerHandler.cpp:52] profiler_start
USDT:2026-09-03 06:32:26 489:489 SyncActivityProfilerHandler.cpp:52] profiler_start
USDT:2026-09-03 06:32:26 495:495 SyncActivityProfilerHandler.cpp:52] profiler_start
USDT:2026-09-03 06:32:26 496:496 SyncActivityProfilerHandler.cpp:52] profiler_start
USDT:2026-09-03 06:32:27 493:493 SyncActivityProfilerHandler.cpp:59] profiler_stopUSDT:2026-09-03 06:32:27 494:494 SyncActivityProfilerHandler.cpp:59] profiler_stop

USDT:2026-09-03 06:32:27 492:492 SyncActivityProfilerHandler.cpp:59] profiler_stop
USDT:2026-09-03 06:32:27 490:490 SyncActivityProfilerHandler.cpp:59] profiler_stopUSDT:2026-09-03 06:32:27 491:491 SyncActivityProfilerHandler.cpp:59] profiler_stop
USDT:2026-09-03 06:32:27 495:495 SyncActivityProfilerHandler.cpp:59] profiler_stop

USDT:2026-09-03 06:32:27 489:489 SyncActivityProfilerHandler.cpp:59] profiler_stop
USDT:2026-09-03 06:32:27 496:496 SyncActivityProfilerHandler.cpp:59] profiler_stop
   @ EP:   3/16 | combine: 80 GB/s (SO), 263 GB/s (SU), 2921.000 us, 769406400 bytes | reduce: 5293 GB/s, 66.577 us
   @ EP:   4/16 | combine: 80 GB/s (SO), 264 GB/s (SU), 2917.000 us, 768659264 bytes | reduce: 5306 GB/s, 66.381 us
   @ EP:   6/16 | combine: 80 GB/s (SO), 259 GB/s (SU), 2941.000 us, 762595968 bytes | reduce: 5316 GB/s, 66.210 us
   @ EP:   7/16 | combine: 79 GB/s (SO), 257 GB/s (SU), 2982.000 us, 767337408 bytes | reduce: 5302 GB/s, 66.425 us
   @ EP:   2/16 | combine: 80 GB/s (SO), 261 GB/s (SU), 2939.000 us, 767035680 bytes | reduce: 5276 GB/s, 66.770 us
   @ EP:   1/16 | combine: 81 GB/s (SO), 264 GB/s (SU), 2908.000 us, 767825920 bytes | reduce: 5298 GB/s, 66.504 us
   @ EP:   0/16 | combine: 80 GB/s (SO), 259 GB/s (SU), 2934.000 us, 760253984 bytes | reduce: 5285 GB/s, 66.673 us
   @ EP:   5/16 | combine: 81 GB/s (SO), 265 GB/s (SU), 2903.000 us, 770211008 bytes | reduce: 5271 GB/s, 66.797 us
USDT:2026-09-03 06:32:27 492:492 SyncActivityProfilerHandler.cpp:52] profiler_startUSDT:2026-09-03 06:32:27 494:494 SyncActivityProfilerHandler.cpp:52] profiler_start

USDT:2026-09-03 06:32:27 493:493 SyncActivityProfilerHandler.cpp:52] profiler_startUSDT:2026-09-03 06:32:27 496:496 SyncActivityProfilerHandler.cpp:52] profiler_start

USDT:2026-09-03 06:32:27 495:495 SyncActivityProfilerHandler.cpp:52] profiler_start
USDT:2026-09-03 06:32:27 491:491 SyncActivityProfilerHandler.cpp:52] profiler_start
USDT:2026-09-03 06:32:27 490:490 SyncActivityProfilerHandler.cpp:52] profiler_start
USDT:2026-09-03 06:32:27 489:489 SyncActivityProfilerHandler.cpp:52] profiler_start
USDT:2026-09-03 06:32:28 493:493 SyncActivityProfilerHandler.cpp:59] profiler_stopUSDT:2026-09-03 06:32:28 494:494 SyncActivityProfilerHandler.cpp:59] profiler_stopUSDT:2026-09-03 06:32:28 490:490 SyncActivityProfilerHandler.cpp:59] profiler_stop


USDT:2026-09-03 06:32:28 496:496 SyncActivityProfilerHandler.cpp:59] profiler_stop
USDT:2026-09-03 06:32:28 491:491 SyncActivityProfilerHandler.cpp:59] profiler_stopUSDT:2026-09-03 06:32:28 492:492 SyncActivityProfilerHandler.cpp:59] profiler_stop

USDT:2026-09-03 06:32:28 495:495 SyncActivityProfilerHandler.cpp:59] profiler_stop
USDT:2026-09-03 06:32:28 489:489 SyncActivityProfilerHandler.cpp:59] profiler_stop
   + EP:   4/16 | reduced combine: 62 GB/s (SO), 202 GB/s (SU), 3798.000 us, 768659264 bytes | reduce: 5288 GB/s, 66.604 us
   + EP:   3/16 | reduced combine: 62 GB/s (SO), 202 GB/s (SU), 3810.000 us, 769406400 bytes | reduce: 5306 GB/s, 66.410 us
   + EP:   1/16 | reduced combine: 61 GB/s (SO), 200 GB/s (SU), 3830.000 us, 767825920 bytes | reduce: 5303 GB/s, 66.440 us   + EP:   2/16 | reduced combine: 61 GB/s (SO), 200 GB/s (SU), 3830.000 us, 767035680 bytes | reduce: 5282 GB/s, 66.705 us

   + EP:   7/16 | reduced combine: 62 GB/s (SO), 202 GB/s (SU), 3797.000 us, 767337408 bytes | reduce: 5265 GB/s, 66.889 us
   + EP:   5/16 | reduced combine: 62 GB/s (SO), 203 GB/s (SU), 3798.000 us, 770211008 bytes | reduce: 5274 GB/s, 66.759 us
   + EP:   6/16 | reduced combine: 61 GB/s (SO), 199 GB/s (SU), 3825.000 us, 762595968 bytes | reduce: 5295 GB/s, 66.473 us
   + EP:   0/16 | reduced combine: 61 GB/s (SO), 197 GB/s (SU), 3851.000 us, 760253984 bytes | reduce: 5302 GB/s, 66.460 us


