=== EP_NIC_NAME=rdmap101s0 (auto, 400 Gb/s) ===
=== NCCL_IB_HCA=rdmap (auto: non-EFA ibverbs device ibp198s0f0 present) ===
=== GIN: NCCL_GIN_TYPE=5 NCCL_SYM_GIN_KERNELS_ENABLE=0 ===
=== PREFER_OVERLAP=0 (--prefer-overlap-with-compute) ===
=== IMAGE=deepep-v2-efa-official:sm103-54fffef  DeepEP=54fffeff810723f574c574b1790dff189f3c6ffb ===
+ docker run --rm --init --gpus all --privileged --network=host --ipc=host --ulimit memlock=-1 --ulimit stack=67108864 --device=/dev/infiniband --device=/dev/gdrdrv -v /sys/class/infiniband:/sys/class/infiniband:ro -e MASTER_ADDR=172.31.24.154 -e MASTER_PORT=8502 -e WORLD_SIZE=2 -e RANK=0 -e NCCL_DEBUG=WARN -e EP_NIC_NAME=rdmap101s0 -e NCCL_IB_HCA=rdmap -e NCCL_GIN_TYPE=5 -e NCCL_SYM_GIN_KERNELS_ENABLE=0 -e PYTHONUNBUFFERED=1 -e PYTHONFAULTHANDLER=1 deepep-v2-efa-official:sm103-54fffef bash -lc 'timeout -s ABRT --kill-after=60 1800     python3 -u /opt/DeepEP/tests/elastic/test_ep.py     --num-processes=8 --num-tokens=128     --hidden=7168 --num-topk=8 --num-experts=256     --num-sms=12 --allow-hybrid-mode=1     --prefer-overlap-with-compute=0 --test-first-only      '

==========
== CUDA ==
==========

CUDA Version 13.3.1

Container image Copyright (c) 2016-2023, NVIDIA CORPORATION & AFFILIATES. All rights reserved.

This container image and its contents are governed by the NVIDIA Deep Learning Container License.
By pulling and using the container, you accept the terms and conditions of this license:
https://developer.nvidia.com/ngc/nvidia-deep-learning-container-license

A copy of this license is made available in this container at /NGC-DL-CONTAINER-LICENSE for your convenience.

NCCL version 2.31.2+cuda13.3
DeepEP hybrid kernel selection: unordered
DeepEP hybrid kernel selection: unordered
DeepEP hybrid kernel selection: unordered
DeepEP hybrid kernel selection: unordered
DeepEP hybrid kernel selection: unordered
DeepEP hybrid kernel selection: unordered
DeepEP hybrid kernel selection: unordered
DeepEP hybrid kernel selection: unordered
DeepEP hybrid kernel selection: unordered
DeepEP hybrid kernel selection: unordered
DeepEP hybrid kernel selection: unordered
DeepEP hybrid kernel selection: unordered
DeepEP hybrid kernel selection: unordered
DeepEP hybrid kernel selection: unordered
DeepEP hybrid kernel selection: unordered
DeepEP hybrid kernel selection: unordered
Config:
 > Ranks: 2 x 8
 > Experts: 8/256
 > Tokens: 128 (max: 128), hidden: 7168
 > #SM: 12, #QPs: 11/11

Running all test cases:
 > Testing with do_handle_copy=1, expert_alignment=128, use_fp8_dispatch=1, num_bias=0, with_previous_event=0, async_with_compute_stream=0, allocate_on_comm_stream=0 ...
USDT:2026-09-03 06:00:05 491:491 SyncActivityProfilerHandler.cpp:52] profiler_startUSDT:2026-09-03 06:00:05 492:492 SyncActivityProfilerHandler.cpp:52] profiler_startUSDT:2026-09-03 06:00:05 495:495 SyncActivityProfilerHandler.cpp:52] profiler_startUSDT:2026-09-03 06:00:05 494:494 SyncActivityProfilerHandler.cpp:52] profiler_startUSDT:2026-09-03 06:00:05 489:489 SyncActivityProfilerHandler.cpp:52] profiler_startUSDT:2026-09-03 06:00:05 490:490 SyncActivityProfilerHandler.cpp:52] profiler_startUSDT:2026-09-03 06:00:05 493:493 SyncActivityProfilerHandler.cpp:52] profiler_start






USDT:2026-09-03 06:00:05 496:496 SyncActivityProfilerHandler.cpp:52] profiler_start
USDT:2026-09-03 06:00:05 492:492 SyncActivityProfilerHandler.cpp:59] profiler_stop
USDT:2026-09-03 06:00:05 494:494 SyncActivityProfilerHandler.cpp:59] profiler_stopUSDT:2026-09-03 06:00:05 490:490 SyncActivityProfilerHandler.cpp:59] profiler_stopUSDT:2026-09-03 06:00:05 489:489 SyncActivityProfilerHandler.cpp:59] profiler_stopUSDT:2026-09-03 06:00:05 495:495 SyncActivityProfilerHandler.cpp:59] profiler_stop

USDT:2026-09-03 06:00:05 496:496 SyncActivityProfilerHandler.cpp:59] profiler_stop

USDT:2026-09-03 06:00:05 491:491 SyncActivityProfilerHandler.cpp:59] profiler_stop

USDT:2026-09-03 06:00:05 493:493 SyncActivityProfilerHandler.cpp:59] profiler_stop
   * EP:   3/16 | dispatch: 7 GB/s (SO), 21 GB/s (SU), 279.920 us, 5855616 bytes | copy: 818 GB/s, 14.322 us
   * EP:   6/16 | dispatch: 6 GB/s (SO), 21 GB/s (SU), 279.940 us, 5937984 bytes | copy: 809 GB/s, 14.673 us
   * EP:   1/16 | dispatch: 7 GB/s (SO), 20 GB/s (SU), 280.258 us, 5720832 bytes | copy: 656 GB/s, 17.450 us
   * EP:   5/16 | dispatch: 7 GB/s (SO), 20 GB/s (SU), 280.284 us, 5705856 bytes | copy: 327 GB/s, 34.867 us
   * EP:   4/16 | dispatch: 7 GB/s (SO), 20 GB/s (SU), 280.053 us, 5623488 bytes | copy: 577 GB/s, 19.489 us   * EP:   7/16 | dispatch: 6 GB/s (SO), 21 GB/s (SU), 281.246 us, 5937984 bytes | copy: 282 GB/s, 42.179 us

   * EP:   0/16 | dispatch: 7 GB/s (SO), 21 GB/s (SU), 278.764 us, 5750784 bytes | copy: 721 GB/s, 15.960 us
   * EP:   2/16 | dispatch: 7 GB/s (SO), 21 GB/s (SU), 280.744 us, 5840640 bytes | copy: 360 GB/s, 32.426 us
USDT:2026-09-03 06:00:06 492:492 SyncActivityProfilerHandler.cpp:52] profiler_start
USDT:2026-09-03 06:00:06 489:489 SyncActivityProfilerHandler.cpp:52] profiler_startUSDT:2026-09-03 06:00:06 495:495 SyncActivityProfilerHandler.cpp:52] profiler_start
USDT:2026-09-03 06:00:06 490:490 SyncActivityProfilerHandler.cpp:52] profiler_start

USDT:2026-09-03 06:00:06 496:496 SyncActivityProfilerHandler.cpp:52] profiler_startUSDT:2026-09-03 06:00:06 494:494 SyncActivityProfilerHandler.cpp:52] profiler_startUSDT:2026-09-03 06:00:06 493:493 SyncActivityProfilerHandler.cpp:52] profiler_start


USDT:2026-09-03 06:00:06 491:491 SyncActivityProfilerHandler.cpp:52] profiler_start
USDT:2026-09-03 06:00:06 496:496 SyncActivityProfilerHandler.cpp:59] profiler_stopUSDT:2026-09-03 06:00:06 489:489 SyncActivityProfilerHandler.cpp:59] profiler_stop
USDT:2026-09-03 06:00:06 493:493 SyncActivityProfilerHandler.cpp:59] profiler_stopUSDT:2026-09-03 06:00:06 492:492 SyncActivityProfilerHandler.cpp:59] profiler_stopUSDT:2026-09-03 06:00:06 490:490 SyncActivityProfilerHandler.cpp:59] profiler_stop
USDT:2026-09-03 06:00:06 494:494 SyncActivityProfilerHandler.cpp:59] profiler_stop

USDT:2026-09-03 06:00:06 491:491 SyncActivityProfilerHandler.cpp:59] profiler_stopUSDT:2026-09-03 06:00:06 495:495 SyncActivityProfilerHandler.cpp:59] profiler_stop



   - EP:   1/16 | expanded dispatch: 7 GB/s (SO), 20 GB/s (SU), 282.431 us, 5720832 bytes | copy: 1001 GB/s, 20.504 us
   - EP:   0/16 | expanded dispatch: 7 GB/s (SO), 20 GB/s (SU), 280.801 us, 5750784 bytes | copy: 1188 GB/s, 17.329 us
   - EP:   3/16 | expanded dispatch: 7 GB/s (SO), 21 GB/s (SU), 282.500 us, 5855616 bytes | copy: 1253 GB/s, 16.500 us
   - EP:   6/16 | expanded dispatch: 6 GB/s (SO), 21 GB/s (SU), 282.279 us, 5937984 bytes | copy: 1349 GB/s, 15.443 us
   - EP:   4/16 | expanded dispatch: 7 GB/s (SO), 20 GB/s (SU), 282.664 us, 5623488 bytes | copy: 1189 GB/s, 17.195 us
   - EP:   7/16 | expanded dispatch: 6 GB/s (SO), 21 GB/s (SU), 283.493 us, 5937984 bytes | copy: 445 GB/s, 46.504 us
   - EP:   5/16 | expanded dispatch: 6 GB/s (SO), 20 GB/s (SU), 282.848 us, 5705856 bytes | copy: 503 GB/s, 40.809 us
   - EP:   2/16 | expanded dispatch: 7 GB/s (SO), 21 GB/s (SU), 283.044 us, 5840640 bytes | copy: 577 GB/s, 35.852 us
USDT:2026-09-03 06:00:07 489:489 SyncActivityProfilerHandler.cpp:52] profiler_startUSDT:2026-09-03 06:00:07 492:492 SyncActivityProfilerHandler.cpp:52] profiler_startUSDT:2026-09-03 06:00:07 496:496 SyncActivityProfilerHandler.cpp:52] profiler_startUSDT:2026-09-03 06:00:07 490:490 SyncActivityProfilerHandler.cpp:52] profiler_startUSDT:2026-09-03 06:00:07 493:493 SyncActivityProfilerHandler.cpp:52] profiler_startUSDT:2026-09-03 06:00:07 495:495 SyncActivityProfilerHandler.cpp:52] profiler_start


USDT:2026-09-03 06:00:07 494:494 SyncActivityProfilerHandler.cpp:52] profiler_start


USDT:2026-09-03 06:00:07 491:491 SyncActivityProfilerHandler.cpp:52] profiler_start

USDT:2026-09-03 06:00:07 493:493 SyncActivityProfilerHandler.cpp:59] profiler_stopUSDT:2026-09-03 06:00:07 494:494 SyncActivityProfilerHandler.cpp:59] profiler_stopUSDT:2026-09-03 06:00:07 496:496 SyncActivityProfilerHandler.cpp:59] profiler_stopUSDT:2026-09-03 06:00:07 495:495 SyncActivityProfilerHandler.cpp:59] profiler_stopUSDT:2026-09-03 06:00:07 489:489 SyncActivityProfilerHandler.cpp:59] profiler_stop




USDT:2026-09-03 06:00:07 492:492 SyncActivityProfilerHandler.cpp:59] profiler_stop
USDT:2026-09-03 06:00:07 490:490 SyncActivityProfilerHandler.cpp:59] profiler_stopUSDT:2026-09-03 06:00:07 491:491 SyncActivityProfilerHandler.cpp:59] profiler_stop

   # EP:   6/16 | cached dispatch: 7 GB/s (SO), 23 GB/s (SU), 263.085 us, 5937984 bytes | copy: 1173 GB/s, 10.127 us
   # EP:   3/16 | cached dispatch: 7 GB/s (SO), 22 GB/s (SU), 262.486 us, 5855616 bytes | copy: 912 GB/s, 12.841 us
   # EP:   4/16 | cached dispatch: 7 GB/s (SO), 21 GB/s (SU), 263.144 us, 5623488 bytes | copy: 935 GB/s, 12.024 us   # EP:   5/16 | cached dispatch: 7 GB/s (SO), 22 GB/s (SU), 263.548 us, 5705856 bytes | copy: 482 GB/s, 23.656 us

   # EP:   7/16 | cached dispatch: 7 GB/s (SO), 23 GB/s (SU), 262.651 us, 5937984 bytes | copy: 330 GB/s, 35.983 us
   # EP:   0/16 | cached dispatch: 7 GB/s (SO), 22 GB/s (SU), 262.863 us, 5750784 bytes | copy: 784 GB/s, 14.679 us
   # EP:   1/16 | cached dispatch: 7 GB/s (SO), 22 GB/s (SU), 262.885 us, 5720832 bytes | copy: 715 GB/s, 16.004 us
   # EP:   2/16 | cached dispatch: 7 GB/s (SO), 22 GB/s (SU), 263.728 us, 5840640 bytes | copy: 507 GB/s, 23.041 us
USDT:2026-09-03 06:00:07 496:496 SyncActivityProfilerHandler.cpp:52] profiler_start
USDT:2026-09-03 06:00:07 494:494 SyncActivityProfilerHandler.cpp:52] profiler_start
USDT:2026-09-03 06:00:07 490:490 SyncActivityProfilerHandler.cpp:52] profiler_startUSDT:2026-09-03 06:00:07 492:492 SyncActivityProfilerHandler.cpp:52] profiler_startUSDT:2026-09-03 06:00:07 489:489 SyncActivityProfilerHandler.cpp:52] profiler_start

USDT:2026-09-03 06:00:07 495:495 SyncActivityProfilerHandler.cpp:52] profiler_start

USDT:2026-09-03 06:00:07 493:493 SyncActivityProfilerHandler.cpp:52] profiler_start
USDT:2026-09-03 06:00:07 491:491 SyncActivityProfilerHandler.cpp:52] profiler_start
USDT:2026-09-03 06:00:08 496:496 SyncActivityProfilerHandler.cpp:59] profiler_stopUSDT:2026-09-03 06:00:08 494:494 SyncActivityProfilerHandler.cpp:59] profiler_stop

USDT:2026-09-03 06:00:08 492:492 SyncActivityProfilerHandler.cpp:59] profiler_stopUSDT:2026-09-03 06:00:08 495:495 SyncActivityProfilerHandler.cpp:59] profiler_stopUSDT:2026-09-03 06:00:08 489:489 SyncActivityProfilerHandler.cpp:59] profiler_stopUSDT:2026-09-03 06:00:08 493:493 SyncActivityProfilerHandler.cpp:59] profiler_stop



USDT:2026-09-03 06:00:08 490:490 SyncActivityProfilerHandler.cpp:59] profiler_stopUSDT:2026-09-03 06:00:08 491:491 SyncActivityProfilerHandler.cpp:59] profiler_stop

   @ EP:   3/16 | combine: 22 GB/s (SO), 68 GB/s (SU), 164.456 us, 11235776 bytes | reduce: 1002 GB/s, 5.376 us
   @ EP:   6/16 | combine: 21 GB/s (SO), 69 GB/s (SU), 165.110 us, 11393824 bytes | reduce: 968 GB/s, 5.388 us
   @ EP:   5/16 | combine: 22 GB/s (SO), 68 GB/s (SU), 160.379 us, 10948416 bytes | reduce: 972 GB/s, 5.437 us
   @ EP:   4/16 | combine: 22 GB/s (SO), 66 GB/s (SU), 164.185 us, 10790368 bytes | reduce: 954 GB/s, 5.571 us
   @ EP:   7/16 | combine: 23 GB/s (SO), 76 GB/s (SU), 149.649 us, 11393824 bytes | reduce: 947 GB/s, 5.508 us
   @ EP:   0/16 | combine: 22 GB/s (SO), 67 GB/s (SU), 164.948 us, 11034624 bytes | reduce: 986 GB/s, 5.581 us
   @ EP:   1/16 | combine: 23 GB/s (SO), 68 GB/s (SU), 160.958 us, 10977152 bytes | reduce: 1020 GB/s, 5.367 us
   @ EP:   2/16 | combine: 22 GB/s (SO), 69 GB/s (SU), 162.470 us, 11207040 bytes | reduce: 1008 GB/s, 5.388 us
USDT:2026-09-03 06:00:08 496:496 SyncActivityProfilerHandler.cpp:52] profiler_start
USDT:2026-09-03 06:00:08 494:494 SyncActivityProfilerHandler.cpp:52] profiler_startUSDT:2026-09-03 06:00:08 493:493 SyncActivityProfilerHandler.cpp:52] profiler_startUSDT:2026-09-03 06:00:08 489:489 SyncActivityProfilerHandler.cpp:52] profiler_startUSDT:2026-09-03 06:00:08 492:492 SyncActivityProfilerHandler.cpp:52] profiler_startUSDT:2026-09-03 06:00:08 495:495 SyncActivityProfilerHandler.cpp:52] profiler_start




USDT:2026-09-03 06:00:08 490:490 SyncActivityProfilerHandler.cpp:52] profiler_start
USDT:2026-09-03 06:00:08 491:491 SyncActivityProfilerHandler.cpp:52] profiler_start
USDT:2026-09-03 06:00:08 496:496 SyncActivityProfilerHandler.cpp:59] profiler_stop
USDT:2026-09-03 06:00:08 492:492 SyncActivityProfilerHandler.cpp:59] profiler_stop
USDT:2026-09-03 06:00:08 489:489 SyncActivityProfilerHandler.cpp:59] profiler_stopUSDT:2026-09-03 06:00:08 494:494 SyncActivityProfilerHandler.cpp:59] profiler_stop

USDT:2026-09-03 06:00:08 490:490 SyncActivityProfilerHandler.cpp:59] profiler_stop
USDT:2026-09-03 06:00:08 491:491 SyncActivityProfilerHandler.cpp:59] profiler_stopUSDT:2026-09-03 06:00:08 495:495 SyncActivityProfilerHandler.cpp:59] profiler_stopUSDT:2026-09-03 06:00:08 493:493 SyncActivityProfilerHandler.cpp:59] profiler_stop


   + EP:   3/16 | reduced combine: 19 GB/s (SO), 61 GB/s (SU), 184.390 us, 11235776 bytes | reduce: 975 GB/s, 5.524 us
   + EP:   6/16 | reduced combine: 19 GB/s (SO), 62 GB/s (SU), 184.817 us, 11393824 bytes | reduce: 966 GB/s, 5.397 us
   + EP:   4/16 | reduced combine: 19 GB/s (SO), 59 GB/s (SU), 182.360 us, 10790368 bytes | reduce: 976 GB/s, 5.449 us   + EP:   7/16 | reduced combine: 21 GB/s (SO), 67 GB/s (SU), 169.478 us, 11393824 bytes | reduce: 970 GB/s, 5.378 us

   + EP:   5/16 | reduced combine: 20 GB/s (SO), 62 GB/s (SU), 175.870 us, 10948416 bytes | reduce: 982 GB/s, 5.387 us
   + EP:   0/16 | reduced combine: 20 GB/s (SO), 61 GB/s (SU), 181.791 us, 11034624 bytes | reduce: 1010 GB/s, 5.450 us
   + EP:   1/16 | reduced combine: 20 GB/s (SO), 61 GB/s (SU), 179.952 us, 10977152 bytes | reduce: 999 GB/s, 5.479 us
   + EP:   2/16 | reduced combine: 20 GB/s (SO), 62 GB/s (SU), 180.318 us, 11207040 bytes | reduce: 1032 GB/s, 5.263 us


