=== EP_NIC_NAME=rdmap101s0 (auto, 400 Gb/s) ===
=== NCCL_IB_HCA=rdmap (auto: non-EFA ibverbs device ibp198s0f0 present) ===
=== GIN: NCCL_GIN_TYPE=5 NCCL_SYM_GIN_KERNELS_ENABLE=0 ===
=== PREFER_OVERLAP=0 (--prefer-overlap-with-compute) ===
=== IMAGE=deepep-v2-efa-official:sm103-54fffef  DeepEP=54fffeff810723f574c574b1790dff189f3c6ffb ===
+ docker run --rm --init --gpus all --privileged --network=host --ipc=host --ulimit memlock=-1 --ulimit stack=67108864 --device=/dev/infiniband --device=/dev/gdrdrv -v /sys/class/infiniband:/sys/class/infiniband:ro -e MASTER_ADDR=172.31.24.154 -e MASTER_PORT=8503 -e WORLD_SIZE=2 -e RANK=1 -e NCCL_DEBUG=WARN -e EP_NIC_NAME=rdmap101s0 -e NCCL_IB_HCA=rdmap -e NCCL_GIN_TYPE=5 -e NCCL_SYM_GIN_KERNELS_ENABLE=0 -e EP_NUM_SUB_PARTS=1 -e PYTHONUNBUFFERED=1 -e PYTHONFAULTHANDLER=1 deepep-v2-efa-official:sm103-54fffef bash -lc 'timeout -s ABRT --kill-after=60 1800     python3 -u /opt/DeepEP/tests/elastic/test_ep.py     --num-processes=8 --num-tokens=128     --hidden=7168 --num-topk=8 --num-experts=256     --num-sms=12 --allow-hybrid-mode=1     --prefer-overlap-with-compute=0 --test-first-only      '

==========
== CUDA ==
==========

CUDA Version 13.3.1

Container image Copyright (c) 2016-2023, NVIDIA CORPORATION & AFFILIATES. All rights reserved.

This container image and its contents are governed by the NVIDIA Deep Learning Container License.
By pulling and using the container, you accept the terms and conditions of this license:
https://developer.nvidia.com/ngc/nvidia-deep-learning-container-license

A copy of this license is made available in this container at /NGC-DL-CONTAINER-LICENSE for your convenience.

DeepEP hybrid kernel selection: unordered
DeepEP hybrid kernel selection: unordered
DeepEP hybrid kernel selection: unordered
DeepEP hybrid kernel selection: unordered
DeepEP hybrid kernel selection: unordered
DeepEP hybrid kernel selection: unordered
DeepEP hybrid kernel selection: unordered
DeepEP hybrid kernel selection: unordered
DeepEP hybrid kernel selection: unordered
DeepEP hybrid kernel selection: unordered
DeepEP hybrid kernel selection: unordered
DeepEP hybrid kernel selection: unordered
DeepEP hybrid kernel selection: unordered
DeepEP hybrid kernel selection: unordered
DeepEP hybrid kernel selection: unordered
DeepEP hybrid kernel selection: unordered
Config:
 > Ranks: 2 x 8
 > Experts: 8/256
 > Tokens: 120 (max: 128), hidden: 7168
 > #SM: 12, #QPs: 11/11

Running all test cases:
 > Testing with do_handle_copy=1, expert_alignment=128, use_fp8_dispatch=1, num_bias=0, with_previous_event=0, async_with_compute_stream=0, allocate_on_comm_stream=0 ...
USDT:2026-09-03 06:02:47 495:495 SyncActivityProfilerHandler.cpp:52] profiler_startUSDT:2026-09-03 06:02:47 493:493 SyncActivityProfilerHandler.cpp:52] profiler_startUSDT:2026-09-03 06:02:47 494:494 SyncActivityProfilerHandler.cpp:52] profiler_startUSDT:2026-09-03 06:02:47 492:492 SyncActivityProfilerHandler.cpp:52] profiler_startUSDT:2026-09-03 06:02:47 489:489 SyncActivityProfilerHandler.cpp:52] profiler_start
USDT:2026-09-03 06:02:47 490:490 SyncActivityProfilerHandler.cpp:52] profiler_start
USDT:2026-09-03 06:02:47 491:491 SyncActivityProfilerHandler.cpp:52] profiler_start




USDT:2026-09-03 06:02:47 496:496 SyncActivityProfilerHandler.cpp:52] profiler_start
USDT:2026-09-03 06:02:48 489:489 SyncActivityProfilerHandler.cpp:59] profiler_stopUSDT:2026-09-03 06:02:48 494:494 SyncActivityProfilerHandler.cpp:59] profiler_stopUSDT:2026-09-03 06:02:48 492:492 SyncActivityProfilerHandler.cpp:59] profiler_stopUSDT:2026-09-03 06:02:48 491:491 SyncActivityProfilerHandler.cpp:59] profiler_stopUSDT:2026-09-03 06:02:48 493:493 SyncActivityProfilerHandler.cpp:59] profiler_stop




USDT:2026-09-03 06:02:48 490:490 SyncActivityProfilerHandler.cpp:59] profiler_stopUSDT:2026-09-03 06:02:48 496:496 SyncActivityProfilerHandler.cpp:59] profiler_stopUSDT:2026-09-03 06:02:48 495:495 SyncActivityProfilerHandler.cpp:59] profiler_stop


   * EP:  12/16 | dispatch: 6 GB/s (SO), 22 GB/s (SU), 274.455 us, 6117696 bytes | copy: 644 GB/s, 19.009 us
   * EP:  11/16 | dispatch: 6 GB/s (SO), 21 GB/s (SU), 274.325 us, 5698368 bytes | copy: 689 GB/s, 16.531 us
   * EP:  14/16 | dispatch: 6 GB/s (SO), 22 GB/s (SU), 274.359 us, 6162624 bytes | copy: 693 GB/s, 17.791 us
   * EP:   9/16 | dispatch: 6 GB/s (SO), 21 GB/s (SU), 274.838 us, 5773248 bytes | copy: 572 GB/s, 20.193 us
   * EP:   8/16 | dispatch: 6 GB/s (SO), 21 GB/s (SU), 275.681 us, 5833152 bytes | copy: 800 GB/s, 14.576 us
   * EP:  10/16 | dispatch: 6 GB/s (SO), 23 GB/s (SU), 274.885 us, 6312384 bytes | copy: 390 GB/s, 32.353 us
   * EP:  15/16 | dispatch: 6 GB/s (SO), 22 GB/s (SU), 271.806 us, 6005376 bytes | copy: 303 GB/s, 39.685 us
   * EP:  13/16 | dispatch: 6 GB/s (SO), 21 GB/s (SU), 274.808 us, 5728320 bytes | copy: 302 GB/s, 37.994 us
USDT:2026-09-03 06:02:48 493:493 SyncActivityProfilerHandler.cpp:52] profiler_startUSDT:2026-09-03 06:02:48 491:491 SyncActivityProfilerHandler.cpp:52] profiler_startUSDT:2026-09-03 06:02:48 492:492 SyncActivityProfilerHandler.cpp:52] profiler_startUSDT:2026-09-03 06:02:48 494:494 SyncActivityProfilerHandler.cpp:52] profiler_startUSDT:2026-09-03 06:02:48 495:495 SyncActivityProfilerHandler.cpp:52] profiler_start



USDT:2026-09-03 06:02:48 489:489 SyncActivityProfilerHandler.cpp:52] profiler_startUSDT:2026-09-03 06:02:48 490:490 SyncActivityProfilerHandler.cpp:52] profiler_start
USDT:2026-09-03 06:02:48 496:496 SyncActivityProfilerHandler.cpp:52] profiler_start


USDT:2026-09-03 06:02:48 492:492 SyncActivityProfilerHandler.cpp:59] profiler_stopUSDT:2026-09-03 06:02:48 490:490 SyncActivityProfilerHandler.cpp:59] profiler_stop
USDT:2026-09-03 06:02:48 491:491 SyncActivityProfilerHandler.cpp:59] profiler_stop

USDT:2026-09-03 06:02:48 493:493 SyncActivityProfilerHandler.cpp:59] profiler_stopUSDT:2026-09-03 06:02:48 496:496 SyncActivityProfilerHandler.cpp:59] profiler_stop
USDT:2026-09-03 06:02:48 489:489 SyncActivityProfilerHandler.cpp:59] profiler_stopUSDT:2026-09-03 06:02:48 495:495 SyncActivityProfilerHandler.cpp:59] profiler_stop
USDT:2026-09-03 06:02:48 494:494 SyncActivityProfilerHandler.cpp:59] profiler_stop


   - EP:  14/16 | expanded dispatch: 6 GB/s (SO), 22 GB/s (SU), 274.833 us, 6162624 bytes | copy: 1516 GB/s, 13.858 us
   - EP:   9/16 | expanded dispatch: 6 GB/s (SO), 21 GB/s (SU), 275.766 us, 5773248 bytes | copy: 1069 GB/s, 19.332 us
   - EP:  11/16 | expanded dispatch: 6 GB/s (SO), 21 GB/s (SU), 274.776 us, 5698368 bytes | copy: 1265 GB/s, 16.233 us
   - EP:  15/16 | expanded dispatch: 6 GB/s (SO), 22 GB/s (SU), 272.483 us, 6005376 bytes | copy: 515 GB/s, 40.696 us
   - EP:   8/16 | expanded dispatch: 6 GB/s (SO), 21 GB/s (SU), 276.030 us, 5833152 bytes | copy: 1246 GB/s, 16.639 us
   - EP:  12/16 | expanded dispatch: 6 GB/s (SO), 22 GB/s (SU), 275.111 us, 6117696 bytes | copy: 1130 GB/s, 18.538 us
   - EP:  10/16 | expanded dispatch: 6 GB/s (SO), 23 GB/s (SU), 275.786 us, 6312384 bytes | copy: 617 GB/s, 34.364 us
   - EP:  13/16 | expanded dispatch: 6 GB/s (SO), 21 GB/s (SU), 275.409 us, 5728320 bytes | copy: 470 GB/s, 44.017 us
USDT:2026-09-03 06:02:49 496:496 SyncActivityProfilerHandler.cpp:52] profiler_startUSDT:2026-09-03 06:02:49 490:490 SyncActivityProfilerHandler.cpp:52] profiler_startUSDT:2026-09-03 06:02:49 495:495 SyncActivityProfilerHandler.cpp:52] profiler_startUSDT:2026-09-03 06:02:49 491:491 SyncActivityProfilerHandler.cpp:52] profiler_startUSDT:2026-09-03 06:02:49 489:489 SyncActivityProfilerHandler.cpp:52] profiler_startUSDT:2026-09-03 06:02:49 493:493 SyncActivityProfilerHandler.cpp:52] profiler_startUSDT:2026-09-03 06:02:49 494:494 SyncActivityProfilerHandler.cpp:52] profiler_start



USDT:2026-09-03 06:02:49 492:492 SyncActivityProfilerHandler.cpp:52] profiler_start



USDT:2026-09-03 06:02:49 494:494 SyncActivityProfilerHandler.cpp:59] profiler_stopUSDT:2026-09-03 06:02:49 489:489 SyncActivityProfilerHandler.cpp:59] profiler_stopUSDT:2026-09-03 06:02:49 493:493 SyncActivityProfilerHandler.cpp:59] profiler_stop

USDT:2026-09-03 06:02:49 496:496 SyncActivityProfilerHandler.cpp:59] profiler_stop
USDT:2026-09-03 06:02:49 490:490 SyncActivityProfilerHandler.cpp:59] profiler_stop
USDT:2026-09-03 06:02:49 491:491 SyncActivityProfilerHandler.cpp:59] profiler_stopUSDT:2026-09-03 06:02:49 492:492 SyncActivityProfilerHandler.cpp:59] profiler_stop


USDT:2026-09-03 06:02:49 495:495 SyncActivityProfilerHandler.cpp:59] profiler_stop
   # EP:  12/16 | cached dispatch: 7 GB/s (SO), 23 GB/s (SU), 261.815 us, 6117696 bytes | copy: 726 GB/s, 16.843 us
   # EP:  15/16 | cached dispatch: 6 GB/s (SO), 23 GB/s (SU), 262.437 us, 6005376 bytes | copy: 376 GB/s, 31.983 us
   # EP:   8/16 | cached dispatch: 7 GB/s (SO), 22 GB/s (SU), 262.319 us, 5833152 bytes | copy: 935 GB/s, 12.478 us
   # EP:   9/16 | cached dispatch: 7 GB/s (SO), 22 GB/s (SU), 261.986 us, 5773248 bytes | copy: 805 GB/s, 14.338 us
   # EP:  10/16 | cached dispatch: 7 GB/s (SO), 24 GB/s (SU), 261.894 us, 6312384 bytes | copy: 489 GB/s, 25.812 us   # EP:  11/16 | cached dispatch: 7 GB/s (SO), 22 GB/s (SU), 261.352 us, 5698368 bytes | copy: 809 GB/s, 14.094 us

   # EP:  14/16 | cached dispatch: 7 GB/s (SO), 24 GB/s (SU), 261.476 us, 6162624 bytes | copy: 906 GB/s, 13.598 us
   # EP:  13/16 | cached dispatch: 7 GB/s (SO), 22 GB/s (SU), 261.757 us, 5728320 bytes | copy: 376 GB/s, 30.454 us
USDT:2026-09-03 06:02:50 496:496 SyncActivityProfilerHandler.cpp:52] profiler_start
USDT:2026-09-03 06:02:50 491:491 SyncActivityProfilerHandler.cpp:52] profiler_startUSDT:2026-09-03 06:02:50 494:494 SyncActivityProfilerHandler.cpp:52] profiler_startUSDT:2026-09-03 06:02:50 490:490 SyncActivityProfilerHandler.cpp:52] profiler_startUSDT:2026-09-03 06:02:50 489:489 SyncActivityProfilerHandler.cpp:52] profiler_startUSDT:2026-09-03 06:02:50 495:495 SyncActivityProfilerHandler.cpp:52] profiler_startUSDT:2026-09-03 06:02:50 493:493 SyncActivityProfilerHandler.cpp:52] profiler_start

USDT:2026-09-03 06:02:50 492:492 SyncActivityProfilerHandler.cpp:52] profiler_start




USDT:2026-09-03 06:02:50 496:496 SyncActivityProfilerHandler.cpp:59] profiler_stop
USDT:2026-09-03 06:02:50 494:494 SyncActivityProfilerHandler.cpp:59] profiler_stop
USDT:2026-09-03 06:02:50 491:491 SyncActivityProfilerHandler.cpp:59] profiler_stopUSDT:2026-09-03 06:02:50 490:490 SyncActivityProfilerHandler.cpp:59] profiler_stop
USDT:2026-09-03 06:02:50 492:492 SyncActivityProfilerHandler.cpp:59] profiler_stop

USDT:2026-09-03 06:02:50 493:493 SyncActivityProfilerHandler.cpp:59] profiler_stopUSDT:2026-09-03 06:02:50 495:495 SyncActivityProfilerHandler.cpp:59] profiler_stop

USDT:2026-09-03 06:02:50 489:489 SyncActivityProfilerHandler.cpp:59] profiler_stop
   @ EP:  15/16 | combine: 21 GB/s (SO), 73 GB/s (SU), 157.692 us, 11523136 bytes | reduce: 885 GB/s, 5.490 us
   @ EP:  12/16 | combine: 20 GB/s (SO), 71 GB/s (SU), 164.439 us, 11738656 bytes | reduce: 928 GB/s, 5.370 us
   @ EP:  14/16 | combine: 20 GB/s (SO), 72 GB/s (SU), 163.919 us, 11824864 bytes | reduce: 904 GB/s, 5.438 us
   @ EP:  10/16 | combine: 21 GB/s (SO), 75 GB/s (SU), 161.760 us, 12112224 bytes | reduce: 934 GB/s, 5.431 us
   @ EP:   9/16 | combine: 21 GB/s (SO), 68 GB/s (SU), 163.125 us, 11077728 bytes | reduce: 945 GB/s, 5.413 us
   @ EP:   8/16 | combine: 21 GB/s (SO), 67 GB/s (SU), 166.555 us, 11192672 bytes | reduce: 951 GB/s, 5.425 us
   @ EP:  11/16 | combine: 20 GB/s (SO), 67 GB/s (SU), 164.333 us, 10934048 bytes | reduce: 911 GB/s, 5.522 us
   @ EP:  13/16 | combine: 20 GB/s (SO), 68 GB/s (SU), 161.311 us, 10991520 bytes | reduce: 920 GB/s, 5.388 us
USDT:2026-09-03 06:02:50 496:496 SyncActivityProfilerHandler.cpp:52] profiler_startUSDT:2026-09-03 06:02:50 494:494 SyncActivityProfilerHandler.cpp:52] profiler_startUSDT:2026-09-03 06:02:50 491:491 SyncActivityProfilerHandler.cpp:52] profiler_startUSDT:2026-09-03 06:02:50 489:489 SyncActivityProfilerHandler.cpp:52] profiler_start

USDT:2026-09-03 06:02:50 493:493 SyncActivityProfilerHandler.cpp:52] profiler_start

USDT:2026-09-03 06:02:50 490:490 SyncActivityProfilerHandler.cpp:52] profiler_start
USDT:2026-09-03 06:02:50 492:492 SyncActivityProfilerHandler.cpp:52] profiler_start

USDT:2026-09-03 06:02:50 495:495 SyncActivityProfilerHandler.cpp:52] profiler_start
USDT:2026-09-03 06:02:50 496:496 SyncActivityProfilerHandler.cpp:59] profiler_stop
USDT:2026-09-03 06:02:50 494:494 SyncActivityProfilerHandler.cpp:59] profiler_stopUSDT:2026-09-03 06:02:50 489:489 SyncActivityProfilerHandler.cpp:59] profiler_stop

USDT:2026-09-03 06:02:50 490:490 SyncActivityProfilerHandler.cpp:59] profiler_stop
USDT:2026-09-03 06:02:50 493:493 SyncActivityProfilerHandler.cpp:59] profiler_stopUSDT:2026-09-03 06:02:50 495:495 SyncActivityProfilerHandler.cpp:59] profiler_stopUSDT:2026-09-03 06:02:50 491:491 SyncActivityProfilerHandler.cpp:59] profiler_stopUSDT:2026-09-03 06:02:50 492:492 SyncActivityProfilerHandler.cpp:59] profiler_stop



   + EP:  15/16 | reduced combine: 18 GB/s (SO), 65 GB/s (SU), 177.382 us, 11523136 bytes | reduce: 908 GB/s, 5.351 us
   + EP:  12/16 | reduced combine: 18 GB/s (SO), 64 GB/s (SU), 183.733 us, 11738656 bytes | reduce: 913 GB/s, 5.463 us
   + EP:   8/16 | reduced combine: 18 GB/s (SO), 60 GB/s (SU), 185.967 us, 11192672 bytes | reduce: 966 GB/s, 5.340 us
   + EP:  14/16 | reduced combine: 18 GB/s (SO), 64 GB/s (SU), 183.864 us, 11824864 bytes | reduce: 889 GB/s, 5.530 us
   + EP:  10/16 | reduced combine: 19 GB/s (SO), 68 GB/s (SU), 177.613 us, 12112224 bytes | reduce: 938 GB/s, 5.406 us   + EP:   9/16 | reduced combine: 19 GB/s (SO), 61 GB/s (SU), 181.882 us, 11077728 bytes | reduce: 949 GB/s, 5.392 us

   + EP:  11/16 | reduced combine: 18 GB/s (SO), 60 GB/s (SU), 183.719 us, 10934048 bytes | reduce: 934 GB/s, 5.385 us
   + EP:  13/16 | reduced combine: 19 GB/s (SO), 62 GB/s (SU), 176.921 us, 10991520 bytes | reduce: 914 GB/s, 5.425 us


