=== EP_NIC_NAME=rdmap101s0 (auto, 400 Gb/s) ===
=== NCCL_IB_HCA=rdmap (auto: non-EFA ibverbs device ibp198s0f0 present) ===
=== GIN: NCCL_GIN_TYPE=5 NCCL_SYM_GIN_KERNELS_ENABLE=0 ===
=== PREFER_OVERLAP=0 (--prefer-overlap-with-compute) ===
=== IMAGE=deepep-v2-efa-official:sm103-54fffef  DeepEP=54fffeff810723f574c574b1790dff189f3c6ffb ===
+ docker run --rm --init --gpus all --privileged --network=host --ipc=host --ulimit memlock=-1 --ulimit stack=67108864 --device=/dev/infiniband --device=/dev/gdrdrv -v /sys/class/infiniband:/sys/class/infiniband:ro -e MASTER_ADDR=172.31.24.154 -e MASTER_PORT=8503 -e WORLD_SIZE=2 -e RANK=0 -e NCCL_DEBUG=WARN -e EP_NIC_NAME=rdmap101s0 -e NCCL_IB_HCA=rdmap -e NCCL_GIN_TYPE=5 -e NCCL_SYM_GIN_KERNELS_ENABLE=0 -e EP_NUM_SUB_PARTS=1 -e PYTHONUNBUFFERED=1 -e PYTHONFAULTHANDLER=1 deepep-v2-efa-official:sm103-54fffef bash -lc 'timeout -s ABRT --kill-after=60 1800     python3 -u /opt/DeepEP/tests/elastic/test_ep.py     --num-processes=8 --num-tokens=128     --hidden=7168 --num-topk=8 --num-experts=256     --num-sms=12 --allow-hybrid-mode=1     --prefer-overlap-with-compute=0 --test-first-only      '

==========
== CUDA ==
==========

CUDA Version 13.3.1

Container image Copyright (c) 2016-2023, NVIDIA CORPORATION & AFFILIATES. All rights reserved.

This container image and its contents are governed by the NVIDIA Deep Learning Container License.
By pulling and using the container, you accept the terms and conditions of this license:
https://developer.nvidia.com/ngc/nvidia-deep-learning-container-license

A copy of this license is made available in this container at /NGC-DL-CONTAINER-LICENSE for your convenience.

NCCL version 2.31.2+cuda13.3
DeepEP hybrid kernel selection: unordered
DeepEP hybrid kernel selection: unordered
DeepEP hybrid kernel selection: unordered
DeepEP hybrid kernel selection: unordered
DeepEP hybrid kernel selection: unordered
DeepEP hybrid kernel selection: unordered
DeepEP hybrid kernel selection: unordered
DeepEP hybrid kernel selection: unordered
DeepEP hybrid kernel selection: unordered
DeepEP hybrid kernel selection: unordered
DeepEP hybrid kernel selection: unordered
DeepEP hybrid kernel selection: unordered
DeepEP hybrid kernel selection: unordered
DeepEP hybrid kernel selection: unordered
DeepEP hybrid kernel selection: unordered
DeepEP hybrid kernel selection: unordered
Config:
 > Ranks: 2 x 8
 > Experts: 8/256
 > Tokens: 128 (max: 128), hidden: 7168
 > #SM: 12, #QPs: 11/11

Running all test cases:
 > Testing with do_handle_copy=1, expert_alignment=128, use_fp8_dispatch=1, num_bias=0, with_previous_event=0, async_with_compute_stream=0, allocate_on_comm_stream=0 ...
USDT:2026-09-03 06:02:47 489:489 SyncActivityProfilerHandler.cpp:52] profiler_startUSDT:2026-09-03 06:02:47 486:486 SyncActivityProfilerHandler.cpp:52] profiler_startUSDT:2026-09-03 06:02:47 491:491 SyncActivityProfilerHandler.cpp:52] profiler_startUSDT:2026-09-03 06:02:47 485:485 SyncActivityProfilerHandler.cpp:52] profiler_start



USDT:2026-09-03 06:02:47 490:490 SyncActivityProfilerHandler.cpp:52] profiler_startUSDT:2026-09-03 06:02:47 487:487 SyncActivityProfilerHandler.cpp:52] profiler_startUSDT:2026-09-03 06:02:47 488:488 SyncActivityProfilerHandler.cpp:52] profiler_start

USDT:2026-09-03 06:02:47 492:492 SyncActivityProfilerHandler.cpp:52] profiler_start

USDT:2026-09-03 06:02:48 492:492 SyncActivityProfilerHandler.cpp:59] profiler_stopUSDT:2026-09-03 06:02:48 488:488 SyncActivityProfilerHandler.cpp:59] profiler_stopUSDT:2026-09-03 06:02:48 490:490 SyncActivityProfilerHandler.cpp:59] profiler_stopUSDT:2026-09-03 06:02:48 491:491 SyncActivityProfilerHandler.cpp:59] profiler_stopUSDT:2026-09-03 06:02:48 489:489 SyncActivityProfilerHandler.cpp:59] profiler_stopUSDT:2026-09-03 06:02:48 486:486 SyncActivityProfilerHandler.cpp:59] profiler_stopUSDT:2026-09-03 06:02:48 485:485 SyncActivityProfilerHandler.cpp:59] profiler_stopUSDT:2026-09-03 06:02:48 487:487 SyncActivityProfilerHandler.cpp:59] profiler_stop







   * EP:   1/16 | dispatch: 7 GB/s (SO), 20 GB/s (SU), 280.601 us, 5720832 bytes | copy: 541 GB/s, 21.143 us
   * EP:   6/16 | dispatch: 6 GB/s (SO), 21 GB/s (SU), 280.466 us, 5937984 bytes | copy: 735 GB/s, 16.152 us
   * EP:   7/16 | dispatch: 6 GB/s (SO), 21 GB/s (SU), 281.757 us, 5937984 bytes | copy: 271 GB/s, 43.783 us
   * EP:   2/16 | dispatch: 7 GB/s (SO), 21 GB/s (SU), 281.326 us, 5840640 bytes | copy: 360 GB/s, 32.445 us
   * EP:   4/16 | dispatch: 7 GB/s (SO), 20 GB/s (SU), 280.517 us, 5623488 bytes | copy: 563 GB/s, 19.987 us
   * EP:   0/16 | dispatch: 7 GB/s (SO), 21 GB/s (SU), 279.405 us, 5750784 bytes | copy: 752 GB/s, 15.290 us
   * EP:   5/16 | dispatch: 7 GB/s (SO), 20 GB/s (SU), 280.826 us, 5705856 bytes | copy: 324 GB/s, 35.275 us
   * EP:   3/16 | dispatch: 7 GB/s (SO), 21 GB/s (SU), 280.539 us, 5855616 bytes | copy: 737 GB/s, 15.885 us
USDT:2026-09-03 06:02:48 492:492 SyncActivityProfilerHandler.cpp:52] profiler_startUSDT:2026-09-03 06:02:48 485:485 SyncActivityProfilerHandler.cpp:52] profiler_startUSDT:2026-09-03 06:02:48 486:486 SyncActivityProfilerHandler.cpp:52] profiler_startUSDT:2026-09-03 06:02:48 488:488 SyncActivityProfilerHandler.cpp:52] profiler_start
USDT:2026-09-03 06:02:48 490:490 SyncActivityProfilerHandler.cpp:52] profiler_startUSDT:2026-09-03 06:02:48 489:489 SyncActivityProfilerHandler.cpp:52] profiler_start
USDT:2026-09-03 06:02:48 491:491 SyncActivityProfilerHandler.cpp:52] profiler_start



USDT:2026-09-03 06:02:48 487:487 SyncActivityProfilerHandler.cpp:52] profiler_start

USDT:2026-09-03 06:02:48 491:491 SyncActivityProfilerHandler.cpp:59] profiler_stopUSDT:2026-09-03 06:02:48 485:485 SyncActivityProfilerHandler.cpp:59] profiler_stopUSDT:2026-09-03 06:02:48 488:488 SyncActivityProfilerHandler.cpp:59] profiler_stop

USDT:2026-09-03 06:02:48 486:486 SyncActivityProfilerHandler.cpp:59] profiler_stop
USDT:2026-09-03 06:02:48 489:489 SyncActivityProfilerHandler.cpp:59] profiler_stopUSDT:2026-09-03 06:02:48 490:490 SyncActivityProfilerHandler.cpp:59] profiler_stopUSDT:2026-09-03 06:02:48 487:487 SyncActivityProfilerHandler.cpp:59] profiler_stopUSDT:2026-09-03 06:02:48 492:492 SyncActivityProfilerHandler.cpp:59] profiler_stop




   - EP:   1/16 | expanded dispatch: 7 GB/s (SO), 20 GB/s (SU), 280.701 us, 5720832 bytes | copy: 940 GB/s, 21.830 us
   - EP:   4/16 | expanded dispatch: 7 GB/s (SO), 20 GB/s (SU), 280.837 us, 5623488 bytes | copy: 1100 GB/s, 18.585 us
   - EP:   0/16 | expanded dispatch: 7 GB/s (SO), 21 GB/s (SU), 279.809 us, 5750784 bytes | copy: 1149 GB/s, 17.914 us
   - EP:   3/16 | expanded dispatch: 7 GB/s (SO), 21 GB/s (SU), 280.524 us, 5855616 bytes | copy: 1211 GB/s, 17.065 us
   - EP:   2/16 | expanded dispatch: 7 GB/s (SO), 21 GB/s (SU), 281.678 us, 5840640 bytes | copy: 606 GB/s, 34.130 us
   - EP:   7/16 | expanded dispatch: 6 GB/s (SO), 21 GB/s (SU), 281.378 us, 5937984 bytes | copy: 462 GB/s, 44.832 us
   - EP:   5/16 | expanded dispatch: 7 GB/s (SO), 20 GB/s (SU), 280.824 us, 5705856 bytes | copy: 506 GB/s, 40.608 us
   - EP:   6/16 | expanded dispatch: 6 GB/s (SO), 21 GB/s (SU), 280.254 us, 5937984 bytes | copy: 1558 GB/s, 13.370 us
USDT:2026-09-03 06:02:49 486:486 SyncActivityProfilerHandler.cpp:52] profiler_startUSDT:2026-09-03 06:02:49 489:489 SyncActivityProfilerHandler.cpp:52] profiler_startUSDT:2026-09-03 06:02:49 485:485 SyncActivityProfilerHandler.cpp:52] profiler_start


USDT:2026-09-03 06:02:49 491:491 SyncActivityProfilerHandler.cpp:52] profiler_startUSDT:2026-09-03 06:02:49 487:487 SyncActivityProfilerHandler.cpp:52] profiler_startUSDT:2026-09-03 06:02:49 492:492 SyncActivityProfilerHandler.cpp:52] profiler_startUSDT:2026-09-03 06:02:49 490:490 SyncActivityProfilerHandler.cpp:52] profiler_start



USDT:2026-09-03 06:02:49 488:488 SyncActivityProfilerHandler.cpp:52] profiler_start
USDT:2026-09-03 06:02:49 485:485 SyncActivityProfilerHandler.cpp:59] profiler_stop
USDT:2026-09-03 06:02:49 486:486 SyncActivityProfilerHandler.cpp:59] profiler_stop
USDT:2026-09-03 06:02:49 489:489 SyncActivityProfilerHandler.cpp:59] profiler_stop
USDT:2026-09-03 06:02:49 492:492 SyncActivityProfilerHandler.cpp:59] profiler_stopUSDT:2026-09-03 06:02:49 490:490 SyncActivityProfilerHandler.cpp:59] profiler_stop

USDT:2026-09-03 06:02:49 487:487 SyncActivityProfilerHandler.cpp:59] profiler_stopUSDT:2026-09-03 06:02:49 491:491 SyncActivityProfilerHandler.cpp:59] profiler_stopUSDT:2026-09-03 06:02:49 488:488 SyncActivityProfilerHandler.cpp:59] profiler_stop


   # EP:   1/16 | cached dispatch: 7 GB/s (SO), 22 GB/s (SU), 264.576 us, 5720832 bytes | copy: 895 GB/s, 12.783 us
   # EP:   0/16 | cached dispatch: 7 GB/s (SO), 22 GB/s (SU), 263.208 us, 5750784 bytes | copy: 965 GB/s, 11.914 us
   # EP:   4/16 | cached dispatch: 7 GB/s (SO), 21 GB/s (SU), 265.000 us, 5623488 bytes | copy: 756 GB/s, 14.881 us
   # EP:   6/16 | cached dispatch: 7 GB/s (SO), 22 GB/s (SU), 265.359 us, 5937984 bytes | copy: 1224 GB/s, 9.699 us
   # EP:   5/16 | cached dispatch: 7 GB/s (SO), 21 GB/s (SU), 265.500 us, 5705856 bytes | copy: 476 GB/s, 23.988 us
   # EP:   7/16 | cached dispatch: 7 GB/s (SO), 22 GB/s (SU), 265.885 us, 5937984 bytes | copy: 373 GB/s, 31.830 us
   # EP:   2/16 | cached dispatch: 7 GB/s (SO), 22 GB/s (SU), 265.403 us, 5840640 bytes | copy: 493 GB/s, 23.676 us
   # EP:   3/16 | cached dispatch: 7 GB/s (SO), 22 GB/s (SU), 265.034 us, 5855616 bytes | copy: 954 GB/s, 12.274 us
USDT:2026-09-03 06:02:50 492:492 SyncActivityProfilerHandler.cpp:52] profiler_startUSDT:2026-09-03 06:02:50 486:486 SyncActivityProfilerHandler.cpp:52] profiler_start

USDT:2026-09-03 06:02:50 489:489 SyncActivityProfilerHandler.cpp:52] profiler_startUSDT:2026-09-03 06:02:50 487:487 SyncActivityProfilerHandler.cpp:52] profiler_start

USDT:2026-09-03 06:02:50 488:488 SyncActivityProfilerHandler.cpp:52] profiler_startUSDT:2026-09-03 06:02:50 485:485 SyncActivityProfilerHandler.cpp:52] profiler_startUSDT:2026-09-03 06:02:50 490:490 SyncActivityProfilerHandler.cpp:52] profiler_start


USDT:2026-09-03 06:02:50 491:491 SyncActivityProfilerHandler.cpp:52] profiler_start
USDT:2026-09-03 06:02:50 486:486 SyncActivityProfilerHandler.cpp:59] profiler_stop
USDT:2026-09-03 06:02:50 492:492 SyncActivityProfilerHandler.cpp:59] profiler_stopUSDT:2026-09-03 06:02:50 485:485 SyncActivityProfilerHandler.cpp:59] profiler_stop

USDT:2026-09-03 06:02:50 489:489 SyncActivityProfilerHandler.cpp:59] profiler_stopUSDT:2026-09-03 06:02:50 490:490 SyncActivityProfilerHandler.cpp:59] profiler_stop
USDT:2026-09-03 06:02:50 487:487 SyncActivityProfilerHandler.cpp:59] profiler_stop

USDT:2026-09-03 06:02:50 491:491 SyncActivityProfilerHandler.cpp:59] profiler_stop
USDT:2026-09-03 06:02:50 488:488 SyncActivityProfilerHandler.cpp:59] profiler_stop
   @ EP:   1/16 | combine: 23 GB/s (SO), 68 GB/s (SU), 160.654 us, 10977152 bytes | reduce: 1024 GB/s, 5.346 us
   @ EP:   0/16 | combine: 22 GB/s (SO), 67 GB/s (SU), 165.414 us, 11034624 bytes | reduce: 973 GB/s, 5.658 us
   @ EP:   4/16 | combine: 22 GB/s (SO), 66 GB/s (SU), 163.983 us, 10790368 bytes | reduce: 966 GB/s, 5.503 us
   @ EP:   2/16 | combine: 22 GB/s (SO), 69 GB/s (SU), 162.546 us, 11207040 bytes | reduce: 1007 GB/s, 5.392 us
   @ EP:   5/16 | combine: 22 GB/s (SO), 68 GB/s (SU), 160.913 us, 10948416 bytes | reduce: 972 GB/s, 5.442 us
   @ EP:   7/16 | combine: 23 GB/s (SO), 76 GB/s (SU), 149.622 us, 11393824 bytes | reduce: 953 GB/s, 5.475 us
   @ EP:   3/16 | combine: 22 GB/s (SO), 68 GB/s (SU), 164.760 us, 11235776 bytes | reduce: 1007 GB/s, 5.350 us
   @ EP:   6/16 | combine: 21 GB/s (SO), 69 GB/s (SU), 164.705 us, 11393824 bytes | reduce: 967 GB/s, 5.392 us
USDT:2026-09-03 06:02:50 492:492 SyncActivityProfilerHandler.cpp:52] profiler_start
USDT:2026-09-03 06:02:50 486:486 SyncActivityProfilerHandler.cpp:52] profiler_start
USDT:2026-09-03 06:02:50 490:490 SyncActivityProfilerHandler.cpp:52] profiler_startUSDT:2026-09-03 06:02:50 487:487 SyncActivityProfilerHandler.cpp:52] profiler_start
USDT:2026-09-03 06:02:50 491:491 SyncActivityProfilerHandler.cpp:52] profiler_start

USDT:2026-09-03 06:02:50 488:488 SyncActivityProfilerHandler.cpp:52] profiler_startUSDT:2026-09-03 06:02:50 485:485 SyncActivityProfilerHandler.cpp:52] profiler_start
USDT:2026-09-03 06:02:50 489:489 SyncActivityProfilerHandler.cpp:52] profiler_start

USDT:2026-09-03 06:02:50 492:492 SyncActivityProfilerHandler.cpp:59] profiler_stop
USDT:2026-09-03 06:02:50 490:490 SyncActivityProfilerHandler.cpp:59] profiler_stopUSDT:2026-09-03 06:02:50 486:486 SyncActivityProfilerHandler.cpp:59] profiler_stop

USDT:2026-09-03 06:02:50 485:485 SyncActivityProfilerHandler.cpp:59] profiler_stopUSDT:2026-09-03 06:02:50 491:491 SyncActivityProfilerHandler.cpp:59] profiler_stopUSDT:2026-09-03 06:02:50 487:487 SyncActivityProfilerHandler.cpp:59] profiler_stopUSDT:2026-09-03 06:02:50 488:488 SyncActivityProfilerHandler.cpp:59] profiler_stop

USDT:2026-09-03 06:02:50 489:489 SyncActivityProfilerHandler.cpp:59] profiler_stop


   + EP:   1/16 | reduced combine: 20 GB/s (SO), 61 GB/s (SU), 180.168 us, 10977152 bytes | reduce: 998 GB/s, 5.484 us
   + EP:   0/16 | reduced combine: 20 GB/s (SO), 60 GB/s (SU), 182.461 us, 11034624 bytes | reduce: 1008 GB/s, 5.458 us
   + EP:   4/16 | reduced combine: 19 GB/s (SO), 59 GB/s (SU), 182.232 us, 10790368 bytes | reduce: 961 GB/s, 5.530 us
   + EP:   5/16 | reduced combine: 20 GB/s (SO), 62 GB/s (SU), 175.622 us, 10948416 bytes | reduce: 980 GB/s, 5.397 us
   + EP:   7/16 | reduced combine: 21 GB/s (SO), 68 GB/s (SU), 168.762 us, 11393824 bytes | reduce: 968 GB/s, 5.389 us
   + EP:   6/16 | reduced combine: 19 GB/s (SO), 62 GB/s (SU), 184.621 us, 11393824 bytes | reduce: 968 GB/s, 5.388 us   + EP:   3/16 | reduced combine: 20 GB/s (SO), 61 GB/s (SU), 183.675 us, 11235776 bytes | reduce: 977 GB/s, 5.513 us

   + EP:   2/16 | reduced combine: 20 GB/s (SO), 62 GB/s (SU), 180.159 us, 11207040 bytes | reduce: 1020 GB/s, 5.325 us


