=== EP_NIC_NAME=rdmap101s0 (auto, 400 Gb/s) ===
=== NCCL_IB_HCA=rdmap (auto: non-EFA ibverbs device ibp198s0f0 present) ===
=== GIN: NCCL_GIN_TYPE=5 NCCL_SYM_GIN_KERNELS_ENABLE=0 ===
=== PREFER_OVERLAP=0 (--prefer-overlap-with-compute) ===
=== IMAGE=deepep-v2-efa-official:sm103-54fffef  DeepEP=54fffeff810723f574c574b1790dff189f3c6ffb ===
+ docker run --rm --init --gpus all --privileged --network=host --ipc=host --ulimit memlock=-1 --ulimit stack=67108864 --device=/dev/infiniband --device=/dev/gdrdrv -v /sys/class/infiniband:/sys/class/infiniband:ro -e MASTER_ADDR=172.31.24.154 -e MASTER_PORT=8527 -e WORLD_SIZE=2 -e RANK=0 -e NCCL_DEBUG=WARN -e EP_NIC_NAME=rdmap101s0 -e NCCL_IB_HCA=rdmap -e NCCL_GIN_TYPE=5 -e NCCL_SYM_GIN_KERNELS_ENABLE=0 -e PYTHONUNBUFFERED=1 -e PYTHONFAULTHANDLER=1 deepep-v2-efa-official:sm103-54fffef bash -lc 'timeout -s ABRT --kill-after=60 1800     python3 -u /opt/DeepEP/tests/elastic/test_ep.py     --num-processes=8 --num-tokens=8192     --hidden=7168 --num-topk=8 --num-experts=256     --num-sms=12 --allow-hybrid-mode=1     --prefer-overlap-with-compute=0 --test-first-only      '

==========
== CUDA ==
==========

CUDA Version 13.3.1

Container image Copyright (c) 2016-2023, NVIDIA CORPORATION & AFFILIATES. All rights reserved.

This container image and its contents are governed by the NVIDIA Deep Learning Container License.
By pulling and using the container, you accept the terms and conditions of this license:
https://developer.nvidia.com/ngc/nvidia-deep-learning-container-license

A copy of this license is made available in this container at /NGC-DL-CONTAINER-LICENSE for your convenience.

NCCL version 2.31.2+cuda13.3
DeepEP hybrid kernel selection: unordered
DeepEP hybrid kernel selection: unordered
DeepEP hybrid kernel selection: unordered
DeepEP hybrid kernel selection: unordered
DeepEP hybrid kernel selection: unordered
DeepEP hybrid kernel selection: unordered
DeepEP hybrid kernel selection: unordered
DeepEP hybrid kernel selection: unordered
DeepEP hybrid kernel selection: unordered
DeepEP hybrid kernel selection: unordered
DeepEP hybrid kernel selection: unordered
DeepEP hybrid kernel selection: unordered
DeepEP hybrid kernel selection: unordered
DeepEP hybrid kernel selection: unordered
DeepEP hybrid kernel selection: unordered
DeepEP hybrid kernel selection: unordered
Config:
 > Ranks: 2 x 8
 > Experts: 8/256
 > Tokens: 8192 (max: 8192), hidden: 7168
 > #SM: 12, #QPs: 11/11

Running all test cases:
 > Testing with do_handle_copy=1, expert_alignment=128, use_fp8_dispatch=1, num_bias=0, with_previous_event=0, async_with_compute_stream=0, allocate_on_comm_stream=0 ...
USDT:2026-09-03 07:07:27 489:489 SyncActivityProfilerHandler.cpp:52] profiler_startUSDT:2026-09-03 07:07:27 490:490 SyncActivityProfilerHandler.cpp:52] profiler_startUSDT:2026-09-03 07:07:27 494:494 SyncActivityProfilerHandler.cpp:52] profiler_startUSDT:2026-09-03 07:07:27 492:492 SyncActivityProfilerHandler.cpp:52] profiler_startUSDT:2026-09-03 07:07:27 493:493 SyncActivityProfilerHandler.cpp:52] profiler_start

USDT:2026-09-03 07:07:27 495:495 SyncActivityProfilerHandler.cpp:52] profiler_start


USDT:2026-09-03 07:07:27 488:488 SyncActivityProfilerHandler.cpp:52] profiler_startUSDT:2026-09-03 07:07:27 491:491 SyncActivityProfilerHandler.cpp:52] profiler_start


USDT:2026-09-03 07:07:28 492:492 SyncActivityProfilerHandler.cpp:59] profiler_stopUSDT:2026-09-03 07:07:28 490:490 SyncActivityProfilerHandler.cpp:59] profiler_stopUSDT:2026-09-03 07:07:28 494:494 SyncActivityProfilerHandler.cpp:59] profiler_stopUSDT:2026-09-03 07:07:28 491:491 SyncActivityProfilerHandler.cpp:59] profiler_stopUSDT:2026-09-03 07:07:28 489:489 SyncActivityProfilerHandler.cpp:59] profiler_stopUSDT:2026-09-03 07:07:28 488:488 SyncActivityProfilerHandler.cpp:59] profiler_stopUSDT:2026-09-03 07:07:28 493:493 SyncActivityProfilerHandler.cpp:59] profiler_stop

USDT:2026-09-03 07:07:28 495:495 SyncActivityProfilerHandler.cpp:59] profiler_stop





   * EP:   4/16 | dispatch: 115 GB/s (SO), 376 GB/s (SU), 1065.000 us, 400593024 bytes | copy: 5210 GB/s, 153.777 us
   * EP:   3/16 | dispatch: 115 GB/s (SO), 377 GB/s (SU), 1065.000 us, 400982400 bytes | copy: 5150 GB/s, 155.731 us
   * EP:   2/16 | dispatch: 115 GB/s (SO), 375 GB/s (SU), 1066.000 us, 399746880 bytes | copy: 4493 GB/s, 177.930 us
   * EP:   1/16 | dispatch: 115 GB/s (SO), 376 GB/s (SU), 1065.000 us, 400158720 bytes | copy: 4972 GB/s, 160.954 us
   * EP:   5/16 | dispatch: 115 GB/s (SO), 377 GB/s (SU), 1065.000 us, 401401728 bytes | copy: 4296 GB/s, 186.858 us   * EP:   0/16 | dispatch: 115 GB/s (SO), 372 GB/s (SU), 1064.000 us, 396212544 bytes | copy: 5280 GB/s, 150.083 us

   * EP:   7/16 | dispatch: 115 GB/s (SO), 375 GB/s (SU), 1066.000 us, 399904128 bytes | copy: 4168 GB/s, 191.901 us
   * EP:   6/16 | dispatch: 115 GB/s (SO), 373 GB/s (SU), 1065.000 us, 397433088 bytes | copy: 5291 GB/s, 150.222 us
USDT:2026-09-03 07:07:28 489:489 SyncActivityProfilerHandler.cpp:52] profiler_startUSDT:2026-09-03 07:07:28 490:490 SyncActivityProfilerHandler.cpp:52] profiler_start
USDT:2026-09-03 07:07:28 493:493 SyncActivityProfilerHandler.cpp:52] profiler_startUSDT:2026-09-03 07:07:28 494:494 SyncActivityProfilerHandler.cpp:52] profiler_start


USDT:2026-09-03 07:07:28 488:488 SyncActivityProfilerHandler.cpp:52] profiler_startUSDT:2026-09-03 07:07:28 491:491 SyncActivityProfilerHandler.cpp:52] profiler_start
USDT:2026-09-03 07:07:28 495:495 SyncActivityProfilerHandler.cpp:52] profiler_start

USDT:2026-09-03 07:07:28 492:492 SyncActivityProfilerHandler.cpp:52] profiler_start
USDT:2026-09-03 07:07:28 494:494 SyncActivityProfilerHandler.cpp:59] profiler_stopUSDT:2026-09-03 07:07:28 490:490 SyncActivityProfilerHandler.cpp:59] profiler_stopUSDT:2026-09-03 07:07:28 488:488 SyncActivityProfilerHandler.cpp:59] profiler_stopUSDT:2026-09-03 07:07:28 492:492 SyncActivityProfilerHandler.cpp:59] profiler_stop


USDT:2026-09-03 07:07:28 493:493 SyncActivityProfilerHandler.cpp:59] profiler_stopUSDT:2026-09-03 07:07:28 491:491 SyncActivityProfilerHandler.cpp:59] profiler_stopUSDT:2026-09-03 07:07:28 495:495 SyncActivityProfilerHandler.cpp:59] profiler_stop

USDT:2026-09-03 07:07:28 489:489 SyncActivityProfilerHandler.cpp:59] profiler_stop


   - EP:   6/16 | expanded dispatch: 115 GB/s (SO), 374 GB/s (SU), 1063.000 us, 397433088 bytes | copy: 4862 GB/s, 184.051 us
   - EP:   4/16 | expanded dispatch: 115 GB/s (SO), 377 GB/s (SU), 1063.000 us, 400593024 bytes | copy: 4716 GB/s, 190.873 us
   - EP:   2/16 | expanded dispatch: 115 GB/s (SO), 376 GB/s (SU), 1064.000 us, 399746880 bytes | copy: 4110 GB/s, 218.761 us
   - EP:   0/16 | expanded dispatch: 115 GB/s (SO), 373 GB/s (SU), 1062.000 us, 396212544 bytes | copy: 4688 GB/s, 189.682 us
   - EP:   1/16 | expanded dispatch: 115 GB/s (SO), 376 GB/s (SU), 1063.000 us, 400158720 bytes | copy: 4605 GB/s, 195.307 us
   - EP:   5/16 | expanded dispatch: 115 GB/s (SO), 377 GB/s (SU), 1064.000 us, 401401728 bytes | copy: 4133 GB/s, 218.253 us
   - EP:   3/16 | expanded dispatch: 115 GB/s (SO), 377 GB/s (SU), 1063.000 us, 400982400 bytes | copy: 4711 GB/s, 191.734 us
   - EP:   7/16 | expanded dispatch: 115 GB/s (SO), 376 GB/s (SU), 1064.000 us, 399904128 bytes | copy: 3928 GB/s, 228.902 us
USDT:2026-09-03 07:07:29 493:493 SyncActivityProfilerHandler.cpp:52] profiler_startUSDT:2026-09-03 07:07:29 491:491 SyncActivityProfilerHandler.cpp:52] profiler_startUSDT:2026-09-03 07:07:29 492:492 SyncActivityProfilerHandler.cpp:52] profiler_startUSDT:2026-09-03 07:07:29 488:488 SyncActivityProfilerHandler.cpp:52] profiler_startUSDT:2026-09-03 07:07:29 494:494 SyncActivityProfilerHandler.cpp:52] profiler_start




USDT:2026-09-03 07:07:29 489:489 SyncActivityProfilerHandler.cpp:52] profiler_start
USDT:2026-09-03 07:07:29 495:495 SyncActivityProfilerHandler.cpp:52] profiler_start
USDT:2026-09-03 07:07:29 490:490 SyncActivityProfilerHandler.cpp:52] profiler_start
USDT:2026-09-03 07:07:29 492:492 SyncActivityProfilerHandler.cpp:59] profiler_stopUSDT:2026-09-03 07:07:29 488:488 SyncActivityProfilerHandler.cpp:59] profiler_stopUSDT:2026-09-03 07:07:29 493:493 SyncActivityProfilerHandler.cpp:59] profiler_stopUSDT:2026-09-03 07:07:29 491:491 SyncActivityProfilerHandler.cpp:59] profiler_stopUSDT:2026-09-03 07:07:29 494:494 SyncActivityProfilerHandler.cpp:59] profiler_stop

USDT:2026-09-03 07:07:29 489:489 SyncActivityProfilerHandler.cpp:59] profiler_stop



USDT:2026-09-03 07:07:29 490:490 SyncActivityProfilerHandler.cpp:59] profiler_stop
USDT:2026-09-03 07:07:29 495:495 SyncActivityProfilerHandler.cpp:59] profiler_stop
   # EP:   2/16 | cached dispatch: 116 GB/s (SO), 381 GB/s (SU), 1050.000 us, 399746880 bytes | copy: 4692 GB/s, 170.409 us
   # EP:   6/16 | cached dispatch: 116 GB/s (SO), 379 GB/s (SU), 1049.000 us, 397433088 bytes | copy: 5388 GB/s, 147.525 us
   # EP:   4/16 | cached dispatch: 117 GB/s (SO), 382 GB/s (SU), 1049.000 us, 400593024 bytes | copy: 5435 GB/s, 147.425 us
   # EP:   7/16 | cached dispatch: 116 GB/s (SO), 381 GB/s (SU), 1050.000 us, 399904128 bytes | copy: 4460 GB/s, 179.337 us
   # EP:   1/16 | cached dispatch: 116 GB/s (SO), 381 GB/s (SU), 1050.000 us, 400158720 bytes | copy: 5163 GB/s, 155.014 us
   # EP:   3/16 | cached dispatch: 117 GB/s (SO), 382 GB/s (SU), 1049.000 us, 400982400 bytes | copy: 5437 GB/s, 147.505 us
   # EP:   0/16 | cached dispatch: 117 GB/s (SO), 378 GB/s (SU), 1049.000 us, 396212544 bytes | copy: 5307 GB/s, 149.322 us
   # EP:   5/16 | cached dispatch: 116 GB/s (SO), 382 GB/s (SU), 1050.000 us, 401401728 bytes | copy: 4687 GB/s, 171.268 us
USDT:2026-09-03 07:07:30 493:493 SyncActivityProfilerHandler.cpp:52] profiler_startUSDT:2026-09-03 07:07:30 494:494 SyncActivityProfilerHandler.cpp:52] profiler_start

USDT:2026-09-03 07:07:30 492:492 SyncActivityProfilerHandler.cpp:52] profiler_startUSDT:2026-09-03 07:07:30 491:491 SyncActivityProfilerHandler.cpp:52] profiler_start

USDT:2026-09-03 07:07:30 488:488 SyncActivityProfilerHandler.cpp:52] profiler_start
USDT:2026-09-03 07:07:30 490:490 SyncActivityProfilerHandler.cpp:52] profiler_start
USDT:2026-09-03 07:07:30 489:489 SyncActivityProfilerHandler.cpp:52] profiler_start
USDT:2026-09-03 07:07:30 495:495 SyncActivityProfilerHandler.cpp:52] profiler_start
USDT:2026-09-03 07:07:30 491:491 SyncActivityProfilerHandler.cpp:59] profiler_stopUSDT:2026-09-03 07:07:30 493:493 SyncActivityProfilerHandler.cpp:59] profiler_stopUSDT:2026-09-03 07:07:30 488:488 SyncActivityProfilerHandler.cpp:59] profiler_stop


USDT:2026-09-03 07:07:30 494:494 SyncActivityProfilerHandler.cpp:59] profiler_stopUSDT:2026-09-03 07:07:30 492:492 SyncActivityProfilerHandler.cpp:59] profiler_stop

USDT:2026-09-03 07:07:30 489:489 SyncActivityProfilerHandler.cpp:59] profiler_stop
USDT:2026-09-03 07:07:30 490:490 SyncActivityProfilerHandler.cpp:59] profiler_stop
USDT:2026-09-03 07:07:30 495:495 SyncActivityProfilerHandler.cpp:59] profiler_stop
   @ EP:   4/16 | combine: 80 GB/s (SO), 263 GB/s (SU), 2926.000 us, 768659264 bytes | reduce: 5294 GB/s, 66.533 us
   @ EP:   2/16 | combine: 80 GB/s (SO), 263 GB/s (SU), 2922.000 us, 767035680 bytes | reduce: 5283 GB/s, 66.688 us   @ EP:   5/16 | combine: 81 GB/s (SO), 265 GB/s (SU), 2902.000 us, 770211008 bytes | reduce: 5272 GB/s, 66.776 us

   @ EP:   0/16 | combine: 80 GB/s (SO), 259 GB/s (SU), 2933.000 us, 760253984 bytes | reduce: 5285 GB/s, 66.676 us
   @ EP:   3/16 | combine: 80 GB/s (SO), 263 GB/s (SU), 2921.000 us, 769406400 bytes | reduce: 5287 GB/s, 66.657 us
   @ EP:   1/16 | combine: 80 GB/s (SO), 263 GB/s (SU), 2918.000 us, 767825920 bytes | reduce: 5309 GB/s, 66.366 us
   @ EP:   6/16 | combine: 80 GB/s (SO), 261 GB/s (SU), 2917.000 us, 762595968 bytes | reduce: 5302 GB/s, 66.376 us
   @ EP:   7/16 | combine: 79 GB/s (SO), 257 GB/s (SU), 2985.000 us, 767337408 bytes | reduce: 5288 GB/s, 66.590 us
USDT:2026-09-03 07:07:31 492:492 SyncActivityProfilerHandler.cpp:52] profiler_startUSDT:2026-09-03 07:07:31 488:488 SyncActivityProfilerHandler.cpp:52] profiler_start

USDT:2026-09-03 07:07:31 495:495 SyncActivityProfilerHandler.cpp:52] profiler_startUSDT:2026-09-03 07:07:31 494:494 SyncActivityProfilerHandler.cpp:52] profiler_startUSDT:2026-09-03 07:07:31 491:491 SyncActivityProfilerHandler.cpp:52] profiler_start


USDT:2026-09-03 07:07:31 490:490 SyncActivityProfilerHandler.cpp:52] profiler_start
USDT:2026-09-03 07:07:31 493:493 SyncActivityProfilerHandler.cpp:52] profiler_start
USDT:2026-09-03 07:07:31 489:489 SyncActivityProfilerHandler.cpp:52] profiler_start
USDT:2026-09-03 07:07:31 488:488 SyncActivityProfilerHandler.cpp:59] profiler_stop
USDT:2026-09-03 07:07:31 492:492 SyncActivityProfilerHandler.cpp:59] profiler_stop
USDT:2026-09-03 07:07:31 494:494 SyncActivityProfilerHandler.cpp:59] profiler_stop
USDT:2026-09-03 07:07:31 493:493 SyncActivityProfilerHandler.cpp:59] profiler_stop
USDT:2026-09-03 07:07:31 489:489 SyncActivityProfilerHandler.cpp:59] profiler_stopUSDT:2026-09-03 07:07:31 490:490 SyncActivityProfilerHandler.cpp:59] profiler_stop

USDT:2026-09-03 07:07:31 491:491 SyncActivityProfilerHandler.cpp:59] profiler_stop
USDT:2026-09-03 07:07:31 495:495 SyncActivityProfilerHandler.cpp:59] profiler_stop
   + EP:   4/16 | reduced combine: 62 GB/s (SO), 203 GB/s (SU), 3793.000 us, 768659264 bytes | reduce: 5285 GB/s, 66.652 us
   + EP:   2/16 | reduced combine: 61 GB/s (SO), 200 GB/s (SU), 3827.000 us, 767035680 bytes | reduce: 5281 GB/s, 66.708 us
   + EP:   5/16 | reduced combine: 62 GB/s (SO), 203 GB/s (SU), 3798.000 us, 770211008 bytes | reduce: 5291 GB/s, 66.546 us
   + EP:   0/16 | reduced combine: 62 GB/s (SO), 202 GB/s (SU), 3768.000 us, 760253984 bytes | reduce: 5277 GB/s, 66.781 us
   + EP:   6/16 | reduced combine: 61 GB/s (SO), 200 GB/s (SU), 3819.000 us, 762595968 bytes | reduce: 5289 GB/s, 66.543 us
   + EP:   1/16 | reduced combine: 62 GB/s (SO), 201 GB/s (SU), 3812.000 us, 767825920 bytes | reduce: 5302 GB/s, 66.446 us
   + EP:   3/16 | reduced combine: 62 GB/s (SO), 202 GB/s (SU), 3801.000 us, 769406400 bytes | reduce: 5293 GB/s, 66.579 us
   + EP:   7/16 | reduced combine: 62 GB/s (SO), 202 GB/s (SU), 3791.000 us, 767337408 bytes | reduce: 5283 GB/s, 66.657 us


