=== EP_NIC_NAME=rdmap101s0 (auto, 400 Gb/s) ===
=== NCCL_IB_HCA=rdmap (auto: non-EFA ibverbs device ibp198s0f0 present) ===
=== GIN: NCCL_GIN_TYPE=5 NCCL_SYM_GIN_KERNELS_ENABLE=0 ===
=== PREFER_OVERLAP=0 (--prefer-overlap-with-compute) ===
=== IMAGE=deepep-v2-efa-official:sm103-bfbdd15  DeepEP=bfbdd15ff448783f877cb2210cb3246c8452b05e ===
+ docker run --rm --init --gpus all --privileged --network=host --ipc=host --ulimit memlock=-1 --ulimit stack=67108864 --device=/dev/infiniband --device=/dev/gdrdrv -v /sys/class/infiniband:/sys/class/infiniband:ro -e MASTER_ADDR=172.31.24.154 -e MASTER_PORT=8505 -e WORLD_SIZE=2 -e RANK=1 -e NCCL_DEBUG=WARN -e EP_NIC_NAME=rdmap101s0 -e NCCL_IB_HCA=rdmap -e NCCL_GIN_TYPE=5 -e NCCL_SYM_GIN_KERNELS_ENABLE=0 -e PYTHONUNBUFFERED=1 -e PYTHONFAULTHANDLER=1 deepep-v2-efa-official:sm103-bfbdd15 bash -lc 'timeout -s ABRT --kill-after=60 1800     python3 -u /opt/DeepEP/tests/elastic/test_ep.py     --num-processes=8 --num-tokens=128     --hidden=7168 --num-topk=8 --num-experts=256     --num-sms=12 --allow-hybrid-mode=1     --prefer-overlap-with-compute=0 --test-first-only      '

==========
== CUDA ==
==========

CUDA Version 13.3.1

Container image Copyright (c) 2016-2023, NVIDIA CORPORATION & AFFILIATES. All rights reserved.

This container image and its contents are governed by the NVIDIA Deep Learning Container License.
By pulling and using the container, you accept the terms and conditions of this license:
https://developer.nvidia.com/ngc/nvidia-deep-learning-container-license

A copy of this license is made available in this container at /NGC-DL-CONTAINER-LICENSE for your convenience.

DeepEP hybrid kernel selection: unordered
DeepEP hybrid kernel selection: unordered
DeepEP hybrid kernel selection: unordered
DeepEP hybrid kernel selection: unordered
DeepEP hybrid kernel selection: unordered
DeepEP hybrid kernel selection: unordered
DeepEP hybrid kernel selection: unordered
DeepEP hybrid kernel selection: unordered
DeepEP hybrid kernel selection: unordered
DeepEP hybrid kernel selection: unordered
DeepEP hybrid kernel selection: unordered
DeepEP hybrid kernel selection: unordered
DeepEP hybrid kernel selection: unordered
DeepEP hybrid kernel selection: unordered
DeepEP hybrid kernel selection: unordered
DeepEP hybrid kernel selection: unordered
Config:
 > Ranks: 2 x 8
 > Experts: 8/256
 > Tokens: 120 (max: 128), hidden: 7168
 > #SM: 12, #QPs: 11/11

Running all test cases:
 > Testing with do_handle_copy=1, expert_alignment=128, use_fp8_dispatch=1, num_bias=0, with_previous_event=0, async_with_compute_stream=0, allocate_on_comm_stream=0 ...
USDT:2026-09-03 06:08:13 491:491 SyncActivityProfilerHandler.cpp:52] profiler_startUSDT:2026-09-03 06:08:13 489:489 SyncActivityProfilerHandler.cpp:52] profiler_startUSDT:2026-09-03 06:08:13 495:495 SyncActivityProfilerHandler.cpp:52] profiler_start


USDT:2026-09-03 06:08:13 492:492 SyncActivityProfilerHandler.cpp:52] profiler_startUSDT:2026-09-03 06:08:13 493:493 SyncActivityProfilerHandler.cpp:52] profiler_startUSDT:2026-09-03 06:08:13 488:488 SyncActivityProfilerHandler.cpp:52] profiler_startUSDT:2026-09-03 06:08:13 494:494 SyncActivityProfilerHandler.cpp:52] profiler_start



USDT:2026-09-03 06:08:13 490:490 SyncActivityProfilerHandler.cpp:52] profiler_start
USDT:2026-09-03 06:08:13 491:491 SyncActivityProfilerHandler.cpp:59] profiler_stopUSDT:2026-09-03 06:08:13 492:492 SyncActivityProfilerHandler.cpp:59] profiler_stop
USDT:2026-09-03 06:08:13 488:488 SyncActivityProfilerHandler.cpp:59] profiler_stop
USDT:2026-09-03 06:08:13 495:495 SyncActivityProfilerHandler.cpp:59] profiler_stopUSDT:2026-09-03 06:08:13 489:489 SyncActivityProfilerHandler.cpp:59] profiler_stop
USDT:2026-09-03 06:08:13 494:494 SyncActivityProfilerHandler.cpp:59] profiler_stop

USDT:2026-09-03 06:08:13 490:490 SyncActivityProfilerHandler.cpp:59] profiler_stop

USDT:2026-09-03 06:08:13 493:493 SyncActivityProfilerHandler.cpp:59] profiler_stop
   * EP:  11/16 | dispatch: 14 GB/s (SO), 45 GB/s (SU), 126.976 us, 5698368 bytes | copy: 803 GB/s, 14.191 us
   * EP:   9/16 | dispatch: 14 GB/s (SO), 45 GB/s (SU), 127.798 us, 5773248 bytes | copy: 681 GB/s, 16.953 us
   * EP:  10/16 | dispatch: 14 GB/s (SO), 49 GB/s (SU), 127.729 us, 6312384 bytes | copy: 671 GB/s, 18.801 us
   * EP:  12/16 | dispatch: 14 GB/s (SO), 48 GB/s (SU), 126.784 us, 6117696 bytes | copy: 924 GB/s, 13.244 us
   * EP:  14/16 | dispatch: 13 GB/s (SO), 49 GB/s (SU), 126.703 us, 6162624 bytes | copy: 1056 GB/s, 11.672 us
   * EP:  15/16 | dispatch: 13 GB/s (SO), 48 GB/s (SU), 126.170 us, 6005376 bytes | copy: 698 GB/s, 17.213 us
   * EP:   8/16 | dispatch: 14 GB/s (SO), 45 GB/s (SU), 129.265 us, 5833152 bytes | copy: 637 GB/s, 18.323 us
   * EP:  13/16 | dispatch: 13 GB/s (SO), 45 GB/s (SU), 127.953 us, 5728320 bytes | copy: 599 GB/s, 19.133 us
USDT:2026-09-03 06:08:14 491:491 SyncActivityProfilerHandler.cpp:52] profiler_start
USDT:2026-09-03 06:08:14 490:490 SyncActivityProfilerHandler.cpp:52] profiler_startUSDT:2026-09-03 06:08:14 489:489 SyncActivityProfilerHandler.cpp:52] profiler_startUSDT:2026-09-03 06:08:14 492:492 SyncActivityProfilerHandler.cpp:52] profiler_start
USDT:2026-09-03 06:08:14 488:488 SyncActivityProfilerHandler.cpp:52] profiler_start


USDT:2026-09-03 06:08:14 493:493 SyncActivityProfilerHandler.cpp:52] profiler_startUSDT:2026-09-03 06:08:14 494:494 SyncActivityProfilerHandler.cpp:52] profiler_startUSDT:2026-09-03 06:08:14 495:495 SyncActivityProfilerHandler.cpp:52] profiler_start


USDT:2026-09-03 06:08:14 493:493 SyncActivityProfilerHandler.cpp:59] profiler_stopUSDT:2026-09-03 06:08:14 492:492 SyncActivityProfilerHandler.cpp:59] profiler_stop

USDT:2026-09-03 06:08:14 495:495 SyncActivityProfilerHandler.cpp:59] profiler_stopUSDT:2026-09-03 06:08:14 491:491 SyncActivityProfilerHandler.cpp:59] profiler_stop

USDT:2026-09-03 06:08:14 490:490 SyncActivityProfilerHandler.cpp:59] profiler_stopUSDT:2026-09-03 06:08:14 494:494 SyncActivityProfilerHandler.cpp:59] profiler_stopUSDT:2026-09-03 06:08:14 489:489 SyncActivityProfilerHandler.cpp:59] profiler_stop


USDT:2026-09-03 06:08:14 488:488 SyncActivityProfilerHandler.cpp:59] profiler_stop
   - EP:   8/16 | expanded dispatch: 14 GB/s (SO), 45 GB/s (SU), 128.317 us, 5833152 bytes | copy: 1119 GB/s, 18.527 us
   - EP:   9/16 | expanded dispatch: 14 GB/s (SO), 46 GB/s (SU), 126.725 us, 5773248 bytes | copy: 1204 GB/s, 17.164 us
   - EP:  10/16 | expanded dispatch: 14 GB/s (SO), 50 GB/s (SU), 127.003 us, 6312384 bytes | copy: 1120 GB/s, 18.930 us
   - EP:  11/16 | expanded dispatch: 14 GB/s (SO), 45 GB/s (SU), 126.060 us, 5698368 bytes | copy: 1441 GB/s, 14.253 us
   - EP:  12/16 | expanded dispatch: 14 GB/s (SO), 49 GB/s (SU), 125.891 us, 6117696 bytes | copy: 1431 GB/s, 14.639 us
   - EP:  15/16 | expanded dispatch: 13 GB/s (SO), 48 GB/s (SU), 125.134 us, 6005376 bytes | copy: 1152 GB/s, 18.184 us
   - EP:  13/16 | expanded dispatch: 14 GB/s (SO), 45 GB/s (SU), 127.009 us, 5728320 bytes | copy: 1015 GB/s, 20.382 us
   - EP:  14/16 | expanded dispatch: 14 GB/s (SO), 49 GB/s (SU), 125.938 us, 6162624 bytes | copy: 1592 GB/s, 13.201 us
USDT:2026-09-03 06:08:14 495:495 SyncActivityProfilerHandler.cpp:52] profiler_startUSDT:2026-09-03 06:08:14 493:493 SyncActivityProfilerHandler.cpp:52] profiler_startUSDT:2026-09-03 06:08:14 489:489 SyncActivityProfilerHandler.cpp:52] profiler_startUSDT:2026-09-03 06:08:14 490:490 SyncActivityProfilerHandler.cpp:52] profiler_startUSDT:2026-09-03 06:08:14 488:488 SyncActivityProfilerHandler.cpp:52] profiler_startUSDT:2026-09-03 06:08:14 491:491 SyncActivityProfilerHandler.cpp:52] profiler_startUSDT:2026-09-03 06:08:14 494:494 SyncActivityProfilerHandler.cpp:52] profiler_startUSDT:2026-09-03 06:08:14 492:492 SyncActivityProfilerHandler.cpp:52] profiler_start







USDT:2026-09-03 06:08:15 492:492 SyncActivityProfilerHandler.cpp:59] profiler_stopUSDT:2026-09-03 06:08:15 493:493 SyncActivityProfilerHandler.cpp:59] profiler_stopUSDT:2026-09-03 06:08:15 494:494 SyncActivityProfilerHandler.cpp:59] profiler_stopUSDT:2026-09-03 06:08:15 495:495 SyncActivityProfilerHandler.cpp:59] profiler_stopUSDT:2026-09-03 06:08:15 489:489 SyncActivityProfilerHandler.cpp:59] profiler_stop




USDT:2026-09-03 06:08:15 491:491 SyncActivityProfilerHandler.cpp:59] profiler_stopUSDT:2026-09-03 06:08:15 490:490 SyncActivityProfilerHandler.cpp:59] profiler_stopUSDT:2026-09-03 06:08:15 488:488 SyncActivityProfilerHandler.cpp:59] profiler_stop


   # EP:  15/16 | cached dispatch: 15 GB/s (SO), 53 GB/s (SU), 113.759 us, 6005376 bytes | copy: 934 GB/s, 12.863 us
   # EP:  12/16 | cached dispatch: 15 GB/s (SO), 53 GB/s (SU), 115.109 us, 6117696 bytes | copy: 920 GB/s, 13.297 us
   # EP:  14/16 | cached dispatch: 15 GB/s (SO), 54 GB/s (SU), 115.055 us, 6162624 bytes | copy: 1107 GB/s, 11.131 us   # EP:  11/16 | cached dispatch: 15 GB/s (SO), 50 GB/s (SU), 114.997 us, 5698368 bytes | copy: 967 GB/s, 11.791 us

   # EP:   9/16 | cached dispatch: 15 GB/s (SO), 50 GB/s (SU), 115.949 us, 5773248 bytes | copy: 794 GB/s, 14.543 us
   # EP:  10/16 | cached dispatch: 15 GB/s (SO), 55 GB/s (SU), 115.620 us, 6312384 bytes | copy: 863 GB/s, 14.627 us
   # EP:  13/16 | cached dispatch: 15 GB/s (SO), 49 GB/s (SU), 115.857 us, 5728320 bytes | copy: 692 GB/s, 16.556 us
   # EP:   8/16 | cached dispatch: 15 GB/s (SO), 50 GB/s (SU), 115.875 us, 5833152 bytes | copy: 955 GB/s, 12.216 us
USDT:2026-09-03 06:08:15 495:495 SyncActivityProfilerHandler.cpp:52] profiler_startUSDT:2026-09-03 06:08:15 493:493 SyncActivityProfilerHandler.cpp:52] profiler_start

USDT:2026-09-03 06:08:15 491:491 SyncActivityProfilerHandler.cpp:52] profiler_startUSDT:2026-09-03 06:08:15 490:490 SyncActivityProfilerHandler.cpp:52] profiler_startUSDT:2026-09-03 06:08:15 492:492 SyncActivityProfilerHandler.cpp:52] profiler_start


USDT:2026-09-03 06:08:15 489:489 SyncActivityProfilerHandler.cpp:52] profiler_start
USDT:2026-09-03 06:08:15 488:488 SyncActivityProfilerHandler.cpp:52] profiler_start
USDT:2026-09-03 06:08:15 494:494 SyncActivityProfilerHandler.cpp:52] profiler_start
USDT:2026-09-03 06:08:16 495:495 SyncActivityProfilerHandler.cpp:59] profiler_stop
USDT:2026-09-03 06:08:16 491:491 SyncActivityProfilerHandler.cpp:59] profiler_stop
USDT:2026-09-03 06:08:16 493:493 SyncActivityProfilerHandler.cpp:59] profiler_stopUSDT:2026-09-03 06:08:16 494:494 SyncActivityProfilerHandler.cpp:59] profiler_stop

USDT:2026-09-03 06:08:16 489:489 SyncActivityProfilerHandler.cpp:59] profiler_stop
USDT:2026-09-03 06:08:16 492:492 SyncActivityProfilerHandler.cpp:59] profiler_stopUSDT:2026-09-03 06:08:16 490:490 SyncActivityProfilerHandler.cpp:59] profiler_stop
USDT:2026-09-03 06:08:16 488:488 SyncActivityProfilerHandler.cpp:59] profiler_stop

   @ EP:  15/16 | combine: 21 GB/s (SO), 73 GB/s (SU), 157.130 us, 11523136 bytes | reduce: 882 GB/s, 5.506 us
   @ EP:  11/16 | combine: 20 GB/s (SO), 66 GB/s (SU), 164.603 us, 10934048 bytes | reduce: 905 GB/s, 5.559 us   @ EP:   9/16 | combine: 21 GB/s (SO), 68 GB/s (SU), 163.603 us, 11077728 bytes | reduce: 942 GB/s, 5.428 us

   @ EP:  14/16 | combine: 20 GB/s (SO), 72 GB/s (SU), 163.249 us, 11824864 bytes | reduce: 896 GB/s, 5.482 us   @ EP:  12/16 | combine: 20 GB/s (SO), 72 GB/s (SU), 163.977 us, 11738656 bytes | reduce: 918 GB/s, 5.429 us

   @ EP:  13/16 | combine: 21 GB/s (SO), 69 GB/s (SU), 160.436 us, 10991520 bytes | reduce: 916 GB/s, 5.413 us
   @ EP:  10/16 | combine: 21 GB/s (SO), 75 GB/s (SU), 161.027 us, 12112224 bytes | reduce: 943 GB/s, 5.380 us
   @ EP:   8/16 | combine: 21 GB/s (SO), 67 GB/s (SU), 166.303 us, 11192672 bytes | reduce: 952 GB/s, 5.420 us
USDT:2026-09-03 06:08:16 495:495 SyncActivityProfilerHandler.cpp:52] profiler_startUSDT:2026-09-03 06:08:16 493:493 SyncActivityProfilerHandler.cpp:52] profiler_start

USDT:2026-09-03 06:08:16 489:489 SyncActivityProfilerHandler.cpp:52] profiler_startUSDT:2026-09-03 06:08:16 490:490 SyncActivityProfilerHandler.cpp:52] profiler_start

USDT:2026-09-03 06:08:16 494:494 SyncActivityProfilerHandler.cpp:52] profiler_start
USDT:2026-09-03 06:08:16 491:491 SyncActivityProfilerHandler.cpp:52] profiler_startUSDT:2026-09-03 06:08:16 492:492 SyncActivityProfilerHandler.cpp:52] profiler_start

USDT:2026-09-03 06:08:16 488:488 SyncActivityProfilerHandler.cpp:52] profiler_start
USDT:2026-09-03 06:08:16 495:495 SyncActivityProfilerHandler.cpp:59] profiler_stop
USDT:2026-09-03 06:08:16 494:494 SyncActivityProfilerHandler.cpp:59] profiler_stopUSDT:2026-09-03 06:08:16 492:492 SyncActivityProfilerHandler.cpp:59] profiler_stop
USDT:2026-09-03 06:08:16 489:489 SyncActivityProfilerHandler.cpp:59] profiler_stopUSDT:2026-09-03 06:08:16 491:491 SyncActivityProfilerHandler.cpp:59] profiler_stop
USDT:2026-09-03 06:08:16 493:493 SyncActivityProfilerHandler.cpp:59] profiler_stopUSDT:2026-09-03 06:08:16 490:490 SyncActivityProfilerHandler.cpp:59] profiler_stop


USDT:2026-09-03 06:08:16 488:488 SyncActivityProfilerHandler.cpp:59] profiler_stop

   + EP:  15/16 | reduced combine: 18 GB/s (SO), 66 GB/s (SU), 175.860 us, 11523136 bytes | reduce: 898 GB/s, 5.407 us
   + EP:  11/16 | reduced combine: 18 GB/s (SO), 59 GB/s (SU), 186.009 us, 10934048 bytes | reduce: 934 GB/s, 5.385 us
   + EP:  14/16 | reduced combine: 18 GB/s (SO), 65 GB/s (SU), 182.999 us, 11824864 bytes | reduce: 897 GB/s, 5.478 us
   + EP:  10/16 | reduced combine: 19 GB/s (SO), 68 GB/s (SU), 178.754 us, 12112224 bytes | reduce: 933 GB/s, 5.434 us
   + EP:  12/16 | reduced combine: 18 GB/s (SO), 64 GB/s (SU), 182.867 us, 11738656 bytes | reduce: 910 GB/s, 5.477 us
   + EP:   9/16 | reduced combine: 19 GB/s (SO), 61 GB/s (SU), 181.903 us, 11077728 bytes | reduce: 947 GB/s, 5.402 us
   + EP:  13/16 | reduced combine: 19 GB/s (SO), 62 GB/s (SU), 176.428 us, 10991520 bytes | reduce: 918 GB/s, 5.397 us
   + EP:   8/16 | reduced combine: 18 GB/s (SO), 60 GB/s (SU), 186.283 us, 11192672 bytes | reduce: 965 GB/s, 5.344 us


