=== EP_NIC_NAME=rdmap101s0 (auto, 400 Gb/s) ===
=== NCCL_IB_HCA=rdmap (auto: non-EFA ibverbs device ibp198s0f0 present) ===
=== GIN: NCCL_GIN_TYPE=5 NCCL_SYM_GIN_KERNELS_ENABLE=0 ===
=== PREFER_OVERLAP=0 (--prefer-overlap-with-compute) ===
=== IMAGE=deepep-v2-efa-official:sm103-bfbdd15  DeepEP=bfbdd15ff448783f877cb2210cb3246c8452b05e ===
+ docker run --rm --init --gpus all --privileged --network=host --ipc=host --ulimit memlock=-1 --ulimit stack=67108864 --device=/dev/infiniband --device=/dev/gdrdrv -v /sys/class/infiniband:/sys/class/infiniband:ro -e MASTER_ADDR=172.31.24.154 -e MASTER_PORT=8517 -e WORLD_SIZE=2 -e RANK=0 -e NCCL_DEBUG=WARN -e EP_NIC_NAME=rdmap101s0 -e NCCL_IB_HCA=rdmap -e NCCL_GIN_TYPE=5 -e NCCL_SYM_GIN_KERNELS_ENABLE=0 -e PYTHONUNBUFFERED=1 -e PYTHONFAULTHANDLER=1 deepep-v2-efa-official:sm103-bfbdd15 bash -lc 'timeout -s ABRT --kill-after=60 1800     python3 -u /opt/DeepEP/tests/elastic/test_ep.py     --num-processes=8 --num-tokens=8192     --hidden=7168 --num-topk=8 --num-experts=256     --num-sms=12 --allow-hybrid-mode=1     --prefer-overlap-with-compute=0 --test-first-only      '

==========
== CUDA ==
==========

CUDA Version 13.3.1

Container image Copyright (c) 2016-2023, NVIDIA CORPORATION & AFFILIATES. All rights reserved.

This container image and its contents are governed by the NVIDIA Deep Learning Container License.
By pulling and using the container, you accept the terms and conditions of this license:
https://developer.nvidia.com/ngc/nvidia-deep-learning-container-license

A copy of this license is made available in this container at /NGC-DL-CONTAINER-LICENSE for your convenience.

NCCL version 2.31.2+cuda13.3
DeepEP hybrid kernel selection: unordered
DeepEP hybrid kernel selection: unordered
DeepEP hybrid kernel selection: unordered
DeepEP hybrid kernel selection: unordered
DeepEP hybrid kernel selection: unordered
DeepEP hybrid kernel selection: unordered
DeepEP hybrid kernel selection: unordered
DeepEP hybrid kernel selection: unordered
DeepEP hybrid kernel selection: unordered
DeepEP hybrid kernel selection: unordered
DeepEP hybrid kernel selection: unordered
DeepEP hybrid kernel selection: unordered
DeepEP hybrid kernel selection: unordered
DeepEP hybrid kernel selection: unordered
DeepEP hybrid kernel selection: unordered
DeepEP hybrid kernel selection: unordered
Config:
 > Ranks: 2 x 8
 > Experts: 8/256
 > Tokens: 8192 (max: 8192), hidden: 7168
 > #SM: 12, #QPs: 11/11

Running all test cases:
 > Testing with do_handle_copy=1, expert_alignment=128, use_fp8_dispatch=1, num_bias=0, with_previous_event=0, async_with_compute_stream=0, allocate_on_comm_stream=0 ...
USDT:2026-09-03 06:40:33 492:492 SyncActivityProfilerHandler.cpp:52] profiler_startUSDT:2026-09-03 06:40:33 490:490 SyncActivityProfilerHandler.cpp:52] profiler_start
USDT:2026-09-03 06:40:33 491:491 SyncActivityProfilerHandler.cpp:52] profiler_start
USDT:2026-09-03 06:40:33 489:489 SyncActivityProfilerHandler.cpp:52] profiler_startUSDT:2026-09-03 06:40:33 488:488 SyncActivityProfilerHandler.cpp:52] profiler_startUSDT:2026-09-03 06:40:33 485:485 SyncActivityProfilerHandler.cpp:52] profiler_start

USDT:2026-09-03 06:40:33 486:486 SyncActivityProfilerHandler.cpp:52] profiler_start


USDT:2026-09-03 06:40:33 487:487 SyncActivityProfilerHandler.cpp:52] profiler_start
USDT:2026-09-03 06:40:33 491:491 SyncActivityProfilerHandler.cpp:59] profiler_stopUSDT:2026-09-03 06:40:33 486:486 SyncActivityProfilerHandler.cpp:59] profiler_stop

USDT:2026-09-03 06:40:33 487:487 SyncActivityProfilerHandler.cpp:59] profiler_stopUSDT:2026-09-03 06:40:33 492:492 SyncActivityProfilerHandler.cpp:59] profiler_stopUSDT:2026-09-03 06:40:33 488:488 SyncActivityProfilerHandler.cpp:59] profiler_stop
USDT:2026-09-03 06:40:33 489:489 SyncActivityProfilerHandler.cpp:59] profiler_stop
USDT:2026-09-03 06:40:33 490:490 SyncActivityProfilerHandler.cpp:59] profiler_stop


USDT:2026-09-03 06:40:33 485:485 SyncActivityProfilerHandler.cpp:59] profiler_stop
   * EP:   6/16 | dispatch: 115 GB/s (SO), 375 GB/s (SU), 1059.000 us, 397433088 bytes | copy: 5463 GB/s, 145.501 us
   * EP:   7/16 | dispatch: 115 GB/s (SO), 377 GB/s (SU), 1060.000 us, 399904128 bytes | copy: 4314 GB/s, 185.402 us
   * EP:   3/16 | dispatch: 116 GB/s (SO), 379 GB/s (SU), 1059.000 us, 400982400 bytes | copy: 5197 GB/s, 154.312 us
   * EP:   4/16 | dispatch: 115 GB/s (SO), 378 GB/s (SU), 1060.000 us, 400593024 bytes | copy: 5345 GB/s, 149.883 us
   * EP:   0/16 | dispatch: 116 GB/s (SO), 374 GB/s (SU), 1058.000 us, 396212544 bytes | copy: 5275 GB/s, 150.237 us
   * EP:   1/16 | dispatch: 115 GB/s (SO), 378 GB/s (SU), 1059.000 us, 400158720 bytes | copy: 4973 GB/s, 160.935 us
   * EP:   5/16 | dispatch: 115 GB/s (SO), 379 GB/s (SU), 1060.000 us, 401401728 bytes | copy: 4536 GB/s, 177.002 us
   * EP:   2/16 | dispatch: 115 GB/s (SO), 377 GB/s (SU), 1060.000 us, 399746880 bytes | copy: 4525 GB/s, 176.668 us
USDT:2026-09-03 06:40:34 491:491 SyncActivityProfilerHandler.cpp:52] profiler_startUSDT:2026-09-03 06:40:34 489:489 SyncActivityProfilerHandler.cpp:52] profiler_startUSDT:2026-09-03 06:40:34 485:485 SyncActivityProfilerHandler.cpp:52] profiler_startUSDT:2026-09-03 06:40:34 492:492 SyncActivityProfilerHandler.cpp:52] profiler_startUSDT:2026-09-03 06:40:34 488:488 SyncActivityProfilerHandler.cpp:52] profiler_startUSDT:2026-09-03 06:40:34 487:487 SyncActivityProfilerHandler.cpp:52] profiler_startUSDT:2026-09-03 06:40:34 490:490 SyncActivityProfilerHandler.cpp:52] profiler_start
USDT:2026-09-03 06:40:34 486:486 SyncActivityProfilerHandler.cpp:52] profiler_start






USDT:2026-09-03 06:40:34 490:490 SyncActivityProfilerHandler.cpp:59] profiler_stopUSDT:2026-09-03 06:40:34 489:489 SyncActivityProfilerHandler.cpp:59] profiler_stop
USDT:2026-09-03 06:40:34 488:488 SyncActivityProfilerHandler.cpp:59] profiler_stop

USDT:2026-09-03 06:40:34 491:491 SyncActivityProfilerHandler.cpp:59] profiler_stopUSDT:2026-09-03 06:40:34 485:485 SyncActivityProfilerHandler.cpp:59] profiler_stopUSDT:2026-09-03 06:40:34 486:486 SyncActivityProfilerHandler.cpp:59] profiler_stop


USDT:2026-09-03 06:40:34 492:492 SyncActivityProfilerHandler.cpp:59] profiler_stopUSDT:2026-09-03 06:40:34 487:487 SyncActivityProfilerHandler.cpp:59] profiler_stop

   - EP:   6/16 | expanded dispatch: 115 GB/s (SO), 375 GB/s (SU), 1060.000 us, 397433088 bytes | copy: 4784 GB/s, 187.075 us
   - EP:   7/16 | expanded dispatch: 115 GB/s (SO), 377 GB/s (SU), 1061.000 us, 399904128 bytes | copy: 3998 GB/s, 224.892 us
   - EP:   5/16 | expanded dispatch: 115 GB/s (SO), 378 GB/s (SU), 1061.000 us, 401401728 bytes | copy: 4063 GB/s, 222.016 us
   - EP:   4/16 | expanded dispatch: 115 GB/s (SO), 378 GB/s (SU), 1060.000 us, 400593024 bytes | copy: 4884 GB/s, 184.310 us
   - EP:   3/16 | expanded dispatch: 115 GB/s (SO), 378 GB/s (SU), 1060.000 us, 400982400 bytes | copy: 4517 GB/s, 199.956 us
   - EP:   0/16 | expanded dispatch: 115 GB/s (SO), 374 GB/s (SU), 1059.000 us, 396212544 bytes | copy: 4715 GB/s, 188.563 us
   - EP:   1/16 | expanded dispatch: 115 GB/s (SO), 378 GB/s (SU), 1060.000 us, 400158720 bytes | copy: 4558 GB/s, 197.320 us
   - EP:   2/16 | expanded dispatch: 115 GB/s (SO), 377 GB/s (SU), 1061.000 us, 399746880 bytes | copy: 4184 GB/s, 214.887 us
USDT:2026-09-03 06:40:34 492:492 SyncActivityProfilerHandler.cpp:52] profiler_startUSDT:2026-09-03 06:40:34 485:485 SyncActivityProfilerHandler.cpp:52] profiler_startUSDT:2026-09-03 06:40:34 487:487 SyncActivityProfilerHandler.cpp:52] profiler_startUSDT:2026-09-03 06:40:34 491:491 SyncActivityProfilerHandler.cpp:52] profiler_start

USDT:2026-09-03 06:40:34 486:486 SyncActivityProfilerHandler.cpp:52] profiler_startUSDT:2026-09-03 06:40:34 489:489 SyncActivityProfilerHandler.cpp:52] profiler_startUSDT:2026-09-03 06:40:34 488:488 SyncActivityProfilerHandler.cpp:52] profiler_start

USDT:2026-09-03 06:40:34 490:490 SyncActivityProfilerHandler.cpp:52] profiler_start



USDT:2026-09-03 06:40:35 489:489 SyncActivityProfilerHandler.cpp:59] profiler_stopUSDT:2026-09-03 06:40:35 492:492 SyncActivityProfilerHandler.cpp:59] profiler_stopUSDT:2026-09-03 06:40:35 491:491 SyncActivityProfilerHandler.cpp:59] profiler_stopUSDT:2026-09-03 06:40:35 490:490 SyncActivityProfilerHandler.cpp:59] profiler_stop



USDT:2026-09-03 06:40:35 488:488 SyncActivityProfilerHandler.cpp:59] profiler_stopUSDT:2026-09-03 06:40:35 485:485 SyncActivityProfilerHandler.cpp:59] profiler_stopUSDT:2026-09-03 06:40:35 486:486 SyncActivityProfilerHandler.cpp:59] profiler_stop


USDT:2026-09-03 06:40:35 487:487 SyncActivityProfilerHandler.cpp:59] profiler_stop
   # EP:   7/16 | cached dispatch: 116 GB/s (SO), 379 GB/s (SU), 1055.000 us, 399904128 bytes | copy: 4364 GB/s, 183.285 us
   # EP:   6/16 | cached dispatch: 116 GB/s (SO), 377 GB/s (SU), 1055.000 us, 397433088 bytes | copy: 5239 GB/s, 151.708 us
   # EP:   3/16 | cached dispatch: 116 GB/s (SO), 380 GB/s (SU), 1055.000 us, 400982400 bytes | copy: 5375 GB/s, 149.190 us
   # EP:   4/16 | cached dispatch: 116 GB/s (SO), 380 GB/s (SU), 1055.000 us, 400593024 bytes | copy: 5461 GB/s, 146.707 us
   # EP:   5/16 | cached dispatch: 116 GB/s (SO), 380 GB/s (SU), 1056.000 us, 401401728 bytes | copy: 4533 GB/s, 177.091 us
   # EP:   0/16 | cached dispatch: 116 GB/s (SO), 376 GB/s (SU), 1054.000 us, 396212544 bytes | copy: 5169 GB/s, 153.318 us
   # EP:   1/16 | cached dispatch: 116 GB/s (SO), 379 GB/s (SU), 1055.000 us, 400158720 bytes | copy: 5032 GB/s, 159.035 us
   # EP:   2/16 | cached dispatch: 116 GB/s (SO), 379 GB/s (SU), 1056.000 us, 399746880 bytes | copy: 4569 GB/s, 174.966 us
USDT:2026-09-03 06:40:35 490:490 SyncActivityProfilerHandler.cpp:52] profiler_startUSDT:2026-09-03 06:40:35 485:485 SyncActivityProfilerHandler.cpp:52] profiler_startUSDT:2026-09-03 06:40:35 488:488 SyncActivityProfilerHandler.cpp:52] profiler_start

USDT:2026-09-03 06:40:35 489:489 SyncActivityProfilerHandler.cpp:52] profiler_startUSDT:2026-09-03 06:40:35 486:486 SyncActivityProfilerHandler.cpp:52] profiler_startUSDT:2026-09-03 06:40:35 487:487 SyncActivityProfilerHandler.cpp:52] profiler_start



USDT:2026-09-03 06:40:35 491:491 SyncActivityProfilerHandler.cpp:52] profiler_start
USDT:2026-09-03 06:40:35 492:492 SyncActivityProfilerHandler.cpp:52] profiler_start
USDT:2026-09-03 06:40:36 485:485 SyncActivityProfilerHandler.cpp:59] profiler_stop
USDT:2026-09-03 06:40:36 486:486 SyncActivityProfilerHandler.cpp:59] profiler_stop
USDT:2026-09-03 06:40:36 490:490 SyncActivityProfilerHandler.cpp:59] profiler_stop
USDT:2026-09-03 06:40:36 487:487 SyncActivityProfilerHandler.cpp:59] profiler_stop
USDT:2026-09-03 06:40:36 491:491 SyncActivityProfilerHandler.cpp:59] profiler_stop
USDT:2026-09-03 06:40:36 488:488 SyncActivityProfilerHandler.cpp:59] profiler_stopUSDT:2026-09-03 06:40:36 489:489 SyncActivityProfilerHandler.cpp:59] profiler_stop

USDT:2026-09-03 06:40:36 492:492 SyncActivityProfilerHandler.cpp:59] profiler_stop
   @ EP:   5/16 | combine: 80 GB/s (SO), 262 GB/s (SU), 2939.000 us, 770211008 bytes | reduce: 5273 GB/s, 66.768 us
   @ EP:   0/16 | combine: 81 GB/s (SO), 263 GB/s (SU), 2895.000 us, 760253984 bytes | reduce: 5300 GB/s, 66.486 us
   @ EP:   6/16 | combine: 80 GB/s (SO), 260 GB/s (SU), 2933.000 us, 762595968 bytes | reduce: 5288 GB/s, 66.556 us
   @ EP:   4/16 | combine: 80 GB/s (SO), 263 GB/s (SU), 2922.000 us, 768659264 bytes | reduce: 5287 GB/s, 66.627 us
   @ EP:   3/16 | combine: 80 GB/s (SO), 263 GB/s (SU), 2920.000 us, 769406400 bytes | reduce: 5291 GB/s, 66.602 us
   @ EP:   2/16 | combine: 80 GB/s (SO), 261 GB/s (SU), 2937.000 us, 767035680 bytes | reduce: 5271 GB/s, 66.832 us
   @ EP:   1/16 | combine: 80 GB/s (SO), 263 GB/s (SU), 2915.000 us, 767825920 bytes | reduce: 5300 GB/s, 66.476 us
   @ EP:   7/16 | combine: 79 GB/s (SO), 257 GB/s (SU), 2982.000 us, 767337408 bytes | reduce: 5310 GB/s, 66.315 us
USDT:2026-09-03 06:40:36 485:485 SyncActivityProfilerHandler.cpp:52] profiler_start
USDT:2026-09-03 06:40:36 488:488 SyncActivityProfilerHandler.cpp:52] profiler_start
USDT:2026-09-03 06:40:36 492:492 SyncActivityProfilerHandler.cpp:52] profiler_start
USDT:2026-09-03 06:40:36 486:486 SyncActivityProfilerHandler.cpp:52] profiler_start
USDT:2026-09-03 06:40:36 490:490 SyncActivityProfilerHandler.cpp:52] profiler_startUSDT:2026-09-03 06:40:36 487:487 SyncActivityProfilerHandler.cpp:52] profiler_start

USDT:2026-09-03 06:40:36 489:489 SyncActivityProfilerHandler.cpp:52] profiler_start
USDT:2026-09-03 06:40:36 491:491 SyncActivityProfilerHandler.cpp:52] profiler_start
USDT:2026-09-03 06:40:37 485:485 SyncActivityProfilerHandler.cpp:59] profiler_stop
USDT:2026-09-03 06:40:37 491:491 SyncActivityProfilerHandler.cpp:59] profiler_stopUSDT:2026-09-03 06:40:37 486:486 SyncActivityProfilerHandler.cpp:59] profiler_stop

USDT:2026-09-03 06:40:37 489:489 SyncActivityProfilerHandler.cpp:59] profiler_stopUSDT:2026-09-03 06:40:37 490:490 SyncActivityProfilerHandler.cpp:59] profiler_stop

USDT:2026-09-03 06:40:37 488:488 SyncActivityProfilerHandler.cpp:59] profiler_stop
USDT:2026-09-03 06:40:37 492:492 SyncActivityProfilerHandler.cpp:59] profiler_stop
USDT:2026-09-03 06:40:37 487:487 SyncActivityProfilerHandler.cpp:59] profiler_stop
   + EP:   6/16 | reduced combine: 61 GB/s (SO), 199 GB/s (SU), 3829.000 us, 762595968 bytes | reduce: 5287 GB/s, 66.567 us
   + EP:   0/16 | reduced combine: 62 GB/s (SO), 202 GB/s (SU), 3761.000 us, 760253984 bytes | reduce: 5299 GB/s, 66.504 us
   + EP:   4/16 | reduced combine: 62 GB/s (SO), 202 GB/s (SU), 3797.000 us, 768659264 bytes | reduce: 5295 GB/s, 66.518 us
   + EP:   5/16 | reduced combine: 62 GB/s (SO), 203 GB/s (SU), 3799.000 us, 770211008 bytes | reduce: 5292 GB/s, 66.525 us
   + EP:   3/16 | reduced combine: 62 GB/s (SO), 202 GB/s (SU), 3802.000 us, 769406400 bytes | reduce: 5297 GB/s, 66.530 us
   + EP:   2/16 | reduced combine: 61 GB/s (SO), 200 GB/s (SU), 3833.000 us, 767035680 bytes | reduce: 5281 GB/s, 66.717 us
   + EP:   1/16 | reduced combine: 62 GB/s (SO), 202 GB/s (SU), 3805.000 us, 767825920 bytes | reduce: 5312 GB/s, 66.330 us
   + EP:   7/16 | reduced combine: 62 GB/s (SO), 202 GB/s (SU), 3796.000 us, 767337408 bytes | reduce: 5286 GB/s, 66.626 us


