=== EP_NIC_NAME=rdmap101s0 (auto, 400 Gb/s) ===
=== NCCL_IB_HCA=rdmap (auto: non-EFA ibverbs device ibp198s0f0 present) ===
=== GIN: NCCL_GIN_TYPE=5 NCCL_SYM_GIN_KERNELS_ENABLE=0 ===
=== PREFER_OVERLAP=0 (--prefer-overlap-with-compute) ===
=== IMAGE=deepep-v2-efa-official:sm103-bfbdd15  DeepEP=bfbdd15ff448783f877cb2210cb3246c8452b05e ===
+ docker run --rm --init --gpus all --privileged --network=host --ipc=host --ulimit memlock=-1 --ulimit stack=67108864 --device=/dev/infiniband --device=/dev/gdrdrv -v /sys/class/infiniband:/sys/class/infiniband:ro -e MASTER_ADDR=172.31.24.154 -e MASTER_PORT=8530 -e WORLD_SIZE=2 -e RANK=1 -e NCCL_DEBUG=WARN -e EP_NIC_NAME=rdmap101s0 -e NCCL_IB_HCA=rdmap -e NCCL_GIN_TYPE=5 -e NCCL_SYM_GIN_KERNELS_ENABLE=0 -e PYTHONUNBUFFERED=1 -e PYTHONFAULTHANDLER=1 deepep-v2-efa-official:sm103-bfbdd15 bash -lc 'timeout -s ABRT --kill-after=60 1800     python3 -u /opt/DeepEP/tests/elastic/test_ep.py     --num-processes=8 --num-tokens=8192     --hidden=7168 --num-topk=8 --num-experts=256     --num-sms=12 --allow-hybrid-mode=1     --prefer-overlap-with-compute=0 --test-first-only      '

==========
== CUDA ==
==========

CUDA Version 13.3.1

Container image Copyright (c) 2016-2023, NVIDIA CORPORATION & AFFILIATES. All rights reserved.

This container image and its contents are governed by the NVIDIA Deep Learning Container License.
By pulling and using the container, you accept the terms and conditions of this license:
https://developer.nvidia.com/ngc/nvidia-deep-learning-container-license

A copy of this license is made available in this container at /NGC-DL-CONTAINER-LICENSE for your convenience.

DeepEP hybrid kernel selection: unordered
DeepEP hybrid kernel selection: unordered
DeepEP hybrid kernel selection: unordered
DeepEP hybrid kernel selection: unordered
DeepEP hybrid kernel selection: unordered
DeepEP hybrid kernel selection: unordered
DeepEP hybrid kernel selection: unordered
DeepEP hybrid kernel selection: unordered
DeepEP hybrid kernel selection: unordered
DeepEP hybrid kernel selection: unordered
DeepEP hybrid kernel selection: unordered
DeepEP hybrid kernel selection: unordered
DeepEP hybrid kernel selection: unordered
DeepEP hybrid kernel selection: unordered
DeepEP hybrid kernel selection: unordered
DeepEP hybrid kernel selection: unordered
Config:
 > Ranks: 2 x 8
 > Experts: 8/256
 > Tokens: 8184 (max: 8192), hidden: 7168
 > #SM: 12, #QPs: 11/11

Running all test cases:
 > Testing with do_handle_copy=1, expert_alignment=128, use_fp8_dispatch=1, num_bias=0, with_previous_event=0, async_with_compute_stream=0, allocate_on_comm_stream=0 ...
USDT:2026-09-03 07:15:45 487:487 SyncActivityProfilerHandler.cpp:52] profiler_startUSDT:2026-09-03 07:15:45 490:490 SyncActivityProfilerHandler.cpp:52] profiler_startUSDT:2026-09-03 07:15:45 489:489 SyncActivityProfilerHandler.cpp:52] profiler_startUSDT:2026-09-03 07:15:45 492:492 SyncActivityProfilerHandler.cpp:52] profiler_start
USDT:2026-09-03 07:15:45 491:491 SyncActivityProfilerHandler.cpp:52] profiler_start

USDT:2026-09-03 07:15:45 493:493 SyncActivityProfilerHandler.cpp:52] profiler_startUSDT:2026-09-03 07:15:45 488:488 SyncActivityProfilerHandler.cpp:52] profiler_start

USDT:2026-09-03 07:15:45 486:486 SyncActivityProfilerHandler.cpp:52] profiler_start


USDT:2026-09-03 07:15:45 491:491 SyncActivityProfilerHandler.cpp:59] profiler_stop
USDT:2026-09-03 07:15:45 492:492 SyncActivityProfilerHandler.cpp:59] profiler_stopUSDT:2026-09-03 07:15:45 493:493 SyncActivityProfilerHandler.cpp:59] profiler_stop
USDT:2026-09-03 07:15:45 489:489 SyncActivityProfilerHandler.cpp:59] profiler_stopUSDT:2026-09-03 07:15:45 488:488 SyncActivityProfilerHandler.cpp:59] profiler_stopUSDT:2026-09-03 07:15:45 490:490 SyncActivityProfilerHandler.cpp:59] profiler_stopUSDT:2026-09-03 07:15:45 487:487 SyncActivityProfilerHandler.cpp:59] profiler_stop




USDT:2026-09-03 07:15:45 486:486 SyncActivityProfilerHandler.cpp:59] profiler_stop
   * EP:  10/16 | dispatch: 117 GB/s (SO), 383 GB/s (SU), 1047.000 us, 401364288 bytes | copy: 4504 GB/s, 178.213 us
   * EP:  13/16 | dispatch: 116 GB/s (SO), 382 GB/s (SU), 1047.000 us, 399612096 bytes | copy: 4637 GB/s, 172.370 us
   * EP:   8/16 | dispatch: 117 GB/s (SO), 379 GB/s (SU), 1047.000 us, 397245888 bytes | copy: 4690 GB/s, 169.387 us
   * EP:  15/16 | dispatch: 117 GB/s (SO), 384 GB/s (SU), 1045.000 us, 401132160 bytes | copy: 3269 GB/s, 245.430 us
   * EP:  14/16 | dispatch: 117 GB/s (SO), 384 GB/s (SU), 1046.000 us, 402105600 bytes | copy: 5377 GB/s, 149.570 us
   * EP:  11/16 | dispatch: 117 GB/s (SO), 382 GB/s (SU), 1046.000 us, 399177792 bytes | copy: 5433 GB/s, 146.943 us
   * EP:   9/16 | dispatch: 117 GB/s (SO), 382 GB/s (SU), 1047.000 us, 399499776 bytes | copy: 4492 GB/s, 177.889 us
   * EP:  12/16 | dispatch: 117 GB/s (SO), 383 GB/s (SU), 1047.000 us, 400622976 bytes | copy: 5263 GB/s, 152.249 us
USDT:2026-09-03 07:15:46 486:486 SyncActivityProfilerHandler.cpp:52] profiler_startUSDT:2026-09-03 07:15:46 493:493 SyncActivityProfilerHandler.cpp:52] profiler_start

USDT:2026-09-03 07:15:46 488:488 SyncActivityProfilerHandler.cpp:52] profiler_startUSDT:2026-09-03 07:15:46 491:491 SyncActivityProfilerHandler.cpp:52] profiler_startUSDT:2026-09-03 07:15:46 492:492 SyncActivityProfilerHandler.cpp:52] profiler_startUSDT:2026-09-03 07:15:46 487:487 SyncActivityProfilerHandler.cpp:52] profiler_start

USDT:2026-09-03 07:15:46 490:490 SyncActivityProfilerHandler.cpp:52] profiler_start
USDT:2026-09-03 07:15:46 489:489 SyncActivityProfilerHandler.cpp:52] profiler_start


USDT:2026-09-03 07:15:46 493:493 SyncActivityProfilerHandler.cpp:59] profiler_stopUSDT:2026-09-03 07:15:46 492:492 SyncActivityProfilerHandler.cpp:59] profiler_stop

USDT:2026-09-03 07:15:46 486:486 SyncActivityProfilerHandler.cpp:59] profiler_stopUSDT:2026-09-03 07:15:46 487:487 SyncActivityProfilerHandler.cpp:59] profiler_stopUSDT:2026-09-03 07:15:46 490:490 SyncActivityProfilerHandler.cpp:59] profiler_stop


USDT:2026-09-03 07:15:46 489:489 SyncActivityProfilerHandler.cpp:59] profiler_stopUSDT:2026-09-03 07:15:46 488:488 SyncActivityProfilerHandler.cpp:59] profiler_stopUSDT:2026-09-03 07:15:46 491:491 SyncActivityProfilerHandler.cpp:59] profiler_stop


   - EP:  10/16 | expanded dispatch: 117 GB/s (SO), 384 GB/s (SU), 1046.000 us, 401364288 bytes | copy: 4141 GB/s, 218.129 us
   - EP:   8/16 | expanded dispatch: 117 GB/s (SO), 380 GB/s (SU), 1046.000 us, 397245888 bytes | copy: 4361 GB/s, 204.828 us
   - EP:  14/16 | expanded dispatch: 117 GB/s (SO), 385 GB/s (SU), 1045.000 us, 402105600 bytes | copy: 4765 GB/s, 189.662 us
   - EP:  12/16 | expanded dispatch: 117 GB/s (SO), 383 GB/s (SU), 1046.000 us, 400622976 bytes | copy: 4814 GB/s, 187.028 us   - EP:  13/16 | expanded dispatch: 117 GB/s (SO), 382 GB/s (SU), 1046.000 us, 399612096 bytes | copy: 4210 GB/s, 213.365 us

   - EP:  15/16 | expanded dispatch: 117 GB/s (SO), 384 GB/s (SU), 1044.000 us, 401132160 bytes | copy: 3226 GB/s, 279.091 us
   - EP:   9/16 | expanded dispatch: 117 GB/s (SO), 382 GB/s (SU), 1046.000 us, 399499776 bytes | copy: 4199 GB/s, 213.985 us
   - EP:  11/16 | expanded dispatch: 117 GB/s (SO), 382 GB/s (SU), 1045.000 us, 399177792 bytes | copy: 4775 GB/s, 188.323 us
USDT:2026-09-03 07:15:46 492:492 SyncActivityProfilerHandler.cpp:52] profiler_start
USDT:2026-09-03 07:15:46 490:490 SyncActivityProfilerHandler.cpp:52] profiler_startUSDT:2026-09-03 07:15:46 486:486 SyncActivityProfilerHandler.cpp:52] profiler_startUSDT:2026-09-03 07:15:46 491:491 SyncActivityProfilerHandler.cpp:52] profiler_start
USDT:2026-09-03 07:15:46 493:493 SyncActivityProfilerHandler.cpp:52] profiler_startUSDT:2026-09-03 07:15:46 488:488 SyncActivityProfilerHandler.cpp:52] profiler_start
USDT:2026-09-03 07:15:46 489:489 SyncActivityProfilerHandler.cpp:52] profiler_start
USDT:2026-09-03 07:15:46 487:487 SyncActivityProfilerHandler.cpp:52] profiler_start



USDT:2026-09-03 07:15:47 493:493 SyncActivityProfilerHandler.cpp:59] profiler_stopUSDT:2026-09-03 07:15:47 488:488 SyncActivityProfilerHandler.cpp:59] profiler_stopUSDT:2026-09-03 07:15:47 489:489 SyncActivityProfilerHandler.cpp:59] profiler_stop


USDT:2026-09-03 07:15:47 490:490 SyncActivityProfilerHandler.cpp:59] profiler_stopUSDT:2026-09-03 07:15:47 486:486 SyncActivityProfilerHandler.cpp:59] profiler_stop
USDT:2026-09-03 07:15:47 487:487 SyncActivityProfilerHandler.cpp:59] profiler_stopUSDT:2026-09-03 07:15:47 491:491 SyncActivityProfilerHandler.cpp:59] profiler_stop


USDT:2026-09-03 07:15:47 492:492 SyncActivityProfilerHandler.cpp:59] profiler_stop
   # EP:  15/16 | cached dispatch: 118 GB/s (SO), 388 GB/s (SU), 1034.000 us, 401132160 bytes | copy: 3432 GB/s, 233.728 us
   # EP:  14/16 | cached dispatch: 118 GB/s (SO), 389 GB/s (SU), 1035.000 us, 402105600 bytes | copy: 5515 GB/s, 145.821 us
   # EP:  12/16 | cached dispatch: 118 GB/s (SO), 387 GB/s (SU), 1035.000 us, 400622976 bytes | copy: 5299 GB/s, 151.212 us
   # EP:  13/16 | cached dispatch: 118 GB/s (SO), 386 GB/s (SU), 1036.000 us, 399612096 bytes | copy: 4843 GB/s, 165.022 us
   # EP:   9/16 | cached dispatch: 118 GB/s (SO), 386 GB/s (SU), 1036.000 us, 399499776 bytes | copy: 4809 GB/s, 166.141 us
   # EP:  10/16 | cached dispatch: 118 GB/s (SO), 387 GB/s (SU), 1036.000 us, 401364288 bytes | copy: 4790 GB/s, 167.585 us
   # EP:  11/16 | cached dispatch: 118 GB/s (SO), 386 GB/s (SU), 1035.000 us, 399177792 bytes | copy: 5565 GB/s, 143.452 us
   # EP:   8/16 | cached dispatch: 118 GB/s (SO), 383 GB/s (SU), 1036.000 us, 397245888 bytes | copy: 4938 GB/s, 160.902 us
USDT:2026-09-03 07:15:48 489:489 SyncActivityProfilerHandler.cpp:52] profiler_start
USDT:2026-09-03 07:15:48 491:491 SyncActivityProfilerHandler.cpp:52] profiler_start
USDT:2026-09-03 07:15:48 487:487 SyncActivityProfilerHandler.cpp:52] profiler_startUSDT:2026-09-03 07:15:48 490:490 SyncActivityProfilerHandler.cpp:52] profiler_startUSDT:2026-09-03 07:15:48 493:493 SyncActivityProfilerHandler.cpp:52] profiler_startUSDT:2026-09-03 07:15:48 488:488 SyncActivityProfilerHandler.cpp:52] profiler_start



USDT:2026-09-03 07:15:48 492:492 SyncActivityProfilerHandler.cpp:52] profiler_start
USDT:2026-09-03 07:15:48 486:486 SyncActivityProfilerHandler.cpp:52] profiler_start
USDT:2026-09-03 07:15:48 491:491 SyncActivityProfilerHandler.cpp:59] profiler_stopUSDT:2026-09-03 07:15:48 487:487 SyncActivityProfilerHandler.cpp:59] profiler_stop

USDT:2026-09-03 07:15:48 490:490 SyncActivityProfilerHandler.cpp:59] profiler_stop
USDT:2026-09-03 07:15:48 492:492 SyncActivityProfilerHandler.cpp:59] profiler_stopUSDT:2026-09-03 07:15:48 488:488 SyncActivityProfilerHandler.cpp:59] profiler_stop

USDT:2026-09-03 07:15:48 489:489 SyncActivityProfilerHandler.cpp:59] profiler_stop
USDT:2026-09-03 07:15:48 493:493 SyncActivityProfilerHandler.cpp:59] profiler_stop
USDT:2026-09-03 07:15:48 486:486 SyncActivityProfilerHandler.cpp:59] profiler_stop
   @ EP:  11/16 | combine: 81 GB/s (SO), 263 GB/s (SU), 2911.000 us, 765943712 bytes | reduce: 5285 GB/s, 66.579 us   @ EP:   9/16 | combine: 80 GB/s (SO), 263 GB/s (SU), 2916.000 us, 766561536 bytes | reduce: 5283 GB/s, 66.638 us

   @ EP:  10/16 | combine: 80 GB/s (SO), 264 GB/s (SU), 2913.000 us, 770139168 bytes | reduce: 5288 GB/s, 66.522 us
   @ EP:   8/16 | combine: 80 GB/s (SO), 260 GB/s (SU), 2929.000 us, 762236768 bytes | reduce: 5272 GB/s, 66.776 us
   @ EP:  14/16 | combine: 79 GB/s (SO), 262 GB/s (SU), 2946.000 us, 771561600 bytes | reduce: 5283 GB/s, 66.549 us   @ EP:  15/16 | combine: 79 GB/s (SO), 261 GB/s (SU), 2951.000 us, 769693760 bytes | reduce: 5281 GB/s, 66.581 us

   @ EP:  12/16 | combine: 80 GB/s (SO), 264 GB/s (SU), 2915.000 us, 768716736 bytes | reduce: 5318 GB/s, 66.179 us
   @ EP:  13/16 | combine: 81 GB/s (SO), 266 GB/s (SU), 2885.000 us, 766777056 bytes | reduce: 5301 GB/s, 66.310 us
USDT:2026-09-03 07:15:48 492:492 SyncActivityProfilerHandler.cpp:52] profiler_start
USDT:2026-09-03 07:15:48 493:493 SyncActivityProfilerHandler.cpp:52] profiler_startUSDT:2026-09-03 07:15:48 486:486 SyncActivityProfilerHandler.cpp:52] profiler_start

USDT:2026-09-03 07:15:48 491:491 SyncActivityProfilerHandler.cpp:52] profiler_start
USDT:2026-09-03 07:15:48 490:490 SyncActivityProfilerHandler.cpp:52] profiler_startUSDT:2026-09-03 07:15:48 489:489 SyncActivityProfilerHandler.cpp:52] profiler_start

USDT:2026-09-03 07:15:48 487:487 SyncActivityProfilerHandler.cpp:52] profiler_start
USDT:2026-09-03 07:15:48 488:488 SyncActivityProfilerHandler.cpp:52] profiler_start
USDT:2026-09-03 07:15:49 491:491 SyncActivityProfilerHandler.cpp:59] profiler_stop
USDT:2026-09-03 07:15:49 493:493 SyncActivityProfilerHandler.cpp:59] profiler_stop
USDT:2026-09-03 07:15:49 492:492 SyncActivityProfilerHandler.cpp:59] profiler_stop
USDT:2026-09-03 07:15:49 486:486 SyncActivityProfilerHandler.cpp:59] profiler_stop
USDT:2026-09-03 07:15:49 490:490 SyncActivityProfilerHandler.cpp:59] profiler_stopUSDT:2026-09-03 07:15:49 487:487 SyncActivityProfilerHandler.cpp:59] profiler_stop

USDT:2026-09-03 07:15:49 489:489 SyncActivityProfilerHandler.cpp:59] profiler_stop
USDT:2026-09-03 07:15:49 488:488 SyncActivityProfilerHandler.cpp:59] profiler_stop
   + EP:  14/16 | reduced combine: 62 GB/s (SO), 204 GB/s (SU), 3780.000 us, 771561600 bytes | reduce: 5262 GB/s, 66.814 us
   + EP:   9/16 | reduced combine: 61 GB/s (SO), 201 GB/s (SU), 3818.000 us, 766561536 bytes | reduce: 5295 GB/s, 66.489 us
   + EP:   8/16 | reduced combine: 62 GB/s (SO), 201 GB/s (SU), 3791.000 us, 762236768 bytes | reduce: 5288 GB/s, 66.583 us
   + EP:  15/16 | reduced combine: 62 GB/s (SO), 204 GB/s (SU), 3769.000 us, 769693760 bytes | reduce: 5294 GB/s, 66.417 us
   + EP:  11/16 | reduced combine: 62 GB/s (SO), 201 GB/s (SU), 3807.000 us, 765943712 bytes | reduce: 5288 GB/s, 66.549 us
   + EP:  13/16 | reduced combine: 62 GB/s (SO), 204 GB/s (SU), 3764.000 us, 766777056 bytes | reduce: 5297 GB/s, 66.371 us
   + EP:  12/16 | reduced combine: 61 GB/s (SO), 200 GB/s (SU), 3849.000 us, 768716736 bytes | reduce: 5324 GB/s, 66.106 us
   + EP:  10/16 | reduced combine: 60 GB/s (SO), 198 GB/s (SU), 3889.000 us, 770139168 bytes | reduce: 5308 GB/s, 66.273 us


