=== EP_NIC_NAME=rdmap101s0 (auto, 400 Gb/s) ===
=== NCCL_IB_HCA=rdmap (auto: non-EFA ibverbs device ibp198s0f0 present) ===
=== GIN: NCCL_GIN_TYPE=5 NCCL_SYM_GIN_KERNELS_ENABLE=0 ===
=== PREFER_OVERLAP=0 (--prefer-overlap-with-compute) ===
=== IMAGE=deepep-v2-efa-official:sm103-bfbdd15  DeepEP=bfbdd15ff448783f877cb2210cb3246c8452b05e ===
+ docker run --rm --init --gpus all --privileged --network=host --ipc=host --ulimit memlock=-1 --ulimit stack=67108864 --device=/dev/infiniband --device=/dev/gdrdrv -v /sys/class/infiniband:/sys/class/infiniband:ro -e MASTER_ADDR=172.31.24.154 -e MASTER_PORT=8517 -e WORLD_SIZE=2 -e RANK=1 -e NCCL_DEBUG=WARN -e EP_NIC_NAME=rdmap101s0 -e NCCL_IB_HCA=rdmap -e NCCL_GIN_TYPE=5 -e NCCL_SYM_GIN_KERNELS_ENABLE=0 -e PYTHONUNBUFFERED=1 -e PYTHONFAULTHANDLER=1 deepep-v2-efa-official:sm103-bfbdd15 bash -lc 'timeout -s ABRT --kill-after=60 1800     python3 -u /opt/DeepEP/tests/elastic/test_ep.py     --num-processes=8 --num-tokens=8192     --hidden=7168 --num-topk=8 --num-experts=256     --num-sms=12 --allow-hybrid-mode=1     --prefer-overlap-with-compute=0 --test-first-only      '

==========
== CUDA ==
==========

CUDA Version 13.3.1

Container image Copyright (c) 2016-2023, NVIDIA CORPORATION & AFFILIATES. All rights reserved.

This container image and its contents are governed by the NVIDIA Deep Learning Container License.
By pulling and using the container, you accept the terms and conditions of this license:
https://developer.nvidia.com/ngc/nvidia-deep-learning-container-license

A copy of this license is made available in this container at /NGC-DL-CONTAINER-LICENSE for your convenience.

DeepEP hybrid kernel selection: unordered
DeepEP hybrid kernel selection: unordered
DeepEP hybrid kernel selection: unordered
DeepEP hybrid kernel selection: unordered
DeepEP hybrid kernel selection: unordered
DeepEP hybrid kernel selection: unordered
DeepEP hybrid kernel selection: unordered
DeepEP hybrid kernel selection: unordered
DeepEP hybrid kernel selection: unordered
DeepEP hybrid kernel selection: unordered
DeepEP hybrid kernel selection: unordered
DeepEP hybrid kernel selection: unordered
DeepEP hybrid kernel selection: unordered
DeepEP hybrid kernel selection: unordered
DeepEP hybrid kernel selection: unordered
DeepEP hybrid kernel selection: unordered
Config:
 > Ranks: 2 x 8
 > Experts: 8/256
 > Tokens: 8184 (max: 8192), hidden: 7168
 > #SM: 12, #QPs: 11/11

Running all test cases:
 > Testing with do_handle_copy=1, expert_alignment=128, use_fp8_dispatch=1, num_bias=0, with_previous_event=0, async_with_compute_stream=0, allocate_on_comm_stream=0 ...
USDT:2026-09-03 06:40:33 486:486 SyncActivityProfilerHandler.cpp:52] profiler_startUSDT:2026-09-03 06:40:33 490:490 SyncActivityProfilerHandler.cpp:52] profiler_startUSDT:2026-09-03 06:40:33 492:492 SyncActivityProfilerHandler.cpp:52] profiler_startUSDT:2026-09-03 06:40:33 487:487 SyncActivityProfilerHandler.cpp:52] profiler_startUSDT:2026-09-03 06:40:33 491:491 SyncActivityProfilerHandler.cpp:52] profiler_start



USDT:2026-09-03 06:40:33 488:488 SyncActivityProfilerHandler.cpp:52] profiler_start
USDT:2026-09-03 06:40:33 489:489 SyncActivityProfilerHandler.cpp:52] profiler_start

USDT:2026-09-03 06:40:33 493:493 SyncActivityProfilerHandler.cpp:52] profiler_start
USDT:2026-09-03 06:40:33 493:493 SyncActivityProfilerHandler.cpp:59] profiler_stop
USDT:2026-09-03 06:40:33 490:490 SyncActivityProfilerHandler.cpp:59] profiler_stopUSDT:2026-09-03 06:40:33 492:492 SyncActivityProfilerHandler.cpp:59] profiler_stopUSDT:2026-09-03 06:40:33 488:488 SyncActivityProfilerHandler.cpp:59] profiler_stopUSDT:2026-09-03 06:40:33 487:487 SyncActivityProfilerHandler.cpp:59] profiler_stop


USDT:2026-09-03 06:40:33 491:491 SyncActivityProfilerHandler.cpp:59] profiler_stop
USDT:2026-09-03 06:40:33 486:486 SyncActivityProfilerHandler.cpp:59] profiler_stop

USDT:2026-09-03 06:40:33 489:489 SyncActivityProfilerHandler.cpp:59] profiler_stop
   * EP:  10/16 | dispatch: 117 GB/s (SO), 384 GB/s (SU), 1046.000 us, 401364288 bytes | copy: 4574 GB/s, 175.517 us
   * EP:  13/16 | dispatch: 117 GB/s (SO), 382 GB/s (SU), 1045.000 us, 399612096 bytes | copy: 4591 GB/s, 174.095 us
   * EP:  12/16 | dispatch: 117 GB/s (SO), 384 GB/s (SU), 1044.000 us, 400622976 bytes | copy: 5282 GB/s, 151.683 us
   * EP:  14/16 | dispatch: 117 GB/s (SO), 385 GB/s (SU), 1045.000 us, 402105600 bytes | copy: 5227 GB/s, 153.870 us
   * EP:  15/16 | dispatch: 117 GB/s (SO), 385 GB/s (SU), 1043.000 us, 401132160 bytes | copy: 3284 GB/s, 244.260 us
   * EP:   8/16 | dispatch: 117 GB/s (SO), 380 GB/s (SU), 1045.000 us, 397245888 bytes | copy: 4730 GB/s, 167.967 us
   * EP:  11/16 | dispatch: 117 GB/s (SO), 382 GB/s (SU), 1044.000 us, 399177792 bytes | copy: 5459 GB/s, 146.254 us
   * EP:   9/16 | dispatch: 117 GB/s (SO), 382 GB/s (SU), 1045.000 us, 399499776 bytes | copy: 4579 GB/s, 174.483 us
USDT:2026-09-03 06:40:34 490:490 SyncActivityProfilerHandler.cpp:52] profiler_startUSDT:2026-09-03 06:40:34 493:493 SyncActivityProfilerHandler.cpp:52] profiler_startUSDT:2026-09-03 06:40:34 488:488 SyncActivityProfilerHandler.cpp:52] profiler_startUSDT:2026-09-03 06:40:34 491:491 SyncActivityProfilerHandler.cpp:52] profiler_startUSDT:2026-09-03 06:40:34 486:486 SyncActivityProfilerHandler.cpp:52] profiler_startUSDT:2026-09-03 06:40:34 492:492 SyncActivityProfilerHandler.cpp:52] profiler_start
USDT:2026-09-03 06:40:34 489:489 SyncActivityProfilerHandler.cpp:52] profiler_start
USDT:2026-09-03 06:40:34 487:487 SyncActivityProfilerHandler.cpp:52] profiler_start





USDT:2026-09-03 06:40:34 491:491 SyncActivityProfilerHandler.cpp:59] profiler_stopUSDT:2026-09-03 06:40:34 486:486 SyncActivityProfilerHandler.cpp:59] profiler_stop

USDT:2026-09-03 06:40:34 493:493 SyncActivityProfilerHandler.cpp:59] profiler_stopUSDT:2026-09-03 06:40:34 487:487 SyncActivityProfilerHandler.cpp:59] profiler_stop
USDT:2026-09-03 06:40:34 489:489 SyncActivityProfilerHandler.cpp:59] profiler_stop

USDT:2026-09-03 06:40:34 488:488 SyncActivityProfilerHandler.cpp:59] profiler_stopUSDT:2026-09-03 06:40:34 492:492 SyncActivityProfilerHandler.cpp:59] profiler_stopUSDT:2026-09-03 06:40:34 490:490 SyncActivityProfilerHandler.cpp:59] profiler_stop


   - EP:  10/16 | expanded dispatch: 117 GB/s (SO), 384 GB/s (SU), 1045.000 us, 401364288 bytes | copy: 4220 GB/s, 214.006 us
   - EP:  13/16 | expanded dispatch: 117 GB/s (SO), 383 GB/s (SU), 1044.000 us, 399612096 bytes | copy: 4192 GB/s, 214.275 us
   - EP:  14/16 | expanded dispatch: 117 GB/s (SO), 385 GB/s (SU), 1044.000 us, 402105600 bytes | copy: 4627 GB/s, 195.309 us
   - EP:   8/16 | expanded dispatch: 117 GB/s (SO), 381 GB/s (SU), 1044.000 us, 397245888 bytes | copy: 4464 GB/s, 200.080 us   - EP:  15/16 | expanded dispatch: 117 GB/s (SO), 385 GB/s (SU), 1042.000 us, 401132160 bytes | copy: 3276 GB/s, 274.787 us

   - EP:  11/16 | expanded dispatch: 117 GB/s (SO), 383 GB/s (SU), 1043.000 us, 399177792 bytes | copy: 4905 GB/s, 183.335 us
   - EP:  12/16 | expanded dispatch: 117 GB/s (SO), 384 GB/s (SU), 1044.000 us, 400622976 bytes | copy: 4864 GB/s, 185.101 us
   - EP:   9/16 | expanded dispatch: 117 GB/s (SO), 383 GB/s (SU), 1044.000 us, 399499776 bytes | copy: 4308 GB/s, 208.580 us
USDT:2026-09-03 06:40:34 486:486 SyncActivityProfilerHandler.cpp:52] profiler_startUSDT:2026-09-03 06:40:34 493:493 SyncActivityProfilerHandler.cpp:52] profiler_startUSDT:2026-09-03 06:40:34 490:490 SyncActivityProfilerHandler.cpp:52] profiler_start
USDT:2026-09-03 06:40:34 491:491 SyncActivityProfilerHandler.cpp:52] profiler_startUSDT:2026-09-03 06:40:34 492:492 SyncActivityProfilerHandler.cpp:52] profiler_start
USDT:2026-09-03 06:40:34 487:487 SyncActivityProfilerHandler.cpp:52] profiler_start

USDT:2026-09-03 06:40:34 488:488 SyncActivityProfilerHandler.cpp:52] profiler_start


USDT:2026-09-03 06:40:34 489:489 SyncActivityProfilerHandler.cpp:52] profiler_start
USDT:2026-09-03 06:40:35 490:490 SyncActivityProfilerHandler.cpp:59] profiler_stopUSDT:2026-09-03 06:40:35 491:491 SyncActivityProfilerHandler.cpp:59] profiler_stopUSDT:2026-09-03 06:40:35 486:486 SyncActivityProfilerHandler.cpp:59] profiler_stopUSDT:2026-09-03 06:40:35 493:493 SyncActivityProfilerHandler.cpp:59] profiler_stop

USDT:2026-09-03 06:40:35 492:492 SyncActivityProfilerHandler.cpp:59] profiler_stop
USDT:2026-09-03 06:40:35 488:488 SyncActivityProfilerHandler.cpp:59] profiler_stopUSDT:2026-09-03 06:40:35 487:487 SyncActivityProfilerHandler.cpp:59] profiler_stop



USDT:2026-09-03 06:40:35 489:489 SyncActivityProfilerHandler.cpp:59] profiler_stop
   # EP:   8/16 | cached dispatch: 118 GB/s (SO), 385 GB/s (SU), 1032.000 us, 397245888 bytes | copy: 5032 GB/s, 157.884 us
   # EP:  11/16 | cached dispatch: 118 GB/s (SO), 387 GB/s (SU), 1031.000 us, 399177792 bytes | copy: 5483 GB/s, 145.597 us
   # EP:  10/16 | cached dispatch: 118 GB/s (SO), 389 GB/s (SU), 1032.000 us, 401364288 bytes | copy: 4949 GB/s, 162.204 us
   # EP:  15/16 | cached dispatch: 118 GB/s (SO), 389 GB/s (SU), 1030.000 us, 401132160 bytes | copy: 3453 GB/s, 232.353 us
   # EP:  14/16 | cached dispatch: 118 GB/s (SO), 390 GB/s (SU), 1031.000 us, 402105600 bytes | copy: 5579 GB/s, 144.142 us
   # EP:  12/16 | cached dispatch: 118 GB/s (SO), 389 GB/s (SU), 1031.000 us, 400622976 bytes | copy: 5414 GB/s, 148.006 us
   # EP:  13/16 | cached dispatch: 118 GB/s (SO), 387 GB/s (SU), 1032.000 us, 399612096 bytes | copy: 5027 GB/s, 158.995 us
   # EP:   9/16 | cached dispatch: 118 GB/s (SO), 387 GB/s (SU), 1032.000 us, 399499776 bytes | copy: 4921 GB/s, 162.381 us
USDT:2026-09-03 06:40:35 486:486 SyncActivityProfilerHandler.cpp:52] profiler_start
USDT:2026-09-03 06:40:35 487:487 SyncActivityProfilerHandler.cpp:52] profiler_startUSDT:2026-09-03 06:40:35 488:488 SyncActivityProfilerHandler.cpp:52] profiler_startUSDT:2026-09-03 06:40:35 490:490 SyncActivityProfilerHandler.cpp:52] profiler_startUSDT:2026-09-03 06:40:35 489:489 SyncActivityProfilerHandler.cpp:52] profiler_start

USDT:2026-09-03 06:40:35 491:491 SyncActivityProfilerHandler.cpp:52] profiler_start

USDT:2026-09-03 06:40:35 492:492 SyncActivityProfilerHandler.cpp:52] profiler_start

USDT:2026-09-03 06:40:35 493:493 SyncActivityProfilerHandler.cpp:52] profiler_start
USDT:2026-09-03 06:40:36 486:486 SyncActivityProfilerHandler.cpp:59] profiler_stop
USDT:2026-09-03 06:40:36 487:487 SyncActivityProfilerHandler.cpp:59] profiler_stop
USDT:2026-09-03 06:40:36 490:490 SyncActivityProfilerHandler.cpp:59] profiler_stop
USDT:2026-09-03 06:40:36 488:488 SyncActivityProfilerHandler.cpp:59] profiler_stop
USDT:2026-09-03 06:40:36 491:491 SyncActivityProfilerHandler.cpp:59] profiler_stop
USDT:2026-09-03 06:40:36 492:492 SyncActivityProfilerHandler.cpp:59] profiler_stopUSDT:2026-09-03 06:40:36 489:489 SyncActivityProfilerHandler.cpp:59] profiler_stop

USDT:2026-09-03 06:40:36 493:493 SyncActivityProfilerHandler.cpp:59] profiler_stop
   @ EP:  12/16 | combine: 81 GB/s (SO), 265 GB/s (SU), 2899.000 us, 768716736 bytes | reduce: 5298 GB/s, 66.419 us
   @ EP:  15/16 | combine: 79 GB/s (SO), 260 GB/s (SU), 2957.000 us, 769693760 bytes | reduce: 5296 GB/s, 66.388 us
   @ EP:   8/16 | combine: 82 GB/s (SO), 265 GB/s (SU), 2876.000 us, 762236768 bytes | reduce: 5278 GB/s, 66.706 us   @ EP:  13/16 | combine: 80 GB/s (SO), 261 GB/s (SU), 2934.000 us, 766777056 bytes | reduce: 5307 GB/s, 66.241 us   @ EP:   9/16 | combine: 81 GB/s (SO), 264 GB/s (SU), 2904.000 us, 766561536 bytes | reduce: 5297 GB/s, 66.462 us


   @ EP:  14/16 | combine: 80 GB/s (SO), 265 GB/s (SU), 2915.000 us, 771561600 bytes | reduce: 5295 GB/s, 66.400 us
   @ EP:  10/16 | combine: 80 GB/s (SO), 264 GB/s (SU), 2922.000 us, 770139168 bytes | reduce: 5314 GB/s, 66.200 us
   @ EP:  11/16 | combine: 80 GB/s (SO), 263 GB/s (SU), 2916.000 us, 765943712 bytes | reduce: 5285 GB/s, 66.582 us
USDT:2026-09-03 06:40:36 486:486 SyncActivityProfilerHandler.cpp:52] profiler_start
USDT:2026-09-03 06:40:36 493:493 SyncActivityProfilerHandler.cpp:52] profiler_start
USDT:2026-09-03 06:40:36 491:491 SyncActivityProfilerHandler.cpp:52] profiler_startUSDT:2026-09-03 06:40:36 489:489 SyncActivityProfilerHandler.cpp:52] profiler_startUSDT:2026-09-03 06:40:36 487:487 SyncActivityProfilerHandler.cpp:52] profiler_start


USDT:2026-09-03 06:40:36 490:490 SyncActivityProfilerHandler.cpp:52] profiler_start
USDT:2026-09-03 06:40:36 488:488 SyncActivityProfilerHandler.cpp:52] profiler_start
USDT:2026-09-03 06:40:36 492:492 SyncActivityProfilerHandler.cpp:52] profiler_start
USDT:2026-09-03 06:40:37 486:486 SyncActivityProfilerHandler.cpp:59] profiler_stop
USDT:2026-09-03 06:40:37 491:491 SyncActivityProfilerHandler.cpp:59] profiler_stopUSDT:2026-09-03 06:40:37 493:493 SyncActivityProfilerHandler.cpp:59] profiler_stop

USDT:2026-09-03 06:40:37 492:492 SyncActivityProfilerHandler.cpp:59] profiler_stop
USDT:2026-09-03 06:40:37 490:490 SyncActivityProfilerHandler.cpp:59] profiler_stop
USDT:2026-09-03 06:40:37 487:487 SyncActivityProfilerHandler.cpp:59] profiler_stop
USDT:2026-09-03 06:40:37 489:489 SyncActivityProfilerHandler.cpp:59] profiler_stop
USDT:2026-09-03 06:40:37 488:488 SyncActivityProfilerHandler.cpp:59] profiler_stop
   + EP:  14/16 | reduced combine: 61 GB/s (SO), 202 GB/s (SU), 3821.000 us, 771561600 bytes | reduce: 5241 GB/s, 67.078 us
   + EP:   8/16 | reduced combine: 62 GB/s (SO), 203 GB/s (SU), 3760.000 us, 762236768 bytes | reduce: 5292 GB/s, 66.526 us
   + EP:  13/16 | reduced combine: 62 GB/s (SO), 202 GB/s (SU), 3787.000 us, 766777056 bytes | reduce: 5314 GB/s, 66.154 us
   + EP:  15/16 | reduced combine: 62 GB/s (SO), 203 GB/s (SU), 3790.000 us, 769693760 bytes | reduce: 5321 GB/s, 66.077 us
   + EP:  12/16 | reduced combine: 62 GB/s (SO), 203 GB/s (SU), 3791.000 us, 768716736 bytes | reduce: 5285 GB/s, 66.589 us
   + EP:  10/16 | reduced combine: 61 GB/s (SO), 200 GB/s (SU), 3851.000 us, 770139168 bytes | reduce: 5303 GB/s, 66.338 us
   + EP:   9/16 | reduced combine: 61 GB/s (SO), 201 GB/s (SU), 3821.000 us, 766561536 bytes | reduce: 5303 GB/s, 66.381 us
   + EP:  11/16 | reduced combine: 61 GB/s (SO), 201 GB/s (SU), 3820.000 us, 765943712 bytes | reduce: 5296 GB/s, 66.441 us


