=== EP_NIC_NAME=rdmap101s0 (auto, 400 Gb/s) ===
=== NCCL_IB_HCA=rdmap (auto: non-EFA ibverbs device ibp198s0f0 present) ===
=== GIN: NCCL_GIN_TYPE=5 NCCL_SYM_GIN_KERNELS_ENABLE=0 ===
=== PREFER_OVERLAP=0 (--prefer-overlap-with-compute) ===
=== IMAGE=deepep-v2-efa-official:sm103-3c737dc  DeepEP=3c737dcf0da5889ba7efd26e05b4808307cc38af ===
+ docker run --rm --init --gpus all --privileged --network=host --ipc=host --ulimit memlock=-1 --ulimit stack=67108864 --device=/dev/infiniband --device=/dev/gdrdrv -v /sys/class/infiniband:/sys/class/infiniband:ro -e MASTER_ADDR=172.31.24.154 -e MASTER_PORT=8509 -e WORLD_SIZE=2 -e RANK=0 -e NCCL_DEBUG=WARN -e EP_NIC_NAME=rdmap101s0 -e NCCL_IB_HCA=rdmap -e NCCL_GIN_TYPE=5 -e NCCL_SYM_GIN_KERNELS_ENABLE=0 -e PYTHONUNBUFFERED=1 -e PYTHONFAULTHANDLER=1 deepep-v2-efa-official:sm103-3c737dc bash -lc 'timeout -s ABRT --kill-after=60 1800     python3 -u /opt/DeepEP/tests/elastic/test_ep.py     --num-processes=8 --num-tokens=128     --hidden=7168 --num-topk=8 --num-experts=256     --num-sms=12 --allow-hybrid-mode=1     --prefer-overlap-with-compute=0 --test-first-only      '

==========
== CUDA ==
==========

CUDA Version 13.3.1

Container image Copyright (c) 2016-2023, NVIDIA CORPORATION & AFFILIATES. All rights reserved.

This container image and its contents are governed by the NVIDIA Deep Learning Container License.
By pulling and using the container, you accept the terms and conditions of this license:
https://developer.nvidia.com/ngc/nvidia-deep-learning-container-license

A copy of this license is made available in this container at /NGC-DL-CONTAINER-LICENSE for your convenience.

NCCL version 2.31.2+cuda13.3
DeepEP hybrid kernel selection: unordered
DeepEP hybrid kernel selection: unordered
DeepEP hybrid kernel selection: unordered
DeepEP hybrid kernel selection: unordered
DeepEP hybrid kernel selection: unordered
DeepEP hybrid kernel selection: unordered
DeepEP hybrid kernel selection: unordered
DeepEP hybrid kernel selection: unordered
DeepEP hybrid kernel selection: unordered
DeepEP hybrid kernel selection: unordered
DeepEP hybrid kernel selection: unordered
DeepEP hybrid kernel selection: unordered
DeepEP hybrid kernel selection: unordered
DeepEP hybrid kernel selection: unordered
DeepEP hybrid kernel selection: unordered
DeepEP hybrid kernel selection: unordered
Config:
 > Ranks: 2 x 8
 > Experts: 8/256
 > Tokens: 128 (max: 128), hidden: 7168
 > #SM: 12, #QPs: 13/13

Running all test cases:
 > Testing with do_handle_copy=1, expert_alignment=128, use_fp8_dispatch=1, num_bias=0, with_previous_event=0, async_with_compute_stream=0, allocate_on_comm_stream=0 ...
USDT:2026-09-03 06:19:00 492:492 SyncActivityProfilerHandler.cpp:52] profiler_startUSDT:2026-09-03 06:19:00 489:489 SyncActivityProfilerHandler.cpp:52] profiler_startUSDT:2026-09-03 06:19:00 491:491 SyncActivityProfilerHandler.cpp:52] profiler_startUSDT:2026-09-03 06:19:00 487:487 SyncActivityProfilerHandler.cpp:52] profiler_startUSDT:2026-09-03 06:19:00 488:488 SyncActivityProfilerHandler.cpp:52] profiler_start

USDT:2026-09-03 06:19:00 485:485 SyncActivityProfilerHandler.cpp:52] profiler_startUSDT:2026-09-03 06:19:00 486:486 SyncActivityProfilerHandler.cpp:52] profiler_startUSDT:2026-09-03 06:19:00 490:490 SyncActivityProfilerHandler.cpp:52] profiler_start





USDT:2026-09-03 06:19:00 487:487 SyncActivityProfilerHandler.cpp:59] profiler_stopUSDT:2026-09-03 06:19:00 491:491 SyncActivityProfilerHandler.cpp:59] profiler_stopUSDT:2026-09-03 06:19:00 486:486 SyncActivityProfilerHandler.cpp:59] profiler_stopUSDT:2026-09-03 06:19:00 490:490 SyncActivityProfilerHandler.cpp:59] profiler_stopUSDT:2026-09-03 06:19:00 489:489 SyncActivityProfilerHandler.cpp:59] profiler_stopUSDT:2026-09-03 06:19:00 492:492 SyncActivityProfilerHandler.cpp:59] profiler_stop
USDT:2026-09-03 06:19:00 485:485 SyncActivityProfilerHandler.cpp:59] profiler_stop
USDT:2026-09-03 06:19:00 488:488 SyncActivityProfilerHandler.cpp:59] profiler_stop





   * EP:   7/16 | dispatch: 9 GB/s (SO), 28 GB/s (SU), 211.571 us, 5937984 bytes | copy: 457 GB/s, 26.003 us
   * EP:   3/16 | dispatch: 9 GB/s (SO), 28 GB/s (SU), 212.524 us, 5855616 bytes | copy: 920 GB/s, 12.725 us
   * EP:   5/16 | dispatch: 9 GB/s (SO), 27 GB/s (SU), 212.505 us, 5705856 bytes | copy: 548 GB/s, 20.810 us
   * EP:   1/16 | dispatch: 9 GB/s (SO), 27 GB/s (SU), 211.801 us, 5720832 bytes | copy: 1009 GB/s, 11.340 us
   * EP:   6/16 | dispatch: 8 GB/s (SO), 28 GB/s (SU), 212.528 us, 5937984 bytes | copy: 992 GB/s, 11.967 us
   * EP:   2/16 | dispatch: 9 GB/s (SO), 27 GB/s (SU), 213.225 us, 5840640 bytes | copy: 797 GB/s, 14.652 us
   * EP:   0/16 | dispatch: 9 GB/s (SO), 27 GB/s (SU), 212.708 us, 5750784 bytes | copy: 1102 GB/s, 10.436 us
   * EP:   4/16 | dispatch: 9 GB/s (SO), 26 GB/s (SU), 212.341 us, 5623488 bytes | copy: 720 GB/s, 15.615 us
USDT:2026-09-03 06:19:00 492:492 SyncActivityProfilerHandler.cpp:52] profiler_startUSDT:2026-09-03 06:19:00 487:487 SyncActivityProfilerHandler.cpp:52] profiler_startUSDT:2026-09-03 06:19:00 486:486 SyncActivityProfilerHandler.cpp:52] profiler_startUSDT:2026-09-03 06:19:00 489:489 SyncActivityProfilerHandler.cpp:52] profiler_startUSDT:2026-09-03 06:19:00 491:491 SyncActivityProfilerHandler.cpp:52] profiler_start
USDT:2026-09-03 06:19:00 490:490 SyncActivityProfilerHandler.cpp:52] profiler_startUSDT:2026-09-03 06:19:00 488:488 SyncActivityProfilerHandler.cpp:52] profiler_start
USDT:2026-09-03 06:19:00 485:485 SyncActivityProfilerHandler.cpp:52] profiler_start





USDT:2026-09-03 06:19:01 487:487 SyncActivityProfilerHandler.cpp:59] profiler_stopUSDT:2026-09-03 06:19:01 485:485 SyncActivityProfilerHandler.cpp:59] profiler_stop
USDT:2026-09-03 06:19:01 486:486 SyncActivityProfilerHandler.cpp:59] profiler_stopUSDT:2026-09-03 06:19:01 492:492 SyncActivityProfilerHandler.cpp:59] profiler_stop
USDT:2026-09-03 06:19:01 488:488 SyncActivityProfilerHandler.cpp:59] profiler_stop
USDT:2026-09-03 06:19:01 491:491 SyncActivityProfilerHandler.cpp:59] profiler_stopUSDT:2026-09-03 06:19:01 489:489 SyncActivityProfilerHandler.cpp:59] profiler_stop


USDT:2026-09-03 06:19:01 490:490 SyncActivityProfilerHandler.cpp:59] profiler_stop

   - EP:   3/16 | expanded dispatch: 9 GB/s (SO), 28 GB/s (SU), 212.142 us, 5855616 bytes | copy: 1524 GB/s, 13.559 us
   - EP:   2/16 | expanded dispatch: 9 GB/s (SO), 27 GB/s (SU), 212.919 us, 5840640 bytes | copy: 1512 GB/s, 13.685 us
   - EP:   7/16 | expanded dispatch: 9 GB/s (SO), 28 GB/s (SU), 211.152 us, 5937984 bytes | copy: 811 GB/s, 25.550 us
   - EP:   6/16 | expanded dispatch: 9 GB/s (SO), 28 GB/s (SU), 212.237 us, 5937984 bytes | copy: 1550 GB/s, 13.439 us
   - EP:   1/16 | expanded dispatch: 9 GB/s (SO), 27 GB/s (SU), 211.933 us, 5720832 bytes | copy: 1828 GB/s, 11.224 us
   - EP:   5/16 | expanded dispatch: 9 GB/s (SO), 27 GB/s (SU), 211.772 us, 5705856 bytes | copy: 1016 GB/s, 20.215 us
   - EP:   0/16 | expanded dispatch: 9 GB/s (SO), 27 GB/s (SU), 213.460 us, 5750784 bytes | copy: 1825 GB/s, 11.277 us
   - EP:   4/16 | expanded dispatch: 9 GB/s (SO), 27 GB/s (SU), 212.182 us, 5623488 bytes | copy: 1210 GB/s, 16.907 us
USDT:2026-09-03 06:19:01 491:491 SyncActivityProfilerHandler.cpp:52] profiler_startUSDT:2026-09-03 06:19:01 487:487 SyncActivityProfilerHandler.cpp:52] profiler_startUSDT:2026-09-03 06:19:01 490:490 SyncActivityProfilerHandler.cpp:52] profiler_startUSDT:2026-09-03 06:19:01 486:486 SyncActivityProfilerHandler.cpp:52] profiler_startUSDT:2026-09-03 06:19:01 488:488 SyncActivityProfilerHandler.cpp:52] profiler_startUSDT:2026-09-03 06:19:01 492:492 SyncActivityProfilerHandler.cpp:52] profiler_startUSDT:2026-09-03 06:19:01 489:489 SyncActivityProfilerHandler.cpp:52] profiler_start





USDT:2026-09-03 06:19:01 485:485 SyncActivityProfilerHandler.cpp:52] profiler_start

USDT:2026-09-03 06:19:02 489:489 SyncActivityProfilerHandler.cpp:59] profiler_stopUSDT:2026-09-03 06:19:02 487:487 SyncActivityProfilerHandler.cpp:59] profiler_stopUSDT:2026-09-03 06:19:02 491:491 SyncActivityProfilerHandler.cpp:59] profiler_stopUSDT:2026-09-03 06:19:02 492:492 SyncActivityProfilerHandler.cpp:59] profiler_stop
USDT:2026-09-03 06:19:02 485:485 SyncActivityProfilerHandler.cpp:59] profiler_stop


USDT:2026-09-03 06:19:02 488:488 SyncActivityProfilerHandler.cpp:59] profiler_stopUSDT:2026-09-03 06:19:02 486:486 SyncActivityProfilerHandler.cpp:59] profiler_stop


USDT:2026-09-03 06:19:02 490:490 SyncActivityProfilerHandler.cpp:59] profiler_stop
   # EP:   2/16 | cached dispatch: 9 GB/s (SO), 28 GB/s (SU), 211.458 us, 5840640 bytes | copy: 1129 GB/s, 10.346 us
   # EP:   7/16 | cached dispatch: 9 GB/s (SO), 28 GB/s (SU), 210.697 us, 5937984 bytes | copy: 573 GB/s, 20.729 us
   # EP:   1/16 | cached dispatch: 9 GB/s (SO), 27 GB/s (SU), 210.799 us, 5720832 bytes | copy: 1388 GB/s, 8.246 us
   # EP:   6/16 | cached dispatch: 9 GB/s (SO), 28 GB/s (SU), 210.651 us, 5937984 bytes | copy: 1253 GB/s, 9.477 us
   # EP:   3/16 | cached dispatch: 9 GB/s (SO), 28 GB/s (SU), 209.978 us, 5855616 bytes | copy: 1352 GB/s, 8.660 us
   # EP:   5/16 | cached dispatch: 9 GB/s (SO), 27 GB/s (SU), 210.238 us, 5705856 bytes | copy: 686 GB/s, 16.633 us
   # EP:   4/16 | cached dispatch: 9 GB/s (SO), 27 GB/s (SU), 210.458 us, 5623488 bytes | copy: 982 GB/s, 11.454 us
   # EP:   0/16 | cached dispatch: 9 GB/s (SO), 27 GB/s (SU), 210.122 us, 5750784 bytes | copy: 1495 GB/s, 7.692 us
USDT:2026-09-03 06:19:02 492:492 SyncActivityProfilerHandler.cpp:52] profiler_start
USDT:2026-09-03 06:19:02 487:487 SyncActivityProfilerHandler.cpp:52] profiler_start
USDT:2026-09-03 06:19:02 486:486 SyncActivityProfilerHandler.cpp:52] profiler_startUSDT:2026-09-03 06:19:02 488:488 SyncActivityProfilerHandler.cpp:52] profiler_start
USDT:2026-09-03 06:19:02 491:491 SyncActivityProfilerHandler.cpp:52] profiler_start
USDT:2026-09-03 06:19:02 489:489 SyncActivityProfilerHandler.cpp:52] profiler_start
USDT:2026-09-03 06:19:02 490:490 SyncActivityProfilerHandler.cpp:52] profiler_start

USDT:2026-09-03 06:19:02 485:485 SyncActivityProfilerHandler.cpp:52] profiler_start
USDT:2026-09-03 06:19:02 492:492 SyncActivityProfilerHandler.cpp:59] profiler_stop
USDT:2026-09-03 06:19:02 489:489 SyncActivityProfilerHandler.cpp:59] profiler_stopUSDT:2026-09-03 06:19:02 487:487 SyncActivityProfilerHandler.cpp:59] profiler_stopUSDT:2026-09-03 06:19:02 488:488 SyncActivityProfilerHandler.cpp:59] profiler_stopUSDT:2026-09-03 06:19:02 486:486 SyncActivityProfilerHandler.cpp:59] profiler_stop



USDT:2026-09-03 06:19:02 485:485 SyncActivityProfilerHandler.cpp:59] profiler_stop
USDT:2026-09-03 06:19:02 491:491 SyncActivityProfilerHandler.cpp:59] profiler_stop
USDT:2026-09-03 06:19:02 490:490 SyncActivityProfilerHandler.cpp:59] profiler_stop
   @ EP:   1/16 | combine: 23 GB/s (SO), 69 GB/s (SU), 159.650 us, 10977152 bytes | reduce: 1001 GB/s, 5.469 us
   @ EP:   2/16 | combine: 23 GB/s (SO), 70 GB/s (SU), 160.653 us, 11207040 bytes | reduce: 976 GB/s, 5.567 us
   @ EP:   6/16 | combine: 21 GB/s (SO), 69 GB/s (SU), 165.488 us, 11393824 bytes | reduce: 970 GB/s, 5.379 us
   @ EP:   3/16 | combine: 22 GB/s (SO), 68 GB/s (SU), 164.877 us, 11235776 bytes | reduce: 961 GB/s, 5.609 us
   @ EP:   7/16 | combine: 24 GB/s (SO), 80 GB/s (SU), 142.454 us, 11393824 bytes | reduce: 958 GB/s, 5.442 us
   @ EP:   5/16 | combine: 22 GB/s (SO), 67 GB/s (SU), 162.238 us, 10948416 bytes | reduce: 954 GB/s, 5.542 us
   @ EP:   4/16 | combine: 22 GB/s (SO), 66 GB/s (SU), 162.613 us, 10790368 bytes | reduce: 989 GB/s, 5.376 us
   @ EP:   0/16 | combine: 23 GB/s (SO), 69 GB/s (SU), 161.042 us, 11034624 bytes | reduce: 997 GB/s, 5.519 us
USDT:2026-09-03 06:19:03 492:492 SyncActivityProfilerHandler.cpp:52] profiler_start
USDT:2026-09-03 06:19:03 488:488 SyncActivityProfilerHandler.cpp:52] profiler_startUSDT:2026-09-03 06:19:03 490:490 SyncActivityProfilerHandler.cpp:52] profiler_startUSDT:2026-09-03 06:19:03 487:487 SyncActivityProfilerHandler.cpp:52] profiler_startUSDT:2026-09-03 06:19:03 486:486 SyncActivityProfilerHandler.cpp:52] profiler_startUSDT:2026-09-03 06:19:03 489:489 SyncActivityProfilerHandler.cpp:52] profiler_start



USDT:2026-09-03 06:19:03 491:491 SyncActivityProfilerHandler.cpp:52] profiler_startUSDT:2026-09-03 06:19:03 485:485 SyncActivityProfilerHandler.cpp:52] profiler_start


USDT:2026-09-03 06:19:03 492:492 SyncActivityProfilerHandler.cpp:59] profiler_stop
USDT:2026-09-03 06:19:03 487:487 SyncActivityProfilerHandler.cpp:59] profiler_stop
USDT:2026-09-03 06:19:03 491:491 SyncActivityProfilerHandler.cpp:59] profiler_stopUSDT:2026-09-03 06:19:03 486:486 SyncActivityProfilerHandler.cpp:59] profiler_stopUSDT:2026-09-03 06:19:03 488:488 SyncActivityProfilerHandler.cpp:59] profiler_stopUSDT:2026-09-03 06:19:03 490:490 SyncActivityProfilerHandler.cpp:59] profiler_stopUSDT:2026-09-03 06:19:03 489:489 SyncActivityProfilerHandler.cpp:59] profiler_stop




USDT:2026-09-03 06:19:03 485:485 SyncActivityProfilerHandler.cpp:59] profiler_stop
   + EP:   6/16 | reduced combine: 20 GB/s (SO), 65 GB/s (SU), 176.357 us, 11393824 bytes | reduce: 967 GB/s, 5.395 us
   + EP:   1/16 | reduced combine: 22 GB/s (SO), 65 GB/s (SU), 168.180 us, 10977152 bytes | reduce: 998 GB/s, 5.487 us
   + EP:   7/16 | reduced combine: 24 GB/s (SO), 77 GB/s (SU), 147.250 us, 11393824 bytes | reduce: 948 GB/s, 5.501 us
   + EP:   2/16 | reduced combine: 21 GB/s (SO), 66 GB/s (SU), 170.229 us, 11207040 bytes | reduce: 976 GB/s, 5.563 us
   + EP:   3/16 | reduced combine: 21 GB/s (SO), 65 GB/s (SU), 171.668 us, 11235776 bytes | reduce: 1002 GB/s, 5.375 us
   + EP:   4/16 | reduced combine: 20 GB/s (SO), 62 GB/s (SU), 174.318 us, 10790368 bytes | reduce: 985 GB/s, 5.398 us
   + EP:   5/16 | reduced combine: 21 GB/s (SO), 67 GB/s (SU), 163.868 us, 10948416 bytes | reduce: 970 GB/s, 5.451 us
   + EP:   0/16 | reduced combine: 22 GB/s (SO), 65 GB/s (SU), 169.903 us, 11034624 bytes | reduce: 1005 GB/s, 5.477 us


