=== EP_NIC_NAME=rdmap101s0 (auto, 400 Gb/s) ===
=== NCCL_IB_HCA=rdmap (auto: non-EFA ibverbs device ibp198s0f0 present) ===
=== GIN: NCCL_GIN_TYPE=5 NCCL_SYM_GIN_KERNELS_ENABLE=0 ===
=== PREFER_OVERLAP=0 (--prefer-overlap-with-compute) ===
=== IMAGE=deepep-v2-efa-official:sm103-3c737dc  DeepEP=3c737dcf0da5889ba7efd26e05b4808307cc38af ===
+ docker run --rm --init --gpus all --privileged --network=host --ipc=host --ulimit memlock=-1 --ulimit stack=67108864 --device=/dev/infiniband --device=/dev/gdrdrv -v /sys/class/infiniband:/sys/class/infiniband:ro -e MASTER_ADDR=172.31.24.154 -e MASTER_PORT=8535 -e WORLD_SIZE=2 -e RANK=0 -e NCCL_DEBUG=WARN -e EP_NIC_NAME=rdmap101s0 -e NCCL_IB_HCA=rdmap -e NCCL_GIN_TYPE=5 -e NCCL_SYM_GIN_KERNELS_ENABLE=0 -e PYTHONUNBUFFERED=1 -e PYTHONFAULTHANDLER=1 deepep-v2-efa-official:sm103-3c737dc bash -lc 'timeout -s ABRT --kill-after=60 1800     python3 -u /opt/DeepEP/tests/elastic/test_ep.py     --num-processes=8 --num-tokens=128     --hidden=7168 --num-topk=8 --num-experts=256     --num-sms=12 --allow-hybrid-mode=1     --prefer-overlap-with-compute=0 --test-first-only      '

==========
== CUDA ==
==========

CUDA Version 13.3.1

Container image Copyright (c) 2016-2023, NVIDIA CORPORATION & AFFILIATES. All rights reserved.

This container image and its contents are governed by the NVIDIA Deep Learning Container License.
By pulling and using the container, you accept the terms and conditions of this license:
https://developer.nvidia.com/ngc/nvidia-deep-learning-container-license

A copy of this license is made available in this container at /NGC-DL-CONTAINER-LICENSE for your convenience.

NCCL version 2.31.2+cuda13.3
DeepEP hybrid kernel selection: unordered
DeepEP hybrid kernel selection: unordered
DeepEP hybrid kernel selection: unordered
DeepEP hybrid kernel selection: unordered
DeepEP hybrid kernel selection: unordered
DeepEP hybrid kernel selection: unordered
DeepEP hybrid kernel selection: unordered
DeepEP hybrid kernel selection: unordered
DeepEP hybrid kernel selection: unordered
DeepEP hybrid kernel selection: unordered
DeepEP hybrid kernel selection: unordered
DeepEP hybrid kernel selection: unordered
DeepEP hybrid kernel selection: unordered
DeepEP hybrid kernel selection: unordered
DeepEP hybrid kernel selection: unordered
DeepEP hybrid kernel selection: unordered
Config:
 > Ranks: 2 x 8
 > Experts: 8/256
 > Tokens: 128 (max: 128), hidden: 7168
 > #SM: 12, #QPs: 13/13

Running all test cases:
 > Testing with do_handle_copy=1, expert_alignment=128, use_fp8_dispatch=1, num_bias=0, with_previous_event=0, async_with_compute_stream=0, allocate_on_comm_stream=0 ...
USDT:2026-09-03 07:29:27 491:491 SyncActivityProfilerHandler.cpp:52] profiler_startUSDT:2026-09-03 07:29:27 493:493 SyncActivityProfilerHandler.cpp:52] profiler_startUSDT:2026-09-03 07:29:27 494:494 SyncActivityProfilerHandler.cpp:52] profiler_startUSDT:2026-09-03 07:29:27 490:490 SyncActivityProfilerHandler.cpp:52] profiler_startUSDT:2026-09-03 07:29:27 495:495 SyncActivityProfilerHandler.cpp:52] profiler_startUSDT:2026-09-03 07:29:27 492:492 SyncActivityProfilerHandler.cpp:52] profiler_start
USDT:2026-09-03 07:29:27 496:496 SyncActivityProfilerHandler.cpp:52] profiler_startUSDT:2026-09-03 07:29:27 489:489 SyncActivityProfilerHandler.cpp:52] profiler_start






USDT:2026-09-03 07:29:27 495:495 SyncActivityProfilerHandler.cpp:59] profiler_stopUSDT:2026-09-03 07:29:27 494:494 SyncActivityProfilerHandler.cpp:59] profiler_stopUSDT:2026-09-03 07:29:27 496:496 SyncActivityProfilerHandler.cpp:59] profiler_stopUSDT:2026-09-03 07:29:27 492:492 SyncActivityProfilerHandler.cpp:59] profiler_stopUSDT:2026-09-03 07:29:27 491:491 SyncActivityProfilerHandler.cpp:59] profiler_stopUSDT:2026-09-03 07:29:27 489:489 SyncActivityProfilerHandler.cpp:59] profiler_stop
USDT:2026-09-03 07:29:27 490:490 SyncActivityProfilerHandler.cpp:59] profiler_stop





USDT:2026-09-03 07:29:27 493:493 SyncActivityProfilerHandler.cpp:59] profiler_stop
   * EP:   2/16 | dispatch: 9 GB/s (SO), 27 GB/s (SU), 213.422 us, 5840640 bytes | copy: 832 GB/s, 14.046 us
   * EP:   7/16 | dispatch: 9 GB/s (SO), 28 GB/s (SU), 211.687 us, 5937984 bytes | copy: 468 GB/s, 25.383 us   * EP:   3/16 | dispatch: 9 GB/s (SO), 28 GB/s (SU), 212.216 us, 5855616 bytes | copy: 926 GB/s, 12.645 us

   * EP:   6/16 | dispatch: 8 GB/s (SO), 28 GB/s (SU), 212.725 us, 5937984 bytes | copy: 1035 GB/s, 11.477 us
   * EP:   0/16 | dispatch: 9 GB/s (SO), 27 GB/s (SU), 212.503 us, 5750784 bytes | copy: 1158 GB/s, 9.931 us
   * EP:   5/16 | dispatch: 9 GB/s (SO), 27 GB/s (SU), 213.172 us, 5705856 bytes | copy: 580 GB/s, 19.691 us
   * EP:   1/16 | dispatch: 9 GB/s (SO), 27 GB/s (SU), 212.191 us, 5720832 bytes | copy: 1013 GB/s, 11.298 us
   * EP:   4/16 | dispatch: 9 GB/s (SO), 26 GB/s (SU), 212.377 us, 5623488 bytes | copy: 788 GB/s, 14.266 us
USDT:2026-09-03 07:29:28 491:491 SyncActivityProfilerHandler.cpp:52] profiler_startUSDT:2026-09-03 07:29:28 496:496 SyncActivityProfilerHandler.cpp:52] profiler_startUSDT:2026-09-03 07:29:28 495:495 SyncActivityProfilerHandler.cpp:52] profiler_startUSDT:2026-09-03 07:29:28 489:489 SyncActivityProfilerHandler.cpp:52] profiler_startUSDT:2026-09-03 07:29:28 494:494 SyncActivityProfilerHandler.cpp:52] profiler_start

USDT:2026-09-03 07:29:28 492:492 SyncActivityProfilerHandler.cpp:52] profiler_start



USDT:2026-09-03 07:29:28 490:490 SyncActivityProfilerHandler.cpp:52] profiler_startUSDT:2026-09-03 07:29:28 493:493 SyncActivityProfilerHandler.cpp:52] profiler_start

USDT:2026-09-03 07:29:28 496:496 SyncActivityProfilerHandler.cpp:59] profiler_stopUSDT:2026-09-03 07:29:28 495:495 SyncActivityProfilerHandler.cpp:59] profiler_stopUSDT:2026-09-03 07:29:28 491:491 SyncActivityProfilerHandler.cpp:59] profiler_stopUSDT:2026-09-03 07:29:28 494:494 SyncActivityProfilerHandler.cpp:59] profiler_stopUSDT:2026-09-03 07:29:28 489:489 SyncActivityProfilerHandler.cpp:59] profiler_stop

USDT:2026-09-03 07:29:28 492:492 SyncActivityProfilerHandler.cpp:59] profiler_stop

USDT:2026-09-03 07:29:28 490:490 SyncActivityProfilerHandler.cpp:59] profiler_stop
USDT:2026-09-03 07:29:28 493:493 SyncActivityProfilerHandler.cpp:59] profiler_stop


   - EP:   2/16 | expanded dispatch: 9 GB/s (SO), 27 GB/s (SU), 213.161 us, 5840640 bytes | copy: 1517 GB/s, 13.642 us
   - EP:   4/16 | expanded dispatch: 9 GB/s (SO), 27 GB/s (SU), 211.481 us, 5623488 bytes | copy: 1297 GB/s, 15.772 us
   - EP:   5/16 | expanded dispatch: 9 GB/s (SO), 27 GB/s (SU), 211.312 us, 5705856 bytes | copy: 1065 GB/s, 19.281 us
   - EP:   1/16 | expanded dispatch: 9 GB/s (SO), 27 GB/s (SU), 212.264 us, 5720832 bytes | copy: 1762 GB/s, 11.645 us
   - EP:   6/16 | expanded dispatch: 8 GB/s (SO), 28 GB/s (SU), 212.568 us, 5937984 bytes | copy: 1514 GB/s, 13.761 us
   - EP:   0/16 | expanded dispatch: 9 GB/s (SO), 27 GB/s (SU), 212.819 us, 5750784 bytes | copy: 1884 GB/s, 10.927 us
   - EP:   3/16 | expanded dispatch: 9 GB/s (SO), 28 GB/s (SU), 211.901 us, 5855616 bytes | copy: 1661 GB/s, 12.444 us
   - EP:   7/16 | expanded dispatch: 9 GB/s (SO), 28 GB/s (SU), 210.817 us, 5937984 bytes | copy: 829 GB/s, 24.989 us
USDT:2026-09-03 07:29:28 493:493 SyncActivityProfilerHandler.cpp:52] profiler_startUSDT:2026-09-03 07:29:28 491:491 SyncActivityProfilerHandler.cpp:52] profiler_startUSDT:2026-09-03 07:29:28 494:494 SyncActivityProfilerHandler.cpp:52] profiler_startUSDT:2026-09-03 07:29:28 495:495 SyncActivityProfilerHandler.cpp:52] profiler_startUSDT:2026-09-03 07:29:28 496:496 SyncActivityProfilerHandler.cpp:52] profiler_startUSDT:2026-09-03 07:29:28 490:490 SyncActivityProfilerHandler.cpp:52] profiler_startUSDT:2026-09-03 07:29:28 492:492 SyncActivityProfilerHandler.cpp:52] profiler_startUSDT:2026-09-03 07:29:28 489:489 SyncActivityProfilerHandler.cpp:52] profiler_start







USDT:2026-09-03 07:29:29 493:493 SyncActivityProfilerHandler.cpp:59] profiler_stopUSDT:2026-09-03 07:29:29 491:491 SyncActivityProfilerHandler.cpp:59] profiler_stop
USDT:2026-09-03 07:29:29 496:496 SyncActivityProfilerHandler.cpp:59] profiler_stop
USDT:2026-09-03 07:29:29 494:494 SyncActivityProfilerHandler.cpp:59] profiler_stop

USDT:2026-09-03 07:29:29 489:489 SyncActivityProfilerHandler.cpp:59] profiler_stopUSDT:2026-09-03 07:29:29 495:495 SyncActivityProfilerHandler.cpp:59] profiler_stopUSDT:2026-09-03 07:29:29 492:492 SyncActivityProfilerHandler.cpp:59] profiler_stop


USDT:2026-09-03 07:29:29 490:490 SyncActivityProfilerHandler.cpp:59] profiler_stop
   # EP:   2/16 | cached dispatch: 9 GB/s (SO), 28 GB/s (SU), 210.695 us, 5840640 bytes | copy: 1079 GB/s, 10.829 us
   # EP:   5/16 | cached dispatch: 9 GB/s (SO), 27 GB/s (SU), 209.590 us, 5705856 bytes | copy: 691 GB/s, 16.520 us
   # EP:   3/16 | cached dispatch: 9 GB/s (SO), 28 GB/s (SU), 208.911 us, 5855616 bytes | copy: 1201 GB/s, 9.752 us
   # EP:   6/16 | cached dispatch: 9 GB/s (SO), 28 GB/s (SU), 209.478 us, 5937984 bytes | copy: 1321 GB/s, 8.988 us   # EP:   0/16 | cached dispatch: 9 GB/s (SO), 27 GB/s (SU), 209.272 us, 5750784 bytes | copy: 1700 GB/s, 6.766 us

   # EP:   7/16 | cached dispatch: 9 GB/s (SO), 28 GB/s (SU), 209.896 us, 5937984 bytes | copy: 538 GB/s, 22.071 us
   # EP:   4/16 | cached dispatch: 9 GB/s (SO), 27 GB/s (SU), 209.107 us, 5623488 bytes | copy: 982 GB/s, 11.449 us
   # EP:   1/16 | cached dispatch: 9 GB/s (SO), 27 GB/s (SU), 210.665 us, 5720832 bytes | copy: 1134 GB/s, 10.086 us
USDT:2026-09-03 07:29:29 496:496 SyncActivityProfilerHandler.cpp:52] profiler_start
USDT:2026-09-03 07:29:29 491:491 SyncActivityProfilerHandler.cpp:52] profiler_start
USDT:2026-09-03 07:29:29 494:494 SyncActivityProfilerHandler.cpp:52] profiler_start
USDT:2026-09-03 07:29:29 492:492 SyncActivityProfilerHandler.cpp:52] profiler_startUSDT:2026-09-03 07:29:29 493:493 SyncActivityProfilerHandler.cpp:52] profiler_startUSDT:2026-09-03 07:29:29 495:495 SyncActivityProfilerHandler.cpp:52] profiler_startUSDT:2026-09-03 07:29:29 489:489 SyncActivityProfilerHandler.cpp:52] profiler_startUSDT:2026-09-03 07:29:29 490:490 SyncActivityProfilerHandler.cpp:52] profiler_start




USDT:2026-09-03 07:29:29 496:496 SyncActivityProfilerHandler.cpp:59] profiler_stop
USDT:2026-09-03 07:29:29 492:492 SyncActivityProfilerHandler.cpp:59] profiler_stop
USDT:2026-09-03 07:29:29 491:491 SyncActivityProfilerHandler.cpp:59] profiler_stopUSDT:2026-09-03 07:29:29 489:489 SyncActivityProfilerHandler.cpp:59] profiler_stopUSDT:2026-09-03 07:29:29 493:493 SyncActivityProfilerHandler.cpp:59] profiler_stopUSDT:2026-09-03 07:29:29 495:495 SyncActivityProfilerHandler.cpp:59] profiler_stop



USDT:2026-09-03 07:29:29 490:490 SyncActivityProfilerHandler.cpp:59] profiler_stop
USDT:2026-09-03 07:29:29 494:494 SyncActivityProfilerHandler.cpp:59] profiler_stop
   @ EP:   3/16 | combine: 22 GB/s (SO), 68 GB/s (SU), 164.242 us, 11235776 bytes | reduce: 992 GB/s, 5.429 us
   @ EP:   7/16 | combine: 25 GB/s (SO), 82 GB/s (SU), 139.764 us, 11393824 bytes | reduce: 958 GB/s, 5.445 us
   @ EP:   2/16 | combine: 23 GB/s (SO), 70 GB/s (SU), 160.202 us, 11207040 bytes | reduce: 976 GB/s, 5.567 us
   @ EP:   1/16 | combine: 23 GB/s (SO), 68 GB/s (SU), 160.631 us, 10977152 bytes | reduce: 1007 GB/s, 5.435 us
   @ EP:   5/16 | combine: 22 GB/s (SO), 67 GB/s (SU), 162.527 us, 10948416 bytes | reduce: 951 GB/s, 5.561 us
   @ EP:   6/16 | combine: 21 GB/s (SO), 69 GB/s (SU), 165.793 us, 11393824 bytes | reduce: 962 GB/s, 5.423 us
   @ EP:   0/16 | combine: 23 GB/s (SO), 68 GB/s (SU), 162.102 us, 11034624 bytes | reduce: 998 GB/s, 5.513 us
   @ EP:   4/16 | combine: 22 GB/s (SO), 66 GB/s (SU), 163.027 us, 10790368 bytes | reduce: 983 GB/s, 5.407 us
USDT:2026-09-03 07:29:30 496:496 SyncActivityProfilerHandler.cpp:52] profiler_start
USDT:2026-09-03 07:29:30 490:490 SyncActivityProfilerHandler.cpp:52] profiler_startUSDT:2026-09-03 07:29:30 495:495 SyncActivityProfilerHandler.cpp:52] profiler_startUSDT:2026-09-03 07:29:30 494:494 SyncActivityProfilerHandler.cpp:52] profiler_startUSDT:2026-09-03 07:29:30 492:492 SyncActivityProfilerHandler.cpp:52] profiler_start


USDT:2026-09-03 07:29:30 491:491 SyncActivityProfilerHandler.cpp:52] profiler_start
USDT:2026-09-03 07:29:30 489:489 SyncActivityProfilerHandler.cpp:52] profiler_start

USDT:2026-09-03 07:29:30 493:493 SyncActivityProfilerHandler.cpp:52] profiler_start
USDT:2026-09-03 07:29:30 496:496 SyncActivityProfilerHandler.cpp:59] profiler_stop
USDT:2026-09-03 07:29:30 494:494 SyncActivityProfilerHandler.cpp:59] profiler_stopUSDT:2026-09-03 07:29:30 491:491 SyncActivityProfilerHandler.cpp:59] profiler_stop

USDT:2026-09-03 07:29:30 492:492 SyncActivityProfilerHandler.cpp:59] profiler_stop
USDT:2026-09-03 07:29:30 493:493 SyncActivityProfilerHandler.cpp:59] profiler_stopUSDT:2026-09-03 07:29:30 495:495 SyncActivityProfilerHandler.cpp:59] profiler_stop

USDT:2026-09-03 07:29:30 489:489 SyncActivityProfilerHandler.cpp:59] profiler_stop
USDT:2026-09-03 07:29:30 490:490 SyncActivityProfilerHandler.cpp:59] profiler_stop
   + EP:   2/16 | reduced combine: 21 GB/s (SO), 66 GB/s (SU), 169.371 us, 11207040 bytes | reduce: 973 GB/s, 5.583 us
   + EP:   5/16 | reduced combine: 21 GB/s (SO), 65 GB/s (SU), 167.579 us, 10948416 bytes | reduce: 964 GB/s, 5.484 us
   + EP:   3/16 | reduced combine: 21 GB/s (SO), 65 GB/s (SU), 172.340 us, 11235776 bytes | reduce: 1004 GB/s, 5.366 us
   + EP:   7/16 | reduced combine: 23 GB/s (SO), 76 GB/s (SU), 149.070 us, 11393824 bytes | reduce: 949 GB/s, 5.497 us
   + EP:   1/16 | reduced combine: 22 GB/s (SO), 65 GB/s (SU), 168.869 us, 10977152 bytes | reduce: 992 GB/s, 5.518 us
   + EP:   6/16 | reduced combine: 19 GB/s (SO), 64 GB/s (SU), 178.054 us, 11393824 bytes | reduce: 962 GB/s, 5.419 us
   + EP:   4/16 | reduced combine: 20 GB/s (SO), 60 GB/s (SU), 178.523 us, 10790368 bytes | reduce: 987 GB/s, 5.387 us
   + EP:   0/16 | reduced combine: 21 GB/s (SO), 65 GB/s (SU), 170.848 us, 11034624 bytes | reduce: 1001 GB/s, 5.498 us


