=== EP_NIC_NAME=rdmap101s0 (auto, 400 Gb/s) ===
=== NCCL_IB_HCA=rdmap (auto: non-EFA ibverbs device ibp198s0f0 present) ===
=== GIN: NCCL_GIN_TYPE=5 NCCL_SYM_GIN_KERNELS_ENABLE=0 ===
=== PREFER_OVERLAP=0 (--prefer-overlap-with-compute) ===
=== IMAGE=deepep-v2-efa-official:sm103-3c737dc  DeepEP=3c737dcf0da5889ba7efd26e05b4808307cc38af ===
+ docker run --rm --init --gpus all --privileged --network=host --ipc=host --ulimit memlock=-1 --ulimit stack=67108864 --device=/dev/infiniband --device=/dev/gdrdrv -v /sys/class/infiniband:/sys/class/infiniband:ro -e MASTER_ADDR=172.31.24.154 -e MASTER_PORT=8521 -e WORLD_SIZE=2 -e RANK=0 -e NCCL_DEBUG=WARN -e EP_NIC_NAME=rdmap101s0 -e NCCL_IB_HCA=rdmap -e NCCL_GIN_TYPE=5 -e NCCL_SYM_GIN_KERNELS_ENABLE=0 -e PYTHONUNBUFFERED=1 -e PYTHONFAULTHANDLER=1 deepep-v2-efa-official:sm103-3c737dc bash -lc 'timeout -s ABRT --kill-after=60 1800     python3 -u /opt/DeepEP/tests/elastic/test_ep.py     --num-processes=8 --num-tokens=8192     --hidden=7168 --num-topk=8 --num-experts=256     --num-sms=12 --allow-hybrid-mode=1     --prefer-overlap-with-compute=0 --test-first-only      '

==========
== CUDA ==
==========

CUDA Version 13.3.1

Container image Copyright (c) 2016-2023, NVIDIA CORPORATION & AFFILIATES. All rights reserved.

This container image and its contents are governed by the NVIDIA Deep Learning Container License.
By pulling and using the container, you accept the terms and conditions of this license:
https://developer.nvidia.com/ngc/nvidia-deep-learning-container-license

A copy of this license is made available in this container at /NGC-DL-CONTAINER-LICENSE for your convenience.

NCCL version 2.31.2+cuda13.3
DeepEP hybrid kernel selection: unordered
DeepEP hybrid kernel selection: unordered
DeepEP hybrid kernel selection: unordered
DeepEP hybrid kernel selection: unordered
DeepEP hybrid kernel selection: unordered
DeepEP hybrid kernel selection: unordered
DeepEP hybrid kernel selection: unordered
DeepEP hybrid kernel selection: unordered
DeepEP hybrid kernel selection: unordered
DeepEP hybrid kernel selection: unordered
DeepEP hybrid kernel selection: unordered
DeepEP hybrid kernel selection: unordered
DeepEP hybrid kernel selection: unordered
DeepEP hybrid kernel selection: unordered
DeepEP hybrid kernel selection: unordered
DeepEP hybrid kernel selection: unordered
Config:
 > Ranks: 2 x 8
 > Experts: 8/256
 > Tokens: 8192 (max: 8192), hidden: 7168
 > #SM: 12, #QPs: 13/13

Running all test cases:
 > Testing with do_handle_copy=1, expert_alignment=128, use_fp8_dispatch=1, num_bias=0, with_previous_event=0, async_with_compute_stream=0, allocate_on_comm_stream=0 ...
USDT:2026-09-03 06:51:22 493:493 SyncActivityProfilerHandler.cpp:52] profiler_startUSDT:2026-09-03 06:51:22 489:489 SyncActivityProfilerHandler.cpp:52] profiler_startUSDT:2026-09-03 06:51:22 494:494 SyncActivityProfilerHandler.cpp:52] profiler_startUSDT:2026-09-03 06:51:22 487:487 SyncActivityProfilerHandler.cpp:52] profiler_start



USDT:2026-09-03 06:51:22 488:488 SyncActivityProfilerHandler.cpp:52] profiler_startUSDT:2026-09-03 06:51:22 490:490 SyncActivityProfilerHandler.cpp:52] profiler_startUSDT:2026-09-03 06:51:22 491:491 SyncActivityProfilerHandler.cpp:52] profiler_startUSDT:2026-09-03 06:51:22 492:492 SyncActivityProfilerHandler.cpp:52] profiler_start



USDT:2026-09-03 06:51:22 493:493 SyncActivityProfilerHandler.cpp:59] profiler_stop
USDT:2026-09-03 06:51:22 489:489 SyncActivityProfilerHandler.cpp:59] profiler_stopUSDT:2026-09-03 06:51:22 494:494 SyncActivityProfilerHandler.cpp:59] profiler_stopUSDT:2026-09-03 06:51:22 492:492 SyncActivityProfilerHandler.cpp:59] profiler_stopUSDT:2026-09-03 06:51:22 487:487 SyncActivityProfilerHandler.cpp:59] profiler_stop



USDT:2026-09-03 06:51:22 490:490 SyncActivityProfilerHandler.cpp:59] profiler_stop
USDT:2026-09-03 06:51:22 488:488 SyncActivityProfilerHandler.cpp:59] profiler_stop
USDT:2026-09-03 06:51:22 491:491 SyncActivityProfilerHandler.cpp:59] profiler_stop
   * EP:   6/16 | dispatch: 127 GB/s (SO), 415 GB/s (SU), 958.276 us, 397433088 bytes | copy: 5556 GB/s, 143.054 us
   * EP:   7/16 | dispatch: 127 GB/s (SO), 417 GB/s (SU), 959.241 us, 399904128 bytes | copy: 4846 GB/s, 165.034 us
   * EP:   2/16 | dispatch: 127 GB/s (SO), 417 GB/s (SU), 959.211 us, 399746880 bytes | copy: 4834 GB/s, 165.405 us
   * EP:   1/16 | dispatch: 128 GB/s (SO), 417 GB/s (SU), 958.723 us, 400158720 bytes | copy: 5251 GB/s, 152.399 us
   * EP:   4/16 | dispatch: 128 GB/s (SO), 418 GB/s (SU), 958.690 us, 400593024 bytes | copy: 5314 GB/s, 150.768 us
   * EP:   0/16 | dispatch: 128 GB/s (SO), 414 GB/s (SU), 957.150 us, 396212544 bytes | copy: 5400 GB/s, 146.751 us
   * EP:   3/16 | dispatch: 128 GB/s (SO), 418 GB/s (SU), 958.480 us, 400982400 bytes | copy: 5412 GB/s, 148.188 us
   * EP:   5/16 | dispatch: 127 GB/s (SO), 419 GB/s (SU), 958.561 us, 401401728 bytes | copy: 4702 GB/s, 170.742 us
USDT:2026-09-03 06:51:23 493:493 SyncActivityProfilerHandler.cpp:52] profiler_start
USDT:2026-09-03 06:51:23 487:487 SyncActivityProfilerHandler.cpp:52] profiler_startUSDT:2026-09-03 06:51:23 490:490 SyncActivityProfilerHandler.cpp:52] profiler_startUSDT:2026-09-03 06:51:23 488:488 SyncActivityProfilerHandler.cpp:52] profiler_start
USDT:2026-09-03 06:51:23 492:492 SyncActivityProfilerHandler.cpp:52] profiler_startUSDT:2026-09-03 06:51:23 489:489 SyncActivityProfilerHandler.cpp:52] profiler_start
USDT:2026-09-03 06:51:23 494:494 SyncActivityProfilerHandler.cpp:52] profiler_start



USDT:2026-09-03 06:51:23 491:491 SyncActivityProfilerHandler.cpp:52] profiler_start
USDT:2026-09-03 06:51:23 492:492 SyncActivityProfilerHandler.cpp:59] profiler_stopUSDT:2026-09-03 06:51:23 494:494 SyncActivityProfilerHandler.cpp:59] profiler_stopUSDT:2026-09-03 06:51:23 493:493 SyncActivityProfilerHandler.cpp:59] profiler_stop


USDT:2026-09-03 06:51:23 489:489 SyncActivityProfilerHandler.cpp:59] profiler_stopUSDT:2026-09-03 06:51:23 491:491 SyncActivityProfilerHandler.cpp:59] profiler_stop
USDT:2026-09-03 06:51:23 487:487 SyncActivityProfilerHandler.cpp:59] profiler_stopUSDT:2026-09-03 06:51:23 488:488 SyncActivityProfilerHandler.cpp:59] profiler_stop


USDT:2026-09-03 06:51:23 490:490 SyncActivityProfilerHandler.cpp:59] profiler_stop
   - EP:   6/16 | expanded dispatch: 127 GB/s (SO), 415 GB/s (SU), 958.298 us, 397433088 bytes | copy: 4932 GB/s, 181.467 us
   - EP:   1/16 | expanded dispatch: 128 GB/s (SO), 417 GB/s (SU), 958.668 us, 400158720 bytes | copy: 4717 GB/s, 190.652 us
   - EP:   7/16 | expanded dispatch: 127 GB/s (SO), 417 GB/s (SU), 959.087 us, 399904128 bytes | copy: 4436 GB/s, 202.667 us
   - EP:   2/16 | expanded dispatch: 128 GB/s (SO), 417 GB/s (SU), 958.816 us, 399746880 bytes | copy: 4423 GB/s, 203.289 us
   - EP:   3/16 | expanded dispatch: 128 GB/s (SO), 419 GB/s (SU), 957.672 us, 400982400 bytes | copy: 4873 GB/s, 185.370 us
   - EP:   0/16 | expanded dispatch: 128 GB/s (SO), 414 GB/s (SU), 957.131 us, 396212544 bytes | copy: 4876 GB/s, 182.371 us
   - EP:   5/16 | expanded dispatch: 127 GB/s (SO), 419 GB/s (SU), 958.605 us, 401401728 bytes | copy: 4410 GB/s, 204.526 us
   - EP:   4/16 | expanded dispatch: 128 GB/s (SO), 418 GB/s (SU), 958.592 us, 400593024 bytes | copy: 4675 GB/s, 192.547 us
USDT:2026-09-03 06:51:23 494:494 SyncActivityProfilerHandler.cpp:52] profiler_startUSDT:2026-09-03 06:51:23 493:493 SyncActivityProfilerHandler.cpp:52] profiler_startUSDT:2026-09-03 06:51:23 489:489 SyncActivityProfilerHandler.cpp:52] profiler_startUSDT:2026-09-03 06:51:23 492:492 SyncActivityProfilerHandler.cpp:52] profiler_startUSDT:2026-09-03 06:51:23 487:487 SyncActivityProfilerHandler.cpp:52] profiler_startUSDT:2026-09-03 06:51:23 488:488 SyncActivityProfilerHandler.cpp:52] profiler_start


USDT:2026-09-03 06:51:23 491:491 SyncActivityProfilerHandler.cpp:52] profiler_start


USDT:2026-09-03 06:51:23 490:490 SyncActivityProfilerHandler.cpp:52] profiler_start

USDT:2026-09-03 06:51:24 493:493 SyncActivityProfilerHandler.cpp:59] profiler_stopUSDT:2026-09-03 06:51:24 492:492 SyncActivityProfilerHandler.cpp:59] profiler_stopUSDT:2026-09-03 06:51:24 489:489 SyncActivityProfilerHandler.cpp:59] profiler_stop


USDT:2026-09-03 06:51:24 491:491 SyncActivityProfilerHandler.cpp:59] profiler_stopUSDT:2026-09-03 06:51:24 494:494 SyncActivityProfilerHandler.cpp:59] profiler_stop

USDT:2026-09-03 06:51:24 487:487 SyncActivityProfilerHandler.cpp:59] profiler_stopUSDT:2026-09-03 06:51:24 488:488 SyncActivityProfilerHandler.cpp:59] profiler_stop

USDT:2026-09-03 06:51:24 490:490 SyncActivityProfilerHandler.cpp:59] profiler_stop
   # EP:   6/16 | cached dispatch: 128 GB/s (SO), 418 GB/s (SU), 951.647 us, 397433088 bytes | copy: 5589 GB/s, 142.210 us
   # EP:   7/16 | cached dispatch: 128 GB/s (SO), 420 GB/s (SU), 952.487 us, 399904128 bytes | copy: 4998 GB/s, 160.017 us
   # EP:   4/16 | cached dispatch: 128 GB/s (SO), 421 GB/s (SU), 951.796 us, 400593024 bytes | copy: 5307 GB/s, 150.957 us
   # EP:   2/16 | cached dispatch: 128 GB/s (SO), 420 GB/s (SU), 952.530 us, 399746880 bytes | copy: 4971 GB/s, 160.839 us
   # EP:   0/16 | cached dispatch: 129 GB/s (SO), 417 GB/s (SU), 950.336 us, 396212544 bytes | copy: 5411 GB/s, 146.450 us
   # EP:   5/16 | cached dispatch: 128 GB/s (SO), 422 GB/s (SU), 952.168 us, 401401728 bytes | copy: 4886 GB/s, 164.312 us
   # EP:   1/16 | cached dispatch: 128 GB/s (SO), 420 GB/s (SU), 951.956 us, 400158720 bytes | copy: 5401 GB/s, 148.190 us
   # EP:   3/16 | cached dispatch: 129 GB/s (SO), 421 GB/s (SU), 951.581 us, 400982400 bytes | copy: 5569 GB/s, 144.012 us
USDT:2026-09-03 06:51:24 489:489 SyncActivityProfilerHandler.cpp:52] profiler_startUSDT:2026-09-03 06:51:24 492:492 SyncActivityProfilerHandler.cpp:52] profiler_start

USDT:2026-09-03 06:51:24 490:490 SyncActivityProfilerHandler.cpp:52] profiler_start
USDT:2026-09-03 06:51:24 494:494 SyncActivityProfilerHandler.cpp:52] profiler_startUSDT:2026-09-03 06:51:24 491:491 SyncActivityProfilerHandler.cpp:52] profiler_start

USDT:2026-09-03 06:51:24 493:493 SyncActivityProfilerHandler.cpp:52] profiler_startUSDT:2026-09-03 06:51:24 488:488 SyncActivityProfilerHandler.cpp:52] profiler_start

USDT:2026-09-03 06:51:24 487:487 SyncActivityProfilerHandler.cpp:52] profiler_start
USDT:2026-09-03 06:51:25 492:492 SyncActivityProfilerHandler.cpp:59] profiler_stopUSDT:2026-09-03 06:51:25 488:488 SyncActivityProfilerHandler.cpp:59] profiler_stop

USDT:2026-09-03 06:51:25 489:489 SyncActivityProfilerHandler.cpp:59] profiler_stopUSDT:2026-09-03 06:51:25 494:494 SyncActivityProfilerHandler.cpp:59] profiler_stop

USDT:2026-09-03 06:51:25 487:487 SyncActivityProfilerHandler.cpp:59] profiler_stop
USDT:2026-09-03 06:51:25 493:493 SyncActivityProfilerHandler.cpp:59] profiler_stop
USDT:2026-09-03 06:51:25 491:491 SyncActivityProfilerHandler.cpp:59] profiler_stop
USDT:2026-09-03 06:51:25 490:490 SyncActivityProfilerHandler.cpp:59] profiler_stop
   @ EP:   1/16 | combine: 82 GB/s (SO), 270 GB/s (SU), 2845.000 us, 767825920 bytes | reduce: 4991 GB/s, 70.586 us
   @ EP:   6/16 | combine: 83 GB/s (SO), 270 GB/s (SU), 2824.000 us, 762595968 bytes | reduce: 4995 GB/s, 70.456 us
   @ EP:   7/16 | combine: 83 GB/s (SO), 271 GB/s (SU), 2828.000 us, 767337408 bytes | reduce: 4993 GB/s, 70.537 us
   @ EP:   3/16 | combine: 83 GB/s (SO), 272 GB/s (SU), 2833.000 us, 769406400 bytes | reduce: 4988 GB/s, 70.641 us
   @ EP:   0/16 | combine: 82 GB/s (SO), 264 GB/s (SU), 2878.000 us, 760253984 bytes | reduce: 4984 GB/s, 70.696 us
   @ EP:   5/16 | combine: 85 GB/s (SO), 278 GB/s (SU), 2768.000 us, 770211008 bytes | reduce: 4978 GB/s, 70.729 us
   @ EP:   4/16 | combine: 82 GB/s (SO), 269 GB/s (SU), 2854.000 us, 768659264 bytes | reduce: 4995 GB/s, 70.521 us
   @ EP:   2/16 | combine: 84 GB/s (SO), 276 GB/s (SU), 2781.000 us, 767035680 bytes | reduce: 4980 GB/s, 70.746 us
USDT:2026-09-03 06:51:25 494:494 SyncActivityProfilerHandler.cpp:52] profiler_start
USDT:2026-09-03 06:51:25 489:489 SyncActivityProfilerHandler.cpp:52] profiler_start
USDT:2026-09-03 06:51:25 492:492 SyncActivityProfilerHandler.cpp:52] profiler_start
USDT:2026-09-03 06:51:25 490:490 SyncActivityProfilerHandler.cpp:52] profiler_start
USDT:2026-09-03 06:51:25 488:488 SyncActivityProfilerHandler.cpp:52] profiler_start
USDT:2026-09-03 06:51:25 493:493 SyncActivityProfilerHandler.cpp:52] profiler_startUSDT:2026-09-03 06:51:25 487:487 SyncActivityProfilerHandler.cpp:52] profiler_start

USDT:2026-09-03 06:51:25 491:491 SyncActivityProfilerHandler.cpp:52] profiler_start
USDT:2026-09-03 06:51:26 494:494 SyncActivityProfilerHandler.cpp:59] profiler_stop
USDT:2026-09-03 06:51:26 489:489 SyncActivityProfilerHandler.cpp:59] profiler_stop
USDT:2026-09-03 06:51:26 490:490 SyncActivityProfilerHandler.cpp:59] profiler_stopUSDT:2026-09-03 06:51:26 492:492 SyncActivityProfilerHandler.cpp:59] profiler_stop

USDT:2026-09-03 06:51:26 488:488 SyncActivityProfilerHandler.cpp:59] profiler_stop
USDT:2026-09-03 06:51:26 487:487 SyncActivityProfilerHandler.cpp:59] profiler_stopUSDT:2026-09-03 06:51:26 493:493 SyncActivityProfilerHandler.cpp:59] profiler_stop

USDT:2026-09-03 06:51:26 491:491 SyncActivityProfilerHandler.cpp:59] profiler_stop
   + EP:   7/16 | reduced combine: 69 GB/s (SO), 224 GB/s (SU), 3421.000 us, 767337408 bytes | reduce: 5001 GB/s, 70.418 us
   + EP:   6/16 | reduced combine: 65 GB/s (SO), 211 GB/s (SU), 3618.000 us, 762595968 bytes | reduce: 5000 GB/s, 70.384 us
   + EP:   1/16 | reduced combine: 65 GB/s (SO), 214 GB/s (SU), 3591.000 us, 767825920 bytes | reduce: 4968 GB/s, 70.919 us
   + EP:   3/16 | reduced combine: 66 GB/s (SO), 216 GB/s (SU), 3567.000 us, 769406400 bytes | reduce: 4981 GB/s, 70.741 us
   + EP:   2/16 | reduced combine: 66 GB/s (SO), 216 GB/s (SU), 3550.000 us, 767035680 bytes | reduce: 4975 GB/s, 70.811 us
   + EP:   0/16 | reduced combine: 65 GB/s (SO), 211 GB/s (SU), 3606.000 us, 760253984 bytes | reduce: 4985 GB/s, 70.686 us   + EP:   5/16 | reduced combine: 65 GB/s (SO), 214 GB/s (SU), 3599.000 us, 770211008 bytes | reduce: 5067 GB/s, 69.486 us

   + EP:   4/16 | reduced combine: 64 GB/s (SO), 210 GB/s (SU), 3656.000 us, 768659264 bytes | reduce: 4992 GB/s, 70.565 us


