=== EP_NIC_NAME=rdmap101s0 (auto, 400 Gb/s) ===
=== NCCL_IB_HCA=rdmap (auto: non-EFA ibverbs device ibp198s0f0 present) ===
=== GIN: NCCL_GIN_TYPE=5 NCCL_SYM_GIN_KERNELS_ENABLE=0 ===
=== PREFER_OVERLAP=0 (--prefer-overlap-with-compute) ===
=== IMAGE=deepep-v2-efa-official:sm103-stack3c737dcxbfbdd15  DeepEP=a35285f0af98856625e542df24bd17a985bc05d9 ===
=== DeepEP is a MERGE of: 3c737dcf0da5889ba7efd26e05b4808307cc38af bfbdd15ff448783f877cb2210cb3246c8452b05e ===
+ docker run --rm --init --gpus all --privileged --network=host --ipc=host --ulimit memlock=-1 --ulimit stack=67108864 --device=/dev/infiniband --device=/dev/gdrdrv -v /sys/class/infiniband:/sys/class/infiniband:ro -e MASTER_ADDR=172.31.24.154 -e MASTER_PORT=8510 -e WORLD_SIZE=2 -e RANK=1 -e NCCL_DEBUG=WARN -e EP_NIC_NAME=rdmap101s0 -e NCCL_IB_HCA=rdmap -e NCCL_GIN_TYPE=5 -e NCCL_SYM_GIN_KERNELS_ENABLE=0 -e PYTHONUNBUFFERED=1 -e PYTHONFAULTHANDLER=1 deepep-v2-efa-official:sm103-stack3c737dcxbfbdd15 bash -lc 'timeout -s ABRT --kill-after=60 1800     python3 -u /opt/DeepEP/tests/elastic/test_ep.py     --num-processes=8 --num-tokens=8192     --hidden=7168 --num-topk=8 --num-experts=256     --num-sms=12 --allow-hybrid-mode=1     --prefer-overlap-with-compute=0 --test-first-only      '

==========
== CUDA ==
==========

CUDA Version 13.3.1

Container image Copyright (c) 2016-2023, NVIDIA CORPORATION & AFFILIATES. All rights reserved.

This container image and its contents are governed by the NVIDIA Deep Learning Container License.
By pulling and using the container, you accept the terms and conditions of this license:
https://developer.nvidia.com/ngc/nvidia-deep-learning-container-license

A copy of this license is made available in this container at /NGC-DL-CONTAINER-LICENSE for your convenience.

DeepEP hybrid kernel selection: unordered
DeepEP hybrid kernel selection: unordered
DeepEP hybrid kernel selection: unordered
DeepEP hybrid kernel selection: unordered
DeepEP hybrid kernel selection: unordered
DeepEP hybrid kernel selection: unordered
DeepEP hybrid kernel selection: unordered
DeepEP hybrid kernel selection: unordered
DeepEP hybrid kernel selection: unordered
DeepEP hybrid kernel selection: unordered
DeepEP hybrid kernel selection: unordered
DeepEP hybrid kernel selection: unordered
DeepEP hybrid kernel selection: unordered
DeepEP hybrid kernel selection: unordered
DeepEP hybrid kernel selection: unordered
DeepEP hybrid kernel selection: unordered
Config:
 > Ranks: 2 x 8
 > Experts: 8/256
 > Tokens: 8184 (max: 8192), hidden: 7168
 > #SM: 12, #QPs: 13/13

Running all test cases:
 > Testing with do_handle_copy=1, expert_alignment=128, use_fp8_dispatch=1, num_bias=0, with_previous_event=0, async_with_compute_stream=0, allocate_on_comm_stream=0 ...
USDT:2026-09-03 06:21:40 488:488 SyncActivityProfilerHandler.cpp:52] profiler_startUSDT:2026-09-03 06:21:40 490:490 SyncActivityProfilerHandler.cpp:52] profiler_startUSDT:2026-09-03 06:21:40 489:489 SyncActivityProfilerHandler.cpp:52] profiler_startUSDT:2026-09-03 06:21:40 492:492 SyncActivityProfilerHandler.cpp:52] profiler_startUSDT:2026-09-03 06:21:40 493:493 SyncActivityProfilerHandler.cpp:52] profiler_start
USDT:2026-09-03 06:21:40 494:494 SyncActivityProfilerHandler.cpp:52] profiler_start


USDT:2026-09-03 06:21:40 491:491 SyncActivityProfilerHandler.cpp:52] profiler_start


USDT:2026-09-03 06:21:40 487:487 SyncActivityProfilerHandler.cpp:52] profiler_start
USDT:2026-09-03 06:21:41 490:490 SyncActivityProfilerHandler.cpp:59] profiler_stopUSDT:2026-09-03 06:21:41 489:489 SyncActivityProfilerHandler.cpp:59] profiler_stopUSDT:2026-09-03 06:21:41 488:488 SyncActivityProfilerHandler.cpp:59] profiler_stopUSDT:2026-09-03 06:21:41 487:487 SyncActivityProfilerHandler.cpp:59] profiler_stopUSDT:2026-09-03 06:21:41 491:491 SyncActivityProfilerHandler.cpp:59] profiler_stopUSDT:2026-09-03 06:21:41 492:492 SyncActivityProfilerHandler.cpp:59] profiler_stop
USDT:2026-09-03 06:21:41 493:493 SyncActivityProfilerHandler.cpp:59] profiler_stop
USDT:2026-09-03 06:21:41 494:494 SyncActivityProfilerHandler.cpp:59] profiler_stop





   * EP:  15/16 | dispatch: 131 GB/s (SO), 430 GB/s (SU), 933.638 us, 401132160 bytes | copy: 4029 GB/s, 199.111 us
   * EP:   9/16 | dispatch: 131 GB/s (SO), 427 GB/s (SU), 935.495 us, 399499776 bytes | copy: 5108 GB/s, 156.425 us
   * EP:   8/16 | dispatch: 131 GB/s (SO), 424 GB/s (SU), 935.963 us, 397245888 bytes | copy: 5142 GB/s, 154.520 us
   * EP:  11/16 | dispatch: 131 GB/s (SO), 427 GB/s (SU), 934.776 us, 399177792 bytes | copy: 5437 GB/s, 146.849 us
   * EP:  10/16 | dispatch: 130 GB/s (SO), 429 GB/s (SU), 935.614 us, 401364288 bytes | copy: 5090 GB/s, 157.693 us
   * EP:  13/16 | dispatch: 130 GB/s (SO), 427 GB/s (SU), 935.350 us, 399612096 bytes | copy: 4990 GB/s, 160.159 us
   * EP:  14/16 | dispatch: 131 GB/s (SO), 430 GB/s (SU), 934.470 us, 402105600 bytes | copy: 5554 GB/s, 144.788 us
   * EP:  12/16 | dispatch: 131 GB/s (SO), 429 GB/s (SU), 934.812 us, 400622976 bytes | copy: 5461 GB/s, 146.723 us
USDT:2026-09-03 06:21:41 494:494 SyncActivityProfilerHandler.cpp:52] profiler_startUSDT:2026-09-03 06:21:41 491:491 SyncActivityProfilerHandler.cpp:52] profiler_startUSDT:2026-09-03 06:21:41 487:487 SyncActivityProfilerHandler.cpp:52] profiler_start
USDT:2026-09-03 06:21:41 489:489 SyncActivityProfilerHandler.cpp:52] profiler_start
USDT:2026-09-03 06:21:41 490:490 SyncActivityProfilerHandler.cpp:52] profiler_startUSDT:2026-09-03 06:21:41 492:492 SyncActivityProfilerHandler.cpp:52] profiler_start

USDT:2026-09-03 06:21:41 488:488 SyncActivityProfilerHandler.cpp:52] profiler_start
USDT:2026-09-03 06:21:41 493:493 SyncActivityProfilerHandler.cpp:52] profiler_start


USDT:2026-09-03 06:21:41 492:492 SyncActivityProfilerHandler.cpp:59] profiler_stopUSDT:2026-09-03 06:21:41 487:487 SyncActivityProfilerHandler.cpp:59] profiler_stop

USDT:2026-09-03 06:21:41 494:494 SyncActivityProfilerHandler.cpp:59] profiler_stop
USDT:2026-09-03 06:21:41 489:489 SyncActivityProfilerHandler.cpp:59] profiler_stop
USDT:2026-09-03 06:21:41 488:488 SyncActivityProfilerHandler.cpp:59] profiler_stopUSDT:2026-09-03 06:21:41 490:490 SyncActivityProfilerHandler.cpp:59] profiler_stop

USDT:2026-09-03 06:21:41 491:491 SyncActivityProfilerHandler.cpp:59] profiler_stopUSDT:2026-09-03 06:21:41 493:493 SyncActivityProfilerHandler.cpp:59] profiler_stop

   - EP:  15/16 | expanded dispatch: 131 GB/s (SO), 431 GB/s (SU), 931.305 us, 401132160 bytes | copy: 3966 GB/s, 226.979 us
   - EP:   8/16 | expanded dispatch: 131 GB/s (SO), 425 GB/s (SU), 933.923 us, 397245888 bytes | copy: 4765 GB/s, 187.468 us
   - EP:  10/16 | expanded dispatch: 131 GB/s (SO), 430 GB/s (SU), 932.939 us, 401364288 bytes | copy: 4662 GB/s, 193.724 us
   - EP:   9/16 | expanded dispatch: 131 GB/s (SO), 428 GB/s (SU), 933.067 us, 399499776 bytes | copy: 4680 GB/s, 192.012 us
   - EP:  11/16 | expanded dispatch: 131 GB/s (SO), 428 GB/s (SU), 932.134 us, 399177792 bytes | copy: 4855 GB/s, 185.229 us
   - EP:  12/16 | expanded dispatch: 131 GB/s (SO), 430 GB/s (SU), 932.326 us, 400622976 bytes | copy: 4831 GB/s, 186.383 us
   - EP:  14/16 | expanded dispatch: 131 GB/s (SO), 431 GB/s (SU), 932.392 us, 402105600 bytes | copy: 4859 GB/s, 185.967 us
   - EP:  13/16 | expanded dispatch: 131 GB/s (SO), 428 GB/s (SU), 933.083 us, 399612096 bytes | copy: 4638 GB/s, 193.694 us
USDT:2026-09-03 06:21:42 491:491 SyncActivityProfilerHandler.cpp:52] profiler_startUSDT:2026-09-03 06:21:42 489:489 SyncActivityProfilerHandler.cpp:52] profiler_startUSDT:2026-09-03 06:21:42 490:490 SyncActivityProfilerHandler.cpp:52] profiler_startUSDT:2026-09-03 06:21:42 492:492 SyncActivityProfilerHandler.cpp:52] profiler_startUSDT:2026-09-03 06:21:42 488:488 SyncActivityProfilerHandler.cpp:52] profiler_start



USDT:2026-09-03 06:21:42 493:493 SyncActivityProfilerHandler.cpp:52] profiler_startUSDT:2026-09-03 06:21:42 494:494 SyncActivityProfilerHandler.cpp:52] profiler_start
USDT:2026-09-03 06:21:42 487:487 SyncActivityProfilerHandler.cpp:52] profiler_start


USDT:2026-09-03 06:21:42 490:490 SyncActivityProfilerHandler.cpp:59] profiler_stopUSDT:2026-09-03 06:21:42 494:494 SyncActivityProfilerHandler.cpp:59] profiler_stopUSDT:2026-09-03 06:21:42 487:487 SyncActivityProfilerHandler.cpp:59] profiler_stopUSDT:2026-09-03 06:21:42 492:492 SyncActivityProfilerHandler.cpp:59] profiler_stop

USDT:2026-09-03 06:21:42 491:491 SyncActivityProfilerHandler.cpp:59] profiler_stop


USDT:2026-09-03 06:21:42 489:489 SyncActivityProfilerHandler.cpp:59] profiler_stopUSDT:2026-09-03 06:21:42 488:488 SyncActivityProfilerHandler.cpp:59] profiler_stop

USDT:2026-09-03 06:21:42 493:493 SyncActivityProfilerHandler.cpp:59] profiler_stop
   # EP:   9/16 | cached dispatch: 131 GB/s (SO), 430 GB/s (SU), 929.830 us, 399499776 bytes | copy: 5195 GB/s, 153.804 us
   # EP:  15/16 | cached dispatch: 131 GB/s (SO), 432 GB/s (SU), 928.225 us, 401132160 bytes | copy: 3983 GB/s, 201.406 us
   # EP:  10/16 | cached dispatch: 131 GB/s (SO), 431 GB/s (SU), 930.229 us, 401364288 bytes | copy: 5180 GB/s, 154.978 us
   # EP:  14/16 | cached dispatch: 131 GB/s (SO), 433 GB/s (SU), 928.888 us, 402105600 bytes | copy: 5611 GB/s, 143.335 us
   # EP:  12/16 | cached dispatch: 131 GB/s (SO), 431 GB/s (SU), 929.444 us, 400622976 bytes | copy: 5522 GB/s, 145.097 us
   # EP:  11/16 | cached dispatch: 132 GB/s (SO), 430 GB/s (SU), 928.575 us, 399177792 bytes | copy: 5607 GB/s, 142.374 us
   # EP:  13/16 | cached dispatch: 131 GB/s (SO), 430 GB/s (SU), 929.805 us, 399612096 bytes | copy: 5138 GB/s, 155.538 us
   # EP:   8/16 | cached dispatch: 131 GB/s (SO), 427 GB/s (SU), 929.621 us, 397245888 bytes | copy: 5313 GB/s, 149.547 us
USDT:2026-09-03 06:21:43 494:494 SyncActivityProfilerHandler.cpp:52] profiler_startUSDT:2026-09-03 06:21:43 491:491 SyncActivityProfilerHandler.cpp:52] profiler_start

USDT:2026-09-03 06:21:43 492:492 SyncActivityProfilerHandler.cpp:52] profiler_start
USDT:2026-09-03 06:21:43 493:493 SyncActivityProfilerHandler.cpp:52] profiler_start
USDT:2026-09-03 06:21:43 489:489 SyncActivityProfilerHandler.cpp:52] profiler_startUSDT:2026-09-03 06:21:43 490:490 SyncActivityProfilerHandler.cpp:52] profiler_start

USDT:2026-09-03 06:21:43 488:488 SyncActivityProfilerHandler.cpp:52] profiler_start
USDT:2026-09-03 06:21:43 487:487 SyncActivityProfilerHandler.cpp:52] profiler_start
USDT:2026-09-03 06:21:43 492:492 SyncActivityProfilerHandler.cpp:59] profiler_stop
USDT:2026-09-03 06:21:43 494:494 SyncActivityProfilerHandler.cpp:59] profiler_stop
USDT:2026-09-03 06:21:43 493:493 SyncActivityProfilerHandler.cpp:59] profiler_stop
USDT:2026-09-03 06:21:43 487:487 SyncActivityProfilerHandler.cpp:59] profiler_stop
USDT:2026-09-03 06:21:43 488:488 SyncActivityProfilerHandler.cpp:59] profiler_stop
USDT:2026-09-03 06:21:43 489:489 SyncActivityProfilerHandler.cpp:59] profiler_stop
USDT:2026-09-03 06:21:43 491:491 SyncActivityProfilerHandler.cpp:59] profiler_stop
USDT:2026-09-03 06:21:43 490:490 SyncActivityProfilerHandler.cpp:59] profiler_stop
   @ EP:   8/16 | combine: 83 GB/s (SO), 271 GB/s (SU), 2814.000 us, 762236768 bytes | reduce: 5042 GB/s, 69.832 us   @ EP:  13/16 | combine: 84 GB/s (SO), 275 GB/s (SU), 2793.000 us, 766777056 bytes | reduce: 4981 GB/s, 70.574 us

   @ EP:  15/16 | combine: 85 GB/s (SO), 281 GB/s (SU), 2740.000 us, 769693760 bytes | reduce: 5165 GB/s, 68.073 us
   @ EP:  10/16 | combine: 81 GB/s (SO), 267 GB/s (SU), 2886.000 us, 770139168 bytes | reduce: 4980 GB/s, 70.635 us
   @ EP:  14/16 | combine: 84 GB/s (SO), 276 GB/s (SU), 2796.000 us, 771561600 bytes | reduce: 4991 GB/s, 70.443 us
   @ EP:  12/16 | combine: 84 GB/s (SO), 275 GB/s (SU), 2793.000 us, 768716736 bytes | reduce: 5000 GB/s, 70.377 us
   @ EP:   9/16 | combine: 82 GB/s (SO), 269 GB/s (SU), 2849.000 us, 766561536 bytes | reduce: 4960 GB/s, 70.979 us
   @ EP:  11/16 | combine: 82 GB/s (SO), 267 GB/s (SU), 2871.000 us, 765943712 bytes | reduce: 4993 GB/s, 70.482 us
USDT:2026-09-03 06:21:44 493:493 SyncActivityProfilerHandler.cpp:52] profiler_start
USDT:2026-09-03 06:21:44 492:492 SyncActivityProfilerHandler.cpp:52] profiler_start
USDT:2026-09-03 06:21:44 490:490 SyncActivityProfilerHandler.cpp:52] profiler_start
USDT:2026-09-03 06:21:44 487:487 SyncActivityProfilerHandler.cpp:52] profiler_start
USDT:2026-09-03 06:21:44 488:488 SyncActivityProfilerHandler.cpp:52] profiler_start
USDT:2026-09-03 06:21:44 491:491 SyncActivityProfilerHandler.cpp:52] profiler_start
USDT:2026-09-03 06:21:44 494:494 SyncActivityProfilerHandler.cpp:52] profiler_start
USDT:2026-09-03 06:21:44 489:489 SyncActivityProfilerHandler.cpp:52] profiler_start
USDT:2026-09-03 06:21:44 487:487 SyncActivityProfilerHandler.cpp:59] profiler_stopUSDT:2026-09-03 06:21:44 490:490 SyncActivityProfilerHandler.cpp:59] profiler_stop

USDT:2026-09-03 06:21:44 492:492 SyncActivityProfilerHandler.cpp:59] profiler_stop
USDT:2026-09-03 06:21:44 494:494 SyncActivityProfilerHandler.cpp:59] profiler_stop
USDT:2026-09-03 06:21:44 493:493 SyncActivityProfilerHandler.cpp:59] profiler_stop
USDT:2026-09-03 06:21:44 488:488 SyncActivityProfilerHandler.cpp:59] profiler_stop
USDT:2026-09-03 06:21:44 491:491 SyncActivityProfilerHandler.cpp:59] profiler_stop
USDT:2026-09-03 06:21:44 489:489 SyncActivityProfilerHandler.cpp:59] profiler_stop
   + EP:   8/16 | reduced combine: 67 GB/s (SO), 218 GB/s (SU), 3499.000 us, 762236768 bytes | reduce: 5066 GB/s, 69.497 us
   + EP:  10/16 | reduced combine: 64 GB/s (SO), 212 GB/s (SU), 3640.000 us, 770139168 bytes | reduce: 4973 GB/s, 70.741 us   + EP:  13/16 | reduced combine: 67 GB/s (SO), 218 GB/s (SU), 3511.000 us, 766777056 bytes | reduce: 4974 GB/s, 70.675 us

   + EP:  11/16 | reduced combine: 67 GB/s (SO), 219 GB/s (SU), 3490.000 us, 765943712 bytes | reduce: 4983 GB/s, 70.622 us
   + EP:  14/16 | reduced combine: 67 GB/s (SO), 220 GB/s (SU), 3501.000 us, 771561600 bytes | reduce: 4985 GB/s, 70.528 us   + EP:  12/16 | reduced combine: 66 GB/s (SO), 215 GB/s (SU), 3572.000 us, 768716736 bytes | reduce: 4987 GB/s, 70.565 us

   + EP:   9/16 | reduced combine: 67 GB/s (SO), 217 GB/s (SU), 3525.000 us, 766561536 bytes | reduce: 4973 GB/s, 70.788 us
   + EP:  15/16 | reduced combine: 66 GB/s (SO), 219 GB/s (SU), 3521.000 us, 769693760 bytes | reduce: 5165 GB/s, 68.073 us


