=== EP_NIC_NAME=rdmap101s0 (auto, 400 Gb/s) ===
=== NCCL_IB_HCA=rdmap (auto: non-EFA ibverbs device ibp198s0f0 present) ===
=== GIN: NCCL_GIN_TYPE=5 NCCL_SYM_GIN_KERNELS_ENABLE=0 ===
=== PREFER_OVERLAP=0 (--prefer-overlap-with-compute) ===
=== IMAGE=deepep-v2-efa-official:sm103-stack3c737dcxbfbdd15  DeepEP=a35285f0af98856625e542df24bd17a985bc05d9 ===
=== DeepEP is a MERGE of: 3c737dcf0da5889ba7efd26e05b4808307cc38af bfbdd15ff448783f877cb2210cb3246c8452b05e ===
+ docker run --rm --init --gpus all --privileged --network=host --ipc=host --ulimit memlock=-1 --ulimit stack=67108864 --device=/dev/infiniband --device=/dev/gdrdrv -v /sys/class/infiniband:/sys/class/infiniband:ro -e MASTER_ADDR=172.31.24.154 -e MASTER_PORT=8525 -e WORLD_SIZE=2 -e RANK=0 -e NCCL_DEBUG=WARN -e EP_NIC_NAME=rdmap101s0 -e NCCL_IB_HCA=rdmap -e NCCL_GIN_TYPE=5 -e NCCL_SYM_GIN_KERNELS_ENABLE=0 -e EP_NUM_SUB_PARTS=1 -e PYTHONUNBUFFERED=1 -e PYTHONFAULTHANDLER=1 deepep-v2-efa-official:sm103-stack3c737dcxbfbdd15 bash -lc 'timeout -s ABRT --kill-after=60 1800     python3 -u /opt/DeepEP/tests/elastic/test_ep.py     --num-processes=8 --num-tokens=128     --hidden=7168 --num-topk=8 --num-experts=256     --num-sms=12 --allow-hybrid-mode=1     --prefer-overlap-with-compute=0 --test-first-only      '

==========
== CUDA ==
==========

CUDA Version 13.3.1

Container image Copyright (c) 2016-2023, NVIDIA CORPORATION & AFFILIATES. All rights reserved.

This container image and its contents are governed by the NVIDIA Deep Learning Container License.
By pulling and using the container, you accept the terms and conditions of this license:
https://developer.nvidia.com/ngc/nvidia-deep-learning-container-license

A copy of this license is made available in this container at /NGC-DL-CONTAINER-LICENSE for your convenience.

NCCL version 2.31.2+cuda13.3
DeepEP hybrid kernel selection: unordered
DeepEP hybrid kernel selection: unordered
DeepEP hybrid kernel selection: unordered
DeepEP hybrid kernel selection: unordered
DeepEP hybrid kernel selection: unordered
DeepEP hybrid kernel selection: unordered
DeepEP hybrid kernel selection: unordered
DeepEP hybrid kernel selection: unordered
DeepEP hybrid kernel selection: unordered
DeepEP hybrid kernel selection: unordered
DeepEP hybrid kernel selection: unordered
DeepEP hybrid kernel selection: unordered
DeepEP hybrid kernel selection: unordered
DeepEP hybrid kernel selection: unordered
DeepEP hybrid kernel selection: unordered
DeepEP hybrid kernel selection: unordered
Config:
 > Ranks: 2 x 8
 > Experts: 8/256
 > Tokens: 128 (max: 128), hidden: 7168
 > #SM: 12, #QPs: 13/13

Running all test cases:
 > Testing with do_handle_copy=1, expert_alignment=128, use_fp8_dispatch=1, num_bias=0, with_previous_event=0, async_with_compute_stream=0, allocate_on_comm_stream=0 ...
USDT:2026-09-03 07:02:03 495:495 SyncActivityProfilerHandler.cpp:52] profiler_startUSDT:2026-09-03 07:02:03 491:491 SyncActivityProfilerHandler.cpp:52] profiler_start

USDT:2026-09-03 07:02:03 488:488 SyncActivityProfilerHandler.cpp:52] profiler_startUSDT:2026-09-03 07:02:03 492:492 SyncActivityProfilerHandler.cpp:52] profiler_startUSDT:2026-09-03 07:02:03 494:494 SyncActivityProfilerHandler.cpp:52] profiler_startUSDT:2026-09-03 07:02:03 490:490 SyncActivityProfilerHandler.cpp:52] profiler_startUSDT:2026-09-03 07:02:03 489:489 SyncActivityProfilerHandler.cpp:52] profiler_start

USDT:2026-09-03 07:02:03 493:493 SyncActivityProfilerHandler.cpp:52] profiler_start



USDT:2026-09-03 07:02:03 491:491 SyncActivityProfilerHandler.cpp:59] profiler_stopUSDT:2026-09-03 07:02:03 490:490 SyncActivityProfilerHandler.cpp:59] profiler_stopUSDT:2026-09-03 07:02:03 492:492 SyncActivityProfilerHandler.cpp:59] profiler_stop


USDT:2026-09-03 07:02:03 488:488 SyncActivityProfilerHandler.cpp:59] profiler_stopUSDT:2026-09-03 07:02:03 489:489 SyncActivityProfilerHandler.cpp:59] profiler_stopUSDT:2026-09-03 07:02:03 494:494 SyncActivityProfilerHandler.cpp:59] profiler_stopUSDT:2026-09-03 07:02:03 495:495 SyncActivityProfilerHandler.cpp:59] profiler_stop



USDT:2026-09-03 07:02:03 493:493 SyncActivityProfilerHandler.cpp:59] profiler_stop
   * EP:   7/16 | dispatch: 15 GB/s (SO), 49 GB/s (SU), 120.553 us, 5937984 bytes | copy: 2762 GB/s, 4.300 us
   * EP:   3/16 | dispatch: 16 GB/s (SO), 49 GB/s (SU), 119.279 us, 5855616 bytes | copy: 2682 GB/s, 4.366 us
   * EP:   0/16 | dispatch: 16 GB/s (SO), 48 GB/s (SU), 119.963 us, 5750784 bytes | copy: 2578 GB/s, 4.461 us
   * EP:   2/16 | dispatch: 16 GB/s (SO), 49 GB/s (SU), 120.335 us, 5840640 bytes | copy: 2467 GB/s, 4.735 us
   * EP:   6/16 | dispatch: 15 GB/s (SO), 50 GB/s (SU), 119.335 us, 5937984 bytes | copy: 2738 GB/s, 4.338 us
   * EP:   1/16 | dispatch: 16 GB/s (SO), 48 GB/s (SU), 119.661 us, 5720832 bytes | copy: 2530 GB/s, 4.523 us
   * EP:   5/16 | dispatch: 15 GB/s (SO), 47 GB/s (SU), 120.321 us, 5705856 bytes | copy: 2345 GB/s, 4.866 us
   * EP:   4/16 | dispatch: 15 GB/s (SO), 47 GB/s (SU), 119.440 us, 5623488 bytes | copy: 2527 GB/s, 4.450 us
USDT:2026-09-03 07:02:03 495:495 SyncActivityProfilerHandler.cpp:52] profiler_startUSDT:2026-09-03 07:02:03 489:489 SyncActivityProfilerHandler.cpp:52] profiler_startUSDT:2026-09-03 07:02:03 491:491 SyncActivityProfilerHandler.cpp:52] profiler_startUSDT:2026-09-03 07:02:03 490:490 SyncActivityProfilerHandler.cpp:52] profiler_startUSDT:2026-09-03 07:02:03 488:488 SyncActivityProfilerHandler.cpp:52] profiler_start
USDT:2026-09-03 07:02:03 492:492 SyncActivityProfilerHandler.cpp:52] profiler_start
USDT:2026-09-03 07:02:03 493:493 SyncActivityProfilerHandler.cpp:52] profiler_start


USDT:2026-09-03 07:02:03 494:494 SyncActivityProfilerHandler.cpp:52] profiler_start


USDT:2026-09-03 07:02:04 492:492 SyncActivityProfilerHandler.cpp:59] profiler_stopUSDT:2026-09-03 07:02:04 489:489 SyncActivityProfilerHandler.cpp:59] profiler_stopUSDT:2026-09-03 07:02:04 495:495 SyncActivityProfilerHandler.cpp:59] profiler_stopUSDT:2026-09-03 07:02:04 493:493 SyncActivityProfilerHandler.cpp:59] profiler_stop



USDT:2026-09-03 07:02:04 490:490 SyncActivityProfilerHandler.cpp:59] profiler_stopUSDT:2026-09-03 07:02:04 491:491 SyncActivityProfilerHandler.cpp:59] profiler_stopUSDT:2026-09-03 07:02:04 494:494 SyncActivityProfilerHandler.cpp:59] profiler_stop


USDT:2026-09-03 07:02:04 488:488 SyncActivityProfilerHandler.cpp:59] profiler_stop
   - EP:   7/16 | expanded dispatch: 15 GB/s (SO), 49 GB/s (SU), 120.231 us, 5937984 bytes | copy: 4477 GB/s, 4.627 us
   - EP:   3/16 | expanded dispatch: 16 GB/s (SO), 49 GB/s (SU), 118.631 us, 5855616 bytes | copy: 4319 GB/s, 4.785 us
   - EP:   6/16 | expanded dispatch: 15 GB/s (SO), 50 GB/s (SU), 118.786 us, 5937984 bytes | copy: 4373 GB/s, 4.764 us
   - EP:   5/16 | expanded dispatch: 15 GB/s (SO), 48 GB/s (SU), 119.337 us, 5705856 bytes | copy: 3850 GB/s, 5.335 us
   - EP:   2/16 | expanded dispatch: 16 GB/s (SO), 49 GB/s (SU), 119.336 us, 5840640 bytes | copy: 4223 GB/s, 4.901 us
   - EP:   1/16 | expanded dispatch: 16 GB/s (SO), 48 GB/s (SU), 118.887 us, 5720832 bytes | copy: 4127 GB/s, 4.972 us
   - EP:   0/16 | expanded dispatch: 16 GB/s (SO), 48 GB/s (SU), 119.023 us, 5750784 bytes | copy: 4572 GB/s, 4.502 us
   - EP:   4/16 | expanded dispatch: 16 GB/s (SO), 47 GB/s (SU), 118.454 us, 5623488 bytes | copy: 4162 GB/s, 4.913 us
USDT:2026-09-03 07:02:04 491:491 SyncActivityProfilerHandler.cpp:52] profiler_startUSDT:2026-09-03 07:02:04 495:495 SyncActivityProfilerHandler.cpp:52] profiler_startUSDT:2026-09-03 07:02:04 493:493 SyncActivityProfilerHandler.cpp:52] profiler_startUSDT:2026-09-03 07:02:04 490:490 SyncActivityProfilerHandler.cpp:52] profiler_startUSDT:2026-09-03 07:02:04 492:492 SyncActivityProfilerHandler.cpp:52] profiler_startUSDT:2026-09-03 07:02:04 489:489 SyncActivityProfilerHandler.cpp:52] profiler_start
USDT:2026-09-03 07:02:04 488:488 SyncActivityProfilerHandler.cpp:52] profiler_start





USDT:2026-09-03 07:02:04 494:494 SyncActivityProfilerHandler.cpp:52] profiler_start
USDT:2026-09-03 07:02:04 491:491 SyncActivityProfilerHandler.cpp:59] profiler_stopUSDT:2026-09-03 07:02:04 490:490 SyncActivityProfilerHandler.cpp:59] profiler_stop

USDT:2026-09-03 07:02:04 495:495 SyncActivityProfilerHandler.cpp:59] profiler_stop
USDT:2026-09-03 07:02:04 489:489 SyncActivityProfilerHandler.cpp:59] profiler_stopUSDT:2026-09-03 07:02:04 494:494 SyncActivityProfilerHandler.cpp:59] profiler_stop
USDT:2026-09-03 07:02:04 492:492 SyncActivityProfilerHandler.cpp:59] profiler_stopUSDT:2026-09-03 07:02:04 488:488 SyncActivityProfilerHandler.cpp:59] profiler_stop


USDT:2026-09-03 07:02:04 493:493 SyncActivityProfilerHandler.cpp:59] profiler_stop
   # EP:   3/16 | cached dispatch: 17 GB/s (SO), 53 GB/s (SU), 110.214 us, 5855616 bytes | copy: 1037 GB/s, 11.298 us
   # EP:   7/16 | cached dispatch: 16 GB/s (SO), 53 GB/s (SU), 111.250 us, 5937984 bytes | copy: 560 GB/s, 21.213 us
   # EP:   2/16 | cached dispatch: 17 GB/s (SO), 53 GB/s (SU), 111.194 us, 5840640 bytes | copy: 933 GB/s, 12.524 us
   # EP:   6/16 | cached dispatch: 16 GB/s (SO), 54 GB/s (SU), 110.431 us, 5937984 bytes | copy: 1138 GB/s, 10.434 us
   # EP:   1/16 | cached dispatch: 17 GB/s (SO), 52 GB/s (SU), 110.264 us, 5720832 bytes | copy: 1061 GB/s, 10.785 us
   # EP:   5/16 | cached dispatch: 17 GB/s (SO), 51 GB/s (SU), 111.022 us, 5705856 bytes | copy: 838 GB/s, 13.613 us
   # EP:   0/16 | cached dispatch: 17 GB/s (SO), 52 GB/s (SU), 110.272 us, 5750784 bytes | copy: 1112 GB/s, 10.341 us
   # EP:   4/16 | cached dispatch: 17 GB/s (SO), 51 GB/s (SU), 110.420 us, 5623488 bytes | copy: 920 GB/s, 12.228 us
USDT:2026-09-03 07:02:05 495:495 SyncActivityProfilerHandler.cpp:52] profiler_start
USDT:2026-09-03 07:02:05 491:491 SyncActivityProfilerHandler.cpp:52] profiler_startUSDT:2026-09-03 07:02:05 488:488 SyncActivityProfilerHandler.cpp:52] profiler_start
USDT:2026-09-03 07:02:05 490:490 SyncActivityProfilerHandler.cpp:52] profiler_startUSDT:2026-09-03 07:02:05 493:493 SyncActivityProfilerHandler.cpp:52] profiler_start
USDT:2026-09-03 07:02:05 492:492 SyncActivityProfilerHandler.cpp:52] profiler_startUSDT:2026-09-03 07:02:05 494:494 SyncActivityProfilerHandler.cpp:52] profiler_start
USDT:2026-09-03 07:02:05 489:489 SyncActivityProfilerHandler.cpp:52] profiler_start



USDT:2026-09-03 07:02:05 495:495 SyncActivityProfilerHandler.cpp:59] profiler_stop
USDT:2026-09-03 07:02:05 492:492 SyncActivityProfilerHandler.cpp:59] profiler_stopUSDT:2026-09-03 07:02:05 491:491 SyncActivityProfilerHandler.cpp:59] profiler_stopUSDT:2026-09-03 07:02:05 490:490 SyncActivityProfilerHandler.cpp:59] profiler_stop


USDT:2026-09-03 07:02:05 493:493 SyncActivityProfilerHandler.cpp:59] profiler_stopUSDT:2026-09-03 07:02:05 489:489 SyncActivityProfilerHandler.cpp:59] profiler_stopUSDT:2026-09-03 07:02:05 494:494 SyncActivityProfilerHandler.cpp:59] profiler_stop


USDT:2026-09-03 07:02:05 488:488 SyncActivityProfilerHandler.cpp:59] profiler_stop
   @ EP:   3/16 | combine: 22 GB/s (SO), 68 GB/s (SU), 164.658 us, 11235776 bytes | reduce: 990 GB/s, 5.443 us
   @ EP:   7/16 | combine: 25 GB/s (SO), 83 GB/s (SU), 137.598 us, 11393824 bytes | reduce: 955 GB/s, 5.460 us
   @ EP:   6/16 | combine: 21 GB/s (SO), 69 GB/s (SU), 165.259 us, 11393824 bytes | reduce: 960 GB/s, 5.433 us
   @ EP:   4/16 | combine: 21 GB/s (SO), 66 GB/s (SU), 164.662 us, 10790368 bytes | reduce: 987 GB/s, 5.385 us
   @ EP:   2/16 | combine: 22 GB/s (SO), 69 GB/s (SU), 161.374 us, 11207040 bytes | reduce: 982 GB/s, 5.533 us
   @ EP:   5/16 | combine: 21 GB/s (SO), 67 GB/s (SU), 164.264 us, 10948416 bytes | reduce: 954 GB/s, 5.543 us
   @ EP:   0/16 | combine: 23 GB/s (SO), 68 GB/s (SU), 162.609 us, 11034624 bytes | reduce: 1003 GB/s, 5.484 us
   @ EP:   1/16 | combine: 23 GB/s (SO), 68 GB/s (SU), 160.746 us, 10977152 bytes | reduce: 1002 GB/s, 5.465 us
USDT:2026-09-03 07:02:06 495:495 SyncActivityProfilerHandler.cpp:52] profiler_start
USDT:2026-09-03 07:02:06 489:489 SyncActivityProfilerHandler.cpp:52] profiler_startUSDT:2026-09-03 07:02:06 493:493 SyncActivityProfilerHandler.cpp:52] profiler_startUSDT:2026-09-03 07:02:06 491:491 SyncActivityProfilerHandler.cpp:52] profiler_start

USDT:2026-09-03 07:02:06 488:488 SyncActivityProfilerHandler.cpp:52] profiler_startUSDT:2026-09-03 07:02:06 490:490 SyncActivityProfilerHandler.cpp:52] profiler_start

USDT:2026-09-03 07:02:06 492:492 SyncActivityProfilerHandler.cpp:52] profiler_start
USDT:2026-09-03 07:02:06 494:494 SyncActivityProfilerHandler.cpp:52] profiler_start

USDT:2026-09-03 07:02:06 495:495 SyncActivityProfilerHandler.cpp:59] profiler_stop
USDT:2026-09-03 07:02:06 491:491 SyncActivityProfilerHandler.cpp:59] profiler_stopUSDT:2026-09-03 07:02:06 492:492 SyncActivityProfilerHandler.cpp:59] profiler_stopUSDT:2026-09-03 07:02:06 490:490 SyncActivityProfilerHandler.cpp:59] profiler_stop


USDT:2026-09-03 07:02:06 493:493 SyncActivityProfilerHandler.cpp:59] profiler_stop
USDT:2026-09-03 07:02:06 494:494 SyncActivityProfilerHandler.cpp:59] profiler_stopUSDT:2026-09-03 07:02:06 488:488 SyncActivityProfilerHandler.cpp:59] profiler_stop

USDT:2026-09-03 07:02:06 489:489 SyncActivityProfilerHandler.cpp:59] profiler_stop
   + EP:   7/16 | reduced combine: 23 GB/s (SO), 77 GB/s (SU), 148.797 us, 11393824 bytes | reduce: 947 GB/s, 5.506 us
   + EP:   2/16 | reduced combine: 21 GB/s (SO), 66 GB/s (SU), 170.125 us, 11207040 bytes | reduce: 974 GB/s, 5.577 us
   + EP:   4/16 | reduced combine: 20 GB/s (SO), 62 GB/s (SU), 175.206 us, 10790368 bytes | reduce: 983 GB/s, 5.410 us
   + EP:   6/16 | reduced combine: 20 GB/s (SO), 65 GB/s (SU), 175.579 us, 11393824 bytes | reduce: 962 GB/s, 5.419 us
   + EP:   5/16 | reduced combine: 21 GB/s (SO), 65 GB/s (SU), 168.106 us, 10948416 bytes | reduce: 958 GB/s, 5.520 us
   + EP:   3/16 | reduced combine: 21 GB/s (SO), 65 GB/s (SU), 173.066 us, 11235776 bytes | reduce: 998 GB/s, 5.401 us
   + EP:   0/16 | reduced combine: 22 GB/s (SO), 65 GB/s (SU), 169.590 us, 11034624 bytes | reduce: 997 GB/s, 5.522 us
   + EP:   1/16 | reduced combine: 22 GB/s (SO), 66 GB/s (SU), 167.572 us, 10977152 bytes | reduce: 1009 GB/s, 5.425 us


