=== EP_NIC_NAME=rdmap101s0 (auto, 400 Gb/s) ===
=== NCCL_IB_HCA=rdmap (auto: non-EFA ibverbs device ibp198s0f0 present) ===
=== GIN: NCCL_GIN_TYPE=5 NCCL_SYM_GIN_KERNELS_ENABLE=0 ===
=== PREFER_OVERLAP=0 (--prefer-overlap-with-compute) ===
=== IMAGE=deepep-v2-efa-official:sm103-stack3c737dcxbfbdd15  DeepEP=a35285f0af98856625e542df24bd17a985bc05d9 ===
=== DeepEP is a MERGE of: 3c737dcf0da5889ba7efd26e05b4808307cc38af bfbdd15ff448783f877cb2210cb3246c8452b05e ===
+ docker run --rm --init --gpus all --privileged --network=host --ipc=host --ulimit memlock=-1 --ulimit stack=67108864 --device=/dev/infiniband --device=/dev/gdrdrv -v /sys/class/infiniband:/sys/class/infiniband:ro -e MASTER_ADDR=172.31.24.154 -e MASTER_PORT=8512 -e WORLD_SIZE=2 -e RANK=0 -e NCCL_DEBUG=WARN -e EP_NIC_NAME=rdmap101s0 -e NCCL_IB_HCA=rdmap -e NCCL_GIN_TYPE=5 -e NCCL_SYM_GIN_KERNELS_ENABLE=0 -e EP_NUM_SUB_PARTS=1 -e PYTHONUNBUFFERED=1 -e PYTHONFAULTHANDLER=1 deepep-v2-efa-official:sm103-stack3c737dcxbfbdd15 bash -lc 'timeout -s ABRT --kill-after=60 1800     python3 -u /opt/DeepEP/tests/elastic/test_ep.py     --num-processes=8 --num-tokens=128     --hidden=7168 --num-topk=8 --num-experts=256     --num-sms=12 --allow-hybrid-mode=1     --prefer-overlap-with-compute=0 --test-first-only      '

==========
== CUDA ==
==========

CUDA Version 13.3.1

Container image Copyright (c) 2016-2023, NVIDIA CORPORATION & AFFILIATES. All rights reserved.

This container image and its contents are governed by the NVIDIA Deep Learning Container License.
By pulling and using the container, you accept the terms and conditions of this license:
https://developer.nvidia.com/ngc/nvidia-deep-learning-container-license

A copy of this license is made available in this container at /NGC-DL-CONTAINER-LICENSE for your convenience.

NCCL version 2.31.2+cuda13.3
DeepEP hybrid kernel selection: unordered
DeepEP hybrid kernel selection: unordered
DeepEP hybrid kernel selection: unordered
DeepEP hybrid kernel selection: unordered
DeepEP hybrid kernel selection: unordered
DeepEP hybrid kernel selection: unordered
DeepEP hybrid kernel selection: unordered
DeepEP hybrid kernel selection: unordered
DeepEP hybrid kernel selection: unordered
DeepEP hybrid kernel selection: unordered
DeepEP hybrid kernel selection: unordered
DeepEP hybrid kernel selection: unordered
DeepEP hybrid kernel selection: unordered
DeepEP hybrid kernel selection: unordered
DeepEP hybrid kernel selection: unordered
DeepEP hybrid kernel selection: unordered
Config:
 > Ranks: 2 x 8
 > Experts: 8/256
 > Tokens: 128 (max: 128), hidden: 7168
 > #SM: 12, #QPs: 13/13

Running all test cases:
 > Testing with do_handle_copy=1, expert_alignment=128, use_fp8_dispatch=1, num_bias=0, with_previous_event=0, async_with_compute_stream=0, allocate_on_comm_stream=0 ...
USDT:2026-09-03 06:26:59 486:486 SyncActivityProfilerHandler.cpp:52] profiler_startUSDT:2026-09-03 06:26:59 487:487 SyncActivityProfilerHandler.cpp:52] profiler_startUSDT:2026-09-03 06:26:59 484:484 SyncActivityProfilerHandler.cpp:52] profiler_startUSDT:2026-09-03 06:26:59 490:490 SyncActivityProfilerHandler.cpp:52] profiler_startUSDT:2026-09-03 06:26:59 489:489 SyncActivityProfilerHandler.cpp:52] profiler_startUSDT:2026-09-03 06:26:59 488:488 SyncActivityProfilerHandler.cpp:52] profiler_startUSDT:2026-09-03 06:26:59 485:485 SyncActivityProfilerHandler.cpp:52] profiler_start






USDT:2026-09-03 06:26:59 483:483 SyncActivityProfilerHandler.cpp:52] profiler_start
USDT:2026-09-03 06:26:59 485:485 SyncActivityProfilerHandler.cpp:59] profiler_stopUSDT:2026-09-03 06:26:59 490:490 SyncActivityProfilerHandler.cpp:59] profiler_stopUSDT:2026-09-03 06:26:59 484:484 SyncActivityProfilerHandler.cpp:59] profiler_stopUSDT:2026-09-03 06:26:59 486:486 SyncActivityProfilerHandler.cpp:59] profiler_stopUSDT:2026-09-03 06:26:59 488:488 SyncActivityProfilerHandler.cpp:59] profiler_stop




USDT:2026-09-03 06:26:59 483:483 SyncActivityProfilerHandler.cpp:59] profiler_stop
USDT:2026-09-03 06:26:59 487:487 SyncActivityProfilerHandler.cpp:59] profiler_stopUSDT:2026-09-03 06:26:59 489:489 SyncActivityProfilerHandler.cpp:59] profiler_stop

   * EP:   3/16 | dispatch: 16 GB/s (SO), 49 GB/s (SU), 118.614 us, 5855616 bytes | copy: 2556 GB/s, 4.581 us
   * EP:   4/16 | dispatch: 15 GB/s (SO), 47 GB/s (SU), 119.229 us, 5623488 bytes | copy: 2328 GB/s, 4.831 us
   * EP:   6/16 | dispatch: 15 GB/s (SO), 50 GB/s (SU), 118.335 us, 5937984 bytes | copy: 2746 GB/s, 4.325 us
   * EP:   2/16 | dispatch: 16 GB/s (SO), 49 GB/s (SU), 119.573 us, 5840640 bytes | copy: 2418 GB/s, 4.830 us
   * EP:   7/16 | dispatch: 15 GB/s (SO), 50 GB/s (SU), 119.200 us, 5937984 bytes | copy: 2529 GB/s, 4.695 us
   * EP:   0/16 | dispatch: 16 GB/s (SO), 48 GB/s (SU), 119.477 us, 5750784 bytes | copy: 2490 GB/s, 4.619 us
   * EP:   1/16 | dispatch: 16 GB/s (SO), 48 GB/s (SU), 118.873 us, 5720832 bytes | copy: 2411 GB/s, 4.745 us
   * EP:   5/16 | dispatch: 15 GB/s (SO), 48 GB/s (SU), 119.154 us, 5705856 bytes | copy: 2169 GB/s, 5.261 us
USDT:2026-09-03 06:27:00 490:490 SyncActivityProfilerHandler.cpp:52] profiler_startUSDT:2026-09-03 06:27:00 489:489 SyncActivityProfilerHandler.cpp:52] profiler_startUSDT:2026-09-03 06:27:00 484:484 SyncActivityProfilerHandler.cpp:52] profiler_start
USDT:2026-09-03 06:27:00 483:483 SyncActivityProfilerHandler.cpp:52] profiler_start
USDT:2026-09-03 06:27:00 488:488 SyncActivityProfilerHandler.cpp:52] profiler_startUSDT:2026-09-03 06:27:00 487:487 SyncActivityProfilerHandler.cpp:52] profiler_startUSDT:2026-09-03 06:27:00 486:486 SyncActivityProfilerHandler.cpp:52] profiler_start
USDT:2026-09-03 06:27:00 485:485 SyncActivityProfilerHandler.cpp:52] profiler_start




USDT:2026-09-03 06:27:00 486:486 SyncActivityProfilerHandler.cpp:59] profiler_stopUSDT:2026-09-03 06:27:00 484:484 SyncActivityProfilerHandler.cpp:59] profiler_stopUSDT:2026-09-03 06:27:00 485:485 SyncActivityProfilerHandler.cpp:59] profiler_stop


USDT:2026-09-03 06:27:00 489:489 SyncActivityProfilerHandler.cpp:59] profiler_stopUSDT:2026-09-03 06:27:00 490:490 SyncActivityProfilerHandler.cpp:59] profiler_stop

USDT:2026-09-03 06:27:00 487:487 SyncActivityProfilerHandler.cpp:59] profiler_stopUSDT:2026-09-03 06:27:00 488:488 SyncActivityProfilerHandler.cpp:59] profiler_stop

USDT:2026-09-03 06:27:00 483:483 SyncActivityProfilerHandler.cpp:59] profiler_stop
   - EP:   6/16 | expanded dispatch: 15 GB/s (SO), 50 GB/s (SU), 118.401 us, 5937984 bytes | copy: 4273 GB/s, 4.876 us
   - EP:   4/16 | expanded dispatch: 16 GB/s (SO), 48 GB/s (SU), 118.211 us, 5623488 bytes | copy: 4074 GB/s, 5.020 us
   - EP:   3/16 | expanded dispatch: 16 GB/s (SO), 49 GB/s (SU), 118.703 us, 5855616 bytes | copy: 4172 GB/s, 4.954 us
   - EP:   5/16 | expanded dispatch: 15 GB/s (SO), 48 GB/s (SU), 118.822 us, 5705856 bytes | copy: 3726 GB/s, 5.512 us
   - EP:   7/16 | expanded dispatch: 15 GB/s (SO), 50 GB/s (SU), 119.439 us, 5937984 bytes | copy: 4289 GB/s, 4.829 us
   - EP:   2/16 | expanded dispatch: 16 GB/s (SO), 49 GB/s (SU), 119.554 us, 5840640 bytes | copy: 4162 GB/s, 4.973 us
   - EP:   1/16 | expanded dispatch: 16 GB/s (SO), 48 GB/s (SU), 118.372 us, 5720832 bytes | copy: 3913 GB/s, 5.244 us
   - EP:   0/16 | expanded dispatch: 16 GB/s (SO), 49 GB/s (SU), 118.363 us, 5750784 bytes | copy: 4306 GB/s, 4.781 us
USDT:2026-09-03 06:27:01 488:488 SyncActivityProfilerHandler.cpp:52] profiler_startUSDT:2026-09-03 06:27:01 487:487 SyncActivityProfilerHandler.cpp:52] profiler_startUSDT:2026-09-03 06:27:01 486:486 SyncActivityProfilerHandler.cpp:52] profiler_startUSDT:2026-09-03 06:27:01 484:484 SyncActivityProfilerHandler.cpp:52] profiler_startUSDT:2026-09-03 06:27:01 483:483 SyncActivityProfilerHandler.cpp:52] profiler_startUSDT:2026-09-03 06:27:01 485:485 SyncActivityProfilerHandler.cpp:52] profiler_startUSDT:2026-09-03 06:27:01 489:489 SyncActivityProfilerHandler.cpp:52] profiler_startUSDT:2026-09-03 06:27:01 490:490 SyncActivityProfilerHandler.cpp:52] profiler_start







USDT:2026-09-03 06:27:01 488:488 SyncActivityProfilerHandler.cpp:59] profiler_stopUSDT:2026-09-03 06:27:01 487:487 SyncActivityProfilerHandler.cpp:59] profiler_stopUSDT:2026-09-03 06:27:01 486:486 SyncActivityProfilerHandler.cpp:59] profiler_stop
USDT:2026-09-03 06:27:01 484:484 SyncActivityProfilerHandler.cpp:59] profiler_stopUSDT:2026-09-03 06:27:01 489:489 SyncActivityProfilerHandler.cpp:59] profiler_stop
USDT:2026-09-03 06:27:01 490:490 SyncActivityProfilerHandler.cpp:59] profiler_stop
USDT:2026-09-03 06:27:01 485:485 SyncActivityProfilerHandler.cpp:59] profiler_stop
USDT:2026-09-03 06:27:01 483:483 SyncActivityProfilerHandler.cpp:59] profiler_stop



   # EP:   5/16 | cached dispatch: 17 GB/s (SO), 52 GB/s (SU), 110.469 us, 5705856 bytes | copy: 795 GB/s, 14.347 us
   # EP:   6/16 | cached dispatch: 16 GB/s (SO), 54 GB/s (SU), 109.795 us, 5937984 bytes | copy: 1158 GB/s, 10.253 us
   # EP:   4/16 | cached dispatch: 17 GB/s (SO), 51 GB/s (SU), 110.285 us, 5623488 bytes | copy: 884 GB/s, 12.727 us
   # EP:   7/16 | cached dispatch: 16 GB/s (SO), 54 GB/s (SU), 110.657 us, 5937984 bytes | copy: 506 GB/s, 23.464 us
   # EP:   1/16 | cached dispatch: 17 GB/s (SO), 52 GB/s (SU), 110.246 us, 5720832 bytes | copy: 1090 GB/s, 10.499 us
   # EP:   2/16 | cached dispatch: 17 GB/s (SO), 52 GB/s (SU), 111.436 us, 5840640 bytes | copy: 947 GB/s, 12.341 us
   # EP:   3/16 | cached dispatch: 17 GB/s (SO), 53 GB/s (SU), 110.290 us, 5855616 bytes | copy: 1008 GB/s, 11.619 us
   # EP:   0/16 | cached dispatch: 17 GB/s (SO), 52 GB/s (SU), 110.107 us, 5750784 bytes | copy: 1051 GB/s, 10.947 us
USDT:2026-09-03 06:27:01 490:490 SyncActivityProfilerHandler.cpp:52] profiler_startUSDT:2026-09-03 06:27:01 484:484 SyncActivityProfilerHandler.cpp:52] profiler_startUSDT:2026-09-03 06:27:01 489:489 SyncActivityProfilerHandler.cpp:52] profiler_start
USDT:2026-09-03 06:27:01 485:485 SyncActivityProfilerHandler.cpp:52] profiler_startUSDT:2026-09-03 06:27:01 486:486 SyncActivityProfilerHandler.cpp:52] profiler_start
USDT:2026-09-03 06:27:01 483:483 SyncActivityProfilerHandler.cpp:52] profiler_start

USDT:2026-09-03 06:27:01 488:488 SyncActivityProfilerHandler.cpp:52] profiler_startUSDT:2026-09-03 06:27:01 487:487 SyncActivityProfilerHandler.cpp:52] profiler_start



USDT:2026-09-03 06:27:02 490:490 SyncActivityProfilerHandler.cpp:59] profiler_stop
USDT:2026-09-03 06:27:02 486:486 SyncActivityProfilerHandler.cpp:59] profiler_stopUSDT:2026-09-03 06:27:02 484:484 SyncActivityProfilerHandler.cpp:59] profiler_stopUSDT:2026-09-03 06:27:02 485:485 SyncActivityProfilerHandler.cpp:59] profiler_stop
USDT:2026-09-03 06:27:02 487:487 SyncActivityProfilerHandler.cpp:59] profiler_stop


USDT:2026-09-03 06:27:02 488:488 SyncActivityProfilerHandler.cpp:59] profiler_stopUSDT:2026-09-03 06:27:02 489:489 SyncActivityProfilerHandler.cpp:59] profiler_stop

USDT:2026-09-03 06:27:02 483:483 SyncActivityProfilerHandler.cpp:59] profiler_stop
   @ EP:   3/16 | combine: 22 GB/s (SO), 68 GB/s (SU), 164.972 us, 11235776 bytes | reduce: 991 GB/s, 5.439 us
   @ EP:   6/16 | combine: 21 GB/s (SO), 69 GB/s (SU), 164.096 us, 11393824 bytes | reduce: 969 GB/s, 5.382 us
   @ EP:   1/16 | combine: 23 GB/s (SO), 69 GB/s (SU), 160.122 us, 10977152 bytes | reduce: 1000 GB/s, 5.476 us
   @ EP:   7/16 | combine: 25 GB/s (SO), 83 GB/s (SU), 137.487 us, 11393824 bytes | reduce: 961 GB/s, 5.429 us
   @ EP:   0/16 | combine: 23 GB/s (SO), 68 GB/s (SU), 161.441 us, 11034624 bytes | reduce: 993 GB/s, 5.539 us
   @ EP:   4/16 | combine: 22 GB/s (SO), 66 GB/s (SU), 163.407 us, 10790368 bytes | reduce: 979 GB/s, 5.431 us
   @ EP:   2/16 | combine: 22 GB/s (SO), 69 GB/s (SU), 161.907 us, 11207040 bytes | reduce: 979 GB/s, 5.549 us   @ EP:   5/16 | combine: 21 GB/s (SO), 67 GB/s (SU), 163.929 us, 10948416 bytes | reduce: 952 GB/s, 5.555 us

USDT:2026-09-03 06:27:02 490:490 SyncActivityProfilerHandler.cpp:52] profiler_start
USDT:2026-09-03 06:27:02 484:484 SyncActivityProfilerHandler.cpp:52] profiler_startUSDT:2026-09-03 06:27:02 488:488 SyncActivityProfilerHandler.cpp:52] profiler_startUSDT:2026-09-03 06:27:02 485:485 SyncActivityProfilerHandler.cpp:52] profiler_start


USDT:2026-09-03 06:27:02 489:489 SyncActivityProfilerHandler.cpp:52] profiler_startUSDT:2026-09-03 06:27:02 486:486 SyncActivityProfilerHandler.cpp:52] profiler_startUSDT:2026-09-03 06:27:02 487:487 SyncActivityProfilerHandler.cpp:52] profiler_startUSDT:2026-09-03 06:27:02 483:483 SyncActivityProfilerHandler.cpp:52] profiler_start



USDT:2026-09-03 06:27:02 490:490 SyncActivityProfilerHandler.cpp:59] profiler_stop
USDT:2026-09-03 06:27:02 484:484 SyncActivityProfilerHandler.cpp:59] profiler_stopUSDT:2026-09-03 06:27:02 486:486 SyncActivityProfilerHandler.cpp:59] profiler_stop

USDT:2026-09-03 06:27:02 488:488 SyncActivityProfilerHandler.cpp:59] profiler_stopUSDT:2026-09-03 06:27:02 485:485 SyncActivityProfilerHandler.cpp:59] profiler_stop

USDT:2026-09-03 06:27:02 489:489 SyncActivityProfilerHandler.cpp:59] profiler_stop
USDT:2026-09-03 06:27:02 487:487 SyncActivityProfilerHandler.cpp:59] profiler_stopUSDT:2026-09-03 06:27:02 483:483 SyncActivityProfilerHandler.cpp:59] profiler_stop

   + EP:   3/16 | reduced combine: 21 GB/s (SO), 65 GB/s (SU), 172.904 us, 11235776 bytes | reduce: 1002 GB/s, 5.378 us
   + EP:   1/16 | reduced combine: 22 GB/s (SO), 65 GB/s (SU), 168.259 us, 10977152 bytes | reduce: 996 GB/s, 5.497 us
   + EP:   6/16 | reduced combine: 20 GB/s (SO), 65 GB/s (SU), 176.548 us, 11393824 bytes | reduce: 962 GB/s, 5.424 us   + EP:   4/16 | reduced combine: 20 GB/s (SO), 62 GB/s (SU), 175.429 us, 10790368 bytes | reduce: 984 GB/s, 5.402 us

   + EP:   5/16 | reduced combine: 21 GB/s (SO), 66 GB/s (SU), 166.900 us, 10948416 bytes | reduce: 959 GB/s, 5.511 us
   + EP:   7/16 | reduced combine: 24 GB/s (SO), 78 GB/s (SU), 145.833 us, 11393824 bytes | reduce: 954 GB/s, 5.465 us
   + EP:   0/16 | reduced combine: 21 GB/s (SO), 65 GB/s (SU), 170.708 us, 11034624 bytes | reduce: 998 GB/s, 5.515 us   + EP:   2/16 | reduced combine: 21 GB/s (SO), 66 GB/s (SU), 170.055 us, 11207040 bytes | reduce: 988 GB/s, 5.499 us



