=== EP_NIC_NAME=rdmap101s0 (auto, 400 Gb/s) ===
=== NCCL_IB_HCA=rdmap (auto: non-EFA ibverbs device ibp198s0f0 present) ===
=== GIN: NCCL_GIN_TYPE=5 NCCL_SYM_GIN_KERNELS_ENABLE=0 ===
=== PREFER_OVERLAP=0 (--prefer-overlap-with-compute) ===
=== IMAGE=deepep-v2-efa-official:sm103-stack3c737dcxbfbdd15  DeepEP=a35285f0af98856625e542df24bd17a985bc05d9 ===
=== DeepEP is a MERGE of: 3c737dcf0da5889ba7efd26e05b4808307cc38af bfbdd15ff448783f877cb2210cb3246c8452b05e ===
+ docker run --rm --init --gpus all --privileged --network=host --ipc=host --ulimit memlock=-1 --ulimit stack=67108864 --device=/dev/infiniband --device=/dev/gdrdrv -v /sys/class/infiniband:/sys/class/infiniband:ro -e MASTER_ADDR=172.31.24.154 -e MASTER_PORT=8510 -e WORLD_SIZE=2 -e RANK=0 -e NCCL_DEBUG=WARN -e EP_NIC_NAME=rdmap101s0 -e NCCL_IB_HCA=rdmap -e NCCL_GIN_TYPE=5 -e NCCL_SYM_GIN_KERNELS_ENABLE=0 -e PYTHONUNBUFFERED=1 -e PYTHONFAULTHANDLER=1 deepep-v2-efa-official:sm103-stack3c737dcxbfbdd15 bash -lc 'timeout -s ABRT --kill-after=60 1800     python3 -u /opt/DeepEP/tests/elastic/test_ep.py     --num-processes=8 --num-tokens=8192     --hidden=7168 --num-topk=8 --num-experts=256     --num-sms=12 --allow-hybrid-mode=1     --prefer-overlap-with-compute=0 --test-first-only      '

==========
== CUDA ==
==========

CUDA Version 13.3.1

Container image Copyright (c) 2016-2023, NVIDIA CORPORATION & AFFILIATES. All rights reserved.

This container image and its contents are governed by the NVIDIA Deep Learning Container License.
By pulling and using the container, you accept the terms and conditions of this license:
https://developer.nvidia.com/ngc/nvidia-deep-learning-container-license

A copy of this license is made available in this container at /NGC-DL-CONTAINER-LICENSE for your convenience.

NCCL version 2.31.2+cuda13.3
DeepEP hybrid kernel selection: unordered
DeepEP hybrid kernel selection: unordered
DeepEP hybrid kernel selection: unordered
DeepEP hybrid kernel selection: unordered
DeepEP hybrid kernel selection: unordered
DeepEP hybrid kernel selection: unordered
DeepEP hybrid kernel selection: unordered
DeepEP hybrid kernel selection: unordered
DeepEP hybrid kernel selection: unordered
DeepEP hybrid kernel selection: unordered
DeepEP hybrid kernel selection: unordered
DeepEP hybrid kernel selection: unordered
DeepEP hybrid kernel selection: unordered
DeepEP hybrid kernel selection: unordered
DeepEP hybrid kernel selection: unordered
DeepEP hybrid kernel selection: unordered
Config:
 > Ranks: 2 x 8
 > Experts: 8/256
 > Tokens: 8192 (max: 8192), hidden: 7168
 > #SM: 12, #QPs: 13/13

Running all test cases:
 > Testing with do_handle_copy=1, expert_alignment=128, use_fp8_dispatch=1, num_bias=0, with_previous_event=0, async_with_compute_stream=0, allocate_on_comm_stream=0 ...
USDT:2026-09-03 06:21:40 493:493 SyncActivityProfilerHandler.cpp:52] profiler_startUSDT:2026-09-03 06:21:40 495:495 SyncActivityProfilerHandler.cpp:52] profiler_startUSDT:2026-09-03 06:21:40 492:492 SyncActivityProfilerHandler.cpp:52] profiler_start


USDT:2026-09-03 06:21:40 494:494 SyncActivityProfilerHandler.cpp:52] profiler_startUSDT:2026-09-03 06:21:40 488:488 SyncActivityProfilerHandler.cpp:52] profiler_startUSDT:2026-09-03 06:21:40 489:489 SyncActivityProfilerHandler.cpp:52] profiler_startUSDT:2026-09-03 06:21:40 491:491 SyncActivityProfilerHandler.cpp:52] profiler_start



USDT:2026-09-03 06:21:40 490:490 SyncActivityProfilerHandler.cpp:52] profiler_start
USDT:2026-09-03 06:21:41 494:494 SyncActivityProfilerHandler.cpp:59] profiler_stopUSDT:2026-09-03 06:21:41 489:489 SyncActivityProfilerHandler.cpp:59] profiler_stopUSDT:2026-09-03 06:21:41 491:491 SyncActivityProfilerHandler.cpp:59] profiler_stopUSDT:2026-09-03 06:21:41 492:492 SyncActivityProfilerHandler.cpp:59] profiler_stopUSDT:2026-09-03 06:21:41 493:493 SyncActivityProfilerHandler.cpp:59] profiler_stop
USDT:2026-09-03 06:21:41 495:495 SyncActivityProfilerHandler.cpp:59] profiler_stop

USDT:2026-09-03 06:21:41 490:490 SyncActivityProfilerHandler.cpp:59] profiler_stop
USDT:2026-09-03 06:21:41 488:488 SyncActivityProfilerHandler.cpp:59] profiler_stop



   * EP:   3/16 | dispatch: 127 GB/s (SO), 418 GB/s (SU), 960.111 us, 400982400 bytes | copy: 5363 GB/s, 149.549 us
   * EP:   5/16 | dispatch: 127 GB/s (SO), 418 GB/s (SU), 960.719 us, 401401728 bytes | copy: 4686 GB/s, 171.313 us
   * EP:   1/16 | dispatch: 127 GB/s (SO), 417 GB/s (SU), 960.095 us, 400158720 bytes | copy: 5427 GB/s, 147.458 us
   * EP:   4/16 | dispatch: 127 GB/s (SO), 417 GB/s (SU), 959.934 us, 400593024 bytes | copy: 5230 GB/s, 153.184 us
   * EP:   2/16 | dispatch: 127 GB/s (SO), 416 GB/s (SU), 960.520 us, 399746880 bytes | copy: 4799 GB/s, 166.611 us
   * EP:   7/16 | dispatch: 127 GB/s (SO), 416 GB/s (SU), 961.132 us, 399904128 bytes | copy: 4804 GB/s, 166.494 us
   * EP:   6/16 | dispatch: 127 GB/s (SO), 414 GB/s (SU), 960.100 us, 397433088 bytes | copy: 5483 GB/s, 144.976 us
   * EP:   0/16 | dispatch: 128 GB/s (SO), 413 GB/s (SU), 958.741 us, 396212544 bytes | copy: 5391 GB/s, 146.979 us
USDT:2026-09-03 06:21:41 488:488 SyncActivityProfilerHandler.cpp:52] profiler_startUSDT:2026-09-03 06:21:41 494:494 SyncActivityProfilerHandler.cpp:52] profiler_startUSDT:2026-09-03 06:21:41 493:493 SyncActivityProfilerHandler.cpp:52] profiler_startUSDT:2026-09-03 06:21:41 491:491 SyncActivityProfilerHandler.cpp:52] profiler_start
USDT:2026-09-03 06:21:41 492:492 SyncActivityProfilerHandler.cpp:52] profiler_start



USDT:2026-09-03 06:21:41 495:495 SyncActivityProfilerHandler.cpp:52] profiler_startUSDT:2026-09-03 06:21:41 490:490 SyncActivityProfilerHandler.cpp:52] profiler_start

USDT:2026-09-03 06:21:41 489:489 SyncActivityProfilerHandler.cpp:52] profiler_start
USDT:2026-09-03 06:21:41 490:490 SyncActivityProfilerHandler.cpp:59] profiler_stopUSDT:2026-09-03 06:21:41 488:488 SyncActivityProfilerHandler.cpp:59] profiler_stopUSDT:2026-09-03 06:21:41 492:492 SyncActivityProfilerHandler.cpp:59] profiler_stop

USDT:2026-09-03 06:21:41 493:493 SyncActivityProfilerHandler.cpp:59] profiler_stopUSDT:2026-09-03 06:21:41 491:491 SyncActivityProfilerHandler.cpp:59] profiler_stopUSDT:2026-09-03 06:21:41 489:489 SyncActivityProfilerHandler.cpp:59] profiler_stopUSDT:2026-09-03 06:21:41 495:495 SyncActivityProfilerHandler.cpp:59] profiler_stop




USDT:2026-09-03 06:21:41 494:494 SyncActivityProfilerHandler.cpp:59] profiler_stop
   - EP:   1/16 | expanded dispatch: 127 GB/s (SO), 417 GB/s (SU), 960.496 us, 400158720 bytes | copy: 4738 GB/s, 189.831 us
   - EP:   3/16 | expanded dispatch: 127 GB/s (SO), 418 GB/s (SU), 960.271 us, 400982400 bytes | copy: 4859 GB/s, 185.908 us
   - EP:   2/16 | expanded dispatch: 127 GB/s (SO), 416 GB/s (SU), 960.624 us, 399746880 bytes | copy: 4428 GB/s, 203.033 us
   - EP:   5/16 | expanded dispatch: 127 GB/s (SO), 418 GB/s (SU), 960.877 us, 401401728 bytes | copy: 4327 GB/s, 208.467 us
   - EP:   0/16 | expanded dispatch: 128 GB/s (SO), 413 GB/s (SU), 958.902 us, 396212544 bytes | copy: 4836 GB/s, 183.850 us
   - EP:   6/16 | expanded dispatch: 127 GB/s (SO), 414 GB/s (SU), 960.138 us, 397433088 bytes | copy: 4938 GB/s, 181.233 us
   - EP:   4/16 | expanded dispatch: 127 GB/s (SO), 417 GB/s (SU), 960.495 us, 400593024 bytes | copy: 4757 GB/s, 189.203 us
   - EP:   7/16 | expanded dispatch: 127 GB/s (SO), 416 GB/s (SU), 961.367 us, 399904128 bytes | copy: 4355 GB/s, 206.449 us
USDT:2026-09-03 06:21:42 490:490 SyncActivityProfilerHandler.cpp:52] profiler_startUSDT:2026-09-03 06:21:42 492:492 SyncActivityProfilerHandler.cpp:52] profiler_startUSDT:2026-09-03 06:21:42 493:493 SyncActivityProfilerHandler.cpp:52] profiler_startUSDT:2026-09-03 06:21:42 488:488 SyncActivityProfilerHandler.cpp:52] profiler_start

USDT:2026-09-03 06:21:42 494:494 SyncActivityProfilerHandler.cpp:52] profiler_start
USDT:2026-09-03 06:21:42 495:495 SyncActivityProfilerHandler.cpp:52] profiler_startUSDT:2026-09-03 06:21:42 489:489 SyncActivityProfilerHandler.cpp:52] profiler_startUSDT:2026-09-03 06:21:42 491:491 SyncActivityProfilerHandler.cpp:52] profiler_start




USDT:2026-09-03 06:21:42 488:488 SyncActivityProfilerHandler.cpp:59] profiler_stopUSDT:2026-09-03 06:21:42 490:490 SyncActivityProfilerHandler.cpp:59] profiler_stop

USDT:2026-09-03 06:21:42 492:492 SyncActivityProfilerHandler.cpp:59] profiler_stop
USDT:2026-09-03 06:21:42 493:493 SyncActivityProfilerHandler.cpp:59] profiler_stopUSDT:2026-09-03 06:21:42 491:491 SyncActivityProfilerHandler.cpp:59] profiler_stop

USDT:2026-09-03 06:21:42 489:489 SyncActivityProfilerHandler.cpp:59] profiler_stopUSDT:2026-09-03 06:21:42 495:495 SyncActivityProfilerHandler.cpp:59] profiler_stop

USDT:2026-09-03 06:21:42 494:494 SyncActivityProfilerHandler.cpp:59] profiler_stop
   # EP:   5/16 | cached dispatch: 129 GB/s (SO), 422 GB/s (SU), 950.375 us, 401401728 bytes | copy: 4990 GB/s, 160.890 us
   # EP:   7/16 | cached dispatch: 128 GB/s (SO), 420 GB/s (SU), 951.435 us, 399904128 bytes | copy: 5063 GB/s, 157.975 us
   # EP:   4/16 | cached dispatch: 129 GB/s (SO), 422 GB/s (SU), 949.739 us, 400593024 bytes | copy: 5531 GB/s, 144.845 us
   # EP:   1/16 | cached dispatch: 129 GB/s (SO), 421 GB/s (SU), 950.688 us, 400158720 bytes | copy: 5423 GB/s, 147.570 us
   # EP:   3/16 | cached dispatch: 129 GB/s (SO), 422 GB/s (SU), 949.789 us, 400982400 bytes | copy: 5579 GB/s, 143.745 us
   # EP:   0/16 | cached dispatch: 129 GB/s (SO), 418 GB/s (SU), 948.662 us, 396212544 bytes | copy: 5565 GB/s, 142.390 us
   # EP:   6/16 | cached dispatch: 129 GB/s (SO), 418 GB/s (SU), 950.312 us, 397433088 bytes | copy: 5647 GB/s, 140.748 us
   # EP:   2/16 | cached dispatch: 129 GB/s (SO), 420 GB/s (SU), 950.660 us, 399746880 bytes | copy: 5083 GB/s, 157.283 us
USDT:2026-09-03 06:21:43 495:495 SyncActivityProfilerHandler.cpp:52] profiler_start
USDT:2026-09-03 06:21:43 490:490 SyncActivityProfilerHandler.cpp:52] profiler_startUSDT:2026-09-03 06:21:43 489:489 SyncActivityProfilerHandler.cpp:52] profiler_startUSDT:2026-09-03 06:21:43 488:488 SyncActivityProfilerHandler.cpp:52] profiler_start


USDT:2026-09-03 06:21:43 491:491 SyncActivityProfilerHandler.cpp:52] profiler_startUSDT:2026-09-03 06:21:43 494:494 SyncActivityProfilerHandler.cpp:52] profiler_start

USDT:2026-09-03 06:21:43 493:493 SyncActivityProfilerHandler.cpp:52] profiler_start
USDT:2026-09-03 06:21:43 492:492 SyncActivityProfilerHandler.cpp:52] profiler_start
USDT:2026-09-03 06:21:43 495:495 SyncActivityProfilerHandler.cpp:59] profiler_stop
USDT:2026-09-03 06:21:43 488:488 SyncActivityProfilerHandler.cpp:59] profiler_stopUSDT:2026-09-03 06:21:43 490:490 SyncActivityProfilerHandler.cpp:59] profiler_stop

USDT:2026-09-03 06:21:43 489:489 SyncActivityProfilerHandler.cpp:59] profiler_stopUSDT:2026-09-03 06:21:43 491:491 SyncActivityProfilerHandler.cpp:59] profiler_stop

USDT:2026-09-03 06:21:43 494:494 SyncActivityProfilerHandler.cpp:59] profiler_stop
USDT:2026-09-03 06:21:43 493:493 SyncActivityProfilerHandler.cpp:59] profiler_stop
USDT:2026-09-03 06:21:43 492:492 SyncActivityProfilerHandler.cpp:59] profiler_stop
   @ EP:   5/16 | combine: 84 GB/s (SO), 277 GB/s (SU), 2781.000 us, 770211008 bytes | reduce: 4993 GB/s, 70.513 us
   @ EP:   7/16 | combine: 85 GB/s (SO), 278 GB/s (SU), 2763.000 us, 767337408 bytes | reduce: 5017 GB/s, 70.187 us
   @ EP:   1/16 | combine: 84 GB/s (SO), 274 GB/s (SU), 2801.000 us, 767825920 bytes | reduce: 4977 GB/s, 70.786 us   @ EP:   3/16 | combine: 83 GB/s (SO), 273 GB/s (SU), 2817.000 us, 769406400 bytes | reduce: 4994 GB/s, 70.567 us

   @ EP:   4/16 | combine: 80 GB/s (SO), 262 GB/s (SU), 2938.000 us, 768659264 bytes | reduce: 4993 GB/s, 70.540 us
   @ EP:   2/16 | combine: 84 GB/s (SO), 275 GB/s (SU), 2786.000 us, 767035680 bytes | reduce: 4973 GB/s, 70.843 us
   @ EP:   6/16 | combine: 84 GB/s (SO), 273 GB/s (SU), 2798.000 us, 762595968 bytes | reduce: 5004 GB/s, 70.336 us
   @ EP:   0/16 | combine: 84 GB/s (SO), 272 GB/s (SU), 2797.000 us, 760253984 bytes | reduce: 4980 GB/s, 70.756 us
USDT:2026-09-03 06:21:44 490:490 SyncActivityProfilerHandler.cpp:52] profiler_start
USDT:2026-09-03 06:21:44 491:491 SyncActivityProfilerHandler.cpp:52] profiler_start
USDT:2026-09-03 06:21:44 493:493 SyncActivityProfilerHandler.cpp:52] profiler_start
USDT:2026-09-03 06:21:44 495:495 SyncActivityProfilerHandler.cpp:52] profiler_start
USDT:2026-09-03 06:21:44 488:488 SyncActivityProfilerHandler.cpp:52] profiler_start
USDT:2026-09-03 06:21:44 489:489 SyncActivityProfilerHandler.cpp:52] profiler_start
USDT:2026-09-03 06:21:44 494:494 SyncActivityProfilerHandler.cpp:52] profiler_start
USDT:2026-09-03 06:21:44 492:492 SyncActivityProfilerHandler.cpp:52] profiler_start
USDT:2026-09-03 06:21:44 490:490 SyncActivityProfilerHandler.cpp:59] profiler_stop
USDT:2026-09-03 06:21:44 491:491 SyncActivityProfilerHandler.cpp:59] profiler_stop
USDT:2026-09-03 06:21:44 493:493 SyncActivityProfilerHandler.cpp:59] profiler_stop
USDT:2026-09-03 06:21:44 489:489 SyncActivityProfilerHandler.cpp:59] profiler_stop
USDT:2026-09-03 06:21:44 495:495 SyncActivityProfilerHandler.cpp:59] profiler_stop
USDT:2026-09-03 06:21:44 488:488 SyncActivityProfilerHandler.cpp:59] profiler_stop
USDT:2026-09-03 06:21:44 492:492 SyncActivityProfilerHandler.cpp:59] profiler_stop
USDT:2026-09-03 06:21:44 494:494 SyncActivityProfilerHandler.cpp:59] profiler_stop
   + EP:   2/16 | reduced combine: 68 GB/s (SO), 223 GB/s (SU), 3438.000 us, 767035680 bytes | reduce: 4972 GB/s, 70.862 us
   + EP:   3/16 | reduced combine: 66 GB/s (SO), 217 GB/s (SU), 3548.000 us, 769406400 bytes | reduce: 4985 GB/s, 70.694 us
   + EP:   5/16 | reduced combine: 66 GB/s (SO), 216 GB/s (SU), 3569.000 us, 770211008 bytes | reduce: 5034 GB/s, 69.945 us
   + EP:   1/16 | reduced combine: 66 GB/s (SO), 215 GB/s (SU), 3578.000 us, 767825920 bytes | reduce: 4962 GB/s, 71.010 us
   + EP:   7/16 | reduced combine: 66 GB/s (SO), 215 GB/s (SU), 3573.000 us, 767337408 bytes | reduce: 5016 GB/s, 70.214 us
   + EP:   0/16 | reduced combine: 65 GB/s (SO), 212 GB/s (SU), 3584.000 us, 760253984 bytes | reduce: 4991 GB/s, 70.607 us
   + EP:   6/16 | reduced combine: 65 GB/s (SO), 212 GB/s (SU), 3604.000 us, 762595968 bytes | reduce: 4998 GB/s, 70.412 us   + EP:   4/16 | reduced combine: 65 GB/s (SO), 212 GB/s (SU), 3633.000 us, 768659264 bytes | reduce: 5001 GB/s, 70.436 us



