=== EP_NIC_NAME=rdmap110s0 (auto, 200 Gb/s) ===
=== GIN: NCCL_GIN_TYPE=5 NCCL_SYM_GIN_KERNELS_ENABLE=0 ===
=== IMAGE=deepep-v2-efa-official:sm90-54fffef  DeepEP=54fffeff810723f574c574b1790dff189f3c6ffb ===
+ docker run --rm --init --gpus all --privileged --network=host --ipc=host --ulimit memlock=-1 --ulimit stack=67108864 --device=/dev/infiniband --device=/dev/gdrdrv -v /sys/class/infiniband:/sys/class/infiniband:ro -e MASTER_ADDR=172.31.10.77 -e MASTER_PORT=8802 -e WORLD_SIZE=4 -e RANK=0 -e NCCL_DEBUG=WARN -e EP_NIC_NAME=rdmap110s0 -e NCCL_GIN_TYPE=5 -e NCCL_SYM_GIN_KERNELS_ENABLE=0 -e PYTHONUNBUFFERED=1 -e PYTHONFAULTHANDLER=1 deepep-v2-efa-official:sm90-54fffef bash -lc 'timeout -s ABRT --kill-after=60 1800     python3 -u /opt/DeepEP/tests/elastic/test_ep.py     --num-processes=8 --num-tokens=128     --hidden=7168 --num-topk=8 --num-experts=256     --num-sms=12 --allow-hybrid-mode=1     --prefer-overlap-with-compute=0 --test-first-only      '

==========
== CUDA ==
==========

CUDA Version 13.0.2

Container image Copyright (c) 2016-2023, NVIDIA CORPORATION & AFFILIATES. All rights reserved.

This container image and its contents are governed by the NVIDIA Deep Learning Container License.
By pulling and using the container, you accept the terms and conditions of this license:
https://developer.nvidia.com/ngc/nvidia-deep-learning-container-license

A copy of this license is made available in this container at /NGC-DL-CONTAINER-LICENSE for your convenience.

NCCL version 2.31.2+cuda13.3
DeepEP hybrid kernel selection: unordered
DeepEP hybrid kernel selection: unordered
DeepEP hybrid kernel selection: unordered
DeepEP hybrid kernel selection: unordered
DeepEP hybrid kernel selection: unordered
DeepEP hybrid kernel selection: unordered
DeepEP hybrid kernel selection: unordered
DeepEP hybrid kernel selection: unordered
DeepEP hybrid kernel selection: unordered
DeepEP hybrid kernel selection: unordered
DeepEP hybrid kernel selection: unordered
DeepEP hybrid kernel selection: unordered
DeepEP hybrid kernel selection: unordered
DeepEP hybrid kernel selection: unordered
DeepEP hybrid kernel selection: unordered
DeepEP hybrid kernel selection: unordered
Config:
 > Ranks: 4 x 8
 > Experts: 8/256
 > Tokens: 128 (max: 128), hidden: 7168
 > #SM: 12, #QPs: 11/11

Running all test cases:
 > Testing with do_handle_copy=1, expert_alignment=128, use_fp8_dispatch=1, num_bias=0, with_previous_event=0, async_with_compute_stream=0, allocate_on_comm_stream=0 ...
USDT:2026-08-31 04:47:59 484:484 SyncActivityProfilerHandler.cpp:52] profiler_startUSDT:2026-08-31 04:47:59 488:488 SyncActivityProfilerHandler.cpp:52] profiler_startUSDT:2026-08-31 04:47:59 491:491 SyncActivityProfilerHandler.cpp:52] profiler_startUSDT:2026-08-31 04:47:59 490:490 SyncActivityProfilerHandler.cpp:52] profiler_startUSDT:2026-08-31 04:47:59 489:489 SyncActivityProfilerHandler.cpp:52] profiler_start
USDT:2026-08-31 04:47:59 487:487 SyncActivityProfilerHandler.cpp:52] profiler_start
USDT:2026-08-31 04:47:59 485:485 SyncActivityProfilerHandler.cpp:52] profiler_start
USDT:2026-08-31 04:47:59 486:486 SyncActivityProfilerHandler.cpp:52] profiler_start




USDT:2026-08-31 04:47:59 488:488 SyncActivityProfilerHandler.cpp:59] profiler_stopUSDT:2026-08-31 04:47:59 491:491 SyncActivityProfilerHandler.cpp:59] profiler_stopUSDT:2026-08-31 04:47:59 487:487 SyncActivityProfilerHandler.cpp:59] profiler_stopUSDT:2026-08-31 04:47:59 489:489 SyncActivityProfilerHandler.cpp:59] profiler_stopUSDT:2026-08-31 04:47:59 484:484 SyncActivityProfilerHandler.cpp:59] profiler_stopUSDT:2026-08-31 04:47:59 485:485 SyncActivityProfilerHandler.cpp:59] profiler_stop


USDT:2026-08-31 04:47:59 490:490 SyncActivityProfilerHandler.cpp:59] profiler_stop
USDT:2026-08-31 04:47:59 486:486 SyncActivityProfilerHandler.cpp:59] profiler_stop



   * EP:   3/32 | dispatch: 18 GB/s (SO), 34 GB/s (SU), 182.428 us, 6207552 bytes | copy: 1300 GB/s, 9.548 us
   * EP:   0/32 | dispatch: 19 GB/s (SO), 32 GB/s (SU), 182.596 us, 5863104 bytes | copy: 1151 GB/s, 10.192 us
   * EP:   2/32 | dispatch: 19 GB/s (SO), 33 GB/s (SU), 182.437 us, 5952960 bytes | copy: 1008 GB/s, 11.806 us
   * EP:   4/32 | dispatch: 19 GB/s (SO), 34 GB/s (SU), 182.327 us, 6252480 bytes | copy: 1472 GB/s, 8.496 us
   * EP:   5/32 | dispatch: 18 GB/s (SO), 34 GB/s (SU), 182.419 us, 6200064 bytes | copy: 1423 GB/s, 8.714 us
   * EP:   7/32 | dispatch: 18 GB/s (SO), 32 GB/s (SU), 182.270 us, 5803200 bytes | copy: 1896 GB/s, 6.120 us
   * EP:   6/32 | dispatch: 18 GB/s (SO), 33 GB/s (SU), 182.418 us, 6020352 bytes | copy: 1424 GB/s, 8.457 us
   * EP:   1/32 | dispatch: 19 GB/s (SO), 33 GB/s (SU), 182.394 us, 6042816 bytes | copy: 1091 GB/s, 11.078 us
USDT:2026-08-31 04:47:59 489:489 SyncActivityProfilerHandler.cpp:52] profiler_startUSDT:2026-08-31 04:47:59 487:487 SyncActivityProfilerHandler.cpp:52] profiler_startUSDT:2026-08-31 04:47:59 488:488 SyncActivityProfilerHandler.cpp:52] profiler_startUSDT:2026-08-31 04:47:59 491:491 SyncActivityProfilerHandler.cpp:52] profiler_start

USDT:2026-08-31 04:47:59 490:490 SyncActivityProfilerHandler.cpp:52] profiler_start

USDT:2026-08-31 04:47:59 484:484 SyncActivityProfilerHandler.cpp:52] profiler_startUSDT:2026-08-31 04:47:59 485:485 SyncActivityProfilerHandler.cpp:52] profiler_startUSDT:2026-08-31 04:47:59 486:486 SyncActivityProfilerHandler.cpp:52] profiler_start



USDT:2026-08-31 04:48:00 488:488 SyncActivityProfilerHandler.cpp:59] profiler_stopUSDT:2026-08-31 04:48:00 491:491 SyncActivityProfilerHandler.cpp:59] profiler_stopUSDT:2026-08-31 04:48:00 484:484 SyncActivityProfilerHandler.cpp:59] profiler_stopUSDT:2026-08-31 04:48:00 489:489 SyncActivityProfilerHandler.cpp:59] profiler_stop
USDT:2026-08-31 04:48:00 487:487 SyncActivityProfilerHandler.cpp:59] profiler_stop

USDT:2026-08-31 04:48:00 490:490 SyncActivityProfilerHandler.cpp:59] profiler_stop
USDT:2026-08-31 04:48:00 485:485 SyncActivityProfilerHandler.cpp:59] profiler_stop
USDT:2026-08-31 04:48:00 486:486 SyncActivityProfilerHandler.cpp:59] profiler_stop


   - EP:   5/32 | expanded dispatch: 18 GB/s (SO), 34 GB/s (SU), 181.420 us, 6200064 bytes | copy: 1543 GB/s, 9.501 us
   - EP:   4/32 | expanded dispatch: 19 GB/s (SO), 34 GB/s (SU), 181.307 us, 6252480 bytes | copy: 1484 GB/s, 9.995 us
   - EP:   0/32 | expanded dispatch: 19 GB/s (SO), 32 GB/s (SU), 181.390 us, 5863104 bytes | copy: 1236 GB/s, 10.851 us
   - EP:   1/32 | expanded dispatch: 19 GB/s (SO), 33 GB/s (SU), 181.373 us, 6042816 bytes | copy: 1241 GB/s, 10.952 us
   - EP:   3/32 | expanded dispatch: 19 GB/s (SO), 34 GB/s (SU), 181.427 us, 6207552 bytes | copy: 1150 GB/s, 12.104 us
   - EP:   7/32 | expanded dispatch: 18 GB/s (SO), 32 GB/s (SU), 181.304 us, 5803200 bytes | copy: 1700 GB/s, 7.786 us
   - EP:   2/32 | expanded dispatch: 19 GB/s (SO), 33 GB/s (SU), 181.383 us, 5952960 bytes | copy: 1029 GB/s, 13.060 us
   - EP:   6/32 | expanded dispatch: 18 GB/s (SO), 33 GB/s (SU), 181.304 us, 6020352 bytes | copy: 1625 GB/s, 8.395 us
USDT:2026-08-31 04:48:00 488:488 SyncActivityProfilerHandler.cpp:52] profiler_startUSDT:2026-08-31 04:48:00 487:487 SyncActivityProfilerHandler.cpp:52] profiler_startUSDT:2026-08-31 04:48:00 485:485 SyncActivityProfilerHandler.cpp:52] profiler_startUSDT:2026-08-31 04:48:00 486:486 SyncActivityProfilerHandler.cpp:52] profiler_startUSDT:2026-08-31 04:48:00 489:489 SyncActivityProfilerHandler.cpp:52] profiler_startUSDT:2026-08-31 04:48:00 491:491 SyncActivityProfilerHandler.cpp:52] profiler_startUSDT:2026-08-31 04:48:00 484:484 SyncActivityProfilerHandler.cpp:52] profiler_startUSDT:2026-08-31 04:48:00 490:490 SyncActivityProfilerHandler.cpp:52] profiler_start







USDT:2026-08-31 04:48:01 486:486 SyncActivityProfilerHandler.cpp:59] profiler_stopUSDT:2026-08-31 04:48:01 487:487 SyncActivityProfilerHandler.cpp:59] profiler_stop

USDT:2026-08-31 04:48:01 491:491 SyncActivityProfilerHandler.cpp:59] profiler_stopUSDT:2026-08-31 04:48:01 484:484 SyncActivityProfilerHandler.cpp:59] profiler_stop

USDT:2026-08-31 04:48:01 488:488 SyncActivityProfilerHandler.cpp:59] profiler_stopUSDT:2026-08-31 04:48:01 489:489 SyncActivityProfilerHandler.cpp:59] profiler_stop

USDT:2026-08-31 04:48:01 490:490 SyncActivityProfilerHandler.cpp:59] profiler_stopUSDT:2026-08-31 04:48:01 485:485 SyncActivityProfilerHandler.cpp:59] profiler_stop

   # EP:   2/32 | cached dispatch: 20 GB/s (SO), 34 GB/s (SU), 177.597 us, 5952960 bytes | copy: 1105 GB/s, 10.779 us
   # EP:   0/32 | cached dispatch: 20 GB/s (SO), 33 GB/s (SU), 177.629 us, 5863104 bytes | copy: 1262 GB/s, 9.289 us
   # EP:   3/32 | cached dispatch: 19 GB/s (SO), 35 GB/s (SU), 177.654 us, 6207552 bytes | copy: 1070 GB/s, 11.607 us
   # EP:   7/32 | cached dispatch: 19 GB/s (SO), 33 GB/s (SU), 177.370 us, 5803200 bytes | copy: 2327 GB/s, 4.987 us
   # EP:   5/32 | cached dispatch: 19 GB/s (SO), 35 GB/s (SU), 177.655 us, 6200064 bytes | copy: 1420 GB/s, 8.733 us
   # EP:   4/32 | cached dispatch: 19 GB/s (SO), 35 GB/s (SU), 177.632 us, 6252480 bytes | copy: 1329 GB/s, 9.407 us
   # EP:   6/32 | cached dispatch: 19 GB/s (SO), 34 GB/s (SU), 177.611 us, 6020352 bytes | copy: 1301 GB/s, 9.257 us
   # EP:   1/32 | cached dispatch: 19 GB/s (SO), 34 GB/s (SU), 177.564 us, 6042816 bytes | copy: 1094 GB/s, 11.050 us
USDT:2026-08-31 04:48:01 487:487 SyncActivityProfilerHandler.cpp:52] profiler_startUSDT:2026-08-31 04:48:01 485:485 SyncActivityProfilerHandler.cpp:52] profiler_startUSDT:2026-08-31 04:48:01 489:489 SyncActivityProfilerHandler.cpp:52] profiler_startUSDT:2026-08-31 04:48:01 488:488 SyncActivityProfilerHandler.cpp:52] profiler_startUSDT:2026-08-31 04:48:01 491:491 SyncActivityProfilerHandler.cpp:52] profiler_start

USDT:2026-08-31 04:48:01 486:486 SyncActivityProfilerHandler.cpp:52] profiler_start


USDT:2026-08-31 04:48:01 484:484 SyncActivityProfilerHandler.cpp:52] profiler_start

USDT:2026-08-31 04:48:01 490:490 SyncActivityProfilerHandler.cpp:52] profiler_start
USDT:2026-08-31 04:48:01 489:489 SyncActivityProfilerHandler.cpp:59] profiler_stop
USDT:2026-08-31 04:48:01 485:485 SyncActivityProfilerHandler.cpp:59] profiler_stopUSDT:2026-08-31 04:48:01 487:487 SyncActivityProfilerHandler.cpp:59] profiler_stop

USDT:2026-08-31 04:48:01 488:488 SyncActivityProfilerHandler.cpp:59] profiler_stopUSDT:2026-08-31 04:48:01 486:486 SyncActivityProfilerHandler.cpp:59] profiler_stopUSDT:2026-08-31 04:48:01 491:491 SyncActivityProfilerHandler.cpp:59] profiler_stopUSDT:2026-08-31 04:48:01 490:490 SyncActivityProfilerHandler.cpp:59] profiler_stop



USDT:2026-08-31 04:48:01 484:484 SyncActivityProfilerHandler.cpp:59] profiler_stop
   @ EP:   5/32 | combine: 28 GB/s (SO), 51 GB/s (SU), 232.676 us, 11896704 bytes | reduce: 1095 GB/s, 7.465 us
   @ EP:   3/32 | combine: 28 GB/s (SO), 51 GB/s (SU), 232.761 us, 11911072 bytes | reduce: 1086 GB/s, 7.592 us
   @ EP:   2/32 | combine: 28 GB/s (SO), 49 GB/s (SU), 234.641 us, 11422560 bytes | reduce: 1134 GB/s, 7.485 us
   @ EP:   7/32 | combine: 27 GB/s (SO), 48 GB/s (SU), 231.869 us, 11135200 bytes | reduce: 1101 GB/s, 7.346 us
   @ EP:   4/32 | combine: 28 GB/s (SO), 51 GB/s (SU), 235.443 us, 11997280 bytes | reduce: 1128 GB/s, 7.351 us
   @ EP:   1/32 | combine: 28 GB/s (SO), 49 GB/s (SU), 234.422 us, 11594976 bytes | reduce: 1161 GB/s, 7.250 us
   @ EP:   0/32 | combine: 28 GB/s (SO), 47 GB/s (SU), 238.060 us, 11250144 bytes | reduce: 1161 GB/s, 7.387 us
   @ EP:   6/32 | combine: 27 GB/s (SO), 50 GB/s (SU), 233.085 us, 11551872 bytes | reduce: 1098 GB/s, 7.409 us
USDT:2026-08-31 04:48:02 490:490 SyncActivityProfilerHandler.cpp:52] profiler_startUSDT:2026-08-31 04:48:02 487:487 SyncActivityProfilerHandler.cpp:52] profiler_startUSDT:2026-08-31 04:48:02 486:486 SyncActivityProfilerHandler.cpp:52] profiler_start

USDT:2026-08-31 04:48:02 489:489 SyncActivityProfilerHandler.cpp:52] profiler_startUSDT:2026-08-31 04:48:02 485:485 SyncActivityProfilerHandler.cpp:52] profiler_start

USDT:2026-08-31 04:48:02 484:484 SyncActivityProfilerHandler.cpp:52] profiler_start
USDT:2026-08-31 04:48:02 491:491 SyncActivityProfilerHandler.cpp:52] profiler_start

USDT:2026-08-31 04:48:02 488:488 SyncActivityProfilerHandler.cpp:52] profiler_start
USDT:2026-08-31 04:48:02 485:485 SyncActivityProfilerHandler.cpp:59] profiler_stopUSDT:2026-08-31 04:48:02 491:491 SyncActivityProfilerHandler.cpp:59] profiler_stopUSDT:2026-08-31 04:48:02 489:489 SyncActivityProfilerHandler.cpp:59] profiler_stop


USDT:2026-08-31 04:48:02 487:487 SyncActivityProfilerHandler.cpp:59] profiler_stop
USDT:2026-08-31 04:48:02 490:490 SyncActivityProfilerHandler.cpp:59] profiler_stop
USDT:2026-08-31 04:48:02 488:488 SyncActivityProfilerHandler.cpp:59] profiler_stopUSDT:2026-08-31 04:48:02 484:484 SyncActivityProfilerHandler.cpp:59] profiler_stop

USDT:2026-08-31 04:48:02 486:486 SyncActivityProfilerHandler.cpp:59] profiler_stop
   + EP:   7/32 | reduced combine: 26 GB/s (SO), 46 GB/s (SU), 239.909 us, 11135200 bytes | reduce: 1103 GB/s, 7.333 us
   + EP:   5/32 | reduced combine: 27 GB/s (SO), 49 GB/s (SU), 240.965 us, 11896704 bytes | reduce: 1097 GB/s, 7.452 us
   + EP:   2/32 | reduced combine: 28 GB/s (SO), 47 GB/s (SU), 242.035 us, 11422560 bytes | reduce: 1133 GB/s, 7.495 us   + EP:   3/32 | reduced combine: 27 GB/s (SO), 50 GB/s (SU), 239.640 us, 11911072 bytes | reduce: 1060 GB/s, 7.780 us

   + EP:   6/32 | reduced combine: 26 GB/s (SO), 48 GB/s (SU), 241.033 us, 11551872 bytes | reduce: 1069 GB/s, 7.608 us
   + EP:   4/32 | reduced combine: 27 GB/s (SO), 50 GB/s (SU), 241.885 us, 11997280 bytes | reduce: 1102 GB/s, 7.524 us
   + EP:   0/32 | reduced combine: 27 GB/s (SO), 46 GB/s (SU), 245.736 us, 11250144 bytes | reduce: 1105 GB/s, 7.760 us
   + EP:   1/32 | reduced combine: 27 GB/s (SO), 48 GB/s (SU), 241.894 us, 11594976 bytes | reduce: 1119 GB/s, 7.525 us


