=== EP_NIC_NAME=rdmap110s0 (auto, 200 Gb/s) ===
=== GIN: NCCL_GIN_TYPE=5 NCCL_SYM_GIN_KERNELS_ENABLE=0 ===
=== IMAGE=deepep-v2-efa-official:sm90-54fffef  DeepEP=54fffeff810723f574c574b1790dff189f3c6ffb ===
+ docker run --rm --init --gpus all --privileged --network=host --ipc=host --ulimit memlock=-1 --ulimit stack=67108864 --device=/dev/infiniband --device=/dev/gdrdrv -v /sys/class/infiniband:/sys/class/infiniband:ro -e MASTER_ADDR=172.31.10.77 -e MASTER_PORT=8808 -e WORLD_SIZE=4 -e RANK=0 -e NCCL_DEBUG=WARN -e EP_NIC_NAME=rdmap110s0 -e NCCL_GIN_TYPE=5 -e NCCL_SYM_GIN_KERNELS_ENABLE=0 -e PYTHONUNBUFFERED=1 -e PYTHONFAULTHANDLER=1 deepep-v2-efa-official:sm90-54fffef bash -lc 'timeout -s ABRT --kill-after=60 1800     python3 -u /opt/DeepEP/tests/elastic/test_ep.py     --num-processes=8 --num-tokens=128     --hidden=7168 --num-topk=8 --num-experts=256     --num-sms=12 --allow-hybrid-mode=1     --prefer-overlap-with-compute=0 --test-first-only      '

==========
== CUDA ==
==========

CUDA Version 13.0.2

Container image Copyright (c) 2016-2023, NVIDIA CORPORATION & AFFILIATES. All rights reserved.

This container image and its contents are governed by the NVIDIA Deep Learning Container License.
By pulling and using the container, you accept the terms and conditions of this license:
https://developer.nvidia.com/ngc/nvidia-deep-learning-container-license

A copy of this license is made available in this container at /NGC-DL-CONTAINER-LICENSE for your convenience.

NCCL version 2.31.2+cuda13.3
DeepEP hybrid kernel selection: unordered
DeepEP hybrid kernel selection: unordered
DeepEP hybrid kernel selection: unordered
DeepEP hybrid kernel selection: unordered
DeepEP hybrid kernel selection: unordered
DeepEP hybrid kernel selection: unordered
DeepEP hybrid kernel selection: unordered
DeepEP hybrid kernel selection: unordered
DeepEP hybrid kernel selection: unordered
DeepEP hybrid kernel selection: unordered
DeepEP hybrid kernel selection: unordered
DeepEP hybrid kernel selection: unordered
DeepEP hybrid kernel selection: unordered
DeepEP hybrid kernel selection: unordered
DeepEP hybrid kernel selection: unordered
DeepEP hybrid kernel selection: unordered
Config:
 > Ranks: 4 x 8
 > Experts: 8/256
 > Tokens: 128 (max: 128), hidden: 7168
 > #SM: 12, #QPs: 11/11

Running all test cases:
 > Testing with do_handle_copy=1, expert_alignment=128, use_fp8_dispatch=1, num_bias=0, with_previous_event=0, async_with_compute_stream=0, allocate_on_comm_stream=0 ...
USDT:2026-08-31 05:00:17 487:487 SyncActivityProfilerHandler.cpp:52] profiler_startUSDT:2026-08-31 05:00:17 490:490 SyncActivityProfilerHandler.cpp:52] profiler_startUSDT:2026-08-31 05:00:17 492:492 SyncActivityProfilerHandler.cpp:52] profiler_startUSDT:2026-08-31 05:00:17 489:489 SyncActivityProfilerHandler.cpp:52] profiler_startUSDT:2026-08-31 05:00:17 485:485 SyncActivityProfilerHandler.cpp:52] profiler_startUSDT:2026-08-31 05:00:17 488:488 SyncActivityProfilerHandler.cpp:52] profiler_start





USDT:2026-08-31 05:00:17 491:491 SyncActivityProfilerHandler.cpp:52] profiler_start
USDT:2026-08-31 05:00:17 486:486 SyncActivityProfilerHandler.cpp:52] profiler_start
USDT:2026-08-31 05:00:17 486:486 SyncActivityProfilerHandler.cpp:59] profiler_stopUSDT:2026-08-31 05:00:17 489:489 SyncActivityProfilerHandler.cpp:59] profiler_stopUSDT:2026-08-31 05:00:17 485:485 SyncActivityProfilerHandler.cpp:59] profiler_stopUSDT:2026-08-31 05:00:17 492:492 SyncActivityProfilerHandler.cpp:59] profiler_stop

USDT:2026-08-31 05:00:17 487:487 SyncActivityProfilerHandler.cpp:59] profiler_stopUSDT:2026-08-31 05:00:17 488:488 SyncActivityProfilerHandler.cpp:59] profiler_stop

USDT:2026-08-31 05:00:17 490:490 SyncActivityProfilerHandler.cpp:59] profiler_stop


USDT:2026-08-31 05:00:17 491:491 SyncActivityProfilerHandler.cpp:59] profiler_stop
   * EP:   0/32 | dispatch: 19 GB/s (SO), 32 GB/s (SU), 181.789 us, 5863104 bytes | copy: 1044 GB/s, 11.229 us
   * EP:   3/32 | dispatch: 18 GB/s (SO), 34 GB/s (SU), 181.823 us, 6207552 bytes | copy: 1131 GB/s, 10.973 us
   * EP:   2/32 | dispatch: 19 GB/s (SO), 33 GB/s (SU), 181.698 us, 5952960 bytes | copy: 1044 GB/s, 11.404 us
   * EP:   7/32 | dispatch: 18 GB/s (SO), 32 GB/s (SU), 181.377 us, 5803200 bytes | copy: 1876 GB/s, 6.187 us
   * EP:   4/32 | dispatch: 19 GB/s (SO), 34 GB/s (SU), 181.600 us, 6252480 bytes | copy: 1251 GB/s, 9.999 us
   * EP:   1/32 | dispatch: 19 GB/s (SO), 33 GB/s (SU), 181.592 us, 6042816 bytes | copy: 1028 GB/s, 11.756 us
   * EP:   6/32 | dispatch: 18 GB/s (SO), 33 GB/s (SU), 181.484 us, 6020352 bytes | copy: 1668 GB/s, 7.217 us
   * EP:   5/32 | dispatch: 18 GB/s (SO), 34 GB/s (SU), 181.642 us, 6200064 bytes | copy: 1200 GB/s, 10.334 us
USDT:2026-08-31 05:00:17 485:485 SyncActivityProfilerHandler.cpp:52] profiler_startUSDT:2026-08-31 05:00:17 488:488 SyncActivityProfilerHandler.cpp:52] profiler_startUSDT:2026-08-31 05:00:17 489:489 SyncActivityProfilerHandler.cpp:52] profiler_startUSDT:2026-08-31 05:00:17 487:487 SyncActivityProfilerHandler.cpp:52] profiler_start
USDT:2026-08-31 05:00:17 492:492 SyncActivityProfilerHandler.cpp:52] profiler_start
USDT:2026-08-31 05:00:17 486:486 SyncActivityProfilerHandler.cpp:52] profiler_start
USDT:2026-08-31 05:00:17 491:491 SyncActivityProfilerHandler.cpp:52] profiler_start



USDT:2026-08-31 05:00:17 490:490 SyncActivityProfilerHandler.cpp:52] profiler_start
USDT:2026-08-31 05:00:18 486:486 SyncActivityProfilerHandler.cpp:59] profiler_stopUSDT:2026-08-31 05:00:18 487:487 SyncActivityProfilerHandler.cpp:59] profiler_stopUSDT:2026-08-31 05:00:18 485:485 SyncActivityProfilerHandler.cpp:59] profiler_stop
USDT:2026-08-31 05:00:18 489:489 SyncActivityProfilerHandler.cpp:59] profiler_stopUSDT:2026-08-31 05:00:18 490:490 SyncActivityProfilerHandler.cpp:59] profiler_stopUSDT:2026-08-31 05:00:18 492:492 SyncActivityProfilerHandler.cpp:59] profiler_stop



USDT:2026-08-31 05:00:18 491:491 SyncActivityProfilerHandler.cpp:59] profiler_stop
USDT:2026-08-31 05:00:18 488:488 SyncActivityProfilerHandler.cpp:59] profiler_stop

   - EP:   2/32 | expanded dispatch: 19 GB/s (SO), 33 GB/s (SU), 182.594 us, 5952960 bytes | copy: 1045 GB/s, 12.865 us
   - EP:   3/32 | expanded dispatch: 18 GB/s (SO), 34 GB/s (SU), 182.660 us, 6207552 bytes | copy: 1183 GB/s, 11.769 us
   - EP:   0/32 | expanded dispatch: 19 GB/s (SO), 32 GB/s (SU), 182.720 us, 5863104 bytes | copy: 1151 GB/s, 11.653 us
   - EP:   7/32 | expanded dispatch: 18 GB/s (SO), 32 GB/s (SU), 182.282 us, 5803200 bytes | copy: 1848 GB/s, 7.161 us
   - EP:   6/32 | expanded dispatch: 18 GB/s (SO), 33 GB/s (SU), 182.410 us, 6020352 bytes | copy: 1898 GB/s, 7.184 us
   - EP:   4/32 | expanded dispatch: 19 GB/s (SO), 34 GB/s (SU), 182.498 us, 6252480 bytes | copy: 1347 GB/s, 11.019 us
   - EP:   5/32 | expanded dispatch: 18 GB/s (SO), 34 GB/s (SU), 182.531 us, 6200064 bytes | copy: 1415 GB/s, 10.362 us
   - EP:   1/32 | expanded dispatch: 19 GB/s (SO), 33 GB/s (SU), 182.516 us, 6042816 bytes | copy: 1185 GB/s, 11.470 us
USDT:2026-08-31 05:00:18 489:489 SyncActivityProfilerHandler.cpp:52] profiler_startUSDT:2026-08-31 05:00:18 490:490 SyncActivityProfilerHandler.cpp:52] profiler_startUSDT:2026-08-31 05:00:18 487:487 SyncActivityProfilerHandler.cpp:52] profiler_startUSDT:2026-08-31 05:00:18 485:485 SyncActivityProfilerHandler.cpp:52] profiler_startUSDT:2026-08-31 05:00:18 486:486 SyncActivityProfilerHandler.cpp:52] profiler_start
USDT:2026-08-31 05:00:18 492:492 SyncActivityProfilerHandler.cpp:52] profiler_start
USDT:2026-08-31 05:00:18 491:491 SyncActivityProfilerHandler.cpp:52] profiler_start




USDT:2026-08-31 05:00:18 488:488 SyncActivityProfilerHandler.cpp:52] profiler_start
USDT:2026-08-31 05:00:18 490:490 SyncActivityProfilerHandler.cpp:59] profiler_stopUSDT:2026-08-31 05:00:18 491:491 SyncActivityProfilerHandler.cpp:59] profiler_stopUSDT:2026-08-31 05:00:18 487:487 SyncActivityProfilerHandler.cpp:59] profiler_stopUSDT:2026-08-31 05:00:18 486:486 SyncActivityProfilerHandler.cpp:59] profiler_stopUSDT:2026-08-31 05:00:18 488:488 SyncActivityProfilerHandler.cpp:59] profiler_stopUSDT:2026-08-31 05:00:18 485:485 SyncActivityProfilerHandler.cpp:59] profiler_stopUSDT:2026-08-31 05:00:18 489:489 SyncActivityProfilerHandler.cpp:59] profiler_stop


USDT:2026-08-31 05:00:18 492:492 SyncActivityProfilerHandler.cpp:59] profiler_stop




   # EP:   0/32 | cached dispatch: 20 GB/s (SO), 33 GB/s (SU), 177.818 us, 5863104 bytes | copy: 1207 GB/s, 9.713 us
   # EP:   5/32 | cached dispatch: 19 GB/s (SO), 35 GB/s (SU), 177.800 us, 6200064 bytes | copy: 1294 GB/s, 9.580 us
   # EP:   1/32 | cached dispatch: 19 GB/s (SO), 34 GB/s (SU), 177.677 us, 6042816 bytes | copy: 1074 GB/s, 11.258 us
   # EP:   4/32 | cached dispatch: 19 GB/s (SO), 35 GB/s (SU), 177.743 us, 6252480 bytes | copy: 1297 GB/s, 9.645 us
   # EP:   2/32 | cached dispatch: 20 GB/s (SO), 33 GB/s (SU), 177.802 us, 5952960 bytes | copy: 1054 GB/s, 11.292 us
   # EP:   3/32 | cached dispatch: 19 GB/s (SO), 35 GB/s (SU), 177.951 us, 6207552 bytes | copy: 1214 GB/s, 10.227 us
   # EP:   6/32 | cached dispatch: 19 GB/s (SO), 34 GB/s (SU), 177.624 us, 6020352 bytes | copy: 1535 GB/s, 7.845 us
   # EP:   7/32 | cached dispatch: 19 GB/s (SO), 33 GB/s (SU), 177.581 us, 5803200 bytes | copy: 1848 GB/s, 6.282 us
USDT:2026-08-31 05:00:19 487:487 SyncActivityProfilerHandler.cpp:52] profiler_startUSDT:2026-08-31 05:00:19 490:490 SyncActivityProfilerHandler.cpp:52] profiler_start
USDT:2026-08-31 05:00:19 486:486 SyncActivityProfilerHandler.cpp:52] profiler_startUSDT:2026-08-31 05:00:19 489:489 SyncActivityProfilerHandler.cpp:52] profiler_start
USDT:2026-08-31 05:00:19 485:485 SyncActivityProfilerHandler.cpp:52] profiler_startUSDT:2026-08-31 05:00:19 492:492 SyncActivityProfilerHandler.cpp:52] profiler_start



USDT:2026-08-31 05:00:19 491:491 SyncActivityProfilerHandler.cpp:52] profiler_start
USDT:2026-08-31 05:00:19 488:488 SyncActivityProfilerHandler.cpp:52] profiler_start
USDT:2026-08-31 05:00:19 487:487 SyncActivityProfilerHandler.cpp:59] profiler_stopUSDT:2026-08-31 05:00:19 490:490 SyncActivityProfilerHandler.cpp:59] profiler_stopUSDT:2026-08-31 05:00:19 491:491 SyncActivityProfilerHandler.cpp:59] profiler_stop
USDT:2026-08-31 05:00:19 485:485 SyncActivityProfilerHandler.cpp:59] profiler_stop
USDT:2026-08-31 05:00:19 492:492 SyncActivityProfilerHandler.cpp:59] profiler_stopUSDT:2026-08-31 05:00:19 488:488 SyncActivityProfilerHandler.cpp:59] profiler_stopUSDT:2026-08-31 05:00:19 489:489 SyncActivityProfilerHandler.cpp:59] profiler_stop




USDT:2026-08-31 05:00:19 486:486 SyncActivityProfilerHandler.cpp:59] profiler_stop
   @ EP:   2/32 | combine: 29 GB/s (SO), 49 GB/s (SU), 233.635 us, 11422560 bytes | reduce: 1128 GB/s, 7.529 us
   @ EP:   5/32 | combine: 27 GB/s (SO), 51 GB/s (SU), 233.028 us, 11896704 bytes | reduce: 1087 GB/s, 7.521 us
   @ EP:   6/32 | combine: 27 GB/s (SO), 50 GB/s (SU), 232.805 us, 11551872 bytes | reduce: 1119 GB/s, 7.266 us
   @ EP:   4/32 | combine: 28 GB/s (SO), 51 GB/s (SU), 233.585 us, 11997280 bytes | reduce: 1104 GB/s, 7.509 us
   @ EP:   7/32 | combine: 28 GB/s (SO), 48 GB/s (SU), 230.468 us, 11135200 bytes | reduce: 1082 GB/s, 7.474 us
   @ EP:   3/32 | combine: 28 GB/s (SO), 52 GB/s (SU), 230.781 us, 11911072 bytes | reduce: 1126 GB/s, 7.326 us
   @ EP:   1/32 | combine: 28 GB/s (SO), 49 GB/s (SU), 234.817 us, 11594976 bytes | reduce: 1156 GB/s, 7.281 us   @ EP:   0/32 | combine: 29 GB/s (SO), 48 GB/s (SU), 235.258 us, 11250144 bytes | reduce: 1148 GB/s, 7.473 us

USDT:2026-08-31 05:00:20 485:485 SyncActivityProfilerHandler.cpp:52] profiler_startUSDT:2026-08-31 05:00:20 486:486 SyncActivityProfilerHandler.cpp:52] profiler_startUSDT:2026-08-31 05:00:20 491:491 SyncActivityProfilerHandler.cpp:52] profiler_startUSDT:2026-08-31 05:00:20 487:487 SyncActivityProfilerHandler.cpp:52] profiler_startUSDT:2026-08-31 05:00:20 488:488 SyncActivityProfilerHandler.cpp:52] profiler_startUSDT:2026-08-31 05:00:20 492:492 SyncActivityProfilerHandler.cpp:52] profiler_start
USDT:2026-08-31 05:00:20 490:490 SyncActivityProfilerHandler.cpp:52] profiler_startUSDT:2026-08-31 05:00:20 489:489 SyncActivityProfilerHandler.cpp:52] profiler_start






USDT:2026-08-31 05:00:20 491:491 SyncActivityProfilerHandler.cpp:59] profiler_stopUSDT:2026-08-31 05:00:20 490:490 SyncActivityProfilerHandler.cpp:59] profiler_stopUSDT:2026-08-31 05:00:20 486:486 SyncActivityProfilerHandler.cpp:59] profiler_stopUSDT:2026-08-31 05:00:20 492:492 SyncActivityProfilerHandler.cpp:59] profiler_stop
USDT:2026-08-31 05:00:20 489:489 SyncActivityProfilerHandler.cpp:59] profiler_stop

USDT:2026-08-31 05:00:20 487:487 SyncActivityProfilerHandler.cpp:59] profiler_stop

USDT:2026-08-31 05:00:20 485:485 SyncActivityProfilerHandler.cpp:59] profiler_stop

USDT:2026-08-31 05:00:20 488:488 SyncActivityProfilerHandler.cpp:59] profiler_stop
   + EP:   5/32 | reduced combine: 27 GB/s (SO), 49 GB/s (SU), 240.589 us, 11896704 bytes | reduce: 1071 GB/s, 7.632 us
   + EP:   1/32 | reduced combine: 27 GB/s (SO), 48 GB/s (SU), 244.092 us, 11594976 bytes | reduce: 1082 GB/s, 7.783 us   + EP:   2/32 | reduced combine: 27 GB/s (SO), 47 GB/s (SU), 243.500 us, 11422560 bytes | reduce: 1101 GB/s, 7.710 us

   + EP:   6/32 | reduced combine: 26 GB/s (SO), 48 GB/s (SU), 242.160 us, 11551872 bytes | reduce: 1078 GB/s, 7.544 us
   + EP:   4/32 | reduced combine: 27 GB/s (SO), 49 GB/s (SU), 243.075 us, 11997280 bytes | reduce: 1089 GB/s, 7.615 us
   + EP:   0/32 | reduced combine: 27 GB/s (SO), 46 GB/s (SU), 245.797 us, 11250144 bytes | reduce: 1146 GB/s, 7.486 us   + EP:   7/32 | reduced combine: 26 GB/s (SO), 46 GB/s (SU), 239.783 us, 11135200 bytes | reduce: 1058 GB/s, 7.648 us

   + EP:   3/32 | reduced combine: 27 GB/s (SO), 49 GB/s (SU), 240.649 us, 11911072 bytes | reduce: 1130 GB/s, 7.296 us


