=== EP_NIC_NAME=rdmap110s0 (auto, 200 Gb/s) ===
=== GIN: NCCL_GIN_TYPE=5 NCCL_SYM_GIN_KERNELS_ENABLE=0 ===
=== IMAGE=deepep-v2-efa-official:sm90-54fffef  DeepEP=54fffeff810723f574c574b1790dff189f3c6ffb ===
+ docker run --rm --init --gpus all --privileged --network=host --ipc=host --ulimit memlock=-1 --ulimit stack=67108864 --device=/dev/infiniband --device=/dev/gdrdrv -v /sys/class/infiniband:/sys/class/infiniband:ro -e MASTER_ADDR=172.31.10.77 -e MASTER_PORT=8707 -e WORLD_SIZE=2 -e RANK=1 -e NCCL_DEBUG=WARN -e EP_NIC_NAME=rdmap110s0 -e NCCL_GIN_TYPE=5 -e NCCL_SYM_GIN_KERNELS_ENABLE=0 -e PYTHONUNBUFFERED=1 -e PYTHONFAULTHANDLER=1 deepep-v2-efa-official:sm90-54fffef bash -lc 'timeout -s ABRT --kill-after=60 1800     python3 -u /opt/DeepEP/tests/elastic/test_ep.py     --num-processes=8 --num-tokens=8192     --hidden=7168 --num-topk=8 --num-experts=256     --num-sms=12 --allow-hybrid-mode=1     --prefer-overlap-with-compute=0 --test-first-only      '

==========
== CUDA ==
==========

CUDA Version 13.0.2

Container image Copyright (c) 2016-2023, NVIDIA CORPORATION & AFFILIATES. All rights reserved.

This container image and its contents are governed by the NVIDIA Deep Learning Container License.
By pulling and using the container, you accept the terms and conditions of this license:
https://developer.nvidia.com/ngc/nvidia-deep-learning-container-license

A copy of this license is made available in this container at /NGC-DL-CONTAINER-LICENSE for your convenience.

DeepEP hybrid kernel selection: unordered
DeepEP hybrid kernel selection: unordered
DeepEP hybrid kernel selection: unordered
DeepEP hybrid kernel selection: unordered
DeepEP hybrid kernel selection: unordered
DeepEP hybrid kernel selection: unordered
DeepEP hybrid kernel selection: unordered
DeepEP hybrid kernel selection: unordered
DeepEP hybrid kernel selection: unordered
DeepEP hybrid kernel selection: unordered
DeepEP hybrid kernel selection: unordered
DeepEP hybrid kernel selection: unordered
DeepEP hybrid kernel selection: unordered
DeepEP hybrid kernel selection: unordered
DeepEP hybrid kernel selection: unordered
DeepEP hybrid kernel selection: unordered
Config:
 > Ranks: 2 x 8
 > Experts: 8/256
 > Tokens: 8184 (max: 8192), hidden: 7168
 > #SM: 12, #QPs: 11/11

Running all test cases:
 > Testing with do_handle_copy=1, expert_alignment=128, use_fp8_dispatch=1, num_bias=0, with_previous_event=0, async_with_compute_stream=0, allocate_on_comm_stream=0 ...
USDT:2026-08-31 04:17:24 490:490 SyncActivityProfilerHandler.cpp:52] profiler_startUSDT:2026-08-31 04:17:24 483:483 SyncActivityProfilerHandler.cpp:52] profiler_startUSDT:2026-08-31 04:17:24 486:486 SyncActivityProfilerHandler.cpp:52] profiler_startUSDT:2026-08-31 04:17:24 484:484 SyncActivityProfilerHandler.cpp:52] profiler_startUSDT:2026-08-31 04:17:24 485:485 SyncActivityProfilerHandler.cpp:52] profiler_startUSDT:2026-08-31 04:17:24 489:489 SyncActivityProfilerHandler.cpp:52] profiler_start


USDT:2026-08-31 04:17:24 487:487 SyncActivityProfilerHandler.cpp:52] profiler_start

USDT:2026-08-31 04:17:24 488:488 SyncActivityProfilerHandler.cpp:52] profiler_start


USDT:2026-08-31 04:17:25 486:486 SyncActivityProfilerHandler.cpp:59] profiler_stopUSDT:2026-08-31 04:17:25 489:489 SyncActivityProfilerHandler.cpp:59] profiler_stopUSDT:2026-08-31 04:17:25 483:483 SyncActivityProfilerHandler.cpp:59] profiler_stopUSDT:2026-08-31 04:17:25 490:490 SyncActivityProfilerHandler.cpp:59] profiler_stopUSDT:2026-08-31 04:17:25 484:484 SyncActivityProfilerHandler.cpp:59] profiler_stop




USDT:2026-08-31 04:17:25 487:487 SyncActivityProfilerHandler.cpp:59] profiler_stopUSDT:2026-08-31 04:17:25 485:485 SyncActivityProfilerHandler.cpp:59] profiler_stopUSDT:2026-08-31 04:17:25 488:488 SyncActivityProfilerHandler.cpp:59] profiler_stop


   * EP:  14/16 | dispatch: 81 GB/s (SO), 266 GB/s (SU), 1504.000 us, 400525632 bytes | copy: 3290 GB/s, 243.479 us
   * EP:   9/16 | dispatch: 81 GB/s (SO), 265 GB/s (SU), 1504.000 us, 398795904 bytes | copy: 3236 GB/s, 246.497 us
   * EP:  15/16 | dispatch: 81 GB/s (SO), 267 GB/s (SU), 1504.000 us, 401903424 bytes | copy: 3258 GB/s, 246.754 us
   * EP:  10/16 | dispatch: 81 GB/s (SO), 267 GB/s (SU), 1504.000 us, 401289408 bytes | copy: 3258 GB/s, 246.369 us
   * EP:   8/16 | dispatch: 81 GB/s (SO), 266 GB/s (SU), 1504.000 us, 400166208 bytes | copy: 3312 GB/s, 241.623 us
   * EP:  11/16 | dispatch: 81 GB/s (SO), 266 GB/s (SU), 1504.000 us, 400203648 bytes | copy: 3296 GB/s, 242.841 us
   * EP:  12/16 | dispatch: 81 GB/s (SO), 267 GB/s (SU), 1504.000 us, 401401728 bytes | copy: 3226 GB/s, 248.823 us
   * EP:  13/16 | dispatch: 81 GB/s (SO), 265 GB/s (SU), 1504.000 us, 398728512 bytes | copy: 3311 GB/s, 240.871 us
USDT:2026-08-31 04:17:25 486:486 SyncActivityProfilerHandler.cpp:52] profiler_startUSDT:2026-08-31 04:17:25 483:483 SyncActivityProfilerHandler.cpp:52] profiler_startUSDT:2026-08-31 04:17:25 485:485 SyncActivityProfilerHandler.cpp:52] profiler_startUSDT:2026-08-31 04:17:25 489:489 SyncActivityProfilerHandler.cpp:52] profiler_startUSDT:2026-08-31 04:17:25 487:487 SyncActivityProfilerHandler.cpp:52] profiler_start
USDT:2026-08-31 04:17:25 488:488 SyncActivityProfilerHandler.cpp:52] profiler_start
USDT:2026-08-31 04:17:25 484:484 SyncActivityProfilerHandler.cpp:52] profiler_startUSDT:2026-08-31 04:17:25 490:490 SyncActivityProfilerHandler.cpp:52] profiler_start





USDT:2026-08-31 04:17:25 485:485 SyncActivityProfilerHandler.cpp:59] profiler_stopUSDT:2026-08-31 04:17:25 488:488 SyncActivityProfilerHandler.cpp:59] profiler_stopUSDT:2026-08-31 04:17:25 490:490 SyncActivityProfilerHandler.cpp:59] profiler_stop
USDT:2026-08-31 04:17:25 489:489 SyncActivityProfilerHandler.cpp:59] profiler_stop
USDT:2026-08-31 04:17:25 486:486 SyncActivityProfilerHandler.cpp:59] profiler_stopUSDT:2026-08-31 04:17:25 484:484 SyncActivityProfilerHandler.cpp:59] profiler_stop

USDT:2026-08-31 04:17:25 487:487 SyncActivityProfilerHandler.cpp:59] profiler_stop

USDT:2026-08-31 04:17:25 483:483 SyncActivityProfilerHandler.cpp:59] profiler_stop

   - EP:   9/16 | expanded dispatch: 81 GB/s (SO), 266 GB/s (SU), 1501.000 us, 398795904 bytes | copy: 2844 GB/s, 314.807 us
   - EP:  14/16 | expanded dispatch: 81 GB/s (SO), 267 GB/s (SU), 1501.000 us, 400525632 bytes | copy: 2822 GB/s, 319.628 us
   - EP:  15/16 | expanded dispatch: 81 GB/s (SO), 268 GB/s (SU), 1501.000 us, 401903424 bytes | copy: 2848 GB/s, 317.619 us
   - EP:  10/16 | expanded dispatch: 81 GB/s (SO), 267 GB/s (SU), 1501.000 us, 401289408 bytes | copy: 2839 GB/s, 317.927 us
   - EP:  11/16 | expanded dispatch: 81 GB/s (SO), 267 GB/s (SU), 1501.000 us, 400203648 bytes | copy: 2887 GB/s, 312.123 us
   - EP:  12/16 | expanded dispatch: 81 GB/s (SO), 267 GB/s (SU), 1501.000 us, 401401728 bytes | copy: 2848 GB/s, 317.279 us
   - EP:  13/16 | expanded dispatch: 81 GB/s (SO), 266 GB/s (SU), 1501.000 us, 398728512 bytes | copy: 2852 GB/s, 314.605 us
   - EP:   8/16 | expanded dispatch: 81 GB/s (SO), 267 GB/s (SU), 1501.000 us, 400166208 bytes | copy: 2904 GB/s, 310.719 us
USDT:2026-08-31 04:17:26 485:485 SyncActivityProfilerHandler.cpp:52] profiler_startUSDT:2026-08-31 04:17:26 483:483 SyncActivityProfilerHandler.cpp:52] profiler_startUSDT:2026-08-31 04:17:26 486:486 SyncActivityProfilerHandler.cpp:52] profiler_startUSDT:2026-08-31 04:17:26 489:489 SyncActivityProfilerHandler.cpp:52] profiler_startUSDT:2026-08-31 04:17:26 488:488 SyncActivityProfilerHandler.cpp:52] profiler_start



USDT:2026-08-31 04:17:26 490:490 SyncActivityProfilerHandler.cpp:52] profiler_startUSDT:2026-08-31 04:17:26 487:487 SyncActivityProfilerHandler.cpp:52] profiler_start


USDT:2026-08-31 04:17:26 484:484 SyncActivityProfilerHandler.cpp:52] profiler_start
USDT:2026-08-31 04:17:26 488:488 SyncActivityProfilerHandler.cpp:59] profiler_stopUSDT:2026-08-31 04:17:26 483:483 SyncActivityProfilerHandler.cpp:59] profiler_stopUSDT:2026-08-31 04:17:26 489:489 SyncActivityProfilerHandler.cpp:59] profiler_stopUSDT:2026-08-31 04:17:26 486:486 SyncActivityProfilerHandler.cpp:59] profiler_stop



USDT:2026-08-31 04:17:26 485:485 SyncActivityProfilerHandler.cpp:59] profiler_stopUSDT:2026-08-31 04:17:26 487:487 SyncActivityProfilerHandler.cpp:59] profiler_stop

USDT:2026-08-31 04:17:26 490:490 SyncActivityProfilerHandler.cpp:59] profiler_stop
USDT:2026-08-31 04:17:26 484:484 SyncActivityProfilerHandler.cpp:59] profiler_stop
   # EP:  10/16 | cached dispatch: 77 GB/s (SO), 252 GB/s (SU), 1591.000 us, 401289408 bytes | copy: 3365 GB/s, 238.521 us
   # EP:   8/16 | cached dispatch: 77 GB/s (SO), 252 GB/s (SU), 1591.000 us, 400166208 bytes | copy: 3384 GB/s, 236.508 us
   # EP:  12/16 | cached dispatch: 77 GB/s (SO), 252 GB/s (SU), 1591.000 us, 401401728 bytes | copy: 3292 GB/s, 243.874 us
   # EP:  13/16 | cached dispatch: 77 GB/s (SO), 251 GB/s (SU), 1591.000 us, 398728512 bytes | copy: 3377 GB/s, 236.158 us
   # EP:  15/16 | cached dispatch: 77 GB/s (SO), 253 GB/s (SU), 1591.000 us, 401903424 bytes | copy: 3369 GB/s, 238.592 us
   # EP:  14/16 | cached dispatch: 77 GB/s (SO), 252 GB/s (SU), 1591.000 us, 400525632 bytes | copy: 3348 GB/s, 239.241 us
   # EP:  11/16 | cached dispatch: 77 GB/s (SO), 252 GB/s (SU), 1591.000 us, 400203648 bytes | copy: 3309 GB/s, 241.908 us
   # EP:   9/16 | cached dispatch: 77 GB/s (SO), 251 GB/s (SU), 1591.000 us, 398795904 bytes | copy: 3379 GB/s, 236.070 us
USDT:2026-08-31 04:17:27 488:488 SyncActivityProfilerHandler.cpp:52] profiler_start
USDT:2026-08-31 04:17:27 485:485 SyncActivityProfilerHandler.cpp:52] profiler_start
USDT:2026-08-31 04:17:27 486:486 SyncActivityProfilerHandler.cpp:52] profiler_startUSDT:2026-08-31 04:17:27 484:484 SyncActivityProfilerHandler.cpp:52] profiler_startUSDT:2026-08-31 04:17:27 490:490 SyncActivityProfilerHandler.cpp:52] profiler_start


USDT:2026-08-31 04:17:27 487:487 SyncActivityProfilerHandler.cpp:52] profiler_startUSDT:2026-08-31 04:17:27 489:489 SyncActivityProfilerHandler.cpp:52] profiler_start

USDT:2026-08-31 04:17:27 483:483 SyncActivityProfilerHandler.cpp:52] profiler_start
USDT:2026-08-31 04:17:27 488:488 SyncActivityProfilerHandler.cpp:59] profiler_stop
USDT:2026-08-31 04:17:27 485:485 SyncActivityProfilerHandler.cpp:59] profiler_stop
USDT:2026-08-31 04:17:27 486:486 SyncActivityProfilerHandler.cpp:59] profiler_stop
USDT:2026-08-31 04:17:27 484:484 SyncActivityProfilerHandler.cpp:59] profiler_stop
USDT:2026-08-31 04:17:27 490:490 SyncActivityProfilerHandler.cpp:59] profiler_stop
USDT:2026-08-31 04:17:27 487:487 SyncActivityProfilerHandler.cpp:59] profiler_stop
USDT:2026-08-31 04:17:27 489:489 SyncActivityProfilerHandler.cpp:59] profiler_stop
USDT:2026-08-31 04:17:27 483:483 SyncActivityProfilerHandler.cpp:59] profiler_stop
   @ EP:   9/16 | combine: 73 GB/s (SO), 237 GB/s (SU), 3230.000 us, 765210944 bytes | reduce: 3672 GB/s, 95.854 us
   @ EP:  10/16 | combine: 73 GB/s (SO), 240 GB/s (SU), 3205.000 us, 769995488 bytes | reduce: 3667 GB/s, 95.975 us
   @ EP:  11/16 | combine: 73 GB/s (SO), 238 GB/s (SU), 3225.000 us, 767912128 bytes | reduce: 3666 GB/s, 95.979 us   @ EP:  12/16 | combine: 72 GB/s (SO), 237 GB/s (SU), 3243.000 us, 770211008 bytes | reduce: 3671 GB/s, 95.821 us

   @ EP:  13/16 | combine: 73 GB/s (SO), 239 GB/s (SU), 3198.000 us, 765081632 bytes | reduce: 3674 GB/s, 95.767 us
   @ EP:  15/16 | combine: 72 GB/s (SO), 238 GB/s (SU), 3234.000 us, 771173664 bytes | reduce: 3678 GB/s, 95.550 us
   @ EP:  14/16 | combine: 72 GB/s (SO), 235 GB/s (SU), 3271.000 us, 768529952 bytes | reduce: 3673 GB/s, 95.777 us
   @ EP:   8/16 | combine: 62 GB/s (SO), 203 GB/s (SU), 3791.000 us, 767840288 bytes | reduce: 3688 GB/s, 95.445 us
USDT:2026-08-31 04:17:28 490:490 SyncActivityProfilerHandler.cpp:52] profiler_startUSDT:2026-08-31 04:17:28 488:488 SyncActivityProfilerHandler.cpp:52] profiler_start

USDT:2026-08-31 04:17:28 486:486 SyncActivityProfilerHandler.cpp:52] profiler_start
USDT:2026-08-31 04:17:28 487:487 SyncActivityProfilerHandler.cpp:52] profiler_start
USDT:2026-08-31 04:17:28 484:484 SyncActivityProfilerHandler.cpp:52] profiler_start
USDT:2026-08-31 04:17:28 483:483 SyncActivityProfilerHandler.cpp:52] profiler_start
USDT:2026-08-31 04:17:28 485:485 SyncActivityProfilerHandler.cpp:52] profiler_startUSDT:2026-08-31 04:17:28 489:489 SyncActivityProfilerHandler.cpp:52] profiler_start

USDT:2026-08-31 04:17:28 488:488 SyncActivityProfilerHandler.cpp:59] profiler_stop
USDT:2026-08-31 04:17:28 486:486 SyncActivityProfilerHandler.cpp:59] profiler_stopUSDT:2026-08-31 04:17:28 490:490 SyncActivityProfilerHandler.cpp:59] profiler_stop

USDT:2026-08-31 04:17:28 487:487 SyncActivityProfilerHandler.cpp:59] profiler_stop
USDT:2026-08-31 04:17:28 483:483 SyncActivityProfilerHandler.cpp:59] profiler_stop
USDT:2026-08-31 04:17:28 484:484 SyncActivityProfilerHandler.cpp:59] profiler_stop
USDT:2026-08-31 04:17:28 485:485 SyncActivityProfilerHandler.cpp:59] profiler_stop
USDT:2026-08-31 04:17:28 489:489 SyncActivityProfilerHandler.cpp:59] profiler_stop
   + EP:  15/16 | reduced combine: 54 GB/s (SO), 177 GB/s (SU), 4364.000 us, 771173664 bytes | reduce: 3663 GB/s, 95.953 us
   + EP:  13/16 | reduced combine: 54 GB/s (SO), 175 GB/s (SU), 4378.000 us, 765081632 bytes | reduce: 3662 GB/s, 96.068 us
   + EP:  12/16 | reduced combine: 53 GB/s (SO), 175 GB/s (SU), 4406.000 us, 770211008 bytes | reduce: 3660 GB/s, 96.101 us
   + EP:  10/16 | reduced combine: 53 GB/s (SO), 174 GB/s (SU), 4438.000 us, 769995488 bytes | reduce: 3662 GB/s, 96.111 us
   + EP:  11/16 | reduced combine: 53 GB/s (SO), 174 GB/s (SU), 4407.000 us, 767912128 bytes | reduce: 3654 GB/s, 96.274 us
   + EP:   9/16 | reduced combine: 53 GB/s (SO), 173 GB/s (SU), 4422.000 us, 765210944 bytes | reduce: 3670 GB/s, 95.890 us
   + EP:  14/16 | reduced combine: 53 GB/s (SO), 173 GB/s (SU), 4438.000 us, 768529952 bytes | reduce: 3672 GB/s, 95.803 us
   + EP:   8/16 | reduced combine: 53 GB/s (SO), 173 GB/s (SU), 4430.000 us, 767840288 bytes | reduce: 3659 GB/s, 96.216 us


