=== EP_NIC_NAME=rdmap110s0 (auto, 200 Gb/s) ===
=== GIN: NCCL_GIN_TYPE=5 NCCL_SYM_GIN_KERNELS_ENABLE=0 ===
=== IMAGE=deepep-v2-efa-official:sm90-54fffef  DeepEP=54fffeff810723f574c574b1790dff189f3c6ffb ===
+ docker run --rm --init --gpus all --privileged --network=host --ipc=host --ulimit memlock=-1 --ulimit stack=67108864 --device=/dev/infiniband --device=/dev/gdrdrv -v /sys/class/infiniband:/sys/class/infiniband:ro -e MASTER_ADDR=172.31.10.77 -e MASTER_PORT=8713 -e WORLD_SIZE=2 -e RANK=1 -e NCCL_DEBUG=WARN -e EP_NIC_NAME=rdmap110s0 -e NCCL_GIN_TYPE=5 -e NCCL_SYM_GIN_KERNELS_ENABLE=0 -e PYTHONUNBUFFERED=1 -e PYTHONFAULTHANDLER=1 deepep-v2-efa-official:sm90-54fffef bash -lc 'timeout -s ABRT --kill-after=60 1800     python3 -u /opt/DeepEP/tests/elastic/test_ep.py     --num-processes=8 --num-tokens=8192     --hidden=7168 --num-topk=8 --num-experts=256     --num-sms=12 --allow-hybrid-mode=1     --prefer-overlap-with-compute=0 --test-first-only      '

==========
== CUDA ==
==========

CUDA Version 13.0.2

Container image Copyright (c) 2016-2023, NVIDIA CORPORATION & AFFILIATES. All rights reserved.

This container image and its contents are governed by the NVIDIA Deep Learning Container License.
By pulling and using the container, you accept the terms and conditions of this license:
https://developer.nvidia.com/ngc/nvidia-deep-learning-container-license

A copy of this license is made available in this container at /NGC-DL-CONTAINER-LICENSE for your convenience.

DeepEP hybrid kernel selection: unordered
DeepEP hybrid kernel selection: unordered
DeepEP hybrid kernel selection: unordered
DeepEP hybrid kernel selection: unordered
DeepEP hybrid kernel selection: unordered
DeepEP hybrid kernel selection: unordered
DeepEP hybrid kernel selection: unordered
DeepEP hybrid kernel selection: unordered
DeepEP hybrid kernel selection: unordered
DeepEP hybrid kernel selection: unordered
DeepEP hybrid kernel selection: unordered
DeepEP hybrid kernel selection: unordered
DeepEP hybrid kernel selection: unordered
DeepEP hybrid kernel selection: unordered
DeepEP hybrid kernel selection: unordered
DeepEP hybrid kernel selection: unordered
Config:
 > Ranks: 2 x 8
 > Experts: 8/256
 > Tokens: 8184 (max: 8192), hidden: 7168
 > #SM: 12, #QPs: 11/11

Running all test cases:
 > Testing with do_handle_copy=1, expert_alignment=128, use_fp8_dispatch=1, num_bias=0, with_previous_event=0, async_with_compute_stream=0, allocate_on_comm_stream=0 ...
USDT:2026-08-31 04:29:15 488:488 SyncActivityProfilerHandler.cpp:52] profiler_startUSDT:2026-08-31 04:29:15 489:489 SyncActivityProfilerHandler.cpp:52] profiler_startUSDT:2026-08-31 04:29:15 492:492 SyncActivityProfilerHandler.cpp:52] profiler_startUSDT:2026-08-31 04:29:15 493:493 SyncActivityProfilerHandler.cpp:52] profiler_startUSDT:2026-08-31 04:29:15 487:487 SyncActivityProfilerHandler.cpp:52] profiler_start




USDT:2026-08-31 04:29:15 490:490 SyncActivityProfilerHandler.cpp:52] profiler_startUSDT:2026-08-31 04:29:15 491:491 SyncActivityProfilerHandler.cpp:52] profiler_start

USDT:2026-08-31 04:29:15 486:486 SyncActivityProfilerHandler.cpp:52] profiler_start
USDT:2026-08-31 04:29:15 492:492 SyncActivityProfilerHandler.cpp:59] profiler_stopUSDT:2026-08-31 04:29:15 489:489 SyncActivityProfilerHandler.cpp:59] profiler_stop

USDT:2026-08-31 04:29:15 493:493 SyncActivityProfilerHandler.cpp:59] profiler_stopUSDT:2026-08-31 04:29:15 487:487 SyncActivityProfilerHandler.cpp:59] profiler_stop
USDT:2026-08-31 04:29:15 490:490 SyncActivityProfilerHandler.cpp:59] profiler_stopUSDT:2026-08-31 04:29:15 491:491 SyncActivityProfilerHandler.cpp:59] profiler_stopUSDT:2026-08-31 04:29:15 488:488 SyncActivityProfilerHandler.cpp:59] profiler_stop

USDT:2026-08-31 04:29:15 486:486 SyncActivityProfilerHandler.cpp:59] profiler_stop


   * EP:   9/16 | dispatch: 81 GB/s (SO), 266 GB/s (SU), 1502.000 us, 398795904 bytes | copy: 3312 GB/s, 240.826 us
   * EP:  14/16 | dispatch: 81 GB/s (SO), 267 GB/s (SU), 1502.000 us, 400525632 bytes | copy: 3260 GB/s, 245.736 us
   * EP:   8/16 | dispatch: 81 GB/s (SO), 266 GB/s (SU), 1502.000 us, 400166208 bytes | copy: 3282 GB/s, 243.839 us
   * EP:  15/16 | dispatch: 81 GB/s (SO), 268 GB/s (SU), 1502.000 us, 401903424 bytes | copy: 3245 GB/s, 247.705 us
   * EP:  11/16 | dispatch: 81 GB/s (SO), 266 GB/s (SU), 1502.000 us, 400203648 bytes | copy: 3252 GB/s, 246.164 us
   * EP:  10/16 | dispatch: 81 GB/s (SO), 267 GB/s (SU), 1502.000 us, 401289408 bytes | copy: 3325 GB/s, 241.390 us
   * EP:  13/16 | dispatch: 81 GB/s (SO), 265 GB/s (SU), 1502.000 us, 398728512 bytes | copy: 3312 GB/s, 240.764 us
   * EP:  12/16 | dispatch: 81 GB/s (SO), 267 GB/s (SU), 1501.000 us, 401401728 bytes | copy: 3280 GB/s, 244.764 us
USDT:2026-08-31 04:29:15 490:490 SyncActivityProfilerHandler.cpp:52] profiler_startUSDT:2026-08-31 04:29:15 492:492 SyncActivityProfilerHandler.cpp:52] profiler_startUSDT:2026-08-31 04:29:15 487:487 SyncActivityProfilerHandler.cpp:52] profiler_startUSDT:2026-08-31 04:29:15 489:489 SyncActivityProfilerHandler.cpp:52] profiler_startUSDT:2026-08-31 04:29:15 491:491 SyncActivityProfilerHandler.cpp:52] profiler_start
USDT:2026-08-31 04:29:15 493:493 SyncActivityProfilerHandler.cpp:52] profiler_start


USDT:2026-08-31 04:29:15 488:488 SyncActivityProfilerHandler.cpp:52] profiler_startUSDT:2026-08-31 04:29:15 486:486 SyncActivityProfilerHandler.cpp:52] profiler_start



USDT:2026-08-31 04:29:16 489:489 SyncActivityProfilerHandler.cpp:59] profiler_stopUSDT:2026-08-31 04:29:16 491:491 SyncActivityProfilerHandler.cpp:59] profiler_stopUSDT:2026-08-31 04:29:16 492:492 SyncActivityProfilerHandler.cpp:59] profiler_stop
USDT:2026-08-31 04:29:16 487:487 SyncActivityProfilerHandler.cpp:59] profiler_stop


USDT:2026-08-31 04:29:16 490:490 SyncActivityProfilerHandler.cpp:59] profiler_stopUSDT:2026-08-31 04:29:16 488:488 SyncActivityProfilerHandler.cpp:59] profiler_stop
USDT:2026-08-31 04:29:16 493:493 SyncActivityProfilerHandler.cpp:59] profiler_stop

USDT:2026-08-31 04:29:16 486:486 SyncActivityProfilerHandler.cpp:59] profiler_stop
   - EP:   9/16 | expanded dispatch: 81 GB/s (SO), 265 GB/s (SU), 1505.000 us, 398795904 bytes | copy: 2834 GB/s, 315.886 us
   - EP:  14/16 | expanded dispatch: 81 GB/s (SO), 266 GB/s (SU), 1505.000 us, 400525632 bytes | copy: 2866 GB/s, 314.773 us
   - EP:  15/16 | expanded dispatch: 81 GB/s (SO), 267 GB/s (SU), 1505.000 us, 401903424 bytes | copy: 2822 GB/s, 320.459 us
   - EP:  11/16 | expanded dispatch: 81 GB/s (SO), 266 GB/s (SU), 1505.000 us, 400203648 bytes | copy: 2843 GB/s, 316.983 us
   - EP:   8/16 | expanded dispatch: 81 GB/s (SO), 266 GB/s (SU), 1505.000 us, 400166208 bytes | copy: 2848 GB/s, 316.838 us
   - EP:  13/16 | expanded dispatch: 81 GB/s (SO), 265 GB/s (SU), 1505.000 us, 398728512 bytes | copy: 2794 GB/s, 321.085 us
   - EP:  10/16 | expanded dispatch: 81 GB/s (SO), 267 GB/s (SU), 1505.000 us, 401289408 bytes | copy: 2816 GB/s, 320.491 us
   - EP:  12/16 | expanded dispatch: 81 GB/s (SO), 267 GB/s (SU), 1505.000 us, 401401728 bytes | copy: 2810 GB/s, 321.532 us
USDT:2026-08-31 04:29:16 487:487 SyncActivityProfilerHandler.cpp:52] profiler_startUSDT:2026-08-31 04:29:16 492:492 SyncActivityProfilerHandler.cpp:52] profiler_startUSDT:2026-08-31 04:29:16 488:488 SyncActivityProfilerHandler.cpp:52] profiler_startUSDT:2026-08-31 04:29:16 489:489 SyncActivityProfilerHandler.cpp:52] profiler_startUSDT:2026-08-31 04:29:16 493:493 SyncActivityProfilerHandler.cpp:52] profiler_start




USDT:2026-08-31 04:29:16 486:486 SyncActivityProfilerHandler.cpp:52] profiler_startUSDT:2026-08-31 04:29:16 491:491 SyncActivityProfilerHandler.cpp:52] profiler_startUSDT:2026-08-31 04:29:16 490:490 SyncActivityProfilerHandler.cpp:52] profiler_start


USDT:2026-08-31 04:29:17 492:492 SyncActivityProfilerHandler.cpp:59] profiler_stopUSDT:2026-08-31 04:29:17 489:489 SyncActivityProfilerHandler.cpp:59] profiler_stop

USDT:2026-08-31 04:29:17 493:493 SyncActivityProfilerHandler.cpp:59] profiler_stopUSDT:2026-08-31 04:29:17 487:487 SyncActivityProfilerHandler.cpp:59] profiler_stop

USDT:2026-08-31 04:29:17 488:488 SyncActivityProfilerHandler.cpp:59] profiler_stopUSDT:2026-08-31 04:29:17 491:491 SyncActivityProfilerHandler.cpp:59] profiler_stopUSDT:2026-08-31 04:29:17 486:486 SyncActivityProfilerHandler.cpp:59] profiler_stop
USDT:2026-08-31 04:29:17 490:490 SyncActivityProfilerHandler.cpp:59] profiler_stop


   # EP:  14/16 | cached dispatch: 77 GB/s (SO), 252 GB/s (SU), 1591.000 us, 400525632 bytes | copy: 3320 GB/s, 241.311 us
   # EP:   8/16 | cached dispatch: 77 GB/s (SO), 252 GB/s (SU), 1591.000 us, 400166208 bytes | copy: 3387 GB/s, 236.318 us
   # EP:  13/16 | cached dispatch: 77 GB/s (SO), 251 GB/s (SU), 1591.000 us, 398728512 bytes | copy: 3382 GB/s, 235.825 us
   # EP:   9/16 | cached dispatch: 77 GB/s (SO), 251 GB/s (SU), 1591.000 us, 398795904 bytes | copy: 3398 GB/s, 234.756 us
   # EP:  12/16 | cached dispatch: 77 GB/s (SO), 252 GB/s (SU), 1591.000 us, 401401728 bytes | copy: 3337 GB/s, 240.562 us
   # EP:  11/16 | cached dispatch: 77 GB/s (SO), 252 GB/s (SU), 1591.000 us, 400203648 bytes | copy: 3328 GB/s, 240.476 us
   # EP:  10/16 | cached dispatch: 77 GB/s (SO), 252 GB/s (SU), 1591.000 us, 401289408 bytes | copy: 3387 GB/s, 236.931 us
   # EP:  15/16 | cached dispatch: 77 GB/s (SO), 253 GB/s (SU), 1591.000 us, 401903424 bytes | copy: 3396 GB/s, 236.706 us
USDT:2026-08-31 04:29:17 489:489 SyncActivityProfilerHandler.cpp:52] profiler_start
USDT:2026-08-31 04:29:17 486:486 SyncActivityProfilerHandler.cpp:52] profiler_startUSDT:2026-08-31 04:29:17 490:490 SyncActivityProfilerHandler.cpp:52] profiler_startUSDT:2026-08-31 04:29:17 491:491 SyncActivityProfilerHandler.cpp:52] profiler_startUSDT:2026-08-31 04:29:17 493:493 SyncActivityProfilerHandler.cpp:52] profiler_start

USDT:2026-08-31 04:29:17 492:492 SyncActivityProfilerHandler.cpp:52] profiler_start


USDT:2026-08-31 04:29:17 488:488 SyncActivityProfilerHandler.cpp:52] profiler_start
USDT:2026-08-31 04:29:17 487:487 SyncActivityProfilerHandler.cpp:52] profiler_start
USDT:2026-08-31 04:29:18 489:489 SyncActivityProfilerHandler.cpp:59] profiler_stop
USDT:2026-08-31 04:29:18 492:492 SyncActivityProfilerHandler.cpp:59] profiler_stop
USDT:2026-08-31 04:29:18 486:486 SyncActivityProfilerHandler.cpp:59] profiler_stopUSDT:2026-08-31 04:29:18 490:490 SyncActivityProfilerHandler.cpp:59] profiler_stopUSDT:2026-08-31 04:29:18 493:493 SyncActivityProfilerHandler.cpp:59] profiler_stop

USDT:2026-08-31 04:29:18 491:491 SyncActivityProfilerHandler.cpp:59] profiler_stop

USDT:2026-08-31 04:29:18 488:488 SyncActivityProfilerHandler.cpp:59] profiler_stop
USDT:2026-08-31 04:29:18 487:487 SyncActivityProfilerHandler.cpp:59] profiler_stop
   @ EP:  11/16 | combine: 64 GB/s (SO), 209 GB/s (SU), 3680.000 us, 767912128 bytes | reduce: 3675 GB/s, 95.735 us
   @ EP:   8/16 | combine: 61 GB/s (SO), 199 GB/s (SU), 3857.000 us, 767840288 bytes | reduce: 3666 GB/s, 96.022 us
   @ EP:  15/16 | combine: 61 GB/s (SO), 200 GB/s (SU), 3858.000 us, 771173664 bytes | reduce: 3661 GB/s, 95.998 us
   @ EP:  13/16 | combine: 61 GB/s (SO), 198 GB/s (SU), 3860.000 us, 765081632 bytes | reduce: 3664 GB/s, 96.033 us
   @ EP:  10/16 | combine: 61 GB/s (SO), 199 GB/s (SU), 3869.000 us, 769995488 bytes | reduce: 3666 GB/s, 96.004 us   @ EP:  12/16 | combine: 61 GB/s (SO), 200 GB/s (SU), 3845.000 us, 770211008 bytes | reduce: 3667 GB/s, 95.913 us

   @ EP:   9/16 | combine: 61 GB/s (SO), 198 GB/s (SU), 3869.000 us, 765210944 bytes | reduce: 3668 GB/s, 95.947 us
   @ EP:  14/16 | combine: 61 GB/s (SO), 200 GB/s (SU), 3842.000 us, 768529952 bytes | reduce: 3664 GB/s, 96.032 us
USDT:2026-08-31 04:29:18 491:491 SyncActivityProfilerHandler.cpp:52] profiler_start
USDT:2026-08-31 04:29:18 493:493 SyncActivityProfilerHandler.cpp:52] profiler_start
USDT:2026-08-31 04:29:18 487:487 SyncActivityProfilerHandler.cpp:52] profiler_startUSDT:2026-08-31 04:29:18 486:486 SyncActivityProfilerHandler.cpp:52] profiler_startUSDT:2026-08-31 04:29:18 488:488 SyncActivityProfilerHandler.cpp:52] profiler_start


USDT:2026-08-31 04:29:18 490:490 SyncActivityProfilerHandler.cpp:52] profiler_start
USDT:2026-08-31 04:29:18 489:489 SyncActivityProfilerHandler.cpp:52] profiler_start
USDT:2026-08-31 04:29:18 492:492 SyncActivityProfilerHandler.cpp:52] profiler_start
USDT:2026-08-31 04:29:19 491:491 SyncActivityProfilerHandler.cpp:59] profiler_stop
USDT:2026-08-31 04:29:19 493:493 SyncActivityProfilerHandler.cpp:59] profiler_stop
USDT:2026-08-31 04:29:19 488:488 SyncActivityProfilerHandler.cpp:59] profiler_stopUSDT:2026-08-31 04:29:19 490:490 SyncActivityProfilerHandler.cpp:59] profiler_stop

USDT:2026-08-31 04:29:19 489:489 SyncActivityProfilerHandler.cpp:59] profiler_stop
USDT:2026-08-31 04:29:19 487:487 SyncActivityProfilerHandler.cpp:59] profiler_stop
USDT:2026-08-31 04:29:19 486:486 SyncActivityProfilerHandler.cpp:59] profiler_stopUSDT:2026-08-31 04:29:19 492:492 SyncActivityProfilerHandler.cpp:59] profiler_stop

   + EP:  15/16 | reduced combine: 53 GB/s (SO), 176 GB/s (SU), 4389.000 us, 771173664 bytes | reduce: 3669 GB/s, 95.801 us   + EP:  10/16 | reduced combine: 53 GB/s (SO), 175 GB/s (SU), 4411.000 us, 769995488 bytes | reduce: 3665 GB/s, 96.017 us

   + EP:  13/16 | reduced combine: 53 GB/s (SO), 175 GB/s (SU), 4384.000 us, 765081632 bytes | reduce: 3651 GB/s, 96.367 us
   + EP:   8/16 | reduced combine: 53 GB/s (SO), 174 GB/s (SU), 4411.000 us, 767840288 bytes | reduce: 3666 GB/s, 96.025 us
   + EP:   9/16 | reduced combine: 53 GB/s (SO), 173 GB/s (SU), 4412.000 us, 765210944 bytes | reduce: 3664 GB/s, 96.065 us
   + EP:  12/16 | reduced combine: 53 GB/s (SO), 174 GB/s (SU), 4418.000 us, 770211008 bytes | reduce: 3659 GB/s, 96.135 us
   + EP:  14/16 | reduced combine: 53 GB/s (SO), 173 GB/s (SU), 4453.000 us, 768529952 bytes | reduce: 3681 GB/s, 95.588 us
   + EP:  11/16 | reduced combine: 53 GB/s (SO), 174 GB/s (SU), 4421.000 us, 767912128 bytes | reduce: 3664 GB/s, 96.023 us


