=== EP_NIC_NAME=rdmap110s0 (auto, 200 Gb/s) ===
=== GIN: NCCL_GIN_TYPE=5 NCCL_SYM_GIN_KERNELS_ENABLE=0 ===
=== IMAGE=deepep-v2-efa-official:sm90-bfbdd15  DeepEP=bfbdd15ff448783f877cb2210cb3246c8452b05e ===
+ docker run --rm --init --gpus all --privileged --network=host --ipc=host --ulimit memlock=-1 --ulimit stack=67108864 --device=/dev/infiniband --device=/dev/gdrdrv -v /sys/class/infiniband:/sys/class/infiniband:ro -e MASTER_ADDR=172.31.10.77 -e MASTER_PORT=8716 -e WORLD_SIZE=2 -e RANK=1 -e NCCL_DEBUG=WARN -e EP_NIC_NAME=rdmap110s0 -e NCCL_GIN_TYPE=5 -e NCCL_SYM_GIN_KERNELS_ENABLE=0 -e PYTHONUNBUFFERED=1 -e PYTHONFAULTHANDLER=1 deepep-v2-efa-official:sm90-bfbdd15 bash -lc 'timeout -s ABRT --kill-after=60 1800     python3 -u /opt/DeepEP/tests/elastic/test_ep.py     --num-processes=8 --num-tokens=128     --hidden=7168 --num-topk=8 --num-experts=256     --num-sms=12 --allow-hybrid-mode=1     --prefer-overlap-with-compute=0 --test-first-only      '

==========
== CUDA ==
==========

CUDA Version 13.0.2

Container image Copyright (c) 2016-2023, NVIDIA CORPORATION & AFFILIATES. All rights reserved.

This container image and its contents are governed by the NVIDIA Deep Learning Container License.
By pulling and using the container, you accept the terms and conditions of this license:
https://developer.nvidia.com/ngc/nvidia-deep-learning-container-license

A copy of this license is made available in this container at /NGC-DL-CONTAINER-LICENSE for your convenience.

DeepEP hybrid kernel selection: unordered
DeepEP hybrid kernel selection: unordered
DeepEP hybrid kernel selection: unordered
DeepEP hybrid kernel selection: unordered
DeepEP hybrid kernel selection: unordered
DeepEP hybrid kernel selection: unordered
DeepEP hybrid kernel selection: unordered
DeepEP hybrid kernel selection: unordered
DeepEP hybrid kernel selection: unordered
DeepEP hybrid kernel selection: unordered
DeepEP hybrid kernel selection: unordered
DeepEP hybrid kernel selection: unordered
DeepEP hybrid kernel selection: unordered
DeepEP hybrid kernel selection: unordered
DeepEP hybrid kernel selection: unordered
DeepEP hybrid kernel selection: unordered
Config:
 > Ranks: 2 x 8
 > Experts: 8/256
 > Tokens: 120 (max: 128), hidden: 7168
 > #SM: 12, #QPs: 11/11

Running all test cases:
 > Testing with do_handle_copy=1, expert_alignment=128, use_fp8_dispatch=1, num_bias=0, with_previous_event=0, async_with_compute_stream=0, allocate_on_comm_stream=0 ...
USDT:2026-08-31 04:35:13 485:485 SyncActivityProfilerHandler.cpp:52] profiler_startUSDT:2026-08-31 04:35:13 487:487 SyncActivityProfilerHandler.cpp:52] profiler_startUSDT:2026-08-31 04:35:13 484:484 SyncActivityProfilerHandler.cpp:52] profiler_startUSDT:2026-08-31 04:35:13 486:486 SyncActivityProfilerHandler.cpp:52] profiler_startUSDT:2026-08-31 04:35:13 491:491 SyncActivityProfilerHandler.cpp:52] profiler_startUSDT:2026-08-31 04:35:13 490:490 SyncActivityProfilerHandler.cpp:52] profiler_start




USDT:2026-08-31 04:35:13 488:488 SyncActivityProfilerHandler.cpp:52] profiler_start

USDT:2026-08-31 04:35:13 489:489 SyncActivityProfilerHandler.cpp:52] profiler_start
USDT:2026-08-31 04:35:14 485:485 SyncActivityProfilerHandler.cpp:59] profiler_stopUSDT:2026-08-31 04:35:14 484:484 SyncActivityProfilerHandler.cpp:59] profiler_stopUSDT:2026-08-31 04:35:14 487:487 SyncActivityProfilerHandler.cpp:59] profiler_stop


USDT:2026-08-31 04:35:14 489:489 SyncActivityProfilerHandler.cpp:59] profiler_stopUSDT:2026-08-31 04:35:14 486:486 SyncActivityProfilerHandler.cpp:59] profiler_stop

USDT:2026-08-31 04:35:14 490:490 SyncActivityProfilerHandler.cpp:59] profiler_stopUSDT:2026-08-31 04:35:14 491:491 SyncActivityProfilerHandler.cpp:59] profiler_stop

USDT:2026-08-31 04:35:14 488:488 SyncActivityProfilerHandler.cpp:59] profiler_stop
   * EP:   9/16 | dispatch: 16 GB/s (SO), 51 GB/s (SU), 112.830 us, 5773248 bytes | copy: 1524 GB/s, 7.578 us
   * EP:   8/16 | dispatch: 16 GB/s (SO), 52 GB/s (SU), 112.860 us, 5833152 bytes | copy: 1453 GB/s, 8.028 us
   * EP:  13/16 | dispatch: 15 GB/s (SO), 51 GB/s (SU), 112.873 us, 5728320 bytes | copy: 1460 GB/s, 7.846 us
   * EP:  11/16 | dispatch: 15 GB/s (SO), 51 GB/s (SU), 112.824 us, 5698368 bytes | copy: 1196 GB/s, 9.528 us
   * EP:  15/16 | dispatch: 15 GB/s (SO), 53 GB/s (SU), 112.775 us, 6005376 bytes | copy: 1699 GB/s, 7.069 us
   * EP:  14/16 | dispatch: 15 GB/s (SO), 55 GB/s (SU), 112.622 us, 6162624 bytes | copy: 2090 GB/s, 5.898 us
   * EP:  12/16 | dispatch: 15 GB/s (SO), 54 GB/s (SU), 112.898 us, 6117696 bytes | copy: 1490 GB/s, 8.211 us
   * EP:  10/16 | dispatch: 16 GB/s (SO), 56 GB/s (SU), 112.847 us, 6312384 bytes | copy: 1254 GB/s, 10.071 us
USDT:2026-08-31 04:35:14 490:490 SyncActivityProfilerHandler.cpp:52] profiler_startUSDT:2026-08-31 04:35:14 491:491 SyncActivityProfilerHandler.cpp:52] profiler_startUSDT:2026-08-31 04:35:14 489:489 SyncActivityProfilerHandler.cpp:52] profiler_startUSDT:2026-08-31 04:35:14 488:488 SyncActivityProfilerHandler.cpp:52] profiler_startUSDT:2026-08-31 04:35:14 487:487 SyncActivityProfilerHandler.cpp:52] profiler_startUSDT:2026-08-31 04:35:14 486:486 SyncActivityProfilerHandler.cpp:52] profiler_startUSDT:2026-08-31 04:35:14 485:485 SyncActivityProfilerHandler.cpp:52] profiler_start
USDT:2026-08-31 04:35:14 484:484 SyncActivityProfilerHandler.cpp:52] profiler_start






USDT:2026-08-31 04:35:14 484:484 SyncActivityProfilerHandler.cpp:59] profiler_stopUSDT:2026-08-31 04:35:14 489:489 SyncActivityProfilerHandler.cpp:59] profiler_stopUSDT:2026-08-31 04:35:14 486:486 SyncActivityProfilerHandler.cpp:59] profiler_stopUSDT:2026-08-31 04:35:14 487:487 SyncActivityProfilerHandler.cpp:59] profiler_stop
USDT:2026-08-31 04:35:14 490:490 SyncActivityProfilerHandler.cpp:59] profiler_stopUSDT:2026-08-31 04:35:14 485:485 SyncActivityProfilerHandler.cpp:59] profiler_stop



USDT:2026-08-31 04:35:14 488:488 SyncActivityProfilerHandler.cpp:59] profiler_stop

USDT:2026-08-31 04:35:14 491:491 SyncActivityProfilerHandler.cpp:59] profiler_stop
   - EP:  14/16 | expanded dispatch: 15 GB/s (SO), 55 GB/s (SU), 112.986 us, 6162624 bytes | copy: 2634 GB/s, 7.977 us
   - EP:  15/16 | expanded dispatch: 15 GB/s (SO), 53 GB/s (SU), 113.126 us, 6005376 bytes | copy: 2432 GB/s, 8.612 us
   - EP:   9/16 | expanded dispatch: 16 GB/s (SO), 51 GB/s (SU), 113.161 us, 5773248 bytes | copy: 2059 GB/s, 10.039 us
   - EP:  11/16 | expanded dispatch: 15 GB/s (SO), 50 GB/s (SU), 113.208 us, 5698368 bytes | copy: 1641 GB/s, 12.517 us
   - EP:  12/16 | expanded dispatch: 15 GB/s (SO), 54 GB/s (SU), 113.227 us, 6117696 bytes | copy: 2198 GB/s, 9.528 us
   - EP:  10/16 | expanded dispatch: 16 GB/s (SO), 56 GB/s (SU), 113.207 us, 6312384 bytes | copy: 1625 GB/s, 13.043 us
   - EP:   8/16 | expanded dispatch: 16 GB/s (SO), 52 GB/s (SU), 113.142 us, 5833152 bytes | copy: 2105 GB/s, 9.845 us
   - EP:  13/16 | expanded dispatch: 15 GB/s (SO), 51 GB/s (SU), 113.223 us, 5728320 bytes | copy: 1964 GB/s, 10.537 us
USDT:2026-08-31 04:35:15 490:490 SyncActivityProfilerHandler.cpp:52] profiler_startUSDT:2026-08-31 04:35:15 491:491 SyncActivityProfilerHandler.cpp:52] profiler_startUSDT:2026-08-31 04:35:15 489:489 SyncActivityProfilerHandler.cpp:52] profiler_startUSDT:2026-08-31 04:35:15 488:488 SyncActivityProfilerHandler.cpp:52] profiler_startUSDT:2026-08-31 04:35:15 486:486 SyncActivityProfilerHandler.cpp:52] profiler_startUSDT:2026-08-31 04:35:15 484:484 SyncActivityProfilerHandler.cpp:52] profiler_startUSDT:2026-08-31 04:35:15 487:487 SyncActivityProfilerHandler.cpp:52] profiler_start



USDT:2026-08-31 04:35:15 485:485 SyncActivityProfilerHandler.cpp:52] profiler_start



USDT:2026-08-31 04:35:15 487:487 SyncActivityProfilerHandler.cpp:59] profiler_stopUSDT:2026-08-31 04:35:15 489:489 SyncActivityProfilerHandler.cpp:59] profiler_stopUSDT:2026-08-31 04:35:15 484:484 SyncActivityProfilerHandler.cpp:59] profiler_stopUSDT:2026-08-31 04:35:15 485:485 SyncActivityProfilerHandler.cpp:59] profiler_stopUSDT:2026-08-31 04:35:15 490:490 SyncActivityProfilerHandler.cpp:59] profiler_stop
USDT:2026-08-31 04:35:15 488:488 SyncActivityProfilerHandler.cpp:59] profiler_stopUSDT:2026-08-31 04:35:15 491:491 SyncActivityProfilerHandler.cpp:59] profiler_stop





USDT:2026-08-31 04:35:15 486:486 SyncActivityProfilerHandler.cpp:59] profiler_stop
   # EP:  14/16 | cached dispatch: 16 GB/s (SO), 57 GB/s (SU), 107.228 us, 6162624 bytes | copy: 1833 GB/s, 6.724 us
   # EP:  12/16 | cached dispatch: 16 GB/s (SO), 57 GB/s (SU), 107.443 us, 6117696 bytes | copy: 1641 GB/s, 7.457 us
   # EP:  13/16 | cached dispatch: 16 GB/s (SO), 53 GB/s (SU), 107.333 us, 5728320 bytes | copy: 1627 GB/s, 7.041 us
   # EP:  15/16 | cached dispatch: 16 GB/s (SO), 56 GB/s (SU), 107.129 us, 6005376 bytes | copy: 1714 GB/s, 7.006 us
   # EP:   8/16 | cached dispatch: 17 GB/s (SO), 54 GB/s (SU), 107.323 us, 5833152 bytes | copy: 1498 GB/s, 7.788 us
   # EP:  11/16 | cached dispatch: 16 GB/s (SO), 53 GB/s (SU), 107.314 us, 5698368 bytes | copy: 1194 GB/s, 9.547 us
   # EP:   9/16 | cached dispatch: 17 GB/s (SO), 54 GB/s (SU), 107.274 us, 5773248 bytes | copy: 1518 GB/s, 7.605 us
   # EP:  10/16 | cached dispatch: 16 GB/s (SO), 59 GB/s (SU), 107.376 us, 6312384 bytes | copy: 1357 GB/s, 9.306 us
USDT:2026-08-31 04:35:16 490:490 SyncActivityProfilerHandler.cpp:52] profiler_startUSDT:2026-08-31 04:35:16 486:486 SyncActivityProfilerHandler.cpp:52] profiler_start
USDT:2026-08-31 04:35:16 489:489 SyncActivityProfilerHandler.cpp:52] profiler_startUSDT:2026-08-31 04:35:16 487:487 SyncActivityProfilerHandler.cpp:52] profiler_start
USDT:2026-08-31 04:35:16 488:488 SyncActivityProfilerHandler.cpp:52] profiler_startUSDT:2026-08-31 04:35:16 484:484 SyncActivityProfilerHandler.cpp:52] profiler_startUSDT:2026-08-31 04:35:16 485:485 SyncActivityProfilerHandler.cpp:52] profiler_start
USDT:2026-08-31 04:35:16 491:491 SyncActivityProfilerHandler.cpp:52] profiler_start




USDT:2026-08-31 04:35:16 490:490 SyncActivityProfilerHandler.cpp:59] profiler_stopUSDT:2026-08-31 04:35:16 487:487 SyncActivityProfilerHandler.cpp:59] profiler_stop
USDT:2026-08-31 04:35:16 489:489 SyncActivityProfilerHandler.cpp:59] profiler_stopUSDT:2026-08-31 04:35:16 484:484 SyncActivityProfilerHandler.cpp:59] profiler_stop
USDT:2026-08-31 04:35:16 485:485 SyncActivityProfilerHandler.cpp:59] profiler_stopUSDT:2026-08-31 04:35:16 491:491 SyncActivityProfilerHandler.cpp:59] profiler_stop
USDT:2026-08-31 04:35:16 486:486 SyncActivityProfilerHandler.cpp:59] profiler_stop



USDT:2026-08-31 04:35:16 488:488 SyncActivityProfilerHandler.cpp:59] profiler_stop
   @ EP:  14/16 | combine: 21 GB/s (SO), 74 GB/s (SU), 158.747 us, 11824864 bytes | reduce: 1039 GB/s, 4.731 us
   @ EP:  12/16 | combine: 21 GB/s (SO), 73 GB/s (SU), 160.663 us, 11738656 bytes | reduce: 1021 GB/s, 4.881 us
   @ EP:   9/16 | combine: 21 GB/s (SO), 69 GB/s (SU), 159.520 us, 11077728 bytes | reduce: 1065 GB/s, 4.802 us   @ EP:  15/16 | combine: 20 GB/s (SO), 72 GB/s (SU), 160.137 us, 11523136 bytes | reduce: 978 GB/s, 4.966 us

   @ EP:  11/16 | combine: 21 GB/s (SO), 68 GB/s (SU), 160.395 us, 10934048 bytes | reduce: 1024 GB/s, 4.909 us
   @ EP:  13/16 | combine: 21 GB/s (SO), 69 GB/s (SU), 159.448 us, 10991520 bytes | reduce: 1035 GB/s, 4.788 us
   @ EP:  10/16 | combine: 21 GB/s (SO), 75 GB/s (SU), 160.460 us, 12112224 bytes | reduce: 1019 GB/s, 4.977 us
   @ EP:   8/16 | combine: 21 GB/s (SO), 69 GB/s (SU), 162.000 us, 11192672 bytes | reduce: 1042 GB/s, 4.951 us
USDT:2026-08-31 04:35:16 489:489 SyncActivityProfilerHandler.cpp:52] profiler_startUSDT:2026-08-31 04:35:16 485:485 SyncActivityProfilerHandler.cpp:52] profiler_startUSDT:2026-08-31 04:35:16 488:488 SyncActivityProfilerHandler.cpp:52] profiler_startUSDT:2026-08-31 04:35:16 487:487 SyncActivityProfilerHandler.cpp:52] profiler_startUSDT:2026-08-31 04:35:16 486:486 SyncActivityProfilerHandler.cpp:52] profiler_start

USDT:2026-08-31 04:35:16 491:491 SyncActivityProfilerHandler.cpp:52] profiler_startUSDT:2026-08-31 04:35:16 490:490 SyncActivityProfilerHandler.cpp:52] profiler_start
USDT:2026-08-31 04:35:16 484:484 SyncActivityProfilerHandler.cpp:52] profiler_start




USDT:2026-08-31 04:35:17 489:489 SyncActivityProfilerHandler.cpp:59] profiler_stopUSDT:2026-08-31 04:35:17 485:485 SyncActivityProfilerHandler.cpp:59] profiler_stop

USDT:2026-08-31 04:35:17 486:486 SyncActivityProfilerHandler.cpp:59] profiler_stopUSDT:2026-08-31 04:35:17 487:487 SyncActivityProfilerHandler.cpp:59] profiler_stop

USDT:2026-08-31 04:35:17 490:490 SyncActivityProfilerHandler.cpp:59] profiler_stopUSDT:2026-08-31 04:35:17 491:491 SyncActivityProfilerHandler.cpp:59] profiler_stopUSDT:2026-08-31 04:35:17 488:488 SyncActivityProfilerHandler.cpp:59] profiler_stopUSDT:2026-08-31 04:35:17 484:484 SyncActivityProfilerHandler.cpp:59] profiler_stop



   + EP:   9/16 | reduced combine: 19 GB/s (SO), 63 GB/s (SU), 177.127 us, 11077728 bytes | reduce: 1058 GB/s, 4.836 us
   + EP:  13/16 | reduced combine: 19 GB/s (SO), 63 GB/s (SU), 175.598 us, 10991520 bytes | reduce: 1067 GB/s, 4.646 us
   + EP:  14/16 | reduced combine: 19 GB/s (SO), 68 GB/s (SU), 174.672 us, 11824864 bytes | reduce: 1068 GB/s, 4.600 us
   + EP:  12/16 | reduced combine: 19 GB/s (SO), 66 GB/s (SU), 177.460 us, 11738656 bytes | reduce: 1017 GB/s, 4.900 us
   + EP:  15/16 | reduced combine: 18 GB/s (SO), 66 GB/s (SU), 175.731 us, 11523136 bytes | reduce: 969 GB/s, 5.010 us
   + EP:  11/16 | reduced combine: 19 GB/s (SO), 62 GB/s (SU), 177.152 us, 10934048 bytes | reduce: 1081 GB/s, 4.654 us
   + EP:  10/16 | reduced combine: 19 GB/s (SO), 69 GB/s (SU), 176.221 us, 12112224 bytes | reduce: 1036 GB/s, 4.898 us
   + EP:   8/16 | reduced combine: 19 GB/s (SO), 63 GB/s (SU), 177.453 us, 11192672 bytes | reduce: 1081 GB/s, 4.770 us


