=== EP_NIC_NAME=rdmap110s0 (auto, 200 Gb/s) ===
=== GIN: NCCL_GIN_TYPE=5 NCCL_SYM_GIN_KERNELS_ENABLE=0 ===
=== IMAGE=deepep-v2-efa-official:sm90-bfbdd15  DeepEP=bfbdd15ff448783f877cb2210cb3246c8452b05e ===
+ docker run --rm --init --gpus all --privileged --network=host --ipc=host --ulimit memlock=-1 --ulimit stack=67108864 --device=/dev/infiniband --device=/dev/gdrdrv -v /sys/class/infiniband:/sys/class/infiniband:ro -e MASTER_ADDR=172.31.10.77 -e MASTER_PORT=8815 -e WORLD_SIZE=4 -e RANK=3 -e NCCL_DEBUG=WARN -e EP_NIC_NAME=rdmap110s0 -e NCCL_GIN_TYPE=5 -e NCCL_SYM_GIN_KERNELS_ENABLE=0 -e PYTHONUNBUFFERED=1 -e PYTHONFAULTHANDLER=1 deepep-v2-efa-official:sm90-bfbdd15 bash -lc 'timeout -s ABRT --kill-after=60 1800     python3 -u /opt/DeepEP/tests/elastic/test_ep.py     --num-processes=8 --num-tokens=8192     --hidden=7168 --num-topk=8 --num-experts=256     --num-sms=12 --allow-hybrid-mode=1     --prefer-overlap-with-compute=0 --test-first-only      '

==========
== CUDA ==
==========

CUDA Version 13.0.2

Container image Copyright (c) 2016-2023, NVIDIA CORPORATION & AFFILIATES. All rights reserved.

This container image and its contents are governed by the NVIDIA Deep Learning Container License.
By pulling and using the container, you accept the terms and conditions of this license:
https://developer.nvidia.com/ngc/nvidia-deep-learning-container-license

A copy of this license is made available in this container at /NGC-DL-CONTAINER-LICENSE for your convenience.

DeepEP hybrid kernel selection: unordered
DeepEP hybrid kernel selection: unordered
DeepEP hybrid kernel selection: unordered
DeepEP hybrid kernel selection: unordered
DeepEP hybrid kernel selection: unordered
DeepEP hybrid kernel selection: unordered
DeepEP hybrid kernel selection: unordered
DeepEP hybrid kernel selection: unordered
DeepEP hybrid kernel selection: unordered
DeepEP hybrid kernel selection: unordered
DeepEP hybrid kernel selection: unordered
DeepEP hybrid kernel selection: unordered
DeepEP hybrid kernel selection: unordered
DeepEP hybrid kernel selection: unordered
DeepEP hybrid kernel selection: unordered
DeepEP hybrid kernel selection: unordered
Config:
 > Ranks: 4 x 8
 > Experts: 8/256
 > Tokens: 8168 (max: 8192), hidden: 7168
 > #SM: 12, #QPs: 11/11

Running all test cases:
 > Testing with do_handle_copy=1, expert_alignment=128, use_fp8_dispatch=1, num_bias=0, with_previous_event=0, async_with_compute_stream=0, allocate_on_comm_stream=0 ...
USDT:2026-08-31 05:14:38 492:492 SyncActivityProfilerHandler.cpp:52] profiler_startUSDT:2026-08-31 05:14:38 496:496 SyncActivityProfilerHandler.cpp:52] profiler_startUSDT:2026-08-31 05:14:38 489:489 SyncActivityProfilerHandler.cpp:52] profiler_startUSDT:2026-08-31 05:14:38 493:493 SyncActivityProfilerHandler.cpp:52] profiler_startUSDT:2026-08-31 05:14:38 490:490 SyncActivityProfilerHandler.cpp:52] profiler_start
USDT:2026-08-31 05:14:38 491:491 SyncActivityProfilerHandler.cpp:52] profiler_startUSDT:2026-08-31 05:14:38 494:494 SyncActivityProfilerHandler.cpp:52] profiler_start



USDT:2026-08-31 05:14:38 495:495 SyncActivityProfilerHandler.cpp:52] profiler_start


USDT:2026-08-31 05:14:39 491:491 SyncActivityProfilerHandler.cpp:59] profiler_stopUSDT:2026-08-31 05:14:39 490:490 SyncActivityProfilerHandler.cpp:59] profiler_stopUSDT:2026-08-31 05:14:39 494:494 SyncActivityProfilerHandler.cpp:59] profiler_stopUSDT:2026-08-31 05:14:39 495:495 SyncActivityProfilerHandler.cpp:59] profiler_stopUSDT:2026-08-31 05:14:39 492:492 SyncActivityProfilerHandler.cpp:59] profiler_stopUSDT:2026-08-31 05:14:39 496:496 SyncActivityProfilerHandler.cpp:59] profiler_stopUSDT:2026-08-31 05:14:39 489:489 SyncActivityProfilerHandler.cpp:59] profiler_stop
USDT:2026-08-31 05:14:39 493:493 SyncActivityProfilerHandler.cpp:59] profiler_stop






   * EP:  26/32 | dispatch: 55 GB/s (SO), 112 GB/s (SU), 3983.000 us, 444929472 bytes | copy: 2669 GB/s, 333.374 us
   * EP:  25/32 | dispatch: 56 GB/s (SO), 112 GB/s (SU), 3983.000 us, 446883840 bytes | copy: 2761 GB/s, 323.739 us
   * EP:  30/32 | dispatch: 56 GB/s (SO), 112 GB/s (SU), 3983.000 us, 445887936 bytes | copy: 2596 GB/s, 343.497 us
   * EP:  24/32 | dispatch: 55 GB/s (SO), 112 GB/s (SU), 3983.000 us, 447026112 bytes | copy: 2780 GB/s, 321.659 us
   * EP:  27/32 | dispatch: 56 GB/s (SO), 112 GB/s (SU), 3983.000 us, 444128256 bytes | copy: 2587 GB/s, 343.413 us
   * EP:  28/32 | dispatch: 55 GB/s (SO), 112 GB/s (SU), 3983.000 us, 444614976 bytes | copy: 2666 GB/s, 333.541 us
   * EP:  29/32 | dispatch: 56 GB/s (SO), 111 GB/s (SU), 3983.000 us, 443446848 bytes | copy: 2654 GB/s, 334.134 us
   * EP:  31/32 | dispatch: 56 GB/s (SO), 112 GB/s (SU), 3983.000 us, 444682368 bytes | copy: 2676 GB/s, 332.377 us
USDT:2026-08-31 05:14:39 493:493 SyncActivityProfilerHandler.cpp:52] profiler_startUSDT:2026-08-31 05:14:39 489:489 SyncActivityProfilerHandler.cpp:52] profiler_startUSDT:2026-08-31 05:14:39 496:496 SyncActivityProfilerHandler.cpp:52] profiler_startUSDT:2026-08-31 05:14:39 492:492 SyncActivityProfilerHandler.cpp:52] profiler_startUSDT:2026-08-31 05:14:39 494:494 SyncActivityProfilerHandler.cpp:52] profiler_startUSDT:2026-08-31 05:14:39 490:490 SyncActivityProfilerHandler.cpp:52] profiler_start

USDT:2026-08-31 05:14:39 495:495 SyncActivityProfilerHandler.cpp:52] profiler_start

USDT:2026-08-31 05:14:39 491:491 SyncActivityProfilerHandler.cpp:52] profiler_start



USDT:2026-08-31 05:14:40 496:496 SyncActivityProfilerHandler.cpp:59] profiler_stopUSDT:2026-08-31 05:14:40 491:491 SyncActivityProfilerHandler.cpp:59] profiler_stopUSDT:2026-08-31 05:14:40 489:489 SyncActivityProfilerHandler.cpp:59] profiler_stopUSDT:2026-08-31 05:14:40 493:493 SyncActivityProfilerHandler.cpp:59] profiler_stop
USDT:2026-08-31 05:14:40 495:495 SyncActivityProfilerHandler.cpp:59] profiler_stopUSDT:2026-08-31 05:14:40 492:492 SyncActivityProfilerHandler.cpp:59] profiler_stop




USDT:2026-08-31 05:14:40 490:490 SyncActivityProfilerHandler.cpp:59] profiler_stopUSDT:2026-08-31 05:14:40 494:494 SyncActivityProfilerHandler.cpp:59] profiler_stop

   - EP:  26/32 | expanded dispatch: 56 GB/s (SO), 112 GB/s (SU), 3970.000 us, 444929472 bytes | copy: 2558 GB/s, 367.300 us
   - EP:  24/32 | expanded dispatch: 56 GB/s (SO), 113 GB/s (SU), 3970.000 us, 447026112 bytes | copy: 2613 GB/s, 361.499 us
   - EP:  25/32 | expanded dispatch: 56 GB/s (SO), 113 GB/s (SU), 3970.000 us, 446883840 bytes | copy: 2405 GB/s, 392.484 us
   - EP:  30/32 | expanded dispatch: 56 GB/s (SO), 112 GB/s (SU), 3970.000 us, 445887936 bytes | copy: 2568 GB/s, 366.714 us
   - EP:  27/32 | expanded dispatch: 56 GB/s (SO), 112 GB/s (SU), 3970.000 us, 444128256 bytes | copy: 2635 GB/s, 355.678 us
   - EP:  28/32 | expanded dispatch: 56 GB/s (SO), 112 GB/s (SU), 3970.000 us, 444614976 bytes | copy: 2492 GB/s, 377.235 us
   - EP:  31/32 | expanded dispatch: 56 GB/s (SO), 112 GB/s (SU), 3970.000 us, 444682368 bytes | copy: 2407 GB/s, 390.706 us
   - EP:  29/32 | expanded dispatch: 56 GB/s (SO), 112 GB/s (SU), 3971.000 us, 443446848 bytes | copy: 2401 GB/s, 390.713 us
USDT:2026-08-31 05:14:40 494:494 SyncActivityProfilerHandler.cpp:52] profiler_startUSDT:2026-08-31 05:14:40 493:493 SyncActivityProfilerHandler.cpp:52] profiler_startUSDT:2026-08-31 05:14:40 495:495 SyncActivityProfilerHandler.cpp:52] profiler_startUSDT:2026-08-31 05:14:40 496:496 SyncActivityProfilerHandler.cpp:52] profiler_start
USDT:2026-08-31 05:14:40 489:489 SyncActivityProfilerHandler.cpp:52] profiler_startUSDT:2026-08-31 05:14:40 492:492 SyncActivityProfilerHandler.cpp:52] profiler_startUSDT:2026-08-31 05:14:40 491:491 SyncActivityProfilerHandler.cpp:52] profiler_start

USDT:2026-08-31 05:14:40 490:490 SyncActivityProfilerHandler.cpp:52] profiler_start




USDT:2026-08-31 05:14:41 494:494 SyncActivityProfilerHandler.cpp:59] profiler_stop
USDT:2026-08-31 05:14:41 489:489 SyncActivityProfilerHandler.cpp:59] profiler_stop
USDT:2026-08-31 05:14:41 492:492 SyncActivityProfilerHandler.cpp:59] profiler_stop
USDT:2026-08-31 05:14:41 495:495 SyncActivityProfilerHandler.cpp:59] profiler_stopUSDT:2026-08-31 05:14:41 491:491 SyncActivityProfilerHandler.cpp:59] profiler_stopUSDT:2026-08-31 05:14:41 496:496 SyncActivityProfilerHandler.cpp:59] profiler_stop
USDT:2026-08-31 05:14:41 490:490 SyncActivityProfilerHandler.cpp:59] profiler_stop


USDT:2026-08-31 05:14:41 493:493 SyncActivityProfilerHandler.cpp:59] profiler_stop
   # EP:  24/32 | cached dispatch: 52 GB/s (SO), 105 GB/s (SU), 4276.000 us, 447026112 bytes | copy: 2384 GB/s, 375.031 us
   # EP:  27/32 | cached dispatch: 52 GB/s (SO), 104 GB/s (SU), 4276.000 us, 444128256 bytes | copy: 2451 GB/s, 362.473 us
   # EP:  26/32 | cached dispatch: 52 GB/s (SO), 104 GB/s (SU), 4276.000 us, 444929472 bytes | copy: 2253 GB/s, 394.881 us
   # EP:  25/32 | cached dispatch: 52 GB/s (SO), 105 GB/s (SU), 4276.000 us, 446883840 bytes | copy: 2627 GB/s, 340.251 us
   # EP:  29/32 | cached dispatch: 52 GB/s (SO), 104 GB/s (SU), 4276.000 us, 443446848 bytes | copy: 2542 GB/s, 348.963 us
   # EP:  30/32 | cached dispatch: 52 GB/s (SO), 104 GB/s (SU), 4276.000 us, 445887936 bytes | copy: 2347 GB/s, 379.904 us
   # EP:  28/32 | cached dispatch: 52 GB/s (SO), 104 GB/s (SU), 4276.000 us, 444614976 bytes | copy: 2744 GB/s, 324.032 us
   # EP:  31/32 | cached dispatch: 52 GB/s (SO), 104 GB/s (SU), 4276.000 us, 444682368 bytes | copy: 2416 GB/s, 368.171 us
USDT:2026-08-31 05:14:41 495:495 SyncActivityProfilerHandler.cpp:52] profiler_startUSDT:2026-08-31 05:14:41 494:494 SyncActivityProfilerHandler.cpp:52] profiler_startUSDT:2026-08-31 05:14:41 491:491 SyncActivityProfilerHandler.cpp:52] profiler_start


USDT:2026-08-31 05:14:41 492:492 SyncActivityProfilerHandler.cpp:52] profiler_start
USDT:2026-08-31 05:14:41 489:489 SyncActivityProfilerHandler.cpp:52] profiler_start
USDT:2026-08-31 05:14:41 490:490 SyncActivityProfilerHandler.cpp:52] profiler_start
USDT:2026-08-31 05:14:41 493:493 SyncActivityProfilerHandler.cpp:52] profiler_start
USDT:2026-08-31 05:14:41 496:496 SyncActivityProfilerHandler.cpp:52] profiler_start
USDT:2026-08-31 05:14:42 491:491 SyncActivityProfilerHandler.cpp:59] profiler_stop
USDT:2026-08-31 05:14:42 493:493 SyncActivityProfilerHandler.cpp:59] profiler_stop
USDT:2026-08-31 05:14:42 496:496 SyncActivityProfilerHandler.cpp:59] profiler_stop
USDT:2026-08-31 05:14:42 492:492 SyncActivityProfilerHandler.cpp:59] profiler_stop
USDT:2026-08-31 05:14:42 495:495 SyncActivityProfilerHandler.cpp:59] profiler_stop
USDT:2026-08-31 05:14:42 494:494 SyncActivityProfilerHandler.cpp:59] profiler_stop
USDT:2026-08-31 05:14:42 489:489 SyncActivityProfilerHandler.cpp:59] profiler_stop
USDT:2026-08-31 05:14:42 490:490 SyncActivityProfilerHandler.cpp:59] profiler_stop
   @ EP:  26/32 | combine: 57 GB/s (SO), 115 GB/s (SU), 7435.000 us, 853732192 bytes | reduce: 3617 GB/s, 149.615 us
   @ EP:  31/32 | combine: 56 GB/s (SO), 113 GB/s (SU), 7583.000 us, 853258048 bytes | reduce: 3622 GB/s, 149.698 us
   @ EP:  30/32 | combine: 57 GB/s (SO), 114 GB/s (SU), 7484.000 us, 855571296 bytes | reduce: 3618 GB/s, 149.686 us
   @ EP:  29/32 | combine: 57 GB/s (SO), 114 GB/s (SU), 7462.000 us, 850887328 bytes | reduce: 3626 GB/s, 149.522 us
   @ EP:  27/32 | combine: 56 GB/s (SO), 113 GB/s (SU), 7531.000 us, 852194816 bytes | reduce: 3619 GB/s, 149.626 us
   @ EP:  25/32 | combine: 55 GB/s (SO), 111 GB/s (SU), 7698.000 us, 857482240 bytes | reduce: 3616 GB/s, 149.923 us
   @ EP:  28/32 | combine: 56 GB/s (SO), 113 GB/s (SU), 7524.000 us, 853128736 bytes | reduce: 3634 GB/s, 148.784 us
   @ EP:  24/32 | combine: 56 GB/s (SO), 113 GB/s (SU), 7589.000 us, 857755232 bytes | reduce: 3603 GB/s, 150.168 us
USDT:2026-08-31 05:14:43 496:496 SyncActivityProfilerHandler.cpp:52] profiler_start
USDT:2026-08-31 05:14:43 493:493 SyncActivityProfilerHandler.cpp:52] profiler_start
USDT:2026-08-31 05:14:43 489:489 SyncActivityProfilerHandler.cpp:52] profiler_start
USDT:2026-08-31 05:14:43 492:492 SyncActivityProfilerHandler.cpp:52] profiler_start
USDT:2026-08-31 05:14:43 495:495 SyncActivityProfilerHandler.cpp:52] profiler_startUSDT:2026-08-31 05:14:43 491:491 SyncActivityProfilerHandler.cpp:52] profiler_start

USDT:2026-08-31 05:14:43 490:490 SyncActivityProfilerHandler.cpp:52] profiler_start
USDT:2026-08-31 05:14:43 494:494 SyncActivityProfilerHandler.cpp:52] profiler_start
USDT:2026-08-31 05:14:43 496:496 SyncActivityProfilerHandler.cpp:59] profiler_stop
USDT:2026-08-31 05:14:43 489:489 SyncActivityProfilerHandler.cpp:59] profiler_stop
USDT:2026-08-31 05:14:43 492:492 SyncActivityProfilerHandler.cpp:59] profiler_stopUSDT:2026-08-31 05:14:43 494:494 SyncActivityProfilerHandler.cpp:59] profiler_stop

USDT:2026-08-31 05:14:43 493:493 SyncActivityProfilerHandler.cpp:59] profiler_stop
USDT:2026-08-31 05:14:43 495:495 SyncActivityProfilerHandler.cpp:59] profiler_stop
USDT:2026-08-31 05:14:43 490:490 SyncActivityProfilerHandler.cpp:59] profiler_stop
USDT:2026-08-31 05:14:43 491:491 SyncActivityProfilerHandler.cpp:59] profiler_stop
   + EP:  31/32 | reduced combine: 54 GB/s (SO), 107 GB/s (SU), 7942.000 us, 853258048 bytes | reduce: 3621 GB/s, 149.749 us
   + EP:  29/32 | reduced combine: 46 GB/s (SO), 93 GB/s (SU), 9142.000 us, 850887328 bytes | reduce: 3615 GB/s, 149.960 us
   + EP:  30/32 | reduced combine: 47 GB/s (SO), 94 GB/s (SU), 9108.000 us, 855571296 bytes | reduce: 3609 GB/s, 150.073 us
   + EP:  28/32 | reduced combine: 47 GB/s (SO), 94 GB/s (SU), 9078.000 us, 853128736 bytes | reduce: 3627 GB/s, 149.100 us
   + EP:  26/32 | reduced combine: 47 GB/s (SO), 94 GB/s (SU), 9110.000 us, 853732192 bytes | reduce: 3609 GB/s, 149.952 us
   + EP:  27/32 | reduced combine: 47 GB/s (SO), 93 GB/s (SU), 9117.000 us, 852194816 bytes | reduce: 3596 GB/s, 150.572 us
   + EP:  25/32 | reduced combine: 47 GB/s (SO), 94 GB/s (SU), 9132.000 us, 857482240 bytes | reduce: 3608 GB/s, 150.249 us
   + EP:  24/32 | reduced combine: 47 GB/s (SO), 94 GB/s (SU), 9084.000 us, 857755232 bytes | reduce: 3594 GB/s, 150.549 us


