=== EP_NIC_NAME=rdmap110s0 (auto, 200 Gb/s) ===
=== GIN: NCCL_GIN_TYPE=5 NCCL_SYM_GIN_KERNELS_ENABLE=0 ===
=== IMAGE=deepep-v2-efa-official:sm90-bfbdd15  DeepEP=bfbdd15ff448783f877cb2210cb3246c8452b05e ===
+ docker run --rm --init --gpus all --privileged --network=host --ipc=host --ulimit memlock=-1 --ulimit stack=67108864 --device=/dev/infiniband --device=/dev/gdrdrv -v /sys/class/infiniband:/sys/class/infiniband:ro -e MASTER_ADDR=172.31.10.77 -e MASTER_PORT=8902 -e WORLD_SIZE=2 -e RANK=0 -e NCCL_DEBUG=WARN -e EP_NIC_NAME=rdmap110s0 -e NCCL_GIN_TYPE=5 -e NCCL_SYM_GIN_KERNELS_ENABLE=0 -e EP_NUM_SUB_PARTS=1 -e PYTHONUNBUFFERED=1 -e PYTHONFAULTHANDLER=1 deepep-v2-efa-official:sm90-bfbdd15 bash -lc 'timeout -s ABRT --kill-after=60 1800     python3 -u /opt/DeepEP/tests/elastic/test_ep.py     --num-processes=8 --num-tokens=128     --hidden=7168 --num-topk=8 --num-experts=256     --num-sms=12 --allow-hybrid-mode=1     --prefer-overlap-with-compute=0 --test-first-only      '

==========
== CUDA ==
==========

CUDA Version 13.0.2

Container image Copyright (c) 2016-2023, NVIDIA CORPORATION & AFFILIATES. All rights reserved.

This container image and its contents are governed by the NVIDIA Deep Learning Container License.
By pulling and using the container, you accept the terms and conditions of this license:
https://developer.nvidia.com/ngc/nvidia-deep-learning-container-license

A copy of this license is made available in this container at /NGC-DL-CONTAINER-LICENSE for your convenience.

NCCL version 2.31.2+cuda13.3
DeepEP hybrid kernel selection: unordered
DeepEP hybrid kernel selection: unordered
DeepEP hybrid kernel selection: unordered
DeepEP hybrid kernel selection: unordered
DeepEP hybrid kernel selection: unordered
DeepEP hybrid kernel selection: unordered
DeepEP hybrid kernel selection: unordered
DeepEP hybrid kernel selection: unordered
DeepEP hybrid kernel selection: unordered
DeepEP hybrid kernel selection: unordered
DeepEP hybrid kernel selection: unordered
DeepEP hybrid kernel selection: unordered
DeepEP hybrid kernel selection: unordered
DeepEP hybrid kernel selection: unordered
DeepEP hybrid kernel selection: unordered
DeepEP hybrid kernel selection: unordered
Config:
 > Ranks: 2 x 8
 > Experts: 8/256
 > Tokens: 128 (max: 128), hidden: 7168
 > #SM: 12, #QPs: 11/11

Running all test cases:
 > Testing with do_handle_copy=1, expert_alignment=128, use_fp8_dispatch=1, num_bias=0, with_previous_event=0, async_with_compute_stream=0, allocate_on_comm_stream=0 ...
USDT:2026-08-31 05:48:03 493:493 SyncActivityProfilerHandler.cpp:52] profiler_startUSDT:2026-08-31 05:48:03 492:492 SyncActivityProfilerHandler.cpp:52] profiler_startUSDT:2026-08-31 05:48:03 488:488 SyncActivityProfilerHandler.cpp:52] profiler_startUSDT:2026-08-31 05:48:03 489:489 SyncActivityProfilerHandler.cpp:52] profiler_startUSDT:2026-08-31 05:48:03 487:487 SyncActivityProfilerHandler.cpp:52] profiler_startUSDT:2026-08-31 05:48:03 491:491 SyncActivityProfilerHandler.cpp:52] profiler_start


USDT:2026-08-31 05:48:03 490:490 SyncActivityProfilerHandler.cpp:52] profiler_startUSDT:2026-08-31 05:48:03 486:486 SyncActivityProfilerHandler.cpp:52] profiler_start




USDT:2026-08-31 05:48:03 492:492 SyncActivityProfilerHandler.cpp:59] profiler_stopUSDT:2026-08-31 05:48:03 493:493 SyncActivityProfilerHandler.cpp:59] profiler_stopUSDT:2026-08-31 05:48:03 488:488 SyncActivityProfilerHandler.cpp:59] profiler_stopUSDT:2026-08-31 05:48:03 489:489 SyncActivityProfilerHandler.cpp:59] profiler_stop

USDT:2026-08-31 05:48:03 491:491 SyncActivityProfilerHandler.cpp:59] profiler_stopUSDT:2026-08-31 05:48:03 486:486 SyncActivityProfilerHandler.cpp:59] profiler_stop

USDT:2026-08-31 05:48:03 487:487 SyncActivityProfilerHandler.cpp:59] profiler_stop


USDT:2026-08-31 05:48:03 490:490 SyncActivityProfilerHandler.cpp:59] profiler_stop
   * EP:   3/16 | dispatch: 17 GB/s (SO), 55 GB/s (SU), 107.082 us, 5855616 bytes | copy: 2052 GB/s, 5.708 us
   * EP:   5/16 | dispatch: 17 GB/s (SO), 53 GB/s (SU), 107.198 us, 5705856 bytes | copy: 2185 GB/s, 5.222 us   * EP:   2/16 | dispatch: 18 GB/s (SO), 55 GB/s (SU), 107.140 us, 5840640 bytes | copy: 2312 GB/s, 5.053 us

   * EP:   7/16 | dispatch: 17 GB/s (SO), 55 GB/s (SU), 107.098 us, 5937984 bytes | copy: 2374 GB/s, 5.003 us
   * EP:   1/16 | dispatch: 18 GB/s (SO), 53 GB/s (SU), 107.230 us, 5720832 bytes | copy: 2452 GB/s, 4.667 us
   * EP:   0/16 | dispatch: 18 GB/s (SO), 54 GB/s (SU), 107.114 us, 5750784 bytes | copy: 2606 GB/s, 4.413 us
   * EP:   6/16 | dispatch: 17 GB/s (SO), 55 GB/s (SU), 107.126 us, 5937984 bytes | copy: 2348 GB/s, 5.057 us
   * EP:   4/16 | dispatch: 17 GB/s (SO), 53 GB/s (SU), 107.038 us, 5623488 bytes | copy: 2204 GB/s, 5.104 us
USDT:2026-08-31 05:48:04 490:490 SyncActivityProfilerHandler.cpp:52] profiler_startUSDT:2026-08-31 05:48:04 493:493 SyncActivityProfilerHandler.cpp:52] profiler_startUSDT:2026-08-31 05:48:04 489:489 SyncActivityProfilerHandler.cpp:52] profiler_startUSDT:2026-08-31 05:48:04 492:492 SyncActivityProfilerHandler.cpp:52] profiler_startUSDT:2026-08-31 05:48:04 486:486 SyncActivityProfilerHandler.cpp:52] profiler_start
USDT:2026-08-31 05:48:04 491:491 SyncActivityProfilerHandler.cpp:52] profiler_start


USDT:2026-08-31 05:48:04 487:487 SyncActivityProfilerHandler.cpp:52] profiler_start


USDT:2026-08-31 05:48:04 488:488 SyncActivityProfilerHandler.cpp:52] profiler_start
USDT:2026-08-31 05:48:04 493:493 SyncActivityProfilerHandler.cpp:59] profiler_stop
USDT:2026-08-31 05:48:04 489:489 SyncActivityProfilerHandler.cpp:59] profiler_stopUSDT:2026-08-31 05:48:04 492:492 SyncActivityProfilerHandler.cpp:59] profiler_stopUSDT:2026-08-31 05:48:04 491:491 SyncActivityProfilerHandler.cpp:59] profiler_stop

USDT:2026-08-31 05:48:04 486:486 SyncActivityProfilerHandler.cpp:59] profiler_stop

USDT:2026-08-31 05:48:04 490:490 SyncActivityProfilerHandler.cpp:59] profiler_stop
USDT:2026-08-31 05:48:04 487:487 SyncActivityProfilerHandler.cpp:59] profiler_stopUSDT:2026-08-31 05:48:04 488:488 SyncActivityProfilerHandler.cpp:59] profiler_stop

   - EP:   3/16 | expanded dispatch: 18 GB/s (SO), 55 GB/s (SU), 105.928 us, 5855616 bytes | copy: 2904 GB/s, 7.117 us
   - EP:   5/16 | expanded dispatch: 17 GB/s (SO), 54 GB/s (SU), 106.009 us, 5705856 bytes | copy: 3047 GB/s, 6.740 us
   - EP:   0/16 | expanded dispatch: 18 GB/s (SO), 54 GB/s (SU), 105.925 us, 5750784 bytes | copy: 3528 GB/s, 5.835 us
   - EP:   7/16 | expanded dispatch: 17 GB/s (SO), 56 GB/s (SU), 105.956 us, 5937984 bytes | copy: 2981 GB/s, 6.949 us
   - EP:   6/16 | expanded dispatch: 17 GB/s (SO), 56 GB/s (SU), 105.947 us, 5937984 bytes | copy: 2986 GB/s, 6.978 us
   - EP:   1/16 | expanded dispatch: 18 GB/s (SO), 54 GB/s (SU), 106.102 us, 5720832 bytes | copy: 3062 GB/s, 6.701 us
   - EP:   4/16 | expanded dispatch: 17 GB/s (SO), 53 GB/s (SU), 105.855 us, 5623488 bytes | copy: 3311 GB/s, 6.176 us
   - EP:   2/16 | expanded dispatch: 18 GB/s (SO), 55 GB/s (SU), 106.013 us, 5840640 bytes | copy: 2981 GB/s, 6.943 us
USDT:2026-08-31 05:48:05 488:488 SyncActivityProfilerHandler.cpp:52] profiler_startUSDT:2026-08-31 05:48:05 493:493 SyncActivityProfilerHandler.cpp:52] profiler_startUSDT:2026-08-31 05:48:05 492:492 SyncActivityProfilerHandler.cpp:52] profiler_startUSDT:2026-08-31 05:48:05 489:489 SyncActivityProfilerHandler.cpp:52] profiler_startUSDT:2026-08-31 05:48:05 491:491 SyncActivityProfilerHandler.cpp:52] profiler_startUSDT:2026-08-31 05:48:05 487:487 SyncActivityProfilerHandler.cpp:52] profiler_startUSDT:2026-08-31 05:48:05 490:490 SyncActivityProfilerHandler.cpp:52] profiler_start



USDT:2026-08-31 05:48:05 486:486 SyncActivityProfilerHandler.cpp:52] profiler_start



USDT:2026-08-31 05:48:05 488:488 SyncActivityProfilerHandler.cpp:59] profiler_stop
USDT:2026-08-31 05:48:05 489:489 SyncActivityProfilerHandler.cpp:59] profiler_stopUSDT:2026-08-31 05:48:05 493:493 SyncActivityProfilerHandler.cpp:59] profiler_stopUSDT:2026-08-31 05:48:05 486:486 SyncActivityProfilerHandler.cpp:59] profiler_stop


USDT:2026-08-31 05:48:05 490:490 SyncActivityProfilerHandler.cpp:59] profiler_stop
USDT:2026-08-31 05:48:05 491:491 SyncActivityProfilerHandler.cpp:59] profiler_stop
USDT:2026-08-31 05:48:05 492:492 SyncActivityProfilerHandler.cpp:59] profiler_stop
USDT:2026-08-31 05:48:05 487:487 SyncActivityProfilerHandler.cpp:59] profiler_stop
   # EP:   2/16 | cached dispatch: 18 GB/s (SO), 57 GB/s (SU), 103.372 us, 5840640 bytes | copy: 1636 GB/s, 7.141 us
   # EP:   5/16 | cached dispatch: 18 GB/s (SO), 55 GB/s (SU), 103.238 us, 5705856 bytes | copy: 1798 GB/s, 6.346 us
   # EP:   7/16 | cached dispatch: 18 GB/s (SO), 57 GB/s (SU), 103.301 us, 5937984 bytes | copy: 1746 GB/s, 6.803 us
   # EP:   0/16 | cached dispatch: 18 GB/s (SO), 56 GB/s (SU), 103.370 us, 5750784 bytes | copy: 1831 GB/s, 6.282 us
   # EP:   3/16 | cached dispatch: 18 GB/s (SO), 57 GB/s (SU), 103.256 us, 5855616 bytes | copy: 1615 GB/s, 7.253 us
   # EP:   6/16 | cached dispatch: 17 GB/s (SO), 57 GB/s (SU), 103.298 us, 5937984 bytes | copy: 1658 GB/s, 7.164 us
   # EP:   4/16 | cached dispatch: 18 GB/s (SO), 54 GB/s (SU), 103.217 us, 5623488 bytes | copy: 1882 GB/s, 5.976 us
   # EP:   1/16 | cached dispatch: 18 GB/s (SO), 55 GB/s (SU), 103.412 us, 5720832 bytes | copy: 1598 GB/s, 7.160 us
USDT:2026-08-31 05:48:05 492:492 SyncActivityProfilerHandler.cpp:52] profiler_startUSDT:2026-08-31 05:48:05 493:493 SyncActivityProfilerHandler.cpp:52] profiler_startUSDT:2026-08-31 05:48:05 491:491 SyncActivityProfilerHandler.cpp:52] profiler_start


USDT:2026-08-31 05:48:05 486:486 SyncActivityProfilerHandler.cpp:52] profiler_startUSDT:2026-08-31 05:48:05 488:488 SyncActivityProfilerHandler.cpp:52] profiler_startUSDT:2026-08-31 05:48:05 490:490 SyncActivityProfilerHandler.cpp:52] profiler_start


USDT:2026-08-31 05:48:05 489:489 SyncActivityProfilerHandler.cpp:52] profiler_start
USDT:2026-08-31 05:48:05 487:487 SyncActivityProfilerHandler.cpp:52] profiler_start
USDT:2026-08-31 05:48:06 493:493 SyncActivityProfilerHandler.cpp:59] profiler_stopUSDT:2026-08-31 05:48:06 491:491 SyncActivityProfilerHandler.cpp:59] profiler_stopUSDT:2026-08-31 05:48:06 489:489 SyncActivityProfilerHandler.cpp:59] profiler_stopUSDT:2026-08-31 05:48:06 490:490 SyncActivityProfilerHandler.cpp:59] profiler_stopUSDT:2026-08-31 05:48:06 492:492 SyncActivityProfilerHandler.cpp:59] profiler_stop



USDT:2026-08-31 05:48:06 486:486 SyncActivityProfilerHandler.cpp:59] profiler_stopUSDT:2026-08-31 05:48:06 488:488 SyncActivityProfilerHandler.cpp:59] profiler_stop


USDT:2026-08-31 05:48:06 487:487 SyncActivityProfilerHandler.cpp:59] profiler_stop
   @ EP:   5/16 | combine: 22 GB/s (SO), 67 GB/s (SU), 163.013 us, 10948416 bytes | reduce: 1103 GB/s, 4.793 us
   @ EP:   2/16 | combine: 22 GB/s (SO), 68 GB/s (SU), 165.857 us, 11207040 bytes | reduce: 1043 GB/s, 5.205 us
   @ EP:   3/16 | combine: 22 GB/s (SO), 68 GB/s (SU), 164.995 us, 11235776 bytes | reduce: 1100 GB/s, 4.897 us
   @ EP:   7/16 | combine: 21 GB/s (SO), 70 GB/s (SU), 163.776 us, 11393824 bytes | reduce: 1091 GB/s, 4.782 us
   @ EP:   0/16 | combine: 22 GB/s (SO), 67 GB/s (SU), 165.380 us, 11034624 bytes | reduce: 1088 GB/s, 5.056 us
   @ EP:   6/16 | combine: 21 GB/s (SO), 69 GB/s (SU), 165.096 us, 11393824 bytes | reduce: 1017 GB/s, 5.130 us
   @ EP:   4/16 | combine: 21 GB/s (SO), 65 GB/s (SU), 164.870 us, 10790368 bytes | reduce: 1079 GB/s, 4.925 us
   @ EP:   1/16 | combine: 22 GB/s (SO), 66 GB/s (SU), 165.575 us, 10977152 bytes | reduce: 1112 GB/s, 4.921 us
USDT:2026-08-31 05:48:06 492:492 SyncActivityProfilerHandler.cpp:52] profiler_startUSDT:2026-08-31 05:48:06 493:493 SyncActivityProfilerHandler.cpp:52] profiler_start

USDT:2026-08-31 05:48:06 489:489 SyncActivityProfilerHandler.cpp:52] profiler_startUSDT:2026-08-31 05:48:06 490:490 SyncActivityProfilerHandler.cpp:52] profiler_startUSDT:2026-08-31 05:48:06 486:486 SyncActivityProfilerHandler.cpp:52] profiler_startUSDT:2026-08-31 05:48:06 491:491 SyncActivityProfilerHandler.cpp:52] profiler_start


USDT:2026-08-31 05:48:06 488:488 SyncActivityProfilerHandler.cpp:52] profiler_start

USDT:2026-08-31 05:48:06 487:487 SyncActivityProfilerHandler.cpp:52] profiler_start
USDT:2026-08-31 05:48:06 489:489 SyncActivityProfilerHandler.cpp:59] profiler_stop
USDT:2026-08-31 05:48:06 491:491 SyncActivityProfilerHandler.cpp:59] profiler_stopUSDT:2026-08-31 05:48:06 493:493 SyncActivityProfilerHandler.cpp:59] profiler_stop

USDT:2026-08-31 05:48:06 492:492 SyncActivityProfilerHandler.cpp:59] profiler_stop
USDT:2026-08-31 05:48:06 490:490 SyncActivityProfilerHandler.cpp:59] profiler_stopUSDT:2026-08-31 05:48:06 486:486 SyncActivityProfilerHandler.cpp:59] profiler_stop

USDT:2026-08-31 05:48:06 487:487 SyncActivityProfilerHandler.cpp:59] profiler_stop
USDT:2026-08-31 05:48:06 488:488 SyncActivityProfilerHandler.cpp:59] profiler_stop
   + EP:   5/16 | reduced combine: 20 GB/s (SO), 61 GB/s (SU), 179.235 us, 10948416 bytes | reduce: 1129 GB/s, 4.683 us
   + EP:   3/16 | reduced combine: 20 GB/s (SO), 62 GB/s (SU), 180.422 us, 11235776 bytes | reduce: 1151 GB/s, 4.683 us
   + EP:   0/16 | reduced combine: 20 GB/s (SO), 61 GB/s (SU), 182.087 us, 11034624 bytes | reduce: 1150 GB/s, 4.786 us
   + EP:   6/16 | reduced combine: 19 GB/s (SO), 63 GB/s (SU), 180.044 us, 11393824 bytes | reduce: 1098 GB/s, 4.752 us
   + EP:   7/16 | reduced combine: 19 GB/s (SO), 63 GB/s (SU), 179.539 us, 11393824 bytes | reduce: 1106 GB/s, 4.717 us
   + EP:   4/16 | reduced combine: 19 GB/s (SO), 59 GB/s (SU), 181.509 us, 10790368 bytes | reduce: 1052 GB/s, 5.053 us
   + EP:   2/16 | reduced combine: 20 GB/s (SO), 62 GB/s (SU), 180.858 us, 11207040 bytes | reduce: 1097 GB/s, 4.953 us
   + EP:   1/16 | reduced combine: 20 GB/s (SO), 60 GB/s (SU), 182.978 us, 10977152 bytes | reduce: 1094 GB/s, 5.006 us


