=== EP_NIC_NAME=rdmap110s0 (auto, 200 Gb/s) ===
=== GIN: NCCL_GIN_TYPE=5 NCCL_SYM_GIN_KERNELS_ENABLE=0 ===
=== IMAGE=deepep-v2-efa-official:sm90-bfbdd15  DeepEP=bfbdd15ff448783f877cb2210cb3246c8452b05e ===
+ docker run --rm --init --gpus all --privileged --network=host --ipc=host --ulimit memlock=-1 --ulimit stack=67108864 --device=/dev/infiniband --device=/dev/gdrdrv -v /sys/class/infiniband:/sys/class/infiniband:ro -e MASTER_ADDR=172.31.10.77 -e MASTER_PORT=8703 -e WORLD_SIZE=2 -e RANK=0 -e NCCL_DEBUG=WARN -e EP_NIC_NAME=rdmap110s0 -e NCCL_GIN_TYPE=5 -e NCCL_SYM_GIN_KERNELS_ENABLE=0 -e PYTHONUNBUFFERED=1 -e PYTHONFAULTHANDLER=1 deepep-v2-efa-official:sm90-bfbdd15 bash -lc 'timeout -s ABRT --kill-after=60 1800     python3 -u /opt/DeepEP/tests/elastic/test_ep.py     --num-processes=8 --num-tokens=8192     --hidden=7168 --num-topk=8 --num-experts=256     --num-sms=12 --allow-hybrid-mode=1     --prefer-overlap-with-compute=0 --test-first-only      '

==========
== CUDA ==
==========

CUDA Version 13.0.2

Container image Copyright (c) 2016-2023, NVIDIA CORPORATION & AFFILIATES. All rights reserved.

This container image and its contents are governed by the NVIDIA Deep Learning Container License.
By pulling and using the container, you accept the terms and conditions of this license:
https://developer.nvidia.com/ngc/nvidia-deep-learning-container-license

A copy of this license is made available in this container at /NGC-DL-CONTAINER-LICENSE for your convenience.

NCCL version 2.31.2+cuda13.3
DeepEP hybrid kernel selection: unordered
DeepEP hybrid kernel selection: unordered
DeepEP hybrid kernel selection: unordered
DeepEP hybrid kernel selection: unordered
DeepEP hybrid kernel selection: unordered
DeepEP hybrid kernel selection: unordered
DeepEP hybrid kernel selection: unordered
DeepEP hybrid kernel selection: unordered
DeepEP hybrid kernel selection: unordered
DeepEP hybrid kernel selection: unordered
DeepEP hybrid kernel selection: unordered
DeepEP hybrid kernel selection: unordered
DeepEP hybrid kernel selection: unordered
DeepEP hybrid kernel selection: unordered
DeepEP hybrid kernel selection: unordered
DeepEP hybrid kernel selection: unordered
Config:
 > Ranks: 2 x 8
 > Experts: 8/256
 > Tokens: 8192 (max: 8192), hidden: 7168
 > #SM: 12, #QPs: 11/11

Running all test cases:
 > Testing with do_handle_copy=1, expert_alignment=128, use_fp8_dispatch=1, num_bias=0, with_previous_event=0, async_with_compute_stream=0, allocate_on_comm_stream=0 ...
USDT:2026-08-31 04:09:30 489:489 SyncActivityProfilerHandler.cpp:52] profiler_startUSDT:2026-08-31 04:09:30 488:488 SyncActivityProfilerHandler.cpp:52] profiler_startUSDT:2026-08-31 04:09:30 494:494 SyncActivityProfilerHandler.cpp:52] profiler_startUSDT:2026-08-31 04:09:30 490:490 SyncActivityProfilerHandler.cpp:52] profiler_startUSDT:2026-08-31 04:09:30 492:492 SyncActivityProfilerHandler.cpp:52] profiler_startUSDT:2026-08-31 04:09:30 493:493 SyncActivityProfilerHandler.cpp:52] profiler_startUSDT:2026-08-31 04:09:30 491:491 SyncActivityProfilerHandler.cpp:52] profiler_start






USDT:2026-08-31 04:09:30 495:495 SyncActivityProfilerHandler.cpp:52] profiler_start
USDT:2026-08-31 04:09:31 491:491 SyncActivityProfilerHandler.cpp:59] profiler_stopUSDT:2026-08-31 04:09:31 489:489 SyncActivityProfilerHandler.cpp:59] profiler_stopUSDT:2026-08-31 04:09:31 494:494 SyncActivityProfilerHandler.cpp:59] profiler_stopUSDT:2026-08-31 04:09:31 492:492 SyncActivityProfilerHandler.cpp:59] profiler_stopUSDT:2026-08-31 04:09:31 488:488 SyncActivityProfilerHandler.cpp:59] profiler_stopUSDT:2026-08-31 04:09:31 490:490 SyncActivityProfilerHandler.cpp:59] profiler_stop



USDT:2026-08-31 04:09:31 495:495 SyncActivityProfilerHandler.cpp:59] profiler_stopUSDT:2026-08-31 04:09:31 493:493 SyncActivityProfilerHandler.cpp:59] profiler_stop



   * EP:   0/16 | dispatch: 82 GB/s (SO), 264 GB/s (SU), 1500.000 us, 395942976 bytes | copy: 3323 GB/s, 238.339 us
   * EP:   3/16 | dispatch: 82 GB/s (SO), 266 GB/s (SU), 1500.000 us, 398309184 bytes | copy: 3211 GB/s, 248.112 us
   * EP:   2/16 | dispatch: 81 GB/s (SO), 266 GB/s (SU), 1500.000 us, 399155328 bytes | copy: 3218 GB/s, 248.115 us
   * EP:   5/16 | dispatch: 81 GB/s (SO), 267 GB/s (SU), 1500.000 us, 399821760 bytes | copy: 3298 GB/s, 242.461 us
   * EP:   4/16 | dispatch: 81 GB/s (SO), 268 GB/s (SU), 1500.000 us, 402360192 bytes | copy: 3309 GB/s, 243.197 us
   * EP:   6/16 | dispatch: 82 GB/s (SO), 265 GB/s (SU), 1500.000 us, 397642752 bytes | copy: 3291 GB/s, 241.645 us
   * EP:   1/16 | dispatch: 82 GB/s (SO), 267 GB/s (SU), 1500.000 us, 400900032 bytes | copy: 3311 GB/s, 242.136 us
   * EP:   7/16 | dispatch: 81 GB/s (SO), 266 GB/s (SU), 1500.000 us, 399252672 bytes | copy: 3274 GB/s, 243.873 us
USDT:2026-08-31 04:09:31 488:488 SyncActivityProfilerHandler.cpp:52] profiler_startUSDT:2026-08-31 04:09:31 491:491 SyncActivityProfilerHandler.cpp:52] profiler_start

USDT:2026-08-31 04:09:31 489:489 SyncActivityProfilerHandler.cpp:52] profiler_startUSDT:2026-08-31 04:09:31 492:492 SyncActivityProfilerHandler.cpp:52] profiler_startUSDT:2026-08-31 04:09:31 495:495 SyncActivityProfilerHandler.cpp:52] profiler_start

USDT:2026-08-31 04:09:31 494:494 SyncActivityProfilerHandler.cpp:52] profiler_startUSDT:2026-08-31 04:09:31 493:493 SyncActivityProfilerHandler.cpp:52] profiler_start
USDT:2026-08-31 04:09:31 490:490 SyncActivityProfilerHandler.cpp:52] profiler_start


USDT:2026-08-31 04:09:31 488:488 SyncActivityProfilerHandler.cpp:59] profiler_stopUSDT:2026-08-31 04:09:31 491:491 SyncActivityProfilerHandler.cpp:59] profiler_stop

USDT:2026-08-31 04:09:31 489:489 SyncActivityProfilerHandler.cpp:59] profiler_stopUSDT:2026-08-31 04:09:31 492:492 SyncActivityProfilerHandler.cpp:59] profiler_stopUSDT:2026-08-31 04:09:31 495:495 SyncActivityProfilerHandler.cpp:59] profiler_stop

USDT:2026-08-31 04:09:31 493:493 SyncActivityProfilerHandler.cpp:59] profiler_stopUSDT:2026-08-31 04:09:31 494:494 SyncActivityProfilerHandler.cpp:59] profiler_stop
USDT:2026-08-31 04:09:31 490:490 SyncActivityProfilerHandler.cpp:59] profiler_stop


   - EP:   0/16 | expanded dispatch: 82 GB/s (SO), 264 GB/s (SU), 1500.000 us, 395942976 bytes | copy: 2817 GB/s, 315.488 us
   - EP:   3/16 | expanded dispatch: 82 GB/s (SO), 266 GB/s (SU), 1500.000 us, 398309184 bytes | copy: 2880 GB/s, 311.480 us
   - EP:   5/16 | expanded dispatch: 81 GB/s (SO), 267 GB/s (SU), 1500.000 us, 399821760 bytes | copy: 2866 GB/s, 314.140 us
   - EP:   2/16 | expanded dispatch: 81 GB/s (SO), 266 GB/s (SU), 1500.000 us, 399155328 bytes | copy: 2854 GB/s, 314.980 us
   - EP:   6/16 | expanded dispatch: 82 GB/s (SO), 265 GB/s (SU), 1500.000 us, 397642752 bytes | copy: 2816 GB/s, 317.459 us
   - EP:   4/16 | expanded dispatch: 81 GB/s (SO), 268 GB/s (SU), 1500.000 us, 402360192 bytes | copy: 2847 GB/s, 318.248 us
   - EP:   1/16 | expanded dispatch: 82 GB/s (SO), 267 GB/s (SU), 1500.000 us, 400900032 bytes | copy: 2817 GB/s, 319.101 us
   - EP:   7/16 | expanded dispatch: 81 GB/s (SO), 266 GB/s (SU), 1500.000 us, 399252672 bytes | copy: 2835 GB/s, 315.361 us
USDT:2026-08-31 04:09:32 490:490 SyncActivityProfilerHandler.cpp:52] profiler_startUSDT:2026-08-31 04:09:32 492:492 SyncActivityProfilerHandler.cpp:52] profiler_startUSDT:2026-08-31 04:09:32 494:494 SyncActivityProfilerHandler.cpp:52] profiler_startUSDT:2026-08-31 04:09:32 488:488 SyncActivityProfilerHandler.cpp:52] profiler_startUSDT:2026-08-31 04:09:32 491:491 SyncActivityProfilerHandler.cpp:52] profiler_start
USDT:2026-08-31 04:09:32 493:493 SyncActivityProfilerHandler.cpp:52] profiler_startUSDT:2026-08-31 04:09:32 489:489 SyncActivityProfilerHandler.cpp:52] profiler_start
USDT:2026-08-31 04:09:32 495:495 SyncActivityProfilerHandler.cpp:52] profiler_start





USDT:2026-08-31 04:09:32 490:490 SyncActivityProfilerHandler.cpp:59] profiler_stopUSDT:2026-08-31 04:09:32 491:491 SyncActivityProfilerHandler.cpp:59] profiler_stop

USDT:2026-08-31 04:09:32 488:488 SyncActivityProfilerHandler.cpp:59] profiler_stopUSDT:2026-08-31 04:09:32 489:489 SyncActivityProfilerHandler.cpp:59] profiler_stopUSDT:2026-08-31 04:09:32 492:492 SyncActivityProfilerHandler.cpp:59] profiler_stopUSDT:2026-08-31 04:09:32 494:494 SyncActivityProfilerHandler.cpp:59] profiler_stop

USDT:2026-08-31 04:09:32 495:495 SyncActivityProfilerHandler.cpp:59] profiler_stop


USDT:2026-08-31 04:09:32 493:493 SyncActivityProfilerHandler.cpp:59] profiler_stop
   # EP:   0/16 | cached dispatch: 77 GB/s (SO), 250 GB/s (SU), 1586.000 us, 395942976 bytes | copy: 3387 GB/s, 233.798 us
   # EP:   3/16 | cached dispatch: 77 GB/s (SO), 251 GB/s (SU), 1586.000 us, 398309184 bytes | copy: 3347 GB/s, 237.976 us
   # EP:   1/16 | cached dispatch: 77 GB/s (SO), 253 GB/s (SU), 1586.000 us, 400900032 bytes | copy: 3350 GB/s, 239.345 us
   # EP:   5/16 | cached dispatch: 77 GB/s (SO), 252 GB/s (SU), 1586.000 us, 399821760 bytes | copy: 3430 GB/s, 233.145 us
   # EP:   4/16 | cached dispatch: 77 GB/s (SO), 254 GB/s (SU), 1586.000 us, 402360192 bytes | copy: 3399 GB/s, 236.729 us
   # EP:   6/16 | cached dispatch: 77 GB/s (SO), 251 GB/s (SU), 1586.000 us, 397642752 bytes | copy: 3403 GB/s, 233.683 us
   # EP:   7/16 | cached dispatch: 77 GB/s (SO), 252 GB/s (SU), 1586.000 us, 399252672 bytes | copy: 3377 GB/s, 236.447 us
   # EP:   2/16 | cached dispatch: 77 GB/s (SO), 252 GB/s (SU), 1586.000 us, 399155328 bytes | copy: 3375 GB/s, 236.519 us
USDT:2026-08-31 04:09:33 492:492 SyncActivityProfilerHandler.cpp:52] profiler_start
USDT:2026-08-31 04:09:33 488:488 SyncActivityProfilerHandler.cpp:52] profiler_start
USDT:2026-08-31 04:09:33 490:490 SyncActivityProfilerHandler.cpp:52] profiler_start
USDT:2026-08-31 04:09:33 491:491 SyncActivityProfilerHandler.cpp:52] profiler_start
USDT:2026-08-31 04:09:33 495:495 SyncActivityProfilerHandler.cpp:52] profiler_start
USDT:2026-08-31 04:09:33 494:494 SyncActivityProfilerHandler.cpp:52] profiler_start
USDT:2026-08-31 04:09:33 489:489 SyncActivityProfilerHandler.cpp:52] profiler_start
USDT:2026-08-31 04:09:33 493:493 SyncActivityProfilerHandler.cpp:52] profiler_start
USDT:2026-08-31 04:09:33 492:492 SyncActivityProfilerHandler.cpp:59] profiler_stop
USDT:2026-08-31 04:09:33 495:495 SyncActivityProfilerHandler.cpp:59] profiler_stop
USDT:2026-08-31 04:09:33 490:490 SyncActivityProfilerHandler.cpp:59] profiler_stopUSDT:2026-08-31 04:09:33 491:491 SyncActivityProfilerHandler.cpp:59] profiler_stop
USDT:2026-08-31 04:09:33 494:494 SyncActivityProfilerHandler.cpp:59] profiler_stop

USDT:2026-08-31 04:09:33 488:488 SyncActivityProfilerHandler.cpp:59] profiler_stopUSDT:2026-08-31 04:09:33 489:489 SyncActivityProfilerHandler.cpp:59] profiler_stop

USDT:2026-08-31 04:09:33 493:493 SyncActivityProfilerHandler.cpp:59] profiler_stop
   @ EP:   0/16 | combine: 62 GB/s (SO), 199 GB/s (SU), 3809.000 us, 759736736 bytes | reduce: 3656 GB/s, 96.392 us
   @ EP:   1/16 | combine: 61 GB/s (SO), 200 GB/s (SU), 3852.000 us, 769248352 bytes | reduce: 3668 GB/s, 96.053 us   @ EP:   3/16 | combine: 61 GB/s (SO), 199 GB/s (SU), 3832.000 us, 764277024 bytes | reduce: 3671 GB/s, 95.950 us

   @ EP:   6/16 | combine: 61 GB/s (SO), 199 GB/s (SU), 3840.000 us, 762998272 bytes | reduce: 3667 GB/s, 96.052 us
   @ EP:   4/16 | combine: 64 GB/s (SO), 210 GB/s (SU), 3685.000 us, 772050112 bytes | reduce: 3688 GB/s, 95.486 us
   @ EP:   2/16 | combine: 61 GB/s (SO), 201 GB/s (SU), 3817.000 us, 765900608 bytes | reduce: 3669 GB/s, 95.989 us
   @ EP:   7/16 | combine: 61 GB/s (SO), 201 GB/s (SU), 3814.000 us, 766087392 bytes | reduce: 3661 GB/s, 96.177 us
   @ EP:   5/16 | combine: 61 GB/s (SO), 199 GB/s (SU), 3850.000 us, 767179360 bytes | reduce: 3659 GB/s, 96.227 us
USDT:2026-08-31 04:09:34 492:492 SyncActivityProfilerHandler.cpp:52] profiler_startUSDT:2026-08-31 04:09:34 495:495 SyncActivityProfilerHandler.cpp:52] profiler_startUSDT:2026-08-31 04:09:34 488:488 SyncActivityProfilerHandler.cpp:52] profiler_start


USDT:2026-08-31 04:09:34 489:489 SyncActivityProfilerHandler.cpp:52] profiler_start
USDT:2026-08-31 04:09:34 493:493 SyncActivityProfilerHandler.cpp:52] profiler_startUSDT:2026-08-31 04:09:34 494:494 SyncActivityProfilerHandler.cpp:52] profiler_start

USDT:2026-08-31 04:09:34 491:491 SyncActivityProfilerHandler.cpp:52] profiler_startUSDT:2026-08-31 04:09:34 490:490 SyncActivityProfilerHandler.cpp:52] profiler_start

USDT:2026-08-31 04:09:34 488:488 SyncActivityProfilerHandler.cpp:59] profiler_stop
USDT:2026-08-31 04:09:34 492:492 SyncActivityProfilerHandler.cpp:59] profiler_stopUSDT:2026-08-31 04:09:34 495:495 SyncActivityProfilerHandler.cpp:59] profiler_stop
USDT:2026-08-31 04:09:34 490:490 SyncActivityProfilerHandler.cpp:59] profiler_stop

USDT:2026-08-31 04:09:34 489:489 SyncActivityProfilerHandler.cpp:59] profiler_stopUSDT:2026-08-31 04:09:34 493:493 SyncActivityProfilerHandler.cpp:59] profiler_stop

USDT:2026-08-31 04:09:34 494:494 SyncActivityProfilerHandler.cpp:59] profiler_stopUSDT:2026-08-31 04:09:34 491:491 SyncActivityProfilerHandler.cpp:59] profiler_stop

   + EP:   0/16 | reduced combine: 53 GB/s (SO), 172 GB/s (SU), 4421.000 us, 759736736 bytes | reduce: 3665 GB/s, 96.164 us
   + EP:   2/16 | reduced combine: 53 GB/s (SO), 172 GB/s (SU), 4458.000 us, 765900608 bytes | reduce: 3675 GB/s, 95.832 us
   + EP:   3/16 | reduced combine: 53 GB/s (SO), 171 GB/s (SU), 4464.000 us, 764277024 bytes | reduce: 3664 GB/s, 96.138 us
   + EP:   1/16 | reduced combine: 53 GB/s (SO), 173 GB/s (SU), 4447.000 us, 769248352 bytes | reduce: 3673 GB/s, 95.906 us
   + EP:   4/16 | reduced combine: 53 GB/s (SO), 174 GB/s (SU), 4435.000 us, 772050112 bytes | reduce: 3670 GB/s, 95.950 us
   + EP:   5/16 | reduced combine: 53 GB/s (SO), 172 GB/s (SU), 4455.000 us, 767179360 bytes | reduce: 3667 GB/s, 96.019 us   + EP:   6/16 | reduced combine: 53 GB/s (SO), 171 GB/s (SU), 4467.000 us, 762998272 bytes | reduce: 3666 GB/s, 96.070 us

   + EP:   7/16 | reduced combine: 53 GB/s (SO), 174 GB/s (SU), 4408.000 us, 766087392 bytes | reduce: 3667 GB/s, 96.024 us


