=== EP_NIC_NAME=rdmap110s0 (auto, 200 Gb/s) ===
=== GIN: NCCL_GIN_TYPE=5 NCCL_SYM_GIN_KERNELS_ENABLE=0 ===
=== IMAGE=deepep-v2-efa-official:sm90-bfbdd15  DeepEP=bfbdd15ff448783f877cb2210cb3246c8452b05e ===
+ docker run --rm --init --gpus all --privileged --network=host --ipc=host --ulimit memlock=-1 --ulimit stack=67108864 --device=/dev/infiniband --device=/dev/gdrdrv -v /sys/class/infiniband:/sys/class/infiniband:ro -e MASTER_ADDR=172.31.10.77 -e MASTER_PORT=8906 -e WORLD_SIZE=2 -e RANK=1 -e NCCL_DEBUG=WARN -e EP_NIC_NAME=rdmap110s0 -e NCCL_GIN_TYPE=5 -e NCCL_SYM_GIN_KERNELS_ENABLE=0 -e EP_NUM_SUB_PARTS=1 -e PYTHONUNBUFFERED=1 -e PYTHONFAULTHANDLER=1 deepep-v2-efa-official:sm90-bfbdd15 bash -lc 'timeout -s ABRT --kill-after=60 1800     python3 -u /opt/DeepEP/tests/elastic/test_ep.py     --num-processes=8 --num-tokens=128     --hidden=7168 --num-topk=8 --num-experts=256     --num-sms=12 --allow-hybrid-mode=1     --prefer-overlap-with-compute=0 --test-first-only      '

==========
== CUDA ==
==========

CUDA Version 13.0.2

Container image Copyright (c) 2016-2023, NVIDIA CORPORATION & AFFILIATES. All rights reserved.

This container image and its contents are governed by the NVIDIA Deep Learning Container License.
By pulling and using the container, you accept the terms and conditions of this license:
https://developer.nvidia.com/ngc/nvidia-deep-learning-container-license

A copy of this license is made available in this container at /NGC-DL-CONTAINER-LICENSE for your convenience.

DeepEP hybrid kernel selection: unordered
DeepEP hybrid kernel selection: unordered
DeepEP hybrid kernel selection: unordered
DeepEP hybrid kernel selection: unordered
DeepEP hybrid kernel selection: unordered
DeepEP hybrid kernel selection: unordered
DeepEP hybrid kernel selection: unordered
DeepEP hybrid kernel selection: unordered
DeepEP hybrid kernel selection: unordered
DeepEP hybrid kernel selection: unordered
DeepEP hybrid kernel selection: unordered
DeepEP hybrid kernel selection: unordered
DeepEP hybrid kernel selection: unordered
DeepEP hybrid kernel selection: unordered
DeepEP hybrid kernel selection: unordered
DeepEP hybrid kernel selection: unordered
Config:
 > Ranks: 2 x 8
 > Experts: 8/256
 > Tokens: 120 (max: 128), hidden: 7168
 > #SM: 12, #QPs: 11/11

Running all test cases:
 > Testing with do_handle_copy=1, expert_alignment=128, use_fp8_dispatch=1, num_bias=0, with_previous_event=0, async_with_compute_stream=0, allocate_on_comm_stream=0 ...
USDT:2026-08-31 05:55:55 490:490 SyncActivityProfilerHandler.cpp:52] profiler_startUSDT:2026-08-31 05:55:55 492:492 SyncActivityProfilerHandler.cpp:52] profiler_start

USDT:2026-08-31 05:55:55 494:494 SyncActivityProfilerHandler.cpp:52] profiler_startUSDT:2026-08-31 05:55:55 487:487 SyncActivityProfilerHandler.cpp:52] profiler_startUSDT:2026-08-31 05:55:55 493:493 SyncActivityProfilerHandler.cpp:52] profiler_start


USDT:2026-08-31 05:55:55 488:488 SyncActivityProfilerHandler.cpp:52] profiler_start
USDT:2026-08-31 05:55:55 489:489 SyncActivityProfilerHandler.cpp:52] profiler_start
USDT:2026-08-31 05:55:55 491:491 SyncActivityProfilerHandler.cpp:52] profiler_start
USDT:2026-08-31 05:55:55 493:493 SyncActivityProfilerHandler.cpp:59] profiler_stopUSDT:2026-08-31 05:55:55 487:487 SyncActivityProfilerHandler.cpp:59] profiler_stopUSDT:2026-08-31 05:55:55 488:488 SyncActivityProfilerHandler.cpp:59] profiler_stopUSDT:2026-08-31 05:55:55 494:494 SyncActivityProfilerHandler.cpp:59] profiler_stop
USDT:2026-08-31 05:55:55 490:490 SyncActivityProfilerHandler.cpp:59] profiler_stop
USDT:2026-08-31 05:55:55 491:491 SyncActivityProfilerHandler.cpp:59] profiler_stop



USDT:2026-08-31 05:55:55 492:492 SyncActivityProfilerHandler.cpp:59] profiler_stop
USDT:2026-08-31 05:55:55 489:489 SyncActivityProfilerHandler.cpp:59] profiler_stop
   * EP:  11/16 | dispatch: 17 GB/s (SO), 54 GB/s (SU), 105.687 us, 5698368 bytes | copy: 2175 GB/s, 5.239 us
   * EP:  13/16 | dispatch: 16 GB/s (SO), 54 GB/s (SU), 105.585 us, 5728320 bytes | copy: 2598 GB/s, 4.409 us
   * EP:  10/16 | dispatch: 17 GB/s (SO), 60 GB/s (SU), 105.579 us, 6312384 bytes | copy: 2535 GB/s, 4.981 us
   * EP:  15/16 | dispatch: 16 GB/s (SO), 57 GB/s (SU), 105.565 us, 6005376 bytes | copy: 2210 GB/s, 5.435 us
   * EP:  14/16 | dispatch: 16 GB/s (SO), 58 GB/s (SU), 105.651 us, 6162624 bytes | copy: 2621 GB/s, 4.703 us
   * EP:   9/16 | dispatch: 17 GB/s (SO), 55 GB/s (SU), 105.524 us, 5773248 bytes | copy: 2735 GB/s, 4.222 us
   * EP:   8/16 | dispatch: 17 GB/s (SO), 55 GB/s (SU), 105.700 us, 5833152 bytes | copy: 2381 GB/s, 4.899 us
   * EP:  12/16 | dispatch: 16 GB/s (SO), 58 GB/s (SU), 105.677 us, 6117696 bytes | copy: 2467 GB/s, 4.960 us
USDT:2026-08-31 05:55:55 490:490 SyncActivityProfilerHandler.cpp:52] profiler_startUSDT:2026-08-31 05:55:55 489:489 SyncActivityProfilerHandler.cpp:52] profiler_startUSDT:2026-08-31 05:55:55 494:494 SyncActivityProfilerHandler.cpp:52] profiler_startUSDT:2026-08-31 05:55:55 487:487 SyncActivityProfilerHandler.cpp:52] profiler_startUSDT:2026-08-31 05:55:55 492:492 SyncActivityProfilerHandler.cpp:52] profiler_start


USDT:2026-08-31 05:55:55 491:491 SyncActivityProfilerHandler.cpp:52] profiler_start
USDT:2026-08-31 05:55:55 493:493 SyncActivityProfilerHandler.cpp:52] profiler_start
USDT:2026-08-31 05:55:55 488:488 SyncActivityProfilerHandler.cpp:52] profiler_start


USDT:2026-08-31 05:55:56 487:487 SyncActivityProfilerHandler.cpp:59] profiler_stopUSDT:2026-08-31 05:55:56 488:488 SyncActivityProfilerHandler.cpp:59] profiler_stopUSDT:2026-08-31 05:55:56 490:490 SyncActivityProfilerHandler.cpp:59] profiler_stopUSDT:2026-08-31 05:55:56 493:493 SyncActivityProfilerHandler.cpp:59] profiler_stop
USDT:2026-08-31 05:55:56 492:492 SyncActivityProfilerHandler.cpp:59] profiler_stop

USDT:2026-08-31 05:55:56 494:494 SyncActivityProfilerHandler.cpp:59] profiler_stop

USDT:2026-08-31 05:55:56 491:491 SyncActivityProfilerHandler.cpp:59] profiler_stopUSDT:2026-08-31 05:55:56 489:489 SyncActivityProfilerHandler.cpp:59] profiler_stop


   - EP:  15/16 | expanded dispatch: 16 GB/s (SO), 57 GB/s (SU), 105.399 us, 6005376 bytes | copy: 3109 GB/s, 6.738 us
   - EP:  11/16 | expanded dispatch: 17 GB/s (SO), 54 GB/s (SU), 105.492 us, 5698368 bytes | copy: 3013 GB/s, 6.818 us
   - EP:  10/16 | expanded dispatch: 17 GB/s (SO), 60 GB/s (SU), 105.355 us, 6312384 bytes | copy: 3201 GB/s, 6.621 us
   - EP:  13/16 | expanded dispatch: 16 GB/s (SO), 54 GB/s (SU), 105.367 us, 5728320 bytes | copy: 3348 GB/s, 6.179 us
   - EP:  14/16 | expanded dispatch: 16 GB/s (SO), 58 GB/s (SU), 105.481 us, 6162624 bytes | copy: 3136 GB/s, 6.702 us
   - EP:   8/16 | expanded dispatch: 17 GB/s (SO), 55 GB/s (SU), 105.388 us, 5833152 bytes | copy: 3591 GB/s, 5.772 us
   - EP:   9/16 | expanded dispatch: 17 GB/s (SO), 55 GB/s (SU), 105.281 us, 5773248 bytes | copy: 3535 GB/s, 5.846 us
   - EP:  12/16 | expanded dispatch: 16 GB/s (SO), 58 GB/s (SU), 105.426 us, 6117696 bytes | copy: 3108 GB/s, 6.739 us
USDT:2026-08-31 05:55:56 487:487 SyncActivityProfilerHandler.cpp:52] profiler_startUSDT:2026-08-31 05:55:56 491:491 SyncActivityProfilerHandler.cpp:52] profiler_startUSDT:2026-08-31 05:55:56 493:493 SyncActivityProfilerHandler.cpp:52] profiler_startUSDT:2026-08-31 05:55:56 494:494 SyncActivityProfilerHandler.cpp:52] profiler_startUSDT:2026-08-31 05:55:56 488:488 SyncActivityProfilerHandler.cpp:52] profiler_startUSDT:2026-08-31 05:55:56 490:490 SyncActivityProfilerHandler.cpp:52] profiler_start
USDT:2026-08-31 05:55:56 492:492 SyncActivityProfilerHandler.cpp:52] profiler_start
USDT:2026-08-31 05:55:56 489:489 SyncActivityProfilerHandler.cpp:52] profiler_start





USDT:2026-08-31 05:55:57 491:491 SyncActivityProfilerHandler.cpp:59] profiler_stopUSDT:2026-08-31 05:55:57 490:490 SyncActivityProfilerHandler.cpp:59] profiler_stopUSDT:2026-08-31 05:55:57 487:487 SyncActivityProfilerHandler.cpp:59] profiler_stopUSDT:2026-08-31 05:55:57 493:493 SyncActivityProfilerHandler.cpp:59] profiler_stop



USDT:2026-08-31 05:55:57 488:488 SyncActivityProfilerHandler.cpp:59] profiler_stopUSDT:2026-08-31 05:55:57 494:494 SyncActivityProfilerHandler.cpp:59] profiler_stop

USDT:2026-08-31 05:55:57 492:492 SyncActivityProfilerHandler.cpp:59] profiler_stop
USDT:2026-08-31 05:55:57 489:489 SyncActivityProfilerHandler.cpp:59] profiler_stop
   # EP:   8/16 | cached dispatch: 17 GB/s (SO), 57 GB/s (SU), 103.094 us, 5833152 bytes | copy: 1760 GB/s, 6.629 us
   # EP:  11/16 | cached dispatch: 17 GB/s (SO), 55 GB/s (SU), 103.179 us, 5698368 bytes | copy: 1222 GB/s, 9.324 us
   # EP:  12/16 | cached dispatch: 17 GB/s (SO), 59 GB/s (SU), 103.177 us, 6117696 bytes | copy: 1640 GB/s, 7.461 us
   # EP:   9/16 | cached dispatch: 17 GB/s (SO), 56 GB/s (SU), 103.065 us, 5773248 bytes | copy: 1786 GB/s, 6.465 us
   # EP:  13/16 | cached dispatch: 17 GB/s (SO), 56 GB/s (SU), 103.060 us, 5728320 bytes | copy: 1422 GB/s, 8.057 us
   # EP:  15/16 | cached dispatch: 16 GB/s (SO), 58 GB/s (SU), 103.113 us, 6005376 bytes | copy: 1649 GB/s, 7.285 us
   # EP:  14/16 | cached dispatch: 17 GB/s (SO), 60 GB/s (SU), 103.134 us, 6162624 bytes | copy: 1427 GB/s, 8.637 us
   # EP:  10/16 | cached dispatch: 17 GB/s (SO), 61 GB/s (SU), 103.027 us, 6312384 bytes | copy: 1773 GB/s, 7.122 us
USDT:2026-08-31 05:55:57 490:490 SyncActivityProfilerHandler.cpp:52] profiler_startUSDT:2026-08-31 05:55:57 492:492 SyncActivityProfilerHandler.cpp:52] profiler_start

USDT:2026-08-31 05:55:57 491:491 SyncActivityProfilerHandler.cpp:52] profiler_startUSDT:2026-08-31 05:55:57 494:494 SyncActivityProfilerHandler.cpp:52] profiler_startUSDT:2026-08-31 05:55:57 487:487 SyncActivityProfilerHandler.cpp:52] profiler_start
USDT:2026-08-31 05:55:57 488:488 SyncActivityProfilerHandler.cpp:52] profiler_start
USDT:2026-08-31 05:55:57 493:493 SyncActivityProfilerHandler.cpp:52] profiler_start


USDT:2026-08-31 05:55:57 489:489 SyncActivityProfilerHandler.cpp:52] profiler_start
USDT:2026-08-31 05:55:57 493:493 SyncActivityProfilerHandler.cpp:59] profiler_stop
USDT:2026-08-31 05:55:57 490:490 SyncActivityProfilerHandler.cpp:59] profiler_stopUSDT:2026-08-31 05:55:57 488:488 SyncActivityProfilerHandler.cpp:59] profiler_stop

USDT:2026-08-31 05:55:57 494:494 SyncActivityProfilerHandler.cpp:59] profiler_stop
USDT:2026-08-31 05:55:57 487:487 SyncActivityProfilerHandler.cpp:59] profiler_stop
USDT:2026-08-31 05:55:57 492:492 SyncActivityProfilerHandler.cpp:59] profiler_stopUSDT:2026-08-31 05:55:57 491:491 SyncActivityProfilerHandler.cpp:59] profiler_stop

USDT:2026-08-31 05:55:57 489:489 SyncActivityProfilerHandler.cpp:59] profiler_stop
   @ EP:  11/16 | combine: 21 GB/s (SO), 68 GB/s (SU), 159.638 us, 10934048 bytes | reduce: 1021 GB/s, 4.924 us
   @ EP:   9/16 | combine: 21 GB/s (SO), 70 GB/s (SU), 158.936 us, 11077728 bytes | reduce: 1040 GB/s, 4.919 us
   @ EP:   8/16 | combine: 21 GB/s (SO), 69 GB/s (SU), 162.077 us, 11192672 bytes | reduce: 1052 GB/s, 4.902 us
   @ EP:  15/16 | combine: 20 GB/s (SO), 72 GB/s (SU), 159.149 us, 11523136 bytes | reduce: 972 GB/s, 4.998 us
   @ EP:  14/16 | combine: 21 GB/s (SO), 75 GB/s (SU), 157.238 us, 11824864 bytes | reduce: 1032 GB/s, 4.763 us
   @ EP:  13/16 | combine: 21 GB/s (SO), 69 GB/s (SU), 159.235 us, 10991520 bytes | reduce: 1042 GB/s, 4.755 us   @ EP:  12/16 | combine: 21 GB/s (SO), 73 GB/s (SU), 159.870 us, 11738656 bytes | reduce: 1037 GB/s, 4.809 us

   @ EP:  10/16 | combine: 21 GB/s (SO), 75 GB/s (SU), 160.582 us, 12112224 bytes | reduce: 1028 GB/s, 4.934 us
USDT:2026-08-31 05:55:58 488:488 SyncActivityProfilerHandler.cpp:52] profiler_startUSDT:2026-08-31 05:55:58 493:493 SyncActivityProfilerHandler.cpp:52] profiler_startUSDT:2026-08-31 05:55:58 487:487 SyncActivityProfilerHandler.cpp:52] profiler_startUSDT:2026-08-31 05:55:58 491:491 SyncActivityProfilerHandler.cpp:52] profiler_startUSDT:2026-08-31 05:55:58 494:494 SyncActivityProfilerHandler.cpp:52] profiler_start
USDT:2026-08-31 05:55:58 490:490 SyncActivityProfilerHandler.cpp:52] profiler_start




USDT:2026-08-31 05:55:58 489:489 SyncActivityProfilerHandler.cpp:52] profiler_start
USDT:2026-08-31 05:55:58 492:492 SyncActivityProfilerHandler.cpp:52] profiler_start
USDT:2026-08-31 05:55:58 490:490 SyncActivityProfilerHandler.cpp:59] profiler_stopUSDT:2026-08-31 05:55:58 488:488 SyncActivityProfilerHandler.cpp:59] profiler_stopUSDT:2026-08-31 05:55:58 494:494 SyncActivityProfilerHandler.cpp:59] profiler_stop

USDT:2026-08-31 05:55:58 487:487 SyncActivityProfilerHandler.cpp:59] profiler_stopUSDT:2026-08-31 05:55:58 493:493 SyncActivityProfilerHandler.cpp:59] profiler_stop
USDT:2026-08-31 05:55:58 491:491 SyncActivityProfilerHandler.cpp:59] profiler_stop


USDT:2026-08-31 05:55:58 492:492 SyncActivityProfilerHandler.cpp:59] profiler_stop
USDT:2026-08-31 05:55:58 489:489 SyncActivityProfilerHandler.cpp:59] profiler_stop
   + EP:   9/16 | reduced combine: 19 GB/s (SO), 63 GB/s (SU), 176.257 us, 11077728 bytes | reduce: 1097 GB/s, 4.661 us
   + EP:  11/16 | reduced combine: 19 GB/s (SO), 62 GB/s (SU), 177.355 us, 10934048 bytes | reduce: 1107 GB/s, 4.542 us
   + EP:  12/16 | reduced combine: 19 GB/s (SO), 66 GB/s (SU), 176.701 us, 11738656 bytes | reduce: 1043 GB/s, 4.780 us
   + EP:  15/16 | reduced combine: 18 GB/s (SO), 66 GB/s (SU), 175.559 us, 11523136 bytes | reduce: 1014 GB/s, 4.790 us
   + EP:   8/16 | reduced combine: 19 GB/s (SO), 63 GB/s (SU), 176.559 us, 11192672 bytes | reduce: 1126 GB/s, 4.580 us
   + EP:  13/16 | reduced combine: 19 GB/s (SO), 62 GB/s (SU), 176.316 us, 10991520 bytes | reduce: 1062 GB/s, 4.669 us
   + EP:  10/16 | reduced combine: 19 GB/s (SO), 69 GB/s (SU), 176.531 us, 12112224 bytes | reduce: 1070 GB/s, 4.739 us
   + EP:  14/16 | reduced combine: 19 GB/s (SO), 68 GB/s (SU), 174.057 us, 11824864 bytes | reduce: 1087 GB/s, 4.521 us


