=== EP_NIC_NAME=rdmap110s0 (auto, 200 Gb/s) ===
=== GIN: NCCL_GIN_TYPE=5 NCCL_SYM_GIN_KERNELS_ENABLE=0 ===
=== IMAGE=deepep-v2-efa-official:sm90-bfbdd15  DeepEP=bfbdd15ff448783f877cb2210cb3246c8452b05e ===
+ docker run --rm --init --gpus all --privileged --network=host --ipc=host --ulimit memlock=-1 --ulimit stack=67108864 --device=/dev/infiniband --device=/dev/gdrdrv -v /sys/class/infiniband:/sys/class/infiniband:ro -e MASTER_ADDR=172.31.10.77 -e MASTER_PORT=9102 -e WORLD_SIZE=4 -e RANK=0 -e NCCL_DEBUG=WARN -e EP_NIC_NAME=rdmap110s0 -e NCCL_GIN_TYPE=5 -e NCCL_SYM_GIN_KERNELS_ENABLE=0 -e EP_NUM_SUB_PARTS=1 -e PYTHONUNBUFFERED=1 -e PYTHONFAULTHANDLER=1 deepep-v2-efa-official:sm90-bfbdd15 bash -lc 'timeout -s ABRT --kill-after=60 1800     python3 -u /opt/DeepEP/tests/elastic/test_ep.py     --num-processes=8 --num-tokens=128     --hidden=7168 --num-topk=8 --num-experts=256     --num-sms=12 --allow-hybrid-mode=1     --prefer-overlap-with-compute=0 --test-first-only      '

==========
== CUDA ==
==========

CUDA Version 13.0.2

Container image Copyright (c) 2016-2023, NVIDIA CORPORATION & AFFILIATES. All rights reserved.

This container image and its contents are governed by the NVIDIA Deep Learning Container License.
By pulling and using the container, you accept the terms and conditions of this license:
https://developer.nvidia.com/ngc/nvidia-deep-learning-container-license

A copy of this license is made available in this container at /NGC-DL-CONTAINER-LICENSE for your convenience.

NCCL version 2.31.2+cuda13.3
DeepEP hybrid kernel selection: unordered
DeepEP hybrid kernel selection: unordered
DeepEP hybrid kernel selection: unordered
DeepEP hybrid kernel selection: unordered
DeepEP hybrid kernel selection: unordered
DeepEP hybrid kernel selection: unordered
DeepEP hybrid kernel selection: unordered
DeepEP hybrid kernel selection: unordered
DeepEP hybrid kernel selection: unordered
DeepEP hybrid kernel selection: unordered
DeepEP hybrid kernel selection: unordered
DeepEP hybrid kernel selection: unordered
DeepEP hybrid kernel selection: unordered
DeepEP hybrid kernel selection: unordered
DeepEP hybrid kernel selection: unordered
DeepEP hybrid kernel selection: unordered
Config:
 > Ranks: 4 x 8
 > Experts: 8/256
 > Tokens: 128 (max: 128), hidden: 7168
 > #SM: 12, #QPs: 11/11

Running all test cases:
 > Testing with do_handle_copy=1, expert_alignment=128, use_fp8_dispatch=1, num_bias=0, with_previous_event=0, async_with_compute_stream=0, allocate_on_comm_stream=0 ...
USDT:2026-08-31 06:35:31 492:492 SyncActivityProfilerHandler.cpp:52] profiler_startUSDT:2026-08-31 06:35:31 491:491 SyncActivityProfilerHandler.cpp:52] profiler_startUSDT:2026-08-31 06:35:31 494:494 SyncActivityProfilerHandler.cpp:52] profiler_startUSDT:2026-08-31 06:35:31 488:488 SyncActivityProfilerHandler.cpp:52] profiler_startUSDT:2026-08-31 06:35:31 493:493 SyncActivityProfilerHandler.cpp:52] profiler_start
USDT:2026-08-31 06:35:31 487:487 SyncActivityProfilerHandler.cpp:52] profiler_start



USDT:2026-08-31 06:35:31 489:489 SyncActivityProfilerHandler.cpp:52] profiler_start
USDT:2026-08-31 06:35:31 490:490 SyncActivityProfilerHandler.cpp:52] profiler_start

USDT:2026-08-31 06:35:32 491:491 SyncActivityProfilerHandler.cpp:59] profiler_stopUSDT:2026-08-31 06:35:32 490:490 SyncActivityProfilerHandler.cpp:59] profiler_stop
USDT:2026-08-31 06:35:32 488:488 SyncActivityProfilerHandler.cpp:59] profiler_stop

USDT:2026-08-31 06:35:32 494:494 SyncActivityProfilerHandler.cpp:59] profiler_stop
USDT:2026-08-31 06:35:32 487:487 SyncActivityProfilerHandler.cpp:59] profiler_stop
USDT:2026-08-31 06:35:32 493:493 SyncActivityProfilerHandler.cpp:59] profiler_stop
USDT:2026-08-31 06:35:32 492:492 SyncActivityProfilerHandler.cpp:59] profiler_stop
USDT:2026-08-31 06:35:32 489:489 SyncActivityProfilerHandler.cpp:59] profiler_stop
   * EP:   4/32 | dispatch: 22 GB/s (SO), 41 GB/s (SU), 154.177 us, 6252480 bytes | copy: 1558 GB/s, 8.024 us
   * EP:   7/32 | dispatch: 21 GB/s (SO), 38 GB/s (SU), 154.021 us, 5803200 bytes | copy: 1184 GB/s, 9.802 us
   * EP:   3/32 | dispatch: 22 GB/s (SO), 40 GB/s (SU), 154.138 us, 6207552 bytes | copy: 1477 GB/s, 8.405 us
   * EP:   1/32 | dispatch: 22 GB/s (SO), 39 GB/s (SU), 154.205 us, 6042816 bytes | copy: 1324 GB/s, 9.130 us   * EP:   0/32 | dispatch: 23 GB/s (SO), 38 GB/s (SU), 154.128 us, 5863104 bytes | copy: 2082 GB/s, 5.633 us

   * EP:   6/32 | dispatch: 22 GB/s (SO), 39 GB/s (SU), 154.182 us, 6020352 bytes | copy: 1241 GB/s, 9.704 us
   * EP:   5/32 | dispatch: 22 GB/s (SO), 40 GB/s (SU), 154.052 us, 6200064 bytes | copy: 1416 GB/s, 8.758 us
   * EP:   2/32 | dispatch: 23 GB/s (SO), 39 GB/s (SU), 154.204 us, 5952960 bytes | copy: 1490 GB/s, 7.993 us
USDT:2026-08-31 06:35:32 491:491 SyncActivityProfilerHandler.cpp:52] profiler_startUSDT:2026-08-31 06:35:32 490:490 SyncActivityProfilerHandler.cpp:52] profiler_startUSDT:2026-08-31 06:35:32 494:494 SyncActivityProfilerHandler.cpp:52] profiler_start


USDT:2026-08-31 06:35:32 488:488 SyncActivityProfilerHandler.cpp:52] profiler_startUSDT:2026-08-31 06:35:32 492:492 SyncActivityProfilerHandler.cpp:52] profiler_start
USDT:2026-08-31 06:35:32 487:487 SyncActivityProfilerHandler.cpp:52] profiler_start
USDT:2026-08-31 06:35:32 493:493 SyncActivityProfilerHandler.cpp:52] profiler_start

USDT:2026-08-31 06:35:32 489:489 SyncActivityProfilerHandler.cpp:52] profiler_start
USDT:2026-08-31 06:35:32 491:491 SyncActivityProfilerHandler.cpp:59] profiler_stopUSDT:2026-08-31 06:35:32 488:488 SyncActivityProfilerHandler.cpp:59] profiler_stop

USDT:2026-08-31 06:35:32 493:493 SyncActivityProfilerHandler.cpp:59] profiler_stopUSDT:2026-08-31 06:35:32 490:490 SyncActivityProfilerHandler.cpp:59] profiler_stopUSDT:2026-08-31 06:35:32 494:494 SyncActivityProfilerHandler.cpp:59] profiler_stop


USDT:2026-08-31 06:35:32 487:487 SyncActivityProfilerHandler.cpp:59] profiler_stop
USDT:2026-08-31 06:35:32 492:492 SyncActivityProfilerHandler.cpp:59] profiler_stop
USDT:2026-08-31 06:35:32 489:489 SyncActivityProfilerHandler.cpp:59] profiler_stop
   - EP:   0/32 | expanded dispatch: 23 GB/s (SO), 38 GB/s (SU), 154.320 us, 5863104 bytes | copy: 1913 GB/s, 7.011 us
   - EP:   3/32 | expanded dispatch: 22 GB/s (SO), 40 GB/s (SU), 154.412 us, 6207552 bytes | copy: 1565 GB/s, 8.899 us
   - EP:   6/32 | expanded dispatch: 22 GB/s (SO), 39 GB/s (SU), 154.448 us, 6020352 bytes | copy: 1126 GB/s, 12.115 us
   - EP:   4/32 | expanded dispatch: 22 GB/s (SO), 41 GB/s (SU), 154.373 us, 6252480 bytes | copy: 1481 GB/s, 10.019 us
   - EP:   7/32 | expanded dispatch: 21 GB/s (SO), 38 GB/s (SU), 154.309 us, 5803200 bytes | copy: 1146 GB/s, 11.550 us
   - EP:   1/32 | expanded dispatch: 22 GB/s (SO), 39 GB/s (SU), 154.402 us, 6042816 bytes | copy: 1438 GB/s, 9.450 us
   - EP:   5/32 | expanded dispatch: 22 GB/s (SO), 40 GB/s (SU), 154.363 us, 6200064 bytes | copy: 1327 GB/s, 11.049 us
   - EP:   2/32 | expanded dispatch: 23 GB/s (SO), 39 GB/s (SU), 154.493 us, 5952960 bytes | copy: 1365 GB/s, 9.850 us
USDT:2026-08-31 06:35:33 492:492 SyncActivityProfilerHandler.cpp:52] profiler_startUSDT:2026-08-31 06:35:33 487:487 SyncActivityProfilerHandler.cpp:52] profiler_startUSDT:2026-08-31 06:35:33 491:491 SyncActivityProfilerHandler.cpp:52] profiler_startUSDT:2026-08-31 06:35:33 488:488 SyncActivityProfilerHandler.cpp:52] profiler_startUSDT:2026-08-31 06:35:33 493:493 SyncActivityProfilerHandler.cpp:52] profiler_start
USDT:2026-08-31 06:35:33 494:494 SyncActivityProfilerHandler.cpp:52] profiler_start
USDT:2026-08-31 06:35:33 490:490 SyncActivityProfilerHandler.cpp:52] profiler_start




USDT:2026-08-31 06:35:33 489:489 SyncActivityProfilerHandler.cpp:52] profiler_start
USDT:2026-08-31 06:35:33 487:487 SyncActivityProfilerHandler.cpp:59] profiler_stop
USDT:2026-08-31 06:35:33 494:494 SyncActivityProfilerHandler.cpp:59] profiler_stopUSDT:2026-08-31 06:35:33 491:491 SyncActivityProfilerHandler.cpp:59] profiler_stopUSDT:2026-08-31 06:35:33 488:488 SyncActivityProfilerHandler.cpp:59] profiler_stopUSDT:2026-08-31 06:35:33 492:492 SyncActivityProfilerHandler.cpp:59] profiler_stopUSDT:2026-08-31 06:35:33 493:493 SyncActivityProfilerHandler.cpp:59] profiler_stopUSDT:2026-08-31 06:35:33 490:490 SyncActivityProfilerHandler.cpp:59] profiler_stop





USDT:2026-08-31 06:35:33 489:489 SyncActivityProfilerHandler.cpp:59] profiler_stop
   # EP:   4/32 | cached dispatch: 22 GB/s (SO), 41 GB/s (SU), 152.213 us, 6252480 bytes | copy: 1265 GB/s, 9.885 us
   # EP:   3/32 | cached dispatch: 22 GB/s (SO), 41 GB/s (SU), 152.201 us, 6207552 bytes | copy: 1486 GB/s, 8.352 us
   # EP:   7/32 | cached dispatch: 22 GB/s (SO), 38 GB/s (SU), 152.039 us, 5803200 bytes | copy: 1321 GB/s, 8.783 us
   # EP:   1/32 | cached dispatch: 23 GB/s (SO), 40 GB/s (SU), 152.177 us, 6042816 bytes | copy: 1354 GB/s, 8.924 us
   # EP:   0/32 | cached dispatch: 23 GB/s (SO), 39 GB/s (SU), 152.275 us, 5863104 bytes | copy: 1794 GB/s, 6.537 us
   # EP:   6/32 | cached dispatch: 22 GB/s (SO), 40 GB/s (SU), 152.191 us, 6020352 bytes | copy: 1106 GB/s, 10.891 us
   # EP:   5/32 | cached dispatch: 22 GB/s (SO), 41 GB/s (SU), 152.057 us, 6200064 bytes | copy: 1232 GB/s, 10.064 us
   # EP:   2/32 | cached dispatch: 23 GB/s (SO), 39 GB/s (SU), 152.279 us, 5952960 bytes | copy: 1340 GB/s, 8.883 us
USDT:2026-08-31 06:35:34 490:490 SyncActivityProfilerHandler.cpp:52] profiler_startUSDT:2026-08-31 06:35:34 493:493 SyncActivityProfilerHandler.cpp:52] profiler_startUSDT:2026-08-31 06:35:34 491:491 SyncActivityProfilerHandler.cpp:52] profiler_startUSDT:2026-08-31 06:35:34 492:492 SyncActivityProfilerHandler.cpp:52] profiler_start
USDT:2026-08-31 06:35:34 494:494 SyncActivityProfilerHandler.cpp:52] profiler_startUSDT:2026-08-31 06:35:34 487:487 SyncActivityProfilerHandler.cpp:52] profiler_start



USDT:2026-08-31 06:35:34 488:488 SyncActivityProfilerHandler.cpp:52] profiler_start
USDT:2026-08-31 06:35:34 489:489 SyncActivityProfilerHandler.cpp:52] profiler_start

USDT:2026-08-31 06:35:34 491:491 SyncActivityProfilerHandler.cpp:59] profiler_stop
USDT:2026-08-31 06:35:34 488:488 SyncActivityProfilerHandler.cpp:59] profiler_stop
USDT:2026-08-31 06:35:34 492:492 SyncActivityProfilerHandler.cpp:59] profiler_stopUSDT:2026-08-31 06:35:34 490:490 SyncActivityProfilerHandler.cpp:59] profiler_stop

USDT:2026-08-31 06:35:34 494:494 SyncActivityProfilerHandler.cpp:59] profiler_stopUSDT:2026-08-31 06:35:34 493:493 SyncActivityProfilerHandler.cpp:59] profiler_stop
USDT:2026-08-31 06:35:34 487:487 SyncActivityProfilerHandler.cpp:59] profiler_stop

USDT:2026-08-31 06:35:34 489:489 SyncActivityProfilerHandler.cpp:59] profiler_stop
   @ EP:   5/32 | combine: 28 GB/s (SO), 51 GB/s (SU), 232.043 us, 11896704 bytes | reduce: 1068 GB/s, 7.656 us
   @ EP:   0/32 | combine: 29 GB/s (SO), 48 GB/s (SU), 235.930 us, 11250144 bytes | reduce: 1167 GB/s, 7.351 us
   @ EP:   1/32 | combine: 28 GB/s (SO), 49 GB/s (SU), 234.963 us, 11594976 bytes | reduce: 1089 GB/s, 7.729 us
   @ EP:   3/32 | combine: 28 GB/s (SO), 51 GB/s (SU), 231.885 us, 11911072 bytes | reduce: 1069 GB/s, 7.716 us
   @ EP:   4/32 | combine: 28 GB/s (SO), 51 GB/s (SU), 235.051 us, 11997280 bytes | reduce: 1045 GB/s, 7.937 us
   @ EP:   6/32 | combine: 28 GB/s (SO), 50 GB/s (SU), 231.911 us, 11551872 bytes | reduce: 1115 GB/s, 7.294 us   @ EP:   7/32 | combine: 28 GB/s (SO), 48 GB/s (SU), 230.690 us, 11135200 bytes | reduce: 1088 GB/s, 7.435 us

   @ EP:   2/32 | combine: 29 GB/s (SO), 49 GB/s (SU), 234.059 us, 11422560 bytes | reduce: 1078 GB/s, 7.874 us
USDT:2026-08-31 06:35:35 490:490 SyncActivityProfilerHandler.cpp:52] profiler_startUSDT:2026-08-31 06:35:35 492:492 SyncActivityProfilerHandler.cpp:52] profiler_start
USDT:2026-08-31 06:35:35 491:491 SyncActivityProfilerHandler.cpp:52] profiler_start

USDT:2026-08-31 06:35:35 488:488 SyncActivityProfilerHandler.cpp:52] profiler_startUSDT:2026-08-31 06:35:35 494:494 SyncActivityProfilerHandler.cpp:52] profiler_start

USDT:2026-08-31 06:35:35 493:493 SyncActivityProfilerHandler.cpp:52] profiler_start
USDT:2026-08-31 06:35:35 487:487 SyncActivityProfilerHandler.cpp:52] profiler_start
USDT:2026-08-31 06:35:35 489:489 SyncActivityProfilerHandler.cpp:52] profiler_start
USDT:2026-08-31 06:35:35 494:494 SyncActivityProfilerHandler.cpp:59] profiler_stopUSDT:2026-08-31 06:35:35 493:493 SyncActivityProfilerHandler.cpp:59] profiler_stop

USDT:2026-08-31 06:35:35 491:491 SyncActivityProfilerHandler.cpp:59] profiler_stopUSDT:2026-08-31 06:35:35 488:488 SyncActivityProfilerHandler.cpp:59] profiler_stop

USDT:2026-08-31 06:35:35 490:490 SyncActivityProfilerHandler.cpp:59] profiler_stop
USDT:2026-08-31 06:35:35 487:487 SyncActivityProfilerHandler.cpp:59] profiler_stopUSDT:2026-08-31 06:35:35 492:492 SyncActivityProfilerHandler.cpp:59] profiler_stop

USDT:2026-08-31 06:35:35 489:489 SyncActivityProfilerHandler.cpp:59] profiler_stop
   + EP:   7/32 | reduced combine: 26 GB/s (SO), 46 GB/s (SU), 239.792 us, 11135200 bytes | reduce: 1107 GB/s, 7.305 us
   + EP:   1/32 | reduced combine: 27 GB/s (SO), 48 GB/s (SU), 242.643 us, 11594976 bytes | reduce: 1097 GB/s, 7.675 us
   + EP:   3/32 | reduced combine: 27 GB/s (SO), 50 GB/s (SU), 240.233 us, 11911072 bytes | reduce: 1084 GB/s, 7.609 us
   + EP:   6/32 | reduced combine: 26 GB/s (SO), 48 GB/s (SU), 241.360 us, 11551872 bytes | reduce: 1110 GB/s, 7.324 us
   + EP:   4/32 | reduced combine: 27 GB/s (SO), 49 GB/s (SU), 243.300 us, 11997280 bytes | reduce: 1060 GB/s, 7.822 us
   + EP:   0/32 | reduced combine: 28 GB/s (SO), 46 GB/s (SU), 244.892 us, 11250144 bytes | reduce: 1134 GB/s, 7.567 us
   + EP:   5/32 | reduced combine: 27 GB/s (SO), 50 GB/s (SU), 239.984 us, 11896704 bytes | reduce: 1078 GB/s, 7.587 us
   + EP:   2/32 | reduced combine: 28 GB/s (SO), 47 GB/s (SU), 241.565 us, 11422560 bytes | reduce: 1086 GB/s, 7.817 us


