=== EP_NIC_NAME=rdmap110s0 (auto, 200 Gb/s) ===
=== GIN: NCCL_GIN_TYPE=5 NCCL_SYM_GIN_KERNELS_ENABLE=0 ===
=== IMAGE=deepep-v2-efa-official:sm90-bfbdd15  DeepEP=bfbdd15ff448783f877cb2210cb3246c8452b05e ===
+ docker run --rm --init --gpus all --privileged --network=host --ipc=host --ulimit memlock=-1 --ulimit stack=67108864 --device=/dev/infiniband --device=/dev/gdrdrv -v /sys/class/infiniband:/sys/class/infiniband:ro -e MASTER_ADDR=172.31.10.77 -e MASTER_PORT=9005 -e WORLD_SIZE=4 -e RANK=1 -e NCCL_DEBUG=WARN -e EP_NIC_NAME=rdmap110s0 -e NCCL_GIN_TYPE=5 -e NCCL_SYM_GIN_KERNELS_ENABLE=0 -e EP_NUM_SUB_PARTS=1 -e PYTHONUNBUFFERED=1 -e PYTHONFAULTHANDLER=1 deepep-v2-efa-official:sm90-bfbdd15 bash -lc 'timeout -s ABRT --kill-after=60 1800     python3 -u /opt/DeepEP/tests/elastic/test_ep.py     --num-processes=8 --num-tokens=8192     --hidden=7168 --num-topk=8 --num-experts=256     --num-sms=12 --allow-hybrid-mode=1     --prefer-overlap-with-compute=0 --test-first-only      '

==========
== CUDA ==
==========

CUDA Version 13.0.2

Container image Copyright (c) 2016-2023, NVIDIA CORPORATION & AFFILIATES. All rights reserved.

This container image and its contents are governed by the NVIDIA Deep Learning Container License.
By pulling and using the container, you accept the terms and conditions of this license:
https://developer.nvidia.com/ngc/nvidia-deep-learning-container-license

A copy of this license is made available in this container at /NGC-DL-CONTAINER-LICENSE for your convenience.

DeepEP hybrid kernel selection: unordered
DeepEP hybrid kernel selection: unordered
DeepEP hybrid kernel selection: unordered
DeepEP hybrid kernel selection: unordered
DeepEP hybrid kernel selection: unordered
DeepEP hybrid kernel selection: unordered
DeepEP hybrid kernel selection: unordered
DeepEP hybrid kernel selection: unordered
DeepEP hybrid kernel selection: unordered
DeepEP hybrid kernel selection: unordered
DeepEP hybrid kernel selection: unordered
DeepEP hybrid kernel selection: unordered
DeepEP hybrid kernel selection: unordered
DeepEP hybrid kernel selection: unordered
DeepEP hybrid kernel selection: unordered
DeepEP hybrid kernel selection: unordered
Config:
 > Ranks: 4 x 8
 > Experts: 8/256
 > Tokens: 8184 (max: 8192), hidden: 7168
 > #SM: 12, #QPs: 11/11

Running all test cases:
 > Testing with do_handle_copy=1, expert_alignment=128, use_fp8_dispatch=1, num_bias=0, with_previous_event=0, async_with_compute_stream=0, allocate_on_comm_stream=0 ...
USDT:2026-08-31 06:28:13 488:488 SyncActivityProfilerHandler.cpp:52] profiler_startUSDT:2026-08-31 06:28:13 489:489 SyncActivityProfilerHandler.cpp:52] profiler_startUSDT:2026-08-31 06:28:13 486:486 SyncActivityProfilerHandler.cpp:52] profiler_startUSDT:2026-08-31 06:28:13 490:490 SyncActivityProfilerHandler.cpp:52] profiler_startUSDT:2026-08-31 06:28:13 492:492 SyncActivityProfilerHandler.cpp:52] profiler_start

USDT:2026-08-31 06:28:13 493:493 SyncActivityProfilerHandler.cpp:52] profiler_startUSDT:2026-08-31 06:28:13 487:487 SyncActivityProfilerHandler.cpp:52] profiler_start




USDT:2026-08-31 06:28:13 491:491 SyncActivityProfilerHandler.cpp:52] profiler_start
USDT:2026-08-31 06:28:13 486:486 SyncActivityProfilerHandler.cpp:59] profiler_stopUSDT:2026-08-31 06:28:13 487:487 SyncActivityProfilerHandler.cpp:59] profiler_stopUSDT:2026-08-31 06:28:13 493:493 SyncActivityProfilerHandler.cpp:59] profiler_stop


USDT:2026-08-31 06:28:13 489:489 SyncActivityProfilerHandler.cpp:59] profiler_stopUSDT:2026-08-31 06:28:13 488:488 SyncActivityProfilerHandler.cpp:59] profiler_stopUSDT:2026-08-31 06:28:13 490:490 SyncActivityProfilerHandler.cpp:59] profiler_stop


USDT:2026-08-31 06:28:13 492:492 SyncActivityProfilerHandler.cpp:59] profiler_stop
USDT:2026-08-31 06:28:13 491:491 SyncActivityProfilerHandler.cpp:59] profiler_stop
   * EP:  15/32 | dispatch: 56 GB/s (SO), 112 GB/s (SU), 3977.000 us, 444629952 bytes | copy: 2695 GB/s, 329.931 us
   * EP:  11/32 | dispatch: 56 GB/s (SO), 112 GB/s (SU), 3977.000 us, 446112576 bytes | copy: 2571 GB/s, 346.975 us
   * EP:   8/32 | dispatch: 56 GB/s (SO), 111 GB/s (SU), 3977.000 us, 442668096 bytes | copy: 2750 GB/s, 321.892 us
   * EP:  10/32 | dispatch: 56 GB/s (SO), 112 GB/s (SU), 3977.000 us, 443776320 bytes | copy: 2536 GB/s, 350.036 us
   * EP:   9/32 | dispatch: 56 GB/s (SO), 112 GB/s (SU), 3977.000 us, 444158208 bytes | copy: 2895 GB/s, 306.858 us
   * EP:  14/32 | dispatch: 56 GB/s (SO), 112 GB/s (SU), 3977.000 us, 444255552 bytes | copy: 2566 GB/s, 346.243 us
   * EP:  12/32 | dispatch: 56 GB/s (SO), 112 GB/s (SU), 3977.000 us, 445917888 bytes | copy: 2707 GB/s, 329.459 us
   * EP:  13/32 | dispatch: 56 GB/s (SO), 112 GB/s (SU), 3977.000 us, 445513536 bytes | copy: 2801 GB/s, 318.102 us
USDT:2026-08-31 06:28:14 493:493 SyncActivityProfilerHandler.cpp:52] profiler_startUSDT:2026-08-31 06:28:14 491:491 SyncActivityProfilerHandler.cpp:52] profiler_startUSDT:2026-08-31 06:28:14 489:489 SyncActivityProfilerHandler.cpp:52] profiler_startUSDT:2026-08-31 06:28:14 486:486 SyncActivityProfilerHandler.cpp:52] profiler_startUSDT:2026-08-31 06:28:14 488:488 SyncActivityProfilerHandler.cpp:52] profiler_startUSDT:2026-08-31 06:28:14 492:492 SyncActivityProfilerHandler.cpp:52] profiler_startUSDT:2026-08-31 06:28:14 487:487 SyncActivityProfilerHandler.cpp:52] profiler_start






USDT:2026-08-31 06:28:14 490:490 SyncActivityProfilerHandler.cpp:52] profiler_start
USDT:2026-08-31 06:28:14 491:491 SyncActivityProfilerHandler.cpp:59] profiler_stopUSDT:2026-08-31 06:28:14 493:493 SyncActivityProfilerHandler.cpp:59] profiler_stopUSDT:2026-08-31 06:28:14 488:488 SyncActivityProfilerHandler.cpp:59] profiler_stop


USDT:2026-08-31 06:28:14 486:486 SyncActivityProfilerHandler.cpp:59] profiler_stopUSDT:2026-08-31 06:28:14 489:489 SyncActivityProfilerHandler.cpp:59] profiler_stopUSDT:2026-08-31 06:28:14 487:487 SyncActivityProfilerHandler.cpp:59] profiler_stop


USDT:2026-08-31 06:28:14 492:492 SyncActivityProfilerHandler.cpp:59] profiler_stop
USDT:2026-08-31 06:28:14 490:490 SyncActivityProfilerHandler.cpp:59] profiler_stop
   - EP:  15/32 | expanded dispatch: 56 GB/s (SO), 112 GB/s (SU), 3978.000 us, 444629952 bytes | copy: 2371 GB/s, 396.658 us
   - EP:  13/32 | expanded dispatch: 56 GB/s (SO), 112 GB/s (SU), 3978.000 us, 445513536 bytes | copy: 2639 GB/s, 357.041 us
   - EP:   9/32 | expanded dispatch: 56 GB/s (SO), 112 GB/s (SU), 3978.000 us, 444158208 bytes | copy: 2544 GB/s, 369.087 us
   - EP:  14/32 | expanded dispatch: 56 GB/s (SO), 112 GB/s (SU), 3978.000 us, 444255552 bytes | copy: 2351 GB/s, 399.161 us
   - EP:  10/32 | expanded dispatch: 56 GB/s (SO), 112 GB/s (SU), 3978.000 us, 443776320 bytes | copy: 2530 GB/s, 370.618 us
   - EP:   8/32 | expanded dispatch: 56 GB/s (SO), 111 GB/s (SU), 3978.000 us, 442668096 bytes | copy: 2467 GB/s, 379.751 us
   - EP:  11/32 | expanded dispatch: 56 GB/s (SO), 112 GB/s (SU), 3978.000 us, 446112576 bytes | copy: 2533 GB/s, 371.759 us
   - EP:  12/32 | expanded dispatch: 56 GB/s (SO), 112 GB/s (SU), 3978.000 us, 445917888 bytes | copy: 2428 GB/s, 387.906 us
USDT:2026-08-31 06:28:15 486:486 SyncActivityProfilerHandler.cpp:52] profiler_startUSDT:2026-08-31 06:28:15 493:493 SyncActivityProfilerHandler.cpp:52] profiler_startUSDT:2026-08-31 06:28:15 488:488 SyncActivityProfilerHandler.cpp:52] profiler_start
USDT:2026-08-31 06:28:15 490:490 SyncActivityProfilerHandler.cpp:52] profiler_start

USDT:2026-08-31 06:28:15 491:491 SyncActivityProfilerHandler.cpp:52] profiler_startUSDT:2026-08-31 06:28:15 489:489 SyncActivityProfilerHandler.cpp:52] profiler_start
USDT:2026-08-31 06:28:15 487:487 SyncActivityProfilerHandler.cpp:52] profiler_start


USDT:2026-08-31 06:28:15 492:492 SyncActivityProfilerHandler.cpp:52] profiler_start
USDT:2026-08-31 06:28:15 486:486 SyncActivityProfilerHandler.cpp:59] profiler_stop
USDT:2026-08-31 06:28:15 491:491 SyncActivityProfilerHandler.cpp:59] profiler_stopUSDT:2026-08-31 06:28:15 493:493 SyncActivityProfilerHandler.cpp:59] profiler_stopUSDT:2026-08-31 06:28:15 487:487 SyncActivityProfilerHandler.cpp:59] profiler_stop
USDT:2026-08-31 06:28:15 488:488 SyncActivityProfilerHandler.cpp:59] profiler_stop


USDT:2026-08-31 06:28:15 490:490 SyncActivityProfilerHandler.cpp:59] profiler_stopUSDT:2026-08-31 06:28:15 489:489 SyncActivityProfilerHandler.cpp:59] profiler_stop

USDT:2026-08-31 06:28:15 492:492 SyncActivityProfilerHandler.cpp:59] profiler_stop
   # EP:  15/32 | cached dispatch: 52 GB/s (SO), 104 GB/s (SU), 4262.000 us, 444629952 bytes | copy: 2569 GB/s, 346.190 us
   # EP:   9/32 | cached dispatch: 52 GB/s (SO), 104 GB/s (SU), 4261.000 us, 444158208 bytes | copy: 2785 GB/s, 318.920 us
   # EP:   8/32 | cached dispatch: 52 GB/s (SO), 104 GB/s (SU), 4261.000 us, 442668096 bytes | copy: 2731 GB/s, 324.196 us
   # EP:  11/32 | cached dispatch: 52 GB/s (SO), 105 GB/s (SU), 4262.000 us, 446112576 bytes | copy: 2768 GB/s, 322.373 us
   # EP:  10/32 | cached dispatch: 52 GB/s (SO), 104 GB/s (SU), 4261.000 us, 443776320 bytes | copy: 2674 GB/s, 331.901 us
   # EP:  12/32 | cached dispatch: 52 GB/s (SO), 105 GB/s (SU), 4262.000 us, 445917888 bytes | copy: 2327 GB/s, 383.336 us
   # EP:  13/32 | cached dispatch: 52 GB/s (SO), 105 GB/s (SU), 4262.000 us, 445513536 bytes | copy: 2695 GB/s, 330.613 us
   # EP:  14/32 | cached dispatch: 52 GB/s (SO), 104 GB/s (SU), 4262.000 us, 444255552 bytes | copy: 2479 GB/s, 358.428 us
USDT:2026-08-31 06:28:16 490:490 SyncActivityProfilerHandler.cpp:52] profiler_startUSDT:2026-08-31 06:28:16 493:493 SyncActivityProfilerHandler.cpp:52] profiler_start

USDT:2026-08-31 06:28:16 486:486 SyncActivityProfilerHandler.cpp:52] profiler_start
USDT:2026-08-31 06:28:16 487:487 SyncActivityProfilerHandler.cpp:52] profiler_start
USDT:2026-08-31 06:28:16 489:489 SyncActivityProfilerHandler.cpp:52] profiler_start
USDT:2026-08-31 06:28:16 491:491 SyncActivityProfilerHandler.cpp:52] profiler_start
USDT:2026-08-31 06:28:16 492:492 SyncActivityProfilerHandler.cpp:52] profiler_start
USDT:2026-08-31 06:28:16 488:488 SyncActivityProfilerHandler.cpp:52] profiler_start
USDT:2026-08-31 06:28:17 493:493 SyncActivityProfilerHandler.cpp:59] profiler_stop
USDT:2026-08-31 06:28:17 489:489 SyncActivityProfilerHandler.cpp:59] profiler_stop
USDT:2026-08-31 06:28:17 487:487 SyncActivityProfilerHandler.cpp:59] profiler_stop
USDT:2026-08-31 06:28:17 486:486 SyncActivityProfilerHandler.cpp:59] profiler_stop
USDT:2026-08-31 06:28:17 488:488 SyncActivityProfilerHandler.cpp:59] profiler_stop
USDT:2026-08-31 06:28:17 490:490 SyncActivityProfilerHandler.cpp:59] profiler_stop
USDT:2026-08-31 06:28:17 492:492 SyncActivityProfilerHandler.cpp:59] profiler_stop
USDT:2026-08-31 06:28:17 491:491 SyncActivityProfilerHandler.cpp:59] profiler_stop
   @ EP:   8/32 | combine: 57 GB/s (SO), 113 GB/s (SU), 7513.000 us, 849393056 bytes | reduce: 3605 GB/s, 150.596 us   @ EP:  15/32 | combine: 57 GB/s (SO), 116 GB/s (SU), 7377.000 us, 853157472 bytes | reduce: 3610 GB/s, 149.905 us

   @ EP:   9/32 | combine: 56 GB/s (SO), 113 GB/s (SU), 7529.000 us, 852252288 bytes | reduce: 3622 GB/s, 149.779 us
   @ EP:  13/32 | combine: 56 GB/s (SO), 113 GB/s (SU), 7549.000 us, 854852896 bytes | reduce: 3609 GB/s, 150.663 us
   @ EP:  10/32 | combine: 56 GB/s (SO), 112 GB/s (SU), 7573.000 us, 851519520 bytes | reduce: 3613 GB/s, 150.056 us
   @ EP:  14/32 | combine: 57 GB/s (SO), 113 GB/s (SU), 7524.000 us, 852439072 bytes | reduce: 3612 GB/s, 150.280 us
   @ EP:  12/32 | combine: 56 GB/s (SO), 113 GB/s (SU), 7550.000 us, 855628768 bytes | reduce: 3605 GB/s, 150.690 us
   @ EP:  11/32 | combine: 56 GB/s (SO), 113 GB/s (SU), 7551.000 us, 856002336 bytes | reduce: 3589 GB/s, 150.973 us
USDT:2026-08-31 06:28:17 488:488 SyncActivityProfilerHandler.cpp:52] profiler_start
USDT:2026-08-31 06:28:17 489:489 SyncActivityProfilerHandler.cpp:52] profiler_start
USDT:2026-08-31 06:28:17 487:487 SyncActivityProfilerHandler.cpp:52] profiler_start
USDT:2026-08-31 06:28:17 493:493 SyncActivityProfilerHandler.cpp:52] profiler_start
USDT:2026-08-31 06:28:17 486:486 SyncActivityProfilerHandler.cpp:52] profiler_start
USDT:2026-08-31 06:28:17 492:492 SyncActivityProfilerHandler.cpp:52] profiler_start
USDT:2026-08-31 06:28:17 491:491 SyncActivityProfilerHandler.cpp:52] profiler_startUSDT:2026-08-31 06:28:17 490:490 SyncActivityProfilerHandler.cpp:52] profiler_start

USDT:2026-08-31 06:28:18 488:488 SyncActivityProfilerHandler.cpp:59] profiler_stop
USDT:2026-08-31 06:28:18 489:489 SyncActivityProfilerHandler.cpp:59] profiler_stop
USDT:2026-08-31 06:28:18 487:487 SyncActivityProfilerHandler.cpp:59] profiler_stop
USDT:2026-08-31 06:28:18 493:493 SyncActivityProfilerHandler.cpp:59] profiler_stop
USDT:2026-08-31 06:28:18 486:486 SyncActivityProfilerHandler.cpp:59] profiler_stop
USDT:2026-08-31 06:28:18 490:490 SyncActivityProfilerHandler.cpp:59] profiler_stop
USDT:2026-08-31 06:28:18 492:492 SyncActivityProfilerHandler.cpp:59] profiler_stop
USDT:2026-08-31 06:28:18 491:491 SyncActivityProfilerHandler.cpp:59] profiler_stop
   + EP:  10/32 | reduced combine: 57 GB/s (SO), 114 GB/s (SU), 7466.000 us, 851519520 bytes | reduce: 3613 GB/s, 150.070 us
   + EP:  15/32 | reduced combine: 56 GB/s (SO), 113 GB/s (SU), 7581.000 us, 853157472 bytes | reduce: 3606 GB/s, 150.057 us
   + EP:   8/32 | reduced combine: 56 GB/s (SO), 111 GB/s (SU), 7623.000 us, 849393056 bytes | reduce: 3609 GB/s, 150.444 us
   + EP:  14/32 | reduced combine: 55 GB/s (SO), 110 GB/s (SU), 7723.000 us, 852439072 bytes | reduce: 3614 GB/s, 150.178 us
   + EP:   9/32 | reduced combine: 55 GB/s (SO), 110 GB/s (SU), 7776.000 us, 852252288 bytes | reduce: 3628 GB/s, 149.538 us
   + EP:  12/32 | reduced combine: 55 GB/s (SO), 111 GB/s (SU), 7684.000 us, 855628768 bytes | reduce: 3606 GB/s, 150.665 us
   + EP:  11/32 | reduced combine: 56 GB/s (SO), 112 GB/s (SU), 7615.000 us, 856002336 bytes | reduce: 3588 GB/s, 150.992 us
   + EP:  13/32 | reduced combine: 55 GB/s (SO), 111 GB/s (SU), 7714.000 us, 854852896 bytes | reduce: 3608 GB/s, 150.699 us


