=== EP_NIC_NAME=rdmap110s0 (auto, 200 Gb/s) ===
=== GIN: NCCL_GIN_TYPE=5 NCCL_SYM_GIN_KERNELS_ENABLE=0 ===
=== IMAGE=deepep-v2-efa-official:sm90-bfbdd15  DeepEP=bfbdd15ff448783f877cb2210cb3246c8452b05e ===
+ docker run --rm --init --gpus all --privileged --network=host --ipc=host --ulimit memlock=-1 --ulimit stack=67108864 --device=/dev/infiniband --device=/dev/gdrdrv -v /sys/class/infiniband:/sys/class/infiniband:ro -e MASTER_ADDR=172.31.10.77 -e MASTER_PORT=9005 -e WORLD_SIZE=4 -e RANK=3 -e NCCL_DEBUG=WARN -e EP_NIC_NAME=rdmap110s0 -e NCCL_GIN_TYPE=5 -e NCCL_SYM_GIN_KERNELS_ENABLE=0 -e EP_NUM_SUB_PARTS=1 -e PYTHONUNBUFFERED=1 -e PYTHONFAULTHANDLER=1 deepep-v2-efa-official:sm90-bfbdd15 bash -lc 'timeout -s ABRT --kill-after=60 1800     python3 -u /opt/DeepEP/tests/elastic/test_ep.py     --num-processes=8 --num-tokens=8192     --hidden=7168 --num-topk=8 --num-experts=256     --num-sms=12 --allow-hybrid-mode=1     --prefer-overlap-with-compute=0 --test-first-only      '

==========
== CUDA ==
==========

CUDA Version 13.0.2

Container image Copyright (c) 2016-2023, NVIDIA CORPORATION & AFFILIATES. All rights reserved.

This container image and its contents are governed by the NVIDIA Deep Learning Container License.
By pulling and using the container, you accept the terms and conditions of this license:
https://developer.nvidia.com/ngc/nvidia-deep-learning-container-license

A copy of this license is made available in this container at /NGC-DL-CONTAINER-LICENSE for your convenience.

DeepEP hybrid kernel selection: unordered
DeepEP hybrid kernel selection: unordered
DeepEP hybrid kernel selection: unordered
DeepEP hybrid kernel selection: unordered
DeepEP hybrid kernel selection: unordered
DeepEP hybrid kernel selection: unordered
DeepEP hybrid kernel selection: unordered
DeepEP hybrid kernel selection: unordered
DeepEP hybrid kernel selection: unordered
DeepEP hybrid kernel selection: unordered
DeepEP hybrid kernel selection: unordered
DeepEP hybrid kernel selection: unordered
DeepEP hybrid kernel selection: unordered
DeepEP hybrid kernel selection: unordered
DeepEP hybrid kernel selection: unordered
DeepEP hybrid kernel selection: unordered
Config:
 > Ranks: 4 x 8
 > Experts: 8/256
 > Tokens: 8168 (max: 8192), hidden: 7168
 > #SM: 12, #QPs: 11/11

Running all test cases:
 > Testing with do_handle_copy=1, expert_alignment=128, use_fp8_dispatch=1, num_bias=0, with_previous_event=0, async_with_compute_stream=0, allocate_on_comm_stream=0 ...
USDT:2026-08-31 06:28:13 484:484 SyncActivityProfilerHandler.cpp:52] profiler_startUSDT:2026-08-31 06:28:13 486:486 SyncActivityProfilerHandler.cpp:52] profiler_start

USDT:2026-08-31 06:28:13 485:485 SyncActivityProfilerHandler.cpp:52] profiler_startUSDT:2026-08-31 06:28:13 489:489 SyncActivityProfilerHandler.cpp:52] profiler_startUSDT:2026-08-31 06:28:13 488:488 SyncActivityProfilerHandler.cpp:52] profiler_startUSDT:2026-08-31 06:28:13 483:483 SyncActivityProfilerHandler.cpp:52] profiler_startUSDT:2026-08-31 06:28:13 487:487 SyncActivityProfilerHandler.cpp:52] profiler_start
USDT:2026-08-31 06:28:13 490:490 SyncActivityProfilerHandler.cpp:52] profiler_start




USDT:2026-08-31 06:28:13 484:484 SyncActivityProfilerHandler.cpp:59] profiler_stopUSDT:2026-08-31 06:28:13 487:487 SyncActivityProfilerHandler.cpp:59] profiler_stopUSDT:2026-08-31 06:28:13 486:486 SyncActivityProfilerHandler.cpp:59] profiler_stopUSDT:2026-08-31 06:28:13 483:483 SyncActivityProfilerHandler.cpp:59] profiler_stopUSDT:2026-08-31 06:28:13 488:488 SyncActivityProfilerHandler.cpp:59] profiler_stop
USDT:2026-08-31 06:28:13 485:485 SyncActivityProfilerHandler.cpp:59] profiler_stopUSDT:2026-08-31 06:28:13 490:490 SyncActivityProfilerHandler.cpp:59] profiler_stop
USDT:2026-08-31 06:28:13 489:489 SyncActivityProfilerHandler.cpp:59] profiler_stop





   * EP:  25/32 | dispatch: 56 GB/s (SO), 112 GB/s (SU), 3984.000 us, 446883840 bytes | copy: 2807 GB/s, 318.369 us
   * EP:  24/32 | dispatch: 55 GB/s (SO), 112 GB/s (SU), 3984.000 us, 447026112 bytes | copy: 2706 GB/s, 330.416 us
   * EP:  28/32 | dispatch: 55 GB/s (SO), 112 GB/s (SU), 3984.000 us, 444614976 bytes | copy: 2634 GB/s, 337.614 us
   * EP:  27/32 | dispatch: 55 GB/s (SO), 111 GB/s (SU), 3984.000 us, 444128256 bytes | copy: 2684 GB/s, 330.945 us
   * EP:  31/32 | dispatch: 56 GB/s (SO), 112 GB/s (SU), 3984.000 us, 444682368 bytes | copy: 2583 GB/s, 344.249 us   * EP:  30/32 | dispatch: 56 GB/s (SO), 112 GB/s (SU), 3984.000 us, 445887936 bytes | copy: 2627 GB/s, 339.484 us

   * EP:  29/32 | dispatch: 56 GB/s (SO), 111 GB/s (SU), 3984.000 us, 443446848 bytes | copy: 2876 GB/s, 308.410 us
   * EP:  26/32 | dispatch: 55 GB/s (SO), 112 GB/s (SU), 3984.000 us, 444929472 bytes | copy: 2776 GB/s, 320.530 us
USDT:2026-08-31 06:28:14 486:486 SyncActivityProfilerHandler.cpp:52] profiler_startUSDT:2026-08-31 06:28:14 487:487 SyncActivityProfilerHandler.cpp:52] profiler_startUSDT:2026-08-31 06:28:14 489:489 SyncActivityProfilerHandler.cpp:52] profiler_startUSDT:2026-08-31 06:28:14 490:490 SyncActivityProfilerHandler.cpp:52] profiler_startUSDT:2026-08-31 06:28:14 488:488 SyncActivityProfilerHandler.cpp:52] profiler_startUSDT:2026-08-31 06:28:14 485:485 SyncActivityProfilerHandler.cpp:52] profiler_start

USDT:2026-08-31 06:28:14 483:483 SyncActivityProfilerHandler.cpp:52] profiler_start
USDT:2026-08-31 06:28:14 484:484 SyncActivityProfilerHandler.cpp:52] profiler_start




USDT:2026-08-31 06:28:14 488:488 SyncActivityProfilerHandler.cpp:59] profiler_stop
USDT:2026-08-31 06:28:14 486:486 SyncActivityProfilerHandler.cpp:59] profiler_stopUSDT:2026-08-31 06:28:14 489:489 SyncActivityProfilerHandler.cpp:59] profiler_stopUSDT:2026-08-31 06:28:14 490:490 SyncActivityProfilerHandler.cpp:59] profiler_stop
USDT:2026-08-31 06:28:14 485:485 SyncActivityProfilerHandler.cpp:59] profiler_stop
USDT:2026-08-31 06:28:14 484:484 SyncActivityProfilerHandler.cpp:59] profiler_stopUSDT:2026-08-31 06:28:14 487:487 SyncActivityProfilerHandler.cpp:59] profiler_stop

USDT:2026-08-31 06:28:14 483:483 SyncActivityProfilerHandler.cpp:59] profiler_stop


   - EP:  29/32 | expanded dispatch: 56 GB/s (SO), 112 GB/s (SU), 3974.000 us, 443446848 bytes | copy: 2522 GB/s, 371.888 us
   - EP:  27/32 | expanded dispatch: 56 GB/s (SO), 112 GB/s (SU), 3974.000 us, 444128256 bytes | copy: 2430 GB/s, 385.600 us
   - EP:  26/32 | expanded dispatch: 56 GB/s (SO), 112 GB/s (SU), 3974.000 us, 444929472 bytes | copy: 2361 GB/s, 397.853 us
   - EP:  30/32 | expanded dispatch: 56 GB/s (SO), 112 GB/s (SU), 3974.000 us, 445887936 bytes | copy: 2428 GB/s, 387.894 us
   - EP:  24/32 | expanded dispatch: 56 GB/s (SO), 112 GB/s (SU), 3974.000 us, 447026112 bytes | copy: 2577 GB/s, 366.509 us
   - EP:  31/32 | expanded dispatch: 56 GB/s (SO), 112 GB/s (SU), 3974.000 us, 444682368 bytes | copy: 2409 GB/s, 390.280 us
   - EP:  28/32 | expanded dispatch: 56 GB/s (SO), 112 GB/s (SU), 3974.000 us, 444614976 bytes | copy: 2481 GB/s, 378.963 us
   - EP:  25/32 | expanded dispatch: 56 GB/s (SO), 112 GB/s (SU), 3974.000 us, 446883840 bytes | copy: 2500 GB/s, 377.549 us
USDT:2026-08-31 06:28:15 490:490 SyncActivityProfilerHandler.cpp:52] profiler_startUSDT:2026-08-31 06:28:15 487:487 SyncActivityProfilerHandler.cpp:52] profiler_startUSDT:2026-08-31 06:28:15 488:488 SyncActivityProfilerHandler.cpp:52] profiler_startUSDT:2026-08-31 06:28:15 485:485 SyncActivityProfilerHandler.cpp:52] profiler_startUSDT:2026-08-31 06:28:15 486:486 SyncActivityProfilerHandler.cpp:52] profiler_startUSDT:2026-08-31 06:28:15 483:483 SyncActivityProfilerHandler.cpp:52] profiler_startUSDT:2026-08-31 06:28:15 489:489 SyncActivityProfilerHandler.cpp:52] profiler_startUSDT:2026-08-31 06:28:15 484:484 SyncActivityProfilerHandler.cpp:52] profiler_start







USDT:2026-08-31 06:28:15 490:490 SyncActivityProfilerHandler.cpp:59] profiler_stopUSDT:2026-08-31 06:28:15 489:489 SyncActivityProfilerHandler.cpp:59] profiler_stopUSDT:2026-08-31 06:28:15 488:488 SyncActivityProfilerHandler.cpp:59] profiler_stop


USDT:2026-08-31 06:28:15 483:483 SyncActivityProfilerHandler.cpp:59] profiler_stopUSDT:2026-08-31 06:28:15 485:485 SyncActivityProfilerHandler.cpp:59] profiler_stop
USDT:2026-08-31 06:28:15 487:487 SyncActivityProfilerHandler.cpp:59] profiler_stopUSDT:2026-08-31 06:28:15 486:486 SyncActivityProfilerHandler.cpp:59] profiler_stop
USDT:2026-08-31 06:28:15 484:484 SyncActivityProfilerHandler.cpp:59] profiler_stop


   # EP:  25/32 | cached dispatch: 52 GB/s (SO), 105 GB/s (SU), 4255.000 us, 446883840 bytes | copy: 2599 GB/s, 343.824 us
   # EP:  24/32 | cached dispatch: 52 GB/s (SO), 105 GB/s (SU), 4255.000 us, 447026112 bytes | copy: 2681 GB/s, 333.484 us
   # EP:  28/32 | cached dispatch: 52 GB/s (SO), 104 GB/s (SU), 4255.000 us, 444614976 bytes | copy: 2636 GB/s, 337.389 us
   # EP:  26/32 | cached dispatch: 52 GB/s (SO), 105 GB/s (SU), 4255.000 us, 444929472 bytes | copy: 2670 GB/s, 333.330 us
   # EP:  27/32 | cached dispatch: 52 GB/s (SO), 104 GB/s (SU), 4255.000 us, 444128256 bytes | copy: 2478 GB/s, 358.385 us
   # EP:  30/32 | cached dispatch: 52 GB/s (SO), 105 GB/s (SU), 4255.000 us, 445887936 bytes | copy: 2799 GB/s, 318.552 us
   # EP:  31/32 | cached dispatch: 52 GB/s (SO), 105 GB/s (SU), 4255.000 us, 444682368 bytes | copy: 2583 GB/s, 344.376 us
   # EP:  29/32 | cached dispatch: 52 GB/s (SO), 104 GB/s (SU), 4255.000 us, 443446848 bytes | copy: 2830 GB/s, 313.403 us
USDT:2026-08-31 06:28:16 486:486 SyncActivityProfilerHandler.cpp:52] profiler_start
USDT:2026-08-31 06:28:16 484:484 SyncActivityProfilerHandler.cpp:52] profiler_start
USDT:2026-08-31 06:28:16 487:487 SyncActivityProfilerHandler.cpp:52] profiler_start
USDT:2026-08-31 06:28:16 490:490 SyncActivityProfilerHandler.cpp:52] profiler_start
USDT:2026-08-31 06:28:16 485:485 SyncActivityProfilerHandler.cpp:52] profiler_startUSDT:2026-08-31 06:28:16 488:488 SyncActivityProfilerHandler.cpp:52] profiler_start

USDT:2026-08-31 06:28:16 489:489 SyncActivityProfilerHandler.cpp:52] profiler_start
USDT:2026-08-31 06:28:16 483:483 SyncActivityProfilerHandler.cpp:52] profiler_start
USDT:2026-08-31 06:28:17 487:487 SyncActivityProfilerHandler.cpp:59] profiler_stop
USDT:2026-08-31 06:28:17 486:486 SyncActivityProfilerHandler.cpp:59] profiler_stop
USDT:2026-08-31 06:28:17 483:483 SyncActivityProfilerHandler.cpp:59] profiler_stop
USDT:2026-08-31 06:28:17 489:489 SyncActivityProfilerHandler.cpp:59] profiler_stop
USDT:2026-08-31 06:28:17 488:488 SyncActivityProfilerHandler.cpp:59] profiler_stop
USDT:2026-08-31 06:28:17 485:485 SyncActivityProfilerHandler.cpp:59] profiler_stop
USDT:2026-08-31 06:28:17 490:490 SyncActivityProfilerHandler.cpp:59] profiler_stop
USDT:2026-08-31 06:28:17 484:484 SyncActivityProfilerHandler.cpp:59] profiler_stop
   @ EP:  30/32 | combine: 57 GB/s (SO), 114 GB/s (SU), 7474.000 us, 855571296 bytes | reduce: 3626 GB/s, 149.355 us
   @ EP:  27/32 | combine: 57 GB/s (SO), 114 GB/s (SU), 7490.000 us, 852194816 bytes | reduce: 3622 GB/s, 149.504 us
   @ EP:  24/32 | combine: 57 GB/s (SO), 115 GB/s (SU), 7453.000 us, 857755232 bytes | reduce: 3604 GB/s, 150.120 us
   @ EP:  28/32 | combine: 57 GB/s (SO), 114 GB/s (SU), 7481.000 us, 853128736 bytes | reduce: 3638 GB/s, 148.626 us
   @ EP:  26/32 | combine: 57 GB/s (SO), 114 GB/s (SU), 7472.000 us, 853732192 bytes | reduce: 3621 GB/s, 149.437 us
   @ EP:  29/32 | combine: 57 GB/s (SO), 114 GB/s (SU), 7473.000 us, 850887328 bytes | reduce: 3629 GB/s, 149.387 us
   @ EP:  31/32 | combine: 57 GB/s (SO), 115 GB/s (SU), 7446.000 us, 853258048 bytes | reduce: 3623 GB/s, 149.659 us
   @ EP:  25/32 | combine: 56 GB/s (SO), 113 GB/s (SU), 7563.000 us, 857482240 bytes | reduce: 3618 GB/s, 149.855 us
USDT:2026-08-31 06:28:17 489:489 SyncActivityProfilerHandler.cpp:52] profiler_start
USDT:2026-08-31 06:28:17 483:483 SyncActivityProfilerHandler.cpp:52] profiler_startUSDT:2026-08-31 06:28:17 485:485 SyncActivityProfilerHandler.cpp:52] profiler_start

USDT:2026-08-31 06:28:17 488:488 SyncActivityProfilerHandler.cpp:52] profiler_start
USDT:2026-08-31 06:28:17 487:487 SyncActivityProfilerHandler.cpp:52] profiler_start
USDT:2026-08-31 06:28:17 490:490 SyncActivityProfilerHandler.cpp:52] profiler_start
USDT:2026-08-31 06:28:17 484:484 SyncActivityProfilerHandler.cpp:52] profiler_start
USDT:2026-08-31 06:28:17 486:486 SyncActivityProfilerHandler.cpp:52] profiler_start
USDT:2026-08-31 06:28:18 487:487 SyncActivityProfilerHandler.cpp:59] profiler_stopUSDT:2026-08-31 06:28:18 486:486 SyncActivityProfilerHandler.cpp:59] profiler_stop

USDT:2026-08-31 06:28:18 483:483 SyncActivityProfilerHandler.cpp:59] profiler_stop
USDT:2026-08-31 06:28:18 484:484 SyncActivityProfilerHandler.cpp:59] profiler_stop
USDT:2026-08-31 06:28:18 489:489 SyncActivityProfilerHandler.cpp:59] profiler_stopUSDT:2026-08-31 06:28:18 488:488 SyncActivityProfilerHandler.cpp:59] profiler_stop

USDT:2026-08-31 06:28:18 490:490 SyncActivityProfilerHandler.cpp:59] profiler_stop
USDT:2026-08-31 06:28:18 485:485 SyncActivityProfilerHandler.cpp:59] profiler_stop
   + EP:  28/32 | reduced combine: 57 GB/s (SO), 114 GB/s (SU), 7456.000 us, 853128736 bytes | reduce: 3634 GB/s, 148.786 us
   + EP:  29/32 | reduced combine: 57 GB/s (SO), 114 GB/s (SU), 7469.000 us, 850887328 bytes | reduce: 3628 GB/s, 149.459 us   + EP:  24/32 | reduced combine: 57 GB/s (SO), 115 GB/s (SU), 7450.000 us, 857755232 bytes | reduce: 3592 GB/s, 150.622 us
   + EP:  30/32 | reduced combine: 57 GB/s (SO), 114 GB/s (SU), 7510.000 us, 855571296 bytes | reduce: 3620 GB/s, 149.614 us

   + EP:  27/32 | reduced combine: 57 GB/s (SO), 114 GB/s (SU), 7507.000 us, 852194816 bytes | reduce: 3610 GB/s, 150.025 us
   + EP:  25/32 | reduced combine: 56 GB/s (SO), 113 GB/s (SU), 7585.000 us, 857482240 bytes | reduce: 3621 GB/s, 149.731 us
   + EP:  26/32 | reduced combine: 57 GB/s (SO), 115 GB/s (SU), 7456.000 us, 853732192 bytes | reduce: 3627 GB/s, 149.192 us
   + EP:  31/32 | reduced combine: 57 GB/s (SO), 114 GB/s (SU), 7473.000 us, 853258048 bytes | reduce: 3621 GB/s, 149.752 us


