=== EP_NIC_NAME=rdmap110s0 (auto, 200 Gb/s) ===
=== GIN: NCCL_GIN_TYPE=5 NCCL_SYM_GIN_KERNELS_ENABLE=0 ===
=== IMAGE=deepep-v2-efa-official:sm90-bfbdd15  DeepEP=bfbdd15ff448783f877cb2210cb3246c8452b05e ===
+ docker run --rm --init --gpus all --privileged --network=host --ipc=host --ulimit memlock=-1 --ulimit stack=67108864 --device=/dev/infiniband --device=/dev/gdrdrv -v /sys/class/infiniband:/sys/class/infiniband:ro -e MASTER_ADDR=172.31.10.77 -e MASTER_PORT=8709 -e WORLD_SIZE=2 -e RANK=0 -e NCCL_DEBUG=WARN -e EP_NIC_NAME=rdmap110s0 -e NCCL_GIN_TYPE=5 -e NCCL_SYM_GIN_KERNELS_ENABLE=0 -e PYTHONUNBUFFERED=1 -e PYTHONFAULTHANDLER=1 deepep-v2-efa-official:sm90-bfbdd15 bash -lc 'timeout -s ABRT --kill-after=60 1800     python3 -u /opt/DeepEP/tests/elastic/test_ep.py     --num-processes=8 --num-tokens=8192     --hidden=7168 --num-topk=8 --num-experts=256     --num-sms=12 --allow-hybrid-mode=1     --prefer-overlap-with-compute=0 --test-first-only      '

==========
== CUDA ==
==========

CUDA Version 13.0.2

Container image Copyright (c) 2016-2023, NVIDIA CORPORATION & AFFILIATES. All rights reserved.

This container image and its contents are governed by the NVIDIA Deep Learning Container License.
By pulling and using the container, you accept the terms and conditions of this license:
https://developer.nvidia.com/ngc/nvidia-deep-learning-container-license

A copy of this license is made available in this container at /NGC-DL-CONTAINER-LICENSE for your convenience.

NCCL version 2.31.2+cuda13.3
DeepEP hybrid kernel selection: unordered
DeepEP hybrid kernel selection: unordered
DeepEP hybrid kernel selection: unordered
DeepEP hybrid kernel selection: unordered
DeepEP hybrid kernel selection: unordered
DeepEP hybrid kernel selection: unordered
DeepEP hybrid kernel selection: unordered
DeepEP hybrid kernel selection: unordered
DeepEP hybrid kernel selection: unordered
DeepEP hybrid kernel selection: unordered
DeepEP hybrid kernel selection: unordered
DeepEP hybrid kernel selection: unordered
DeepEP hybrid kernel selection: unordered
DeepEP hybrid kernel selection: unordered
DeepEP hybrid kernel selection: unordered
DeepEP hybrid kernel selection: unordered
Config:
 > Ranks: 2 x 8
 > Experts: 8/256
 > Tokens: 8192 (max: 8192), hidden: 7168
 > #SM: 12, #QPs: 11/11

Running all test cases:
 > Testing with do_handle_copy=1, expert_alignment=128, use_fp8_dispatch=1, num_bias=0, with_previous_event=0, async_with_compute_stream=0, allocate_on_comm_stream=0 ...
USDT:2026-08-31 04:21:24 490:490 SyncActivityProfilerHandler.cpp:52] profiler_startUSDT:2026-08-31 04:21:24 488:488 SyncActivityProfilerHandler.cpp:52] profiler_startUSDT:2026-08-31 04:21:24 492:492 SyncActivityProfilerHandler.cpp:52] profiler_start

USDT:2026-08-31 04:21:24 489:489 SyncActivityProfilerHandler.cpp:52] profiler_startUSDT:2026-08-31 04:21:24 491:491 SyncActivityProfilerHandler.cpp:52] profiler_start


USDT:2026-08-31 04:21:24 493:493 SyncActivityProfilerHandler.cpp:52] profiler_startUSDT:2026-08-31 04:21:24 494:494 SyncActivityProfilerHandler.cpp:52] profiler_start

USDT:2026-08-31 04:21:24 487:487 SyncActivityProfilerHandler.cpp:52] profiler_start
USDT:2026-08-31 04:21:24 488:488 SyncActivityProfilerHandler.cpp:59] profiler_stopUSDT:2026-08-31 04:21:24 487:487 SyncActivityProfilerHandler.cpp:59] profiler_stopUSDT:2026-08-31 04:21:24 489:489 SyncActivityProfilerHandler.cpp:59] profiler_stopUSDT:2026-08-31 04:21:24 491:491 SyncActivityProfilerHandler.cpp:59] profiler_stopUSDT:2026-08-31 04:21:24 492:492 SyncActivityProfilerHandler.cpp:59] profiler_stopUSDT:2026-08-31 04:21:24 494:494 SyncActivityProfilerHandler.cpp:59] profiler_stopUSDT:2026-08-31 04:21:24 490:490 SyncActivityProfilerHandler.cpp:59] profiler_stop






USDT:2026-08-31 04:21:24 493:493 SyncActivityProfilerHandler.cpp:59] profiler_stop
   * EP:   1/16 | dispatch: 82 GB/s (SO), 268 GB/s (SU), 1495.000 us, 400900032 bytes | copy: 3287 GB/s, 243.908 us
   * EP:   3/16 | dispatch: 82 GB/s (SO), 266 GB/s (SU), 1495.000 us, 398309184 bytes | copy: 3285 GB/s, 242.508 us
   * EP:   4/16 | dispatch: 82 GB/s (SO), 269 GB/s (SU), 1495.000 us, 402360192 bytes | copy: 3336 GB/s, 241.241 us
   * EP:   0/16 | dispatch: 82 GB/s (SO), 265 GB/s (SU), 1495.000 us, 395942976 bytes | copy: 3327 GB/s, 238.025 us
   * EP:   7/16 | dispatch: 82 GB/s (SO), 267 GB/s (SU), 1495.000 us, 399252672 bytes | copy: 3326 GB/s, 240.115 us
   * EP:   2/16 | dispatch: 82 GB/s (SO), 267 GB/s (SU), 1495.000 us, 399155328 bytes | copy: 3290 GB/s, 242.678 us
   * EP:   5/16 | dispatch: 82 GB/s (SO), 267 GB/s (SU), 1495.000 us, 399821760 bytes | copy: 3318 GB/s, 240.981 us   * EP:   6/16 | dispatch: 82 GB/s (SO), 266 GB/s (SU), 1495.000 us, 397642752 bytes | copy: 3364 GB/s, 236.414 us

USDT:2026-08-31 04:21:25 487:487 SyncActivityProfilerHandler.cpp:52] profiler_startUSDT:2026-08-31 04:21:25 492:492 SyncActivityProfilerHandler.cpp:52] profiler_startUSDT:2026-08-31 04:21:25 494:494 SyncActivityProfilerHandler.cpp:52] profiler_startUSDT:2026-08-31 04:21:25 490:490 SyncActivityProfilerHandler.cpp:52] profiler_startUSDT:2026-08-31 04:21:25 488:488 SyncActivityProfilerHandler.cpp:52] profiler_startUSDT:2026-08-31 04:21:25 489:489 SyncActivityProfilerHandler.cpp:52] profiler_start


USDT:2026-08-31 04:21:25 491:491 SyncActivityProfilerHandler.cpp:52] profiler_start



USDT:2026-08-31 04:21:25 493:493 SyncActivityProfilerHandler.cpp:52] profiler_start
USDT:2026-08-31 04:21:25 492:492 SyncActivityProfilerHandler.cpp:59] profiler_stopUSDT:2026-08-31 04:21:25 490:490 SyncActivityProfilerHandler.cpp:59] profiler_stopUSDT:2026-08-31 04:21:25 491:491 SyncActivityProfilerHandler.cpp:59] profiler_stopUSDT:2026-08-31 04:21:25 487:487 SyncActivityProfilerHandler.cpp:59] profiler_stop


USDT:2026-08-31 04:21:25 494:494 SyncActivityProfilerHandler.cpp:59] profiler_stop

USDT:2026-08-31 04:21:25 488:488 SyncActivityProfilerHandler.cpp:59] profiler_stopUSDT:2026-08-31 04:21:25 489:489 SyncActivityProfilerHandler.cpp:59] profiler_stop

USDT:2026-08-31 04:21:25 493:493 SyncActivityProfilerHandler.cpp:59] profiler_stop
   - EP:   3/16 | expanded dispatch: 81 GB/s (SO), 265 GB/s (SU), 1501.000 us, 398309184 bytes | copy: 2831 GB/s, 316.921 us
   - EP:   1/16 | expanded dispatch: 81 GB/s (SO), 267 GB/s (SU), 1501.000 us, 400900032 bytes | copy: 2754 GB/s, 326.411 us
   - EP:   0/16 | expanded dispatch: 81 GB/s (SO), 264 GB/s (SU), 1501.000 us, 395942976 bytes | copy: 2829 GB/s, 314.221 us
   - EP:   7/16 | expanded dispatch: 81 GB/s (SO), 266 GB/s (SU), 1501.000 us, 399252672 bytes | copy: 2794 GB/s, 320.059 us
   - EP:   4/16 | expanded dispatch: 81 GB/s (SO), 268 GB/s (SU), 1501.000 us, 402360192 bytes | copy: 2862 GB/s, 316.494 us
   - EP:   2/16 | expanded dispatch: 81 GB/s (SO), 266 GB/s (SU), 1501.000 us, 399155328 bytes | copy: 2814 GB/s, 319.466 us
   - EP:   5/16 | expanded dispatch: 81 GB/s (SO), 266 GB/s (SU), 1501.000 us, 399821760 bytes | copy: 2872 GB/s, 313.504 us
   - EP:   6/16 | expanded dispatch: 81 GB/s (SO), 265 GB/s (SU), 1501.000 us, 397642752 bytes | copy: 2848 GB/s, 313.906 us
USDT:2026-08-31 04:21:26 491:491 SyncActivityProfilerHandler.cpp:52] profiler_startUSDT:2026-08-31 04:21:26 490:490 SyncActivityProfilerHandler.cpp:52] profiler_startUSDT:2026-08-31 04:21:26 488:488 SyncActivityProfilerHandler.cpp:52] profiler_startUSDT:2026-08-31 04:21:26 492:492 SyncActivityProfilerHandler.cpp:52] profiler_start


USDT:2026-08-31 04:21:26 487:487 SyncActivityProfilerHandler.cpp:52] profiler_start
USDT:2026-08-31 04:21:26 494:494 SyncActivityProfilerHandler.cpp:52] profiler_start
USDT:2026-08-31 04:21:26 493:493 SyncActivityProfilerHandler.cpp:52] profiler_start

USDT:2026-08-31 04:21:26 489:489 SyncActivityProfilerHandler.cpp:52] profiler_start
USDT:2026-08-31 04:21:26 490:490 SyncActivityProfilerHandler.cpp:59] profiler_stopUSDT:2026-08-31 04:21:26 494:494 SyncActivityProfilerHandler.cpp:59] profiler_stopUSDT:2026-08-31 04:21:26 488:488 SyncActivityProfilerHandler.cpp:59] profiler_stopUSDT:2026-08-31 04:21:26 493:493 SyncActivityProfilerHandler.cpp:59] profiler_stopUSDT:2026-08-31 04:21:26 491:491 SyncActivityProfilerHandler.cpp:59] profiler_stop

USDT:2026-08-31 04:21:26 487:487 SyncActivityProfilerHandler.cpp:59] profiler_stop



USDT:2026-08-31 04:21:26 489:489 SyncActivityProfilerHandler.cpp:59] profiler_stopUSDT:2026-08-31 04:21:26 492:492 SyncActivityProfilerHandler.cpp:59] profiler_stop

   # EP:   3/16 | cached dispatch: 77 GB/s (SO), 251 GB/s (SU), 1586.000 us, 398309184 bytes | copy: 3309 GB/s, 240.731 us
   # EP:   4/16 | cached dispatch: 77 GB/s (SO), 254 GB/s (SU), 1586.000 us, 402360192 bytes | copy: 3348 GB/s, 240.329 us
   # EP:   7/16 | cached dispatch: 77 GB/s (SO), 252 GB/s (SU), 1586.000 us, 399252672 bytes | copy: 3396 GB/s, 235.160 us
   # EP:   1/16 | cached dispatch: 77 GB/s (SO), 253 GB/s (SU), 1586.000 us, 400900032 bytes | copy: 3352 GB/s, 239.220 us
   # EP:   2/16 | cached dispatch: 77 GB/s (SO), 252 GB/s (SU), 1586.000 us, 399155328 bytes | copy: 3352 GB/s, 238.192 us
   # EP:   5/16 | cached dispatch: 77 GB/s (SO), 252 GB/s (SU), 1586.000 us, 399821760 bytes | copy: 3503 GB/s, 228.279 us
   # EP:   0/16 | cached dispatch: 77 GB/s (SO), 250 GB/s (SU), 1586.000 us, 395942976 bytes | copy: 3365 GB/s, 235.319 us
   # EP:   6/16 | cached dispatch: 77 GB/s (SO), 251 GB/s (SU), 1586.000 us, 397642752 bytes | copy: 3405 GB/s, 233.561 us
USDT:2026-08-31 04:21:27 491:491 SyncActivityProfilerHandler.cpp:52] profiler_startUSDT:2026-08-31 04:21:27 494:494 SyncActivityProfilerHandler.cpp:52] profiler_startUSDT:2026-08-31 04:21:27 490:490 SyncActivityProfilerHandler.cpp:52] profiler_startUSDT:2026-08-31 04:21:27 489:489 SyncActivityProfilerHandler.cpp:52] profiler_startUSDT:2026-08-31 04:21:27 488:488 SyncActivityProfilerHandler.cpp:52] profiler_start




USDT:2026-08-31 04:21:27 493:493 SyncActivityProfilerHandler.cpp:52] profiler_start
USDT:2026-08-31 04:21:27 487:487 SyncActivityProfilerHandler.cpp:52] profiler_start
USDT:2026-08-31 04:21:27 492:492 SyncActivityProfilerHandler.cpp:52] profiler_start
USDT:2026-08-31 04:21:27 491:491 SyncActivityProfilerHandler.cpp:59] profiler_stopUSDT:2026-08-31 04:21:27 489:489 SyncActivityProfilerHandler.cpp:59] profiler_stop

USDT:2026-08-31 04:21:27 490:490 SyncActivityProfilerHandler.cpp:59] profiler_stopUSDT:2026-08-31 04:21:27 488:488 SyncActivityProfilerHandler.cpp:59] profiler_stopUSDT:2026-08-31 04:21:27 487:487 SyncActivityProfilerHandler.cpp:59] profiler_stopUSDT:2026-08-31 04:21:27 494:494 SyncActivityProfilerHandler.cpp:59] profiler_stop



USDT:2026-08-31 04:21:27 493:493 SyncActivityProfilerHandler.cpp:59] profiler_stop
USDT:2026-08-31 04:21:27 492:492 SyncActivityProfilerHandler.cpp:59] profiler_stop
   @ EP:   1/16 | combine: 72 GB/s (SO), 237 GB/s (SU), 3242.000 us, 769248352 bytes | reduce: 3675 GB/s, 95.870 us
   @ EP:   7/16 | combine: 73 GB/s (SO), 237 GB/s (SU), 3231.000 us, 766087392 bytes | reduce: 3673 GB/s, 95.862 us
   @ EP:   4/16 | combine: 73 GB/s (SO), 240 GB/s (SU), 3219.000 us, 772050112 bytes | reduce: 3676 GB/s, 95.799 us
   @ EP:   3/16 | combine: 72 GB/s (SO), 236 GB/s (SU), 3239.000 us, 764277024 bytes | reduce: 3691 GB/s, 95.445 us
   @ EP:   6/16 | combine: 72 GB/s (SO), 234 GB/s (SU), 3259.000 us, 762998272 bytes | reduce: 3672 GB/s, 95.915 us
   @ EP:   0/16 | combine: 73 GB/s (SO), 235 GB/s (SU), 3229.000 us, 759736736 bytes | reduce: 3667 GB/s, 96.112 us
   @ EP:   2/16 | combine: 73 GB/s (SO), 237 GB/s (SU), 3225.000 us, 765900608 bytes | reduce: 3668 GB/s, 96.029 us
   @ EP:   5/16 | combine: 60 GB/s (SO), 197 GB/s (SU), 3896.000 us, 767179360 bytes | reduce: 3663 GB/s, 96.138 us
USDT:2026-08-31 04:21:28 492:492 SyncActivityProfilerHandler.cpp:52] profiler_startUSDT:2026-08-31 04:21:28 488:488 SyncActivityProfilerHandler.cpp:52] profiler_start

USDT:2026-08-31 04:21:28 490:490 SyncActivityProfilerHandler.cpp:52] profiler_startUSDT:2026-08-31 04:21:28 494:494 SyncActivityProfilerHandler.cpp:52] profiler_start

USDT:2026-08-31 04:21:28 493:493 SyncActivityProfilerHandler.cpp:52] profiler_start
USDT:2026-08-31 04:21:28 491:491 SyncActivityProfilerHandler.cpp:52] profiler_start
USDT:2026-08-31 04:21:28 489:489 SyncActivityProfilerHandler.cpp:52] profiler_start
USDT:2026-08-31 04:21:28 487:487 SyncActivityProfilerHandler.cpp:52] profiler_start
USDT:2026-08-31 04:21:28 492:492 SyncActivityProfilerHandler.cpp:59] profiler_stop
USDT:2026-08-31 04:21:28 488:488 SyncActivityProfilerHandler.cpp:59] profiler_stop
USDT:2026-08-31 04:21:28 490:490 SyncActivityProfilerHandler.cpp:59] profiler_stop
USDT:2026-08-31 04:21:28 491:491 SyncActivityProfilerHandler.cpp:59] profiler_stop
USDT:2026-08-31 04:21:28 489:489 SyncActivityProfilerHandler.cpp:59] profiler_stop
USDT:2026-08-31 04:21:28 493:493 SyncActivityProfilerHandler.cpp:59] profiler_stop
USDT:2026-08-31 04:21:28 494:494 SyncActivityProfilerHandler.cpp:59] profiler_stop
USDT:2026-08-31 04:21:28 487:487 SyncActivityProfilerHandler.cpp:59] profiler_stop
   + EP:   4/16 | reduced combine: 58 GB/s (SO), 191 GB/s (SU), 4044.000 us, 772050112 bytes | reduce: 3688 GB/s, 95.491 us
   + EP:   1/16 | reduced combine: 59 GB/s (SO), 193 GB/s (SU), 3992.000 us, 769248352 bytes | reduce: 3678 GB/s, 95.782 us
   + EP:   2/16 | reduced combine: 58 GB/s (SO), 188 GB/s (SU), 4064.000 us, 765900608 bytes | reduce: 3682 GB/s, 95.644 us   + EP:   5/16 | reduced combine: 59 GB/s (SO), 193 GB/s (SU), 3977.000 us, 767179360 bytes | reduce: 3677 GB/s, 95.763 us

   + EP:   3/16 | reduced combine: 58 GB/s (SO), 190 GB/s (SU), 4024.000 us, 764277024 bytes | reduce: 3687 GB/s, 95.552 us
   + EP:   0/16 | reduced combine: 53 GB/s (SO), 171 GB/s (SU), 4436.000 us, 759736736 bytes | reduce: 3667 GB/s, 96.105 us
   + EP:   6/16 | reduced combine: 58 GB/s (SO), 189 GB/s (SU), 4027.000 us, 762998272 bytes | reduce: 3688 GB/s, 95.496 us
   + EP:   7/16 | reduced combine: 58 GB/s (SO), 191 GB/s (SU), 4013.000 us, 766087392 bytes | reduce: 3679 GB/s, 95.703 us


