=== EP_NIC_NAME=rdmap110s0 (auto, 200 Gb/s) ===
=== GIN: NCCL_GIN_TYPE=5 NCCL_SYM_GIN_KERNELS_ENABLE=0 ===
=== IMAGE=deepep-v2-efa-official:sm90-bfbdd15  DeepEP=bfbdd15ff448783f877cb2210cb3246c8452b05e ===
+ docker run --rm --init --gpus all --privileged --network=host --ipc=host --ulimit memlock=-1 --ulimit stack=67108864 --device=/dev/infiniband --device=/dev/gdrdrv -v /sys/class/infiniband:/sys/class/infiniband:ro -e MASTER_ADDR=172.31.10.77 -e MASTER_PORT=8715 -e WORLD_SIZE=2 -e RANK=0 -e NCCL_DEBUG=WARN -e EP_NIC_NAME=rdmap110s0 -e NCCL_GIN_TYPE=5 -e NCCL_SYM_GIN_KERNELS_ENABLE=0 -e PYTHONUNBUFFERED=1 -e PYTHONFAULTHANDLER=1 deepep-v2-efa-official:sm90-bfbdd15 bash -lc 'timeout -s ABRT --kill-after=60 1800     python3 -u /opt/DeepEP/tests/elastic/test_ep.py     --num-processes=8 --num-tokens=8192     --hidden=7168 --num-topk=8 --num-experts=256     --num-sms=12 --allow-hybrid-mode=1     --prefer-overlap-with-compute=0 --test-first-only      '

==========
== CUDA ==
==========

CUDA Version 13.0.2

Container image Copyright (c) 2016-2023, NVIDIA CORPORATION & AFFILIATES. All rights reserved.

This container image and its contents are governed by the NVIDIA Deep Learning Container License.
By pulling and using the container, you accept the terms and conditions of this license:
https://developer.nvidia.com/ngc/nvidia-deep-learning-container-license

A copy of this license is made available in this container at /NGC-DL-CONTAINER-LICENSE for your convenience.

NCCL version 2.31.2+cuda13.3
DeepEP hybrid kernel selection: unordered
DeepEP hybrid kernel selection: unordered
DeepEP hybrid kernel selection: unordered
DeepEP hybrid kernel selection: unordered
DeepEP hybrid kernel selection: unordered
DeepEP hybrid kernel selection: unordered
DeepEP hybrid kernel selection: unordered
DeepEP hybrid kernel selection: unordered
DeepEP hybrid kernel selection: unordered
DeepEP hybrid kernel selection: unordered
DeepEP hybrid kernel selection: unordered
DeepEP hybrid kernel selection: unordered
DeepEP hybrid kernel selection: unordered
DeepEP hybrid kernel selection: unordered
DeepEP hybrid kernel selection: unordered
DeepEP hybrid kernel selection: unordered
Config:
 > Ranks: 2 x 8
 > Experts: 8/256
 > Tokens: 8192 (max: 8192), hidden: 7168
 > #SM: 12, #QPs: 11/11

Running all test cases:
 > Testing with do_handle_copy=1, expert_alignment=128, use_fp8_dispatch=1, num_bias=0, with_previous_event=0, async_with_compute_stream=0, allocate_on_comm_stream=0 ...
USDT:2026-08-31 04:33:14 491:491 SyncActivityProfilerHandler.cpp:52] profiler_startUSDT:2026-08-31 04:33:14 494:494 SyncActivityProfilerHandler.cpp:52] profiler_startUSDT:2026-08-31 04:33:14 488:488 SyncActivityProfilerHandler.cpp:52] profiler_startUSDT:2026-08-31 04:33:14 490:490 SyncActivityProfilerHandler.cpp:52] profiler_startUSDT:2026-08-31 04:33:14 492:492 SyncActivityProfilerHandler.cpp:52] profiler_start



USDT:2026-08-31 04:33:14 495:495 SyncActivityProfilerHandler.cpp:52] profiler_startUSDT:2026-08-31 04:33:14 489:489 SyncActivityProfilerHandler.cpp:52] profiler_start


USDT:2026-08-31 04:33:14 493:493 SyncActivityProfilerHandler.cpp:52] profiler_start
USDT:2026-08-31 04:33:15 494:494 SyncActivityProfilerHandler.cpp:59] profiler_stopUSDT:2026-08-31 04:33:15 491:491 SyncActivityProfilerHandler.cpp:59] profiler_stop

USDT:2026-08-31 04:33:15 492:492 SyncActivityProfilerHandler.cpp:59] profiler_stopUSDT:2026-08-31 04:33:15 493:493 SyncActivityProfilerHandler.cpp:59] profiler_stopUSDT:2026-08-31 04:33:15 495:495 SyncActivityProfilerHandler.cpp:59] profiler_stopUSDT:2026-08-31 04:33:15 490:490 SyncActivityProfilerHandler.cpp:59] profiler_stopUSDT:2026-08-31 04:33:15 488:488 SyncActivityProfilerHandler.cpp:59] profiler_stopUSDT:2026-08-31 04:33:15 489:489 SyncActivityProfilerHandler.cpp:59] profiler_stop





   * EP:   5/16 | dispatch: 82 GB/s (SO), 267 GB/s (SU), 1498.000 us, 399821760 bytes | copy: 3333 GB/s, 239.948 us   * EP:   0/16 | dispatch: 82 GB/s (SO), 264 GB/s (SU), 1498.000 us, 395942976 bytes | copy: 3276 GB/s, 241.687 us

   * EP:   3/16 | dispatch: 82 GB/s (SO), 266 GB/s (SU), 1498.000 us, 398309184 bytes | copy: 3227 GB/s, 246.880 us
   * EP:   7/16 | dispatch: 82 GB/s (SO), 267 GB/s (SU), 1498.000 us, 399252672 bytes | copy: 3269 GB/s, 244.263 us
   * EP:   4/16 | dispatch: 82 GB/s (SO), 269 GB/s (SU), 1498.000 us, 402360192 bytes | copy: 3336 GB/s, 241.217 us
   * EP:   2/16 | dispatch: 82 GB/s (SO), 266 GB/s (SU), 1498.000 us, 399155328 bytes | copy: 3267 GB/s, 244.365 us
   * EP:   6/16 | dispatch: 82 GB/s (SO), 265 GB/s (SU), 1498.000 us, 397642752 bytes | copy: 3321 GB/s, 239.502 us
   * EP:   1/16 | dispatch: 82 GB/s (SO), 268 GB/s (SU), 1498.000 us, 400900032 bytes | copy: 3286 GB/s, 243.971 us
USDT:2026-08-31 04:33:15 488:488 SyncActivityProfilerHandler.cpp:52] profiler_startUSDT:2026-08-31 04:33:15 494:494 SyncActivityProfilerHandler.cpp:52] profiler_startUSDT:2026-08-31 04:33:15 491:491 SyncActivityProfilerHandler.cpp:52] profiler_startUSDT:2026-08-31 04:33:15 492:492 SyncActivityProfilerHandler.cpp:52] profiler_startUSDT:2026-08-31 04:33:15 493:493 SyncActivityProfilerHandler.cpp:52] profiler_start
USDT:2026-08-31 04:33:15 495:495 SyncActivityProfilerHandler.cpp:52] profiler_start


USDT:2026-08-31 04:33:15 489:489 SyncActivityProfilerHandler.cpp:52] profiler_startUSDT:2026-08-31 04:33:15 490:490 SyncActivityProfilerHandler.cpp:52] profiler_start



USDT:2026-08-31 04:33:15 493:493 SyncActivityProfilerHandler.cpp:59] profiler_stopUSDT:2026-08-31 04:33:15 491:491 SyncActivityProfilerHandler.cpp:59] profiler_stopUSDT:2026-08-31 04:33:15 492:492 SyncActivityProfilerHandler.cpp:59] profiler_stopUSDT:2026-08-31 04:33:15 488:488 SyncActivityProfilerHandler.cpp:59] profiler_stop
USDT:2026-08-31 04:33:15 494:494 SyncActivityProfilerHandler.cpp:59] profiler_stopUSDT:2026-08-31 04:33:15 489:489 SyncActivityProfilerHandler.cpp:59] profiler_stop


USDT:2026-08-31 04:33:15 490:490 SyncActivityProfilerHandler.cpp:59] profiler_stop


USDT:2026-08-31 04:33:15 495:495 SyncActivityProfilerHandler.cpp:59] profiler_stop
   - EP:   5/16 | expanded dispatch: 82 GB/s (SO), 267 GB/s (SU), 1498.000 us, 399821760 bytes | copy: 2875 GB/s, 313.195 us
   - EP:   4/16 | expanded dispatch: 82 GB/s (SO), 269 GB/s (SU), 1498.000 us, 402360192 bytes | copy: 2830 GB/s, 320.084 us
   - EP:   0/16 | expanded dispatch: 82 GB/s (SO), 264 GB/s (SU), 1498.000 us, 395942976 bytes | copy: 2825 GB/s, 314.663 us
   - EP:   3/16 | expanded dispatch: 82 GB/s (SO), 266 GB/s (SU), 1498.000 us, 398309184 bytes | copy: 2875 GB/s, 312.034 us
   - EP:   7/16 | expanded dispatch: 82 GB/s (SO), 267 GB/s (SU), 1498.000 us, 399252672 bytes | copy: 2816 GB/s, 317.467 us
   - EP:   2/16 | expanded dispatch: 82 GB/s (SO), 266 GB/s (SU), 1498.000 us, 399155328 bytes | copy: 2839 GB/s, 316.671 us
   - EP:   6/16 | expanded dispatch: 82 GB/s (SO), 266 GB/s (SU), 1497.000 us, 397642752 bytes | copy: 2877 GB/s, 310.698 us
   - EP:   1/16 | expanded dispatch: 82 GB/s (SO), 268 GB/s (SU), 1497.000 us, 400900032 bytes | copy: 2853 GB/s, 315.146 us
USDT:2026-08-31 04:33:16 492:492 SyncActivityProfilerHandler.cpp:52] profiler_startUSDT:2026-08-31 04:33:16 494:494 SyncActivityProfilerHandler.cpp:52] profiler_startUSDT:2026-08-31 04:33:16 491:491 SyncActivityProfilerHandler.cpp:52] profiler_startUSDT:2026-08-31 04:33:16 488:488 SyncActivityProfilerHandler.cpp:52] profiler_startUSDT:2026-08-31 04:33:16 489:489 SyncActivityProfilerHandler.cpp:52] profiler_startUSDT:2026-08-31 04:33:16 495:495 SyncActivityProfilerHandler.cpp:52] profiler_start

USDT:2026-08-31 04:33:16 490:490 SyncActivityProfilerHandler.cpp:52] profiler_start




USDT:2026-08-31 04:33:16 493:493 SyncActivityProfilerHandler.cpp:52] profiler_start
USDT:2026-08-31 04:33:16 488:488 SyncActivityProfilerHandler.cpp:59] profiler_stopUSDT:2026-08-31 04:33:16 489:489 SyncActivityProfilerHandler.cpp:59] profiler_stop
USDT:2026-08-31 04:33:16 495:495 SyncActivityProfilerHandler.cpp:59] profiler_stop

USDT:2026-08-31 04:33:16 492:492 SyncActivityProfilerHandler.cpp:59] profiler_stopUSDT:2026-08-31 04:33:16 490:490 SyncActivityProfilerHandler.cpp:59] profiler_stop

USDT:2026-08-31 04:33:16 491:491 SyncActivityProfilerHandler.cpp:59] profiler_stop
USDT:2026-08-31 04:33:16 494:494 SyncActivityProfilerHandler.cpp:59] profiler_stop
USDT:2026-08-31 04:33:16 493:493 SyncActivityProfilerHandler.cpp:59] profiler_stop
   # EP:   4/16 | cached dispatch: 77 GB/s (SO), 254 GB/s (SU), 1587.000 us, 402360192 bytes | copy: 3402 GB/s, 236.548 us
   # EP:   0/16 | cached dispatch: 77 GB/s (SO), 250 GB/s (SU), 1586.000 us, 395942976 bytes | copy: 3380 GB/s, 234.306 us
   # EP:   3/16 | cached dispatch: 77 GB/s (SO), 251 GB/s (SU), 1587.000 us, 398309184 bytes | copy: 3349 GB/s, 237.885 us
   # EP:   7/16 | cached dispatch: 77 GB/s (SO), 252 GB/s (SU), 1586.000 us, 399252672 bytes | copy: 3326 GB/s, 240.113 us
   # EP:   2/16 | cached dispatch: 77 GB/s (SO), 252 GB/s (SU), 1586.000 us, 399155328 bytes | copy: 3397 GB/s, 235.011 us
   # EP:   6/16 | cached dispatch: 77 GB/s (SO), 251 GB/s (SU), 1586.000 us, 397642752 bytes | copy: 3462 GB/s, 229.749 us
   # EP:   1/16 | cached dispatch: 77 GB/s (SO), 253 GB/s (SU), 1586.000 us, 400900032 bytes | copy: 3312 GB/s, 242.087 us
   # EP:   5/16 | cached dispatch: 77 GB/s (SO), 252 GB/s (SU), 1586.000 us, 399821760 bytes | copy: 3387 GB/s, 236.077 us
USDT:2026-08-31 04:33:17 492:492 SyncActivityProfilerHandler.cpp:52] profiler_startUSDT:2026-08-31 04:33:17 489:489 SyncActivityProfilerHandler.cpp:52] profiler_startUSDT:2026-08-31 04:33:17 491:491 SyncActivityProfilerHandler.cpp:52] profiler_start


USDT:2026-08-31 04:33:17 488:488 SyncActivityProfilerHandler.cpp:52] profiler_startUSDT:2026-08-31 04:33:17 494:494 SyncActivityProfilerHandler.cpp:52] profiler_startUSDT:2026-08-31 04:33:17 493:493 SyncActivityProfilerHandler.cpp:52] profiler_start

USDT:2026-08-31 04:33:17 495:495 SyncActivityProfilerHandler.cpp:52] profiler_start

USDT:2026-08-31 04:33:17 490:490 SyncActivityProfilerHandler.cpp:52] profiler_start
USDT:2026-08-31 04:33:17 492:492 SyncActivityProfilerHandler.cpp:59] profiler_stop
USDT:2026-08-31 04:33:17 488:488 SyncActivityProfilerHandler.cpp:59] profiler_stopUSDT:2026-08-31 04:33:17 495:495 SyncActivityProfilerHandler.cpp:59] profiler_stop
USDT:2026-08-31 04:33:17 491:491 SyncActivityProfilerHandler.cpp:59] profiler_stop
USDT:2026-08-31 04:33:17 489:489 SyncActivityProfilerHandler.cpp:59] profiler_stop

USDT:2026-08-31 04:33:17 494:494 SyncActivityProfilerHandler.cpp:59] profiler_stop
USDT:2026-08-31 04:33:17 493:493 SyncActivityProfilerHandler.cpp:59] profiler_stop
USDT:2026-08-31 04:33:17 490:490 SyncActivityProfilerHandler.cpp:59] profiler_stop
   @ EP:   1/16 | combine: 72 GB/s (SO), 237 GB/s (SU), 3240.000 us, 769248352 bytes | reduce: 3672 GB/s, 95.951 us
   @ EP:   5/16 | combine: 73 GB/s (SO), 239 GB/s (SU), 3214.000 us, 767179360 bytes | reduce: 3669 GB/s, 95.981 us
   @ EP:   7/16 | combine: 73 GB/s (SO), 237 GB/s (SU), 3230.000 us, 766087392 bytes | reduce: 3669 GB/s, 95.966 us
   @ EP:   3/16 | combine: 73 GB/s (SO), 236 GB/s (SU), 3236.000 us, 764277024 bytes | reduce: 3681 GB/s, 95.709 us
   @ EP:   0/16 | combine: 73 GB/s (SO), 236 GB/s (SU), 3225.000 us, 759736736 bytes | reduce: 3660 GB/s, 96.286 us
   @ EP:   6/16 | combine: 72 GB/s (SO), 234 GB/s (SU), 3256.000 us, 762998272 bytes | reduce: 3670 GB/s, 95.961 us
   @ EP:   2/16 | combine: 62 GB/s (SO), 201 GB/s (SU), 3802.000 us, 765900608 bytes | reduce: 3689 GB/s, 95.471 us
   @ EP:   4/16 | combine: 73 GB/s (SO), 240 GB/s (SU), 3216.000 us, 772050112 bytes | reduce: 3678 GB/s, 95.752 us
USDT:2026-08-31 04:33:18 488:488 SyncActivityProfilerHandler.cpp:52] profiler_start
USDT:2026-08-31 04:33:18 489:489 SyncActivityProfilerHandler.cpp:52] profiler_startUSDT:2026-08-31 04:33:18 493:493 SyncActivityProfilerHandler.cpp:52] profiler_start

USDT:2026-08-31 04:33:18 495:495 SyncActivityProfilerHandler.cpp:52] profiler_start
USDT:2026-08-31 04:33:18 491:491 SyncActivityProfilerHandler.cpp:52] profiler_start
USDT:2026-08-31 04:33:18 492:492 SyncActivityProfilerHandler.cpp:52] profiler_startUSDT:2026-08-31 04:33:18 490:490 SyncActivityProfilerHandler.cpp:52] profiler_start

USDT:2026-08-31 04:33:18 494:494 SyncActivityProfilerHandler.cpp:52] profiler_start
USDT:2026-08-31 04:33:18 488:488 SyncActivityProfilerHandler.cpp:59] profiler_stop
USDT:2026-08-31 04:33:18 489:489 SyncActivityProfilerHandler.cpp:59] profiler_stop
USDT:2026-08-31 04:33:18 495:495 SyncActivityProfilerHandler.cpp:59] profiler_stop
USDT:2026-08-31 04:33:18 493:493 SyncActivityProfilerHandler.cpp:59] profiler_stop
USDT:2026-08-31 04:33:18 492:492 SyncActivityProfilerHandler.cpp:59] profiler_stop
USDT:2026-08-31 04:33:18 491:491 SyncActivityProfilerHandler.cpp:59] profiler_stop
USDT:2026-08-31 04:33:18 490:490 SyncActivityProfilerHandler.cpp:59] profiler_stop
USDT:2026-08-31 04:33:18 494:494 SyncActivityProfilerHandler.cpp:59] profiler_stop
   + EP:   1/16 | reduced combine: 59 GB/s (SO), 193 GB/s (SU), 3989.000 us, 769248352 bytes | reduce: 3685 GB/s, 95.594 us
   + EP:   5/16 | reduced combine: 59 GB/s (SO), 193 GB/s (SU), 3977.000 us, 767179360 bytes | reduce: 3680 GB/s, 95.694 us
   + EP:   2/16 | reduced combine: 58 GB/s (SO), 188 GB/s (SU), 4066.000 us, 765900608 bytes | reduce: 3679 GB/s, 95.728 us
   + EP:   3/16 | reduced combine: 58 GB/s (SO), 190 GB/s (SU), 4022.000 us, 764277024 bytes | reduce: 3689 GB/s, 95.494 us
   + EP:   7/16 | reduced combine: 59 GB/s (SO), 191 GB/s (SU), 4001.000 us, 766087392 bytes | reduce: 3684 GB/s, 95.585 us   + EP:   0/16 | reduced combine: 59 GB/s (SO), 191 GB/s (SU), 3970.000 us, 759736736 bytes | reduce: 3674 GB/s, 95.930 us

   + EP:   4/16 | reduced combine: 58 GB/s (SO), 191 GB/s (SU), 4032.000 us, 772050112 bytes | reduce: 3692 GB/s, 95.380 us
   + EP:   6/16 | reduced combine: 54 GB/s (SO), 175 GB/s (SU), 4371.000 us, 762998272 bytes | reduce: 3684 GB/s, 95.600 us


