=== EP_NIC_NAME=rdmap110s0 (auto, 200 Gb/s) ===
=== GIN: NCCL_GIN_TYPE=5 NCCL_SYM_GIN_KERNELS_ENABLE=0 ===
=== IMAGE=deepep-v2-efa-official:sm90-bfbdd15  DeepEP=bfbdd15ff448783f877cb2210cb3246c8452b05e ===
+ docker run --rm --init --gpus all --privileged --network=host --ipc=host --ulimit memlock=-1 --ulimit stack=67108864 --device=/dev/infiniband --device=/dev/gdrdrv -v /sys/class/infiniband:/sys/class/infiniband:ro -e MASTER_ADDR=172.31.10.77 -e MASTER_PORT=9005 -e WORLD_SIZE=4 -e RANK=0 -e NCCL_DEBUG=WARN -e EP_NIC_NAME=rdmap110s0 -e NCCL_GIN_TYPE=5 -e NCCL_SYM_GIN_KERNELS_ENABLE=0 -e EP_NUM_SUB_PARTS=1 -e PYTHONUNBUFFERED=1 -e PYTHONFAULTHANDLER=1 deepep-v2-efa-official:sm90-bfbdd15 bash -lc 'timeout -s ABRT --kill-after=60 1800     python3 -u /opt/DeepEP/tests/elastic/test_ep.py     --num-processes=8 --num-tokens=8192     --hidden=7168 --num-topk=8 --num-experts=256     --num-sms=12 --allow-hybrid-mode=1     --prefer-overlap-with-compute=0 --test-first-only      '

==========
== CUDA ==
==========

CUDA Version 13.0.2

Container image Copyright (c) 2016-2023, NVIDIA CORPORATION & AFFILIATES. All rights reserved.

This container image and its contents are governed by the NVIDIA Deep Learning Container License.
By pulling and using the container, you accept the terms and conditions of this license:
https://developer.nvidia.com/ngc/nvidia-deep-learning-container-license

A copy of this license is made available in this container at /NGC-DL-CONTAINER-LICENSE for your convenience.

NCCL version 2.31.2+cuda13.3
DeepEP hybrid kernel selection: unordered
DeepEP hybrid kernel selection: unordered
DeepEP hybrid kernel selection: unordered
DeepEP hybrid kernel selection: unordered
DeepEP hybrid kernel selection: unordered
DeepEP hybrid kernel selection: unordered
DeepEP hybrid kernel selection: unordered
DeepEP hybrid kernel selection: unordered
DeepEP hybrid kernel selection: unordered
DeepEP hybrid kernel selection: unordered
DeepEP hybrid kernel selection: unordered
DeepEP hybrid kernel selection: unordered
DeepEP hybrid kernel selection: unordered
DeepEP hybrid kernel selection: unordered
DeepEP hybrid kernel selection: unordered
DeepEP hybrid kernel selection: unordered
Config:
 > Ranks: 4 x 8
 > Experts: 8/256
 > Tokens: 8192 (max: 8192), hidden: 7168
 > #SM: 12, #QPs: 11/11

Running all test cases:
 > Testing with do_handle_copy=1, expert_alignment=128, use_fp8_dispatch=1, num_bias=0, with_previous_event=0, async_with_compute_stream=0, allocate_on_comm_stream=0 ...
USDT:2026-08-31 06:28:13 491:491 SyncActivityProfilerHandler.cpp:52] profiler_startUSDT:2026-08-31 06:28:13 484:484 SyncActivityProfilerHandler.cpp:52] profiler_startUSDT:2026-08-31 06:28:13 490:490 SyncActivityProfilerHandler.cpp:52] profiler_startUSDT:2026-08-31 06:28:13 486:486 SyncActivityProfilerHandler.cpp:52] profiler_startUSDT:2026-08-31 06:28:13 489:489 SyncActivityProfilerHandler.cpp:52] profiler_startUSDT:2026-08-31 06:28:13 485:485 SyncActivityProfilerHandler.cpp:52] profiler_start




USDT:2026-08-31 06:28:13 487:487 SyncActivityProfilerHandler.cpp:52] profiler_start

USDT:2026-08-31 06:28:13 488:488 SyncActivityProfilerHandler.cpp:52] profiler_start
USDT:2026-08-31 06:28:13 487:487 SyncActivityProfilerHandler.cpp:59] profiler_stopUSDT:2026-08-31 06:28:13 485:485 SyncActivityProfilerHandler.cpp:59] profiler_stopUSDT:2026-08-31 06:28:13 489:489 SyncActivityProfilerHandler.cpp:59] profiler_stopUSDT:2026-08-31 06:28:13 486:486 SyncActivityProfilerHandler.cpp:59] profiler_stopUSDT:2026-08-31 06:28:13 484:484 SyncActivityProfilerHandler.cpp:59] profiler_stop

USDT:2026-08-31 06:28:13 490:490 SyncActivityProfilerHandler.cpp:59] profiler_stop
USDT:2026-08-31 06:28:13 491:491 SyncActivityProfilerHandler.cpp:59] profiler_stop



USDT:2026-08-31 06:28:13 488:488 SyncActivityProfilerHandler.cpp:59] profiler_stop
   * EP:   6/32 | dispatch: 56 GB/s (SO), 112 GB/s (SU), 3947.000 us, 443783808 bytes | copy: 2538 GB/s, 349.665 us
   * EP:   2/32 | dispatch: 56 GB/s (SO), 112 GB/s (SU), 3947.000 us, 441425088 bytes | copy: 2770 GB/s, 318.714 us
   * EP:   0/32 | dispatch: 56 GB/s (SO), 113 GB/s (SU), 3947.000 us, 444435264 bytes | copy: 2679 GB/s, 331.851 us
   * EP:   7/32 | dispatch: 56 GB/s (SO), 113 GB/s (SU), 3947.000 us, 447700032 bytes | copy: 2856 GB/s, 313.545 us
   * EP:   5/32 | dispatch: 56 GB/s (SO), 113 GB/s (SU), 3947.000 us, 444292992 bytes | copy: 3019 GB/s, 294.344 us
   * EP:   3/32 | dispatch: 56 GB/s (SO), 113 GB/s (SU), 3947.000 us, 444397824 bytes | copy: 2732 GB/s, 325.349 us
   * EP:   1/32 | dispatch: 56 GB/s (SO), 112 GB/s (SU), 3947.000 us, 442361088 bytes | copy: 2687 GB/s, 329.259 us
   * EP:   4/32 | dispatch: 56 GB/s (SO), 112 GB/s (SU), 3947.000 us, 443327040 bytes | copy: 2768 GB/s, 320.302 us
USDT:2026-08-31 06:28:14 490:490 SyncActivityProfilerHandler.cpp:52] profiler_startUSDT:2026-08-31 06:28:14 489:489 SyncActivityProfilerHandler.cpp:52] profiler_startUSDT:2026-08-31 06:28:14 487:487 SyncActivityProfilerHandler.cpp:52] profiler_startUSDT:2026-08-31 06:28:14 488:488 SyncActivityProfilerHandler.cpp:52] profiler_startUSDT:2026-08-31 06:28:14 485:485 SyncActivityProfilerHandler.cpp:52] profiler_startUSDT:2026-08-31 06:28:14 491:491 SyncActivityProfilerHandler.cpp:52] profiler_startUSDT:2026-08-31 06:28:14 486:486 SyncActivityProfilerHandler.cpp:52] profiler_start
USDT:2026-08-31 06:28:14 484:484 SyncActivityProfilerHandler.cpp:52] profiler_start






USDT:2026-08-31 06:28:14 490:490 SyncActivityProfilerHandler.cpp:59] profiler_stopUSDT:2026-08-31 06:28:14 491:491 SyncActivityProfilerHandler.cpp:59] profiler_stopUSDT:2026-08-31 06:28:14 484:484 SyncActivityProfilerHandler.cpp:59] profiler_stopUSDT:2026-08-31 06:28:14 485:485 SyncActivityProfilerHandler.cpp:59] profiler_stopUSDT:2026-08-31 06:28:14 489:489 SyncActivityProfilerHandler.cpp:59] profiler_stop

USDT:2026-08-31 06:28:14 488:488 SyncActivityProfilerHandler.cpp:59] profiler_stopUSDT:2026-08-31 06:28:14 487:487 SyncActivityProfilerHandler.cpp:59] profiler_stop




USDT:2026-08-31 06:28:14 486:486 SyncActivityProfilerHandler.cpp:59] profiler_stop
   - EP:   3/32 | expanded dispatch: 56 GB/s (SO), 113 GB/s (SU), 3949.000 us, 444397824 bytes | copy: 2501 GB/s, 375.951 us
   - EP:   1/32 | expanded dispatch: 56 GB/s (SO), 112 GB/s (SU), 3949.000 us, 442361088 bytes | copy: 2458 GB/s, 380.053 us
   - EP:   0/32 | expanded dispatch: 56 GB/s (SO), 113 GB/s (SU), 3949.000 us, 444435264 bytes | copy: 2397 GB/s, 392.379 us
   - EP:   6/32 | expanded dispatch: 56 GB/s (SO), 112 GB/s (SU), 3949.000 us, 443783808 bytes | copy: 2588 GB/s, 362.326 us
   - EP:   2/32 | expanded dispatch: 56 GB/s (SO), 112 GB/s (SU), 3949.000 us, 441425088 bytes | copy: 2434 GB/s, 383.498 us
   - EP:   5/32 | expanded dispatch: 56 GB/s (SO), 113 GB/s (SU), 3949.000 us, 444292992 bytes | copy: 2697 GB/s, 348.083 us
   - EP:   7/32 | expanded dispatch: 56 GB/s (SO), 113 GB/s (SU), 3949.000 us, 447700032 bytes | copy: 2432 GB/s, 389.375 us
   - EP:   4/32 | expanded dispatch: 56 GB/s (SO), 112 GB/s (SU), 3949.000 us, 443327040 bytes | copy: 2478 GB/s, 378.756 us
USDT:2026-08-31 06:28:15 487:487 SyncActivityProfilerHandler.cpp:52] profiler_startUSDT:2026-08-31 06:28:15 490:490 SyncActivityProfilerHandler.cpp:52] profiler_startUSDT:2026-08-31 06:28:15 486:486 SyncActivityProfilerHandler.cpp:52] profiler_startUSDT:2026-08-31 06:28:15 485:485 SyncActivityProfilerHandler.cpp:52] profiler_startUSDT:2026-08-31 06:28:15 484:484 SyncActivityProfilerHandler.cpp:52] profiler_startUSDT:2026-08-31 06:28:15 488:488 SyncActivityProfilerHandler.cpp:52] profiler_startUSDT:2026-08-31 06:28:15 491:491 SyncActivityProfilerHandler.cpp:52] profiler_start


USDT:2026-08-31 06:28:15 489:489 SyncActivityProfilerHandler.cpp:52] profiler_start




USDT:2026-08-31 06:28:15 485:485 SyncActivityProfilerHandler.cpp:59] profiler_stop
USDT:2026-08-31 06:28:15 484:484 SyncActivityProfilerHandler.cpp:59] profiler_stop
USDT:2026-08-31 06:28:15 490:490 SyncActivityProfilerHandler.cpp:59] profiler_stopUSDT:2026-08-31 06:28:15 491:491 SyncActivityProfilerHandler.cpp:59] profiler_stop

USDT:2026-08-31 06:28:15 487:487 SyncActivityProfilerHandler.cpp:59] profiler_stop
USDT:2026-08-31 06:28:15 486:486 SyncActivityProfilerHandler.cpp:59] profiler_stop
USDT:2026-08-31 06:28:15 489:489 SyncActivityProfilerHandler.cpp:59] profiler_stop
USDT:2026-08-31 06:28:15 488:488 SyncActivityProfilerHandler.cpp:59] profiler_stop
   # EP:   6/32 | cached dispatch: 52 GB/s (SO), 105 GB/s (SU), 4236.000 us, 443783808 bytes | copy: 2521 GB/s, 352.071 us
   # EP:   2/32 | cached dispatch: 52 GB/s (SO), 104 GB/s (SU), 4236.000 us, 441425088 bytes | copy: 2645 GB/s, 333.745 us
   # EP:   7/32 | cached dispatch: 52 GB/s (SO), 106 GB/s (SU), 4236.000 us, 447700032 bytes | copy: 3146 GB/s, 284.571 us
   # EP:   0/32 | cached dispatch: 52 GB/s (SO), 105 GB/s (SU), 4236.000 us, 444435264 bytes | copy: 2478 GB/s, 358.641 us
   # EP:   5/32 | cached dispatch: 52 GB/s (SO), 105 GB/s (SU), 4236.000 us, 444292992 bytes | copy: 2797 GB/s, 317.673 us
   # EP:   1/32 | cached dispatch: 52 GB/s (SO), 104 GB/s (SU), 4236.000 us, 442361088 bytes | copy: 2707 GB/s, 326.887 us
   # EP:   3/32 | cached dispatch: 52 GB/s (SO), 105 GB/s (SU), 4236.000 us, 444397824 bytes | copy: 2649 GB/s, 335.467 us
   # EP:   4/32 | cached dispatch: 52 GB/s (SO), 105 GB/s (SU), 4236.000 us, 443327040 bytes | copy: 2495 GB/s, 355.343 us
USDT:2026-08-31 06:28:16 485:485 SyncActivityProfilerHandler.cpp:52] profiler_start
USDT:2026-08-31 06:28:16 491:491 SyncActivityProfilerHandler.cpp:52] profiler_start
USDT:2026-08-31 06:28:16 489:489 SyncActivityProfilerHandler.cpp:52] profiler_start
USDT:2026-08-31 06:28:16 487:487 SyncActivityProfilerHandler.cpp:52] profiler_startUSDT:2026-08-31 06:28:16 490:490 SyncActivityProfilerHandler.cpp:52] profiler_start

USDT:2026-08-31 06:28:16 484:484 SyncActivityProfilerHandler.cpp:52] profiler_start
USDT:2026-08-31 06:28:16 486:486 SyncActivityProfilerHandler.cpp:52] profiler_start
USDT:2026-08-31 06:28:16 488:488 SyncActivityProfilerHandler.cpp:52] profiler_start
USDT:2026-08-31 06:28:17 491:491 SyncActivityProfilerHandler.cpp:59] profiler_stopUSDT:2026-08-31 06:28:17 486:486 SyncActivityProfilerHandler.cpp:59] profiler_stop

USDT:2026-08-31 06:28:17 487:487 SyncActivityProfilerHandler.cpp:59] profiler_stop
USDT:2026-08-31 06:28:17 489:489 SyncActivityProfilerHandler.cpp:59] profiler_stop
USDT:2026-08-31 06:28:17 490:490 SyncActivityProfilerHandler.cpp:59] profiler_stop
USDT:2026-08-31 06:28:17 485:485 SyncActivityProfilerHandler.cpp:59] profiler_stop
USDT:2026-08-31 06:28:17 488:488 SyncActivityProfilerHandler.cpp:59] profiler_stop
USDT:2026-08-31 06:28:17 484:484 SyncActivityProfilerHandler.cpp:59] profiler_stop
   @ EP:   1/32 | combine: 57 GB/s (SO), 113 GB/s (SU), 7506.000 us, 848803968 bytes | reduce: 3589 GB/s, 151.443 us
   @ EP:   3/32 | combine: 57 GB/s (SO), 115 GB/s (SU), 7446.000 us, 852712064 bytes | reduce: 3610 GB/s, 149.938 us
   @ EP:   7/32 | combine: 57 GB/s (SO), 115 GB/s (SU), 7447.000 us, 859048352 bytes | reduce: 3576 GB/s, 151.703 us   @ EP:   2/32 | combine: 56 GB/s (SO), 112 GB/s (SU), 7547.000 us, 847007968 bytes | reduce: 3610 GB/s, 150.599 us

   @ EP:   6/32 | combine: 57 GB/s (SO), 113 GB/s (SU), 7514.000 us, 851533888 bytes | reduce: 3613 GB/s, 150.270 us
   @ EP:   5/32 | combine: 57 GB/s (SO), 113 GB/s (SU), 7518.000 us, 852510912 bytes | reduce: 3597 GB/s, 151.039 us
   @ EP:   4/32 | combine: 56 GB/s (SO), 113 GB/s (SU), 7512.000 us, 850657440 bytes | reduce: 3586 GB/s, 151.120 us
   @ EP:   0/32 | combine: 56 GB/s (SO), 113 GB/s (SU), 7546.000 us, 852783904 bytes | reduce: 3606 GB/s, 150.595 us
USDT:2026-08-31 06:28:17 484:484 SyncActivityProfilerHandler.cpp:52] profiler_start
USDT:2026-08-31 06:28:17 485:485 SyncActivityProfilerHandler.cpp:52] profiler_startUSDT:2026-08-31 06:28:17 488:488 SyncActivityProfilerHandler.cpp:52] profiler_start

USDT:2026-08-31 06:28:17 490:490 SyncActivityProfilerHandler.cpp:52] profiler_start
USDT:2026-08-31 06:28:17 487:487 SyncActivityProfilerHandler.cpp:52] profiler_start
USDT:2026-08-31 06:28:17 486:486 SyncActivityProfilerHandler.cpp:52] profiler_start
USDT:2026-08-31 06:28:17 491:491 SyncActivityProfilerHandler.cpp:52] profiler_start
USDT:2026-08-31 06:28:17 489:489 SyncActivityProfilerHandler.cpp:52] profiler_start
USDT:2026-08-31 06:28:18 491:491 SyncActivityProfilerHandler.cpp:59] profiler_stop
USDT:2026-08-31 06:28:18 487:487 SyncActivityProfilerHandler.cpp:59] profiler_stop
USDT:2026-08-31 06:28:18 490:490 SyncActivityProfilerHandler.cpp:59] profiler_stop
USDT:2026-08-31 06:28:18 486:486 SyncActivityProfilerHandler.cpp:59] profiler_stop
USDT:2026-08-31 06:28:18 489:489 SyncActivityProfilerHandler.cpp:59] profiler_stop
USDT:2026-08-31 06:28:18 485:485 SyncActivityProfilerHandler.cpp:59] profiler_stop
USDT:2026-08-31 06:28:18 484:484 SyncActivityProfilerHandler.cpp:59] profiler_stop
USDT:2026-08-31 06:28:18 488:488 SyncActivityProfilerHandler.cpp:59] profiler_stop
   + EP:   7/32 | reduced combine: 57 GB/s (SO), 115 GB/s (SU), 7474.000 us, 859048352 bytes | reduce: 3627 GB/s, 149.593 us   + EP:   3/32 | reduced combine: 57 GB/s (SO), 114 GB/s (SU), 7456.000 us, 852712064 bytes | reduce: 3605 GB/s, 150.178 us   + EP:   6/32 | reduced combine: 57 GB/s (SO), 114 GB/s (SU), 7489.000 us, 851533888 bytes | reduce: 3617 GB/s, 150.108 us


   + EP:   2/32 | reduced combine: 57 GB/s (SO), 113 GB/s (SU), 7520.000 us, 847007968 bytes | reduce: 3608 GB/s, 150.681 us
   + EP:   1/32 | reduced combine: 57 GB/s (SO), 114 GB/s (SU), 7469.000 us, 848803968 bytes | reduce: 3593 GB/s, 151.246 us
   + EP:   5/32 | reduced combine: 57 GB/s (SO), 113 GB/s (SU), 7527.000 us, 852510912 bytes | reduce: 3609 GB/s, 150.522 us
   + EP:   0/32 | reduced combine: 57 GB/s (SO), 114 GB/s (SU), 7501.000 us, 852783904 bytes | reduce: 3619 GB/s, 150.057 us
   + EP:   4/32 | reduced combine: 56 GB/s (SO), 113 GB/s (SU), 7514.000 us, 850657440 bytes | reduce: 3583 GB/s, 151.258 us


