=== EP_NIC_NAME=rdmap110s0 (auto, 200 Gb/s) ===
=== GIN: NCCL_GIN_TYPE=5 NCCL_SYM_GIN_KERNELS_ENABLE=0 ===
=== IMAGE=deepep-v2-efa-official:sm90-3c737dc  DeepEP=3c737dcf0da5889ba7efd26e05b4808307cc38af ===
+ docker run --rm --init --gpus all --privileged --network=host --ipc=host --ulimit memlock=-1 --ulimit stack=67108864 --device=/dev/infiniband --device=/dev/gdrdrv -v /sys/class/infiniband:/sys/class/infiniband:ro -e MASTER_ADDR=172.31.10.77 -e MASTER_PORT=9201 -e WORLD_SIZE=2 -e RANK=1 -e NCCL_DEBUG=WARN -e EP_NIC_NAME=rdmap110s0 -e NCCL_GIN_TYPE=5 -e NCCL_SYM_GIN_KERNELS_ENABLE=0 -e EP_NUM_SUB_PARTS=1 -e PYTHONUNBUFFERED=1 -e PYTHONFAULTHANDLER=1 deepep-v2-efa-official:sm90-3c737dc bash -lc 'timeout -s ABRT --kill-after=60 1800     python3 -u /opt/DeepEP/tests/elastic/test_ep.py     --num-processes=8 --num-tokens=128     --hidden=7168 --num-topk=8 --num-experts=256     --num-sms=12 --allow-hybrid-mode=1     --prefer-overlap-with-compute=0 --test-first-only      '

==========
== CUDA ==
==========

CUDA Version 13.0.2

Container image Copyright (c) 2016-2023, NVIDIA CORPORATION & AFFILIATES. All rights reserved.

This container image and its contents are governed by the NVIDIA Deep Learning Container License.
By pulling and using the container, you accept the terms and conditions of this license:
https://developer.nvidia.com/ngc/nvidia-deep-learning-container-license

A copy of this license is made available in this container at /NGC-DL-CONTAINER-LICENSE for your convenience.

DeepEP hybrid kernel selection: unordered
DeepEP hybrid kernel selection: unordered
DeepEP hybrid kernel selection: unordered
DeepEP hybrid kernel selection: unordered
DeepEP hybrid kernel selection: unordered
DeepEP hybrid kernel selection: unordered
DeepEP hybrid kernel selection: unordered
DeepEP hybrid kernel selection: unordered
DeepEP hybrid kernel selection: unordered
DeepEP hybrid kernel selection: unordered
DeepEP hybrid kernel selection: unordered
DeepEP hybrid kernel selection: unordered
DeepEP hybrid kernel selection: unordered
DeepEP hybrid kernel selection: unordered
DeepEP hybrid kernel selection: unordered
DeepEP hybrid kernel selection: unordered
Config:
 > Ranks: 2 x 8
 > Experts: 8/256
 > Tokens: 120 (max: 128), hidden: 7168
 > #SM: 12, #QPs: 13/13

Running all test cases:
 > Testing with do_handle_copy=1, expert_alignment=128, use_fp8_dispatch=1, num_bias=0, with_previous_event=0, async_with_compute_stream=0, allocate_on_comm_stream=0 ...
USDT:2026-08-31 06:40:56 489:489 SyncActivityProfilerHandler.cpp:52] profiler_startUSDT:2026-08-31 06:40:56 485:485 SyncActivityProfilerHandler.cpp:52] profiler_startUSDT:2026-08-31 06:40:56 491:491 SyncActivityProfilerHandler.cpp:52] profiler_startUSDT:2026-08-31 06:40:56 487:487 SyncActivityProfilerHandler.cpp:52] profiler_start



USDT:2026-08-31 06:40:56 486:486 SyncActivityProfilerHandler.cpp:52] profiler_startUSDT:2026-08-31 06:40:56 492:492 SyncActivityProfilerHandler.cpp:52] profiler_start
USDT:2026-08-31 06:40:56 490:490 SyncActivityProfilerHandler.cpp:52] profiler_start

USDT:2026-08-31 06:40:56 488:488 SyncActivityProfilerHandler.cpp:52] profiler_start
USDT:2026-08-31 06:40:56 486:486 SyncActivityProfilerHandler.cpp:59] profiler_stopUSDT:2026-08-31 06:40:56 492:492 SyncActivityProfilerHandler.cpp:59] profiler_stopUSDT:2026-08-31 06:40:56 490:490 SyncActivityProfilerHandler.cpp:59] profiler_stop
USDT:2026-08-31 06:40:56 491:491 SyncActivityProfilerHandler.cpp:59] profiler_stop


USDT:2026-08-31 06:40:56 488:488 SyncActivityProfilerHandler.cpp:59] profiler_stopUSDT:2026-08-31 06:40:56 485:485 SyncActivityProfilerHandler.cpp:59] profiler_stop

USDT:2026-08-31 06:40:56 487:487 SyncActivityProfilerHandler.cpp:59] profiler_stop
USDT:2026-08-31 06:40:56 489:489 SyncActivityProfilerHandler.cpp:59] profiler_stop
   * EP:   8/16 | dispatch: 15 GB/s (SO), 48 GB/s (SU), 121.379 us, 5833152 bytes | copy: 2015 GB/s, 5.791 us
   * EP:  15/16 | dispatch: 14 GB/s (SO), 50 GB/s (SU), 121.309 us, 6005376 bytes | copy: 1707 GB/s, 7.035 us
   * EP:   9/16 | dispatch: 15 GB/s (SO), 48 GB/s (SU), 121.469 us, 5773248 bytes | copy: 1908 GB/s, 6.051 us
   * EP:  14/16 | dispatch: 14 GB/s (SO), 51 GB/s (SU), 121.205 us, 6162624 bytes | copy: 1462 GB/s, 8.433 us
   * EP:  13/16 | dispatch: 14 GB/s (SO), 47 GB/s (SU), 121.409 us, 5728320 bytes | copy: 1515 GB/s, 7.561 us
   * EP:  11/16 | dispatch: 14 GB/s (SO), 47 GB/s (SU), 121.444 us, 5698368 bytes | copy: 1094 GB/s, 10.420 us
   * EP:  12/16 | dispatch: 14 GB/s (SO), 50 GB/s (SU), 121.424 us, 6117696 bytes | copy: 1490 GB/s, 8.214 us
   * EP:  10/16 | dispatch: 15 GB/s (SO), 52 GB/s (SU), 121.315 us, 6312384 bytes | copy: 1195 GB/s, 10.567 us
USDT:2026-08-31 06:40:57 492:492 SyncActivityProfilerHandler.cpp:52] profiler_startUSDT:2026-08-31 06:40:57 486:486 SyncActivityProfilerHandler.cpp:52] profiler_startUSDT:2026-08-31 06:40:57 485:485 SyncActivityProfilerHandler.cpp:52] profiler_startUSDT:2026-08-31 06:40:57 487:487 SyncActivityProfilerHandler.cpp:52] profiler_startUSDT:2026-08-31 06:40:57 491:491 SyncActivityProfilerHandler.cpp:52] profiler_start
USDT:2026-08-31 06:40:57 489:489 SyncActivityProfilerHandler.cpp:52] profiler_startUSDT:2026-08-31 06:40:57 490:490 SyncActivityProfilerHandler.cpp:52] profiler_start





USDT:2026-08-31 06:40:57 488:488 SyncActivityProfilerHandler.cpp:52] profiler_start
USDT:2026-08-31 06:40:57 490:490 SyncActivityProfilerHandler.cpp:59] profiler_stop
USDT:2026-08-31 06:40:57 492:492 SyncActivityProfilerHandler.cpp:59] profiler_stopUSDT:2026-08-31 06:40:57 486:486 SyncActivityProfilerHandler.cpp:59] profiler_stop

USDT:2026-08-31 06:40:57 489:489 SyncActivityProfilerHandler.cpp:59] profiler_stopUSDT:2026-08-31 06:40:57 485:485 SyncActivityProfilerHandler.cpp:59] profiler_stop
USDT:2026-08-31 06:40:57 491:491 SyncActivityProfilerHandler.cpp:59] profiler_stop
USDT:2026-08-31 06:40:57 487:487 SyncActivityProfilerHandler.cpp:59] profiler_stop

USDT:2026-08-31 06:40:57 488:488 SyncActivityProfilerHandler.cpp:59] profiler_stop
   - EP:   9/16 | expanded dispatch: 15 GB/s (SO), 48 GB/s (SU), 121.393 us, 5773248 bytes | copy: 2566 GB/s, 8.056 us
   - EP:   8/16 | expanded dispatch: 15 GB/s (SO), 48 GB/s (SU), 121.284 us, 5833152 bytes | copy: 2898 GB/s, 7.153 us
   - EP:  11/16 | expanded dispatch: 14 GB/s (SO), 47 GB/s (SU), 121.370 us, 5698368 bytes | copy: 1872 GB/s, 10.973 us
   - EP:  13/16 | expanded dispatch: 14 GB/s (SO), 47 GB/s (SU), 121.329 us, 5728320 bytes | copy: 2163 GB/s, 9.564 us
   - EP:  15/16 | expanded dispatch: 14 GB/s (SO), 50 GB/s (SU), 121.257 us, 6005376 bytes | copy: 2542 GB/s, 8.239 us
   - EP:  12/16 | expanded dispatch: 14 GB/s (SO), 50 GB/s (SU), 121.411 us, 6117696 bytes | copy: 2323 GB/s, 9.016 us
   - EP:  14/16 | expanded dispatch: 14 GB/s (SO), 51 GB/s (SU), 121.120 us, 6162624 bytes | copy: 2253 GB/s, 9.328 us
   - EP:  10/16 | expanded dispatch: 15 GB/s (SO), 52 GB/s (SU), 121.206 us, 6312384 bytes | copy: 1821 GB/s, 11.642 us
USDT:2026-08-31 06:40:58 492:492 SyncActivityProfilerHandler.cpp:52] profiler_startUSDT:2026-08-31 06:40:58 486:486 SyncActivityProfilerHandler.cpp:52] profiler_startUSDT:2026-08-31 06:40:58 488:488 SyncActivityProfilerHandler.cpp:52] profiler_startUSDT:2026-08-31 06:40:58 491:491 SyncActivityProfilerHandler.cpp:52] profiler_startUSDT:2026-08-31 06:40:58 485:485 SyncActivityProfilerHandler.cpp:52] profiler_startUSDT:2026-08-31 06:40:58 489:489 SyncActivityProfilerHandler.cpp:52] profiler_startUSDT:2026-08-31 06:40:58 487:487 SyncActivityProfilerHandler.cpp:52] profiler_startUSDT:2026-08-31 06:40:58 490:490 SyncActivityProfilerHandler.cpp:52] profiler_start







USDT:2026-08-31 06:40:58 492:492 SyncActivityProfilerHandler.cpp:59] profiler_stopUSDT:2026-08-31 06:40:58 486:486 SyncActivityProfilerHandler.cpp:59] profiler_stop

USDT:2026-08-31 06:40:58 490:490 SyncActivityProfilerHandler.cpp:59] profiler_stopUSDT:2026-08-31 06:40:58 485:485 SyncActivityProfilerHandler.cpp:59] profiler_stopUSDT:2026-08-31 06:40:58 491:491 SyncActivityProfilerHandler.cpp:59] profiler_stop


USDT:2026-08-31 06:40:58 489:489 SyncActivityProfilerHandler.cpp:59] profiler_stopUSDT:2026-08-31 06:40:58 488:488 SyncActivityProfilerHandler.cpp:59] profiler_stop
USDT:2026-08-31 06:40:58 487:487 SyncActivityProfilerHandler.cpp:59] profiler_stop

   # EP:  15/16 | cached dispatch: 14 GB/s (SO), 51 GB/s (SU), 118.218 us, 6005376 bytes | copy: 1962 GB/s, 6.121 us
   # EP:  14/16 | cached dispatch: 14 GB/s (SO), 52 GB/s (SU), 118.115 us, 6162624 bytes | copy: 1510 GB/s, 8.163 us
   # EP:  11/16 | cached dispatch: 15 GB/s (SO), 48 GB/s (SU), 118.389 us, 5698368 bytes | copy: 1078 GB/s, 10.577 us
   # EP:  13/16 | cached dispatch: 15 GB/s (SO), 48 GB/s (SU), 118.309 us, 5728320 bytes | copy: 1647 GB/s, 6.958 us
   # EP:   9/16 | cached dispatch: 15 GB/s (SO), 49 GB/s (SU), 118.366 us, 5773248 bytes | copy: 1689 GB/s, 6.838 us
   # EP:   8/16 | cached dispatch: 15 GB/s (SO), 49 GB/s (SU), 118.273 us, 5833152 bytes | copy: 1776 GB/s, 6.569 us
   # EP:  12/16 | cached dispatch: 15 GB/s (SO), 52 GB/s (SU), 118.435 us, 6117696 bytes | copy: 1655 GB/s, 7.392 us
   # EP:  10/16 | cached dispatch: 15 GB/s (SO), 53 GB/s (SU), 118.264 us, 6312384 bytes | copy: 1230 GB/s, 10.261 us
USDT:2026-08-31 06:40:58 492:492 SyncActivityProfilerHandler.cpp:52] profiler_startUSDT:2026-08-31 06:40:58 491:491 SyncActivityProfilerHandler.cpp:52] profiler_start
USDT:2026-08-31 06:40:58 486:486 SyncActivityProfilerHandler.cpp:52] profiler_startUSDT:2026-08-31 06:40:58 490:490 SyncActivityProfilerHandler.cpp:52] profiler_start
USDT:2026-08-31 06:40:58 485:485 SyncActivityProfilerHandler.cpp:52] profiler_start


USDT:2026-08-31 06:40:58 487:487 SyncActivityProfilerHandler.cpp:52] profiler_startUSDT:2026-08-31 06:40:58 489:489 SyncActivityProfilerHandler.cpp:52] profiler_startUSDT:2026-08-31 06:40:58 488:488 SyncActivityProfilerHandler.cpp:52] profiler_start


USDT:2026-08-31 06:40:59 492:492 SyncActivityProfilerHandler.cpp:59] profiler_stopUSDT:2026-08-31 06:40:59 491:491 SyncActivityProfilerHandler.cpp:59] profiler_stop

USDT:2026-08-31 06:40:59 490:490 SyncActivityProfilerHandler.cpp:59] profiler_stopUSDT:2026-08-31 06:40:59 486:486 SyncActivityProfilerHandler.cpp:59] profiler_stopUSDT:2026-08-31 06:40:59 485:485 SyncActivityProfilerHandler.cpp:59] profiler_stop


USDT:2026-08-31 06:40:59 488:488 SyncActivityProfilerHandler.cpp:59] profiler_stopUSDT:2026-08-31 06:40:59 489:489 SyncActivityProfilerHandler.cpp:59] profiler_stop
USDT:2026-08-31 06:40:59 487:487 SyncActivityProfilerHandler.cpp:59] profiler_stop

   @ EP:  13/16 | combine: 24 GB/s (SO), 78 GB/s (SU), 140.400 us, 10991520 bytes | reduce: 1009 GB/s, 4.914 us
   @ EP:  14/16 | combine: 23 GB/s (SO), 85 GB/s (SU), 139.843 us, 11824864 bytes | reduce: 994 GB/s, 4.945 us
   @ EP:  12/16 | combine: 24 GB/s (SO), 83 GB/s (SU), 140.865 us, 11738656 bytes | reduce: 998 GB/s, 4.995 us
   @ EP:  15/16 | combine: 23 GB/s (SO), 82 GB/s (SU), 139.883 us, 11523136 bytes | reduce: 1008 GB/s, 4.819 us
   @ EP:  11/16 | combine: 24 GB/s (SO), 77 GB/s (SU), 142.053 us, 10934048 bytes | reduce: 1016 GB/s, 4.951 us
   @ EP:   8/16 | combine: 24 GB/s (SO), 79 GB/s (SU), 142.307 us, 11192672 bytes | reduce: 1035 GB/s, 4.984 us
   @ EP:   9/16 | combine: 24 GB/s (SO), 79 GB/s (SU), 140.831 us, 11077728 bytes | reduce: 998 GB/s, 5.125 us
   @ EP:  10/16 | combine: 24 GB/s (SO), 86 GB/s (SU), 141.063 us, 12112224 bytes | reduce: 1002 GB/s, 5.062 us
USDT:2026-08-31 06:40:59 486:486 SyncActivityProfilerHandler.cpp:52] profiler_startUSDT:2026-08-31 06:40:59 485:485 SyncActivityProfilerHandler.cpp:52] profiler_startUSDT:2026-08-31 06:40:59 490:490 SyncActivityProfilerHandler.cpp:52] profiler_startUSDT:2026-08-31 06:40:59 491:491 SyncActivityProfilerHandler.cpp:52] profiler_start


USDT:2026-08-31 06:40:59 489:489 SyncActivityProfilerHandler.cpp:52] profiler_startUSDT:2026-08-31 06:40:59 487:487 SyncActivityProfilerHandler.cpp:52] profiler_start
USDT:2026-08-31 06:40:59 492:492 SyncActivityProfilerHandler.cpp:52] profiler_start


USDT:2026-08-31 06:40:59 488:488 SyncActivityProfilerHandler.cpp:52] profiler_start
USDT:2026-08-31 06:40:59 492:492 SyncActivityProfilerHandler.cpp:59] profiler_stop
USDT:2026-08-31 06:40:59 490:490 SyncActivityProfilerHandler.cpp:59] profiler_stopUSDT:2026-08-31 06:40:59 486:486 SyncActivityProfilerHandler.cpp:59] profiler_stop

USDT:2026-08-31 06:40:59 491:491 SyncActivityProfilerHandler.cpp:59] profiler_stop
USDT:2026-08-31 06:40:59 489:489 SyncActivityProfilerHandler.cpp:59] profiler_stop
USDT:2026-08-31 06:40:59 485:485 SyncActivityProfilerHandler.cpp:59] profiler_stop
USDT:2026-08-31 06:40:59 487:487 SyncActivityProfilerHandler.cpp:59] profiler_stop
USDT:2026-08-31 06:40:59 488:488 SyncActivityProfilerHandler.cpp:59] profiler_stop
   + EP:  15/16 | reduced combine: 22 GB/s (SO), 79 GB/s (SU), 146.432 us, 11523136 bytes | reduce: 938 GB/s, 5.179 us
   + EP:   9/16 | reduced combine: 23 GB/s (SO), 76 GB/s (SU), 145.966 us, 11077728 bytes | reduce: 956 GB/s, 5.349 us
   + EP:  12/16 | reduced combine: 23 GB/s (SO), 81 GB/s (SU), 144.994 us, 11738656 bytes | reduce: 907 GB/s, 5.499 us
   + EP:  14/16 | reduced combine: 22 GB/s (SO), 81 GB/s (SU), 146.689 us, 11824864 bytes | reduce: 954 GB/s, 5.152 us
   + EP:   8/16 | reduced combine: 24 GB/s (SO), 77 GB/s (SU), 144.610 us, 11192672 bytes | reduce: 942 GB/s, 5.478 us
   + EP:  13/16 | reduced combine: 23 GB/s (SO), 75 GB/s (SU), 146.386 us, 10991520 bytes | reduce: 1018 GB/s, 4.869 us
   + EP:  10/16 | reduced combine: 23 GB/s (SO), 83 GB/s (SU), 145.895 us, 12112224 bytes | reduce: 941 GB/s, 5.390 us
   + EP:  11/16 | reduced combine: 23 GB/s (SO), 75 GB/s (SU), 145.740 us, 10934048 bytes | reduce: 897 GB/s, 5.605 us


