=== EP_NIC_NAME=rdmap110s0 (auto, 200 Gb/s) ===
=== GIN: NCCL_GIN_TYPE=5 NCCL_SYM_GIN_KERNELS_ENABLE=0 ===
=== IMAGE=deepep-v2-efa-official:sm90-3c737dc  DeepEP=3c737dcf0da5889ba7efd26e05b4808307cc38af ===
+ docker run --rm --init --gpus all --privileged --network=host --ipc=host --ulimit memlock=-1 --ulimit stack=67108864 --device=/dev/infiniband --device=/dev/gdrdrv -v /sys/class/infiniband:/sys/class/infiniband:ro -e MASTER_ADDR=172.31.10.77 -e MASTER_PORT=8812 -e WORLD_SIZE=4 -e RANK=3 -e NCCL_DEBUG=WARN -e EP_NIC_NAME=rdmap110s0 -e NCCL_GIN_TYPE=5 -e NCCL_SYM_GIN_KERNELS_ENABLE=0 -e PYTHONUNBUFFERED=1 -e PYTHONFAULTHANDLER=1 deepep-v2-efa-official:sm90-3c737dc bash -lc 'timeout -s ABRT --kill-after=60 1800     python3 -u /opt/DeepEP/tests/elastic/test_ep.py     --num-processes=8 --num-tokens=128     --hidden=7168 --num-topk=8 --num-experts=256     --num-sms=12 --allow-hybrid-mode=1     --prefer-overlap-with-compute=0 --test-first-only      '

==========
== CUDA ==
==========

CUDA Version 13.0.2

Container image Copyright (c) 2016-2023, NVIDIA CORPORATION & AFFILIATES. All rights reserved.

This container image and its contents are governed by the NVIDIA Deep Learning Container License.
By pulling and using the container, you accept the terms and conditions of this license:
https://developer.nvidia.com/ngc/nvidia-deep-learning-container-license

A copy of this license is made available in this container at /NGC-DL-CONTAINER-LICENSE for your convenience.

DeepEP hybrid kernel selection: unordered
DeepEP hybrid kernel selection: unordered
DeepEP hybrid kernel selection: unordered
DeepEP hybrid kernel selection: unordered
DeepEP hybrid kernel selection: unordered
DeepEP hybrid kernel selection: unordered
DeepEP hybrid kernel selection: unordered
DeepEP hybrid kernel selection: unordered
DeepEP hybrid kernel selection: unordered
DeepEP hybrid kernel selection: unordered
DeepEP hybrid kernel selection: unordered
DeepEP hybrid kernel selection: unordered
DeepEP hybrid kernel selection: unordered
DeepEP hybrid kernel selection: unordered
DeepEP hybrid kernel selection: unordered
DeepEP hybrid kernel selection: unordered
Config:
 > Ranks: 4 x 8
 > Experts: 8/256
 > Tokens: 104 (max: 128), hidden: 7168
 > #SM: 12, #QPs: 13/13

Running all test cases:
 > Testing with do_handle_copy=1, expert_alignment=128, use_fp8_dispatch=1, num_bias=0, with_previous_event=0, async_with_compute_stream=0, allocate_on_comm_stream=0 ...
USDT:2026-08-31 05:08:26 486:486 SyncActivityProfilerHandler.cpp:52] profiler_startUSDT:2026-08-31 05:08:26 487:487 SyncActivityProfilerHandler.cpp:52] profiler_startUSDT:2026-08-31 05:08:26 485:485 SyncActivityProfilerHandler.cpp:52] profiler_startUSDT:2026-08-31 05:08:26 492:492 SyncActivityProfilerHandler.cpp:52] profiler_startUSDT:2026-08-31 05:08:26 490:490 SyncActivityProfilerHandler.cpp:52] profiler_start




USDT:2026-08-31 05:08:26 488:488 SyncActivityProfilerHandler.cpp:52] profiler_startUSDT:2026-08-31 05:08:26 491:491 SyncActivityProfilerHandler.cpp:52] profiler_start

USDT:2026-08-31 05:08:26 489:489 SyncActivityProfilerHandler.cpp:52] profiler_start
USDT:2026-08-31 05:08:27 490:490 SyncActivityProfilerHandler.cpp:59] profiler_stopUSDT:2026-08-31 05:08:27 487:487 SyncActivityProfilerHandler.cpp:59] profiler_stopUSDT:2026-08-31 05:08:27 485:485 SyncActivityProfilerHandler.cpp:59] profiler_stopUSDT:2026-08-31 05:08:27 491:491 SyncActivityProfilerHandler.cpp:59] profiler_stopUSDT:2026-08-31 05:08:27 489:489 SyncActivityProfilerHandler.cpp:59] profiler_stopUSDT:2026-08-31 05:08:27 492:492 SyncActivityProfilerHandler.cpp:59] profiler_stop
USDT:2026-08-31 05:08:27 486:486 SyncActivityProfilerHandler.cpp:59] profiler_stop


USDT:2026-08-31 05:08:27 488:488 SyncActivityProfilerHandler.cpp:59] profiler_stop



   * EP:  24/32 | dispatch: 16 GB/s (SO), 38 GB/s (SU), 171.122 us, 6424704 bytes | copy: 1474 GB/s, 8.715 us
   * EP:  27/32 | dispatch: 16 GB/s (SO), 36 GB/s (SU), 171.173 us, 6215040 bytes | copy: 1393 GB/s, 8.926 us
   * EP:  31/32 | dispatch: 16 GB/s (SO), 35 GB/s (SU), 171.086 us, 5923008 bytes | copy: 1100 GB/s, 10.771 us
   * EP:  29/32 | dispatch: 16 GB/s (SO), 34 GB/s (SU), 171.179 us, 5818176 bytes | copy: 1218 GB/s, 9.555 us
   * EP:  26/32 | dispatch: 16 GB/s (SO), 36 GB/s (SU), 171.178 us, 6200064 bytes | copy: 1462 GB/s, 8.483 us
   * EP:  30/32 | dispatch: 15 GB/s (SO), 37 GB/s (SU), 170.926 us, 6342336 bytes | copy: 1247 GB/s, 10.176 us
   * EP:  25/32 | dispatch: 16 GB/s (SO), 34 GB/s (SU), 171.147 us, 5863104 bytes | copy: 1256 GB/s, 9.335 us
   * EP:  28/32 | dispatch: 16 GB/s (SO), 36 GB/s (SU), 171.118 us, 6177600 bytes | copy: 1205 GB/s, 10.254 us
USDT:2026-08-31 05:08:27 491:491 SyncActivityProfilerHandler.cpp:52] profiler_startUSDT:2026-08-31 05:08:27 492:492 SyncActivityProfilerHandler.cpp:52] profiler_startUSDT:2026-08-31 05:08:27 485:485 SyncActivityProfilerHandler.cpp:52] profiler_startUSDT:2026-08-31 05:08:27 487:487 SyncActivityProfilerHandler.cpp:52] profiler_start
USDT:2026-08-31 05:08:27 490:490 SyncActivityProfilerHandler.cpp:52] profiler_startUSDT:2026-08-31 05:08:27 489:489 SyncActivityProfilerHandler.cpp:52] profiler_startUSDT:2026-08-31 05:08:27 486:486 SyncActivityProfilerHandler.cpp:52] profiler_start

USDT:2026-08-31 05:08:27 488:488 SyncActivityProfilerHandler.cpp:52] profiler_start




USDT:2026-08-31 05:08:27 485:485 SyncActivityProfilerHandler.cpp:59] profiler_stopUSDT:2026-08-31 05:08:27 487:487 SyncActivityProfilerHandler.cpp:59] profiler_stopUSDT:2026-08-31 05:08:27 492:492 SyncActivityProfilerHandler.cpp:59] profiler_stop


USDT:2026-08-31 05:08:27 491:491 SyncActivityProfilerHandler.cpp:59] profiler_stopUSDT:2026-08-31 05:08:27 490:490 SyncActivityProfilerHandler.cpp:59] profiler_stopUSDT:2026-08-31 05:08:27 486:486 SyncActivityProfilerHandler.cpp:59] profiler_stopUSDT:2026-08-31 05:08:27 489:489 SyncActivityProfilerHandler.cpp:59] profiler_stopUSDT:2026-08-31 05:08:27 488:488 SyncActivityProfilerHandler.cpp:59] profiler_stop




   - EP:  27/32 | expanded dispatch: 16 GB/s (SO), 36 GB/s (SU), 170.437 us, 6215040 bytes | copy: 1625 GB/s, 9.598 us
   - EP:  24/32 | expanded dispatch: 17 GB/s (SO), 38 GB/s (SU), 170.252 us, 6424704 bytes | copy: 1400 GB/s, 10.045 us
   - EP:  30/32 | expanded dispatch: 15 GB/s (SO), 37 GB/s (SU), 170.158 us, 6342336 bytes | copy: 1361 GB/s, 10.962 us
   - EP:  28/32 | expanded dispatch: 16 GB/s (SO), 36 GB/s (SU), 170.415 us, 6177600 bytes | copy: 1302 GB/s, 10.634 us
   - EP:  31/32 | expanded dispatch: 16 GB/s (SO), 35 GB/s (SU), 170.314 us, 5923008 bytes | copy: 1305 GB/s, 10.344 us
   - EP:  29/32 | expanded dispatch: 16 GB/s (SO), 34 GB/s (SU), 170.375 us, 5818176 bytes | copy: 1263 GB/s, 10.587 us
   - EP:  26/32 | expanded dispatch: 16 GB/s (SO), 36 GB/s (SU), 170.417 us, 6200064 bytes | copy: 1554 GB/s, 9.440 us
   - EP:  25/32 | expanded dispatch: 16 GB/s (SO), 34 GB/s (SU), 170.457 us, 5863104 bytes | copy: 1373 GB/s, 9.708 us
USDT:2026-08-31 05:08:28 489:489 SyncActivityProfilerHandler.cpp:52] profiler_startUSDT:2026-08-31 05:08:28 486:486 SyncActivityProfilerHandler.cpp:52] profiler_startUSDT:2026-08-31 05:08:28 490:490 SyncActivityProfilerHandler.cpp:52] profiler_startUSDT:2026-08-31 05:08:28 492:492 SyncActivityProfilerHandler.cpp:52] profiler_startUSDT:2026-08-31 05:08:28 485:485 SyncActivityProfilerHandler.cpp:52] profiler_start

USDT:2026-08-31 05:08:28 487:487 SyncActivityProfilerHandler.cpp:52] profiler_startUSDT:2026-08-31 05:08:28 491:491 SyncActivityProfilerHandler.cpp:52] profiler_start
USDT:2026-08-31 05:08:28 488:488 SyncActivityProfilerHandler.cpp:52] profiler_start




USDT:2026-08-31 05:08:28 490:490 SyncActivityProfilerHandler.cpp:59] profiler_stopUSDT:2026-08-31 05:08:28 485:485 SyncActivityProfilerHandler.cpp:59] profiler_stopUSDT:2026-08-31 05:08:28 487:487 SyncActivityProfilerHandler.cpp:59] profiler_stopUSDT:2026-08-31 05:08:28 492:492 SyncActivityProfilerHandler.cpp:59] profiler_stop
USDT:2026-08-31 05:08:28 489:489 SyncActivityProfilerHandler.cpp:59] profiler_stopUSDT:2026-08-31 05:08:28 486:486 SyncActivityProfilerHandler.cpp:59] profiler_stop

USDT:2026-08-31 05:08:28 491:491 SyncActivityProfilerHandler.cpp:59] profiler_stop



USDT:2026-08-31 05:08:28 488:488 SyncActivityProfilerHandler.cpp:59] profiler_stop
   # EP:  31/32 | cached dispatch: 16 GB/s (SO), 36 GB/s (SU), 166.175 us, 5923008 bytes | copy: 1358 GB/s, 8.720 us
   # EP:  28/32 | cached dispatch: 17 GB/s (SO), 37 GB/s (SU), 166.246 us, 6177600 bytes | copy: 1393 GB/s, 8.871 us
   # EP:  30/32 | cached dispatch: 16 GB/s (SO), 38 GB/s (SU), 166.010 us, 6342336 bytes | copy: 1396 GB/s, 9.085 us
   # EP:  25/32 | cached dispatch: 17 GB/s (SO), 35 GB/s (SU), 166.248 us, 5863104 bytes | copy: 1524 GB/s, 7.696 us
   # EP:  26/32 | cached dispatch: 17 GB/s (SO), 37 GB/s (SU), 166.237 us, 6200064 bytes | copy: 1612 GB/s, 7.693 us
   # EP:  29/32 | cached dispatch: 16 GB/s (SO), 35 GB/s (SU), 166.310 us, 5818176 bytes | copy: 1198 GB/s, 9.717 us
   # EP:  27/32 | cached dispatch: 16 GB/s (SO), 37 GB/s (SU), 166.314 us, 6215040 bytes | copy: 1411 GB/s, 8.808 us
   # EP:  24/32 | cached dispatch: 17 GB/s (SO), 39 GB/s (SU), 166.084 us, 6424704 bytes | copy: 1479 GB/s, 8.687 us
USDT:2026-08-31 05:08:29 492:492 SyncActivityProfilerHandler.cpp:52] profiler_startUSDT:2026-08-31 05:08:29 491:491 SyncActivityProfilerHandler.cpp:52] profiler_startUSDT:2026-08-31 05:08:29 490:490 SyncActivityProfilerHandler.cpp:52] profiler_start


USDT:2026-08-31 05:08:29 489:489 SyncActivityProfilerHandler.cpp:52] profiler_startUSDT:2026-08-31 05:08:29 485:485 SyncActivityProfilerHandler.cpp:52] profiler_start
USDT:2026-08-31 05:08:29 487:487 SyncActivityProfilerHandler.cpp:52] profiler_start
USDT:2026-08-31 05:08:29 488:488 SyncActivityProfilerHandler.cpp:52] profiler_start
USDT:2026-08-31 05:08:29 486:486 SyncActivityProfilerHandler.cpp:52] profiler_start

USDT:2026-08-31 05:08:29 491:491 SyncActivityProfilerHandler.cpp:59] profiler_stopUSDT:2026-08-31 05:08:29 492:492 SyncActivityProfilerHandler.cpp:59] profiler_stopUSDT:2026-08-31 05:08:29 490:490 SyncActivityProfilerHandler.cpp:59] profiler_stopUSDT:2026-08-31 05:08:29 489:489 SyncActivityProfilerHandler.cpp:59] profiler_stop


USDT:2026-08-31 05:08:29 487:487 SyncActivityProfilerHandler.cpp:59] profiler_stop
USDT:2026-08-31 05:08:29 486:486 SyncActivityProfilerHandler.cpp:59] profiler_stop

USDT:2026-08-31 05:08:29 488:488 SyncActivityProfilerHandler.cpp:59] profiler_stop
USDT:2026-08-31 05:08:29 485:485 SyncActivityProfilerHandler.cpp:59] profiler_stop
   @ EP:  31/32 | combine: 21 GB/s (SO), 47 GB/s (SU), 242.783 us, 11365088 bytes | reduce: 941 GB/s, 6.948 us
   @ EP:  28/32 | combine: 22 GB/s (SO), 48 GB/s (SU), 245.424 us, 11853600 bytes | reduce: 982 GB/s, 6.849 us
   @ EP:  25/32 | combine: 21 GB/s (SO), 45 GB/s (SU), 249.367 us, 11250144 bytes | reduce: 998 GB/s, 6.841 us
   @ EP:  27/32 | combine: 21 GB/s (SO), 49 GB/s (SU), 245.883 us, 11925440 bytes | reduce: 1004 GB/s, 6.657 us
   @ EP:  26/32 | combine: 21 GB/s (SO), 48 GB/s (SU), 246.248 us, 11896704 bytes | reduce: 972 GB/s, 6.933 us
   @ EP:  30/32 | combine: 21 GB/s (SO), 50 GB/s (SU), 242.799 us, 12169696 bytes | reduce: 928 GB/s, 6.906 us
   @ EP:  29/32 | combine: 21 GB/s (SO), 46 GB/s (SU), 243.171 us, 11163936 bytes | reduce: 957 GB/s, 6.874 us
   @ EP:  24/32 | combine: 22 GB/s (SO), 50 GB/s (SU), 248.419 us, 12327744 bytes | reduce: 985 GB/s, 7.000 us
USDT:2026-08-31 05:08:29 489:489 SyncActivityProfilerHandler.cpp:52] profiler_startUSDT:2026-08-31 05:08:29 492:492 SyncActivityProfilerHandler.cpp:52] profiler_startUSDT:2026-08-31 05:08:29 490:490 SyncActivityProfilerHandler.cpp:52] profiler_startUSDT:2026-08-31 05:08:29 487:487 SyncActivityProfilerHandler.cpp:52] profiler_start



USDT:2026-08-31 05:08:29 485:485 SyncActivityProfilerHandler.cpp:52] profiler_startUSDT:2026-08-31 05:08:29 491:491 SyncActivityProfilerHandler.cpp:52] profiler_start
USDT:2026-08-31 05:08:29 488:488 SyncActivityProfilerHandler.cpp:52] profiler_startUSDT:2026-08-31 05:08:29 486:486 SyncActivityProfilerHandler.cpp:52] profiler_start


USDT:2026-08-31 05:08:30 491:491 SyncActivityProfilerHandler.cpp:59] profiler_stopUSDT:2026-08-31 05:08:30 492:492 SyncActivityProfilerHandler.cpp:59] profiler_stopUSDT:2026-08-31 05:08:30 490:490 SyncActivityProfilerHandler.cpp:59] profiler_stop


USDT:2026-08-31 05:08:30 487:487 SyncActivityProfilerHandler.cpp:59] profiler_stop
USDT:2026-08-31 05:08:30 489:489 SyncActivityProfilerHandler.cpp:59] profiler_stop
USDT:2026-08-31 05:08:30 486:486 SyncActivityProfilerHandler.cpp:59] profiler_stop
USDT:2026-08-31 05:08:30 485:485 SyncActivityProfilerHandler.cpp:59] profiler_stop
USDT:2026-08-31 05:08:30 488:488 SyncActivityProfilerHandler.cpp:59] profiler_stop
   + EP:  31/32 | reduced combine: 21 GB/s (SO), 46 GB/s (SU), 246.967 us, 11365088 bytes | reduce: 951 GB/s, 6.877 us
   + EP:  28/32 | reduced combine: 21 GB/s (SO), 47 GB/s (SU), 250.459 us, 11853600 bytes | reduce: 970 GB/s, 6.929 us
   + EP:  25/32 | reduced combine: 21 GB/s (SO), 44 GB/s (SU), 253.984 us, 11250144 bytes | reduce: 1005 GB/s, 6.791 us
   + EP:  29/32 | reduced combine: 21 GB/s (SO), 45 GB/s (SU), 249.227 us, 11163936 bytes | reduce: 964 GB/s, 6.827 us
   + EP:  26/32 | reduced combine: 21 GB/s (SO), 47 GB/s (SU), 251.128 us, 11896704 bytes | reduce: 984 GB/s, 6.850 us
   + EP:  30/32 | reduced combine: 20 GB/s (SO), 49 GB/s (SU), 248.032 us, 12169696 bytes | reduce: 909 GB/s, 7.052 us
   + EP:  27/32 | reduced combine: 21 GB/s (SO), 48 GB/s (SU), 250.483 us, 11925440 bytes | reduce: 989 GB/s, 6.754 us
   + EP:  24/32 | reduced combine: 21 GB/s (SO), 48 GB/s (SU), 254.676 us, 12327744 bytes | reduce: 961 GB/s, 7.179 us


