=== EP_NIC_NAME=rdmap110s0 (auto, 200 Gb/s) ===
=== GIN: NCCL_GIN_TYPE=5 NCCL_SYM_GIN_KERNELS_ENABLE=0 ===
=== IMAGE=deepep-v2-efa-official:sm90-3c737dc  DeepEP=3c737dcf0da5889ba7efd26e05b4808307cc38af ===
+ docker run --rm --init --gpus all --privileged --network=host --ipc=host --ulimit memlock=-1 --ulimit stack=67108864 --device=/dev/infiniband --device=/dev/gdrdrv -v /sys/class/infiniband:/sys/class/infiniband:ro -e MASTER_ADDR=172.31.10.77 -e MASTER_PORT=8811 -e WORLD_SIZE=4 -e RANK=2 -e NCCL_DEBUG=WARN -e EP_NIC_NAME=rdmap110s0 -e NCCL_GIN_TYPE=5 -e NCCL_SYM_GIN_KERNELS_ENABLE=0 -e PYTHONUNBUFFERED=1 -e PYTHONFAULTHANDLER=1 deepep-v2-efa-official:sm90-3c737dc bash -lc 'timeout -s ABRT --kill-after=60 1800     python3 -u /opt/DeepEP/tests/elastic/test_ep.py     --num-processes=8 --num-tokens=8192     --hidden=7168 --num-topk=8 --num-experts=256     --num-sms=12 --allow-hybrid-mode=1     --prefer-overlap-with-compute=0 --test-first-only      '

==========
== CUDA ==
==========

CUDA Version 13.0.2

Container image Copyright (c) 2016-2023, NVIDIA CORPORATION & AFFILIATES. All rights reserved.

This container image and its contents are governed by the NVIDIA Deep Learning Container License.
By pulling and using the container, you accept the terms and conditions of this license:
https://developer.nvidia.com/ngc/nvidia-deep-learning-container-license

A copy of this license is made available in this container at /NGC-DL-CONTAINER-LICENSE for your convenience.

DeepEP hybrid kernel selection: unordered
DeepEP hybrid kernel selection: unordered
DeepEP hybrid kernel selection: unordered
DeepEP hybrid kernel selection: unordered
DeepEP hybrid kernel selection: unordered
DeepEP hybrid kernel selection: unordered
DeepEP hybrid kernel selection: unordered
DeepEP hybrid kernel selection: unordered
DeepEP hybrid kernel selection: unordered
DeepEP hybrid kernel selection: unordered
DeepEP hybrid kernel selection: unordered
DeepEP hybrid kernel selection: unordered
DeepEP hybrid kernel selection: unordered
DeepEP hybrid kernel selection: unordered
DeepEP hybrid kernel selection: unordered
DeepEP hybrid kernel selection: unordered
Config:
 > Ranks: 4 x 8
 > Experts: 8/256
 > Tokens: 8176 (max: 8192), hidden: 7168
 > #SM: 12, #QPs: 13/13

Running all test cases:
 > Testing with do_handle_copy=1, expert_alignment=128, use_fp8_dispatch=1, num_bias=0, with_previous_event=0, async_with_compute_stream=0, allocate_on_comm_stream=0 ...
USDT:2026-08-31 05:06:25 485:485 SyncActivityProfilerHandler.cpp:52] profiler_startUSDT:2026-08-31 05:06:25 490:490 SyncActivityProfilerHandler.cpp:52] profiler_startUSDT:2026-08-31 05:06:25 487:487 SyncActivityProfilerHandler.cpp:52] profiler_startUSDT:2026-08-31 05:06:25 484:484 SyncActivityProfilerHandler.cpp:52] profiler_startUSDT:2026-08-31 05:06:25 489:489 SyncActivityProfilerHandler.cpp:52] profiler_startUSDT:2026-08-31 05:06:25 488:488 SyncActivityProfilerHandler.cpp:52] profiler_start





USDT:2026-08-31 05:06:25 491:491 SyncActivityProfilerHandler.cpp:52] profiler_startUSDT:2026-08-31 05:06:25 486:486 SyncActivityProfilerHandler.cpp:52] profiler_start

USDT:2026-08-31 05:06:26 490:490 SyncActivityProfilerHandler.cpp:59] profiler_stopUSDT:2026-08-31 05:06:26 485:485 SyncActivityProfilerHandler.cpp:59] profiler_stopUSDT:2026-08-31 05:06:26 488:488 SyncActivityProfilerHandler.cpp:59] profiler_stopUSDT:2026-08-31 05:06:26 491:491 SyncActivityProfilerHandler.cpp:59] profiler_stopUSDT:2026-08-31 05:06:26 484:484 SyncActivityProfilerHandler.cpp:59] profiler_stopUSDT:2026-08-31 05:06:26 487:487 SyncActivityProfilerHandler.cpp:59] profiler_stop
USDT:2026-08-31 05:06:26 486:486 SyncActivityProfilerHandler.cpp:59] profiler_stop
USDT:2026-08-31 05:06:26 489:489 SyncActivityProfilerHandler.cpp:59] profiler_stop





   * EP:  21/32 | dispatch: 56 GB/s (SO), 112 GB/s (SU), 3982.000 us, 445970304 bytes | copy: 2876 GB/s, 310.154 us
   * EP:  19/32 | dispatch: 56 GB/s (SO), 112 GB/s (SU), 3982.000 us, 445850496 bytes | copy: 2484 GB/s, 358.919 us
   * EP:  22/32 | dispatch: 55 GB/s (SO), 111 GB/s (SU), 3982.000 us, 443731392 bytes | copy: 2678 GB/s, 331.408 us
   * EP:  18/32 | dispatch: 55 GB/s (SO), 112 GB/s (SU), 3982.000 us, 444674880 bytes | copy: 2703 GB/s, 329.006 us
   * EP:  20/32 | dispatch: 56 GB/s (SO), 112 GB/s (SU), 3982.000 us, 447497856 bytes | copy: 2784 GB/s, 321.530 us
   * EP:  16/32 | dispatch: 56 GB/s (SO), 112 GB/s (SU), 3982.000 us, 444809664 bytes | copy: 2663 GB/s, 334.102 us
   * EP:  17/32 | dispatch: 56 GB/s (SO), 112 GB/s (SU), 3982.000 us, 447018624 bytes | copy: 3002 GB/s, 297.809 us
   * EP:  23/32 | dispatch: 56 GB/s (SO), 112 GB/s (SU), 3982.000 us, 446719104 bytes | copy: 2533 GB/s, 352.717 us
USDT:2026-08-31 05:06:26 490:490 SyncActivityProfilerHandler.cpp:52] profiler_startUSDT:2026-08-31 05:06:26 488:488 SyncActivityProfilerHandler.cpp:52] profiler_startUSDT:2026-08-31 05:06:26 485:485 SyncActivityProfilerHandler.cpp:52] profiler_startUSDT:2026-08-31 05:06:26 491:491 SyncActivityProfilerHandler.cpp:52] profiler_startUSDT:2026-08-31 05:06:26 489:489 SyncActivityProfilerHandler.cpp:52] profiler_startUSDT:2026-08-31 05:06:26 487:487 SyncActivityProfilerHandler.cpp:52] profiler_start


USDT:2026-08-31 05:06:26 486:486 SyncActivityProfilerHandler.cpp:52] profiler_start


USDT:2026-08-31 05:06:26 484:484 SyncActivityProfilerHandler.cpp:52] profiler_start

USDT:2026-08-31 05:06:27 490:490 SyncActivityProfilerHandler.cpp:59] profiler_stopUSDT:2026-08-31 05:06:27 485:485 SyncActivityProfilerHandler.cpp:59] profiler_stop

USDT:2026-08-31 05:06:27 491:491 SyncActivityProfilerHandler.cpp:59] profiler_stopUSDT:2026-08-31 05:06:27 489:489 SyncActivityProfilerHandler.cpp:59] profiler_stopUSDT:2026-08-31 05:06:27 487:487 SyncActivityProfilerHandler.cpp:59] profiler_stopUSDT:2026-08-31 05:06:27 486:486 SyncActivityProfilerHandler.cpp:59] profiler_stop

USDT:2026-08-31 05:06:27 488:488 SyncActivityProfilerHandler.cpp:59] profiler_stop

USDT:2026-08-31 05:06:27 484:484 SyncActivityProfilerHandler.cpp:59] profiler_stop

   - EP:  21/32 | expanded dispatch: 56 GB/s (SO), 112 GB/s (SU), 3968.000 us, 445970304 bytes | copy: 2443 GB/s, 386.290 us
   - EP:  19/32 | expanded dispatch: 56 GB/s (SO), 112 GB/s (SU), 3968.000 us, 445850496 bytes | copy: 2481 GB/s, 380.252 us
   - EP:  20/32 | expanded dispatch: 56 GB/s (SO), 113 GB/s (SU), 3968.000 us, 447497856 bytes | copy: 2555 GB/s, 370.229 us   - EP:  17/32 | expanded dispatch: 56 GB/s (SO), 113 GB/s (SU), 3968.000 us, 447018624 bytes | copy: 2526 GB/s, 373.545 us

   - EP:  22/32 | expanded dispatch: 56 GB/s (SO), 112 GB/s (SU), 3968.000 us, 443731392 bytes | copy: 2664 GB/s, 351.793 us
   - EP:  18/32 | expanded dispatch: 56 GB/s (SO), 112 GB/s (SU), 3968.000 us, 444674880 bytes | copy: 2437 GB/s, 385.332 us
   - EP:  16/32 | expanded dispatch: 56 GB/s (SO), 112 GB/s (SU), 3968.000 us, 444809664 bytes | copy: 2512 GB/s, 374.493 us
   - EP:  23/32 | expanded dispatch: 56 GB/s (SO), 113 GB/s (SU), 3968.000 us, 446719104 bytes | copy: 2458 GB/s, 383.648 us
USDT:2026-08-31 05:06:27 488:488 SyncActivityProfilerHandler.cpp:52] profiler_startUSDT:2026-08-31 05:06:27 489:489 SyncActivityProfilerHandler.cpp:52] profiler_startUSDT:2026-08-31 05:06:27 490:490 SyncActivityProfilerHandler.cpp:52] profiler_startUSDT:2026-08-31 05:06:27 491:491 SyncActivityProfilerHandler.cpp:52] profiler_start
USDT:2026-08-31 05:06:27 487:487 SyncActivityProfilerHandler.cpp:52] profiler_start


USDT:2026-08-31 05:06:27 485:485 SyncActivityProfilerHandler.cpp:52] profiler_start
USDT:2026-08-31 05:06:27 486:486 SyncActivityProfilerHandler.cpp:52] profiler_start

USDT:2026-08-31 05:06:27 484:484 SyncActivityProfilerHandler.cpp:52] profiler_start
USDT:2026-08-31 05:06:28 490:490 SyncActivityProfilerHandler.cpp:59] profiler_stopUSDT:2026-08-31 05:06:28 484:484 SyncActivityProfilerHandler.cpp:59] profiler_stop

USDT:2026-08-31 05:06:28 486:486 SyncActivityProfilerHandler.cpp:59] profiler_stopUSDT:2026-08-31 05:06:28 489:489 SyncActivityProfilerHandler.cpp:59] profiler_stopUSDT:2026-08-31 05:06:28 488:488 SyncActivityProfilerHandler.cpp:59] profiler_stop

USDT:2026-08-31 05:06:28 487:487 SyncActivityProfilerHandler.cpp:59] profiler_stop

USDT:2026-08-31 05:06:28 485:485 SyncActivityProfilerHandler.cpp:59] profiler_stop
USDT:2026-08-31 05:06:28 491:491 SyncActivityProfilerHandler.cpp:59] profiler_stop
   # EP:  23/32 | cached dispatch: 56 GB/s (SO), 113 GB/s (SU), 3959.000 us, 446719104 bytes | copy: 2807 GB/s, 318.255 us
   # EP:  20/32 | cached dispatch: 56 GB/s (SO), 113 GB/s (SU), 3959.000 us, 447497856 bytes | copy: 2832 GB/s, 316.054 us
   # EP:  19/32 | cached dispatch: 56 GB/s (SO), 113 GB/s (SU), 3959.000 us, 445850496 bytes | copy: 2735 GB/s, 326.008 us
   # EP:  21/32 | cached dispatch: 56 GB/s (SO), 113 GB/s (SU), 3959.000 us, 445970304 bytes | copy: 2701 GB/s, 330.192 us
   # EP:  22/32 | cached dispatch: 56 GB/s (SO), 112 GB/s (SU), 3959.000 us, 443731392 bytes | copy: 3030 GB/s, 292.895 us
   # EP:  16/32 | cached dispatch: 56 GB/s (SO), 112 GB/s (SU), 3959.000 us, 444809664 bytes | copy: 2803 GB/s, 317.352 us
   # EP:  18/32 | cached dispatch: 56 GB/s (SO), 112 GB/s (SU), 3959.000 us, 444674880 bytes | copy: 3117 GB/s, 285.304 us
   # EP:  17/32 | cached dispatch: 56 GB/s (SO), 113 GB/s (SU), 3959.000 us, 447018624 bytes | copy: 2813 GB/s, 317.847 us
USDT:2026-08-31 05:06:28 486:486 SyncActivityProfilerHandler.cpp:52] profiler_startUSDT:2026-08-31 05:06:28 489:489 SyncActivityProfilerHandler.cpp:52] profiler_startUSDT:2026-08-31 05:06:28 485:485 SyncActivityProfilerHandler.cpp:52] profiler_start


USDT:2026-08-31 05:06:28 484:484 SyncActivityProfilerHandler.cpp:52] profiler_start
USDT:2026-08-31 05:06:28 490:490 SyncActivityProfilerHandler.cpp:52] profiler_startUSDT:2026-08-31 05:06:28 487:487 SyncActivityProfilerHandler.cpp:52] profiler_start

USDT:2026-08-31 05:06:28 491:491 SyncActivityProfilerHandler.cpp:52] profiler_start
USDT:2026-08-31 05:06:28 488:488 SyncActivityProfilerHandler.cpp:52] profiler_start
USDT:2026-08-31 05:06:29 487:487 SyncActivityProfilerHandler.cpp:59] profiler_stop
USDT:2026-08-31 05:06:29 484:484 SyncActivityProfilerHandler.cpp:59] profiler_stop
USDT:2026-08-31 05:06:29 490:490 SyncActivityProfilerHandler.cpp:59] profiler_stop
USDT:2026-08-31 05:06:29 488:488 SyncActivityProfilerHandler.cpp:59] profiler_stop
USDT:2026-08-31 05:06:29 491:491 SyncActivityProfilerHandler.cpp:59] profiler_stop
USDT:2026-08-31 05:06:29 486:486 SyncActivityProfilerHandler.cpp:59] profiler_stop
USDT:2026-08-31 05:06:29 489:489 SyncActivityProfilerHandler.cpp:59] profiler_stop
USDT:2026-08-31 05:06:29 485:485 SyncActivityProfilerHandler.cpp:59] profiler_stop
   @ EP:  16/32 | combine: 56 GB/s (SO), 113 GB/s (SU), 7576.000 us, 853502304 bytes | reduce: 3609 GB/s, 150.474 us
   @ EP:  20/32 | combine: 55 GB/s (SO), 111 GB/s (SU), 7762.000 us, 858660416 bytes | reduce: 3616 GB/s, 149.771 us
   @ EP:  19/32 | combine: 57 GB/s (SO), 115 GB/s (SU), 7462.000 us, 855499456 bytes | reduce: 3593 GB/s, 150.917 us
   @ EP:  23/32 | combine: 57 GB/s (SO), 114 GB/s (SU), 7499.000 us, 857166144 bytes | reduce: 3609 GB/s, 150.128 us   @ EP:  22/32 | combine: 57 GB/s (SO), 114 GB/s (SU), 7437.000 us, 851433312 bytes | reduce: 3604 GB/s, 149.991 us

   @ EP:  17/32 | combine: 56 GB/s (SO), 114 GB/s (SU), 7545.000 us, 857740864 bytes | reduce: 3619 GB/s, 149.800 us
   @ EP:  18/32 | combine: 57 GB/s (SO), 114 GB/s (SU), 7481.000 us, 853243680 bytes | reduce: 3602 GB/s, 150.293 us
   @ EP:  21/32 | combine: 57 GB/s (SO), 114 GB/s (SU), 7503.000 us, 855729344 bytes | reduce: 3603 GB/s, 150.615 us
USDT:2026-08-31 05:06:30 490:490 SyncActivityProfilerHandler.cpp:52] profiler_start
USDT:2026-08-31 05:06:30 487:487 SyncActivityProfilerHandler.cpp:52] profiler_startUSDT:2026-08-31 05:06:30 488:488 SyncActivityProfilerHandler.cpp:52] profiler_startUSDT:2026-08-31 05:06:30 491:491 SyncActivityProfilerHandler.cpp:52] profiler_start


USDT:2026-08-31 05:06:30 489:489 SyncActivityProfilerHandler.cpp:52] profiler_start
USDT:2026-08-31 05:06:30 485:485 SyncActivityProfilerHandler.cpp:52] profiler_start
USDT:2026-08-31 05:06:30 486:486 SyncActivityProfilerHandler.cpp:52] profiler_start
USDT:2026-08-31 05:06:30 484:484 SyncActivityProfilerHandler.cpp:52] profiler_start
USDT:2026-08-31 05:06:30 489:489 SyncActivityProfilerHandler.cpp:59] profiler_stop
USDT:2026-08-31 05:06:30 490:490 SyncActivityProfilerHandler.cpp:59] profiler_stop
USDT:2026-08-31 05:06:30 491:491 SyncActivityProfilerHandler.cpp:59] profiler_stop
USDT:2026-08-31 05:06:30 487:487 SyncActivityProfilerHandler.cpp:59] profiler_stop
USDT:2026-08-31 05:06:30 488:488 SyncActivityProfilerHandler.cpp:59] profiler_stop
USDT:2026-08-31 05:06:30 484:484 SyncActivityProfilerHandler.cpp:59] profiler_stop
USDT:2026-08-31 05:06:30 485:485 SyncActivityProfilerHandler.cpp:59] profiler_stop
USDT:2026-08-31 05:06:30 486:486 SyncActivityProfilerHandler.cpp:59] profiler_stop
   + EP:  21/32 | reduced combine: 57 GB/s (SO), 114 GB/s (SU), 7495.000 us, 855729344 bytes | reduce: 3610 GB/s, 150.335 us
   + EP:  22/32 | reduced combine: 57 GB/s (SO), 114 GB/s (SU), 7458.000 us, 851433312 bytes | reduce: 3603 GB/s, 150.012 us
   + EP:  23/32 | reduced combine: 57 GB/s (SO), 115 GB/s (SU), 7475.000 us, 857166144 bytes | reduce: 3610 GB/s, 150.090 us
   + EP:  19/32 | reduced combine: 57 GB/s (SO), 114 GB/s (SU), 7511.000 us, 855499456 bytes | reduce: 3597 GB/s, 150.726 us
   + EP:  20/32 | reduced combine: 57 GB/s (SO), 114 GB/s (SU), 7506.000 us, 858660416 bytes | reduce: 3606 GB/s, 150.197 us
   + EP:  16/32 | reduced combine: 57 GB/s (SO), 114 GB/s (SU), 7507.000 us, 853502304 bytes | reduce: 3608 GB/s, 150.494 us
   + EP:  18/32 | reduced combine: 55 GB/s (SO), 110 GB/s (SU), 7742.000 us, 853243680 bytes | reduce: 3607 GB/s, 150.065 us
   + EP:  17/32 | reduced combine: 56 GB/s (SO), 113 GB/s (SU), 7606.000 us, 857740864 bytes | reduce: 3622 GB/s, 149.662 us


