=== EP_NIC_NAME=rdmap110s0 (auto, 200 Gb/s) ===
=== GIN: NCCL_GIN_TYPE=5 NCCL_SYM_GIN_KERNELS_ENABLE=0 ===
=== IMAGE=deepep-v2-efa-official:sm90-3c737dc  DeepEP=3c737dcf0da5889ba7efd26e05b4808307cc38af ===
+ docker run --rm --init --gpus all --privileged --network=host --ipc=host --ulimit memlock=-1 --ulimit stack=67108864 --device=/dev/infiniband --device=/dev/gdrdrv -v /sys/class/infiniband:/sys/class/infiniband:ro -e MASTER_ADDR=172.31.10.77 -e MASTER_PORT=8811 -e WORLD_SIZE=4 -e RANK=3 -e NCCL_DEBUG=WARN -e EP_NIC_NAME=rdmap110s0 -e NCCL_GIN_TYPE=5 -e NCCL_SYM_GIN_KERNELS_ENABLE=0 -e PYTHONUNBUFFERED=1 -e PYTHONFAULTHANDLER=1 deepep-v2-efa-official:sm90-3c737dc bash -lc 'timeout -s ABRT --kill-after=60 1800     python3 -u /opt/DeepEP/tests/elastic/test_ep.py     --num-processes=8 --num-tokens=8192     --hidden=7168 --num-topk=8 --num-experts=256     --num-sms=12 --allow-hybrid-mode=1     --prefer-overlap-with-compute=0 --test-first-only      '

==========
== CUDA ==
==========

CUDA Version 13.0.2

Container image Copyright (c) 2016-2023, NVIDIA CORPORATION & AFFILIATES. All rights reserved.

This container image and its contents are governed by the NVIDIA Deep Learning Container License.
By pulling and using the container, you accept the terms and conditions of this license:
https://developer.nvidia.com/ngc/nvidia-deep-learning-container-license

A copy of this license is made available in this container at /NGC-DL-CONTAINER-LICENSE for your convenience.

DeepEP hybrid kernel selection: unordered
DeepEP hybrid kernel selection: unordered
DeepEP hybrid kernel selection: unordered
DeepEP hybrid kernel selection: unordered
DeepEP hybrid kernel selection: unordered
DeepEP hybrid kernel selection: unordered
DeepEP hybrid kernel selection: unordered
DeepEP hybrid kernel selection: unordered
DeepEP hybrid kernel selection: unordered
DeepEP hybrid kernel selection: unordered
DeepEP hybrid kernel selection: unordered
DeepEP hybrid kernel selection: unordered
DeepEP hybrid kernel selection: unordered
DeepEP hybrid kernel selection: unordered
DeepEP hybrid kernel selection: unordered
DeepEP hybrid kernel selection: unordered
Config:
 > Ranks: 4 x 8
 > Experts: 8/256
 > Tokens: 8168 (max: 8192), hidden: 7168
 > #SM: 12, #QPs: 13/13

Running all test cases:
 > Testing with do_handle_copy=1, expert_alignment=128, use_fp8_dispatch=1, num_bias=0, with_previous_event=0, async_with_compute_stream=0, allocate_on_comm_stream=0 ...
USDT:2026-08-31 05:06:25 489:489 SyncActivityProfilerHandler.cpp:52] profiler_start
USDT:2026-08-31 05:06:25 488:488 SyncActivityProfilerHandler.cpp:52] profiler_startUSDT:2026-08-31 05:06:25 492:492 SyncActivityProfilerHandler.cpp:52] profiler_startUSDT:2026-08-31 05:06:25 490:490 SyncActivityProfilerHandler.cpp:52] profiler_start
USDT:2026-08-31 05:06:25 491:491 SyncActivityProfilerHandler.cpp:52] profiler_start


USDT:2026-08-31 05:06:25 493:493 SyncActivityProfilerHandler.cpp:52] profiler_start
USDT:2026-08-31 05:06:25 486:486 SyncActivityProfilerHandler.cpp:52] profiler_start
USDT:2026-08-31 05:06:25 487:487 SyncActivityProfilerHandler.cpp:52] profiler_start
USDT:2026-08-31 05:06:26 491:491 SyncActivityProfilerHandler.cpp:59] profiler_stopUSDT:2026-08-31 05:06:26 486:486 SyncActivityProfilerHandler.cpp:59] profiler_stopUSDT:2026-08-31 05:06:26 492:492 SyncActivityProfilerHandler.cpp:59] profiler_stopUSDT:2026-08-31 05:06:26 487:487 SyncActivityProfilerHandler.cpp:59] profiler_stopUSDT:2026-08-31 05:06:26 489:489 SyncActivityProfilerHandler.cpp:59] profiler_stopUSDT:2026-08-31 05:06:26 493:493 SyncActivityProfilerHandler.cpp:59] profiler_stopUSDT:2026-08-31 05:06:26 490:490 SyncActivityProfilerHandler.cpp:59] profiler_stop





USDT:2026-08-31 05:06:26 488:488 SyncActivityProfilerHandler.cpp:59] profiler_stop

   * EP:  26/32 | dispatch: 56 GB/s (SO), 112 GB/s (SU), 3970.000 us, 444929472 bytes | copy: 2701 GB/s, 329.465 us
   * EP:  24/32 | dispatch: 56 GB/s (SO), 113 GB/s (SU), 3970.000 us, 447026112 bytes | copy: 2855 GB/s, 313.180 us
   * EP:  29/32 | dispatch: 56 GB/s (SO), 112 GB/s (SU), 3970.000 us, 443446848 bytes | copy: 2609 GB/s, 339.990 us
   * EP:  31/32 | dispatch: 56 GB/s (SO), 112 GB/s (SU), 3970.000 us, 444682368 bytes | copy: 2601 GB/s, 341.901 us
   * EP:  27/32 | dispatch: 56 GB/s (SO), 112 GB/s (SU), 3970.000 us, 444128256 bytes | copy: 2874 GB/s, 309.088 us
   * EP:  28/32 | dispatch: 56 GB/s (SO), 112 GB/s (SU), 3970.000 us, 444614976 bytes | copy: 2655 GB/s, 334.971 us
   * EP:  25/32 | dispatch: 56 GB/s (SO), 113 GB/s (SU), 3970.000 us, 446883840 bytes | copy: 2661 GB/s, 335.890 us
   * EP:  30/32 | dispatch: 56 GB/s (SO), 112 GB/s (SU), 3970.000 us, 445887936 bytes | copy: 2591 GB/s, 344.145 us
USDT:2026-08-31 05:06:26 489:489 SyncActivityProfilerHandler.cpp:52] profiler_startUSDT:2026-08-31 05:06:26 488:488 SyncActivityProfilerHandler.cpp:52] profiler_startUSDT:2026-08-31 05:06:26 493:493 SyncActivityProfilerHandler.cpp:52] profiler_startUSDT:2026-08-31 05:06:26 486:486 SyncActivityProfilerHandler.cpp:52] profiler_startUSDT:2026-08-31 05:06:26 491:491 SyncActivityProfilerHandler.cpp:52] profiler_startUSDT:2026-08-31 05:06:26 487:487 SyncActivityProfilerHandler.cpp:52] profiler_startUSDT:2026-08-31 05:06:26 490:490 SyncActivityProfilerHandler.cpp:52] profiler_startUSDT:2026-08-31 05:06:26 492:492 SyncActivityProfilerHandler.cpp:52] profiler_start







USDT:2026-08-31 05:06:27 492:492 SyncActivityProfilerHandler.cpp:59] profiler_stopUSDT:2026-08-31 05:06:27 489:489 SyncActivityProfilerHandler.cpp:59] profiler_stopUSDT:2026-08-31 05:06:27 487:487 SyncActivityProfilerHandler.cpp:59] profiler_stopUSDT:2026-08-31 05:06:27 493:493 SyncActivityProfilerHandler.cpp:59] profiler_stop
USDT:2026-08-31 05:06:27 490:490 SyncActivityProfilerHandler.cpp:59] profiler_stop
USDT:2026-08-31 05:06:27 488:488 SyncActivityProfilerHandler.cpp:59] profiler_stopUSDT:2026-08-31 05:06:27 486:486 SyncActivityProfilerHandler.cpp:59] profiler_stop


USDT:2026-08-31 05:06:27 491:491 SyncActivityProfilerHandler.cpp:59] profiler_stop


   - EP:  24/32 | expanded dispatch: 56 GB/s (SO), 113 GB/s (SU), 3966.000 us, 447026112 bytes | copy: 2565 GB/s, 368.300 us
   - EP:  26/32 | expanded dispatch: 56 GB/s (SO), 112 GB/s (SU), 3966.000 us, 444929472 bytes | copy: 2472 GB/s, 380.053 us
   - EP:  29/32 | expanded dispatch: 56 GB/s (SO), 112 GB/s (SU), 3966.000 us, 443446848 bytes | copy: 2452 GB/s, 382.501 us
   - EP:  25/32 | expanded dispatch: 56 GB/s (SO), 113 GB/s (SU), 3966.000 us, 446883840 bytes | copy: 2397 GB/s, 393.795 us
   - EP:  27/32 | expanded dispatch: 56 GB/s (SO), 112 GB/s (SU), 3966.000 us, 444128256 bytes | copy: 2518 GB/s, 372.204 us
   - EP:  28/32 | expanded dispatch: 56 GB/s (SO), 112 GB/s (SU), 3966.000 us, 444614976 bytes | copy: 2387 GB/s, 393.959 us
   - EP:  31/32 | expanded dispatch: 56 GB/s (SO), 112 GB/s (SU), 3966.000 us, 444682368 bytes | copy: 2455 GB/s, 382.938 us
   - EP:  30/32 | expanded dispatch: 56 GB/s (SO), 112 GB/s (SU), 3966.000 us, 445887936 bytes | copy: 2397 GB/s, 392.917 us
USDT:2026-08-31 05:06:27 493:493 SyncActivityProfilerHandler.cpp:52] profiler_startUSDT:2026-08-31 05:06:27 489:489 SyncActivityProfilerHandler.cpp:52] profiler_startUSDT:2026-08-31 05:06:27 487:487 SyncActivityProfilerHandler.cpp:52] profiler_startUSDT:2026-08-31 05:06:27 486:486 SyncActivityProfilerHandler.cpp:52] profiler_startUSDT:2026-08-31 05:06:27 490:490 SyncActivityProfilerHandler.cpp:52] profiler_startUSDT:2026-08-31 05:06:27 491:491 SyncActivityProfilerHandler.cpp:52] profiler_startUSDT:2026-08-31 05:06:27 492:492 SyncActivityProfilerHandler.cpp:52] profiler_startUSDT:2026-08-31 05:06:27 488:488 SyncActivityProfilerHandler.cpp:52] profiler_start







USDT:2026-08-31 05:06:28 488:488 SyncActivityProfilerHandler.cpp:59] profiler_stopUSDT:2026-08-31 05:06:28 493:493 SyncActivityProfilerHandler.cpp:59] profiler_stopUSDT:2026-08-31 05:06:28 491:491 SyncActivityProfilerHandler.cpp:59] profiler_stopUSDT:2026-08-31 05:06:28 492:492 SyncActivityProfilerHandler.cpp:59] profiler_stopUSDT:2026-08-31 05:06:28 489:489 SyncActivityProfilerHandler.cpp:59] profiler_stopUSDT:2026-08-31 05:06:28 486:486 SyncActivityProfilerHandler.cpp:59] profiler_stop

USDT:2026-08-31 05:06:28 490:490 SyncActivityProfilerHandler.cpp:59] profiler_stop




USDT:2026-08-31 05:06:28 487:487 SyncActivityProfilerHandler.cpp:59] profiler_stop
   # EP:  31/32 | cached dispatch: 56 GB/s (SO), 112 GB/s (SU), 3964.000 us, 444682368 bytes | copy: 2705 GB/s, 328.816 us
   # EP:  27/32 | cached dispatch: 56 GB/s (SO), 112 GB/s (SU), 3964.000 us, 444128256 bytes | copy: 2797 GB/s, 317.584 us
   # EP:  28/32 | cached dispatch: 56 GB/s (SO), 112 GB/s (SU), 3964.000 us, 444614976 bytes | copy: 2892 GB/s, 307.503 us
   # EP:  26/32 | cached dispatch: 56 GB/s (SO), 112 GB/s (SU), 3964.000 us, 444929472 bytes | copy: 2970 GB/s, 299.646 us
   # EP:  29/32 | cached dispatch: 56 GB/s (SO), 112 GB/s (SU), 3964.000 us, 443446848 bytes | copy: 2897 GB/s, 306.139 us
   # EP:  24/32 | cached dispatch: 56 GB/s (SO), 113 GB/s (SU), 3963.000 us, 447026112 bytes | copy: 3063 GB/s, 291.855 us
   # EP:  30/32 | cached dispatch: 56 GB/s (SO), 113 GB/s (SU), 3963.000 us, 445887936 bytes | copy: 2674 GB/s, 333.547 us
   # EP:  25/32 | cached dispatch: 56 GB/s (SO), 113 GB/s (SU), 3964.000 us, 446883840 bytes | copy: 2791 GB/s, 320.254 us
USDT:2026-08-31 05:06:28 489:489 SyncActivityProfilerHandler.cpp:52] profiler_start
USDT:2026-08-31 05:06:28 487:487 SyncActivityProfilerHandler.cpp:52] profiler_start
USDT:2026-08-31 05:06:28 492:492 SyncActivityProfilerHandler.cpp:52] profiler_start
USDT:2026-08-31 05:06:28 491:491 SyncActivityProfilerHandler.cpp:52] profiler_start
USDT:2026-08-31 05:06:28 488:488 SyncActivityProfilerHandler.cpp:52] profiler_start
USDT:2026-08-31 05:06:28 493:493 SyncActivityProfilerHandler.cpp:52] profiler_start
USDT:2026-08-31 05:06:28 486:486 SyncActivityProfilerHandler.cpp:52] profiler_start
USDT:2026-08-31 05:06:28 490:490 SyncActivityProfilerHandler.cpp:52] profiler_start
USDT:2026-08-31 05:06:29 486:486 SyncActivityProfilerHandler.cpp:59] profiler_stop
USDT:2026-08-31 05:06:29 492:492 SyncActivityProfilerHandler.cpp:59] profiler_stop
USDT:2026-08-31 05:06:29 493:493 SyncActivityProfilerHandler.cpp:59] profiler_stop
USDT:2026-08-31 05:06:29 491:491 SyncActivityProfilerHandler.cpp:59] profiler_stop
USDT:2026-08-31 05:06:29 489:489 SyncActivityProfilerHandler.cpp:59] profiler_stop
USDT:2026-08-31 05:06:29 487:487 SyncActivityProfilerHandler.cpp:59] profiler_stop
USDT:2026-08-31 05:06:29 490:490 SyncActivityProfilerHandler.cpp:59] profiler_stop
USDT:2026-08-31 05:06:29 488:488 SyncActivityProfilerHandler.cpp:59] profiler_stop
   @ EP:  31/32 | combine: 56 GB/s (SO), 112 GB/s (SU), 7606.000 us, 853258048 bytes | reduce: 3622 GB/s, 149.726 us
   @ EP:  24/32 | combine: 55 GB/s (SO), 112 GB/s (SU), 7673.000 us, 857755232 bytes | reduce: 3621 GB/s, 149.427 us
   @ EP:  30/32 | combine: 56 GB/s (SO), 112 GB/s (SU), 7616.000 us, 855571296 bytes | reduce: 3617 GB/s, 149.722 us
   @ EP:  29/32 | combine: 56 GB/s (SO), 112 GB/s (SU), 7622.000 us, 850887328 bytes | reduce: 3621 GB/s, 149.749 us
   @ EP:  28/32 | combine: 53 GB/s (SO), 107 GB/s (SU), 7954.000 us, 853128736 bytes | reduce: 3618 GB/s, 149.461 us
   @ EP:  27/32 | combine: 56 GB/s (SO), 112 GB/s (SU), 7594.000 us, 852194816 bytes | reduce: 3608 GB/s, 150.082 us
   @ EP:  25/32 | combine: 56 GB/s (SO), 112 GB/s (SU), 7632.000 us, 857482240 bytes | reduce: 3606 GB/s, 150.344 us
   @ EP:  26/32 | combine: 56 GB/s (SO), 112 GB/s (SU), 7635.000 us, 853732192 bytes | reduce: 3633 GB/s, 148.941 us
USDT:2026-08-31 05:06:30 492:492 SyncActivityProfilerHandler.cpp:52] profiler_start
USDT:2026-08-31 05:06:30 493:493 SyncActivityProfilerHandler.cpp:52] profiler_start
USDT:2026-08-31 05:06:30 490:490 SyncActivityProfilerHandler.cpp:52] profiler_start
USDT:2026-08-31 05:06:30 489:489 SyncActivityProfilerHandler.cpp:52] profiler_start
USDT:2026-08-31 05:06:30 487:487 SyncActivityProfilerHandler.cpp:52] profiler_startUSDT:2026-08-31 05:06:30 488:488 SyncActivityProfilerHandler.cpp:52] profiler_startUSDT:2026-08-31 05:06:30 486:486 SyncActivityProfilerHandler.cpp:52] profiler_start


USDT:2026-08-31 05:06:30 491:491 SyncActivityProfilerHandler.cpp:52] profiler_start
USDT:2026-08-31 05:06:30 486:486 SyncActivityProfilerHandler.cpp:59] profiler_stop
USDT:2026-08-31 05:06:30 487:487 SyncActivityProfilerHandler.cpp:59] profiler_stop
USDT:2026-08-31 05:06:30 489:489 SyncActivityProfilerHandler.cpp:59] profiler_stop
USDT:2026-08-31 05:06:30 493:493 SyncActivityProfilerHandler.cpp:59] profiler_stop
USDT:2026-08-31 05:06:30 490:490 SyncActivityProfilerHandler.cpp:59] profiler_stop
USDT:2026-08-31 05:06:30 492:492 SyncActivityProfilerHandler.cpp:59] profiler_stopUSDT:2026-08-31 05:06:30 491:491 SyncActivityProfilerHandler.cpp:59] profiler_stop

USDT:2026-08-31 05:06:30 488:488 SyncActivityProfilerHandler.cpp:59] profiler_stop
   + EP:  24/32 | reduced combine: 55 GB/s (SO), 112 GB/s (SU), 7646.000 us, 857755232 bytes | reduce: 3615 GB/s, 149.641 us
   + EP:  31/32 | reduced combine: 56 GB/s (SO), 112 GB/s (SU), 7622.000 us, 853258048 bytes | reduce: 3619 GB/s, 149.821 us
   + EP:  28/32 | reduced combine: 55 GB/s (SO), 112 GB/s (SU), 7637.000 us, 853128736 bytes | reduce: 3618 GB/s, 149.446 us
   + EP:  27/32 | reduced combine: 55 GB/s (SO), 111 GB/s (SU), 7676.000 us, 852194816 bytes | reduce: 3611 GB/s, 149.954 us   + EP:  25/32 | reduced combine: 55 GB/s (SO), 112 GB/s (SU), 7685.000 us, 857482240 bytes | reduce: 3613 GB/s, 150.038 us

   + EP:  29/32 | reduced combine: 55 GB/s (SO), 111 GB/s (SU), 7672.000 us, 850887328 bytes | reduce: 3621 GB/s, 149.745 us
   + EP:  26/32 | reduced combine: 55 GB/s (SO), 110 GB/s (SU), 7738.000 us, 853732192 bytes | reduce: 3637 GB/s, 148.772 us
   + EP:  30/32 | reduced combine: 55 GB/s (SO), 112 GB/s (SU), 7649.000 us, 855571296 bytes | reduce: 3615 GB/s, 149.808 us


