=== EP_NIC_NAME=rdmap101s0 (auto, 400 Gb/s) ===
=== NCCL_IB_HCA=rdmap (auto: non-EFA ibverbs device ibp198s0f0 present) ===
=== GIN: NCCL_GIN_TYPE=5 NCCL_SYM_GIN_KERNELS_ENABLE=0 ===
=== PREFER_OVERLAP=0 (--prefer-overlap-with-compute) ===
=== IMAGE=deepep-v2-efa-official:sm103-bfbdd15  DeepEP=bfbdd15ff448783f877cb2210cb3246c8452b05e ===
+ docker run --rm --init --gpus all --privileged --network=host --ipc=host --ulimit memlock=-1 --ulimit stack=67108864 --device=/dev/infiniband --device=/dev/gdrdrv -v /sys/class/infiniband:/sys/class/infiniband:ro -e MASTER_ADDR=172.31.24.154 -e MASTER_PORT=8706 -e WORLD_SIZE=2 -e RANK=1 -e NCCL_DEBUG=WARN -e EP_NIC_NAME=rdmap101s0 -e NCCL_IB_HCA=rdmap -e NCCL_GIN_TYPE=5 -e NCCL_SYM_GIN_KERNELS_ENABLE=0 -e PYTHONUNBUFFERED=1 -e PYTHONFAULTHANDLER=1 deepep-v2-efa-official:sm103-bfbdd15 bash -lc 'timeout -s ABRT --kill-after=60 1800     python3 -u /opt/DeepEP/tests/elastic/test_ep.py     --num-processes=8 --num-tokens=128     --hidden=7168 --num-topk=8 --num-experts=256     --num-sms=24 --allow-hybrid-mode=1     --prefer-overlap-with-compute=0 --test-first-only      '

==========
== CUDA ==
==========

CUDA Version 13.3.1

Container image Copyright (c) 2016-2023, NVIDIA CORPORATION & AFFILIATES. All rights reserved.

This container image and its contents are governed by the NVIDIA Deep Learning Container License.
By pulling and using the container, you accept the terms and conditions of this license:
https://developer.nvidia.com/ngc/nvidia-deep-learning-container-license

A copy of this license is made available in this container at /NGC-DL-CONTAINER-LICENSE for your convenience.

DeepEP hybrid kernel selection: unordered
DeepEP hybrid kernel selection: unordered
DeepEP hybrid kernel selection: unordered
DeepEP hybrid kernel selection: unordered
DeepEP hybrid kernel selection: unordered
DeepEP hybrid kernel selection: unordered
DeepEP hybrid kernel selection: unordered
DeepEP hybrid kernel selection: unordered
DeepEP hybrid kernel selection: unordered
DeepEP hybrid kernel selection: unordered
DeepEP hybrid kernel selection: unordered
DeepEP hybrid kernel selection: unordered
DeepEP hybrid kernel selection: unordered
DeepEP hybrid kernel selection: unordered
DeepEP hybrid kernel selection: unordered
DeepEP hybrid kernel selection: unordered
Config:
 > Ranks: 2 x 8
 > Experts: 8/256
 > Tokens: 120 (max: 128), hidden: 7168
 > #SM: 24, #QPs: 11/11

Running all test cases:
 > Testing with do_handle_copy=1, expert_alignment=128, use_fp8_dispatch=1, num_bias=0, with_previous_event=0, async_with_compute_stream=0, allocate_on_comm_stream=0 ...
USDT:2026-09-03 10:49:40 487:487 SyncActivityProfilerHandler.cpp:52] profiler_startUSDT:2026-09-03 10:49:40 486:486 SyncActivityProfilerHandler.cpp:52] profiler_startUSDT:2026-09-03 10:49:40 490:490 SyncActivityProfilerHandler.cpp:52] profiler_startUSDT:2026-09-03 10:49:40 489:489 SyncActivityProfilerHandler.cpp:52] profiler_start
USDT:2026-09-03 10:49:40 493:493 SyncActivityProfilerHandler.cpp:52] profiler_start

USDT:2026-09-03 10:49:40 492:492 SyncActivityProfilerHandler.cpp:52] profiler_start

USDT:2026-09-03 10:49:40 491:491 SyncActivityProfilerHandler.cpp:52] profiler_startUSDT:2026-09-03 10:49:40 488:488 SyncActivityProfilerHandler.cpp:52] profiler_start


USDT:2026-09-03 10:49:40 492:492 SyncActivityProfilerHandler.cpp:59] profiler_stopUSDT:2026-09-03 10:49:40 491:491 SyncActivityProfilerHandler.cpp:59] profiler_stopUSDT:2026-09-03 10:49:40 490:490 SyncActivityProfilerHandler.cpp:59] profiler_stopUSDT:2026-09-03 10:49:40 493:493 SyncActivityProfilerHandler.cpp:59] profiler_stopUSDT:2026-09-03 10:49:40 487:487 SyncActivityProfilerHandler.cpp:59] profiler_stop


USDT:2026-09-03 10:49:40 489:489 SyncActivityProfilerHandler.cpp:59] profiler_stop

USDT:2026-09-03 10:49:40 486:486 SyncActivityProfilerHandler.cpp:59] profiler_stop

USDT:2026-09-03 10:49:40 488:488 SyncActivityProfilerHandler.cpp:59] profiler_stop
   * EP:  14/16 | dispatch: 11 GB/s (SO), 41 GB/s (SU), 151.033 us, 6162624 bytes | copy: 1179 GB/s, 10.453 us
   * EP:  12/16 | dispatch: 11 GB/s (SO), 40 GB/s (SU), 152.088 us, 6117696 bytes | copy: 783 GB/s, 15.618 us
   * EP:   9/16 | dispatch: 12 GB/s (SO), 38 GB/s (SU), 151.878 us, 5773248 bytes | copy: 621 GB/s, 18.604 us   * EP:   8/16 | dispatch: 12 GB/s (SO), 39 GB/s (SU), 150.947 us, 5833152 bytes | copy: 743 GB/s, 15.696 us

   * EP:  11/16 | dispatch: 11 GB/s (SO), 38 GB/s (SU), 151.775 us, 5698368 bytes | copy: 630 GB/s, 18.104 us
   * EP:  10/16 | dispatch: 11 GB/s (SO), 41 GB/s (SU), 153.605 us, 6312384 bytes | copy: 635 GB/s, 19.869 us
   * EP:  13/16 | dispatch: 11 GB/s (SO), 38 GB/s (SU), 152.115 us, 5728320 bytes | copy: 867 GB/s, 13.215 us
   * EP:  15/16 | dispatch: 11 GB/s (SO), 40 GB/s (SU), 151.502 us, 6005376 bytes | copy: 702 GB/s, 17.103 us
USDT:2026-09-03 10:49:41 486:486 SyncActivityProfilerHandler.cpp:52] profiler_startUSDT:2026-09-03 10:49:41 493:493 SyncActivityProfilerHandler.cpp:52] profiler_startUSDT:2026-09-03 10:49:41 487:487 SyncActivityProfilerHandler.cpp:52] profiler_startUSDT:2026-09-03 10:49:41 489:489 SyncActivityProfilerHandler.cpp:52] profiler_start
USDT:2026-09-03 10:49:41 490:490 SyncActivityProfilerHandler.cpp:52] profiler_startUSDT:2026-09-03 10:49:41 491:491 SyncActivityProfilerHandler.cpp:52] profiler_startUSDT:2026-09-03 10:49:41 488:488 SyncActivityProfilerHandler.cpp:52] profiler_start


USDT:2026-09-03 10:49:41 492:492 SyncActivityProfilerHandler.cpp:52] profiler_start



USDT:2026-09-03 10:49:41 492:492 SyncActivityProfilerHandler.cpp:59] profiler_stop
USDT:2026-09-03 10:49:41 486:486 SyncActivityProfilerHandler.cpp:59] profiler_stop
USDT:2026-09-03 10:49:41 493:493 SyncActivityProfilerHandler.cpp:59] profiler_stopUSDT:2026-09-03 10:49:41 489:489 SyncActivityProfilerHandler.cpp:59] profiler_stop
USDT:2026-09-03 10:49:41 490:490 SyncActivityProfilerHandler.cpp:59] profiler_stop
USDT:2026-09-03 10:49:41 488:488 SyncActivityProfilerHandler.cpp:59] profiler_stopUSDT:2026-09-03 10:49:41 487:487 SyncActivityProfilerHandler.cpp:59] profiler_stop
USDT:2026-09-03 10:49:41 491:491 SyncActivityProfilerHandler.cpp:59] profiler_stop


   - EP:   8/16 | expanded dispatch: 12 GB/s (SO), 38 GB/s (SU), 152.193 us, 5833152 bytes | copy: 945 GB/s, 21.927 us
   - EP:   9/16 | expanded dispatch: 12 GB/s (SO), 38 GB/s (SU), 152.601 us, 5773248 bytes | copy: 996 GB/s, 20.749 us
   - EP:  10/16 | expanded dispatch: 11 GB/s (SO), 41 GB/s (SU), 153.780 us, 6312384 bytes | copy: 1104 GB/s, 19.195 us
   - EP:  14/16 | expanded dispatch: 11 GB/s (SO), 41 GB/s (SU), 151.929 us, 6162624 bytes | copy: 2044 GB/s, 10.283 us
   - EP:  13/16 | expanded dispatch: 11 GB/s (SO), 37 GB/s (SU), 153.245 us, 5728320 bytes | copy: 1195 GB/s, 17.312 us
   - EP:  15/16 | expanded dispatch: 11 GB/s (SO), 39 GB/s (SU), 152.661 us, 6005376 bytes | copy: 1062 GB/s, 19.730 us
   - EP:  12/16 | expanded dispatch: 11 GB/s (SO), 40 GB/s (SU), 153.099 us, 6117696 bytes | copy: 1550 GB/s, 13.515 us
   - EP:  11/16 | expanded dispatch: 11 GB/s (SO), 37 GB/s (SU), 152.682 us, 5698368 bytes | copy: 1294 GB/s, 15.871 us
USDT:2026-09-03 10:49:42 486:486 SyncActivityProfilerHandler.cpp:52] profiler_startUSDT:2026-09-03 10:49:42 487:487 SyncActivityProfilerHandler.cpp:52] profiler_startUSDT:2026-09-03 10:49:42 491:491 SyncActivityProfilerHandler.cpp:52] profiler_startUSDT:2026-09-03 10:49:42 489:489 SyncActivityProfilerHandler.cpp:52] profiler_startUSDT:2026-09-03 10:49:42 492:492 SyncActivityProfilerHandler.cpp:52] profiler_startUSDT:2026-09-03 10:49:42 493:493 SyncActivityProfilerHandler.cpp:52] profiler_start



USDT:2026-09-03 10:49:42 490:490 SyncActivityProfilerHandler.cpp:52] profiler_startUSDT:2026-09-03 10:49:42 488:488 SyncActivityProfilerHandler.cpp:52] profiler_start



USDT:2026-09-03 10:49:42 492:492 SyncActivityProfilerHandler.cpp:59] profiler_stopUSDT:2026-09-03 10:49:42 491:491 SyncActivityProfilerHandler.cpp:59] profiler_stopUSDT:2026-09-03 10:49:42 490:490 SyncActivityProfilerHandler.cpp:59] profiler_stop


USDT:2026-09-03 10:49:42 487:487 SyncActivityProfilerHandler.cpp:59] profiler_stop
USDT:2026-09-03 10:49:42 486:486 SyncActivityProfilerHandler.cpp:59] profiler_stop
USDT:2026-09-03 10:49:42 493:493 SyncActivityProfilerHandler.cpp:59] profiler_stopUSDT:2026-09-03 10:49:42 488:488 SyncActivityProfilerHandler.cpp:59] profiler_stop

USDT:2026-09-03 10:49:42 489:489 SyncActivityProfilerHandler.cpp:59] profiler_stop
   # EP:  13/16 | cached dispatch: 12 GB/s (SO), 41 GB/s (SU), 138.829 us, 5728320 bytes | copy: 918 GB/s, 12.480 us
   # EP:   9/16 | cached dispatch: 13 GB/s (SO), 41 GB/s (SU), 139.202 us, 5773248 bytes | copy: 703 GB/s, 16.431 us
   # EP:  14/16 | cached dispatch: 12 GB/s (SO), 45 GB/s (SU), 138.265 us, 6162624 bytes | copy: 879 GB/s, 14.023 us
   # EP:   8/16 | cached dispatch: 13 GB/s (SO), 42 GB/s (SU), 138.796 us, 5833152 bytes | copy: 826 GB/s, 14.128 us
   # EP:  12/16 | cached dispatch: 13 GB/s (SO), 44 GB/s (SU), 138.076 us, 6117696 bytes | copy: 993 GB/s, 12.323 us
   # EP:  11/16 | cached dispatch: 13 GB/s (SO), 41 GB/s (SU), 138.219 us, 5698368 bytes | copy: 818 GB/s, 13.940 us
   # EP:  10/16 | cached dispatch: 13 GB/s (SO), 45 GB/s (SU), 139.814 us, 6312384 bytes | copy: 766 GB/s, 16.476 us
   # EP:  15/16 | cached dispatch: 12 GB/s (SO), 43 GB/s (SU), 138.508 us, 6005376 bytes | copy: 732 GB/s, 16.409 us
USDT:2026-09-03 10:49:42 487:487 SyncActivityProfilerHandler.cpp:52] profiler_startUSDT:2026-09-03 10:49:42 493:493 SyncActivityProfilerHandler.cpp:52] profiler_startUSDT:2026-09-03 10:49:42 492:492 SyncActivityProfilerHandler.cpp:52] profiler_startUSDT:2026-09-03 10:49:42 490:490 SyncActivityProfilerHandler.cpp:52] profiler_startUSDT:2026-09-03 10:49:42 486:486 SyncActivityProfilerHandler.cpp:52] profiler_start


USDT:2026-09-03 10:49:42 491:491 SyncActivityProfilerHandler.cpp:52] profiler_startUSDT:2026-09-03 10:49:42 489:489 SyncActivityProfilerHandler.cpp:52] profiler_start



USDT:2026-09-03 10:49:42 488:488 SyncActivityProfilerHandler.cpp:52] profiler_start
USDT:2026-09-03 10:49:43 489:489 SyncActivityProfilerHandler.cpp:59] profiler_stopUSDT:2026-09-03 10:49:43 487:487 SyncActivityProfilerHandler.cpp:59] profiler_stopUSDT:2026-09-03 10:49:43 490:490 SyncActivityProfilerHandler.cpp:59] profiler_stopUSDT:2026-09-03 10:49:43 491:491 SyncActivityProfilerHandler.cpp:59] profiler_stopUSDT:2026-09-03 10:49:43 493:493 SyncActivityProfilerHandler.cpp:59] profiler_stopUSDT:2026-09-03 10:49:43 486:486 SyncActivityProfilerHandler.cpp:59] profiler_stop





USDT:2026-09-03 10:49:43 492:492 SyncActivityProfilerHandler.cpp:59] profiler_stop
USDT:2026-09-03 10:49:43 488:488 SyncActivityProfilerHandler.cpp:59] profiler_stop
   @ EP:  11/16 | combine: 21 GB/s (SO), 68 GB/s (SU), 159.709 us, 10934048 bytes | reduce: 930 GB/s, 5.408 us
   @ EP:  12/16 | combine: 21 GB/s (SO), 73 GB/s (SU), 161.068 us, 11738656 bytes | reduce: 932 GB/s, 5.352 us
   @ EP:  15/16 | combine: 21 GB/s (SO), 75 GB/s (SU), 154.397 us, 11523136 bytes | reduce: 874 GB/s, 5.556 us   @ EP:  13/16 | combine: 20 GB/s (SO), 68 GB/s (SU), 162.554 us, 10991520 bytes | reduce: 888 GB/s, 5.581 us

   @ EP:   9/16 | combine: 22 GB/s (SO), 70 GB/s (SU), 157.477 us, 11077728 bytes | reduce: 916 GB/s, 5.587 us
   @ EP:  14/16 | combine: 21 GB/s (SO), 75 GB/s (SU), 158.363 us, 11824864 bytes | reduce: 915 GB/s, 5.370 us
   @ EP:  10/16 | combine: 21 GB/s (SO), 75 GB/s (SU), 161.236 us, 12112224 bytes | reduce: 917 GB/s, 5.531 us
   @ EP:   8/16 | combine: 21 GB/s (SO), 70 GB/s (SU), 160.681 us, 11192672 bytes | reduce: 930 GB/s, 5.549 us
USDT:2026-09-03 10:49:43 493:493 SyncActivityProfilerHandler.cpp:52] profiler_start
USDT:2026-09-03 10:49:43 486:486 SyncActivityProfilerHandler.cpp:52] profiler_startUSDT:2026-09-03 10:49:43 487:487 SyncActivityProfilerHandler.cpp:52] profiler_startUSDT:2026-09-03 10:49:43 490:490 SyncActivityProfilerHandler.cpp:52] profiler_start


USDT:2026-09-03 10:49:43 491:491 SyncActivityProfilerHandler.cpp:52] profiler_startUSDT:2026-09-03 10:49:43 492:492 SyncActivityProfilerHandler.cpp:52] profiler_start

USDT:2026-09-03 10:49:43 488:488 SyncActivityProfilerHandler.cpp:52] profiler_start
USDT:2026-09-03 10:49:43 489:489 SyncActivityProfilerHandler.cpp:52] profiler_start
USDT:2026-09-03 10:49:43 493:493 SyncActivityProfilerHandler.cpp:59] profiler_stop
USDT:2026-09-03 10:49:43 492:492 SyncActivityProfilerHandler.cpp:59] profiler_stop
USDT:2026-09-03 10:49:43 489:489 SyncActivityProfilerHandler.cpp:59] profiler_stopUSDT:2026-09-03 10:49:43 490:490 SyncActivityProfilerHandler.cpp:59] profiler_stopUSDT:2026-09-03 10:49:43 488:488 SyncActivityProfilerHandler.cpp:59] profiler_stopUSDT:2026-09-03 10:49:43 487:487 SyncActivityProfilerHandler.cpp:59] profiler_stop
USDT:2026-09-03 10:49:43 486:486 SyncActivityProfilerHandler.cpp:59] profiler_stop


USDT:2026-09-03 10:49:43 491:491 SyncActivityProfilerHandler.cpp:59] profiler_stop

   + EP:  11/16 | reduced combine: 19 GB/s (SO), 64 GB/s (SU), 172.047 us, 10934048 bytes | reduce: 920 GB/s, 5.466 us
   + EP:  14/16 | reduced combine: 19 GB/s (SO), 69 GB/s (SU), 171.367 us, 11824864 bytes | reduce: 908 GB/s, 5.410 us
   + EP:  12/16 | reduced combine: 19 GB/s (SO), 68 GB/s (SU), 173.372 us, 11738656 bytes | reduce: 934 GB/s, 5.340 us
   + EP:  15/16 | reduced combine: 20 GB/s (SO), 70 GB/s (SU), 165.690 us, 11523136 bytes | reduce: 879 GB/s, 5.525 us   + EP:  13/16 | reduced combine: 19 GB/s (SO), 64 GB/s (SU), 173.045 us, 10991520 bytes | reduce: 882 GB/s, 5.618 us

   + EP:   9/16 | reduced combine: 20 GB/s (SO), 65 GB/s (SU), 169.999 us, 11077728 bytes | reduce: 934 GB/s, 5.479 us
   + EP:   8/16 | reduced combine: 20 GB/s (SO), 65 GB/s (SU), 171.749 us, 11192672 bytes | reduce: 926 GB/s, 5.570 us
   + EP:  10/16 | reduced combine: 20 GB/s (SO), 71 GB/s (SU), 170.544 us, 12112224 bytes | reduce: 915 GB/s, 5.544 us


