=== EP_NIC_NAME=rdmap101s0 (auto, 400 Gb/s) ===
=== NCCL_IB_HCA=rdmap (auto: non-EFA ibverbs device ibp198s0f0 present) ===
=== GIN: NCCL_GIN_TYPE=5 NCCL_SYM_GIN_KERNELS_ENABLE=0 ===
=== PREFER_OVERLAP=0 (--prefer-overlap-with-compute) ===
=== IMAGE=deepep-v2-efa-official:sm103-stack3c737dcxbfbdd15  DeepEP=a35285f0af98856625e542df24bd17a985bc05d9 ===
=== DeepEP is a MERGE of: 3c737dcf0da5889ba7efd26e05b4808307cc38af bfbdd15ff448783f877cb2210cb3246c8452b05e ===
+ docker run --rm --init --gpus all --privileged --network=host --ipc=host --ulimit memlock=-1 --ulimit stack=67108864 --device=/dev/infiniband --device=/dev/gdrdrv -v /sys/class/infiniband:/sys/class/infiniband:ro -e MASTER_ADDR=172.31.24.154 -e MASTER_PORT=8704 -e WORLD_SIZE=2 -e RANK=1 -e NCCL_DEBUG=WARN -e EP_NIC_NAME=rdmap101s0 -e NCCL_IB_HCA=rdmap -e NCCL_GIN_TYPE=5 -e NCCL_SYM_GIN_KERNELS_ENABLE=0 -e PYTHONUNBUFFERED=1 -e PYTHONFAULTHANDLER=1 deepep-v2-efa-official:sm103-stack3c737dcxbfbdd15 bash -lc 'timeout -s ABRT --kill-after=60 1800     python3 -u /opt/DeepEP/tests/elastic/test_ep.py     --num-processes=8 --num-tokens=8192     --hidden=7168 --num-topk=8 --num-experts=256     --num-sms=24 --allow-hybrid-mode=1     --prefer-overlap-with-compute=0 --test-first-only      '

==========
== CUDA ==
==========

CUDA Version 13.3.1

Container image Copyright (c) 2016-2023, NVIDIA CORPORATION & AFFILIATES. All rights reserved.

This container image and its contents are governed by the NVIDIA Deep Learning Container License.
By pulling and using the container, you accept the terms and conditions of this license:
https://developer.nvidia.com/ngc/nvidia-deep-learning-container-license

A copy of this license is made available in this container at /NGC-DL-CONTAINER-LICENSE for your convenience.

DeepEP hybrid kernel selection: unordered
DeepEP hybrid kernel selection: unordered
DeepEP hybrid kernel selection: unordered
DeepEP hybrid kernel selection: unordered
DeepEP hybrid kernel selection: unordered
DeepEP hybrid kernel selection: unordered
DeepEP hybrid kernel selection: unordered
DeepEP hybrid kernel selection: unordered
DeepEP hybrid kernel selection: unordered
DeepEP hybrid kernel selection: unordered
DeepEP hybrid kernel selection: unordered
DeepEP hybrid kernel selection: unordered
DeepEP hybrid kernel selection: unordered
DeepEP hybrid kernel selection: unordered
DeepEP hybrid kernel selection: unordered
DeepEP hybrid kernel selection: unordered
Config:
 > Ranks: 2 x 8
 > Experts: 8/256
 > Tokens: 8184 (max: 8192), hidden: 7168
 > #SM: 24, #QPs: 13/13

Running all test cases:
 > Testing with do_handle_copy=1, expert_alignment=128, use_fp8_dispatch=1, num_bias=0, with_previous_event=0, async_with_compute_stream=0, allocate_on_comm_stream=0 ...
USDT:2026-09-03 10:44:07 489:489 SyncActivityProfilerHandler.cpp:52] profiler_startUSDT:2026-09-03 10:44:07 491:491 SyncActivityProfilerHandler.cpp:52] profiler_startUSDT:2026-09-03 10:44:07 486:486 SyncActivityProfilerHandler.cpp:52] profiler_startUSDT:2026-09-03 10:44:07 485:485 SyncActivityProfilerHandler.cpp:52] profiler_startUSDT:2026-09-03 10:44:07 490:490 SyncActivityProfilerHandler.cpp:52] profiler_start
USDT:2026-09-03 10:44:07 492:492 SyncActivityProfilerHandler.cpp:52] profiler_startUSDT:2026-09-03 10:44:07 487:487 SyncActivityProfilerHandler.cpp:52] profiler_startUSDT:2026-09-03 10:44:07 488:488 SyncActivityProfilerHandler.cpp:52] profiler_start






USDT:2026-09-03 10:44:07 492:492 SyncActivityProfilerHandler.cpp:59] profiler_stopUSDT:2026-09-03 10:44:07 485:485 SyncActivityProfilerHandler.cpp:59] profiler_stopUSDT:2026-09-03 10:44:07 490:490 SyncActivityProfilerHandler.cpp:59] profiler_stopUSDT:2026-09-03 10:44:07 491:491 SyncActivityProfilerHandler.cpp:59] profiler_stopUSDT:2026-09-03 10:44:07 489:489 SyncActivityProfilerHandler.cpp:59] profiler_stopUSDT:2026-09-03 10:44:07 486:486 SyncActivityProfilerHandler.cpp:59] profiler_stop

USDT:2026-09-03 10:44:07 487:487 SyncActivityProfilerHandler.cpp:59] profiler_stop
USDT:2026-09-03 10:44:07 488:488 SyncActivityProfilerHandler.cpp:59] profiler_stop




   * EP:  15/16 | dispatch: 140 GB/s (SO), 461 GB/s (SU), 869.309 us, 401132160 bytes | copy: 5162 GB/s, 155.413 us
   * EP:  14/16 | dispatch: 140 GB/s (SO), 463 GB/s (SU), 869.059 us, 402105600 bytes | copy: 5418 GB/s, 148.429 us
   * EP:  13/16 | dispatch: 140 GB/s (SO), 460 GB/s (SU), 869.643 us, 399612096 bytes | copy: 5053 GB/s, 158.175 us
   * EP:   9/16 | dispatch: 141 GB/s (SO), 459 GB/s (SU), 869.621 us, 399499776 bytes | copy: 4975 GB/s, 160.606 us
   * EP:  10/16 | dispatch: 140 GB/s (SO), 461 GB/s (SU), 870.497 us, 401364288 bytes | copy: 4859 GB/s, 165.207 us
   * EP:  11/16 | dispatch: 141 GB/s (SO), 459 GB/s (SU), 868.914 us, 399177792 bytes | copy: 5522 GB/s, 144.579 us
   * EP:  12/16 | dispatch: 141 GB/s (SO), 461 GB/s (SU), 869.160 us, 400622976 bytes | copy: 5448 GB/s, 147.066 us
   * EP:   8/16 | dispatch: 141 GB/s (SO), 457 GB/s (SU), 869.614 us, 397245888 bytes | copy: 5106 GB/s, 155.605 us
USDT:2026-09-03 10:44:08 492:492 SyncActivityProfilerHandler.cpp:52] profiler_startUSDT:2026-09-03 10:44:08 485:485 SyncActivityProfilerHandler.cpp:52] profiler_start

USDT:2026-09-03 10:44:08 486:486 SyncActivityProfilerHandler.cpp:52] profiler_startUSDT:2026-09-03 10:44:08 491:491 SyncActivityProfilerHandler.cpp:52] profiler_start
USDT:2026-09-03 10:44:08 488:488 SyncActivityProfilerHandler.cpp:52] profiler_start
USDT:2026-09-03 10:44:08 490:490 SyncActivityProfilerHandler.cpp:52] profiler_startUSDT:2026-09-03 10:44:08 489:489 SyncActivityProfilerHandler.cpp:52] profiler_startUSDT:2026-09-03 10:44:08 487:487 SyncActivityProfilerHandler.cpp:52] profiler_start



USDT:2026-09-03 10:44:08 485:485 SyncActivityProfilerHandler.cpp:59] profiler_stopUSDT:2026-09-03 10:44:08 490:490 SyncActivityProfilerHandler.cpp:59] profiler_stopUSDT:2026-09-03 10:44:08 486:486 SyncActivityProfilerHandler.cpp:59] profiler_stop

USDT:2026-09-03 10:44:08 492:492 SyncActivityProfilerHandler.cpp:59] profiler_stop

USDT:2026-09-03 10:44:08 491:491 SyncActivityProfilerHandler.cpp:59] profiler_stop
USDT:2026-09-03 10:44:08 489:489 SyncActivityProfilerHandler.cpp:59] profiler_stopUSDT:2026-09-03 10:44:08 487:487 SyncActivityProfilerHandler.cpp:59] profiler_stop

USDT:2026-09-03 10:44:08 488:488 SyncActivityProfilerHandler.cpp:59] profiler_stop
   - EP:  15/16 | expanded dispatch: 140 GB/s (SO), 460 GB/s (SU), 871.324 us, 401132160 bytes | copy: 4677 GB/s, 192.512 us
   - EP:  14/16 | expanded dispatch: 140 GB/s (SO), 462 GB/s (SU), 871.237 us, 402105600 bytes | copy: 4827 GB/s, 187.206 us
   - EP:   9/16 | expanded dispatch: 140 GB/s (SO), 458 GB/s (SU), 871.473 us, 399499776 bytes | copy: 4566 GB/s, 196.819 us
   - EP:  11/16 | expanded dispatch: 140 GB/s (SO), 459 GB/s (SU), 870.536 us, 399177792 bytes | copy: 4816 GB/s, 186.709 us
   - EP:   8/16 | expanded dispatch: 140 GB/s (SO), 456 GB/s (SU), 871.415 us, 397245888 bytes | copy: 4722 GB/s, 189.174 us
   - EP:  12/16 | expanded dispatch: 140 GB/s (SO), 460 GB/s (SU), 870.826 us, 400622976 bytes | copy: 4851 GB/s, 185.601 us
   - EP:  10/16 | expanded dispatch: 140 GB/s (SO), 460 GB/s (SU), 872.208 us, 401364288 bytes | copy: 4508 GB/s, 200.357 us
   - EP:  13/16 | expanded dispatch: 140 GB/s (SO), 459 GB/s (SU), 871.343 us, 399612096 bytes | copy: 4577 GB/s, 196.252 us
USDT:2026-09-03 10:44:09 492:492 SyncActivityProfilerHandler.cpp:52] profiler_startUSDT:2026-09-03 10:44:09 490:490 SyncActivityProfilerHandler.cpp:52] profiler_startUSDT:2026-09-03 10:44:09 486:486 SyncActivityProfilerHandler.cpp:52] profiler_startUSDT:2026-09-03 10:44:09 485:485 SyncActivityProfilerHandler.cpp:52] profiler_start
USDT:2026-09-03 10:44:09 487:487 SyncActivityProfilerHandler.cpp:52] profiler_start
USDT:2026-09-03 10:44:09 491:491 SyncActivityProfilerHandler.cpp:52] profiler_startUSDT:2026-09-03 10:44:09 489:489 SyncActivityProfilerHandler.cpp:52] profiler_start



USDT:2026-09-03 10:44:09 488:488 SyncActivityProfilerHandler.cpp:52] profiler_start

USDT:2026-09-03 10:44:09 488:488 SyncActivityProfilerHandler.cpp:59] profiler_stopUSDT:2026-09-03 10:44:09 491:491 SyncActivityProfilerHandler.cpp:59] profiler_stopUSDT:2026-09-03 10:44:09 486:486 SyncActivityProfilerHandler.cpp:59] profiler_stop


USDT:2026-09-03 10:44:09 492:492 SyncActivityProfilerHandler.cpp:59] profiler_stopUSDT:2026-09-03 10:44:09 485:485 SyncActivityProfilerHandler.cpp:59] profiler_stop

USDT:2026-09-03 10:44:09 487:487 SyncActivityProfilerHandler.cpp:59] profiler_stopUSDT:2026-09-03 10:44:09 490:490 SyncActivityProfilerHandler.cpp:59] profiler_stopUSDT:2026-09-03 10:44:09 489:489 SyncActivityProfilerHandler.cpp:59] profiler_stop


   # EP:   9/16 | cached dispatch: 134 GB/s (SO), 439 GB/s (SU), 910.724 us, 399499776 bytes | copy: 5283 GB/s, 151.229 us
   # EP:  14/16 | cached dispatch: 134 GB/s (SO), 442 GB/s (SU), 910.032 us, 402105600 bytes | copy: 5417 GB/s, 148.454 us
   # EP:  10/16 | cached dispatch: 134 GB/s (SO), 440 GB/s (SU), 911.511 us, 401364288 bytes | copy: 4994 GB/s, 160.743 us
   # EP:  15/16 | cached dispatch: 134 GB/s (SO), 441 GB/s (SU), 910.376 us, 401132160 bytes | copy: 5384 GB/s, 148.999 us
   # EP:  11/16 | cached dispatch: 134 GB/s (SO), 439 GB/s (SU), 909.780 us, 399177792 bytes | copy: 5523 GB/s, 144.559 us
   # EP:  13/16 | cached dispatch: 134 GB/s (SO), 439 GB/s (SU), 910.537 us, 399612096 bytes | copy: 5353 GB/s, 149.296 us
   # EP:  12/16 | cached dispatch: 134 GB/s (SO), 440 GB/s (SU), 909.669 us, 400622976 bytes | copy: 5358 GB/s, 149.553 us
   # EP:   8/16 | cached dispatch: 134 GB/s (SO), 436 GB/s (SU), 910.853 us, 397245888 bytes | copy: 5402 GB/s, 147.064 us
USDT:2026-09-03 10:44:10 489:489 SyncActivityProfilerHandler.cpp:52] profiler_startUSDT:2026-09-03 10:44:10 492:492 SyncActivityProfilerHandler.cpp:52] profiler_startUSDT:2026-09-03 10:44:10 491:491 SyncActivityProfilerHandler.cpp:52] profiler_startUSDT:2026-09-03 10:44:10 486:486 SyncActivityProfilerHandler.cpp:52] profiler_startUSDT:2026-09-03 10:44:10 490:490 SyncActivityProfilerHandler.cpp:52] profiler_start


USDT:2026-09-03 10:44:10 485:485 SyncActivityProfilerHandler.cpp:52] profiler_start

USDT:2026-09-03 10:44:10 487:487 SyncActivityProfilerHandler.cpp:52] profiler_start

USDT:2026-09-03 10:44:10 488:488 SyncActivityProfilerHandler.cpp:52] profiler_start
USDT:2026-09-03 10:44:10 487:487 SyncActivityProfilerHandler.cpp:59] profiler_stopUSDT:2026-09-03 10:44:10 490:490 SyncActivityProfilerHandler.cpp:59] profiler_stop

USDT:2026-09-03 10:44:10 486:486 SyncActivityProfilerHandler.cpp:59] profiler_stopUSDT:2026-09-03 10:44:10 488:488 SyncActivityProfilerHandler.cpp:59] profiler_stop

USDT:2026-09-03 10:44:10 491:491 SyncActivityProfilerHandler.cpp:59] profiler_stop
USDT:2026-09-03 10:44:10 485:485 SyncActivityProfilerHandler.cpp:59] profiler_stop
USDT:2026-09-03 10:44:10 492:492 SyncActivityProfilerHandler.cpp:59] profiler_stop
USDT:2026-09-03 10:44:10 489:489 SyncActivityProfilerHandler.cpp:59] profiler_stop
   @ EP:  14/16 | combine: 140 GB/s (SO), 461 GB/s (SU), 1673.000 us, 771561600 bytes | reduce: 5163 GB/s, 68.096 us
   @ EP:  10/16 | combine: 140 GB/s (SO), 460 GB/s (SU), 1674.000 us, 770139168 bytes | reduce: 5201 GB/s, 67.638 us
   @ EP:   9/16 | combine: 142 GB/s (SO), 463 GB/s (SU), 1655.000 us, 766561536 bytes | reduce: 5173 GB/s, 68.051 us
   @ EP:  11/16 | combine: 141 GB/s (SO), 461 GB/s (SU), 1661.000 us, 765943712 bytes | reduce: 5185 GB/s, 67.866 us
   @ EP:  13/16 | combine: 141 GB/s (SO), 463 GB/s (SU), 1657.000 us, 766777056 bytes | reduce: 5181 GB/s, 67.854 us
   @ EP:  15/16 | combine: 140 GB/s (SO), 460 GB/s (SU), 1675.000 us, 769693760 bytes | reduce: 5209 GB/s, 67.497 us
   @ EP:  12/16 | combine: 140 GB/s (SO), 458 GB/s (SU), 1679.000 us, 768716736 bytes | reduce: 5203 GB/s, 67.635 us
   @ EP:   8/16 | combine: 139 GB/s (SO), 453 GB/s (SU), 1684.000 us, 762236768 bytes | reduce: 5221 GB/s, 67.435 us
USDT:2026-09-03 10:44:10 492:492 SyncActivityProfilerHandler.cpp:52] profiler_startUSDT:2026-09-03 10:44:10 485:485 SyncActivityProfilerHandler.cpp:52] profiler_start

USDT:2026-09-03 10:44:10 490:490 SyncActivityProfilerHandler.cpp:52] profiler_startUSDT:2026-09-03 10:44:10 488:488 SyncActivityProfilerHandler.cpp:52] profiler_startUSDT:2026-09-03 10:44:10 491:491 SyncActivityProfilerHandler.cpp:52] profiler_startUSDT:2026-09-03 10:44:10 486:486 SyncActivityProfilerHandler.cpp:52] profiler_start



USDT:2026-09-03 10:44:10 487:487 SyncActivityProfilerHandler.cpp:52] profiler_start
USDT:2026-09-03 10:44:10 489:489 SyncActivityProfilerHandler.cpp:52] profiler_start
USDT:2026-09-03 10:44:11 492:492 SyncActivityProfilerHandler.cpp:59] profiler_stopUSDT:2026-09-03 10:44:11 488:488 SyncActivityProfilerHandler.cpp:59] profiler_stopUSDT:2026-09-03 10:44:11 486:486 SyncActivityProfilerHandler.cpp:59] profiler_stop


USDT:2026-09-03 10:44:11 490:490 SyncActivityProfilerHandler.cpp:59] profiler_stop
USDT:2026-09-03 10:44:11 491:491 SyncActivityProfilerHandler.cpp:59] profiler_stopUSDT:2026-09-03 10:44:11 485:485 SyncActivityProfilerHandler.cpp:59] profiler_stop

USDT:2026-09-03 10:44:11 487:487 SyncActivityProfilerHandler.cpp:59] profiler_stop
USDT:2026-09-03 10:44:11 489:489 SyncActivityProfilerHandler.cpp:59] profiler_stop
   + EP:  15/16 | reduced combine: 119 GB/s (SO), 391 GB/s (SU), 1968.000 us, 769693760 bytes | reduce: 5020 GB/s, 70.045 us
   + EP:   9/16 | reduced combine: 119 GB/s (SO), 388 GB/s (SU), 1978.000 us, 766561536 bytes | reduce: 4999 GB/s, 70.424 us
   + EP:  14/16 | reduced combine: 119 GB/s (SO), 391 GB/s (SU), 1972.000 us, 771561600 bytes | reduce: 4998 GB/s, 70.344 us
   + EP:  12/16 | reduced combine: 115 GB/s (SO), 378 GB/s (SU), 2036.000 us, 768716736 bytes | reduce: 5005 GB/s, 70.310 us
   + EP:  10/16 | reduced combine: 116 GB/s (SO), 383 GB/s (SU), 2013.000 us, 770139168 bytes | reduce: 4993 GB/s, 70.462 us
   + EP:   8/16 | reduced combine: 118 GB/s (SO), 382 GB/s (SU), 1993.000 us, 762236768 bytes | reduce: 4984 GB/s, 70.642 us
   + EP:  13/16 | reduced combine: 118 GB/s (SO), 387 GB/s (SU), 1980.000 us, 766777056 bytes | reduce: 5005 GB/s, 70.237 us
   + EP:  11/16 | reduced combine: 119 GB/s (SO), 388 GB/s (SU), 1973.000 us, 765943712 bytes | reduce: 5014 GB/s, 70.184 us


