NCCL version 2.32.3+cuda13.4
DeepEP hybrid kernel selection: unordered
DeepEP hybrid kernel selection: unordered
DeepEP hybrid kernel selection: unordered
DeepEP hybrid kernel selection: unordered
DeepEP hybrid kernel selection: unordered
DeepEP hybrid kernel selection: unordered
DeepEP hybrid kernel selection: unordered
DeepEP hybrid kernel selection: unordered
DeepEP hybrid kernel selection: unordered
DeepEP hybrid kernel selection: unordered
DeepEP hybrid kernel selection: unordered
DeepEP hybrid kernel selection: unordered
DeepEP hybrid kernel selection: unordered
DeepEP hybrid kernel selection: unordered
DeepEP hybrid kernel selection: unordered
DeepEP hybrid kernel selection: unordered
Config:
 > Ranks: 4 x 8
 > Experts: 8/256
 > Tokens: 8192 (max: 8192), hidden: 7168
 > #SM: 24, #QPs: 11/11

Running all test cases:
 > Testing with do_handle_copy=1, expert_alignment=128, use_fp8_dispatch=1, num_bias=0, with_previous_event=0, async_with_compute_stream=0, allocate_on_comm_stream=0 ...
USDT:2026-10-10 08:42:00 42891:42891 SyncActivityProfilerHandler.cpp:52] profiler_startUSDT:2026-10-10 08:42:00 42893:42893 SyncActivityProfilerHandler.cpp:52] profiler_startUSDT:2026-10-10 08:42:00 42896:42896 SyncActivityProfilerHandler.cpp:52] profiler_startUSDT:2026-10-10 08:42:00 42895:42895 SyncActivityProfilerHandler.cpp:52] profiler_startUSDT:2026-10-10 08:42:00 42897:42897 SyncActivityProfilerHandler.cpp:52] profiler_startUSDT:2026-10-10 08:42:00 42892:42892 SyncActivityProfilerHandler.cpp:52] profiler_startUSDT:2026-10-10 08:42:00 42894:42894 SyncActivityProfilerHandler.cpp:52] profiler_start


USDT:2026-10-10 08:42:00 42890:42890 SyncActivityProfilerHandler.cpp:52] profiler_start




USDT:2026-10-10 08:42:01 42894:42894 SyncActivityProfilerHandler.cpp:59] profiler_stopUSDT:2026-10-10 08:42:01 42891:42891 SyncActivityProfilerHandler.cpp:59] profiler_stop
USDT:2026-10-10 08:42:01 42896:42896 SyncActivityProfilerHandler.cpp:59] profiler_stopUSDT:2026-10-10 08:42:01 42892:42892 SyncActivityProfilerHandler.cpp:59] profiler_stop
USDT:2026-10-10 08:42:01 42893:42893 SyncActivityProfilerHandler.cpp:59] profiler_stopUSDT:2026-10-10 08:42:01 42890:42890 SyncActivityProfilerHandler.cpp:59] profiler_stop



USDT:2026-10-10 08:42:01 42895:42895 SyncActivityProfilerHandler.cpp:59] profiler_stop
USDT:2026-10-10 08:42:01 42897:42897 SyncActivityProfilerHandler.cpp:59] profiler_stop
   * EP:   4/32 | dispatch: 57 GB/s (SO), 114 GB/s (SU), 3905.000 us, 443289600 bytes | copy: 3979 GB/s, 222.802 us
   * EP:   6/32 | dispatch: 57 GB/s (SO), 114 GB/s (SU), 3906.000 us, 444877056 bytes | copy: 3877 GB/s, 229.471 us
   * EP:   1/32 | dispatch: 57 GB/s (SO), 114 GB/s (SU), 3906.000 us, 443634048 bytes | copy: 3977 GB/s, 223.090 us
   * EP:   2/32 | dispatch: 57 GB/s (SO), 114 GB/s (SU), 3904.000 us, 443514240 bytes | copy: 3521 GB/s, 251.960 us
   * EP:   7/32 | dispatch: 57 GB/s (SO), 114 GB/s (SU), 3905.000 us, 443551680 bytes | copy: 3664 GB/s, 242.114 us
   * EP:   3/32 | dispatch: 57 GB/s (SO), 115 GB/s (SU), 3905.000 us, 449721792 bytes | copy: 3554 GB/s, 253.081 us
   * EP:   5/32 | dispatch: 57 GB/s (SO), 113 GB/s (SU), 3906.000 us, 442907712 bytes | copy: 3914 GB/s, 226.347 us
   * EP:   0/32 | dispatch: 57 GB/s (SO), 114 GB/s (SU), 3903.000 us, 444974400 bytes | copy: 3844 GB/s, 231.534 us
USDT:2026-10-10 08:42:01 42895:42895 SyncActivityProfilerHandler.cpp:52] profiler_startUSDT:2026-10-10 08:42:01 42890:42890 SyncActivityProfilerHandler.cpp:52] profiler_startUSDT:2026-10-10 08:42:01 42894:42894 SyncActivityProfilerHandler.cpp:52] profiler_startUSDT:2026-10-10 08:42:01 42893:42893 SyncActivityProfilerHandler.cpp:52] profiler_startUSDT:2026-10-10 08:42:01 42897:42897 SyncActivityProfilerHandler.cpp:52] profiler_startUSDT:2026-10-10 08:42:01 42891:42891 SyncActivityProfilerHandler.cpp:52] profiler_start



USDT:2026-10-10 08:42:01 42892:42892 SyncActivityProfilerHandler.cpp:52] profiler_start


USDT:2026-10-10 08:42:01 42896:42896 SyncActivityProfilerHandler.cpp:52] profiler_start
USDT:2026-10-10 08:42:02 42894:42894 SyncActivityProfilerHandler.cpp:59] profiler_stopUSDT:2026-10-10 08:42:02 42895:42895 SyncActivityProfilerHandler.cpp:59] profiler_stopUSDT:2026-10-10 08:42:02 42892:42892 SyncActivityProfilerHandler.cpp:59] profiler_stopUSDT:2026-10-10 08:42:02 42897:42897 SyncActivityProfilerHandler.cpp:59] profiler_stopUSDT:2026-10-10 08:42:02 42891:42891 SyncActivityProfilerHandler.cpp:59] profiler_stopUSDT:2026-10-10 08:42:02 42890:42890 SyncActivityProfilerHandler.cpp:59] profiler_stop

USDT:2026-10-10 08:42:02 42893:42893 SyncActivityProfilerHandler.cpp:59] profiler_stopUSDT:2026-10-10 08:42:02 42896:42896 SyncActivityProfilerHandler.cpp:59] profiler_stop





   - EP:   4/32 | expanded dispatch: 57 GB/s (SO), 114 GB/s (SU), 3894.000 us, 443289600 bytes | copy: 3532 GB/s, 265.068 us
   - EP:   7/32 | expanded dispatch: 57 GB/s (SO), 114 GB/s (SU), 3893.000 us, 443551680 bytes | copy: 3435 GB/s, 273.193 us
   - EP:   2/32 | expanded dispatch: 57 GB/s (SO), 114 GB/s (SU), 3893.000 us, 443514240 bytes | copy: 3330 GB/s, 281.418 us
   - EP:   0/32 | expanded dispatch: 57 GB/s (SO), 114 GB/s (SU), 3891.000 us, 444974400 bytes | copy: 3778 GB/s, 248.677 us
   - EP:   5/32 | expanded dispatch: 57 GB/s (SO), 114 GB/s (SU), 3894.000 us, 442907712 bytes | copy: 3702 GB/s, 252.410 us
   - EP:   3/32 | expanded dispatch: 57 GB/s (SO), 115 GB/s (SU), 3894.000 us, 449721792 bytes | copy: 3622 GB/s, 262.146 us   - EP:   1/32 | expanded dispatch: 57 GB/s (SO), 114 GB/s (SU), 3894.000 us, 443634048 bytes | copy: 3858 GB/s, 243.150 us

   - EP:   6/32 | expanded dispatch: 57 GB/s (SO), 114 GB/s (SU), 3895.000 us, 444877056 bytes | copy: 4111 GB/s, 228.509 us
USDT:2026-10-10 08:42:02 42894:42894 SyncActivityProfilerHandler.cpp:52] profiler_startUSDT:2026-10-10 08:42:02 42897:42897 SyncActivityProfilerHandler.cpp:52] profiler_startUSDT:2026-10-10 08:42:02 42895:42895 SyncActivityProfilerHandler.cpp:52] profiler_start
USDT:2026-10-10 08:42:02 42893:42893 SyncActivityProfilerHandler.cpp:52] profiler_startUSDT:2026-10-10 08:42:02 42890:42890 SyncActivityProfilerHandler.cpp:52] profiler_startUSDT:2026-10-10 08:42:02 42892:42892 SyncActivityProfilerHandler.cpp:52] profiler_start
USDT:2026-10-10 08:42:02 42896:42896 SyncActivityProfilerHandler.cpp:52] profiler_start

USDT:2026-10-10 08:42:02 42891:42891 SyncActivityProfilerHandler.cpp:52] profiler_start



USDT:2026-10-10 08:42:03 42897:42897 SyncActivityProfilerHandler.cpp:59] profiler_stopUSDT:2026-10-10 08:42:03 42894:42894 SyncActivityProfilerHandler.cpp:59] profiler_stopUSDT:2026-10-10 08:42:03 42895:42895 SyncActivityProfilerHandler.cpp:59] profiler_stopUSDT:2026-10-10 08:42:03 42891:42891 SyncActivityProfilerHandler.cpp:59] profiler_stop
USDT:2026-10-10 08:42:03 42892:42892 SyncActivityProfilerHandler.cpp:59] profiler_stop

USDT:2026-10-10 08:42:03 42893:42893 SyncActivityProfilerHandler.cpp:59] profiler_stop


USDT:2026-10-10 08:42:03 42890:42890 SyncActivityProfilerHandler.cpp:59] profiler_stop
USDT:2026-10-10 08:42:03 42896:42896 SyncActivityProfilerHandler.cpp:59] profiler_stop
   # EP:   7/32 | cached dispatch: 57 GB/s (SO), 115 GB/s (SU), 3861.000 us, 443551680 bytes | copy: 4105 GB/s, 216.092 us
   # EP:   4/32 | cached dispatch: 57 GB/s (SO), 115 GB/s (SU), 3861.000 us, 443289600 bytes | copy: 4017 GB/s, 220.694 us
   # EP:   2/32 | cached dispatch: 57 GB/s (SO), 115 GB/s (SU), 3860.000 us, 443514240 bytes | copy: 3924 GB/s, 226.034 us
   # EP:   1/32 | cached dispatch: 57 GB/s (SO), 115 GB/s (SU), 3862.000 us, 443634048 bytes | copy: 4737 GB/s, 187.304 us
   # EP:   3/32 | cached dispatch: 57 GB/s (SO), 116 GB/s (SU), 3862.000 us, 449721792 bytes | copy: 3924 GB/s, 229.212 us
   # EP:   0/32 | cached dispatch: 58 GB/s (SO), 115 GB/s (SU), 3859.000 us, 444974400 bytes | copy: 4014 GB/s, 221.731 us
   # EP:   5/32 | cached dispatch: 57 GB/s (SO), 115 GB/s (SU), 3862.000 us, 442907712 bytes | copy: 4099 GB/s, 216.101 us
   # EP:   6/32 | cached dispatch: 57 GB/s (SO), 115 GB/s (SU), 3862.000 us, 444877056 bytes | copy: 3983 GB/s, 223.381 us
USDT:2026-10-10 08:42:03 42896:42896 SyncActivityProfilerHandler.cpp:52] profiler_start
USDT:2026-10-10 08:42:03 42897:42897 SyncActivityProfilerHandler.cpp:52] profiler_startUSDT:2026-10-10 08:42:03 42891:42891 SyncActivityProfilerHandler.cpp:52] profiler_start

USDT:2026-10-10 08:42:03 42890:42890 SyncActivityProfilerHandler.cpp:52] profiler_start
USDT:2026-10-10 08:42:03 42893:42893 SyncActivityProfilerHandler.cpp:52] profiler_startUSDT:2026-10-10 08:42:03 42894:42894 SyncActivityProfilerHandler.cpp:52] profiler_startUSDT:2026-10-10 08:42:03 42895:42895 SyncActivityProfilerHandler.cpp:52] profiler_start

USDT:2026-10-10 08:42:03 42892:42892 SyncActivityProfilerHandler.cpp:52] profiler_start

USDT:2026-10-10 08:42:04 42891:42891 SyncActivityProfilerHandler.cpp:59] profiler_stop
USDT:2026-10-10 08:42:04 42896:42896 SyncActivityProfilerHandler.cpp:59] profiler_stop
USDT:2026-10-10 08:42:04 42890:42890 SyncActivityProfilerHandler.cpp:59] profiler_stop
USDT:2026-10-10 08:42:04 42893:42893 SyncActivityProfilerHandler.cpp:59] profiler_stop
USDT:2026-10-10 08:42:04 42897:42897 SyncActivityProfilerHandler.cpp:59] profiler_stop
USDT:2026-10-10 08:42:04 42895:42895 SyncActivityProfilerHandler.cpp:59] profiler_stop
USDT:2026-10-10 08:42:04 42892:42892 SyncActivityProfilerHandler.cpp:59] profiler_stop
USDT:2026-10-10 08:42:04 42894:42894 SyncActivityProfilerHandler.cpp:59] profiler_stop
   @ EP:   1/32 | combine: 59 GB/s (SO), 118 GB/s (SU), 7204.000 us, 851246528 bytes | reduce: 5051 GB/s, 107.409 us
   @ EP:   2/32 | combine: 59 GB/s (SO), 118 GB/s (SU), 7185.000 us, 851016640 bytes | reduce: 4976 GB/s, 109.053 us
   @ EP:   0/32 | combine: 59 GB/s (SO), 118 GB/s (SU), 7215.000 us, 853818400 bytes | reduce: 5037 GB/s, 108.151 us
   @ EP:   3/32 | combine: 60 GB/s (SO), 121 GB/s (SU), 7140.000 us, 862927712 bytes | reduce: 5029 GB/s, 108.024 us
   @ EP:   5/32 | combine: 59 GB/s (SO), 118 GB/s (SU), 7212.000 us, 849852832 bytes | reduce: 5067 GB/s, 107.160 us   @ EP:   6/32 | combine: 59 GB/s (SO), 119 GB/s (SU), 7168.000 us, 853631616 bytes | reduce: 5025 GB/s, 107.871 us

   @ EP:   7/32 | combine: 60 GB/s (SO), 119 GB/s (SU), 7142.000 us, 851088480 bytes | reduce: 5047 GB/s, 107.529 us
   @ EP:   4/32 | combine: 59 GB/s (SO), 118 GB/s (SU), 7219.000 us, 850585600 bytes | reduce: 5020 GB/s, 107.930 us
USDT:2026-10-10 08:42:04 42896:42896 SyncActivityProfilerHandler.cpp:52] profiler_start
USDT:2026-10-10 08:42:04 42890:42890 SyncActivityProfilerHandler.cpp:52] profiler_start
USDT:2026-10-10 08:42:04 42892:42892 SyncActivityProfilerHandler.cpp:52] profiler_start
USDT:2026-10-10 08:42:04 42894:42894 SyncActivityProfilerHandler.cpp:52] profiler_startUSDT:2026-10-10 08:42:04 42897:42897 SyncActivityProfilerHandler.cpp:52] profiler_start

USDT:2026-10-10 08:42:04 42893:42893 SyncActivityProfilerHandler.cpp:52] profiler_start
USDT:2026-10-10 08:42:04 42895:42895 SyncActivityProfilerHandler.cpp:52] profiler_start
USDT:2026-10-10 08:42:04 42891:42891 SyncActivityProfilerHandler.cpp:52] profiler_start
USDT:2026-10-10 08:42:05 42895:42895 SyncActivityProfilerHandler.cpp:59] profiler_stop
USDT:2026-10-10 08:42:05 42892:42892 SyncActivityProfilerHandler.cpp:59] profiler_stop
USDT:2026-10-10 08:42:05 42890:42890 SyncActivityProfilerHandler.cpp:59] profiler_stop
USDT:2026-10-10 08:42:05 42896:42896 SyncActivityProfilerHandler.cpp:59] profiler_stopUSDT:2026-10-10 08:42:05 42897:42897 SyncActivityProfilerHandler.cpp:59] profiler_stopUSDT:2026-10-10 08:42:05 42893:42893 SyncActivityProfilerHandler.cpp:59] profiler_stop


USDT:2026-10-10 08:42:05 42891:42891 SyncActivityProfilerHandler.cpp:59] profiler_stop
USDT:2026-10-10 08:42:05 42894:42894 SyncActivityProfilerHandler.cpp:59] profiler_stop
   + EP:   2/32 | reduced combine: 59 GB/s (SO), 119 GB/s (SU), 7148.000 us, 851016640 bytes | reduce: 5004 GB/s, 108.437 us
   + EP:   0/32 | reduced combine: 60 GB/s (SO), 119 GB/s (SU), 7160.000 us, 853818400 bytes | reduce: 5032 GB/s, 108.258 us
   + EP:   1/32 | reduced combine: 60 GB/s (SO), 119 GB/s (SU), 7130.000 us, 851246528 bytes | reduce: 5066 GB/s, 107.077 us
   + EP:   6/32 | reduced combine: 60 GB/s (SO), 120 GB/s (SU), 7105.000 us, 853631616 bytes | reduce: 5035 GB/s, 107.677 us
   + EP:   5/32 | reduced combine: 60 GB/s (SO), 119 GB/s (SU), 7149.000 us, 849852832 bytes | reduce: 5077 GB/s, 106.946 us
   + EP:   3/32 | reduced combine: 60 GB/s (SO), 121 GB/s (SU), 7144.000 us, 862927712 bytes | reduce: 5019 GB/s, 108.224 us
   + EP:   7/32 | reduced combine: 59 GB/s (SO), 119 GB/s (SU), 7153.000 us, 851088480 bytes | reduce: 5060 GB/s, 107.255 us
   + EP:   4/32 | reduced combine: 59 GB/s (SO), 119 GB/s (SU), 7133.000 us, 850585600 bytes | reduce: 5022 GB/s, 107.908 us


