DeepEP hybrid kernel selection: unordered
DeepEP hybrid kernel selection: unordered
DeepEP hybrid kernel selection: unordered
DeepEP hybrid kernel selection: unordered
DeepEP hybrid kernel selection: unordered
DeepEP hybrid kernel selection: unordered
DeepEP hybrid kernel selection: unordered
DeepEP hybrid kernel selection: unordered
DeepEP hybrid kernel selection: unordered
DeepEP hybrid kernel selection: unordered
DeepEP hybrid kernel selection: unordered
DeepEP hybrid kernel selection: unordered
DeepEP hybrid kernel selection: unordered
DeepEP hybrid kernel selection: unordered
DeepEP hybrid kernel selection: unordered
DeepEP hybrid kernel selection: unordered
Config:
 > Ranks: 4 x 8
 > Experts: 8/256
 > Tokens: 8176 (max: 8192), hidden: 7168
 > #SM: 24, #QPs: 11/11

Running all test cases:
 > Testing with do_handle_copy=1, expert_alignment=128, use_fp8_dispatch=1, num_bias=0, with_previous_event=0, async_with_compute_stream=0, allocate_on_comm_stream=0 ...
USDT:2026-10-10 08:42:00 33277:33277 SyncActivityProfilerHandler.cpp:52] profiler_startUSDT:2026-10-10 08:42:00 33278:33278 SyncActivityProfilerHandler.cpp:52] profiler_startUSDT:2026-10-10 08:42:00 33272:33272 SyncActivityProfilerHandler.cpp:52] profiler_startUSDT:2026-10-10 08:42:00 33276:33276 SyncActivityProfilerHandler.cpp:52] profiler_startUSDT:2026-10-10 08:42:00 33271:33271 SyncActivityProfilerHandler.cpp:52] profiler_startUSDT:2026-10-10 08:42:00 33273:33273 SyncActivityProfilerHandler.cpp:52] profiler_startUSDT:2026-10-10 08:42:00 33274:33274 SyncActivityProfilerHandler.cpp:52] profiler_start
USDT:2026-10-10 08:42:00 33275:33275 SyncActivityProfilerHandler.cpp:52] profiler_start






USDT:2026-10-10 08:42:01 33277:33277 SyncActivityProfilerHandler.cpp:59] profiler_stopUSDT:2026-10-10 08:42:01 33276:33276 SyncActivityProfilerHandler.cpp:59] profiler_stopUSDT:2026-10-10 08:42:01 33278:33278 SyncActivityProfilerHandler.cpp:59] profiler_stopUSDT:2026-10-10 08:42:01 33274:33274 SyncActivityProfilerHandler.cpp:59] profiler_stopUSDT:2026-10-10 08:42:01 33273:33273 SyncActivityProfilerHandler.cpp:59] profiler_stopUSDT:2026-10-10 08:42:01 33272:33272 SyncActivityProfilerHandler.cpp:59] profiler_stop
USDT:2026-10-10 08:42:01 33275:33275 SyncActivityProfilerHandler.cpp:59] profiler_stop

USDT:2026-10-10 08:42:01 33271:33271 SyncActivityProfilerHandler.cpp:59] profiler_stop




   * EP:  22/32 | dispatch: 57 GB/s (SO), 115 GB/s (SU), 3897.000 us, 447475392 bytes | copy: 3824 GB/s, 234.034 us
   * EP:  21/32 | dispatch: 57 GB/s (SO), 114 GB/s (SU), 3898.000 us, 443499264 bytes | copy: 3528 GB/s, 251.414 us
   * EP:  23/32 | dispatch: 57 GB/s (SO), 114 GB/s (SU), 3897.000 us, 445655808 bytes | copy: 3558 GB/s, 250.531 us
   * EP:  17/32 | dispatch: 57 GB/s (SO), 114 GB/s (SU), 3896.000 us, 444757248 bytes | copy: 3983 GB/s, 223.349 us
   * EP:  18/32 | dispatch: 57 GB/s (SO), 113 GB/s (SU), 3896.000 us, 441574848 bytes | copy: 4050 GB/s, 218.056 us
   * EP:  19/32 | dispatch: 57 GB/s (SO), 114 GB/s (SU), 3896.000 us, 444892032 bytes | copy: 3989 GB/s, 223.057 us
   * EP:  16/32 | dispatch: 57 GB/s (SO), 114 GB/s (SU), 3894.000 us, 445101696 bytes | copy: 4429 GB/s, 200.990 us
   * EP:  20/32 | dispatch: 57 GB/s (SO), 114 GB/s (SU), 3898.000 us, 444577536 bytes | copy: 3594 GB/s, 247.401 us
USDT:2026-10-10 08:42:01 33271:33271 SyncActivityProfilerHandler.cpp:52] profiler_startUSDT:2026-10-10 08:42:01 33277:33277 SyncActivityProfilerHandler.cpp:52] profiler_startUSDT:2026-10-10 08:42:01 33275:33275 SyncActivityProfilerHandler.cpp:52] profiler_startUSDT:2026-10-10 08:42:01 33274:33274 SyncActivityProfilerHandler.cpp:52] profiler_startUSDT:2026-10-10 08:42:01 33273:33273 SyncActivityProfilerHandler.cpp:52] profiler_startUSDT:2026-10-10 08:42:01 33272:33272 SyncActivityProfilerHandler.cpp:52] profiler_startUSDT:2026-10-10 08:42:01 33278:33278 SyncActivityProfilerHandler.cpp:52] profiler_startUSDT:2026-10-10 08:42:01 33276:33276 SyncActivityProfilerHandler.cpp:52] profiler_start







USDT:2026-10-10 08:42:02 33271:33271 SyncActivityProfilerHandler.cpp:59] profiler_stopUSDT:2026-10-10 08:42:02 33277:33277 SyncActivityProfilerHandler.cpp:59] profiler_stopUSDT:2026-10-10 08:42:02 33278:33278 SyncActivityProfilerHandler.cpp:59] profiler_stopUSDT:2026-10-10 08:42:02 33273:33273 SyncActivityProfilerHandler.cpp:59] profiler_stop
USDT:2026-10-10 08:42:02 33275:33275 SyncActivityProfilerHandler.cpp:59] profiler_stop
USDT:2026-10-10 08:42:02 33276:33276 SyncActivityProfilerHandler.cpp:59] profiler_stopUSDT:2026-10-10 08:42:02 33272:33272 SyncActivityProfilerHandler.cpp:59] profiler_stop

USDT:2026-10-10 08:42:02 33274:33274 SyncActivityProfilerHandler.cpp:59] profiler_stop



   - EP:  23/32 | expanded dispatch: 57 GB/s (SO), 115 GB/s (SU), 3891.000 us, 445655808 bytes | copy: 3299 GB/s, 285.584 us
   - EP:  18/32 | expanded dispatch: 57 GB/s (SO), 114 GB/s (SU), 3890.000 us, 441574848 bytes | copy: 4081 GB/s, 228.706 us   - EP:  16/32 | expanded dispatch: 57 GB/s (SO), 114 GB/s (SU), 3888.000 us, 445101696 bytes | copy: 4028 GB/s, 232.806 us   - EP:  17/32 | expanded dispatch: 57 GB/s (SO), 114 GB/s (SU), 3890.000 us, 444757248 bytes | copy: 3645 GB/s, 258.356 us   - EP:  20/32 | expanded dispatch: 57 GB/s (SO), 114 GB/s (SU), 3892.000 us, 444577536 bytes | copy: 3441 GB/s, 273.510 us



   - EP:  22/32 | expanded dispatch: 57 GB/s (SO), 115 GB/s (SU), 3892.000 us, 447475392 bytes | copy: 3653 GB/s, 259.115 us
   - EP:  21/32 | expanded dispatch: 57 GB/s (SO), 114 GB/s (SU), 3892.000 us, 443499264 bytes | copy: 3426 GB/s, 273.443 us
   - EP:  19/32 | expanded dispatch: 57 GB/s (SO), 114 GB/s (SU), 3890.000 us, 444892032 bytes | copy: 3658 GB/s, 257.113 us
USDT:2026-10-10 08:42:02 33271:33271 SyncActivityProfilerHandler.cpp:52] profiler_startUSDT:2026-10-10 08:42:02 33278:33278 SyncActivityProfilerHandler.cpp:52] profiler_startUSDT:2026-10-10 08:42:02 33277:33277 SyncActivityProfilerHandler.cpp:52] profiler_startUSDT:2026-10-10 08:42:02 33275:33275 SyncActivityProfilerHandler.cpp:52] profiler_startUSDT:2026-10-10 08:42:02 33272:33272 SyncActivityProfilerHandler.cpp:52] profiler_startUSDT:2026-10-10 08:42:02 33274:33274 SyncActivityProfilerHandler.cpp:52] profiler_start


USDT:2026-10-10 08:42:02 33273:33273 SyncActivityProfilerHandler.cpp:52] profiler_start


USDT:2026-10-10 08:42:02 33276:33276 SyncActivityProfilerHandler.cpp:52] profiler_start

USDT:2026-10-10 08:42:03 33277:33277 SyncActivityProfilerHandler.cpp:59] profiler_stopUSDT:2026-10-10 08:42:03 33273:33273 SyncActivityProfilerHandler.cpp:59] profiler_stop
USDT:2026-10-10 08:42:03 33276:33276 SyncActivityProfilerHandler.cpp:59] profiler_stopUSDT:2026-10-10 08:42:03 33272:33272 SyncActivityProfilerHandler.cpp:59] profiler_stopUSDT:2026-10-10 08:42:03 33274:33274 SyncActivityProfilerHandler.cpp:59] profiler_stop
USDT:2026-10-10 08:42:03 33271:33271 SyncActivityProfilerHandler.cpp:59] profiler_stop

USDT:2026-10-10 08:42:03 33275:33275 SyncActivityProfilerHandler.cpp:59] profiler_stopUSDT:2026-10-10 08:42:03 33278:33278 SyncActivityProfilerHandler.cpp:59] profiler_stop



   # EP:  17/32 | cached dispatch: 57 GB/s (SO), 115 GB/s (SU), 3859.000 us, 444757248 bytes | copy: 4117 GB/s, 216.035 us
   # EP:  23/32 | cached dispatch: 57 GB/s (SO), 115 GB/s (SU), 3860.000 us, 445655808 bytes | copy: 3927 GB/s, 226.950 us
   # EP:  18/32 | cached dispatch: 57 GB/s (SO), 114 GB/s (SU), 3859.000 us, 441574848 bytes | copy: 4172 GB/s, 211.689 us   # EP:  22/32 | cached dispatch: 57 GB/s (SO), 116 GB/s (SU), 3860.000 us, 447475392 bytes | copy: 4111 GB/s, 217.707 us

   # EP:  21/32 | cached dispatch: 57 GB/s (SO), 115 GB/s (SU), 3860.000 us, 443499264 bytes | copy: 3832 GB/s, 231.500 us
   # EP:  19/32 | cached dispatch: 57 GB/s (SO), 115 GB/s (SU), 3858.000 us, 444892032 bytes | copy: 4104 GB/s, 216.813 us
   # EP:  20/32 | cached dispatch: 57 GB/s (SO), 115 GB/s (SU), 3860.000 us, 444577536 bytes | copy: 4007 GB/s, 221.890 us
   # EP:  16/32 | cached dispatch: 57 GB/s (SO), 115 GB/s (SU), 3856.000 us, 445101696 bytes | copy: 4514 GB/s, 197.221 us
USDT:2026-10-10 08:42:03 33274:33274 SyncActivityProfilerHandler.cpp:52] profiler_start
USDT:2026-10-10 08:42:03 33278:33278 SyncActivityProfilerHandler.cpp:52] profiler_start
USDT:2026-10-10 08:42:03 33275:33275 SyncActivityProfilerHandler.cpp:52] profiler_start
USDT:2026-10-10 08:42:03 33277:33277 SyncActivityProfilerHandler.cpp:52] profiler_start
USDT:2026-10-10 08:42:03 33272:33272 SyncActivityProfilerHandler.cpp:52] profiler_start
USDT:2026-10-10 08:42:03 33271:33271 SyncActivityProfilerHandler.cpp:52] profiler_start
USDT:2026-10-10 08:42:03 33273:33273 SyncActivityProfilerHandler.cpp:52] profiler_start
USDT:2026-10-10 08:42:03 33276:33276 SyncActivityProfilerHandler.cpp:52] profiler_start
USDT:2026-10-10 08:42:04 33278:33278 SyncActivityProfilerHandler.cpp:59] profiler_stop
USDT:2026-10-10 08:42:04 33275:33275 SyncActivityProfilerHandler.cpp:59] profiler_stop
USDT:2026-10-10 08:42:04 33277:33277 SyncActivityProfilerHandler.cpp:59] profiler_stop
USDT:2026-10-10 08:42:04 33273:33273 SyncActivityProfilerHandler.cpp:59] profiler_stopUSDT:2026-10-10 08:42:04 33271:33271 SyncActivityProfilerHandler.cpp:59] profiler_stop

USDT:2026-10-10 08:42:04 33274:33274 SyncActivityProfilerHandler.cpp:59] profiler_stopUSDT:2026-10-10 08:42:04 33276:33276 SyncActivityProfilerHandler.cpp:59] profiler_stopUSDT:2026-10-10 08:42:04 33272:33272 SyncActivityProfilerHandler.cpp:59] profiler_stop


   @ EP:  23/32 | combine: 60 GB/s (SO), 121 GB/s (SU), 7087.000 us, 855125888 bytes | reduce: 5036 GB/s, 107.614 us
   @ EP:  20/32 | combine: 58 GB/s (SO), 118 GB/s (SU), 7250.000 us, 853056896 bytes | reduce: 5047 GB/s, 107.203 us
   @ EP:  17/32 | combine: 57 GB/s (SO), 114 GB/s (SU), 7488.000 us, 853401728 bytes | reduce: 5094 GB/s, 106.152 us   @ EP:  22/32 | combine: 56 GB/s (SO), 114 GB/s (SU), 7541.000 us, 858617312 bytes | reduce: 5056 GB/s, 107.180 us

   @ EP:  21/32 | combine: 56 GB/s (SO), 113 GB/s (SU), 7529.000 us, 850987904 bytes | reduce: 5037 GB/s, 107.705 us
   @ EP:  18/32 | combine: 56 GB/s (SO), 113 GB/s (SU), 7524.000 us, 847295328 bytes | reduce: 5039 GB/s, 107.432 us
   @ EP:  16/32 | combine: 56 GB/s (SO), 113 GB/s (SU), 7540.000 us, 854062656 bytes | reduce: 5070 GB/s, 106.867 us
   @ EP:  19/32 | combine: 60 GB/s (SO), 120 GB/s (SU), 7089.000 us, 853660352 bytes | reduce: 5059 GB/s, 107.024 us
USDT:2026-10-10 08:42:04 33274:33274 SyncActivityProfilerHandler.cpp:52] profiler_start
USDT:2026-10-10 08:42:04 33277:33277 SyncActivityProfilerHandler.cpp:52] profiler_startUSDT:2026-10-10 08:42:04 33272:33272 SyncActivityProfilerHandler.cpp:52] profiler_startUSDT:2026-10-10 08:42:04 33275:33275 SyncActivityProfilerHandler.cpp:52] profiler_start
USDT:2026-10-10 08:42:04 33271:33271 SyncActivityProfilerHandler.cpp:52] profiler_start

USDT:2026-10-10 08:42:04 33278:33278 SyncActivityProfilerHandler.cpp:52] profiler_start

USDT:2026-10-10 08:42:04 33273:33273 SyncActivityProfilerHandler.cpp:52] profiler_start
USDT:2026-10-10 08:42:04 33276:33276 SyncActivityProfilerHandler.cpp:52] profiler_start
USDT:2026-10-10 08:42:05 33273:33273 SyncActivityProfilerHandler.cpp:59] profiler_stop
USDT:2026-10-10 08:42:05 33275:33275 SyncActivityProfilerHandler.cpp:59] profiler_stop
USDT:2026-10-10 08:42:05 33276:33276 SyncActivityProfilerHandler.cpp:59] profiler_stopUSDT:2026-10-10 08:42:05 33277:33277 SyncActivityProfilerHandler.cpp:59] profiler_stop

USDT:2026-10-10 08:42:05 33272:33272 SyncActivityProfilerHandler.cpp:59] profiler_stop
USDT:2026-10-10 08:42:05 33271:33271 SyncActivityProfilerHandler.cpp:59] profiler_stopUSDT:2026-10-10 08:42:05 33278:33278 SyncActivityProfilerHandler.cpp:59] profiler_stop

USDT:2026-10-10 08:42:05 33274:33274 SyncActivityProfilerHandler.cpp:59] profiler_stop
   + EP:  20/32 | reduced combine: 60 GB/s (SO), 120 GB/s (SU), 7120.000 us, 853056896 bytes | reduce: 5052 GB/s, 107.102 us
   + EP:  17/32 | reduced combine: 60 GB/s (SO), 120 GB/s (SU), 7104.000 us, 853401728 bytes | reduce: 5093 GB/s, 106.176 us
   + EP:  18/32 | reduced combine: 60 GB/s (SO), 119 GB/s (SU), 7116.000 us, 847295328 bytes | reduce: 5024 GB/s, 107.755 us
   + EP:  22/32 | reduced combine: 60 GB/s (SO), 121 GB/s (SU), 7124.000 us, 858617312 bytes | reduce: 5031 GB/s, 107.707 us   + EP:  21/32 | reduced combine: 60 GB/s (SO), 120 GB/s (SU), 7113.000 us, 850987904 bytes | reduce: 5041 GB/s, 107.630 us   + EP:  23/32 | reduced combine: 60 GB/s (SO), 120 GB/s (SU), 7134.000 us, 855125888 bytes | reduce: 5039 GB/s, 107.559 us


   + EP:  19/32 | reduced combine: 59 GB/s (SO), 120 GB/s (SU), 7128.000 us, 853660352 bytes | reduce: 5067 GB/s, 106.857 us
   + EP:  16/32 | reduced combine: 59 GB/s (SO), 119 GB/s (SU), 7151.000 us, 854062656 bytes | reduce: 5056 GB/s, 107.157 us


