NCCL version 2.32.3+cuda13.4
DeepEP hybrid kernel selection: unordered
DeepEP hybrid kernel selection: unordered
DeepEP hybrid kernel selection: unordered
DeepEP hybrid kernel selection: unordered
DeepEP hybrid kernel selection: unordered
DeepEP hybrid kernel selection: unordered
DeepEP hybrid kernel selection: unordered
DeepEP hybrid kernel selection: unordered
Config:
 > Ranks: 4 x 8
 > Experts: 8/256
 > Tokens: 8192 (max: 8192), hidden: 7168
 > #SM: 24, #QPs: 11/11

Running all test cases:
 > Testing with expert_alignment=128, use_fp8_dispatch=1, num_bias=0, with_previous_event=0, async_with_compute_stream=0, allocate_on_comm_stream=0 ...
USDT:2026-10-10 08:39:04 38834:38834 SyncActivityProfilerHandler.cpp:52] profiler_startUSDT:2026-10-10 08:39:04 38840:38840 SyncActivityProfilerHandler.cpp:52] profiler_startUSDT:2026-10-10 08:39:04 38839:38839 SyncActivityProfilerHandler.cpp:52] profiler_startUSDT:2026-10-10 08:39:04 38838:38838 SyncActivityProfilerHandler.cpp:52] profiler_startUSDT:2026-10-10 08:39:04 38833:38833 SyncActivityProfilerHandler.cpp:52] profiler_startUSDT:2026-10-10 08:39:04 38836:38836 SyncActivityProfilerHandler.cpp:52] profiler_start




USDT:2026-10-10 08:39:04 38837:38837 SyncActivityProfilerHandler.cpp:52] profiler_start

USDT:2026-10-10 08:39:04 38835:38835 SyncActivityProfilerHandler.cpp:52] profiler_start
USDT:2026-10-10 08:39:04 38833:38833 SyncActivityProfilerHandler.cpp:59] profiler_stopUSDT:2026-10-10 08:39:04 38836:38836 SyncActivityProfilerHandler.cpp:59] profiler_stopUSDT:2026-10-10 08:39:04 38834:38834 SyncActivityProfilerHandler.cpp:59] profiler_stopUSDT:2026-10-10 08:39:04 38837:38837 SyncActivityProfilerHandler.cpp:59] profiler_stopUSDT:2026-10-10 08:39:04 38839:38839 SyncActivityProfilerHandler.cpp:59] profiler_stopUSDT:2026-10-10 08:39:04 38838:38838 SyncActivityProfilerHandler.cpp:59] profiler_stop


USDT:2026-10-10 08:39:04 38835:38835 SyncActivityProfilerHandler.cpp:59] profiler_stop



USDT:2026-10-10 08:39:04 38840:38840 SyncActivityProfilerHandler.cpp:59] profiler_stop
   * EP:   0/32 | dispatch: 57 GB/s (SO), 114 GB/s (SU), 3902.000 us, 444974400 bytes | copy: 4058 GB/s, 219.297 us
   * EP:   3/32 | dispatch: 57 GB/s (SO), 115 GB/s (SU), 3906.000 us, 449721792 bytes | copy: 3573 GB/s, 251.721 us
   * EP:   1/32 | dispatch: 57 GB/s (SO), 114 GB/s (SU), 3906.000 us, 443634048 bytes | copy: 3780 GB/s, 234.712 us
   * EP:   6/32 | dispatch: 57 GB/s (SO), 114 GB/s (SU), 3905.000 us, 444877056 bytes | copy: 3945 GB/s, 225.533 us
   * EP:   5/32 | dispatch: 57 GB/s (SO), 113 GB/s (SU), 3905.000 us, 442907712 bytes | copy: 4136 GB/s, 214.151 us
   * EP:   2/32 | dispatch: 57 GB/s (SO), 114 GB/s (SU), 3905.000 us, 443514240 bytes | copy: 3590 GB/s, 247.092 us
   * EP:   7/32 | dispatch: 57 GB/s (SO), 114 GB/s (SU), 3904.000 us, 443551680 bytes | copy: 3544 GB/s, 250.341 us
   * EP:   4/32 | dispatch: 57 GB/s (SO), 114 GB/s (SU), 3904.000 us, 443289600 bytes | copy: 3572 GB/s, 248.198 us
USDT:2026-10-10 08:39:05 38838:38838 SyncActivityProfilerHandler.cpp:52] profiler_startUSDT:2026-10-10 08:39:05 38833:38833 SyncActivityProfilerHandler.cpp:52] profiler_startUSDT:2026-10-10 08:39:05 38834:38834 SyncActivityProfilerHandler.cpp:52] profiler_startUSDT:2026-10-10 08:39:05 38836:38836 SyncActivityProfilerHandler.cpp:52] profiler_startUSDT:2026-10-10 08:39:05 38837:38837 SyncActivityProfilerHandler.cpp:52] profiler_startUSDT:2026-10-10 08:39:05 38835:38835 SyncActivityProfilerHandler.cpp:52] profiler_startUSDT:2026-10-10 08:39:05 38839:38839 SyncActivityProfilerHandler.cpp:52] profiler_start




USDT:2026-10-10 08:39:05 38840:38840 SyncActivityProfilerHandler.cpp:52] profiler_start


USDT:2026-10-10 08:39:05 38838:38838 SyncActivityProfilerHandler.cpp:59] profiler_stopUSDT:2026-10-10 08:39:05 38837:38837 SyncActivityProfilerHandler.cpp:59] profiler_stopUSDT:2026-10-10 08:39:05 38833:38833 SyncActivityProfilerHandler.cpp:59] profiler_stopUSDT:2026-10-10 08:39:05 38834:38834 SyncActivityProfilerHandler.cpp:59] profiler_stop
USDT:2026-10-10 08:39:05 38836:38836 SyncActivityProfilerHandler.cpp:59] profiler_stopUSDT:2026-10-10 08:39:05 38835:38835 SyncActivityProfilerHandler.cpp:59] profiler_stop
USDT:2026-10-10 08:39:05 38840:38840 SyncActivityProfilerHandler.cpp:59] profiler_stop




USDT:2026-10-10 08:39:05 38839:38839 SyncActivityProfilerHandler.cpp:59] profiler_stop
   - EP:   0/32 | expanded dispatch: 57 GB/s (SO), 114 GB/s (SU), 3893.000 us, 444974400 bytes | copy: 3545 GB/s, 265.023 us
   - EP:   4/32 | expanded dispatch: 57 GB/s (SO), 114 GB/s (SU), 3895.000 us, 443289600 bytes | copy: 3592 GB/s, 260.664 us
   - EP:   1/32 | expanded dispatch: 57 GB/s (SO), 114 GB/s (SU), 3896.000 us, 443634048 bytes | copy: 3891 GB/s, 241.077 us
   - EP:   3/32 | expanded dispatch: 57 GB/s (SO), 115 GB/s (SU), 3897.000 us, 449721792 bytes | copy: 3380 GB/s, 280.876 us
   - EP:   2/32 | expanded dispatch: 57 GB/s (SO), 114 GB/s (SU), 3896.000 us, 443514240 bytes | copy: 3412 GB/s, 274.622 us
   - EP:   5/32 | expanded dispatch: 57 GB/s (SO), 114 GB/s (SU), 3896.000 us, 442907712 bytes | copy: 3758 GB/s, 248.641 us
   - EP:   7/32 | expanded dispatch: 57 GB/s (SO), 114 GB/s (SU), 3895.000 us, 443551680 bytes | copy: 3584 GB/s, 261.799 us
   - EP:   6/32 | expanded dispatch: 57 GB/s (SO), 114 GB/s (SU), 3896.000 us, 444877056 bytes | copy: 3928 GB/s, 239.176 us
USDT:2026-10-10 08:39:06 38835:38835 SyncActivityProfilerHandler.cpp:52] profiler_startUSDT:2026-10-10 08:39:06 38834:38834 SyncActivityProfilerHandler.cpp:52] profiler_startUSDT:2026-10-10 08:39:06 38837:38837 SyncActivityProfilerHandler.cpp:52] profiler_startUSDT:2026-10-10 08:39:06 38836:38836 SyncActivityProfilerHandler.cpp:52] profiler_startUSDT:2026-10-10 08:39:06 38840:38840 SyncActivityProfilerHandler.cpp:52] profiler_startUSDT:2026-10-10 08:39:06 38838:38838 SyncActivityProfilerHandler.cpp:52] profiler_startUSDT:2026-10-10 08:39:06 38833:38833 SyncActivityProfilerHandler.cpp:52] profiler_start



USDT:2026-10-10 08:39:06 38839:38839 SyncActivityProfilerHandler.cpp:52] profiler_start



USDT:2026-10-10 08:39:06 38840:38840 SyncActivityProfilerHandler.cpp:59] profiler_stopUSDT:2026-10-10 08:39:06 38834:38834 SyncActivityProfilerHandler.cpp:59] profiler_stopUSDT:2026-10-10 08:39:06 38838:38838 SyncActivityProfilerHandler.cpp:59] profiler_stopUSDT:2026-10-10 08:39:06 38839:38839 SyncActivityProfilerHandler.cpp:59] profiler_stop
USDT:2026-10-10 08:39:06 38836:38836 SyncActivityProfilerHandler.cpp:59] profiler_stopUSDT:2026-10-10 08:39:06 38835:38835 SyncActivityProfilerHandler.cpp:59] profiler_stopUSDT:2026-10-10 08:39:06 38837:38837 SyncActivityProfilerHandler.cpp:59] profiler_stop





USDT:2026-10-10 08:39:06 38833:38833 SyncActivityProfilerHandler.cpp:59] profiler_stop
   # EP:   7/32 | cached dispatch: 57 GB/s (SO), 115 GB/s (SU), 3863.000 us, 443551680 bytes | copy: 3874 GB/s, 228.968 us
   # EP:   1/32 | cached dispatch: 57 GB/s (SO), 115 GB/s (SU), 3863.000 us, 443634048 bytes | copy: 4733 GB/s, 187.446 us
   # EP:   4/32 | cached dispatch: 57 GB/s (SO), 115 GB/s (SU), 3863.000 us, 443289600 bytes | copy: 3942 GB/s, 224.887 us
   # EP:   6/32 | cached dispatch: 57 GB/s (SO), 115 GB/s (SU), 3864.000 us, 444877056 bytes | copy: 4299 GB/s, 206.965 us
   # EP:   3/32 | cached dispatch: 57 GB/s (SO), 116 GB/s (SU), 3864.000 us, 449721792 bytes | copy: 4343 GB/s, 207.122 us
   # EP:   2/32 | cached dispatch: 57 GB/s (SO), 115 GB/s (SU), 3863.000 us, 443514240 bytes | copy: 4104 GB/s, 216.136 us
   # EP:   5/32 | cached dispatch: 57 GB/s (SO), 115 GB/s (SU), 3864.000 us, 442907712 bytes | copy: 3903 GB/s, 226.956 us
   # EP:   0/32 | cached dispatch: 58 GB/s (SO), 115 GB/s (SU), 3860.000 us, 444974400 bytes | copy: 3840 GB/s, 231.737 us
USDT:2026-10-10 08:39:07 38834:38834 SyncActivityProfilerHandler.cpp:52] profiler_startUSDT:2026-10-10 08:39:07 38837:38837 SyncActivityProfilerHandler.cpp:52] profiler_startUSDT:2026-10-10 08:39:07 38836:38836 SyncActivityProfilerHandler.cpp:52] profiler_start


USDT:2026-10-10 08:39:07 38833:38833 SyncActivityProfilerHandler.cpp:52] profiler_start
USDT:2026-10-10 08:39:07 38838:38838 SyncActivityProfilerHandler.cpp:52] profiler_start
USDT:2026-10-10 08:39:07 38840:38840 SyncActivityProfilerHandler.cpp:52] profiler_startUSDT:2026-10-10 08:39:07 38839:38839 SyncActivityProfilerHandler.cpp:52] profiler_start

USDT:2026-10-10 08:39:07 38835:38835 SyncActivityProfilerHandler.cpp:52] profiler_start
USDT:2026-10-10 08:39:08 38837:38837 SyncActivityProfilerHandler.cpp:59] profiler_stop
USDT:2026-10-10 08:39:08 38839:38839 SyncActivityProfilerHandler.cpp:59] profiler_stop
USDT:2026-10-10 08:39:08 38840:38840 SyncActivityProfilerHandler.cpp:59] profiler_stop
USDT:2026-10-10 08:39:08 38838:38838 SyncActivityProfilerHandler.cpp:59] profiler_stop
USDT:2026-10-10 08:39:08 38833:38833 SyncActivityProfilerHandler.cpp:59] profiler_stopUSDT:2026-10-10 08:39:08 38836:38836 SyncActivityProfilerHandler.cpp:59] profiler_stop

USDT:2026-10-10 08:39:08 38834:38834 SyncActivityProfilerHandler.cpp:59] profiler_stop
USDT:2026-10-10 08:39:08 38835:38835 SyncActivityProfilerHandler.cpp:59] profiler_stop
   @ EP:   4/32 | combine: 59 GB/s (SO), 119 GB/s (SU), 7160.000 us, 850585600 bytes | reduce: 4992 GB/s, 108.539 us
   @ EP:   7/32 | combine: 59 GB/s (SO), 119 GB/s (SU), 7171.000 us, 851088480 bytes | reduce: 5041 GB/s, 107.675 us
   @ EP:   3/32 | combine: 60 GB/s (SO), 121 GB/s (SU), 7150.000 us, 862927712 bytes | reduce: 5014 GB/s, 108.333 us   @ EP:   0/32 | combine: 59 GB/s (SO), 119 GB/s (SU), 7188.000 us, 853818400 bytes | reduce: 5028 GB/s, 108.347 us   @ EP:   1/32 | combine: 60 GB/s (SO), 120 GB/s (SU), 7080.000 us, 851246528 bytes | reduce: 5049 GB/s, 107.446 us


   @ EP:   6/32 | combine: 60 GB/s (SO), 120 GB/s (SU), 7126.000 us, 853631616 bytes | reduce: 5003 GB/s, 108.362 us
   @ EP:   2/32 | combine: 59 GB/s (SO), 118 GB/s (SU), 7197.000 us, 851016640 bytes | reduce: 4981 GB/s, 108.932 us
   @ EP:   5/32 | combine: 60 GB/s (SO), 119 GB/s (SU), 7140.000 us, 849852832 bytes | reduce: 5034 GB/s, 107.879 us
USDT:2026-10-10 08:39:08 38837:38837 SyncActivityProfilerHandler.cpp:52] profiler_startUSDT:2026-10-10 08:39:08 38834:38834 SyncActivityProfilerHandler.cpp:52] profiler_start

USDT:2026-10-10 08:39:08 38835:38835 SyncActivityProfilerHandler.cpp:52] profiler_start
USDT:2026-10-10 08:39:08 38838:38838 SyncActivityProfilerHandler.cpp:52] profiler_start
USDT:2026-10-10 08:39:08 38833:38833 SyncActivityProfilerHandler.cpp:52] profiler_start
USDT:2026-10-10 08:39:08 38840:38840 SyncActivityProfilerHandler.cpp:52] profiler_start
USDT:2026-10-10 08:39:08 38839:38839 SyncActivityProfilerHandler.cpp:52] profiler_start
USDT:2026-10-10 08:39:08 38836:38836 SyncActivityProfilerHandler.cpp:52] profiler_start
USDT:2026-10-10 08:39:09 38834:38834 SyncActivityProfilerHandler.cpp:59] profiler_stop
USDT:2026-10-10 08:39:09 38838:38838 SyncActivityProfilerHandler.cpp:59] profiler_stopUSDT:2026-10-10 08:39:09 38835:38835 SyncActivityProfilerHandler.cpp:59] profiler_stop
USDT:2026-10-10 08:39:09 38839:38839 SyncActivityProfilerHandler.cpp:59] profiler_stop

USDT:2026-10-10 08:39:09 38837:38837 SyncActivityProfilerHandler.cpp:59] profiler_stop
USDT:2026-10-10 08:39:09 38840:38840 SyncActivityProfilerHandler.cpp:59] profiler_stop
USDT:2026-10-10 08:39:09 38836:38836 SyncActivityProfilerHandler.cpp:59] profiler_stop
USDT:2026-10-10 08:39:09 38833:38833 SyncActivityProfilerHandler.cpp:59] profiler_stop
   + EP:   1/32 | reduced combine: 60 GB/s (SO), 120 GB/s (SU), 7117.000 us, 851246528 bytes | reduce: 5056 GB/s, 107.299 us
   + EP:   5/32 | reduced combine: 60 GB/s (SO), 119 GB/s (SU), 7132.000 us, 849852832 bytes | reduce: 5029 GB/s, 107.975 us
   + EP:   2/32 | reduced combine: 60 GB/s (SO), 119 GB/s (SU), 7139.000 us, 851016640 bytes | reduce: 5004 GB/s, 108.435 us
   + EP:   6/32 | reduced combine: 60 GB/s (SO), 120 GB/s (SU), 7129.000 us, 853631616 bytes | reduce: 5035 GB/s, 107.672 us
   + EP:   4/32 | reduced combine: 60 GB/s (SO), 119 GB/s (SU), 7123.000 us, 850585600 bytes | reduce: 5013 GB/s, 108.086 us
   + EP:   7/32 | reduced combine: 59 GB/s (SO), 119 GB/s (SU), 7153.000 us, 851088480 bytes | reduce: 5052 GB/s, 107.427 us
   + EP:   0/32 | reduced combine: 60 GB/s (SO), 119 GB/s (SU), 7156.000 us, 853818400 bytes | reduce: 5024 GB/s, 108.416 us
   + EP:   3/32 | reduced combine: 60 GB/s (SO), 121 GB/s (SU), 7136.000 us, 862927712 bytes | reduce: 5014 GB/s, 108.348 us


