DeepEP hybrid kernel selection: unordered
DeepEP hybrid kernel selection: unordered
DeepEP hybrid kernel selection: unordered
DeepEP hybrid kernel selection: unordered
DeepEP hybrid kernel selection: unordered
DeepEP hybrid kernel selection: unordered
DeepEP hybrid kernel selection: unordered
DeepEP hybrid kernel selection: unordered
DeepEP hybrid kernel selection: unordered
DeepEP hybrid kernel selection: unordered
DeepEP hybrid kernel selection: unordered
DeepEP hybrid kernel selection: unordered
DeepEP hybrid kernel selection: unordered
DeepEP hybrid kernel selection: unordered
DeepEP hybrid kernel selection: unordered
DeepEP hybrid kernel selection: unordered
Config:
 > Ranks: 4 x 8
 > Experts: 8/256
 > Tokens: 8168 (max: 8192), hidden: 7168
 > #SM: 24, #QPs: 11/11

Running all test cases:
 > Testing with do_handle_copy=1, expert_alignment=128, use_fp8_dispatch=1, num_bias=0, with_previous_event=0, async_with_compute_stream=0, allocate_on_comm_stream=0 ...
USDT:2026-10-10 08:41:09 19749:19749 SyncActivityProfilerHandler.cpp:52] profiler_startUSDT:2026-10-10 08:41:09 19748:19748 SyncActivityProfilerHandler.cpp:52] profiler_startUSDT:2026-10-10 08:41:09 19751:19751 SyncActivityProfilerHandler.cpp:52] profiler_startUSDT:2026-10-10 08:41:09 19747:19747 SyncActivityProfilerHandler.cpp:52] profiler_startUSDT:2026-10-10 08:41:09 19746:19746 SyncActivityProfilerHandler.cpp:52] profiler_startUSDT:2026-10-10 08:41:09 19750:19750 SyncActivityProfilerHandler.cpp:52] profiler_start
USDT:2026-10-10 08:41:09 19745:19745 SyncActivityProfilerHandler.cpp:52] profiler_start





USDT:2026-10-10 08:41:09 19752:19752 SyncActivityProfilerHandler.cpp:52] profiler_start
USDT:2026-10-10 08:41:10 19745:19745 SyncActivityProfilerHandler.cpp:59] profiler_stop
USDT:2026-10-10 08:41:10 19749:19749 SyncActivityProfilerHandler.cpp:59] profiler_stopUSDT:2026-10-10 08:41:10 19750:19750 SyncActivityProfilerHandler.cpp:59] profiler_stopUSDT:2026-10-10 08:41:10 19748:19748 SyncActivityProfilerHandler.cpp:59] profiler_stopUSDT:2026-10-10 08:41:10 19746:19746 SyncActivityProfilerHandler.cpp:59] profiler_stopUSDT:2026-10-10 08:41:10 19747:19747 SyncActivityProfilerHandler.cpp:59] profiler_stopUSDT:2026-10-10 08:41:10 19751:19751 SyncActivityProfilerHandler.cpp:59] profiler_stopUSDT:2026-10-10 08:41:10 19752:19752 SyncActivityProfilerHandler.cpp:59] profiler_stop






   * EP:  26/32 | dispatch: 57 GB/s (SO), 114 GB/s (SU), 3888.000 us, 443506752 bytes | copy: 4131 GB/s, 214.698 us   * EP:  27/32 | dispatch: 57 GB/s (SO), 115 GB/s (SU), 3890.000 us, 448149312 bytes | copy: 4061 GB/s, 220.693 us

   * EP:  25/32 | dispatch: 57 GB/s (SO), 115 GB/s (SU), 3889.000 us, 446022720 bytes | copy: 3736 GB/s, 238.799 us
   * EP:  30/32 | dispatch: 57 GB/s (SO), 114 GB/s (SU), 3889.000 us, 442211328 bytes | copy: 3679 GB/s, 240.399 us
   * EP:  28/32 | dispatch: 57 GB/s (SO), 114 GB/s (SU), 3889.000 us, 445251456 bytes | copy: 4196 GB/s, 212.250 us   * EP:  24/32 | dispatch: 57 GB/s (SO), 115 GB/s (SU), 3888.000 us, 446629248 bytes | copy: 4323 GB/s, 206.636 us

   * EP:  29/32 | dispatch: 57 GB/s (SO), 114 GB/s (SU), 3889.000 us, 445041792 bytes | copy: 4238 GB/s, 210.034 us
   * EP:  31/32 | dispatch: 57 GB/s (SO), 114 GB/s (SU), 3890.000 us, 444367872 bytes | copy: 3581 GB/s, 248.147 us
USDT:2026-10-10 08:41:10 19750:19750 SyncActivityProfilerHandler.cpp:52] profiler_startUSDT:2026-10-10 08:41:10 19747:19747 SyncActivityProfilerHandler.cpp:52] profiler_startUSDT:2026-10-10 08:41:10 19749:19749 SyncActivityProfilerHandler.cpp:52] profiler_startUSDT:2026-10-10 08:41:10 19751:19751 SyncActivityProfilerHandler.cpp:52] profiler_startUSDT:2026-10-10 08:41:10 19745:19745 SyncActivityProfilerHandler.cpp:52] profiler_startUSDT:2026-10-10 08:41:10 19752:19752 SyncActivityProfilerHandler.cpp:52] profiler_startUSDT:2026-10-10 08:41:10 19748:19748 SyncActivityProfilerHandler.cpp:52] profiler_start
USDT:2026-10-10 08:41:10 19746:19746 SyncActivityProfilerHandler.cpp:52] profiler_start






USDT:2026-10-10 08:41:10 19745:19745 SyncActivityProfilerHandler.cpp:59] profiler_stopUSDT:2026-10-10 08:41:10 19751:19751 SyncActivityProfilerHandler.cpp:59] profiler_stop
USDT:2026-10-10 08:41:10 19749:19749 SyncActivityProfilerHandler.cpp:59] profiler_stopUSDT:2026-10-10 08:41:10 19752:19752 SyncActivityProfilerHandler.cpp:59] profiler_stopUSDT:2026-10-10 08:41:10 19750:19750 SyncActivityProfilerHandler.cpp:59] profiler_stop
USDT:2026-10-10 08:41:10 19747:19747 SyncActivityProfilerHandler.cpp:59] profiler_stop
USDT:2026-10-10 08:41:10 19748:19748 SyncActivityProfilerHandler.cpp:59] profiler_stopUSDT:2026-10-10 08:41:10 19746:19746 SyncActivityProfilerHandler.cpp:59] profiler_stop




   - EP:  24/32 | expanded dispatch: 56 GB/s (SO), 114 GB/s (SU), 3903.000 us, 446629248 bytes | copy: 4009 GB/s, 235.483 us
   - EP:  28/32 | expanded dispatch: 57 GB/s (SO), 114 GB/s (SU), 3903.000 us, 445251456 bytes | copy: 3663 GB/s, 257.104 us
   - EP:  31/32 | expanded dispatch: 57 GB/s (SO), 114 GB/s (SU), 3904.000 us, 444367872 bytes | copy: 3587 GB/s, 261.927 us
   - EP:  30/32 | expanded dispatch: 57 GB/s (SO), 113 GB/s (SU), 3903.000 us, 442211328 bytes | copy: 3533 GB/s, 264.633 us
   - EP:  26/32 | expanded dispatch: 57 GB/s (SO), 114 GB/s (SU), 3903.000 us, 443506752 bytes | copy: 3679 GB/s, 254.758 us
   - EP:  27/32 | expanded dispatch: 57 GB/s (SO), 115 GB/s (SU), 3905.000 us, 448149312 bytes | copy: 3527 GB/s, 268.762 us
   - EP:  29/32 | expanded dispatch: 57 GB/s (SO), 114 GB/s (SU), 3904.000 us, 445041792 bytes | copy: 3925 GB/s, 239.823 us
   - EP:  25/32 | expanded dispatch: 57 GB/s (SO), 114 GB/s (SU), 3904.000 us, 446022720 bytes | copy: 3456 GB/s, 272.639 us
USDT:2026-10-10 08:41:11 19745:19745 SyncActivityProfilerHandler.cpp:52] profiler_startUSDT:2026-10-10 08:41:11 19752:19752 SyncActivityProfilerHandler.cpp:52] profiler_start
USDT:2026-10-10 08:41:11 19748:19748 SyncActivityProfilerHandler.cpp:52] profiler_startUSDT:2026-10-10 08:41:11 19751:19751 SyncActivityProfilerHandler.cpp:52] profiler_start
USDT:2026-10-10 08:41:11 19749:19749 SyncActivityProfilerHandler.cpp:52] profiler_start
USDT:2026-10-10 08:41:11 19750:19750 SyncActivityProfilerHandler.cpp:52] profiler_start

USDT:2026-10-10 08:41:11 19746:19746 SyncActivityProfilerHandler.cpp:52] profiler_start
USDT:2026-10-10 08:41:11 19747:19747 SyncActivityProfilerHandler.cpp:52] profiler_start

USDT:2026-10-10 08:41:11 19745:19745 SyncActivityProfilerHandler.cpp:59] profiler_stopUSDT:2026-10-10 08:41:11 19748:19748 SyncActivityProfilerHandler.cpp:59] profiler_stop
USDT:2026-10-10 08:41:11 19746:19746 SyncActivityProfilerHandler.cpp:59] profiler_stopUSDT:2026-10-10 08:41:11 19751:19751 SyncActivityProfilerHandler.cpp:59] profiler_stopUSDT:2026-10-10 08:41:11 19752:19752 SyncActivityProfilerHandler.cpp:59] profiler_stop
USDT:2026-10-10 08:41:11 19750:19750 SyncActivityProfilerHandler.cpp:59] profiler_stopUSDT:2026-10-10 08:41:11 19747:19747 SyncActivityProfilerHandler.cpp:59] profiler_stop

USDT:2026-10-10 08:41:11 19749:19749 SyncActivityProfilerHandler.cpp:59] profiler_stop



   # EP:  27/32 | cached dispatch: 57 GB/s (SO), 115 GB/s (SU), 3882.000 us, 448149312 bytes | copy: 3775 GB/s, 237.445 us
   # EP:  24/32 | cached dispatch: 57 GB/s (SO), 115 GB/s (SU), 3881.000 us, 446629248 bytes | copy: 3827 GB/s, 233.440 us
   # EP:  30/32 | cached dispatch: 57 GB/s (SO), 114 GB/s (SU), 3881.000 us, 442211328 bytes | copy: 4067 GB/s, 217.466 us
   # EP:  31/32 | cached dispatch: 57 GB/s (SO), 114 GB/s (SU), 3882.000 us, 444367872 bytes | copy: 3688 GB/s, 240.969 us   # EP:  28/32 | cached dispatch: 57 GB/s (SO), 115 GB/s (SU), 3882.000 us, 445251456 bytes | copy: 4030 GB/s, 220.968 us

   # EP:  26/32 | cached dispatch: 57 GB/s (SO), 114 GB/s (SU), 3881.000 us, 443506752 bytes | copy: 4170 GB/s, 212.714 us
   # EP:  25/32 | cached dispatch: 57 GB/s (SO), 115 GB/s (SU), 3882.000 us, 446022720 bytes | copy: 3954 GB/s, 225.630 us   # EP:  29/32 | cached dispatch: 57 GB/s (SO), 115 GB/s (SU), 3882.000 us, 445041792 bytes | copy: 4128 GB/s, 215.615 us

USDT:2026-10-10 08:41:12 19747:19747 SyncActivityProfilerHandler.cpp:52] profiler_start
USDT:2026-10-10 08:41:12 19752:19752 SyncActivityProfilerHandler.cpp:52] profiler_startUSDT:2026-10-10 08:41:12 19750:19750 SyncActivityProfilerHandler.cpp:52] profiler_startUSDT:2026-10-10 08:41:12 19751:19751 SyncActivityProfilerHandler.cpp:52] profiler_start

USDT:2026-10-10 08:41:12 19746:19746 SyncActivityProfilerHandler.cpp:52] profiler_start
USDT:2026-10-10 08:41:12 19749:19749 SyncActivityProfilerHandler.cpp:52] profiler_start

USDT:2026-10-10 08:41:12 19745:19745 SyncActivityProfilerHandler.cpp:52] profiler_start
USDT:2026-10-10 08:41:12 19748:19748 SyncActivityProfilerHandler.cpp:52] profiler_start
USDT:2026-10-10 08:41:13 19746:19746 SyncActivityProfilerHandler.cpp:59] profiler_stopUSDT:2026-10-10 08:41:13 19748:19748 SyncActivityProfilerHandler.cpp:59] profiler_stop

USDT:2026-10-10 08:41:13 19749:19749 SyncActivityProfilerHandler.cpp:59] profiler_stop
USDT:2026-10-10 08:41:13 19745:19745 SyncActivityProfilerHandler.cpp:59] profiler_stop
USDT:2026-10-10 08:41:13 19752:19752 SyncActivityProfilerHandler.cpp:59] profiler_stop
USDT:2026-10-10 08:41:13 19750:19750 SyncActivityProfilerHandler.cpp:59] profiler_stop
USDT:2026-10-10 08:41:13 19747:19747 SyncActivityProfilerHandler.cpp:59] profiler_stop
USDT:2026-10-10 08:41:13 19751:19751 SyncActivityProfilerHandler.cpp:59] profiler_stop
   @ EP:  27/32 | combine: 59 GB/s (SO), 120 GB/s (SU), 7148.000 us, 859910432 bytes | reduce: 5032 GB/s, 107.467 us
   @ EP:  26/32 | combine: 59 GB/s (SO), 119 GB/s (SU), 7176.000 us, 851002272 bytes | reduce: 5042 GB/s, 107.369 us
   @ EP:  25/32 | combine: 59 GB/s (SO), 119 GB/s (SU), 7178.000 us, 855829920 bytes | reduce: 5030 GB/s, 107.868 us
   @ EP:  30/32 | combine: 59 GB/s (SO), 118 GB/s (SU), 7178.000 us, 848516608 bytes | reduce: 5050 GB/s, 107.224 us
   @ EP:  24/32 | combine: 59 GB/s (SO), 120 GB/s (SU), 7123.000 us, 856993728 bytes | reduce: 5035 GB/s, 107.323 us
   @ EP:  28/32 | combine: 59 GB/s (SO), 120 GB/s (SU), 7143.000 us, 854350016 bytes | reduce: 5022 GB/s, 107.785 us
   @ EP:  29/32 | combine: 59 GB/s (SO), 119 GB/s (SU), 7177.000 us, 853947712 bytes | reduce: 5044 GB/s, 107.365 us
   @ EP:  31/32 | combine: 60 GB/s (SO), 120 GB/s (SU), 7086.000 us, 852654592 bytes | reduce: 5074 GB/s, 106.760 us
USDT:2026-10-10 08:41:13 19751:19751 SyncActivityProfilerHandler.cpp:52] profiler_start
USDT:2026-10-10 08:41:13 19748:19748 SyncActivityProfilerHandler.cpp:52] profiler_startUSDT:2026-10-10 08:41:13 19752:19752 SyncActivityProfilerHandler.cpp:52] profiler_start

USDT:2026-10-10 08:41:13 19747:19747 SyncActivityProfilerHandler.cpp:52] profiler_startUSDT:2026-10-10 08:41:13 19750:19750 SyncActivityProfilerHandler.cpp:52] profiler_start
USDT:2026-10-10 08:41:13 19749:19749 SyncActivityProfilerHandler.cpp:52] profiler_start
USDT:2026-10-10 08:41:13 19745:19745 SyncActivityProfilerHandler.cpp:52] profiler_start

USDT:2026-10-10 08:41:13 19746:19746 SyncActivityProfilerHandler.cpp:52] profiler_start
USDT:2026-10-10 08:41:14 19745:19745 SyncActivityProfilerHandler.cpp:59] profiler_stop
USDT:2026-10-10 08:41:14 19749:19749 SyncActivityProfilerHandler.cpp:59] profiler_stop
USDT:2026-10-10 08:41:14 19750:19750 SyncActivityProfilerHandler.cpp:59] profiler_stop
USDT:2026-10-10 08:41:14 19748:19748 SyncActivityProfilerHandler.cpp:59] profiler_stop
USDT:2026-10-10 08:41:14 19746:19746 SyncActivityProfilerHandler.cpp:59] profiler_stopUSDT:2026-10-10 08:41:14 19752:19752 SyncActivityProfilerHandler.cpp:59] profiler_stop

USDT:2026-10-10 08:41:14 19747:19747 SyncActivityProfilerHandler.cpp:59] profiler_stop
USDT:2026-10-10 08:41:14 19751:19751 SyncActivityProfilerHandler.cpp:59] profiler_stop
   + EP:  26/32 | reduced combine: 59 GB/s (SO), 118 GB/s (SU), 7188.000 us, 851002272 bytes | reduce: 5047 GB/s, 107.261 us
   + EP:  27/32 | reduced combine: 59 GB/s (SO), 120 GB/s (SU), 7174.000 us, 859910432 bytes | reduce: 5049 GB/s, 107.107 us
   + EP:  24/32 | reduced combine: 59 GB/s (SO), 120 GB/s (SU), 7119.000 us, 856993728 bytes | reduce: 5031 GB/s, 107.414 us
   + EP:  28/32 | reduced combine: 59 GB/s (SO), 119 GB/s (SU), 7157.000 us, 854350016 bytes | reduce: 5028 GB/s, 107.659 us
   + EP:  25/32 | reduced combine: 59 GB/s (SO), 119 GB/s (SU), 7192.000 us, 855829920 bytes | reduce: 5033 GB/s, 107.811 us
   + EP:  29/32 | reduced combine: 59 GB/s (SO), 119 GB/s (SU), 7169.000 us, 853947712 bytes | reduce: 5064 GB/s, 106.923 us
   + EP:  30/32 | reduced combine: 59 GB/s (SO), 117 GB/s (SU), 7233.000 us, 848516608 bytes | reduce: 5053 GB/s, 107.157 us
   + EP:  31/32 | reduced combine: 59 GB/s (SO), 119 GB/s (SU), 7180.000 us, 852654592 bytes | reduce: 5076 GB/s, 106.702 us


