DeepEP hybrid kernel selection: unordered
DeepEP hybrid kernel selection: unordered
DeepEP hybrid kernel selection: unordered
DeepEP hybrid kernel selection: unordered
DeepEP hybrid kernel selection: unordered
DeepEP hybrid kernel selection: unordered
DeepEP hybrid kernel selection: unordered
DeepEP hybrid kernel selection: unordered
Config:
 > Ranks: 4 x 8
 > Experts: 8/256
 > Tokens: 8168 (max: 8192), hidden: 7168
 > #SM: 24, #QPs: 11/11

Running all test cases:
 > Testing with expert_alignment=128, use_fp8_dispatch=1, num_bias=0, with_previous_event=0, async_with_compute_stream=0, allocate_on_comm_stream=0 ...
USDT:2026-10-10 08:38:06 15824:15824 SyncActivityProfilerHandler.cpp:52] profiler_startUSDT:2026-10-10 08:38:06 15822:15822 SyncActivityProfilerHandler.cpp:52] profiler_startUSDT:2026-10-10 08:38:06 15823:15823 SyncActivityProfilerHandler.cpp:52] profiler_startUSDT:2026-10-10 08:38:06 15820:15820 SyncActivityProfilerHandler.cpp:52] profiler_startUSDT:2026-10-10 08:38:06 15826:15826 SyncActivityProfilerHandler.cpp:52] profiler_startUSDT:2026-10-10 08:38:06 15825:15825 SyncActivityProfilerHandler.cpp:52] profiler_startUSDT:2026-10-10 08:38:06 15821:15821 SyncActivityProfilerHandler.cpp:52] profiler_start



USDT:2026-10-10 08:38:06 15827:15827 SyncActivityProfilerHandler.cpp:52] profiler_start



USDT:2026-10-10 08:38:07 15826:15826 SyncActivityProfilerHandler.cpp:59] profiler_stopUSDT:2026-10-10 08:38:07 15821:15821 SyncActivityProfilerHandler.cpp:59] profiler_stopUSDT:2026-10-10 08:38:07 15824:15824 SyncActivityProfilerHandler.cpp:59] profiler_stopUSDT:2026-10-10 08:38:07 15822:15822 SyncActivityProfilerHandler.cpp:59] profiler_stopUSDT:2026-10-10 08:38:07 15823:15823 SyncActivityProfilerHandler.cpp:59] profiler_stop

USDT:2026-10-10 08:38:07 15827:15827 SyncActivityProfilerHandler.cpp:59] profiler_stop

USDT:2026-10-10 08:38:07 15820:15820 SyncActivityProfilerHandler.cpp:59] profiler_stop


USDT:2026-10-10 08:38:07 15825:15825 SyncActivityProfilerHandler.cpp:59] profiler_stop
   * EP:  30/32 | dispatch: 57 GB/s (SO), 113 GB/s (SU), 3907.000 us, 442211328 bytes | copy: 3681 GB/s, 240.278 us
   * EP:  27/32 | dispatch: 56 GB/s (SO), 115 GB/s (SU), 3907.000 us, 448149312 bytes | copy: 3981 GB/s, 225.141 us   * EP:  26/32 | dispatch: 57 GB/s (SO), 114 GB/s (SU), 3907.000 us, 443506752 bytes | copy: 3920 GB/s, 226.275 us

   * EP:  28/32 | dispatch: 57 GB/s (SO), 114 GB/s (SU), 3906.000 us, 445251456 bytes | copy: 4002 GB/s, 222.511 us
   * EP:  24/32 | dispatch: 56 GB/s (SO), 114 GB/s (SU), 3907.000 us, 446629248 bytes | copy: 3789 GB/s, 235.757 us
   * EP:  25/32 | dispatch: 57 GB/s (SO), 114 GB/s (SU), 3908.000 us, 446022720 bytes | copy: 3950 GB/s, 225.824 us
   * EP:  29/32 | dispatch: 57 GB/s (SO), 114 GB/s (SU), 3908.000 us, 445041792 bytes | copy: 3725 GB/s, 238.959 us
   * EP:  31/32 | dispatch: 57 GB/s (SO), 114 GB/s (SU), 3908.000 us, 444367872 bytes | copy: 3559 GB/s, 249.736 us
USDT:2026-10-10 08:38:07 15825:15825 SyncActivityProfilerHandler.cpp:52] profiler_startUSDT:2026-10-10 08:38:07 15820:15820 SyncActivityProfilerHandler.cpp:52] profiler_startUSDT:2026-10-10 08:38:07 15821:15821 SyncActivityProfilerHandler.cpp:52] profiler_startUSDT:2026-10-10 08:38:07 15822:15822 SyncActivityProfilerHandler.cpp:52] profiler_startUSDT:2026-10-10 08:38:07 15824:15824 SyncActivityProfilerHandler.cpp:52] profiler_startUSDT:2026-10-10 08:38:07 15826:15826 SyncActivityProfilerHandler.cpp:52] profiler_startUSDT:2026-10-10 08:38:07 15823:15823 SyncActivityProfilerHandler.cpp:52] profiler_startUSDT:2026-10-10 08:38:07 15827:15827 SyncActivityProfilerHandler.cpp:52] profiler_start







USDT:2026-10-10 08:38:07 15822:15822 SyncActivityProfilerHandler.cpp:59] profiler_stopUSDT:2026-10-10 08:38:07 15821:15821 SyncActivityProfilerHandler.cpp:59] profiler_stopUSDT:2026-10-10 08:38:07 15823:15823 SyncActivityProfilerHandler.cpp:59] profiler_stopUSDT:2026-10-10 08:38:07 15826:15826 SyncActivityProfilerHandler.cpp:59] profiler_stop
USDT:2026-10-10 08:38:07 15820:15820 SyncActivityProfilerHandler.cpp:59] profiler_stopUSDT:2026-10-10 08:38:07 15824:15824 SyncActivityProfilerHandler.cpp:59] profiler_stopUSDT:2026-10-10 08:38:07 15825:15825 SyncActivityProfilerHandler.cpp:59] profiler_stop
USDT:2026-10-10 08:38:07 15827:15827 SyncActivityProfilerHandler.cpp:59] profiler_stop





   - EP:  29/32 | expanded dispatch: 57 GB/s (SO), 114 GB/s (SU), 3896.000 us, 445041792 bytes | copy: 3895 GB/s, 241.700 us
   - EP:  26/32 | expanded dispatch: 57 GB/s (SO), 114 GB/s (SU), 3895.000 us, 443506752 bytes | copy: 3815 GB/s, 245.663 us
   - EP:  30/32 | expanded dispatch: 57 GB/s (SO), 114 GB/s (SU), 3895.000 us, 442211328 bytes | copy: 3685 GB/s, 253.720 us
   - EP:  25/32 | expanded dispatch: 57 GB/s (SO), 114 GB/s (SU), 3896.000 us, 446022720 bytes | copy: 3456 GB/s, 272.645 us
   - EP:  27/32 | expanded dispatch: 57 GB/s (SO), 115 GB/s (SU), 3895.000 us, 448149312 bytes | copy: 3437 GB/s, 275.836 us   - EP:  31/32 | expanded dispatch: 57 GB/s (SO), 114 GB/s (SU), 3895.000 us, 444367872 bytes | copy: 3545 GB/s, 265.070 us

   - EP:  24/32 | expanded dispatch: 57 GB/s (SO), 115 GB/s (SU), 3894.000 us, 446629248 bytes | copy: 3932 GB/s, 240.140 us
   - EP:  28/32 | expanded dispatch: 57 GB/s (SO), 114 GB/s (SU), 3895.000 us, 445251456 bytes | copy: 3640 GB/s, 258.772 us
USDT:2026-10-10 08:38:08 15822:15822 SyncActivityProfilerHandler.cpp:52] profiler_startUSDT:2026-10-10 08:38:08 15825:15825 SyncActivityProfilerHandler.cpp:52] profiler_startUSDT:2026-10-10 08:38:08 15826:15826 SyncActivityProfilerHandler.cpp:52] profiler_startUSDT:2026-10-10 08:38:08 15821:15821 SyncActivityProfilerHandler.cpp:52] profiler_startUSDT:2026-10-10 08:38:08 15823:15823 SyncActivityProfilerHandler.cpp:52] profiler_startUSDT:2026-10-10 08:38:08 15824:15824 SyncActivityProfilerHandler.cpp:52] profiler_start
USDT:2026-10-10 08:38:08 15827:15827 SyncActivityProfilerHandler.cpp:52] profiler_start
USDT:2026-10-10 08:38:08 15820:15820 SyncActivityProfilerHandler.cpp:52] profiler_start





USDT:2026-10-10 08:38:08 15825:15825 SyncActivityProfilerHandler.cpp:59] profiler_stopUSDT:2026-10-10 08:38:08 15827:15827 SyncActivityProfilerHandler.cpp:59] profiler_stopUSDT:2026-10-10 08:38:08 15823:15823 SyncActivityProfilerHandler.cpp:59] profiler_stop
USDT:2026-10-10 08:38:08 15821:15821 SyncActivityProfilerHandler.cpp:59] profiler_stopUSDT:2026-10-10 08:38:08 15822:15822 SyncActivityProfilerHandler.cpp:59] profiler_stopUSDT:2026-10-10 08:38:08 15826:15826 SyncActivityProfilerHandler.cpp:59] profiler_stop
USDT:2026-10-10 08:38:08 15820:15820 SyncActivityProfilerHandler.cpp:59] profiler_stop
USDT:2026-10-10 08:38:08 15824:15824 SyncActivityProfilerHandler.cpp:59] profiler_stop




   # EP:  29/32 | cached dispatch: 57 GB/s (SO), 115 GB/s (SU), 3874.000 us, 445041792 bytes | copy: 3989 GB/s, 223.121 us
   # EP:  31/32 | cached dispatch: 57 GB/s (SO), 115 GB/s (SU), 3873.000 us, 444367872 bytes | copy: 3744 GB/s, 237.385 us
   # EP:  25/32 | cached dispatch: 57 GB/s (SO), 115 GB/s (SU), 3874.000 us, 446022720 bytes | copy: 3983 GB/s, 223.990 us
   # EP:  26/32 | cached dispatch: 57 GB/s (SO), 115 GB/s (SU), 3873.000 us, 443506752 bytes | copy: 4173 GB/s, 212.546 us
   # EP:  30/32 | cached dispatch: 57 GB/s (SO), 114 GB/s (SU), 3873.000 us, 442211328 bytes | copy: 4095 GB/s, 215.988 us
   # EP:  24/32 | cached dispatch: 57 GB/s (SO), 115 GB/s (SU), 3873.000 us, 446629248 bytes | copy: 4327 GB/s, 206.451 us
   # EP:  27/32 | cached dispatch: 57 GB/s (SO), 116 GB/s (SU), 3873.000 us, 448149312 bytes | copy: 4309 GB/s, 207.985 us
   # EP:  28/32 | cached dispatch: 57 GB/s (SO), 115 GB/s (SU), 3873.000 us, 445251456 bytes | copy: 4056 GB/s, 219.579 us
USDT:2026-10-10 08:38:09 15825:15825 SyncActivityProfilerHandler.cpp:52] profiler_start
USDT:2026-10-10 08:38:09 15823:15823 SyncActivityProfilerHandler.cpp:52] profiler_start
USDT:2026-10-10 08:38:09 15827:15827 SyncActivityProfilerHandler.cpp:52] profiler_start
USDT:2026-10-10 08:38:09 15822:15822 SyncActivityProfilerHandler.cpp:52] profiler_start
USDT:2026-10-10 08:38:09 15824:15824 SyncActivityProfilerHandler.cpp:52] profiler_start
USDT:2026-10-10 08:38:09 15821:15821 SyncActivityProfilerHandler.cpp:52] profiler_start
USDT:2026-10-10 08:38:09 15826:15826 SyncActivityProfilerHandler.cpp:52] profiler_start
USDT:2026-10-10 08:38:09 15820:15820 SyncActivityProfilerHandler.cpp:52] profiler_start
USDT:2026-10-10 08:38:10 15825:15825 SyncActivityProfilerHandler.cpp:59] profiler_stop
USDT:2026-10-10 08:38:10 15823:15823 SyncActivityProfilerHandler.cpp:59] profiler_stop
USDT:2026-10-10 08:38:10 15822:15822 SyncActivityProfilerHandler.cpp:59] profiler_stop
USDT:2026-10-10 08:38:10 15827:15827 SyncActivityProfilerHandler.cpp:59] profiler_stop
USDT:2026-10-10 08:38:10 15824:15824 SyncActivityProfilerHandler.cpp:59] profiler_stop
USDT:2026-10-10 08:38:10 15826:15826 SyncActivityProfilerHandler.cpp:59] profiler_stopUSDT:2026-10-10 08:38:10 15821:15821 SyncActivityProfilerHandler.cpp:59] profiler_stop

USDT:2026-10-10 08:38:10 15820:15820 SyncActivityProfilerHandler.cpp:59] profiler_stop
   @ EP:  29/32 | combine: 60 GB/s (SO), 120 GB/s (SU), 7114.000 us, 853947712 bytes | reduce: 5066 GB/s, 106.896 us
   @ EP:  30/32 | combine: 59 GB/s (SO), 118 GB/s (SU), 7172.000 us, 848516608 bytes | reduce: 5048 GB/s, 107.267 us
   @ EP:  27/32 | combine: 59 GB/s (SO), 120 GB/s (SU), 7142.000 us, 859910432 bytes | reduce: 5040 GB/s, 107.282 us
   @ EP:  26/32 | combine: 59 GB/s (SO), 119 GB/s (SU), 7164.000 us, 851002272 bytes | reduce: 5050 GB/s, 107.200 us
   @ EP:  31/32 | combine: 59 GB/s (SO), 119 GB/s (SU), 7154.000 us, 852654592 bytes | reduce: 5057 GB/s, 107.110 us
   @ EP:  25/32 | combine: 59 GB/s (SO), 119 GB/s (SU), 7191.000 us, 855829920 bytes | reduce: 5037 GB/s, 107.719 us
   @ EP:  28/32 | combine: 59 GB/s (SO), 119 GB/s (SU), 7176.000 us, 854350016 bytes | reduce: 5025 GB/s, 107.711 us
   @ EP:  24/32 | combine: 59 GB/s (SO), 120 GB/s (SU), 7116.000 us, 856993728 bytes | reduce: 5043 GB/s, 107.154 us
USDT:2026-10-10 08:38:10 15820:15820 SyncActivityProfilerHandler.cpp:52] profiler_start
USDT:2026-10-10 08:38:10 15827:15827 SyncActivityProfilerHandler.cpp:52] profiler_start
USDT:2026-10-10 08:38:10 15823:15823 SyncActivityProfilerHandler.cpp:52] profiler_startUSDT:2026-10-10 08:38:10 15822:15822 SyncActivityProfilerHandler.cpp:52] profiler_start

USDT:2026-10-10 08:38:10 15825:15825 SyncActivityProfilerHandler.cpp:52] profiler_start
USDT:2026-10-10 08:38:10 15824:15824 SyncActivityProfilerHandler.cpp:52] profiler_start
USDT:2026-10-10 08:38:10 15821:15821 SyncActivityProfilerHandler.cpp:52] profiler_start
USDT:2026-10-10 08:38:10 15826:15826 SyncActivityProfilerHandler.cpp:52] profiler_start
USDT:2026-10-10 08:38:11 15823:15823 SyncActivityProfilerHandler.cpp:59] profiler_stop
USDT:2026-10-10 08:38:11 15824:15824 SyncActivityProfilerHandler.cpp:59] profiler_stop
USDT:2026-10-10 08:38:11 15825:15825 SyncActivityProfilerHandler.cpp:59] profiler_stopUSDT:2026-10-10 08:38:11 15820:15820 SyncActivityProfilerHandler.cpp:59] profiler_stop

USDT:2026-10-10 08:38:11 15821:15821 SyncActivityProfilerHandler.cpp:59] profiler_stop
USDT:2026-10-10 08:38:11 15822:15822 SyncActivityProfilerHandler.cpp:59] profiler_stop
USDT:2026-10-10 08:38:11 15827:15827 SyncActivityProfilerHandler.cpp:59] profiler_stop
USDT:2026-10-10 08:38:11 15826:15826 SyncActivityProfilerHandler.cpp:59] profiler_stop
   + EP:  29/32 | reduced combine: 59 GB/s (SO), 120 GB/s (SU), 7143.000 us, 853947712 bytes | reduce: 5058 GB/s, 107.067 us
   + EP:  27/32 | reduced combine: 60 GB/s (SO), 121 GB/s (SU), 7100.000 us, 859910432 bytes | reduce: 5038 GB/s, 107.335 us   + EP:  26/32 | reduced combine: 59 GB/s (SO), 119 GB/s (SU), 7150.000 us, 851002272 bytes | reduce: 5040 GB/s, 107.409 us

   + EP:  28/32 | reduced combine: 59 GB/s (SO), 120 GB/s (SU), 7128.000 us, 854350016 bytes | reduce: 5019 GB/s, 107.858 us
   + EP:  31/32 | reduced combine: 59 GB/s (SO), 119 GB/s (SU), 7158.000 us, 852654592 bytes | reduce: 5053 GB/s, 107.204 us
   + EP:  30/32 | reduced combine: 59 GB/s (SO), 119 GB/s (SU), 7149.000 us, 848516608 bytes | reduce: 5047 GB/s, 107.294 us   + EP:  24/32 | reduced combine: 60 GB/s (SO), 121 GB/s (SU), 7090.000 us, 856993728 bytes | reduce: 5038 GB/s, 107.267 us

   + EP:  25/32 | reduced combine: 59 GB/s (SO), 120 GB/s (SU), 7148.000 us, 855829920 bytes | reduce: 5040 GB/s, 107.668 us


