DeepEP hybrid kernel selection: unordered
DeepEP hybrid kernel selection: unordered
DeepEP hybrid kernel selection: unordered
DeepEP hybrid kernel selection: unordered
DeepEP hybrid kernel selection: unordered
DeepEP hybrid kernel selection: unordered
DeepEP hybrid kernel selection: unordered
DeepEP hybrid kernel selection: unordered
Config:
 > Ranks: 4 x 8
 > Experts: 8/256
 > Tokens: 8176 (max: 8192), hidden: 7168
 > #SM: 24, #QPs: 11/11

Running all test cases:
 > Testing with expert_alignment=128, use_fp8_dispatch=1, num_bias=0, with_previous_event=0, async_with_compute_stream=0, allocate_on_comm_stream=0 ...
USDT:2026-10-10 08:38:06 27259:27259 SyncActivityProfilerHandler.cpp:52] profiler_startUSDT:2026-10-10 08:38:06 27256:27256 SyncActivityProfilerHandler.cpp:52] profiler_startUSDT:2026-10-10 08:38:06 27257:27257 SyncActivityProfilerHandler.cpp:52] profiler_startUSDT:2026-10-10 08:38:06 27255:27255 SyncActivityProfilerHandler.cpp:52] profiler_startUSDT:2026-10-10 08:38:06 27261:27261 SyncActivityProfilerHandler.cpp:52] profiler_startUSDT:2026-10-10 08:38:06 27262:27262 SyncActivityProfilerHandler.cpp:52] profiler_startUSDT:2026-10-10 08:38:06 27260:27260 SyncActivityProfilerHandler.cpp:52] profiler_start
USDT:2026-10-10 08:38:06 27258:27258 SyncActivityProfilerHandler.cpp:52] profiler_start






USDT:2026-10-10 08:38:07 27261:27261 SyncActivityProfilerHandler.cpp:59] profiler_stopUSDT:2026-10-10 08:38:07 27262:27262 SyncActivityProfilerHandler.cpp:59] profiler_stopUSDT:2026-10-10 08:38:07 27257:27257 SyncActivityProfilerHandler.cpp:59] profiler_stopUSDT:2026-10-10 08:38:07 27255:27255 SyncActivityProfilerHandler.cpp:59] profiler_stopUSDT:2026-10-10 08:38:07 27256:27256 SyncActivityProfilerHandler.cpp:59] profiler_stopUSDT:2026-10-10 08:38:07 27260:27260 SyncActivityProfilerHandler.cpp:59] profiler_stopUSDT:2026-10-10 08:38:07 27258:27258 SyncActivityProfilerHandler.cpp:59] profiler_stop






USDT:2026-10-10 08:38:07 27259:27259 SyncActivityProfilerHandler.cpp:59] profiler_stop
   * EP:  23/32 | dispatch: 57 GB/s (SO), 115 GB/s (SU), 3890.000 us, 445655808 bytes | copy: 3761 GB/s, 236.983 us
   * EP:  18/32 | dispatch: 57 GB/s (SO), 114 GB/s (SU), 3890.000 us, 441574848 bytes | copy: 4397 GB/s, 200.844 us   * EP:  22/32 | dispatch: 57 GB/s (SO), 115 GB/s (SU), 3891.000 us, 447475392 bytes | copy: 3505 GB/s, 255.364 us

   * EP:  17/32 | dispatch: 57 GB/s (SO), 114 GB/s (SU), 3889.000 us, 444757248 bytes | copy: 4093 GB/s, 217.350 us
   * EP:  19/32 | dispatch: 57 GB/s (SO), 114 GB/s (SU), 3889.000 us, 444892032 bytes | copy: 3879 GB/s, 229.408 us
   * EP:  16/32 | dispatch: 57 GB/s (SO), 115 GB/s (SU), 3887.000 us, 445101696 bytes | copy: 4325 GB/s, 205.822 us
   * EP:  21/32 | dispatch: 57 GB/s (SO), 114 GB/s (SU), 3890.000 us, 443499264 bytes | copy: 3570 GB/s, 248.468 us
   * EP:  20/32 | dispatch: 57 GB/s (SO), 114 GB/s (SU), 3891.000 us, 444577536 bytes | copy: 3850 GB/s, 230.938 us
USDT:2026-10-10 08:38:07 27257:27257 SyncActivityProfilerHandler.cpp:52] profiler_startUSDT:2026-10-10 08:38:07 27256:27256 SyncActivityProfilerHandler.cpp:52] profiler_startUSDT:2026-10-10 08:38:07 27260:27260 SyncActivityProfilerHandler.cpp:52] profiler_startUSDT:2026-10-10 08:38:07 27261:27261 SyncActivityProfilerHandler.cpp:52] profiler_startUSDT:2026-10-10 08:38:07 27258:27258 SyncActivityProfilerHandler.cpp:52] profiler_startUSDT:2026-10-10 08:38:07 27262:27262 SyncActivityProfilerHandler.cpp:52] profiler_startUSDT:2026-10-10 08:38:07 27259:27259 SyncActivityProfilerHandler.cpp:52] profiler_start
USDT:2026-10-10 08:38:07 27255:27255 SyncActivityProfilerHandler.cpp:52] profiler_start






USDT:2026-10-10 08:38:07 27258:27258 SyncActivityProfilerHandler.cpp:59] profiler_stopUSDT:2026-10-10 08:38:07 27259:27259 SyncActivityProfilerHandler.cpp:59] profiler_stopUSDT:2026-10-10 08:38:07 27255:27255 SyncActivityProfilerHandler.cpp:59] profiler_stopUSDT:2026-10-10 08:38:07 27257:27257 SyncActivityProfilerHandler.cpp:59] profiler_stopUSDT:2026-10-10 08:38:07 27256:27256 SyncActivityProfilerHandler.cpp:59] profiler_stopUSDT:2026-10-10 08:38:07 27261:27261 SyncActivityProfilerHandler.cpp:59] profiler_stop
USDT:2026-10-10 08:38:07 27262:27262 SyncActivityProfilerHandler.cpp:59] profiler_stop



USDT:2026-10-10 08:38:07 27260:27260 SyncActivityProfilerHandler.cpp:59] profiler_stop


   - EP:  23/32 | expanded dispatch: 57 GB/s (SO), 114 GB/s (SU), 3898.000 us, 445655808 bytes | copy: 3208 GB/s, 293.717 us
   - EP:  19/32 | expanded dispatch: 57 GB/s (SO), 114 GB/s (SU), 3898.000 us, 444892032 bytes | copy: 3273 GB/s, 287.346 us
   - EP:  22/32 | expanded dispatch: 57 GB/s (SO), 115 GB/s (SU), 3899.000 us, 447475392 bytes | copy: 3471 GB/s, 272.697 us
   - EP:  18/32 | expanded dispatch: 57 GB/s (SO), 113 GB/s (SU), 3899.000 us, 441574848 bytes | copy: 3777 GB/s, 247.095 us
   - EP:  20/32 | expanded dispatch: 57 GB/s (SO), 114 GB/s (SU), 3899.000 us, 444577536 bytes | copy: 3363 GB/s, 279.820 us
   - EP:  17/32 | expanded dispatch: 57 GB/s (SO), 114 GB/s (SU), 3898.000 us, 444757248 bytes | copy: 3642 GB/s, 258.561 us
   - EP:  21/32 | expanded dispatch: 57 GB/s (SO), 114 GB/s (SU), 3898.000 us, 443499264 bytes | copy: 3565 GB/s, 262.814 us
   - EP:  16/32 | expanded dispatch: 57 GB/s (SO), 114 GB/s (SU), 3896.000 us, 445101696 bytes | copy: 4051 GB/s, 231.492 us
USDT:2026-10-10 08:38:08 27259:27259 SyncActivityProfilerHandler.cpp:52] profiler_startUSDT:2026-10-10 08:38:08 27258:27258 SyncActivityProfilerHandler.cpp:52] profiler_startUSDT:2026-10-10 08:38:08 27261:27261 SyncActivityProfilerHandler.cpp:52] profiler_startUSDT:2026-10-10 08:38:08 27262:27262 SyncActivityProfilerHandler.cpp:52] profiler_startUSDT:2026-10-10 08:38:08 27257:27257 SyncActivityProfilerHandler.cpp:52] profiler_startUSDT:2026-10-10 08:38:08 27256:27256 SyncActivityProfilerHandler.cpp:52] profiler_startUSDT:2026-10-10 08:38:08 27255:27255 SyncActivityProfilerHandler.cpp:52] profiler_start






USDT:2026-10-10 08:38:08 27260:27260 SyncActivityProfilerHandler.cpp:52] profiler_start
USDT:2026-10-10 08:38:08 27255:27255 SyncActivityProfilerHandler.cpp:59] profiler_stopUSDT:2026-10-10 08:38:08 27262:27262 SyncActivityProfilerHandler.cpp:59] profiler_stopUSDT:2026-10-10 08:38:08 27261:27261 SyncActivityProfilerHandler.cpp:59] profiler_stopUSDT:2026-10-10 08:38:08 27257:27257 SyncActivityProfilerHandler.cpp:59] profiler_stopUSDT:2026-10-10 08:38:08 27258:27258 SyncActivityProfilerHandler.cpp:59] profiler_stopUSDT:2026-10-10 08:38:08 27256:27256 SyncActivityProfilerHandler.cpp:59] profiler_stop
USDT:2026-10-10 08:38:08 27259:27259 SyncActivityProfilerHandler.cpp:59] profiler_stop





USDT:2026-10-10 08:38:08 27260:27260 SyncActivityProfilerHandler.cpp:59] profiler_stop
   # EP:  23/32 | cached dispatch: 57 GB/s (SO), 116 GB/s (SU), 3858.000 us, 445655808 bytes | copy: 3991 GB/s, 223.319 us
   # EP:  22/32 | cached dispatch: 57 GB/s (SO), 116 GB/s (SU), 3859.000 us, 447475392 bytes | copy: 4032 GB/s, 221.964 us
   # EP:  19/32 | cached dispatch: 57 GB/s (SO), 115 GB/s (SU), 3857.000 us, 444892032 bytes | copy: 3954 GB/s, 225.012 us
   # EP:  18/32 | cached dispatch: 57 GB/s (SO), 114 GB/s (SU), 3859.000 us, 441574848 bytes | copy: 4347 GB/s, 203.165 us
   # EP:  16/32 | cached dispatch: 57 GB/s (SO), 115 GB/s (SU), 3855.000 us, 445101696 bytes | copy: 4682 GB/s, 190.114 us
   # EP:  17/32 | cached dispatch: 57 GB/s (SO), 115 GB/s (SU), 3858.000 us, 444757248 bytes | copy: 4108 GB/s, 216.512 us
   # EP:  20/32 | cached dispatch: 57 GB/s (SO), 115 GB/s (SU), 3859.000 us, 444577536 bytes | copy: 4001 GB/s, 222.206 us
   # EP:  21/32 | cached dispatch: 57 GB/s (SO), 115 GB/s (SU), 3859.000 us, 443499264 bytes | copy: 4193 GB/s, 211.562 us
USDT:2026-10-10 08:38:09 27260:27260 SyncActivityProfilerHandler.cpp:52] profiler_start
USDT:2026-10-10 08:38:09 27262:27262 SyncActivityProfilerHandler.cpp:52] profiler_startUSDT:2026-10-10 08:38:09 27258:27258 SyncActivityProfilerHandler.cpp:52] profiler_start

USDT:2026-10-10 08:38:09 27259:27259 SyncActivityProfilerHandler.cpp:52] profiler_startUSDT:2026-10-10 08:38:09 27255:27255 SyncActivityProfilerHandler.cpp:52] profiler_startUSDT:2026-10-10 08:38:09 27256:27256 SyncActivityProfilerHandler.cpp:52] profiler_start


USDT:2026-10-10 08:38:09 27261:27261 SyncActivityProfilerHandler.cpp:52] profiler_start
USDT:2026-10-10 08:38:09 27257:27257 SyncActivityProfilerHandler.cpp:52] profiler_start
USDT:2026-10-10 08:38:10 27261:27261 SyncActivityProfilerHandler.cpp:59] profiler_stop
USDT:2026-10-10 08:38:10 27262:27262 SyncActivityProfilerHandler.cpp:59] profiler_stop
USDT:2026-10-10 08:38:10 27257:27257 SyncActivityProfilerHandler.cpp:59] profiler_stop
USDT:2026-10-10 08:38:10 27260:27260 SyncActivityProfilerHandler.cpp:59] profiler_stop
USDT:2026-10-10 08:38:10 27256:27256 SyncActivityProfilerHandler.cpp:59] profiler_stopUSDT:2026-10-10 08:38:10 27255:27255 SyncActivityProfilerHandler.cpp:59] profiler_stop

USDT:2026-10-10 08:38:10 27258:27258 SyncActivityProfilerHandler.cpp:59] profiler_stop
USDT:2026-10-10 08:38:10 27259:27259 SyncActivityProfilerHandler.cpp:59] profiler_stop
   @ EP:  23/32 | combine: 59 GB/s (SO), 120 GB/s (SU), 7143.000 us, 855125888 bytes | reduce: 5037 GB/s, 107.587 us
   @ EP:  21/32 | combine: 60 GB/s (SO), 120 GB/s (SU), 7092.000 us, 850987904 bytes | reduce: 5039 GB/s, 107.671 us
   @ EP:  22/32 | combine: 60 GB/s (SO), 121 GB/s (SU), 7115.000 us, 858617312 bytes | reduce: 5020 GB/s, 107.935 us
   @ EP:  18/32 | combine: 60 GB/s (SO), 119 GB/s (SU), 7114.000 us, 847295328 bytes | reduce: 5022 GB/s, 107.794 us
   @ EP:  19/32 | combine: 59 GB/s (SO), 119 GB/s (SU), 7149.000 us, 853660352 bytes | reduce: 5037 GB/s, 107.505 us
   @ EP:  17/32 | combine: 60 GB/s (SO), 121 GB/s (SU), 7071.000 us, 853401728 bytes | reduce: 5056 GB/s, 106.936 us
   @ EP:  16/32 | combine: 60 GB/s (SO), 120 GB/s (SU), 7117.000 us, 854062656 bytes | reduce: 5049 GB/s, 107.306 us
   @ EP:  20/32 | combine: 59 GB/s (SO), 119 GB/s (SU), 7163.000 us, 853056896 bytes | reduce: 5070 GB/s, 106.723 us
USDT:2026-10-10 08:38:10 27255:27255 SyncActivityProfilerHandler.cpp:52] profiler_startUSDT:2026-10-10 08:38:10 27258:27258 SyncActivityProfilerHandler.cpp:52] profiler_startUSDT:2026-10-10 08:38:10 27260:27260 SyncActivityProfilerHandler.cpp:52] profiler_start


USDT:2026-10-10 08:38:10 27257:27257 SyncActivityProfilerHandler.cpp:52] profiler_startUSDT:2026-10-10 08:38:10 27262:27262 SyncActivityProfilerHandler.cpp:52] profiler_start
USDT:2026-10-10 08:38:10 27259:27259 SyncActivityProfilerHandler.cpp:52] profiler_start
USDT:2026-10-10 08:38:10 27261:27261 SyncActivityProfilerHandler.cpp:52] profiler_start

USDT:2026-10-10 08:38:10 27256:27256 SyncActivityProfilerHandler.cpp:52] profiler_start
USDT:2026-10-10 08:38:11 27259:27259 SyncActivityProfilerHandler.cpp:59] profiler_stop
USDT:2026-10-10 08:38:11 27257:27257 SyncActivityProfilerHandler.cpp:59] profiler_stop
USDT:2026-10-10 08:38:11 27262:27262 SyncActivityProfilerHandler.cpp:59] profiler_stop
USDT:2026-10-10 08:38:11 27256:27256 SyncActivityProfilerHandler.cpp:59] profiler_stopUSDT:2026-10-10 08:38:11 27260:27260 SyncActivityProfilerHandler.cpp:59] profiler_stop

USDT:2026-10-10 08:38:11 27258:27258 SyncActivityProfilerHandler.cpp:59] profiler_stopUSDT:2026-10-10 08:38:11 27255:27255 SyncActivityProfilerHandler.cpp:59] profiler_stopUSDT:2026-10-10 08:38:11 27261:27261 SyncActivityProfilerHandler.cpp:59] profiler_stop


   + EP:  20/32 | reduced combine: 59 GB/s (SO), 119 GB/s (SU), 7157.000 us, 853056896 bytes | reduce: 5061 GB/s, 106.921 us
   + EP:  23/32 | reduced combine: 60 GB/s (SO), 120 GB/s (SU), 7103.000 us, 855125888 bytes | reduce: 5019 GB/s, 107.991 us
   + EP:  18/32 | reduced combine: 60 GB/s (SO), 119 GB/s (SU), 7109.000 us, 847295328 bytes | reduce: 5019 GB/s, 107.865 us   + EP:  19/32 | reduced combine: 60 GB/s (SO), 120 GB/s (SU), 7119.000 us, 853660352 bytes | reduce: 5031 GB/s, 107.624 us

   + EP:  21/32 | reduced combine: 59 GB/s (SO), 119 GB/s (SU), 7147.000 us, 850987904 bytes | reduce: 5034 GB/s, 107.784 us
   + EP:  22/32 | reduced combine: 60 GB/s (SO), 121 GB/s (SU), 7111.000 us, 858617312 bytes | reduce: 5005 GB/s, 108.268 us
   + EP:  17/32 | reduced combine: 60 GB/s (SO), 120 GB/s (SU), 7113.000 us, 853401728 bytes | reduce: 5060 GB/s, 106.865 us   + EP:  16/32 | reduced combine: 60 GB/s (SO), 120 GB/s (SU), 7112.000 us, 854062656 bytes | reduce: 5046 GB/s, 107.386 us



