DeepEP hybrid kernel selection: unordered
DeepEP hybrid kernel selection: unordered
DeepEP hybrid kernel selection: unordered
DeepEP hybrid kernel selection: unordered
DeepEP hybrid kernel selection: unordered
DeepEP hybrid kernel selection: unordered
DeepEP hybrid kernel selection: unordered
DeepEP hybrid kernel selection: unordered
DeepEP hybrid kernel selection: unordered
DeepEP hybrid kernel selection: unordered
DeepEP hybrid kernel selection: unordered
DeepEP hybrid kernel selection: unordered
DeepEP hybrid kernel selection: unordered
DeepEP hybrid kernel selection: unordered
DeepEP hybrid kernel selection: unordered
DeepEP hybrid kernel selection: unordered
Config:
 > Ranks: 4 x 8
 > Experts: 8/256
 > Tokens: 112 (max: 128), hidden: 7168
 > #SM: 12, #QPs: 11/11

Running all test cases:
 > Testing with do_handle_copy=1, expert_alignment=128, use_fp8_dispatch=1, num_bias=0, with_previous_event=0, async_with_compute_stream=0, allocate_on_comm_stream=0 ...
USDT:2026-10-10 09:12:10 42545:42545 SyncActivityProfilerHandler.cpp:52] profiler_startUSDT:2026-10-10 09:12:10 42547:42547 SyncActivityProfilerHandler.cpp:52] profiler_startUSDT:2026-10-10 09:12:10 42544:42544 SyncActivityProfilerHandler.cpp:52] profiler_start

USDT:2026-10-10 09:12:10 42546:42546 SyncActivityProfilerHandler.cpp:52] profiler_start
USDT:2026-10-10 09:12:10 42543:42543 SyncActivityProfilerHandler.cpp:52] profiler_startUSDT:2026-10-10 09:12:10 42540:42540 SyncActivityProfilerHandler.cpp:52] profiler_start
USDT:2026-10-10 09:12:10 42541:42541 SyncActivityProfilerHandler.cpp:52] profiler_start
USDT:2026-10-10 09:12:10 42542:42542 SyncActivityProfilerHandler.cpp:52] profiler_start


USDT:2026-10-10 09:12:11 42545:42545 SyncActivityProfilerHandler.cpp:59] profiler_stopUSDT:2026-10-10 09:12:11 42541:42541 SyncActivityProfilerHandler.cpp:59] profiler_stopUSDT:2026-10-10 09:12:11 42546:42546 SyncActivityProfilerHandler.cpp:59] profiler_stopUSDT:2026-10-10 09:12:11 42544:42544 SyncActivityProfilerHandler.cpp:59] profiler_stopUSDT:2026-10-10 09:12:11 42543:42543 SyncActivityProfilerHandler.cpp:59] profiler_stopUSDT:2026-10-10 09:12:11 42547:42547 SyncActivityProfilerHandler.cpp:59] profiler_stopUSDT:2026-10-10 09:12:11 42542:42542 SyncActivityProfilerHandler.cpp:59] profiler_stop


USDT:2026-10-10 09:12:11 42540:42540 SyncActivityProfilerHandler.cpp:59] profiler_stop




   * EP:  21/32 | dispatch: 17 GB/s (SO), 35 GB/s (SU), 174.359 us, 6155136 bytes | copy: 689 GB/s, 17.858 us
   * EP:  17/32 | dispatch: 17 GB/s (SO), 36 GB/s (SU), 173.434 us, 6327360 bytes | copy: 741 GB/s, 17.087 us
   * EP:  18/32 | dispatch: 17 GB/s (SO), 34 GB/s (SU), 170.780 us, 5885568 bytes | copy: 859 GB/s, 13.704 us
   * EP:  22/32 | dispatch: 17 GB/s (SO), 36 GB/s (SU), 172.615 us, 6289920 bytes | copy: 1104 GB/s, 11.393 us
   * EP:  23/32 | dispatch: 16 GB/s (SO), 36 GB/s (SU), 174.225 us, 6200064 bytes | copy: 807 GB/s, 15.373 us
   * EP:  16/32 | dispatch: 17 GB/s (SO), 37 GB/s (SU), 171.103 us, 6342336 bytes | copy: 1100 GB/s, 11.530 us
   * EP:  19/32 | dispatch: 17 GB/s (SO), 36 GB/s (SU), 172.445 us, 6289920 bytes | copy: 785 GB/s, 16.016 us
   * EP:  20/32 | dispatch: 17 GB/s (SO), 35 GB/s (SU), 174.350 us, 6072768 bytes | copy: 573 GB/s, 21.179 us
USDT:2026-10-10 09:12:11 42542:42542 SyncActivityProfilerHandler.cpp:52] profiler_startUSDT:2026-10-10 09:12:11 42544:42544 SyncActivityProfilerHandler.cpp:52] profiler_startUSDT:2026-10-10 09:12:11 42543:42543 SyncActivityProfilerHandler.cpp:52] profiler_startUSDT:2026-10-10 09:12:11 42545:42545 SyncActivityProfilerHandler.cpp:52] profiler_startUSDT:2026-10-10 09:12:11 42541:42541 SyncActivityProfilerHandler.cpp:52] profiler_startUSDT:2026-10-10 09:12:11 42546:42546 SyncActivityProfilerHandler.cpp:52] profiler_start
USDT:2026-10-10 09:12:11 42547:42547 SyncActivityProfilerHandler.cpp:52] profiler_startUSDT:2026-10-10 09:12:11 42540:42540 SyncActivityProfilerHandler.cpp:52] profiler_start






USDT:2026-10-10 09:12:11 42545:42545 SyncActivityProfilerHandler.cpp:59] profiler_stopUSDT:2026-10-10 09:12:11 42546:42546 SyncActivityProfilerHandler.cpp:59] profiler_stopUSDT:2026-10-10 09:12:11 42543:42543 SyncActivityProfilerHandler.cpp:59] profiler_stop
USDT:2026-10-10 09:12:11 42541:42541 SyncActivityProfilerHandler.cpp:59] profiler_stopUSDT:2026-10-10 09:12:11 42542:42542 SyncActivityProfilerHandler.cpp:59] profiler_stopUSDT:2026-10-10 09:12:11 42547:42547 SyncActivityProfilerHandler.cpp:59] profiler_stopUSDT:2026-10-10 09:12:11 42544:42544 SyncActivityProfilerHandler.cpp:59] profiler_stopUSDT:2026-10-10 09:12:11 42540:42540 SyncActivityProfilerHandler.cpp:59] profiler_stop






   - EP:  21/32 | expanded dispatch: 17 GB/s (SO), 36 GB/s (SU), 172.976 us, 6155136 bytes | copy: 789 GB/s, 18.491 us
   - EP:  18/32 | expanded dispatch: 17 GB/s (SO), 35 GB/s (SU), 170.515 us, 5885568 bytes | copy: 870 GB/s, 15.486 us
   - EP:  17/32 | expanded dispatch: 17 GB/s (SO), 37 GB/s (SU), 173.117 us, 6327360 bytes | copy: 976 GB/s, 16.215 us
   - EP:  19/32 | expanded dispatch: 17 GB/s (SO), 37 GB/s (SU), 171.833 us, 6289920 bytes | copy: 809 GB/s, 17.284 us
   - EP:  16/32 | expanded dispatch: 17 GB/s (SO), 37 GB/s (SU), 170.553 us, 6342336 bytes | copy: 1368 GB/s, 11.005 us
   - EP:  22/32 | expanded dispatch: 17 GB/s (SO), 37 GB/s (SU), 172.253 us, 6289920 bytes | copy: 1119 GB/s, 12.369 us
   - EP:  20/32 | expanded dispatch: 17 GB/s (SO), 35 GB/s (SU), 173.604 us, 6072768 bytes | copy: 714 GB/s, 20.556 us
   - EP:  23/32 | expanded dispatch: 16 GB/s (SO), 36 GB/s (SU), 172.346 us, 6200064 bytes | copy: 1164 GB/s, 12.623 us
USDT:2026-10-10 09:12:12 42543:42543 SyncActivityProfilerHandler.cpp:52] profiler_startUSDT:2026-10-10 09:12:12 42542:42542 SyncActivityProfilerHandler.cpp:52] profiler_startUSDT:2026-10-10 09:12:12 42547:42547 SyncActivityProfilerHandler.cpp:52] profiler_startUSDT:2026-10-10 09:12:12 42545:42545 SyncActivityProfilerHandler.cpp:52] profiler_startUSDT:2026-10-10 09:12:12 42540:42540 SyncActivityProfilerHandler.cpp:52] profiler_startUSDT:2026-10-10 09:12:12 42544:42544 SyncActivityProfilerHandler.cpp:52] profiler_startUSDT:2026-10-10 09:12:12 42546:42546 SyncActivityProfilerHandler.cpp:52] profiler_startUSDT:2026-10-10 09:12:12 42541:42541 SyncActivityProfilerHandler.cpp:52] profiler_start







USDT:2026-10-10 09:12:12 42545:42545 SyncActivityProfilerHandler.cpp:59] profiler_stopUSDT:2026-10-10 09:12:12 42541:42541 SyncActivityProfilerHandler.cpp:59] profiler_stopUSDT:2026-10-10 09:12:12 42543:42543 SyncActivityProfilerHandler.cpp:59] profiler_stopUSDT:2026-10-10 09:12:12 42546:42546 SyncActivityProfilerHandler.cpp:59] profiler_stopUSDT:2026-10-10 09:12:12 42542:42542 SyncActivityProfilerHandler.cpp:59] profiler_stopUSDT:2026-10-10 09:12:12 42540:42540 SyncActivityProfilerHandler.cpp:59] profiler_stopUSDT:2026-10-10 09:12:12 42544:42544 SyncActivityProfilerHandler.cpp:59] profiler_stop


USDT:2026-10-10 09:12:12 42547:42547 SyncActivityProfilerHandler.cpp:59] profiler_stop




   # EP:  21/32 | cached dispatch: 17 GB/s (SO), 35 GB/s (SU), 175.136 us, 6155136 bytes | copy: 485 GB/s, 25.406 us
   # EP:  17/32 | cached dispatch: 17 GB/s (SO), 36 GB/s (SU), 173.897 us, 6327360 bytes | copy: 595 GB/s, 21.260 us
   # EP:  19/32 | cached dispatch: 17 GB/s (SO), 36 GB/s (SU), 172.448 us, 6289920 bytes | copy: 624 GB/s, 20.173 us
   # EP:  18/32 | cached dispatch: 17 GB/s (SO), 34 GB/s (SU), 170.793 us, 5885568 bytes | copy: 643 GB/s, 18.318 us
   # EP:  22/32 | cached dispatch: 17 GB/s (SO), 36 GB/s (SU), 172.740 us, 6289920 bytes | copy: 1339 GB/s, 9.396 us   # EP:  23/32 | cached dispatch: 16 GB/s (SO), 35 GB/s (SU), 174.790 us, 6200064 bytes | copy: 670 GB/s, 18.510 us

   # EP:  16/32 | cached dispatch: 17 GB/s (SO), 37 GB/s (SU), 170.501 us, 6342336 bytes | copy: 887 GB/s, 14.307 us
   # EP:  20/32 | cached dispatch: 16 GB/s (SO), 35 GB/s (SU), 175.464 us, 6072768 bytes | copy: 426 GB/s, 28.537 us
USDT:2026-10-10 09:12:12 42541:42541 SyncActivityProfilerHandler.cpp:52] profiler_startUSDT:2026-10-10 09:12:12 42545:42545 SyncActivityProfilerHandler.cpp:52] profiler_startUSDT:2026-10-10 09:12:12 42543:42543 SyncActivityProfilerHandler.cpp:52] profiler_start

USDT:2026-10-10 09:12:12 42546:42546 SyncActivityProfilerHandler.cpp:52] profiler_startUSDT:2026-10-10 09:12:12 42542:42542 SyncActivityProfilerHandler.cpp:52] profiler_startUSDT:2026-10-10 09:12:12 42540:42540 SyncActivityProfilerHandler.cpp:52] profiler_start
USDT:2026-10-10 09:12:12 42544:42544 SyncActivityProfilerHandler.cpp:52] profiler_start
USDT:2026-10-10 09:12:12 42547:42547 SyncActivityProfilerHandler.cpp:52] profiler_start



USDT:2026-10-10 09:12:13 42541:42541 SyncActivityProfilerHandler.cpp:59] profiler_stopUSDT:2026-10-10 09:12:13 42543:42543 SyncActivityProfilerHandler.cpp:59] profiler_stopUSDT:2026-10-10 09:12:13 42545:42545 SyncActivityProfilerHandler.cpp:59] profiler_stop


USDT:2026-10-10 09:12:13 42547:42547 SyncActivityProfilerHandler.cpp:59] profiler_stopUSDT:2026-10-10 09:12:13 42546:42546 SyncActivityProfilerHandler.cpp:59] profiler_stopUSDT:2026-10-10 09:12:13 42540:42540 SyncActivityProfilerHandler.cpp:59] profiler_stopUSDT:2026-10-10 09:12:13 42542:42542 SyncActivityProfilerHandler.cpp:59] profiler_stopUSDT:2026-10-10 09:12:13 42544:42544 SyncActivityProfilerHandler.cpp:59] profiler_stop




   @ EP:  17/32 | combine: 20 GB/s (SO), 43 GB/s (SU), 279.492 us, 12140960 bytes | reduce: 1047 GB/s, 6.970 us
   @ EP:  19/32 | combine: 20 GB/s (SO), 43 GB/s (SU), 277.880 us, 12069120 bytes | reduce: 1039 GB/s, 6.931 us
   @ EP:  18/32 | combine: 20 GB/s (SO), 39 GB/s (SU), 289.069 us, 11293248 bytes | reduce: 1058 GB/s, 6.828 us
   @ EP:  21/32 | combine: 20 GB/s (SO), 43 GB/s (SU), 277.695 us, 11810496 bytes | reduce: 1035 GB/s, 6.898 us
   @ EP:  23/32 | combine: 19 GB/s (SO), 42 GB/s (SU), 282.360 us, 11896704 bytes | reduce: 1014 GB/s, 6.832 us
   @ EP:  16/32 | combine: 21 GB/s (SO), 44 GB/s (SU), 277.805 us, 12169696 bytes | reduce: 1039 GB/s, 7.052 us
   @ EP:  22/32 | combine: 19 GB/s (SO), 41 GB/s (SU), 295.833 us, 12069120 bytes | reduce: 998 GB/s, 7.010 us
   @ EP:  20/32 | combine: 18 GB/s (SO), 38 GB/s (SU), 302.826 us, 11652448 bytes | reduce: 1029 GB/s, 6.900 us
USDT:2026-10-10 09:12:13 42545:42545 SyncActivityProfilerHandler.cpp:52] profiler_startUSDT:2026-10-10 09:12:13 42541:42541 SyncActivityProfilerHandler.cpp:52] profiler_startUSDT:2026-10-10 09:12:13 42540:42540 SyncActivityProfilerHandler.cpp:52] profiler_start
USDT:2026-10-10 09:12:13 42546:42546 SyncActivityProfilerHandler.cpp:52] profiler_startUSDT:2026-10-10 09:12:13 42547:42547 SyncActivityProfilerHandler.cpp:52] profiler_start
USDT:2026-10-10 09:12:13 42542:42542 SyncActivityProfilerHandler.cpp:52] profiler_startUSDT:2026-10-10 09:12:13 42544:42544 SyncActivityProfilerHandler.cpp:52] profiler_start




USDT:2026-10-10 09:12:13 42543:42543 SyncActivityProfilerHandler.cpp:52] profiler_start
USDT:2026-10-10 09:12:14 42545:42545 SyncActivityProfilerHandler.cpp:59] profiler_stopUSDT:2026-10-10 09:12:14 42540:42540 SyncActivityProfilerHandler.cpp:59] profiler_stopUSDT:2026-10-10 09:12:14 42542:42542 SyncActivityProfilerHandler.cpp:59] profiler_stop
USDT:2026-10-10 09:12:14 42547:42547 SyncActivityProfilerHandler.cpp:59] profiler_stopUSDT:2026-10-10 09:12:14 42546:42546 SyncActivityProfilerHandler.cpp:59] profiler_stop

USDT:2026-10-10 09:12:14 42541:42541 SyncActivityProfilerHandler.cpp:59] profiler_stopUSDT:2026-10-10 09:12:14 42544:42544 SyncActivityProfilerHandler.cpp:59] profiler_stop



USDT:2026-10-10 09:12:14 42543:42543 SyncActivityProfilerHandler.cpp:59] profiler_stop
   + EP:  21/32 | reduced combine: 19 GB/s (SO), 40 GB/s (SU), 293.912 us, 11810496 bytes | reduce: 1044 GB/s, 6.838 us
   + EP:  18/32 | reduced combine: 19 GB/s (SO), 37 GB/s (SU), 303.321 us, 11293248 bytes | reduce: 1034 GB/s, 6.989 us
   + EP:  16/32 | reduced combine: 20 GB/s (SO), 42 GB/s (SU), 290.322 us, 12169696 bytes | reduce: 1055 GB/s, 6.948 us
   + EP:  23/32 | reduced combine: 18 GB/s (SO), 40 GB/s (SU), 298.780 us, 11896704 bytes | reduce: 997 GB/s, 6.947 us
   + EP:  17/32 | reduced combine: 20 GB/s (SO), 42 GB/s (SU), 291.056 us, 12140960 bytes | reduce: 1040 GB/s, 7.016 us
   + EP:  22/32 | reduced combine: 18 GB/s (SO), 39 GB/s (SU), 311.500 us, 12069120 bytes | reduce: 1009 GB/s, 6.932 us
   + EP:  20/32 | reduced combine: 18 GB/s (SO), 37 GB/s (SU), 314.091 us, 11652448 bytes | reduce: 1022 GB/s, 6.943 us
   + EP:  19/32 | reduced combine: 19 GB/s (SO), 41 GB/s (SU), 293.809 us, 12069120 bytes | reduce: 1054 GB/s, 6.830 us


