DeepEP hybrid kernel selection: unordered
DeepEP hybrid kernel selection: unordered
DeepEP hybrid kernel selection: unordered
DeepEP hybrid kernel selection: unordered
DeepEP hybrid kernel selection: unordered
DeepEP hybrid kernel selection: unordered
DeepEP hybrid kernel selection: unordered
DeepEP hybrid kernel selection: unordered
DeepEP hybrid kernel selection: unordered
DeepEP hybrid kernel selection: unordered
DeepEP hybrid kernel selection: unordered
DeepEP hybrid kernel selection: unordered
DeepEP hybrid kernel selection: unordered
DeepEP hybrid kernel selection: unordered
DeepEP hybrid kernel selection: unordered
DeepEP hybrid kernel selection: unordered
Config:
 > Ranks: 4 x 8
 > Experts: 8/256
 > Tokens: 104 (max: 128), hidden: 7168
 > #SM: 12, #QPs: 11/11

Running all test cases:
 > Testing with do_handle_copy=1, expert_alignment=128, use_fp8_dispatch=1, num_bias=0, with_previous_event=0, async_with_compute_stream=0, allocate_on_comm_stream=0 ...
USDT:2026-10-10 09:13:47 36007:36007 SyncActivityProfilerHandler.cpp:52] profiler_startUSDT:2026-10-10 09:13:47 36011:36011 SyncActivityProfilerHandler.cpp:52] profiler_startUSDT:2026-10-10 09:13:47 36005:36005 SyncActivityProfilerHandler.cpp:52] profiler_startUSDT:2026-10-10 09:13:47 36009:36009 SyncActivityProfilerHandler.cpp:52] profiler_startUSDT:2026-10-10 09:13:47 36012:36012 SyncActivityProfilerHandler.cpp:52] profiler_startUSDT:2026-10-10 09:13:47 36008:36008 SyncActivityProfilerHandler.cpp:52] profiler_startUSDT:2026-10-10 09:13:47 36006:36006 SyncActivityProfilerHandler.cpp:52] profiler_start






USDT:2026-10-10 09:13:47 36010:36010 SyncActivityProfilerHandler.cpp:52] profiler_start
USDT:2026-10-10 09:13:47 36012:36012 SyncActivityProfilerHandler.cpp:59] profiler_stopUSDT:2026-10-10 09:13:47 36010:36010 SyncActivityProfilerHandler.cpp:59] profiler_stopUSDT:2026-10-10 09:13:47 36007:36007 SyncActivityProfilerHandler.cpp:59] profiler_stopUSDT:2026-10-10 09:13:47 36005:36005 SyncActivityProfilerHandler.cpp:59] profiler_stop
USDT:2026-10-10 09:13:47 36009:36009 SyncActivityProfilerHandler.cpp:59] profiler_stopUSDT:2026-10-10 09:13:47 36006:36006 SyncActivityProfilerHandler.cpp:59] profiler_stopUSDT:2026-10-10 09:13:47 36008:36008 SyncActivityProfilerHandler.cpp:59] profiler_stop


USDT:2026-10-10 09:13:47 36011:36011 SyncActivityProfilerHandler.cpp:59] profiler_stop



   * EP:  31/32 | dispatch: 15 GB/s (SO), 32 GB/s (SU), 182.790 us, 5923008 bytes | copy: 733 GB/s, 16.172 us   * EP:  24/32 | dispatch: 15 GB/s (SO), 35 GB/s (SU), 183.532 us, 6424704 bytes | copy: 1471 GB/s, 8.735 us

   * EP:  26/32 | dispatch: 15 GB/s (SO), 34 GB/s (SU), 182.333 us, 6200064 bytes | copy: 684 GB/s, 18.117 us
   * EP:  28/32 | dispatch: 15 GB/s (SO), 34 GB/s (SU), 182.908 us, 6177600 bytes | copy: 531 GB/s, 23.269 us
   * EP:  25/32 | dispatch: 15 GB/s (SO), 32 GB/s (SU), 182.392 us, 5863104 bytes | copy: 589 GB/s, 19.921 us   * EP:  27/32 | dispatch: 15 GB/s (SO), 34 GB/s (SU), 183.913 us, 6215040 bytes | copy: 508 GB/s, 24.481 us

   * EP:  30/32 | dispatch: 14 GB/s (SO), 35 GB/s (SU), 182.770 us, 6342336 bytes | copy: 653 GB/s, 19.428 us
   * EP:  29/32 | dispatch: 15 GB/s (SO), 32 GB/s (SU), 183.280 us, 5818176 bytes | copy: 418 GB/s, 27.854 us
USDT:2026-10-10 09:13:48 36012:36012 SyncActivityProfilerHandler.cpp:52] profiler_startUSDT:2026-10-10 09:13:48 36008:36008 SyncActivityProfilerHandler.cpp:52] profiler_startUSDT:2026-10-10 09:13:48 36011:36011 SyncActivityProfilerHandler.cpp:52] profiler_startUSDT:2026-10-10 09:13:48 36007:36007 SyncActivityProfilerHandler.cpp:52] profiler_startUSDT:2026-10-10 09:13:48 36010:36010 SyncActivityProfilerHandler.cpp:52] profiler_start
USDT:2026-10-10 09:13:48 36006:36006 SyncActivityProfilerHandler.cpp:52] profiler_start




USDT:2026-10-10 09:13:48 36005:36005 SyncActivityProfilerHandler.cpp:52] profiler_startUSDT:2026-10-10 09:13:48 36009:36009 SyncActivityProfilerHandler.cpp:52] profiler_start

USDT:2026-10-10 09:13:48 36011:36011 SyncActivityProfilerHandler.cpp:59] profiler_stopUSDT:2026-10-10 09:13:48 36005:36005 SyncActivityProfilerHandler.cpp:59] profiler_stopUSDT:2026-10-10 09:13:48 36012:36012 SyncActivityProfilerHandler.cpp:59] profiler_stopUSDT:2026-10-10 09:13:48 36006:36006 SyncActivityProfilerHandler.cpp:59] profiler_stopUSDT:2026-10-10 09:13:48 36010:36010 SyncActivityProfilerHandler.cpp:59] profiler_stop
USDT:2026-10-10 09:13:48 36007:36007 SyncActivityProfilerHandler.cpp:59] profiler_stopUSDT:2026-10-10 09:13:48 36008:36008 SyncActivityProfilerHandler.cpp:59] profiler_stop





USDT:2026-10-10 09:13:48 36009:36009 SyncActivityProfilerHandler.cpp:59] profiler_stop
   - EP:  29/32 | expanded dispatch: 15 GB/s (SO), 32 GB/s (SU), 183.195 us, 5818176 bytes | copy: 493 GB/s, 27.103 us
   - EP:  24/32 | expanded dispatch: 15 GB/s (SO), 35 GB/s (SU), 183.359 us, 6424704 bytes | copy: 1471 GB/s, 9.565 us
   - EP:  31/32 | expanded dispatch: 15 GB/s (SO), 33 GB/s (SU), 182.123 us, 5923008 bytes | copy: 917 GB/s, 14.729 us
   - EP:  26/32 | expanded dispatch: 15 GB/s (SO), 34 GB/s (SU), 182.451 us, 6200064 bytes | copy: 814 GB/s, 18.029 us
   - EP:  27/32 | expanded dispatch: 15 GB/s (SO), 34 GB/s (SU), 183.635 us, 6215040 bytes | copy: 652 GB/s, 23.916 us   - EP:  30/32 | expanded dispatch: 14 GB/s (SO), 35 GB/s (SU), 182.650 us, 6342336 bytes | copy: 866 GB/s, 17.230 us

   - EP:  25/32 | expanded dispatch: 15 GB/s (SO), 32 GB/s (SU), 182.196 us, 5863104 bytes | copy: 658 GB/s, 20.243 us
   - EP:  28/32 | expanded dispatch: 15 GB/s (SO), 34 GB/s (SU), 182.762 us, 6177600 bytes | copy: 556 GB/s, 24.925 us
USDT:2026-10-10 09:13:48 36006:36006 SyncActivityProfilerHandler.cpp:52] profiler_startUSDT:2026-10-10 09:13:48 36005:36005 SyncActivityProfilerHandler.cpp:52] profiler_startUSDT:2026-10-10 09:13:48 36007:36007 SyncActivityProfilerHandler.cpp:52] profiler_startUSDT:2026-10-10 09:13:48 36010:36010 SyncActivityProfilerHandler.cpp:52] profiler_startUSDT:2026-10-10 09:13:48 36011:36011 SyncActivityProfilerHandler.cpp:52] profiler_startUSDT:2026-10-10 09:13:48 36012:36012 SyncActivityProfilerHandler.cpp:52] profiler_start

USDT:2026-10-10 09:13:48 36009:36009 SyncActivityProfilerHandler.cpp:52] profiler_start




USDT:2026-10-10 09:13:48 36008:36008 SyncActivityProfilerHandler.cpp:52] profiler_start
USDT:2026-10-10 09:13:49 36011:36011 SyncActivityProfilerHandler.cpp:59] profiler_stopUSDT:2026-10-10 09:13:49 36005:36005 SyncActivityProfilerHandler.cpp:59] profiler_stopUSDT:2026-10-10 09:13:49 36006:36006 SyncActivityProfilerHandler.cpp:59] profiler_stopUSDT:2026-10-10 09:13:49 36012:36012 SyncActivityProfilerHandler.cpp:59] profiler_stop
USDT:2026-10-10 09:13:49 36007:36007 SyncActivityProfilerHandler.cpp:59] profiler_stop
USDT:2026-10-10 09:13:49 36010:36010 SyncActivityProfilerHandler.cpp:59] profiler_stop
USDT:2026-10-10 09:13:49 36008:36008 SyncActivityProfilerHandler.cpp:59] profiler_stopUSDT:2026-10-10 09:13:49 36009:36009 SyncActivityProfilerHandler.cpp:59] profiler_stop




   # EP:  26/32 | cached dispatch: 15 GB/s (SO), 34 GB/s (SU), 180.394 us, 6200064 bytes | copy: 614 GB/s, 20.181 us   # EP:  31/32 | cached dispatch: 15 GB/s (SO), 33 GB/s (SU), 179.363 us, 5923008 bytes | copy: 698 GB/s, 16.963 us

   # EP:  29/32 | cached dispatch: 15 GB/s (SO), 32 GB/s (SU), 181.720 us, 5818176 bytes | copy: 411 GB/s, 28.331 us
   # EP:  24/32 | cached dispatch: 15 GB/s (SO), 35 GB/s (SU), 182.417 us, 6424704 bytes | copy: 1222 GB/s, 10.518 us   # EP:  30/32 | cached dispatch: 14 GB/s (SO), 35 GB/s (SU), 181.447 us, 6342336 bytes | copy: 647 GB/s, 19.620 us
   # EP:  25/32 | cached dispatch: 16 GB/s (SO), 33 GB/s (SU), 178.873 us, 5863104 bytes | copy: 596 GB/s, 19.678 us

   # EP:  28/32 | cached dispatch: 15 GB/s (SO), 34 GB/s (SU), 180.838 us, 6177600 bytes | copy: 432 GB/s, 28.608 us
   # EP:  27/32 | cached dispatch: 15 GB/s (SO), 34 GB/s (SU), 181.683 us, 6215040 bytes | copy: 521 GB/s, 23.874 us
USDT:2026-10-10 09:13:49 36005:36005 SyncActivityProfilerHandler.cpp:52] profiler_startUSDT:2026-10-10 09:13:49 36010:36010 SyncActivityProfilerHandler.cpp:52] profiler_startUSDT:2026-10-10 09:13:49 36008:36008 SyncActivityProfilerHandler.cpp:52] profiler_start
USDT:2026-10-10 09:13:49 36012:36012 SyncActivityProfilerHandler.cpp:52] profiler_startUSDT:2026-10-10 09:13:49 36006:36006 SyncActivityProfilerHandler.cpp:52] profiler_startUSDT:2026-10-10 09:13:49 36011:36011 SyncActivityProfilerHandler.cpp:52] profiler_start
USDT:2026-10-10 09:13:49 36009:36009 SyncActivityProfilerHandler.cpp:52] profiler_start




USDT:2026-10-10 09:13:49 36007:36007 SyncActivityProfilerHandler.cpp:52] profiler_start
USDT:2026-10-10 09:13:49 36010:36010 SyncActivityProfilerHandler.cpp:59] profiler_stopUSDT:2026-10-10 09:13:49 36008:36008 SyncActivityProfilerHandler.cpp:59] profiler_stopUSDT:2026-10-10 09:13:49 36005:36005 SyncActivityProfilerHandler.cpp:59] profiler_stopUSDT:2026-10-10 09:13:49 36012:36012 SyncActivityProfilerHandler.cpp:59] profiler_stopUSDT:2026-10-10 09:13:49 36006:36006 SyncActivityProfilerHandler.cpp:59] profiler_stopUSDT:2026-10-10 09:13:49 36007:36007 SyncActivityProfilerHandler.cpp:59] profiler_stop


USDT:2026-10-10 09:13:49 36011:36011 SyncActivityProfilerHandler.cpp:59] profiler_stopUSDT:2026-10-10 09:13:49 36009:36009 SyncActivityProfilerHandler.cpp:59] profiler_stop




   @ EP:  29/32 | combine: 16 GB/s (SO), 35 GB/s (SU), 319.151 us, 11163936 bytes | reduce: 958 GB/s, 6.871 us
   @ EP:  27/32 | combine: 17 GB/s (SO), 38 GB/s (SU), 315.370 us, 11925440 bytes | reduce: 967 GB/s, 6.909 us
   @ EP:  24/32 | combine: 17 GB/s (SO), 39 GB/s (SU), 315.168 us, 12327744 bytes | reduce: 1009 GB/s, 6.836 us
   @ EP:  25/32 | combine: 16 GB/s (SO), 34 GB/s (SU), 328.317 us, 11250144 bytes | reduce: 1001 GB/s, 6.816 us
   @ EP:  31/32 | combine: 16 GB/s (SO), 35 GB/s (SU), 326.736 us, 11365088 bytes | reduce: 938 GB/s, 6.970 us
   @ EP:  30/32 | combine: 16 GB/s (SO), 40 GB/s (SU), 305.612 us, 12169696 bytes | reduce: 916 GB/s, 6.994 us
   @ EP:  28/32 | combine: 17 GB/s (SO), 38 GB/s (SU), 312.314 us, 11853600 bytes | reduce: 988 GB/s, 6.803 us
   @ EP:  26/32 | combine: 17 GB/s (SO), 39 GB/s (SU), 308.767 us, 11896704 bytes | reduce: 967 GB/s, 6.967 us
USDT:2026-10-10 09:13:50 36010:36010 SyncActivityProfilerHandler.cpp:52] profiler_startUSDT:2026-10-10 09:13:50 36008:36008 SyncActivityProfilerHandler.cpp:52] profiler_startUSDT:2026-10-10 09:13:50 36012:36012 SyncActivityProfilerHandler.cpp:52] profiler_start
USDT:2026-10-10 09:13:50 36005:36005 SyncActivityProfilerHandler.cpp:52] profiler_startUSDT:2026-10-10 09:13:50 36006:36006 SyncActivityProfilerHandler.cpp:52] profiler_start
USDT:2026-10-10 09:13:50 36009:36009 SyncActivityProfilerHandler.cpp:52] profiler_startUSDT:2026-10-10 09:13:50 36007:36007 SyncActivityProfilerHandler.cpp:52] profiler_start




USDT:2026-10-10 09:13:50 36011:36011 SyncActivityProfilerHandler.cpp:52] profiler_start
USDT:2026-10-10 09:13:50 36008:36008 SyncActivityProfilerHandler.cpp:59] profiler_stopUSDT:2026-10-10 09:13:50 36010:36010 SyncActivityProfilerHandler.cpp:59] profiler_stop
USDT:2026-10-10 09:13:50 36006:36006 SyncActivityProfilerHandler.cpp:59] profiler_stop

USDT:2026-10-10 09:13:50 36005:36005 SyncActivityProfilerHandler.cpp:59] profiler_stopUSDT:2026-10-10 09:13:50 36009:36009 SyncActivityProfilerHandler.cpp:59] profiler_stop

USDT:2026-10-10 09:13:50 36007:36007 SyncActivityProfilerHandler.cpp:59] profiler_stop
USDT:2026-10-10 09:13:50 36012:36012 SyncActivityProfilerHandler.cpp:59] profiler_stop
USDT:2026-10-10 09:13:50 36011:36011 SyncActivityProfilerHandler.cpp:59] profiler_stop
   + EP:  27/32 | reduced combine: 16 GB/s (SO), 37 GB/s (SU), 325.468 us, 11925440 bytes | reduce: 964 GB/s, 6.932 us   + EP:  29/32 | reduced combine: 16 GB/s (SO), 34 GB/s (SU), 327.457 us, 11163936 bytes | reduce: 953 GB/s, 6.902 us

   + EP:  24/32 | reduced combine: 16 GB/s (SO), 38 GB/s (SU), 327.501 us, 12327744 bytes | reduce: 1008 GB/s, 6.842 us
   + EP:  25/32 | reduced combine: 16 GB/s (SO), 33 GB/s (SU), 339.135 us, 11250144 bytes | reduce: 973 GB/s, 7.017 us
   + EP:  31/32 | reduced combine: 15 GB/s (SO), 34 GB/s (SU), 339.041 us, 11365088 bytes | reduce: 937 GB/s, 6.980 us
   + EP:  28/32 | reduced combine: 16 GB/s (SO), 37 GB/s (SU), 323.466 us, 11853600 bytes | reduce: 988 GB/s, 6.803 us
   + EP:  26/32 | reduced combine: 16 GB/s (SO), 37 GB/s (SU), 321.639 us, 11896704 bytes | reduce: 975 GB/s, 6.911 us
   + EP:  30/32 | reduced combine: 16 GB/s (SO), 38 GB/s (SU), 316.894 us, 12169696 bytes | reduce: 919 GB/s, 6.970 us


