DeepEP hybrid kernel selection: unordered
DeepEP hybrid kernel selection: unordered
DeepEP hybrid kernel selection: unordered
DeepEP hybrid kernel selection: unordered
DeepEP hybrid kernel selection: unordered
DeepEP hybrid kernel selection: unordered
DeepEP hybrid kernel selection: unordered
DeepEP hybrid kernel selection: unordered
DeepEP hybrid kernel selection: unordered
DeepEP hybrid kernel selection: unordered
DeepEP hybrid kernel selection: unordered
DeepEP hybrid kernel selection: unordered
DeepEP hybrid kernel selection: unordered
DeepEP hybrid kernel selection: unordered
DeepEP hybrid kernel selection: unordered
DeepEP hybrid kernel selection: unordered
Config:
 > Ranks: 4 x 8
 > Experts: 8/256
 > Tokens: 120 (max: 128), hidden: 7168
 > #SM: 12, #QPs: 11/11

Running all test cases:
 > Testing with do_handle_copy=1, expert_alignment=128, use_fp8_dispatch=1, num_bias=0, with_previous_event=0, async_with_compute_stream=0, allocate_on_comm_stream=0 ...
USDT:2026-10-10 09:15:23 81010:81010 SyncActivityProfilerHandler.cpp:52] profiler_startUSDT:2026-10-10 09:15:23 81011:81011 SyncActivityProfilerHandler.cpp:52] profiler_startUSDT:2026-10-10 09:15:23 81006:81006 SyncActivityProfilerHandler.cpp:52] profiler_startUSDT:2026-10-10 09:15:23 81005:81005 SyncActivityProfilerHandler.cpp:52] profiler_startUSDT:2026-10-10 09:15:23 81004:81004 SyncActivityProfilerHandler.cpp:52] profiler_startUSDT:2026-10-10 09:15:23 81008:81008 SyncActivityProfilerHandler.cpp:52] profiler_startUSDT:2026-10-10 09:15:23 81007:81007 SyncActivityProfilerHandler.cpp:52] profiler_start






USDT:2026-10-10 09:15:23 81009:81009 SyncActivityProfilerHandler.cpp:52] profiler_start
USDT:2026-10-10 09:15:24 81010:81010 SyncActivityProfilerHandler.cpp:59] profiler_stopUSDT:2026-10-10 09:15:24 81005:81005 SyncActivityProfilerHandler.cpp:59] profiler_stop
USDT:2026-10-10 09:15:24 81009:81009 SyncActivityProfilerHandler.cpp:59] profiler_stopUSDT:2026-10-10 09:15:24 81008:81008 SyncActivityProfilerHandler.cpp:59] profiler_stop
USDT:2026-10-10 09:15:24 81011:81011 SyncActivityProfilerHandler.cpp:59] profiler_stopUSDT:2026-10-10 09:15:24 81006:81006 SyncActivityProfilerHandler.cpp:59] profiler_stop

USDT:2026-10-10 09:15:24 81007:81007 SyncActivityProfilerHandler.cpp:59] profiler_stop


USDT:2026-10-10 09:15:24 81004:81004 SyncActivityProfilerHandler.cpp:59] profiler_stop
   * EP:  12/32 | dispatch: 17 GB/s (SO), 32 GB/s (SU), 182.228 us, 5780736 bytes | copy: 429 GB/s, 26.943 us
   * EP:  10/32 | dispatch: 17 GB/s (SO), 34 GB/s (SU), 181.665 us, 6102720 bytes | copy: 554 GB/s, 22.036 us
   * EP:  15/32 | dispatch: 16 GB/s (SO), 34 GB/s (SU), 182.876 us, 6147648 bytes | copy: 676 GB/s, 18.198 us
   * EP:   9/32 | dispatch: 18 GB/s (SO), 34 GB/s (SU), 182.632 us, 6200064 bytes | copy: 452 GB/s, 27.442 us
   * EP:   8/32 | dispatch: 18 GB/s (SO), 34 GB/s (SU), 180.469 us, 6222528 bytes | copy: 1774 GB/s, 7.016 us
   * EP:  13/32 | dispatch: 17 GB/s (SO), 34 GB/s (SU), 183.170 us, 6215040 bytes | copy: 405 GB/s, 30.708 us
   * EP:  14/32 | dispatch: 17 GB/s (SO), 33 GB/s (SU), 182.288 us, 6012864 bytes | copy: 411 GB/s, 29.277 us
   * EP:  11/32 | dispatch: 18 GB/s (SO), 35 GB/s (SU), 182.575 us, 6334848 bytes | copy: 447 GB/s, 28.361 us
USDT:2026-10-10 09:15:24 81010:81010 SyncActivityProfilerHandler.cpp:52] profiler_startUSDT:2026-10-10 09:15:24 81009:81009 SyncActivityProfilerHandler.cpp:52] profiler_startUSDT:2026-10-10 09:15:24 81005:81005 SyncActivityProfilerHandler.cpp:52] profiler_startUSDT:2026-10-10 09:15:24 81008:81008 SyncActivityProfilerHandler.cpp:52] profiler_startUSDT:2026-10-10 09:15:24 81004:81004 SyncActivityProfilerHandler.cpp:52] profiler_startUSDT:2026-10-10 09:15:24 81007:81007 SyncActivityProfilerHandler.cpp:52] profiler_start
USDT:2026-10-10 09:15:24 81011:81011 SyncActivityProfilerHandler.cpp:52] profiler_start





USDT:2026-10-10 09:15:24 81006:81006 SyncActivityProfilerHandler.cpp:52] profiler_start
USDT:2026-10-10 09:15:24 81010:81010 SyncActivityProfilerHandler.cpp:59] profiler_stopUSDT:2026-10-10 09:15:24 81008:81008 SyncActivityProfilerHandler.cpp:59] profiler_stopUSDT:2026-10-10 09:15:24 81005:81005 SyncActivityProfilerHandler.cpp:59] profiler_stopUSDT:2026-10-10 09:15:24 81007:81007 SyncActivityProfilerHandler.cpp:59] profiler_stopUSDT:2026-10-10 09:15:24 81009:81009 SyncActivityProfilerHandler.cpp:59] profiler_stopUSDT:2026-10-10 09:15:24 81004:81004 SyncActivityProfilerHandler.cpp:59] profiler_stop
USDT:2026-10-10 09:15:24 81011:81011 SyncActivityProfilerHandler.cpp:59] profiler_stop





USDT:2026-10-10 09:15:24 81006:81006 SyncActivityProfilerHandler.cpp:59] profiler_stop
   - EP:  12/32 | expanded dispatch: 18 GB/s (SO), 32 GB/s (SU), 180.167 us, 5780736 bytes | copy: 501 GB/s, 26.390 us
   - EP:  15/32 | expanded dispatch: 17 GB/s (SO), 34 GB/s (SU), 179.964 us, 6147648 bytes | copy: 813 GB/s, 16.841 us
   - EP:  13/32 | expanded dispatch: 17 GB/s (SO), 34 GB/s (SU), 180.788 us, 6215040 bytes | copy: 523 GB/s, 28.328 us
   - EP:   9/32 | expanded dispatch: 18 GB/s (SO), 34 GB/s (SU), 180.591 us, 6200064 bytes | copy: 560 GB/s, 26.435 us
   - EP:  14/32 | expanded dispatch: 17 GB/s (SO), 33 GB/s (SU), 180.180 us, 6012864 bytes | copy: 499 GB/s, 27.404 us
   - EP:   8/32 | expanded dispatch: 18 GB/s (SO), 35 GB/s (SU), 178.888 us, 6222528 bytes | copy: 1765 GB/s, 7.867 us
   - EP:  11/32 | expanded dispatch: 18 GB/s (SO), 35 GB/s (SU), 180.215 us, 6334848 bytes | copy: 509 GB/s, 27.279 us
   - EP:  10/32 | expanded dispatch: 18 GB/s (SO), 34 GB/s (SU), 179.721 us, 6102720 bytes | copy: 568 GB/s, 24.080 us
USDT:2026-10-10 09:15:25 81009:81009 SyncActivityProfilerHandler.cpp:52] profiler_startUSDT:2026-10-10 09:15:25 81005:81005 SyncActivityProfilerHandler.cpp:52] profiler_startUSDT:2026-10-10 09:15:25 81010:81010 SyncActivityProfilerHandler.cpp:52] profiler_startUSDT:2026-10-10 09:15:25 81007:81007 SyncActivityProfilerHandler.cpp:52] profiler_startUSDT:2026-10-10 09:15:25 81004:81004 SyncActivityProfilerHandler.cpp:52] profiler_start

USDT:2026-10-10 09:15:25 81011:81011 SyncActivityProfilerHandler.cpp:52] profiler_startUSDT:2026-10-10 09:15:25 81006:81006 SyncActivityProfilerHandler.cpp:52] profiler_startUSDT:2026-10-10 09:15:25 81008:81008 SyncActivityProfilerHandler.cpp:52] profiler_start





USDT:2026-10-10 09:15:25 81009:81009 SyncActivityProfilerHandler.cpp:59] profiler_stopUSDT:2026-10-10 09:15:25 81005:81005 SyncActivityProfilerHandler.cpp:59] profiler_stopUSDT:2026-10-10 09:15:25 81007:81007 SyncActivityProfilerHandler.cpp:59] profiler_stopUSDT:2026-10-10 09:15:25 81011:81011 SyncActivityProfilerHandler.cpp:59] profiler_stop
USDT:2026-10-10 09:15:25 81004:81004 SyncActivityProfilerHandler.cpp:59] profiler_stop


USDT:2026-10-10 09:15:25 81008:81008 SyncActivityProfilerHandler.cpp:59] profiler_stop
USDT:2026-10-10 09:15:25 81006:81006 SyncActivityProfilerHandler.cpp:59] profiler_stopUSDT:2026-10-10 09:15:25 81010:81010 SyncActivityProfilerHandler.cpp:59] profiler_stop


   # EP:  13/32 | cached dispatch: 17 GB/s (SO), 34 GB/s (SU), 182.552 us, 6215040 bytes | copy: 377 GB/s, 32.960 us
   # EP:  12/32 | cached dispatch: 18 GB/s (SO), 32 GB/s (SU), 180.655 us, 5780736 bytes | copy: 403 GB/s, 28.682 us
   # EP:   9/32 | cached dispatch: 18 GB/s (SO), 34 GB/s (SU), 182.742 us, 6200064 bytes | copy: 397 GB/s, 31.253 us
   # EP:  11/32 | cached dispatch: 18 GB/s (SO), 35 GB/s (SU), 182.331 us, 6334848 bytes | copy: 397 GB/s, 31.906 us
   # EP:  14/32 | cached dispatch: 17 GB/s (SO), 33 GB/s (SU), 182.100 us, 6012864 bytes | copy: 366 GB/s, 32.817 us
   # EP:  15/32 | cached dispatch: 16 GB/s (SO), 34 GB/s (SU), 181.978 us, 6147648 bytes | copy: 533 GB/s, 23.077 us
   # EP:  10/32 | cached dispatch: 17 GB/s (SO), 34 GB/s (SU), 181.663 us, 6102720 bytes | copy: 427 GB/s, 28.594 us
   # EP:   8/32 | cached dispatch: 18 GB/s (SO), 35 GB/s (SU), 179.178 us, 6222528 bytes | copy: 1902 GB/s, 6.544 us
USDT:2026-10-10 09:15:25 81005:81005 SyncActivityProfilerHandler.cpp:52] profiler_start
USDT:2026-10-10 09:15:25 81004:81004 SyncActivityProfilerHandler.cpp:52] profiler_startUSDT:2026-10-10 09:15:25 81007:81007 SyncActivityProfilerHandler.cpp:52] profiler_startUSDT:2026-10-10 09:15:25 81011:81011 SyncActivityProfilerHandler.cpp:52] profiler_startUSDT:2026-10-10 09:15:25 81008:81008 SyncActivityProfilerHandler.cpp:52] profiler_startUSDT:2026-10-10 09:15:25 81006:81006 SyncActivityProfilerHandler.cpp:52] profiler_start
USDT:2026-10-10 09:15:25 81009:81009 SyncActivityProfilerHandler.cpp:52] profiler_start

USDT:2026-10-10 09:15:25 81010:81010 SyncActivityProfilerHandler.cpp:52] profiler_start



USDT:2026-10-10 09:15:26 81005:81005 SyncActivityProfilerHandler.cpp:59] profiler_stop
USDT:2026-10-10 09:15:26 81008:81008 SyncActivityProfilerHandler.cpp:59] profiler_stopUSDT:2026-10-10 09:15:26 81011:81011 SyncActivityProfilerHandler.cpp:59] profiler_stop

USDT:2026-10-10 09:15:26 81009:81009 SyncActivityProfilerHandler.cpp:59] profiler_stopUSDT:2026-10-10 09:15:26 81006:81006 SyncActivityProfilerHandler.cpp:59] profiler_stop

USDT:2026-10-10 09:15:26 81004:81004 SyncActivityProfilerHandler.cpp:59] profiler_stop
USDT:2026-10-10 09:15:26 81007:81007 SyncActivityProfilerHandler.cpp:59] profiler_stop
USDT:2026-10-10 09:15:26 81010:81010 SyncActivityProfilerHandler.cpp:59] profiler_stop
   @ EP:   9/32 | combine: 23 GB/s (SO), 45 GB/s (SU), 265.509 us, 11896704 bytes | reduce: 1144 GB/s, 6.931 us   @ EP:  13/32 | combine: 22 GB/s (SO), 44 GB/s (SU), 268.291 us, 11925440 bytes | reduce: 1104 GB/s, 6.882 us

   @ EP:  15/32 | combine: 21 GB/s (SO), 43 GB/s (SU), 273.426 us, 11796128 bytes | reduce: 1071 GB/s, 6.839 us
   @ EP:  12/32 | combine: 24 GB/s (SO), 44 GB/s (SU), 250.115 us, 11092096 bytes | reduce: 1113 GB/s, 6.987 us
   @ EP:  10/32 | combine: 23 GB/s (SO), 44 GB/s (SU), 266.754 us, 11709920 bytes | reduce: 1129 GB/s, 6.885 us
   @ EP:   8/32 | combine: 25 GB/s (SO), 48 GB/s (SU), 250.284 us, 11939808 bytes | reduce: 1151 GB/s, 6.992 us
   @ EP:  11/32 | combine: 23 GB/s (SO), 46 GB/s (SU), 261.940 us, 12155328 bytes | reduce: 1137 GB/s, 6.877 us
   @ EP:  14/32 | combine: 21 GB/s (SO), 42 GB/s (SU), 274.669 us, 11537504 bytes | reduce: 1084 GB/s, 6.920 us
USDT:2026-10-10 09:15:26 81004:81004 SyncActivityProfilerHandler.cpp:52] profiler_startUSDT:2026-10-10 09:15:26 81008:81008 SyncActivityProfilerHandler.cpp:52] profiler_startUSDT:2026-10-10 09:15:26 81005:81005 SyncActivityProfilerHandler.cpp:52] profiler_start


USDT:2026-10-10 09:15:26 81011:81011 SyncActivityProfilerHandler.cpp:52] profiler_start
USDT:2026-10-10 09:15:26 81006:81006 SyncActivityProfilerHandler.cpp:52] profiler_start
USDT:2026-10-10 09:15:26 81010:81010 SyncActivityProfilerHandler.cpp:52] profiler_start
USDT:2026-10-10 09:15:26 81009:81009 SyncActivityProfilerHandler.cpp:52] profiler_start
USDT:2026-10-10 09:15:26 81007:81007 SyncActivityProfilerHandler.cpp:52] profiler_start
USDT:2026-10-10 09:15:27 81004:81004 SyncActivityProfilerHandler.cpp:59] profiler_stopUSDT:2026-10-10 09:15:27 81008:81008 SyncActivityProfilerHandler.cpp:59] profiler_stop

USDT:2026-10-10 09:15:27 81005:81005 SyncActivityProfilerHandler.cpp:59] profiler_stop
USDT:2026-10-10 09:15:27 81011:81011 SyncActivityProfilerHandler.cpp:59] profiler_stop
USDT:2026-10-10 09:15:27 81010:81010 SyncActivityProfilerHandler.cpp:59] profiler_stop
USDT:2026-10-10 09:15:27 81007:81007 SyncActivityProfilerHandler.cpp:59] profiler_stop
USDT:2026-10-10 09:15:27 81009:81009 SyncActivityProfilerHandler.cpp:59] profiler_stop
USDT:2026-10-10 09:15:27 81006:81006 SyncActivityProfilerHandler.cpp:59] profiler_stop
   + EP:  12/32 | reduced combine: 22 GB/s (SO), 40 GB/s (SU), 275.260 us, 11092096 bytes | reduce: 1144 GB/s, 6.795 us
   + EP:  15/32 | reduced combine: 19 GB/s (SO), 40 GB/s (SU), 295.280 us, 11796128 bytes | reduce: 1057 GB/s, 6.934 us
   + EP:   9/32 | reduced combine: 22 GB/s (SO), 42 GB/s (SU), 280.695 us, 11896704 bytes | reduce: 1145 GB/s, 6.926 us   + EP:   8/32 | reduced combine: 24 GB/s (SO), 45 GB/s (SU), 264.191 us, 11939808 bytes | reduce: 1176 GB/s, 6.841 us

   + EP:  10/32 | reduced combine: 22 GB/s (SO), 42 GB/s (SU), 280.249 us, 11709920 bytes | reduce: 1125 GB/s, 6.912 us
   + EP:  14/32 | reduced combine: 20 GB/s (SO), 40 GB/s (SU), 286.667 us, 11537504 bytes | reduce: 1098 GB/s, 6.832 us
   + EP:  13/32 | reduced combine: 21 GB/s (SO), 42 GB/s (SU), 282.264 us, 11925440 bytes | reduce: 1110 GB/s, 6.847 us
   + EP:  11/32 | reduced combine: 22 GB/s (SO), 44 GB/s (SU), 278.343 us, 12155328 bytes | reduce: 1144 GB/s, 6.832 us


