DeepEP hybrid kernel selection: unordered
DeepEP hybrid kernel selection: unordered
DeepEP hybrid kernel selection: unordered
DeepEP hybrid kernel selection: unordered
DeepEP hybrid kernel selection: unordered
DeepEP hybrid kernel selection: unordered
DeepEP hybrid kernel selection: unordered
DeepEP hybrid kernel selection: unordered
DeepEP hybrid kernel selection: unordered
DeepEP hybrid kernel selection: unordered
DeepEP hybrid kernel selection: unordered
DeepEP hybrid kernel selection: unordered
DeepEP hybrid kernel selection: unordered
DeepEP hybrid kernel selection: unordered
DeepEP hybrid kernel selection: unordered
DeepEP hybrid kernel selection: unordered
Config:
 > Ranks: 4 x 8
 > Experts: 8/256
 > Tokens: 112 (max: 128), hidden: 7168
 > #SM: 12, #QPs: 11/11

Running all test cases:
 > Testing with do_handle_copy=1, expert_alignment=128, use_fp8_dispatch=1, num_bias=0, with_previous_event=0, async_with_compute_stream=0, allocate_on_comm_stream=0 ...
USDT:2026-10-10 09:13:47 47582:47582 SyncActivityProfilerHandler.cpp:52] profiler_startUSDT:2026-10-10 09:13:47 47575:47575 SyncActivityProfilerHandler.cpp:52] profiler_startUSDT:2026-10-10 09:13:47 47580:47580 SyncActivityProfilerHandler.cpp:52] profiler_startUSDT:2026-10-10 09:13:47 47576:47576 SyncActivityProfilerHandler.cpp:52] profiler_start



USDT:2026-10-10 09:13:47 47581:47581 SyncActivityProfilerHandler.cpp:52] profiler_startUSDT:2026-10-10 09:13:47 47578:47578 SyncActivityProfilerHandler.cpp:52] profiler_start

USDT:2026-10-10 09:13:47 47579:47579 SyncActivityProfilerHandler.cpp:52] profiler_start
USDT:2026-10-10 09:13:47 47577:47577 SyncActivityProfilerHandler.cpp:52] profiler_start
USDT:2026-10-10 09:13:47 47578:47578 SyncActivityProfilerHandler.cpp:59] profiler_stopUSDT:2026-10-10 09:13:47 47580:47580 SyncActivityProfilerHandler.cpp:59] profiler_stopUSDT:2026-10-10 09:13:47 47579:47579 SyncActivityProfilerHandler.cpp:59] profiler_stopUSDT:2026-10-10 09:13:47 47575:47575 SyncActivityProfilerHandler.cpp:59] profiler_stopUSDT:2026-10-10 09:13:47 47576:47576 SyncActivityProfilerHandler.cpp:59] profiler_stopUSDT:2026-10-10 09:13:47 47577:47577 SyncActivityProfilerHandler.cpp:59] profiler_stop
USDT:2026-10-10 09:13:47 47582:47582 SyncActivityProfilerHandler.cpp:59] profiler_stop





USDT:2026-10-10 09:13:47 47581:47581 SyncActivityProfilerHandler.cpp:59] profiler_stop
   * EP:  21/32 | dispatch: 17 GB/s (SO), 35 GB/s (SU), 175.145 us, 6155136 bytes | copy: 535 GB/s, 23.007 us
   * EP:  16/32 | dispatch: 17 GB/s (SO), 37 GB/s (SU), 172.005 us, 6342336 bytes | copy: 1311 GB/s, 9.672 us
   * EP:  23/32 | dispatch: 16 GB/s (SO), 36 GB/s (SU), 174.439 us, 6200064 bytes | copy: 921 GB/s, 13.457 us
   * EP:  17/32 | dispatch: 17 GB/s (SO), 36 GB/s (SU), 175.192 us, 6327360 bytes | copy: 831 GB/s, 15.227 us
   * EP:  18/32 | dispatch: 17 GB/s (SO), 34 GB/s (SU), 171.060 us, 5885568 bytes | copy: 962 GB/s, 12.239 us
   * EP:  20/32 | dispatch: 17 GB/s (SO), 35 GB/s (SU), 175.154 us, 6072768 bytes | copy: 589 GB/s, 20.620 us
   * EP:  19/32 | dispatch: 17 GB/s (SO), 36 GB/s (SU), 173.697 us, 6289920 bytes | copy: 798 GB/s, 15.774 us
   * EP:  22/32 | dispatch: 16 GB/s (SO), 36 GB/s (SU), 173.730 us, 6289920 bytes | copy: 1163 GB/s, 10.813 us
USDT:2026-10-10 09:13:48 47582:47582 SyncActivityProfilerHandler.cpp:52] profiler_startUSDT:2026-10-10 09:13:48 47581:47581 SyncActivityProfilerHandler.cpp:52] profiler_startUSDT:2026-10-10 09:13:48 47578:47578 SyncActivityProfilerHandler.cpp:52] profiler_startUSDT:2026-10-10 09:13:48 47580:47580 SyncActivityProfilerHandler.cpp:52] profiler_startUSDT:2026-10-10 09:13:48 47576:47576 SyncActivityProfilerHandler.cpp:52] profiler_startUSDT:2026-10-10 09:13:48 47577:47577 SyncActivityProfilerHandler.cpp:52] profiler_startUSDT:2026-10-10 09:13:48 47579:47579 SyncActivityProfilerHandler.cpp:52] profiler_start






USDT:2026-10-10 09:13:48 47575:47575 SyncActivityProfilerHandler.cpp:52] profiler_start
USDT:2026-10-10 09:13:48 47578:47578 SyncActivityProfilerHandler.cpp:59] profiler_stopUSDT:2026-10-10 09:13:48 47577:47577 SyncActivityProfilerHandler.cpp:59] profiler_stopUSDT:2026-10-10 09:13:48 47582:47582 SyncActivityProfilerHandler.cpp:59] profiler_stopUSDT:2026-10-10 09:13:48 47581:47581 SyncActivityProfilerHandler.cpp:59] profiler_stop
USDT:2026-10-10 09:13:48 47580:47580 SyncActivityProfilerHandler.cpp:59] profiler_stopUSDT:2026-10-10 09:13:48 47575:47575 SyncActivityProfilerHandler.cpp:59] profiler_stopUSDT:2026-10-10 09:13:48 47576:47576 SyncActivityProfilerHandler.cpp:59] profiler_stop





USDT:2026-10-10 09:13:48 47579:47579 SyncActivityProfilerHandler.cpp:59] profiler_stop
   - EP:  19/32 | expanded dispatch: 17 GB/s (SO), 36 GB/s (SU), 173.490 us, 6289920 bytes | copy: 838 GB/s, 16.694 us
   - EP:  23/32 | expanded dispatch: 16 GB/s (SO), 36 GB/s (SU), 173.767 us, 6200064 bytes | copy: 1100 GB/s, 13.348 us
   - EP:  22/32 | expanded dispatch: 16 GB/s (SO), 36 GB/s (SU), 173.579 us, 6289920 bytes | copy: 1387 GB/s, 9.977 us
   - EP:  21/32 | expanded dispatch: 17 GB/s (SO), 35 GB/s (SU), 174.895 us, 6155136 bytes | copy: 675 GB/s, 21.605 us
   - EP:  18/32 | expanded dispatch: 17 GB/s (SO), 34 GB/s (SU), 171.556 us, 5885568 bytes | copy: 925 GB/s, 14.574 us
   - EP:  16/32 | expanded dispatch: 17 GB/s (SO), 37 GB/s (SU), 172.373 us, 6342336 bytes | copy: 1143 GB/s, 13.166 us   - EP:  17/32 | expanded dispatch: 17 GB/s (SO), 36 GB/s (SU), 174.837 us, 6327360 bytes | copy: 882 GB/s, 17.934 us

   - EP:  20/32 | expanded dispatch: 16 GB/s (SO), 35 GB/s (SU), 175.232 us, 6072768 bytes | copy: 667 GB/s, 22.000 us
USDT:2026-10-10 09:13:48 47578:47578 SyncActivityProfilerHandler.cpp:52] profiler_startUSDT:2026-10-10 09:13:48 47581:47581 SyncActivityProfilerHandler.cpp:52] profiler_startUSDT:2026-10-10 09:13:48 47577:47577 SyncActivityProfilerHandler.cpp:52] profiler_startUSDT:2026-10-10 09:13:48 47576:47576 SyncActivityProfilerHandler.cpp:52] profiler_start



USDT:2026-10-10 09:13:48 47580:47580 SyncActivityProfilerHandler.cpp:52] profiler_start
USDT:2026-10-10 09:13:48 47582:47582 SyncActivityProfilerHandler.cpp:52] profiler_start
USDT:2026-10-10 09:13:48 47575:47575 SyncActivityProfilerHandler.cpp:52] profiler_start
USDT:2026-10-10 09:13:48 47579:47579 SyncActivityProfilerHandler.cpp:52] profiler_start
USDT:2026-10-10 09:13:49 47578:47578 SyncActivityProfilerHandler.cpp:59] profiler_stopUSDT:2026-10-10 09:13:49 47575:47575 SyncActivityProfilerHandler.cpp:59] profiler_stopUSDT:2026-10-10 09:13:49 47581:47581 SyncActivityProfilerHandler.cpp:59] profiler_stopUSDT:2026-10-10 09:13:49 47582:47582 SyncActivityProfilerHandler.cpp:59] profiler_stop

USDT:2026-10-10 09:13:49 47576:47576 SyncActivityProfilerHandler.cpp:59] profiler_stopUSDT:2026-10-10 09:13:49 47580:47580 SyncActivityProfilerHandler.cpp:59] profiler_stop
USDT:2026-10-10 09:13:49 47577:47577 SyncActivityProfilerHandler.cpp:59] profiler_stop



USDT:2026-10-10 09:13:49 47579:47579 SyncActivityProfilerHandler.cpp:59] profiler_stop
   # EP:  19/32 | cached dispatch: 17 GB/s (SO), 37 GB/s (SU), 172.195 us, 6289920 bytes | copy: 614 GB/s, 20.502 us
   # EP:  22/32 | cached dispatch: 17 GB/s (SO), 37 GB/s (SU), 171.888 us, 6289920 bytes | copy: 1279 GB/s, 9.839 us   # EP:  16/32 | cached dispatch: 18 GB/s (SO), 37 GB/s (SU), 170.067 us, 6342336 bytes | copy: 915 GB/s, 13.869 us

   # EP:  18/32 | cached dispatch: 17 GB/s (SO), 35 GB/s (SU), 170.122 us, 5885568 bytes | copy: 731 GB/s, 16.101 us
   # EP:  23/32 | cached dispatch: 16 GB/s (SO), 36 GB/s (SU), 173.215 us, 6200064 bytes | copy: 830 GB/s, 14.938 us
   # EP:  17/32 | cached dispatch: 17 GB/s (SO), 37 GB/s (SU), 172.642 us, 6327360 bytes | copy: 690 GB/s, 18.341 us
   # EP:  21/32 | cached dispatch: 17 GB/s (SO), 35 GB/s (SU), 174.026 us, 6155136 bytes | copy: 512 GB/s, 24.060 us
   # EP:  20/32 | cached dispatch: 17 GB/s (SO), 35 GB/s (SU), 174.238 us, 6072768 bytes | copy: 471 GB/s, 25.807 us
USDT:2026-10-10 09:13:49 47580:47580 SyncActivityProfilerHandler.cpp:52] profiler_startUSDT:2026-10-10 09:13:49 47582:47582 SyncActivityProfilerHandler.cpp:52] profiler_startUSDT:2026-10-10 09:13:49 47578:47578 SyncActivityProfilerHandler.cpp:52] profiler_start
USDT:2026-10-10 09:13:49 47575:47575 SyncActivityProfilerHandler.cpp:52] profiler_startUSDT:2026-10-10 09:13:49 47576:47576 SyncActivityProfilerHandler.cpp:52] profiler_start

USDT:2026-10-10 09:13:49 47577:47577 SyncActivityProfilerHandler.cpp:52] profiler_startUSDT:2026-10-10 09:13:49 47581:47581 SyncActivityProfilerHandler.cpp:52] profiler_startUSDT:2026-10-10 09:13:49 47579:47579 SyncActivityProfilerHandler.cpp:52] profiler_start




USDT:2026-10-10 09:13:49 47575:47575 SyncActivityProfilerHandler.cpp:59] profiler_stopUSDT:2026-10-10 09:13:49 47582:47582 SyncActivityProfilerHandler.cpp:59] profiler_stopUSDT:2026-10-10 09:13:49 47578:47578 SyncActivityProfilerHandler.cpp:59] profiler_stop
USDT:2026-10-10 09:13:49 47580:47580 SyncActivityProfilerHandler.cpp:59] profiler_stop

USDT:2026-10-10 09:13:49 47576:47576 SyncActivityProfilerHandler.cpp:59] profiler_stop

USDT:2026-10-10 09:13:49 47579:47579 SyncActivityProfilerHandler.cpp:59] profiler_stop
USDT:2026-10-10 09:13:49 47581:47581 SyncActivityProfilerHandler.cpp:59] profiler_stop
USDT:2026-10-10 09:13:49 47577:47577 SyncActivityProfilerHandler.cpp:59] profiler_stop
   @ EP:  16/32 | combine: 21 GB/s (SO), 44 GB/s (SU), 277.703 us, 12169696 bytes | reduce: 1035 GB/s, 7.083 us
   @ EP:  23/32 | combine: 19 GB/s (SO), 42 GB/s (SU), 280.742 us, 11896704 bytes | reduce: 1011 GB/s, 6.848 us
   @ EP:  17/32 | combine: 21 GB/s (SO), 44 GB/s (SU), 277.818 us, 12140960 bytes | reduce: 1044 GB/s, 6.988 us
   @ EP:  19/32 | combine: 20 GB/s (SO), 43 GB/s (SU), 278.677 us, 12069120 bytes | reduce: 1026 GB/s, 7.015 us
   @ EP:  21/32 | combine: 20 GB/s (SO), 42 GB/s (SU), 278.115 us, 11810496 bytes | reduce: 1042 GB/s, 6.851 us
   @ EP:  20/32 | combine: 18 GB/s (SO), 39 GB/s (SU), 301.428 us, 11652448 bytes | reduce: 1017 GB/s, 6.978 us
   @ EP:  22/32 | combine: 19 GB/s (SO), 41 GB/s (SU), 295.293 us, 12069120 bytes | reduce: 1002 GB/s, 6.986 us
   @ EP:  18/32 | combine: 20 GB/s (SO), 39 GB/s (SU), 289.107 us, 11293248 bytes | reduce: 1058 GB/s, 6.833 us
USDT:2026-10-10 09:13:50 47578:47578 SyncActivityProfilerHandler.cpp:52] profiler_startUSDT:2026-10-10 09:13:50 47575:47575 SyncActivityProfilerHandler.cpp:52] profiler_startUSDT:2026-10-10 09:13:50 47582:47582 SyncActivityProfilerHandler.cpp:52] profiler_start
USDT:2026-10-10 09:13:50 47580:47580 SyncActivityProfilerHandler.cpp:52] profiler_startUSDT:2026-10-10 09:13:50 47576:47576 SyncActivityProfilerHandler.cpp:52] profiler_start
USDT:2026-10-10 09:13:50 47577:47577 SyncActivityProfilerHandler.cpp:52] profiler_start

USDT:2026-10-10 09:13:50 47579:47579 SyncActivityProfilerHandler.cpp:52] profiler_start

USDT:2026-10-10 09:13:50 47581:47581 SyncActivityProfilerHandler.cpp:52] profiler_start

USDT:2026-10-10 09:13:50 47578:47578 SyncActivityProfilerHandler.cpp:59] profiler_stopUSDT:2026-10-10 09:13:50 47582:47582 SyncActivityProfilerHandler.cpp:59] profiler_stopUSDT:2026-10-10 09:13:50 47575:47575 SyncActivityProfilerHandler.cpp:59] profiler_stop

USDT:2026-10-10 09:13:50 47581:47581 SyncActivityProfilerHandler.cpp:59] profiler_stop
USDT:2026-10-10 09:13:50 47580:47580 SyncActivityProfilerHandler.cpp:59] profiler_stopUSDT:2026-10-10 09:13:50 47577:47577 SyncActivityProfilerHandler.cpp:59] profiler_stopUSDT:2026-10-10 09:13:50 47576:47576 SyncActivityProfilerHandler.cpp:59] profiler_stop



USDT:2026-10-10 09:13:50 47579:47579 SyncActivityProfilerHandler.cpp:59] profiler_stop
   + EP:  19/32 | reduced combine: 19 GB/s (SO), 41 GB/s (SU), 293.994 us, 12069120 bytes | reduce: 1039 GB/s, 6.926 us
   + EP:  23/32 | reduced combine: 18 GB/s (SO), 40 GB/s (SU), 297.681 us, 11896704 bytes | reduce: 995 GB/s, 6.962 us
   + EP:  16/32 | reduced combine: 20 GB/s (SO), 42 GB/s (SU), 291.504 us, 12169696 bytes | reduce: 1053 GB/s, 6.956 us   + EP:  21/32 | reduced combine: 19 GB/s (SO), 40 GB/s (SU), 295.083 us, 11810496 bytes | reduce: 1036 GB/s, 6.892 us

   + EP:  22/32 | reduced combine: 18 GB/s (SO), 39 GB/s (SU), 311.759 us, 12069120 bytes | reduce: 1022 GB/s, 6.846 us
   + EP:  18/32 | reduced combine: 19 GB/s (SO), 37 GB/s (SU), 304.864 us, 11293248 bytes | reduce: 1031 GB/s, 7.007 us
   + EP:  17/32 | reduced combine: 20 GB/s (SO), 42 GB/s (SU), 290.474 us, 12140960 bytes | reduce: 1042 GB/s, 7.005 us
   + EP:  20/32 | reduced combine: 18 GB/s (SO), 37 GB/s (SU), 315.509 us, 11652448 bytes | reduce: 1021 GB/s, 6.949 us


