NCCL version 2.32.3+cuda13.4
DeepEP hybrid kernel selection: unordered
DeepEP hybrid kernel selection: unordered
DeepEP hybrid kernel selection: unordered
DeepEP hybrid kernel selection: unordered
DeepEP hybrid kernel selection: unordered
DeepEP hybrid kernel selection: unordered
DeepEP hybrid kernel selection: unordered
DeepEP hybrid kernel selection: unordered
DeepEP hybrid kernel selection: unordered
DeepEP hybrid kernel selection: unordered
DeepEP hybrid kernel selection: unordered
DeepEP hybrid kernel selection: unordered
DeepEP hybrid kernel selection: unordered
DeepEP hybrid kernel selection: unordered
DeepEP hybrid kernel selection: unordered
DeepEP hybrid kernel selection: unordered
Config:
 > Ranks: 4 x 8
 > Experts: 8/256
 > Tokens: 128 (max: 128), hidden: 7168
 > #SM: 12, #QPs: 11/11

Running all test cases:
 > Testing with do_handle_copy=1, expert_alignment=128, use_fp8_dispatch=1, num_bias=0, with_previous_event=0, async_with_compute_stream=0, allocate_on_comm_stream=0 ...
USDT:2026-10-10 09:12:10 78101:78101 SyncActivityProfilerHandler.cpp:52] profiler_startUSDT:2026-10-10 09:12:10 78100:78100 SyncActivityProfilerHandler.cpp:52] profiler_startUSDT:2026-10-10 09:12:10 78099:78099 SyncActivityProfilerHandler.cpp:52] profiler_startUSDT:2026-10-10 09:12:10 78104:78104 SyncActivityProfilerHandler.cpp:52] profiler_startUSDT:2026-10-10 09:12:10 78103:78103 SyncActivityProfilerHandler.cpp:52] profiler_start
USDT:2026-10-10 09:12:10 78102:78102 SyncActivityProfilerHandler.cpp:52] profiler_startUSDT:2026-10-10 09:12:10 78097:78097 SyncActivityProfilerHandler.cpp:52] profiler_start

USDT:2026-10-10 09:12:10 78098:78098 SyncActivityProfilerHandler.cpp:52] profiler_start




USDT:2026-10-10 09:12:11 78101:78101 SyncActivityProfilerHandler.cpp:59] profiler_stopUSDT:2026-10-10 09:12:11 78098:78098 SyncActivityProfilerHandler.cpp:59] profiler_stopUSDT:2026-10-10 09:12:11 78100:78100 SyncActivityProfilerHandler.cpp:59] profiler_stopUSDT:2026-10-10 09:12:11 78104:78104 SyncActivityProfilerHandler.cpp:59] profiler_stop
USDT:2026-10-10 09:12:11 78099:78099 SyncActivityProfilerHandler.cpp:59] profiler_stopUSDT:2026-10-10 09:12:11 78103:78103 SyncActivityProfilerHandler.cpp:59] profiler_stop
USDT:2026-10-10 09:12:11 78102:78102 SyncActivityProfilerHandler.cpp:59] profiler_stop




USDT:2026-10-10 09:12:11 78097:78097 SyncActivityProfilerHandler.cpp:59] profiler_stop
   * EP:   2/32 | dispatch: 20 GB/s (SO), 34 GB/s (SU), 176.696 us, 5952960 bytes | copy: 731 GB/s, 16.278 us
   * EP:   3/32 | dispatch: 19 GB/s (SO), 35 GB/s (SU), 176.072 us, 6207552 bytes | copy: 845 GB/s, 14.696 us
   * EP:   4/32 | dispatch: 19 GB/s (SO), 35 GB/s (SU), 176.980 us, 6252480 bytes | copy: 522 GB/s, 23.933 us
   * EP:   5/32 | dispatch: 19 GB/s (SO), 35 GB/s (SU), 177.871 us, 6200064 bytes | copy: 587 GB/s, 21.107 us
   * EP:   7/32 | dispatch: 19 GB/s (SO), 33 GB/s (SU), 177.015 us, 5803200 bytes | copy: 941 GB/s, 12.338 us
   * EP:   1/32 | dispatch: 19 GB/s (SO), 34 GB/s (SU), 178.381 us, 6042816 bytes | copy: 564 GB/s, 21.419 us
   * EP:   6/32 | dispatch: 19 GB/s (SO), 34 GB/s (SU), 178.049 us, 6020352 bytes | copy: 857 GB/s, 14.048 us
   * EP:   0/32 | dispatch: 20 GB/s (SO), 34 GB/s (SU), 173.626 us, 5863104 bytes | copy: 1440 GB/s, 8.146 us
USDT:2026-10-10 09:12:11 78098:78098 SyncActivityProfilerHandler.cpp:52] profiler_startUSDT:2026-10-10 09:12:11 78097:78097 SyncActivityProfilerHandler.cpp:52] profiler_startUSDT:2026-10-10 09:12:11 78101:78101 SyncActivityProfilerHandler.cpp:52] profiler_startUSDT:2026-10-10 09:12:11 78102:78102 SyncActivityProfilerHandler.cpp:52] profiler_startUSDT:2026-10-10 09:12:11 78103:78103 SyncActivityProfilerHandler.cpp:52] profiler_startUSDT:2026-10-10 09:12:11 78099:78099 SyncActivityProfilerHandler.cpp:52] profiler_start
USDT:2026-10-10 09:12:11 78104:78104 SyncActivityProfilerHandler.cpp:52] profiler_start


USDT:2026-10-10 09:12:11 78100:78100 SyncActivityProfilerHandler.cpp:52] profiler_start



USDT:2026-10-10 09:12:11 78098:78098 SyncActivityProfilerHandler.cpp:59] profiler_stopUSDT:2026-10-10 09:12:11 78103:78103 SyncActivityProfilerHandler.cpp:59] profiler_stopUSDT:2026-10-10 09:12:11 78100:78100 SyncActivityProfilerHandler.cpp:59] profiler_stopUSDT:2026-10-10 09:12:11 78101:78101 SyncActivityProfilerHandler.cpp:59] profiler_stop
USDT:2026-10-10 09:12:11 78097:78097 SyncActivityProfilerHandler.cpp:59] profiler_stopUSDT:2026-10-10 09:12:11 78102:78102 SyncActivityProfilerHandler.cpp:59] profiler_stopUSDT:2026-10-10 09:12:11 78104:78104 SyncActivityProfilerHandler.cpp:59] profiler_stopUSDT:2026-10-10 09:12:11 78099:78099 SyncActivityProfilerHandler.cpp:59] profiler_stop






   - EP:   5/32 | expanded dispatch: 19 GB/s (SO), 35 GB/s (SU), 177.451 us, 6200064 bytes | copy: 631 GB/s, 23.215 us   - EP:   1/32 | expanded dispatch: 19 GB/s (SO), 34 GB/s (SU), 177.862 us, 6042816 bytes | copy: 644 GB/s, 21.116 us

   - EP:   4/32 | expanded dispatch: 19 GB/s (SO), 35 GB/s (SU), 177.066 us, 6252480 bytes | copy: 564 GB/s, 26.317 us   - EP:   0/32 | expanded dispatch: 20 GB/s (SO), 34 GB/s (SU), 173.791 us, 5863104 bytes | copy: 1837 GB/s, 7.302 us

   - EP:   6/32 | expanded dispatch: 19 GB/s (SO), 34 GB/s (SU), 177.497 us, 6020352 bytes | copy: 799 GB/s, 17.059 us
   - EP:   3/32 | expanded dispatch: 19 GB/s (SO), 35 GB/s (SU), 175.604 us, 6207552 bytes | copy: 857 GB/s, 16.247 us
   - EP:   2/32 | expanded dispatch: 20 GB/s (SO), 34 GB/s (SU), 175.811 us, 5952960 bytes | copy: 759 GB/s, 17.703 us
   - EP:   7/32 | expanded dispatch: 19 GB/s (SO), 33 GB/s (SU), 176.673 us, 5803200 bytes | copy: 1040 GB/s, 12.725 us
USDT:2026-10-10 09:12:12 78101:78101 SyncActivityProfilerHandler.cpp:52] profiler_startUSDT:2026-10-10 09:12:12 78103:78103 SyncActivityProfilerHandler.cpp:52] profiler_startUSDT:2026-10-10 09:12:12 78104:78104 SyncActivityProfilerHandler.cpp:52] profiler_startUSDT:2026-10-10 09:12:12 78100:78100 SyncActivityProfilerHandler.cpp:52] profiler_startUSDT:2026-10-10 09:12:12 78097:78097 SyncActivityProfilerHandler.cpp:52] profiler_startUSDT:2026-10-10 09:12:12 78098:78098 SyncActivityProfilerHandler.cpp:52] profiler_startUSDT:2026-10-10 09:12:12 78102:78102 SyncActivityProfilerHandler.cpp:52] profiler_start
USDT:2026-10-10 09:12:12 78099:78099 SyncActivityProfilerHandler.cpp:52] profiler_start






USDT:2026-10-10 09:12:12 78101:78101 SyncActivityProfilerHandler.cpp:59] profiler_stopUSDT:2026-10-10 09:12:12 78104:78104 SyncActivityProfilerHandler.cpp:59] profiler_stopUSDT:2026-10-10 09:12:12 78098:78098 SyncActivityProfilerHandler.cpp:59] profiler_stopUSDT:2026-10-10 09:12:12 78100:78100 SyncActivityProfilerHandler.cpp:59] profiler_stopUSDT:2026-10-10 09:12:12 78103:78103 SyncActivityProfilerHandler.cpp:59] profiler_stop
USDT:2026-10-10 09:12:12 78097:78097 SyncActivityProfilerHandler.cpp:59] profiler_stop
USDT:2026-10-10 09:12:12 78099:78099 SyncActivityProfilerHandler.cpp:59] profiler_stopUSDT:2026-10-10 09:12:12 78102:78102 SyncActivityProfilerHandler.cpp:59] profiler_stop





   # EP:   4/32 | cached dispatch: 19 GB/s (SO), 35 GB/s (SU), 177.932 us, 6252480 bytes | copy: 393 GB/s, 31.827 us
   # EP:   7/32 | cached dispatch: 19 GB/s (SO), 33 GB/s (SU), 177.939 us, 5803200 bytes | copy: 593 GB/s, 19.579 us
   # EP:   5/32 | cached dispatch: 19 GB/s (SO), 35 GB/s (SU), 178.595 us, 6200064 bytes | copy: 449 GB/s, 27.619 us   # EP:   0/32 | cached dispatch: 20 GB/s (SO), 33 GB/s (SU), 175.061 us, 5863104 bytes | copy: 1250 GB/s, 9.379 us
   # EP:   1/32 | cached dispatch: 19 GB/s (SO), 34 GB/s (SU), 178.934 us, 6042816 bytes | copy: 511 GB/s, 23.648 us

   # EP:   2/32 | cached dispatch: 20 GB/s (SO), 34 GB/s (SU), 175.638 us, 5952960 bytes | copy: 540 GB/s, 22.038 us   # EP:   6/32 | cached dispatch: 19 GB/s (SO), 34 GB/s (SU), 178.628 us, 6020352 bytes | copy: 634 GB/s, 18.989 us

   # EP:   3/32 | cached dispatch: 19 GB/s (SO), 35 GB/s (SU), 175.280 us, 6207552 bytes | copy: 559 GB/s, 22.202 us
USDT:2026-10-10 09:12:12 78100:78100 SyncActivityProfilerHandler.cpp:52] profiler_start
USDT:2026-10-10 09:12:12 78103:78103 SyncActivityProfilerHandler.cpp:52] profiler_startUSDT:2026-10-10 09:12:12 78098:78098 SyncActivityProfilerHandler.cpp:52] profiler_startUSDT:2026-10-10 09:12:12 78104:78104 SyncActivityProfilerHandler.cpp:52] profiler_start
USDT:2026-10-10 09:12:12 78101:78101 SyncActivityProfilerHandler.cpp:52] profiler_startUSDT:2026-10-10 09:12:12 78097:78097 SyncActivityProfilerHandler.cpp:52] profiler_startUSDT:2026-10-10 09:12:12 78102:78102 SyncActivityProfilerHandler.cpp:52] profiler_start

USDT:2026-10-10 09:12:12 78099:78099 SyncActivityProfilerHandler.cpp:52] profiler_start



USDT:2026-10-10 09:12:13 78100:78100 SyncActivityProfilerHandler.cpp:59] profiler_stop
USDT:2026-10-10 09:12:13 78103:78103 SyncActivityProfilerHandler.cpp:59] profiler_stopUSDT:2026-10-10 09:12:13 78104:78104 SyncActivityProfilerHandler.cpp:59] profiler_stop
USDT:2026-10-10 09:12:13 78098:78098 SyncActivityProfilerHandler.cpp:59] profiler_stopUSDT:2026-10-10 09:12:13 78101:78101 SyncActivityProfilerHandler.cpp:59] profiler_stop
USDT:2026-10-10 09:12:13 78102:78102 SyncActivityProfilerHandler.cpp:59] profiler_stop

USDT:2026-10-10 09:12:13 78099:78099 SyncActivityProfilerHandler.cpp:59] profiler_stop

USDT:2026-10-10 09:12:13 78097:78097 SyncActivityProfilerHandler.cpp:59] profiler_stop
   @ EP:   6/32 | combine: 24 GB/s (SO), 44 GB/s (SU), 263.863 us, 11551872 bytes | reduce: 1176 GB/s, 6.913 us   @ EP:   4/32 | combine: 24 GB/s (SO), 44 GB/s (SU), 275.181 us, 11997280 bytes | reduce: 1185 GB/s, 6.995 us

   @ EP:   2/32 | combine: 24 GB/s (SO), 42 GB/s (SU), 274.669 us, 11422560 bytes | reduce: 1228 GB/s, 6.915 us   @ EP:   5/32 | combine: 24 GB/s (SO), 44 GB/s (SU), 267.579 us, 11896704 bytes | reduce: 1171 GB/s, 6.981 us

   @ EP:   0/32 | combine: 24 GB/s (SO), 41 GB/s (SU), 277.099 us, 11250144 bytes | reduce: 1203 GB/s, 7.130 us
   @ EP:   3/32 | combine: 27 GB/s (SO), 51 GB/s (SU), 235.552 us, 11911072 bytes | reduce: 1198 GB/s, 6.882 us   @ EP:   7/32 | combine: 24 GB/s (SO), 42 GB/s (SU), 265.870 us, 11135200 bytes | reduce: 1177 GB/s, 6.872 us

   @ EP:   1/32 | combine: 25 GB/s (SO), 44 GB/s (SU), 264.645 us, 11594976 bytes | reduce: 1199 GB/s, 7.020 us
USDT:2026-10-10 09:12:13 78100:78100 SyncActivityProfilerHandler.cpp:52] profiler_start
USDT:2026-10-10 09:12:13 78103:78103 SyncActivityProfilerHandler.cpp:52] profiler_startUSDT:2026-10-10 09:12:13 78098:78098 SyncActivityProfilerHandler.cpp:52] profiler_startUSDT:2026-10-10 09:12:13 78104:78104 SyncActivityProfilerHandler.cpp:52] profiler_start
USDT:2026-10-10 09:12:13 78101:78101 SyncActivityProfilerHandler.cpp:52] profiler_start
USDT:2026-10-10 09:12:13 78097:78097 SyncActivityProfilerHandler.cpp:52] profiler_startUSDT:2026-10-10 09:12:13 78099:78099 SyncActivityProfilerHandler.cpp:52] profiler_startUSDT:2026-10-10 09:12:13 78102:78102 SyncActivityProfilerHandler.cpp:52] profiler_start




USDT:2026-10-10 09:12:14 78100:78100 SyncActivityProfilerHandler.cpp:59] profiler_stop
USDT:2026-10-10 09:12:14 78104:78104 SyncActivityProfilerHandler.cpp:59] profiler_stopUSDT:2026-10-10 09:12:14 78098:78098 SyncActivityProfilerHandler.cpp:59] profiler_stop
USDT:2026-10-10 09:12:14 78102:78102 SyncActivityProfilerHandler.cpp:59] profiler_stopUSDT:2026-10-10 09:12:14 78101:78101 SyncActivityProfilerHandler.cpp:59] profiler_stop
USDT:2026-10-10 09:12:14 78097:78097 SyncActivityProfilerHandler.cpp:59] profiler_stop

USDT:2026-10-10 09:12:14 78099:78099 SyncActivityProfilerHandler.cpp:59] profiler_stopUSDT:2026-10-10 09:12:14 78103:78103 SyncActivityProfilerHandler.cpp:59] profiler_stop


   + EP:   1/32 | reduced combine: 24 GB/s (SO), 42 GB/s (SU), 277.318 us, 11594976 bytes | reduce: 1221 GB/s, 6.898 us
   + EP:   7/32 | reduced combine: 23 GB/s (SO), 40 GB/s (SU), 279.180 us, 11135200 bytes | reduce: 1150 GB/s, 7.037 us
   + EP:   0/32 | reduced combine: 23 GB/s (SO), 39 GB/s (SU), 292.116 us, 11250144 bytes | reduce: 1221 GB/s, 7.024 us   + EP:   4/32 | reduced combine: 22 GB/s (SO), 41 GB/s (SU), 291.158 us, 11997280 bytes | reduce: 1212 GB/s, 6.838 us
   + EP:   5/32 | reduced combine: 23 GB/s (SO), 42 GB/s (SU), 281.643 us, 11896704 bytes | reduce: 1175 GB/s, 6.960 us

   + EP:   2/32 | reduced combine: 23 GB/s (SO), 39 GB/s (SU), 292.424 us, 11422560 bytes | reduce: 1220 GB/s, 6.960 us
   + EP:   3/32 | reduced combine: 26 GB/s (SO), 48 GB/s (SU), 250.322 us, 11911072 bytes | reduce: 1184 GB/s, 6.965 us   + EP:   6/32 | reduced combine: 23 GB/s (SO), 41 GB/s (SU), 278.925 us, 11551872 bytes | reduce: 1149 GB/s, 7.078 us



