DeepEP hybrid kernel selection: unordered
DeepEP hybrid kernel selection: unordered
DeepEP hybrid kernel selection: unordered
DeepEP hybrid kernel selection: unordered
DeepEP hybrid kernel selection: unordered
DeepEP hybrid kernel selection: unordered
DeepEP hybrid kernel selection: unordered
DeepEP hybrid kernel selection: unordered
Config:
 > Ranks: 4 x 8
 > Experts: 8/256
 > Tokens: 112 (max: 128), hidden: 7168
 > #SM: 12, #QPs: 11/11

Running all test cases:
 > Testing with expert_alignment=128, use_fp8_dispatch=1, num_bias=0, with_previous_event=0, async_with_compute_stream=0, allocate_on_comm_stream=0 ...
USDT:2026-10-10 09:14:35 49668:49668 SyncActivityProfilerHandler.cpp:52] profiler_startUSDT:2026-10-10 09:14:35 49666:49666 SyncActivityProfilerHandler.cpp:52] profiler_startUSDT:2026-10-10 09:14:35 49669:49669 SyncActivityProfilerHandler.cpp:52] profiler_startUSDT:2026-10-10 09:14:35 49664:49664 SyncActivityProfilerHandler.cpp:52] profiler_startUSDT:2026-10-10 09:14:35 49671:49671 SyncActivityProfilerHandler.cpp:52] profiler_start


USDT:2026-10-10 09:14:35 49667:49667 SyncActivityProfilerHandler.cpp:52] profiler_start

USDT:2026-10-10 09:14:35 49665:49665 SyncActivityProfilerHandler.cpp:52] profiler_start

USDT:2026-10-10 09:14:35 49670:49670 SyncActivityProfilerHandler.cpp:52] profiler_start
USDT:2026-10-10 09:14:35 49667:49667 SyncActivityProfilerHandler.cpp:59] profiler_stopUSDT:2026-10-10 09:14:35 49668:49668 SyncActivityProfilerHandler.cpp:59] profiler_stopUSDT:2026-10-10 09:14:35 49666:49666 SyncActivityProfilerHandler.cpp:59] profiler_stop
USDT:2026-10-10 09:14:35 49669:49669 SyncActivityProfilerHandler.cpp:59] profiler_stopUSDT:2026-10-10 09:14:35 49665:49665 SyncActivityProfilerHandler.cpp:59] profiler_stop
USDT:2026-10-10 09:14:35 49664:49664 SyncActivityProfilerHandler.cpp:59] profiler_stop

USDT:2026-10-10 09:14:35 49670:49670 SyncActivityProfilerHandler.cpp:59] profiler_stop


USDT:2026-10-10 09:14:35 49671:49671 SyncActivityProfilerHandler.cpp:59] profiler_stop
   * EP:  18/32 | dispatch: 17 GB/s (SO), 33 GB/s (SU), 178.082 us, 5885568 bytes | copy: 1087 GB/s, 10.826 us
   * EP:  21/32 | dispatch: 16 GB/s (SO), 35 GB/s (SU), 177.851 us, 6155136 bytes | copy: 511 GB/s, 24.087 us
   * EP:  16/32 | dispatch: 17 GB/s (SO), 36 GB/s (SU), 176.262 us, 6342336 bytes | copy: 900 GB/s, 14.090 us
   * EP:  20/32 | dispatch: 16 GB/s (SO), 34 GB/s (SU), 179.124 us, 6072768 bytes | copy: 455 GB/s, 26.694 us
   * EP:  23/32 | dispatch: 16 GB/s (SO), 35 GB/s (SU), 177.720 us, 6200064 bytes | copy: 713 GB/s, 17.382 us
   * EP:  17/32 | dispatch: 17 GB/s (SO), 36 GB/s (SU), 177.878 us, 6327360 bytes | copy: 593 GB/s, 21.331 us
   * EP:  19/32 | dispatch: 17 GB/s (SO), 36 GB/s (SU), 176.031 us, 6289920 bytes | copy: 655 GB/s, 19.195 us
   * EP:  22/32 | dispatch: 16 GB/s (SO), 35 GB/s (SU), 178.205 us, 6289920 bytes | copy: 976 GB/s, 12.887 us
USDT:2026-10-10 09:14:36 49669:49669 SyncActivityProfilerHandler.cpp:52] profiler_startUSDT:2026-10-10 09:14:36 49665:49665 SyncActivityProfilerHandler.cpp:52] profiler_startUSDT:2026-10-10 09:14:36 49667:49667 SyncActivityProfilerHandler.cpp:52] profiler_startUSDT:2026-10-10 09:14:36 49668:49668 SyncActivityProfilerHandler.cpp:52] profiler_startUSDT:2026-10-10 09:14:36 49671:49671 SyncActivityProfilerHandler.cpp:52] profiler_startUSDT:2026-10-10 09:14:36 49664:49664 SyncActivityProfilerHandler.cpp:52] profiler_startUSDT:2026-10-10 09:14:36 49666:49666 SyncActivityProfilerHandler.cpp:52] profiler_start






USDT:2026-10-10 09:14:36 49670:49670 SyncActivityProfilerHandler.cpp:52] profiler_start
USDT:2026-10-10 09:14:36 49671:49671 SyncActivityProfilerHandler.cpp:59] profiler_stopUSDT:2026-10-10 09:14:36 49666:49666 SyncActivityProfilerHandler.cpp:59] profiler_stop
USDT:2026-10-10 09:14:36 49665:49665 SyncActivityProfilerHandler.cpp:59] profiler_stopUSDT:2026-10-10 09:14:36 49668:49668 SyncActivityProfilerHandler.cpp:59] profiler_stopUSDT:2026-10-10 09:14:36 49667:49667 SyncActivityProfilerHandler.cpp:59] profiler_stopUSDT:2026-10-10 09:14:36 49669:49669 SyncActivityProfilerHandler.cpp:59] profiler_stop




USDT:2026-10-10 09:14:36 49670:49670 SyncActivityProfilerHandler.cpp:59] profiler_stopUSDT:2026-10-10 09:14:36 49664:49664 SyncActivityProfilerHandler.cpp:59] profiler_stop

   - EP:  23/32 | expanded dispatch: 16 GB/s (SO), 35 GB/s (SU), 176.298 us, 6200064 bytes | copy: 888 GB/s, 16.533 us   - EP:  21/32 | expanded dispatch: 17 GB/s (SO), 35 GB/s (SU), 176.736 us, 6155136 bytes | copy: 642 GB/s, 22.720 us

   - EP:  18/32 | expanded dispatch: 17 GB/s (SO), 33 GB/s (SU), 177.052 us, 5885568 bytes | copy: 1075 GB/s, 12.543 us
   - EP:  20/32 | expanded dispatch: 16 GB/s (SO), 34 GB/s (SU), 177.326 us, 6072768 bytes | copy: 555 GB/s, 26.424 us
   - EP:  19/32 | expanded dispatch: 17 GB/s (SO), 36 GB/s (SU), 174.879 us, 6289920 bytes | copy: 708 GB/s, 19.743 us
   - EP:  16/32 | expanded dispatch: 17 GB/s (SO), 36 GB/s (SU), 174.542 us, 6342336 bytes | copy: 1115 GB/s, 13.503 us
   - EP:  17/32 | expanded dispatch: 17 GB/s (SO), 36 GB/s (SU), 176.562 us, 6327360 bytes | copy: 754 GB/s, 20.980 us
   - EP:  22/32 | expanded dispatch: 16 GB/s (SO), 35 GB/s (SU), 177.534 us, 6289920 bytes | copy: 900 GB/s, 15.371 us
USDT:2026-10-10 09:14:37 49666:49666 SyncActivityProfilerHandler.cpp:52] profiler_startUSDT:2026-10-10 09:14:37 49671:49671 SyncActivityProfilerHandler.cpp:52] profiler_startUSDT:2026-10-10 09:14:37 49664:49664 SyncActivityProfilerHandler.cpp:52] profiler_startUSDT:2026-10-10 09:14:37 49668:49668 SyncActivityProfilerHandler.cpp:52] profiler_startUSDT:2026-10-10 09:14:37 49670:49670 SyncActivityProfilerHandler.cpp:52] profiler_startUSDT:2026-10-10 09:14:37 49665:49665 SyncActivityProfilerHandler.cpp:52] profiler_startUSDT:2026-10-10 09:14:37 49667:49667 SyncActivityProfilerHandler.cpp:52] profiler_startUSDT:2026-10-10 09:14:37 49669:49669 SyncActivityProfilerHandler.cpp:52] profiler_start







USDT:2026-10-10 09:14:37 49664:49664 SyncActivityProfilerHandler.cpp:59] profiler_stopUSDT:2026-10-10 09:14:37 49667:49667 SyncActivityProfilerHandler.cpp:59] profiler_stop
USDT:2026-10-10 09:14:37 49671:49671 SyncActivityProfilerHandler.cpp:59] profiler_stopUSDT:2026-10-10 09:14:37 49668:49668 SyncActivityProfilerHandler.cpp:59] profiler_stopUSDT:2026-10-10 09:14:37 49666:49666 SyncActivityProfilerHandler.cpp:59] profiler_stopUSDT:2026-10-10 09:14:37 49665:49665 SyncActivityProfilerHandler.cpp:59] profiler_stopUSDT:2026-10-10 09:14:37 49670:49670 SyncActivityProfilerHandler.cpp:59] profiler_stop
USDT:2026-10-10 09:14:37 49669:49669 SyncActivityProfilerHandler.cpp:59] profiler_stop





   # EP:  16/32 | cached dispatch: 17 GB/s (SO), 37 GB/s (SU), 171.835 us, 6342336 bytes | copy: 874 GB/s, 14.510 us
   # EP:  23/32 | cached dispatch: 16 GB/s (SO), 35 GB/s (SU), 175.036 us, 6200064 bytes | copy: 964 GB/s, 12.861 us
   # EP:  18/32 | cached dispatch: 17 GB/s (SO), 34 GB/s (SU), 173.574 us, 5885568 bytes | copy: 837 GB/s, 14.068 us   # EP:  20/32 | cached dispatch: 16 GB/s (SO), 34 GB/s (SU), 176.051 us, 6072768 bytes | copy: 400 GB/s, 30.381 us

   # EP:  19/32 | cached dispatch: 17 GB/s (SO), 36 GB/s (SU), 174.397 us, 6289920 bytes | copy: 672 GB/s, 18.733 us   # EP:  21/32 | cached dispatch: 17 GB/s (SO), 35 GB/s (SU), 176.171 us, 6155136 bytes | copy: 469 GB/s, 26.260 us

   # EP:  17/32 | cached dispatch: 17 GB/s (SO), 36 GB/s (SU), 174.973 us, 6327360 bytes | copy: 549 GB/s, 23.040 us
   # EP:  22/32 | cached dispatch: 16 GB/s (SO), 36 GB/s (SU), 173.644 us, 6289920 bytes | copy: 965 GB/s, 13.040 us
USDT:2026-10-10 09:14:37 49671:49671 SyncActivityProfilerHandler.cpp:52] profiler_startUSDT:2026-10-10 09:14:37 49669:49669 SyncActivityProfilerHandler.cpp:52] profiler_startUSDT:2026-10-10 09:14:37 49667:49667 SyncActivityProfilerHandler.cpp:52] profiler_start
USDT:2026-10-10 09:14:37 49666:49666 SyncActivityProfilerHandler.cpp:52] profiler_start
USDT:2026-10-10 09:14:37 49668:49668 SyncActivityProfilerHandler.cpp:52] profiler_startUSDT:2026-10-10 09:14:37 49670:49670 SyncActivityProfilerHandler.cpp:52] profiler_start

USDT:2026-10-10 09:14:37 49665:49665 SyncActivityProfilerHandler.cpp:52] profiler_start


USDT:2026-10-10 09:14:37 49664:49664 SyncActivityProfilerHandler.cpp:52] profiler_start
USDT:2026-10-10 09:14:38 49671:49671 SyncActivityProfilerHandler.cpp:59] profiler_stopUSDT:2026-10-10 09:14:38 49667:49667 SyncActivityProfilerHandler.cpp:59] profiler_stop
USDT:2026-10-10 09:14:38 49669:49669 SyncActivityProfilerHandler.cpp:59] profiler_stopUSDT:2026-10-10 09:14:38 49668:49668 SyncActivityProfilerHandler.cpp:59] profiler_stop
USDT:2026-10-10 09:14:38 49666:49666 SyncActivityProfilerHandler.cpp:59] profiler_stopUSDT:2026-10-10 09:14:38 49665:49665 SyncActivityProfilerHandler.cpp:59] profiler_stop
USDT:2026-10-10 09:14:38 49670:49670 SyncActivityProfilerHandler.cpp:59] profiler_stop



USDT:2026-10-10 09:14:38 49664:49664 SyncActivityProfilerHandler.cpp:59] profiler_stop
   @ EP:  23/32 | combine: 20 GB/s (SO), 43 GB/s (SU), 277.284 us, 11896704 bytes | reduce: 986 GB/s, 7.022 us
   @ EP:  20/32 | combine: 19 GB/s (SO), 39 GB/s (SU), 297.338 us, 11652448 bytes | reduce: 1017 GB/s, 6.976 us
   @ EP:  21/32 | combine: 20 GB/s (SO), 43 GB/s (SU), 276.516 us, 11810496 bytes | reduce: 1038 GB/s, 6.881 us   @ EP:  18/32 | combine: 19 GB/s (SO), 39 GB/s (SU), 290.239 us, 11293248 bytes | reduce: 1023 GB/s, 7.066 us

   @ EP:  17/32 | combine: 21 GB/s (SO), 44 GB/s (SU), 275.295 us, 12140960 bytes | reduce: 1050 GB/s, 6.953 us   @ EP:  19/32 | combine: 20 GB/s (SO), 44 GB/s (SU), 275.046 us, 12069120 bytes | reduce: 1033 GB/s, 6.970 us

   @ EP:  22/32 | combine: 19 GB/s (SO), 41 GB/s (SU), 292.510 us, 12069120 bytes | reduce: 1012 GB/s, 6.913 us
   @ EP:  16/32 | combine: 21 GB/s (SO), 45 GB/s (SU), 273.293 us, 12169696 bytes | reduce: 1052 GB/s, 6.964 us
USDT:2026-10-10 09:14:38 49667:49667 SyncActivityProfilerHandler.cpp:52] profiler_startUSDT:2026-10-10 09:14:38 49664:49664 SyncActivityProfilerHandler.cpp:52] profiler_startUSDT:2026-10-10 09:14:38 49669:49669 SyncActivityProfilerHandler.cpp:52] profiler_startUSDT:2026-10-10 09:14:38 49666:49666 SyncActivityProfilerHandler.cpp:52] profiler_startUSDT:2026-10-10 09:14:38 49671:49671 SyncActivityProfilerHandler.cpp:52] profiler_startUSDT:2026-10-10 09:14:38 49670:49670 SyncActivityProfilerHandler.cpp:52] profiler_start
USDT:2026-10-10 09:14:38 49668:49668 SyncActivityProfilerHandler.cpp:52] profiler_start



USDT:2026-10-10 09:14:38 49665:49665 SyncActivityProfilerHandler.cpp:52] profiler_start


USDT:2026-10-10 09:14:38 49664:49664 SyncActivityProfilerHandler.cpp:59] profiler_stopUSDT:2026-10-10 09:14:38 49666:49666 SyncActivityProfilerHandler.cpp:59] profiler_stopUSDT:2026-10-10 09:14:38 49665:49665 SyncActivityProfilerHandler.cpp:59] profiler_stopUSDT:2026-10-10 09:14:38 49667:49667 SyncActivityProfilerHandler.cpp:59] profiler_stopUSDT:2026-10-10 09:14:38 49668:49668 SyncActivityProfilerHandler.cpp:59] profiler_stop
USDT:2026-10-10 09:14:38 49671:49671 SyncActivityProfilerHandler.cpp:59] profiler_stop

USDT:2026-10-10 09:14:38 49669:49669 SyncActivityProfilerHandler.cpp:59] profiler_stop
USDT:2026-10-10 09:14:38 49670:49670 SyncActivityProfilerHandler.cpp:59] profiler_stop



   + EP:  18/32 | reduced combine: 19 GB/s (SO), 37 GB/s (SU), 302.234 us, 11293248 bytes | reduce: 1018 GB/s, 7.096 us
   + EP:  17/32 | reduced combine: 20 GB/s (SO), 42 GB/s (SU), 286.636 us, 12140960 bytes | reduce: 1044 GB/s, 6.991 us   + EP:  20/32 | reduced combine: 18 GB/s (SO), 38 GB/s (SU), 310.566 us, 11652448 bytes | reduce: 1013 GB/s, 7.009 us

   + EP:  19/32 | reduced combine: 19 GB/s (SO), 42 GB/s (SU), 288.940 us, 12069120 bytes | reduce: 1039 GB/s, 6.927 us
   + EP:  21/32 | reduced combine: 19 GB/s (SO), 41 GB/s (SU), 288.664 us, 11810496 bytes | reduce: 1027 GB/s, 6.950 us
   + EP:  16/32 | reduced combine: 20 GB/s (SO), 42 GB/s (SU), 287.152 us, 12169696 bytes | reduce: 1038 GB/s, 7.058 us
   + EP:  22/32 | reduced combine: 18 GB/s (SO), 39 GB/s (SU), 307.056 us, 12069120 bytes | reduce: 1003 GB/s, 6.979 us
   + EP:  23/32 | reduced combine: 18 GB/s (SO), 41 GB/s (SU), 293.328 us, 11896704 bytes | reduce: 988 GB/s, 7.007 us


