DeepEP hybrid kernel selection: unordered
DeepEP hybrid kernel selection: unordered
DeepEP hybrid kernel selection: unordered
DeepEP hybrid kernel selection: unordered
DeepEP hybrid kernel selection: unordered
DeepEP hybrid kernel selection: unordered
DeepEP hybrid kernel selection: unordered
DeepEP hybrid kernel selection: unordered
Config:
 > Ranks: 4 x 8
 > Experts: 8/256
 > Tokens: 120 (max: 128), hidden: 7168
 > #SM: 12, #QPs: 11/11

Running all test cases:
 > Testing with expert_alignment=128, use_fp8_dispatch=1, num_bias=0, with_previous_event=0, async_with_compute_stream=0, allocate_on_comm_stream=0 ...
USDT:2026-10-10 09:12:58 75139:75139 SyncActivityProfilerHandler.cpp:52] profiler_startUSDT:2026-10-10 09:12:58 75137:75137 SyncActivityProfilerHandler.cpp:52] profiler_startUSDT:2026-10-10 09:12:58 75138:75138 SyncActivityProfilerHandler.cpp:52] profiler_startUSDT:2026-10-10 09:12:58 75136:75136 SyncActivityProfilerHandler.cpp:52] profiler_startUSDT:2026-10-10 09:12:58 75141:75141 SyncActivityProfilerHandler.cpp:52] profiler_startUSDT:2026-10-10 09:12:58 75135:75135 SyncActivityProfilerHandler.cpp:52] profiler_start





USDT:2026-10-10 09:12:58 75142:75142 SyncActivityProfilerHandler.cpp:52] profiler_startUSDT:2026-10-10 09:12:58 75140:75140 SyncActivityProfilerHandler.cpp:52] profiler_start

USDT:2026-10-10 09:12:59 75139:75139 SyncActivityProfilerHandler.cpp:59] profiler_stopUSDT:2026-10-10 09:12:59 75135:75135 SyncActivityProfilerHandler.cpp:59] profiler_stopUSDT:2026-10-10 09:12:59 75142:75142 SyncActivityProfilerHandler.cpp:59] profiler_stopUSDT:2026-10-10 09:12:59 75138:75138 SyncActivityProfilerHandler.cpp:59] profiler_stopUSDT:2026-10-10 09:12:59 75137:75137 SyncActivityProfilerHandler.cpp:59] profiler_stop
USDT:2026-10-10 09:12:59 75136:75136 SyncActivityProfilerHandler.cpp:59] profiler_stop




USDT:2026-10-10 09:12:59 75140:75140 SyncActivityProfilerHandler.cpp:59] profiler_stopUSDT:2026-10-10 09:12:59 75141:75141 SyncActivityProfilerHandler.cpp:59] profiler_stop

   * EP:  11/32 | dispatch: 18 GB/s (SO), 35 GB/s (SU), 182.695 us, 6334848 bytes | copy: 420 GB/s, 30.131 us
   * EP:  12/32 | dispatch: 17 GB/s (SO), 32 GB/s (SU), 182.382 us, 5780736 bytes | copy: 491 GB/s, 23.536 us
   * EP:   8/32 | dispatch: 18 GB/s (SO), 34 GB/s (SU), 180.564 us, 6222528 bytes | copy: 1797 GB/s, 6.925 us   * EP:  10/32 | dispatch: 17 GB/s (SO), 33 GB/s (SU), 183.144 us, 6102720 bytes | copy: 413 GB/s, 29.540 us

   * EP:  14/32 | dispatch: 17 GB/s (SO), 33 GB/s (SU), 182.396 us, 6012864 bytes | copy: 358 GB/s, 33.624 us
   * EP:  15/32 | dispatch: 16 GB/s (SO), 34 GB/s (SU), 182.127 us, 6147648 bytes | copy: 572 GB/s, 21.501 us
   * EP:   9/32 | dispatch: 18 GB/s (SO), 34 GB/s (SU), 183.068 us, 6200064 bytes | copy: 562 GB/s, 22.050 us
   * EP:  13/32 | dispatch: 17 GB/s (SO), 34 GB/s (SU), 183.180 us, 6215040 bytes | copy: 428 GB/s, 29.014 us
USDT:2026-10-10 09:12:59 75139:75139 SyncActivityProfilerHandler.cpp:52] profiler_startUSDT:2026-10-10 09:12:59 75141:75141 SyncActivityProfilerHandler.cpp:52] profiler_startUSDT:2026-10-10 09:12:59 75140:75140 SyncActivityProfilerHandler.cpp:52] profiler_startUSDT:2026-10-10 09:12:59 75138:75138 SyncActivityProfilerHandler.cpp:52] profiler_startUSDT:2026-10-10 09:12:59 75142:75142 SyncActivityProfilerHandler.cpp:52] profiler_startUSDT:2026-10-10 09:12:59 75135:75135 SyncActivityProfilerHandler.cpp:52] profiler_startUSDT:2026-10-10 09:12:59 75137:75137 SyncActivityProfilerHandler.cpp:52] profiler_startUSDT:2026-10-10 09:12:59 75136:75136 SyncActivityProfilerHandler.cpp:52] profiler_start







USDT:2026-10-10 09:12:59 75141:75141 SyncActivityProfilerHandler.cpp:59] profiler_stopUSDT:2026-10-10 09:12:59 75138:75138 SyncActivityProfilerHandler.cpp:59] profiler_stopUSDT:2026-10-10 09:12:59 75135:75135 SyncActivityProfilerHandler.cpp:59] profiler_stopUSDT:2026-10-10 09:12:59 75139:75139 SyncActivityProfilerHandler.cpp:59] profiler_stopUSDT:2026-10-10 09:12:59 75140:75140 SyncActivityProfilerHandler.cpp:59] profiler_stopUSDT:2026-10-10 09:12:59 75142:75142 SyncActivityProfilerHandler.cpp:59] profiler_stop
USDT:2026-10-10 09:12:59 75137:75137 SyncActivityProfilerHandler.cpp:59] profiler_stopUSDT:2026-10-10 09:12:59 75136:75136 SyncActivityProfilerHandler.cpp:59] profiler_stop






   - EP:  14/32 | expanded dispatch: 17 GB/s (SO), 33 GB/s (SU), 182.422 us, 6012864 bytes | copy: 404 GB/s, 33.870 us
   - EP:  11/32 | expanded dispatch: 18 GB/s (SO), 35 GB/s (SU), 182.581 us, 6334848 bytes | copy: 491 GB/s, 28.274 us
   - EP:   8/32 | expanded dispatch: 18 GB/s (SO), 34 GB/s (SU), 180.547 us, 6222528 bytes | copy: 1988 GB/s, 6.986 us
   - EP:  13/32 | expanded dispatch: 17 GB/s (SO), 34 GB/s (SU), 183.150 us, 6215040 bytes | copy: 530 GB/s, 27.922 us
   - EP:  15/32 | expanded dispatch: 16 GB/s (SO), 34 GB/s (SU), 182.159 us, 6147648 bytes | copy: 625 GB/s, 21.933 us
   - EP:  12/32 | expanded dispatch: 17 GB/s (SO), 32 GB/s (SU), 182.376 us, 5780736 bytes | copy: 562 GB/s, 23.524 us
   - EP:  10/32 | expanded dispatch: 17 GB/s (SO), 33 GB/s (SU), 183.023 us, 6102720 bytes | copy: 485 GB/s, 28.215 us
   - EP:   9/32 | expanded dispatch: 18 GB/s (SO), 34 GB/s (SU), 183.110 us, 6200064 bytes | copy: 659 GB/s, 22.454 us
USDT:2026-10-10 09:13:00 75135:75135 SyncActivityProfilerHandler.cpp:52] profiler_startUSDT:2026-10-10 09:13:00 75140:75140 SyncActivityProfilerHandler.cpp:52] profiler_startUSDT:2026-10-10 09:13:00 75139:75139 SyncActivityProfilerHandler.cpp:52] profiler_startUSDT:2026-10-10 09:13:00 75142:75142 SyncActivityProfilerHandler.cpp:52] profiler_startUSDT:2026-10-10 09:13:00 75138:75138 SyncActivityProfilerHandler.cpp:52] profiler_startUSDT:2026-10-10 09:13:00 75141:75141 SyncActivityProfilerHandler.cpp:52] profiler_startUSDT:2026-10-10 09:13:00 75137:75137 SyncActivityProfilerHandler.cpp:52] profiler_start
USDT:2026-10-10 09:13:00 75136:75136 SyncActivityProfilerHandler.cpp:52] profiler_start






USDT:2026-10-10 09:13:00 75139:75139 SyncActivityProfilerHandler.cpp:59] profiler_stopUSDT:2026-10-10 09:13:00 75142:75142 SyncActivityProfilerHandler.cpp:59] profiler_stopUSDT:2026-10-10 09:13:00 75140:75140 SyncActivityProfilerHandler.cpp:59] profiler_stopUSDT:2026-10-10 09:13:00 75135:75135 SyncActivityProfilerHandler.cpp:59] profiler_stopUSDT:2026-10-10 09:13:00 75138:75138 SyncActivityProfilerHandler.cpp:59] profiler_stopUSDT:2026-10-10 09:13:00 75137:75137 SyncActivityProfilerHandler.cpp:59] profiler_stop


USDT:2026-10-10 09:13:00 75141:75141 SyncActivityProfilerHandler.cpp:59] profiler_stop

USDT:2026-10-10 09:13:00 75136:75136 SyncActivityProfilerHandler.cpp:59] profiler_stop


   # EP:  13/32 | cached dispatch: 16 GB/s (SO), 33 GB/s (SU), 188.631 us, 6215040 bytes | copy: 320 GB/s, 38.819 us
   # EP:  12/32 | cached dispatch: 17 GB/s (SO), 31 GB/s (SU), 186.464 us, 5780736 bytes | copy: 323 GB/s, 35.830 us
   # EP:  15/32 | cached dispatch: 16 GB/s (SO), 33 GB/s (SU), 187.627 us, 6147648 bytes | copy: 407 GB/s, 30.178 us
   # EP:   8/32 | cached dispatch: 18 GB/s (SO), 34 GB/s (SU), 183.989 us, 6222528 bytes | copy: 1952 GB/s, 6.374 us
   # EP:  10/32 | cached dispatch: 17 GB/s (SO), 32 GB/s (SU), 188.691 us, 6102720 bytes | copy: 318 GB/s, 38.429 us
   # EP:  11/32 | cached dispatch: 17 GB/s (SO), 34 GB/s (SU), 187.643 us, 6334848 bytes | copy: 363 GB/s, 34.925 us
   # EP:   9/32 | cached dispatch: 17 GB/s (SO), 33 GB/s (SU), 188.597 us, 6200064 bytes | copy: 360 GB/s, 34.462 us
   # EP:  14/32 | cached dispatch: 16 GB/s (SO), 32 GB/s (SU), 187.740 us, 6012864 bytes | copy: 315 GB/s, 38.208 us
USDT:2026-10-10 09:13:01 75139:75139 SyncActivityProfilerHandler.cpp:52] profiler_startUSDT:2026-10-10 09:13:01 75135:75135 SyncActivityProfilerHandler.cpp:52] profiler_start
USDT:2026-10-10 09:13:01 75140:75140 SyncActivityProfilerHandler.cpp:52] profiler_start
USDT:2026-10-10 09:13:01 75142:75142 SyncActivityProfilerHandler.cpp:52] profiler_startUSDT:2026-10-10 09:13:01 75138:75138 SyncActivityProfilerHandler.cpp:52] profiler_startUSDT:2026-10-10 09:13:01 75137:75137 SyncActivityProfilerHandler.cpp:52] profiler_start
USDT:2026-10-10 09:13:01 75136:75136 SyncActivityProfilerHandler.cpp:52] profiler_start
USDT:2026-10-10 09:13:01 75141:75141 SyncActivityProfilerHandler.cpp:52] profiler_start



USDT:2026-10-10 09:13:01 75135:75135 SyncActivityProfilerHandler.cpp:59] profiler_stopUSDT:2026-10-10 09:13:01 75139:75139 SyncActivityProfilerHandler.cpp:59] profiler_stopUSDT:2026-10-10 09:13:01 75140:75140 SyncActivityProfilerHandler.cpp:59] profiler_stop
USDT:2026-10-10 09:13:01 75136:75136 SyncActivityProfilerHandler.cpp:59] profiler_stopUSDT:2026-10-10 09:13:01 75142:75142 SyncActivityProfilerHandler.cpp:59] profiler_stop
USDT:2026-10-10 09:13:01 75138:75138 SyncActivityProfilerHandler.cpp:59] profiler_stop
USDT:2026-10-10 09:13:01 75137:75137 SyncActivityProfilerHandler.cpp:59] profiler_stop



USDT:2026-10-10 09:13:01 75141:75141 SyncActivityProfilerHandler.cpp:59] profiler_stop
   @ EP:  13/32 | combine: 23 GB/s (SO), 45 GB/s (SU), 262.171 us, 11925440 bytes | reduce: 1111 GB/s, 6.844 us
   @ EP:   8/32 | combine: 26 GB/s (SO), 48 GB/s (SU), 246.521 us, 11939808 bytes | reduce: 1146 GB/s, 7.023 us
   @ EP:  12/32 | combine: 24 GB/s (SO), 44 GB/s (SU), 249.780 us, 11092096 bytes | reduce: 1134 GB/s, 6.855 us
   @ EP:  11/32 | combine: 24 GB/s (SO), 47 GB/s (SU), 259.778 us, 12155328 bytes | reduce: 1134 GB/s, 6.895 us
   @ EP:  15/32 | combine: 21 GB/s (SO), 44 GB/s (SU), 268.550 us, 11796128 bytes | reduce: 1047 GB/s, 6.997 us
   @ EP:   9/32 | combine: 23 GB/s (SO), 45 GB/s (SU), 264.767 us, 11896704 bytes | reduce: 1127 GB/s, 7.036 us
   @ EP:  14/32 | combine: 22 GB/s (SO), 43 GB/s (SU), 268.636 us, 11537504 bytes | reduce: 1111 GB/s, 6.752 us
   @ EP:  10/32 | combine: 23 GB/s (SO), 45 GB/s (SU), 262.816 us, 11709920 bytes | reduce: 1123 GB/s, 6.922 us
USDT:2026-10-10 09:13:01 75135:75135 SyncActivityProfilerHandler.cpp:52] profiler_startUSDT:2026-10-10 09:13:01 75136:75136 SyncActivityProfilerHandler.cpp:52] profiler_startUSDT:2026-10-10 09:13:01 75138:75138 SyncActivityProfilerHandler.cpp:52] profiler_start
USDT:2026-10-10 09:13:01 75137:75137 SyncActivityProfilerHandler.cpp:52] profiler_startUSDT:2026-10-10 09:13:01 75140:75140 SyncActivityProfilerHandler.cpp:52] profiler_startUSDT:2026-10-10 09:13:01 75141:75141 SyncActivityProfilerHandler.cpp:52] profiler_start

USDT:2026-10-10 09:13:01 75142:75142 SyncActivityProfilerHandler.cpp:52] profiler_start



USDT:2026-10-10 09:13:01 75139:75139 SyncActivityProfilerHandler.cpp:52] profiler_start
USDT:2026-10-10 09:13:02 75135:75135 SyncActivityProfilerHandler.cpp:59] profiler_stop
USDT:2026-10-10 09:13:02 75138:75138 SyncActivityProfilerHandler.cpp:59] profiler_stopUSDT:2026-10-10 09:13:02 75137:75137 SyncActivityProfilerHandler.cpp:59] profiler_stopUSDT:2026-10-10 09:13:02 75141:75141 SyncActivityProfilerHandler.cpp:59] profiler_stop
USDT:2026-10-10 09:13:02 75142:75142 SyncActivityProfilerHandler.cpp:59] profiler_stop
USDT:2026-10-10 09:13:02 75140:75140 SyncActivityProfilerHandler.cpp:59] profiler_stop


USDT:2026-10-10 09:13:02 75136:75136 SyncActivityProfilerHandler.cpp:59] profiler_stop
USDT:2026-10-10 09:13:02 75139:75139 SyncActivityProfilerHandler.cpp:59] profiler_stop
   + EP:  13/32 | reduced combine: 22 GB/s (SO), 43 GB/s (SU), 276.375 us, 11925440 bytes | reduce: 1106 GB/s, 6.870 us
   + EP:  11/32 | reduced combine: 23 GB/s (SO), 45 GB/s (SU), 272.603 us, 12155328 bytes | reduce: 1134 GB/s, 6.895 us
   + EP:   8/32 | reduced combine: 24 GB/s (SO), 45 GB/s (SU), 262.642 us, 11939808 bytes | reduce: 1148 GB/s, 7.010 us   + EP:  10/32 | reduced combine: 22 GB/s (SO), 42 GB/s (SU), 277.709 us, 11709920 bytes | reduce: 1111 GB/s, 6.997 us

   + EP:  14/32 | reduced combine: 21 GB/s (SO), 41 GB/s (SU), 282.296 us, 11537504 bytes | reduce: 1113 GB/s, 6.740 us
   + EP:  15/32 | reduced combine: 20 GB/s (SO), 41 GB/s (SU), 285.421 us, 11796128 bytes | reduce: 1047 GB/s, 7.002 us
   + EP:   9/32 | reduced combine: 23 GB/s (SO), 43 GB/s (SU), 275.067 us, 11896704 bytes | reduce: 1122 GB/s, 7.071 us
   + EP:  12/32 | reduced combine: 22 GB/s (SO), 41 GB/s (SU), 273.068 us, 11092096 bytes | reduce: 1138 GB/s, 6.833 us


