NCCL version 2.32.3+cuda13.4
DeepEP hybrid kernel selection: unordered
DeepEP hybrid kernel selection: unordered
DeepEP hybrid kernel selection: unordered
DeepEP hybrid kernel selection: unordered
DeepEP hybrid kernel selection: unordered
DeepEP hybrid kernel selection: unordered
DeepEP hybrid kernel selection: unordered
DeepEP hybrid kernel selection: unordered
Config:
 > Ranks: 4 x 8
 > Experts: 8/256
 > Tokens: 128 (max: 128), hidden: 7168
 > #SM: 12, #QPs: 11/11

Running all test cases:
 > Testing with expert_alignment=128, use_fp8_dispatch=1, num_bias=0, with_previous_event=0, async_with_compute_stream=0, allocate_on_comm_stream=0 ...
USDT:2026-10-10 09:10:26 75156:75156 SyncActivityProfilerHandler.cpp:52] profiler_startUSDT:2026-10-10 09:10:26 75152:75152 SyncActivityProfilerHandler.cpp:52] profiler_startUSDT:2026-10-10 09:10:26 75153:75153 SyncActivityProfilerHandler.cpp:52] profiler_startUSDT:2026-10-10 09:10:26 75155:75155 SyncActivityProfilerHandler.cpp:52] profiler_startUSDT:2026-10-10 09:10:26 75154:75154 SyncActivityProfilerHandler.cpp:52] profiler_start
USDT:2026-10-10 09:10:26 75151:75151 SyncActivityProfilerHandler.cpp:52] profiler_start
USDT:2026-10-10 09:10:26 75149:75149 SyncActivityProfilerHandler.cpp:52] profiler_start
USDT:2026-10-10 09:10:26 75150:75150 SyncActivityProfilerHandler.cpp:52] profiler_start




USDT:2026-10-10 09:10:26 75156:75156 SyncActivityProfilerHandler.cpp:59] profiler_stopUSDT:2026-10-10 09:10:26 75152:75152 SyncActivityProfilerHandler.cpp:59] profiler_stopUSDT:2026-10-10 09:10:26 75153:75153 SyncActivityProfilerHandler.cpp:59] profiler_stopUSDT:2026-10-10 09:10:26 75151:75151 SyncActivityProfilerHandler.cpp:59] profiler_stopUSDT:2026-10-10 09:10:26 75155:75155 SyncActivityProfilerHandler.cpp:59] profiler_stopUSDT:2026-10-10 09:10:26 75149:75149 SyncActivityProfilerHandler.cpp:59] profiler_stopUSDT:2026-10-10 09:10:26 75154:75154 SyncActivityProfilerHandler.cpp:59] profiler_stop

USDT:2026-10-10 09:10:26 75150:75150 SyncActivityProfilerHandler.cpp:59] profiler_stop





   * EP:   4/32 | dispatch: 19 GB/s (SO), 35 GB/s (SU), 178.227 us, 6252480 bytes | copy: 384 GB/s, 32.541 us
   * EP:   3/32 | dispatch: 19 GB/s (SO), 35 GB/s (SU), 177.817 us, 6207552 bytes | copy: 644 GB/s, 19.289 us
   * EP:   6/32 | dispatch: 19 GB/s (SO), 34 GB/s (SU), 179.085 us, 6020352 bytes | copy: 618 GB/s, 19.490 us
   * EP:   5/32 | dispatch: 19 GB/s (SO), 35 GB/s (SU), 178.845 us, 6200064 bytes | copy: 512 GB/s, 24.242 us   * EP:   0/32 | dispatch: 20 GB/s (SO), 33 GB/s (SU), 176.004 us, 5863104 bytes | copy: 1313 GB/s, 8.933 us

   * EP:   1/32 | dispatch: 19 GB/s (SO), 34 GB/s (SU), 179.684 us, 6042816 bytes | copy: 629 GB/s, 19.221 us
   * EP:   7/32 | dispatch: 19 GB/s (SO), 33 GB/s (SU), 178.183 us, 5803200 bytes | copy: 672 GB/s, 17.260 us
   * EP:   2/32 | dispatch: 19 GB/s (SO), 33 GB/s (SU), 178.576 us, 5952960 bytes | copy: 632 GB/s, 18.845 us
USDT:2026-10-10 09:10:26 75152:75152 SyncActivityProfilerHandler.cpp:52] profiler_startUSDT:2026-10-10 09:10:26 75153:75153 SyncActivityProfilerHandler.cpp:52] profiler_startUSDT:2026-10-10 09:10:26 75156:75156 SyncActivityProfilerHandler.cpp:52] profiler_startUSDT:2026-10-10 09:10:26 75155:75155 SyncActivityProfilerHandler.cpp:52] profiler_startUSDT:2026-10-10 09:10:26 75151:75151 SyncActivityProfilerHandler.cpp:52] profiler_startUSDT:2026-10-10 09:10:26 75149:75149 SyncActivityProfilerHandler.cpp:52] profiler_startUSDT:2026-10-10 09:10:26 75154:75154 SyncActivityProfilerHandler.cpp:52] profiler_start






USDT:2026-10-10 09:10:26 75150:75150 SyncActivityProfilerHandler.cpp:52] profiler_start
USDT:2026-10-10 09:10:27 75154:75154 SyncActivityProfilerHandler.cpp:59] profiler_stopUSDT:2026-10-10 09:10:27 75149:75149 SyncActivityProfilerHandler.cpp:59] profiler_stopUSDT:2026-10-10 09:10:27 75151:75151 SyncActivityProfilerHandler.cpp:59] profiler_stopUSDT:2026-10-10 09:10:27 75156:75156 SyncActivityProfilerHandler.cpp:59] profiler_stopUSDT:2026-10-10 09:10:27 75152:75152 SyncActivityProfilerHandler.cpp:59] profiler_stop
USDT:2026-10-10 09:10:27 75153:75153 SyncActivityProfilerHandler.cpp:59] profiler_stopUSDT:2026-10-10 09:10:27 75155:75155 SyncActivityProfilerHandler.cpp:59] profiler_stop


USDT:2026-10-10 09:10:27 75150:75150 SyncActivityProfilerHandler.cpp:59] profiler_stop



   - EP:   2/32 | expanded dispatch: 19 GB/s (SO), 33 GB/s (SU), 178.757 us, 5952960 bytes | copy: 802 GB/s, 16.766 us
   - EP:   5/32 | expanded dispatch: 19 GB/s (SO), 35 GB/s (SU), 178.991 us, 6200064 bytes | copy: 589 GB/s, 24.895 us
   - EP:   7/32 | expanded dispatch: 19 GB/s (SO), 33 GB/s (SU), 178.286 us, 5803200 bytes | copy: 774 GB/s, 17.103 us   - EP:   4/32 | expanded dispatch: 19 GB/s (SO), 35 GB/s (SU), 178.025 us, 6252480 bytes | copy: 469 GB/s, 31.636 us

   - EP:   3/32 | expanded dispatch: 19 GB/s (SO), 35 GB/s (SU), 177.906 us, 6207552 bytes | copy: 780 GB/s, 17.852 us   - EP:   6/32 | expanded dispatch: 19 GB/s (SO), 34 GB/s (SU), 178.789 us, 6020352 bytes | copy: 756 GB/s, 18.029 us

   - EP:   0/32 | expanded dispatch: 20 GB/s (SO), 33 GB/s (SU), 176.012 us, 5863104 bytes | copy: 1303 GB/s, 10.297 us
   - EP:   1/32 | expanded dispatch: 19 GB/s (SO), 34 GB/s (SU), 179.305 us, 6042816 bytes | copy: 694 GB/s, 19.573 us
USDT:2026-10-10 09:10:27 75152:75152 SyncActivityProfilerHandler.cpp:52] profiler_startUSDT:2026-10-10 09:10:27 75154:75154 SyncActivityProfilerHandler.cpp:52] profiler_startUSDT:2026-10-10 09:10:27 75149:75149 SyncActivityProfilerHandler.cpp:52] profiler_startUSDT:2026-10-10 09:10:27 75153:75153 SyncActivityProfilerHandler.cpp:52] profiler_startUSDT:2026-10-10 09:10:27 75155:75155 SyncActivityProfilerHandler.cpp:52] profiler_startUSDT:2026-10-10 09:10:27 75156:75156 SyncActivityProfilerHandler.cpp:52] profiler_startUSDT:2026-10-10 09:10:27 75151:75151 SyncActivityProfilerHandler.cpp:52] profiler_start


USDT:2026-10-10 09:10:27 75150:75150 SyncActivityProfilerHandler.cpp:52] profiler_start




USDT:2026-10-10 09:10:27 75154:75154 SyncActivityProfilerHandler.cpp:59] profiler_stopUSDT:2026-10-10 09:10:27 75156:75156 SyncActivityProfilerHandler.cpp:59] profiler_stopUSDT:2026-10-10 09:10:27 75149:75149 SyncActivityProfilerHandler.cpp:59] profiler_stopUSDT:2026-10-10 09:10:27 75155:75155 SyncActivityProfilerHandler.cpp:59] profiler_stop
USDT:2026-10-10 09:10:27 75152:75152 SyncActivityProfilerHandler.cpp:59] profiler_stop
USDT:2026-10-10 09:10:27 75153:75153 SyncActivityProfilerHandler.cpp:59] profiler_stopUSDT:2026-10-10 09:10:27 75151:75151 SyncActivityProfilerHandler.cpp:59] profiler_stop
USDT:2026-10-10 09:10:27 75150:75150 SyncActivityProfilerHandler.cpp:59] profiler_stop




   # EP:   0/32 | cached dispatch: 20 GB/s (SO), 33 GB/s (SU), 176.858 us, 5863104 bytes | copy: 1045 GB/s, 11.225 us   # EP:   4/32 | cached dispatch: 19 GB/s (SO), 35 GB/s (SU), 179.859 us, 6252480 bytes | copy: 340 GB/s, 36.816 us   # EP:   5/32 | cached dispatch: 19 GB/s (SO), 34 GB/s (SU), 180.091 us, 6200064 bytes | copy: 412 GB/s, 30.119 us


   # EP:   6/32 | cached dispatch: 18 GB/s (SO), 33 GB/s (SU), 180.353 us, 6020352 bytes | copy: 555 GB/s, 21.701 us
   # EP:   3/32 | cached dispatch: 19 GB/s (SO), 35 GB/s (SU), 177.132 us, 6207552 bytes | copy: 684 GB/s, 18.154 us
   # EP:   2/32 | cached dispatch: 19 GB/s (SO), 33 GB/s (SU), 179.616 us, 5952960 bytes | copy: 541 GB/s, 22.000 us
   # EP:   7/32 | cached dispatch: 18 GB/s (SO), 32 GB/s (SU), 179.619 us, 5803200 bytes | copy: 728 GB/s, 15.937 us
   # EP:   1/32 | cached dispatch: 19 GB/s (SO), 33 GB/s (SU), 180.637 us, 6042816 bytes | copy: 532 GB/s, 22.710 us
USDT:2026-10-10 09:10:28 75152:75152 SyncActivityProfilerHandler.cpp:52] profiler_start
USDT:2026-10-10 09:10:28 75154:75154 SyncActivityProfilerHandler.cpp:52] profiler_startUSDT:2026-10-10 09:10:28 75151:75151 SyncActivityProfilerHandler.cpp:52] profiler_startUSDT:2026-10-10 09:10:28 75155:75155 SyncActivityProfilerHandler.cpp:52] profiler_startUSDT:2026-10-10 09:10:28 75149:75149 SyncActivityProfilerHandler.cpp:52] profiler_startUSDT:2026-10-10 09:10:28 75153:75153 SyncActivityProfilerHandler.cpp:52] profiler_startUSDT:2026-10-10 09:10:28 75150:75150 SyncActivityProfilerHandler.cpp:52] profiler_startUSDT:2026-10-10 09:10:28 75156:75156 SyncActivityProfilerHandler.cpp:52] profiler_start






USDT:2026-10-10 09:10:28 75152:75152 SyncActivityProfilerHandler.cpp:59] profiler_stop
USDT:2026-10-10 09:10:28 75156:75156 SyncActivityProfilerHandler.cpp:59] profiler_stopUSDT:2026-10-10 09:10:28 75154:75154 SyncActivityProfilerHandler.cpp:59] profiler_stop
USDT:2026-10-10 09:10:28 75155:75155 SyncActivityProfilerHandler.cpp:59] profiler_stopUSDT:2026-10-10 09:10:28 75151:75151 SyncActivityProfilerHandler.cpp:59] profiler_stop
USDT:2026-10-10 09:10:28 75153:75153 SyncActivityProfilerHandler.cpp:59] profiler_stop

USDT:2026-10-10 09:10:28 75150:75150 SyncActivityProfilerHandler.cpp:59] profiler_stopUSDT:2026-10-10 09:10:28 75149:75149 SyncActivityProfilerHandler.cpp:59] profiler_stop


   @ EP:   3/32 | combine: 28 GB/s (SO), 51 GB/s (SU), 232.625 us, 11911072 bytes | reduce: 1195 GB/s, 6.899 us
   @ EP:   4/32 | combine: 24 GB/s (SO), 45 GB/s (SU), 269.189 us, 11997280 bytes | reduce: 1182 GB/s, 7.013 us   @ EP:   6/32 | combine: 25 GB/s (SO), 45 GB/s (SU), 259.285 us, 11551872 bytes | reduce: 1181 GB/s, 6.885 us

   @ EP:   5/32 | combine: 24 GB/s (SO), 45 GB/s (SU), 262.315 us, 11896704 bytes | reduce: 1196 GB/s, 6.833 us
   @ EP:   7/32 | combine: 24 GB/s (SO), 43 GB/s (SU), 260.388 us, 11135200 bytes | reduce: 1142 GB/s, 7.084 us
   @ EP:   0/32 | combine: 25 GB/s (SO), 41 GB/s (SU), 271.346 us, 11250144 bytes | reduce: 1243 GB/s, 6.902 us
   @ EP:   2/32 | combine: 25 GB/s (SO), 42 GB/s (SU), 271.574 us, 11422560 bytes | reduce: 1216 GB/s, 6.981 us
   @ EP:   1/32 | combine: 25 GB/s (SO), 45 GB/s (SU), 259.564 us, 11594976 bytes | reduce: 1211 GB/s, 6.955 us
USDT:2026-10-10 09:10:29 75152:75152 SyncActivityProfilerHandler.cpp:52] profiler_start
USDT:2026-10-10 09:10:29 75154:75154 SyncActivityProfilerHandler.cpp:52] profiler_startUSDT:2026-10-10 09:10:29 75156:75156 SyncActivityProfilerHandler.cpp:52] profiler_startUSDT:2026-10-10 09:10:29 75150:75150 SyncActivityProfilerHandler.cpp:52] profiler_start
USDT:2026-10-10 09:10:29 75149:75149 SyncActivityProfilerHandler.cpp:52] profiler_start
USDT:2026-10-10 09:10:29 75153:75153 SyncActivityProfilerHandler.cpp:52] profiler_start
USDT:2026-10-10 09:10:29 75155:75155 SyncActivityProfilerHandler.cpp:52] profiler_startUSDT:2026-10-10 09:10:29 75151:75151 SyncActivityProfilerHandler.cpp:52] profiler_start



USDT:2026-10-10 09:10:29 75152:75152 SyncActivityProfilerHandler.cpp:59] profiler_stop
USDT:2026-10-10 09:10:29 75154:75154 SyncActivityProfilerHandler.cpp:59] profiler_stopUSDT:2026-10-10 09:10:29 75150:75150 SyncActivityProfilerHandler.cpp:59] profiler_stopUSDT:2026-10-10 09:10:29 75155:75155 SyncActivityProfilerHandler.cpp:59] profiler_stopUSDT:2026-10-10 09:10:29 75156:75156 SyncActivityProfilerHandler.cpp:59] profiler_stopUSDT:2026-10-10 09:10:29 75153:75153 SyncActivityProfilerHandler.cpp:59] profiler_stop
USDT:2026-10-10 09:10:29 75151:75151 SyncActivityProfilerHandler.cpp:59] profiler_stop

USDT:2026-10-10 09:10:29 75149:75149 SyncActivityProfilerHandler.cpp:59] profiler_stop



   + EP:   3/32 | reduced combine: 26 GB/s (SO), 48 GB/s (SU), 245.897 us, 11911072 bytes | reduce: 1189 GB/s, 6.939 us
   + EP:   5/32 | reduced combine: 23 GB/s (SO), 43 GB/s (SU), 276.944 us, 11896704 bytes | reduce: 1186 GB/s, 6.896 us
   + EP:   6/32 | reduced combine: 23 GB/s (SO), 42 GB/s (SU), 274.050 us, 11551872 bytes | reduce: 1186 GB/s, 6.859 us
   + EP:   1/32 | reduced combine: 24 GB/s (SO), 43 GB/s (SU), 272.408 us, 11594976 bytes | reduce: 1214 GB/s, 6.937 us
   + EP:   7/32 | reduced combine: 23 GB/s (SO), 40 GB/s (SU), 275.111 us, 11135200 bytes | reduce: 1138 GB/s, 7.110 us
   + EP:   2/32 | reduced combine: 23 GB/s (SO), 40 GB/s (SU), 287.176 us, 11422560 bytes | reduce: 1217 GB/s, 6.977 us
   + EP:   4/32 | reduced combine: 23 GB/s (SO), 42 GB/s (SU), 286.083 us, 11997280 bytes | reduce: 1192 GB/s, 6.955 us
   + EP:   0/32 | reduced combine: 24 GB/s (SO), 40 GB/s (SU), 284.370 us, 11250144 bytes | reduce: 1250 GB/s, 6.864 us


