DeepEP hybrid kernel selection: unordered
DeepEP hybrid kernel selection: unordered
DeepEP hybrid kernel selection: unordered
DeepEP hybrid kernel selection: unordered
DeepEP hybrid kernel selection: unordered
DeepEP hybrid kernel selection: unordered
DeepEP hybrid kernel selection: unordered
DeepEP hybrid kernel selection: unordered
Config:
 > Ranks: 4 x 8
 > Experts: 8/256
 > Tokens: 120 (max: 128), hidden: 7168
 > #SM: 12, #QPs: 11/11

Running all test cases:
 > Testing with expert_alignment=128, use_fp8_dispatch=1, num_bias=0, with_previous_event=0, async_with_compute_stream=0, allocate_on_comm_stream=0 ...
USDT:2026-10-10 09:14:35 79120:79120 SyncActivityProfilerHandler.cpp:52] profiler_startUSDT:2026-10-10 09:14:35 79116:79116 SyncActivityProfilerHandler.cpp:52] profiler_startUSDT:2026-10-10 09:14:35 79118:79118 SyncActivityProfilerHandler.cpp:52] profiler_startUSDT:2026-10-10 09:14:35 79121:79121 SyncActivityProfilerHandler.cpp:52] profiler_startUSDT:2026-10-10 09:14:35 79119:79119 SyncActivityProfilerHandler.cpp:52] profiler_startUSDT:2026-10-10 09:14:35 79117:79117 SyncActivityProfilerHandler.cpp:52] profiler_start





USDT:2026-10-10 09:14:35 79114:79114 SyncActivityProfilerHandler.cpp:52] profiler_start
USDT:2026-10-10 09:14:35 79115:79115 SyncActivityProfilerHandler.cpp:52] profiler_start
USDT:2026-10-10 09:14:35 79120:79120 SyncActivityProfilerHandler.cpp:59] profiler_stopUSDT:2026-10-10 09:14:35 79118:79118 SyncActivityProfilerHandler.cpp:59] profiler_stop

USDT:2026-10-10 09:14:35 79116:79116 SyncActivityProfilerHandler.cpp:59] profiler_stopUSDT:2026-10-10 09:14:35 79115:79115 SyncActivityProfilerHandler.cpp:59] profiler_stopUSDT:2026-10-10 09:14:35 79114:79114 SyncActivityProfilerHandler.cpp:59] profiler_stopUSDT:2026-10-10 09:14:35 79119:79119 SyncActivityProfilerHandler.cpp:59] profiler_stop



USDT:2026-10-10 09:14:35 79121:79121 SyncActivityProfilerHandler.cpp:59] profiler_stop
USDT:2026-10-10 09:14:35 79117:79117 SyncActivityProfilerHandler.cpp:59] profiler_stop
   * EP:  14/32 | dispatch: 17 GB/s (SO), 33 GB/s (SU), 183.675 us, 6012864 bytes | copy: 365 GB/s, 32.940 us
   * EP:  12/32 | dispatch: 17 GB/s (SO), 31 GB/s (SU), 183.580 us, 5780736 bytes | copy: 447 GB/s, 25.872 us
   * EP:   8/32 | dispatch: 18 GB/s (SO), 34 GB/s (SU), 182.129 us, 6222528 bytes | copy: 1940 GB/s, 6.416 us
   * EP:  13/32 | dispatch: 17 GB/s (SO), 34 GB/s (SU), 184.862 us, 6215040 bytes | copy: 377 GB/s, 32.971 us
   * EP:  10/32 | dispatch: 17 GB/s (SO), 33 GB/s (SU), 184.517 us, 6102720 bytes | copy: 414 GB/s, 29.447 us
   * EP:  15/32 | dispatch: 16 GB/s (SO), 33 GB/s (SU), 183.918 us, 6147648 bytes | copy: 645 GB/s, 19.062 us
   * EP:   9/32 | dispatch: 18 GB/s (SO), 34 GB/s (SU), 184.445 us, 6200064 bytes | copy: 492 GB/s, 25.204 us
   * EP:  11/32 | dispatch: 17 GB/s (SO), 34 GB/s (SU), 183.831 us, 6334848 bytes | copy: 441 GB/s, 28.714 us
USDT:2026-10-10 09:14:36 79118:79118 SyncActivityProfilerHandler.cpp:52] profiler_startUSDT:2026-10-10 09:14:36 79114:79114 SyncActivityProfilerHandler.cpp:52] profiler_startUSDT:2026-10-10 09:14:36 79115:79115 SyncActivityProfilerHandler.cpp:52] profiler_startUSDT:2026-10-10 09:14:36 79117:79117 SyncActivityProfilerHandler.cpp:52] profiler_startUSDT:2026-10-10 09:14:36 79120:79120 SyncActivityProfilerHandler.cpp:52] profiler_startUSDT:2026-10-10 09:14:36 79121:79121 SyncActivityProfilerHandler.cpp:52] profiler_startUSDT:2026-10-10 09:14:36 79119:79119 SyncActivityProfilerHandler.cpp:52] profiler_start






USDT:2026-10-10 09:14:36 79116:79116 SyncActivityProfilerHandler.cpp:52] profiler_start
USDT:2026-10-10 09:14:36 79115:79115 SyncActivityProfilerHandler.cpp:59] profiler_stopUSDT:2026-10-10 09:14:36 79117:79117 SyncActivityProfilerHandler.cpp:59] profiler_stopUSDT:2026-10-10 09:14:36 79120:79120 SyncActivityProfilerHandler.cpp:59] profiler_stopUSDT:2026-10-10 09:14:36 79118:79118 SyncActivityProfilerHandler.cpp:59] profiler_stop
USDT:2026-10-10 09:14:36 79121:79121 SyncActivityProfilerHandler.cpp:59] profiler_stopUSDT:2026-10-10 09:14:36 79119:79119 SyncActivityProfilerHandler.cpp:59] profiler_stopUSDT:2026-10-10 09:14:36 79116:79116 SyncActivityProfilerHandler.cpp:59] profiler_stop

USDT:2026-10-10 09:14:36 79114:79114 SyncActivityProfilerHandler.cpp:59] profiler_stop




   - EP:  11/32 | expanded dispatch: 17 GB/s (SO), 35 GB/s (SU), 183.057 us, 6334848 bytes | copy: 480 GB/s, 28.919 us
   - EP:  15/32 | expanded dispatch: 16 GB/s (SO), 33 GB/s (SU), 183.560 us, 6147648 bytes | copy: 579 GB/s, 23.640 us
   - EP:   9/32 | expanded dispatch: 18 GB/s (SO), 34 GB/s (SU), 184.168 us, 6200064 bytes | copy: 608 GB/s, 24.312 us
   - EP:  14/32 | expanded dispatch: 17 GB/s (SO), 33 GB/s (SU), 183.239 us, 6012864 bytes | copy: 411 GB/s, 33.272 us
   - EP:  13/32 | expanded dispatch: 17 GB/s (SO), 34 GB/s (SU), 184.286 us, 6215040 bytes | copy: 500 GB/s, 29.630 us   - EP:  12/32 | expanded dispatch: 17 GB/s (SO), 32 GB/s (SU), 183.300 us, 5780736 bytes | copy: 490 GB/s, 26.981 us

   - EP:   8/32 | expanded dispatch: 18 GB/s (SO), 34 GB/s (SU), 181.536 us, 6222528 bytes | copy: 2061 GB/s, 6.737 us
   - EP:  10/32 | expanded dispatch: 17 GB/s (SO), 33 GB/s (SU), 184.088 us, 6102720 bytes | copy: 451 GB/s, 30.372 us
USDT:2026-10-10 09:14:37 79115:79115 SyncActivityProfilerHandler.cpp:52] profiler_startUSDT:2026-10-10 09:14:37 79114:79114 SyncActivityProfilerHandler.cpp:52] profiler_startUSDT:2026-10-10 09:14:37 79118:79118 SyncActivityProfilerHandler.cpp:52] profiler_startUSDT:2026-10-10 09:14:37 79121:79121 SyncActivityProfilerHandler.cpp:52] profiler_startUSDT:2026-10-10 09:14:37 79117:79117 SyncActivityProfilerHandler.cpp:52] profiler_startUSDT:2026-10-10 09:14:37 79116:79116 SyncActivityProfilerHandler.cpp:52] profiler_start


USDT:2026-10-10 09:14:37 79120:79120 SyncActivityProfilerHandler.cpp:52] profiler_start


USDT:2026-10-10 09:14:37 79119:79119 SyncActivityProfilerHandler.cpp:52] profiler_start

USDT:2026-10-10 09:14:37 79121:79121 SyncActivityProfilerHandler.cpp:59] profiler_stopUSDT:2026-10-10 09:14:37 79118:79118 SyncActivityProfilerHandler.cpp:59] profiler_stop
USDT:2026-10-10 09:14:37 79115:79115 SyncActivityProfilerHandler.cpp:59] profiler_stopUSDT:2026-10-10 09:14:37 79117:79117 SyncActivityProfilerHandler.cpp:59] profiler_stopUSDT:2026-10-10 09:14:37 79116:79116 SyncActivityProfilerHandler.cpp:59] profiler_stop
USDT:2026-10-10 09:14:37 79119:79119 SyncActivityProfilerHandler.cpp:59] profiler_stopUSDT:2026-10-10 09:14:37 79114:79114 SyncActivityProfilerHandler.cpp:59] profiler_stop




USDT:2026-10-10 09:14:37 79120:79120 SyncActivityProfilerHandler.cpp:59] profiler_stop
   # EP:  15/32 | cached dispatch: 16 GB/s (SO), 33 GB/s (SU), 184.159 us, 6147648 bytes | copy: 467 GB/s, 26.320 us
   # EP:   9/32 | cached dispatch: 18 GB/s (SO), 33 GB/s (SU), 185.079 us, 6200064 bytes | copy: 365 GB/s, 34.017 us   # EP:  11/32 | cached dispatch: 17 GB/s (SO), 34 GB/s (SU), 184.334 us, 6334848 bytes | copy: 369 GB/s, 34.335 us

   # EP:  12/32 | cached dispatch: 17 GB/s (SO), 32 GB/s (SU), 182.866 us, 5780736 bytes | copy: 341 GB/s, 33.875 us
   # EP:   8/32 | cached dispatch: 18 GB/s (SO), 34 GB/s (SU), 180.834 us, 6222528 bytes | copy: 1959 GB/s, 6.354 us
   # EP:  13/32 | cached dispatch: 17 GB/s (SO), 34 GB/s (SU), 184.963 us, 6215040 bytes | copy: 333 GB/s, 37.319 us
   # EP:  10/32 | cached dispatch: 17 GB/s (SO), 33 GB/s (SU), 185.247 us, 6102720 bytes | copy: 353 GB/s, 34.625 us
   # EP:  14/32 | cached dispatch: 17 GB/s (SO), 33 GB/s (SU), 184.399 us, 6012864 bytes | copy: 337 GB/s, 35.652 us
USDT:2026-10-10 09:14:37 79118:79118 SyncActivityProfilerHandler.cpp:52] profiler_start
USDT:2026-10-10 09:14:37 79119:79119 SyncActivityProfilerHandler.cpp:52] profiler_startUSDT:2026-10-10 09:14:37 79117:79117 SyncActivityProfilerHandler.cpp:52] profiler_startUSDT:2026-10-10 09:14:37 79116:79116 SyncActivityProfilerHandler.cpp:52] profiler_start
USDT:2026-10-10 09:14:37 79121:79121 SyncActivityProfilerHandler.cpp:52] profiler_startUSDT:2026-10-10 09:14:37 79120:79120 SyncActivityProfilerHandler.cpp:52] profiler_start
USDT:2026-10-10 09:14:37 79115:79115 SyncActivityProfilerHandler.cpp:52] profiler_start


USDT:2026-10-10 09:14:37 79114:79114 SyncActivityProfilerHandler.cpp:52] profiler_start

USDT:2026-10-10 09:14:38 79120:79120 SyncActivityProfilerHandler.cpp:59] profiler_stopUSDT:2026-10-10 09:14:38 79119:79119 SyncActivityProfilerHandler.cpp:59] profiler_stopUSDT:2026-10-10 09:14:38 79114:79114 SyncActivityProfilerHandler.cpp:59] profiler_stopUSDT:2026-10-10 09:14:38 79117:79117 SyncActivityProfilerHandler.cpp:59] profiler_stopUSDT:2026-10-10 09:14:38 79121:79121 SyncActivityProfilerHandler.cpp:59] profiler_stop
USDT:2026-10-10 09:14:38 79116:79116 SyncActivityProfilerHandler.cpp:59] profiler_stop



USDT:2026-10-10 09:14:38 79115:79115 SyncActivityProfilerHandler.cpp:59] profiler_stop

USDT:2026-10-10 09:14:38 79118:79118 SyncActivityProfilerHandler.cpp:59] profiler_stop
   @ EP:  15/32 | combine: 21 GB/s (SO), 44 GB/s (SU), 267.369 us, 11796128 bytes | reduce: 1040 GB/s, 7.046 us
   @ EP:  11/32 | combine: 24 GB/s (SO), 47 GB/s (SU), 259.050 us, 12155328 bytes | reduce: 1132 GB/s, 6.902 us
   @ EP:  13/32 | combine: 23 GB/s (SO), 46 GB/s (SU), 261.443 us, 11925440 bytes | reduce: 1107 GB/s, 6.863 us
   @ EP:  14/32 | combine: 22 GB/s (SO), 43 GB/s (SU), 267.725 us, 11537504 bytes | reduce: 1106 GB/s, 6.782 us
   @ EP:   9/32 | combine: 24 GB/s (SO), 45 GB/s (SU), 262.574 us, 11896704 bytes | reduce: 1100 GB/s, 7.208 us
   @ EP:  10/32 | combine: 23 GB/s (SO), 44 GB/s (SU), 264.958 us, 11709920 bytes | reduce: 1125 GB/s, 6.912 us
   @ EP:   8/32 | combine: 25 GB/s (SO), 48 GB/s (SU), 247.942 us, 11939808 bytes | reduce: 1150 GB/s, 6.994 us
   @ EP:  12/32 | combine: 25 GB/s (SO), 45 GB/s (SU), 248.407 us, 11092096 bytes | reduce: 1128 GB/s, 6.889 us
USDT:2026-10-10 09:14:38 79114:79114 SyncActivityProfilerHandler.cpp:52] profiler_startUSDT:2026-10-10 09:14:38 79117:79117 SyncActivityProfilerHandler.cpp:52] profiler_startUSDT:2026-10-10 09:14:38 79119:79119 SyncActivityProfilerHandler.cpp:52] profiler_startUSDT:2026-10-10 09:14:38 79118:79118 SyncActivityProfilerHandler.cpp:52] profiler_start
USDT:2026-10-10 09:14:38 79121:79121 SyncActivityProfilerHandler.cpp:52] profiler_startUSDT:2026-10-10 09:14:38 79116:79116 SyncActivityProfilerHandler.cpp:52] profiler_startUSDT:2026-10-10 09:14:38 79120:79120 SyncActivityProfilerHandler.cpp:52] profiler_start





USDT:2026-10-10 09:14:38 79115:79115 SyncActivityProfilerHandler.cpp:52] profiler_start
USDT:2026-10-10 09:14:38 79118:79118 SyncActivityProfilerHandler.cpp:59] profiler_stopUSDT:2026-10-10 09:14:38 79114:79114 SyncActivityProfilerHandler.cpp:59] profiler_stopUSDT:2026-10-10 09:14:38 79120:79120 SyncActivityProfilerHandler.cpp:59] profiler_stopUSDT:2026-10-10 09:14:38 79117:79117 SyncActivityProfilerHandler.cpp:59] profiler_stopUSDT:2026-10-10 09:14:38 79116:79116 SyncActivityProfilerHandler.cpp:59] profiler_stopUSDT:2026-10-10 09:14:38 79119:79119 SyncActivityProfilerHandler.cpp:59] profiler_stop
USDT:2026-10-10 09:14:38 79121:79121 SyncActivityProfilerHandler.cpp:59] profiler_stop

USDT:2026-10-10 09:14:38 79115:79115 SyncActivityProfilerHandler.cpp:59] profiler_stop




   + EP:  14/32 | reduced combine: 21 GB/s (SO), 41 GB/s (SU), 283.069 us, 11537504 bytes | reduce: 1106 GB/s, 6.781 us
   + EP:  11/32 | reduced combine: 23 GB/s (SO), 45 GB/s (SU), 272.292 us, 12155328 bytes | reduce: 1136 GB/s, 6.882 us
   + EP:  15/32 | reduced combine: 20 GB/s (SO), 41 GB/s (SU), 284.580 us, 11796128 bytes | reduce: 1050 GB/s, 6.982 us   + EP:  13/32 | reduced combine: 22 GB/s (SO), 43 GB/s (SU), 274.642 us, 11925440 bytes | reduce: 1107 GB/s, 6.869 us

   + EP:   8/32 | reduced combine: 24 GB/s (SO), 46 GB/s (SU), 261.413 us, 11939808 bytes | reduce: 1152 GB/s, 6.982 us
   + EP:  10/32 | reduced combine: 22 GB/s (SO), 42 GB/s (SU), 276.149 us, 11709920 bytes | reduce: 1110 GB/s, 7.002 us
   + EP:  12/32 | reduced combine: 23 GB/s (SO), 41 GB/s (SU), 269.537 us, 11092096 bytes | reduce: 1125 GB/s, 6.907 us
   + EP:   9/32 | reduced combine: 23 GB/s (SO), 43 GB/s (SU), 275.311 us, 11896704 bytes | reduce: 1140 GB/s, 6.957 us


