DeepEP hybrid kernel selection: unordered
DeepEP hybrid kernel selection: unordered
DeepEP hybrid kernel selection: unordered
DeepEP hybrid kernel selection: unordered
DeepEP hybrid kernel selection: unordered
DeepEP hybrid kernel selection: unordered
DeepEP hybrid kernel selection: unordered
DeepEP hybrid kernel selection: unordered
Config:
 > Ranks: 4 x 8
 > Experts: 8/256
 > Tokens: 120 (max: 128), hidden: 7168
 > #SM: 12, #QPs: 11/11

Running all test cases:
 > Testing with expert_alignment=128, use_fp8_dispatch=1, num_bias=0, with_previous_event=0, async_with_compute_stream=0, allocate_on_comm_stream=0 ...
USDT:2026-10-10 09:10:26 69048:69048 SyncActivityProfilerHandler.cpp:52] profiler_startUSDT:2026-10-10 09:10:26 69046:69046 SyncActivityProfilerHandler.cpp:52] profiler_startUSDT:2026-10-10 09:10:26 69051:69051 SyncActivityProfilerHandler.cpp:52] profiler_startUSDT:2026-10-10 09:10:26 69049:69049 SyncActivityProfilerHandler.cpp:52] profiler_start
USDT:2026-10-10 09:10:26 69047:69047 SyncActivityProfilerHandler.cpp:52] profiler_startUSDT:2026-10-10 09:10:26 69044:69044 SyncActivityProfilerHandler.cpp:52] profiler_start
USDT:2026-10-10 09:10:26 69050:69050 SyncActivityProfilerHandler.cpp:52] profiler_start
USDT:2026-10-10 09:10:26 69045:69045 SyncActivityProfilerHandler.cpp:52] profiler_start




USDT:2026-10-10 09:10:26 69048:69048 SyncActivityProfilerHandler.cpp:59] profiler_stopUSDT:2026-10-10 09:10:26 69046:69046 SyncActivityProfilerHandler.cpp:59] profiler_stopUSDT:2026-10-10 09:10:26 69044:69044 SyncActivityProfilerHandler.cpp:59] profiler_stopUSDT:2026-10-10 09:10:26 69049:69049 SyncActivityProfilerHandler.cpp:59] profiler_stopUSDT:2026-10-10 09:10:26 69051:69051 SyncActivityProfilerHandler.cpp:59] profiler_stopUSDT:2026-10-10 09:10:26 69045:69045 SyncActivityProfilerHandler.cpp:59] profiler_stop

USDT:2026-10-10 09:10:26 69047:69047 SyncActivityProfilerHandler.cpp:59] profiler_stopUSDT:2026-10-10 09:10:26 69050:69050 SyncActivityProfilerHandler.cpp:59] profiler_stop





   * EP:  12/32 | dispatch: 17 GB/s (SO), 31 GB/s (SU), 185.281 us, 5780736 bytes | copy: 432 GB/s, 26.779 us
   * EP:  15/32 | dispatch: 16 GB/s (SO), 33 GB/s (SU), 185.403 us, 6147648 bytes | copy: 472 GB/s, 26.067 us
   * EP:  10/32 | dispatch: 17 GB/s (SO), 33 GB/s (SU), 185.934 us, 6102720 bytes | copy: 379 GB/s, 32.188 us
   * EP:  13/32 | dispatch: 17 GB/s (SO), 33 GB/s (SU), 186.116 us, 6215040 bytes | copy: 383 GB/s, 32.422 us
   * EP:  14/32 | dispatch: 16 GB/s (SO), 32 GB/s (SU), 185.416 us, 6012864 bytes | copy: 341 GB/s, 35.288 us
   * EP:   8/32 | dispatch: 18 GB/s (SO), 34 GB/s (SU), 183.146 us, 6222528 bytes | copy: 1962 GB/s, 6.343 us
   * EP:   9/32 | dispatch: 17 GB/s (SO), 33 GB/s (SU), 186.246 us, 6200064 bytes | copy: 484 GB/s, 25.637 us
   * EP:  11/32 | dispatch: 17 GB/s (SO), 34 GB/s (SU), 185.812 us, 6334848 bytes | copy: 383 GB/s, 33.069 us
USDT:2026-10-10 09:10:26 69048:69048 SyncActivityProfilerHandler.cpp:52] profiler_startUSDT:2026-10-10 09:10:26 69051:69051 SyncActivityProfilerHandler.cpp:52] profiler_startUSDT:2026-10-10 09:10:26 69046:69046 SyncActivityProfilerHandler.cpp:52] profiler_startUSDT:2026-10-10 09:10:26 69049:69049 SyncActivityProfilerHandler.cpp:52] profiler_startUSDT:2026-10-10 09:10:26 69044:69044 SyncActivityProfilerHandler.cpp:52] profiler_startUSDT:2026-10-10 09:10:26 69045:69045 SyncActivityProfilerHandler.cpp:52] profiler_startUSDT:2026-10-10 09:10:26 69047:69047 SyncActivityProfilerHandler.cpp:52] profiler_startUSDT:2026-10-10 09:10:26 69050:69050 SyncActivityProfilerHandler.cpp:52] profiler_start







USDT:2026-10-10 09:10:27 69049:69049 SyncActivityProfilerHandler.cpp:59] profiler_stopUSDT:2026-10-10 09:10:27 69046:69046 SyncActivityProfilerHandler.cpp:59] profiler_stopUSDT:2026-10-10 09:10:27 69048:69048 SyncActivityProfilerHandler.cpp:59] profiler_stopUSDT:2026-10-10 09:10:27 69051:69051 SyncActivityProfilerHandler.cpp:59] profiler_stopUSDT:2026-10-10 09:10:27 69050:69050 SyncActivityProfilerHandler.cpp:59] profiler_stopUSDT:2026-10-10 09:10:27 69047:69047 SyncActivityProfilerHandler.cpp:59] profiler_stop
USDT:2026-10-10 09:10:27 69044:69044 SyncActivityProfilerHandler.cpp:59] profiler_stopUSDT:2026-10-10 09:10:27 69045:69045 SyncActivityProfilerHandler.cpp:59] profiler_stop






   - EP:  10/32 | expanded dispatch: 17 GB/s (SO), 33 GB/s (SU), 182.913 us, 6102720 bytes | copy: 469 GB/s, 29.185 us
   - EP:  12/32 | expanded dispatch: 17 GB/s (SO), 32 GB/s (SU), 182.553 us, 5780736 bytes | copy: 532 GB/s, 24.896 us
   - EP:  13/32 | expanded dispatch: 17 GB/s (SO), 34 GB/s (SU), 183.055 us, 6215040 bytes | copy: 483 GB/s, 30.676 us
   - EP:  15/32 | expanded dispatch: 16 GB/s (SO), 34 GB/s (SU), 182.157 us, 6147648 bytes | copy: 539 GB/s, 25.401 us
   - EP:   9/32 | expanded dispatch: 18 GB/s (SO), 34 GB/s (SU), 182.603 us, 6200064 bytes | copy: 645 GB/s, 22.922 us
   - EP:  14/32 | expanded dispatch: 17 GB/s (SO), 33 GB/s (SU), 182.209 us, 6012864 bytes | copy: 407 GB/s, 33.618 us
   - EP:   8/32 | expanded dispatch: 18 GB/s (SO), 34 GB/s (SU), 180.824 us, 6222528 bytes | copy: 2026 GB/s, 6.855 us
   - EP:  11/32 | expanded dispatch: 18 GB/s (SO), 35 GB/s (SU), 182.400 us, 6334848 bytes | copy: 473 GB/s, 29.379 us
USDT:2026-10-10 09:10:27 69044:69044 SyncActivityProfilerHandler.cpp:52] profiler_startUSDT:2026-10-10 09:10:27 69051:69051 SyncActivityProfilerHandler.cpp:52] profiler_startUSDT:2026-10-10 09:10:27 69046:69046 SyncActivityProfilerHandler.cpp:52] profiler_startUSDT:2026-10-10 09:10:27 69048:69048 SyncActivityProfilerHandler.cpp:52] profiler_startUSDT:2026-10-10 09:10:27 69049:69049 SyncActivityProfilerHandler.cpp:52] profiler_startUSDT:2026-10-10 09:10:27 69045:69045 SyncActivityProfilerHandler.cpp:52] profiler_startUSDT:2026-10-10 09:10:27 69050:69050 SyncActivityProfilerHandler.cpp:52] profiler_start
USDT:2026-10-10 09:10:27 69047:69047 SyncActivityProfilerHandler.cpp:52] profiler_start






USDT:2026-10-10 09:10:27 69046:69046 SyncActivityProfilerHandler.cpp:59] profiler_stopUSDT:2026-10-10 09:10:27 69044:69044 SyncActivityProfilerHandler.cpp:59] profiler_stopUSDT:2026-10-10 09:10:27 69045:69045 SyncActivityProfilerHandler.cpp:59] profiler_stopUSDT:2026-10-10 09:10:27 69049:69049 SyncActivityProfilerHandler.cpp:59] profiler_stopUSDT:2026-10-10 09:10:27 69051:69051 SyncActivityProfilerHandler.cpp:59] profiler_stopUSDT:2026-10-10 09:10:27 69048:69048 SyncActivityProfilerHandler.cpp:59] profiler_stopUSDT:2026-10-10 09:10:27 69047:69047 SyncActivityProfilerHandler.cpp:59] profiler_stopUSDT:2026-10-10 09:10:27 69050:69050 SyncActivityProfilerHandler.cpp:59] profiler_stop







   # EP:   8/32 | cached dispatch: 18 GB/s (SO), 34 GB/s (SU), 180.675 us, 6222528 bytes | copy: 1857 GB/s, 6.701 us
   # EP:  12/32 | cached dispatch: 17 GB/s (SO), 32 GB/s (SU), 182.865 us, 5780736 bytes | copy: 338 GB/s, 34.214 us   # EP:  15/32 | cached dispatch: 16 GB/s (SO), 33 GB/s (SU), 184.148 us, 6147648 bytes | copy: 480 GB/s, 25.591 us   # EP:  10/32 | cached dispatch: 17 GB/s (SO), 33 GB/s (SU), 185.278 us, 6102720 bytes | copy: 354 GB/s, 34.526 us


   # EP:   9/32 | cached dispatch: 18 GB/s (SO), 34 GB/s (SU), 185.074 us, 6200064 bytes | copy: 411 GB/s, 30.187 us
   # EP:  13/32 | cached dispatch: 17 GB/s (SO), 34 GB/s (SU), 185.045 us, 6215040 bytes | copy: 355 GB/s, 34.995 us
   # EP:  14/32 | cached dispatch: 17 GB/s (SO), 33 GB/s (SU), 184.387 us, 6012864 bytes | copy: 340 GB/s, 35.376 us
   # EP:  11/32 | cached dispatch: 17 GB/s (SO), 34 GB/s (SU), 184.335 us, 6334848 bytes | copy: 381 GB/s, 33.261 us
USDT:2026-10-10 09:10:28 69048:69048 SyncActivityProfilerHandler.cpp:52] profiler_start
USDT:2026-10-10 09:10:28 69044:69044 SyncActivityProfilerHandler.cpp:52] profiler_startUSDT:2026-10-10 09:10:28 69046:69046 SyncActivityProfilerHandler.cpp:52] profiler_startUSDT:2026-10-10 09:10:28 69049:69049 SyncActivityProfilerHandler.cpp:52] profiler_startUSDT:2026-10-10 09:10:28 69051:69051 SyncActivityProfilerHandler.cpp:52] profiler_start
USDT:2026-10-10 09:10:28 69050:69050 SyncActivityProfilerHandler.cpp:52] profiler_start
USDT:2026-10-10 09:10:28 69047:69047 SyncActivityProfilerHandler.cpp:52] profiler_start



USDT:2026-10-10 09:10:28 69045:69045 SyncActivityProfilerHandler.cpp:52] profiler_start
USDT:2026-10-10 09:10:28 69048:69048 SyncActivityProfilerHandler.cpp:59] profiler_stop
USDT:2026-10-10 09:10:28 69046:69046 SyncActivityProfilerHandler.cpp:59] profiler_stopUSDT:2026-10-10 09:10:28 69049:69049 SyncActivityProfilerHandler.cpp:59] profiler_stopUSDT:2026-10-10 09:10:28 69044:69044 SyncActivityProfilerHandler.cpp:59] profiler_stopUSDT:2026-10-10 09:10:28 69047:69047 SyncActivityProfilerHandler.cpp:59] profiler_stopUSDT:2026-10-10 09:10:28 69051:69051 SyncActivityProfilerHandler.cpp:59] profiler_stopUSDT:2026-10-10 09:10:28 69045:69045 SyncActivityProfilerHandler.cpp:59] profiler_stop
USDT:2026-10-10 09:10:28 69050:69050 SyncActivityProfilerHandler.cpp:59] profiler_stop





   @ EP:  12/32 | combine: 25 GB/s (SO), 45 GB/s (SU), 247.270 us, 11092096 bytes | reduce: 1123 GB/s, 6.921 us
   @ EP:   8/32 | combine: 26 GB/s (SO), 48 GB/s (SU), 246.946 us, 11939808 bytes | reduce: 1151 GB/s, 6.988 us   @ EP:   9/32 | combine: 24 GB/s (SO), 45 GB/s (SU), 262.103 us, 11896704 bytes | reduce: 1105 GB/s, 7.175 us
   @ EP:  10/32 | combine: 23 GB/s (SO), 44 GB/s (SU), 263.209 us, 11709920 bytes | reduce: 1120 GB/s, 6.940 us

   @ EP:  13/32 | combine: 23 GB/s (SO), 46 GB/s (SU), 261.615 us, 11925440 bytes | reduce: 1109 GB/s, 6.852 us   @ EP:  15/32 | combine: 21 GB/s (SO), 44 GB/s (SU), 268.731 us, 11796128 bytes | reduce: 1048 GB/s, 6.994 us

   @ EP:  14/32 | combine: 22 GB/s (SO), 43 GB/s (SU), 269.505 us, 11537504 bytes | reduce: 1103 GB/s, 6.799 us
   @ EP:  11/32 | combine: 24 GB/s (SO), 47 GB/s (SU), 257.993 us, 12155328 bytes | reduce: 1132 GB/s, 6.904 us
USDT:2026-10-10 09:10:29 69044:69044 SyncActivityProfilerHandler.cpp:52] profiler_startUSDT:2026-10-10 09:10:29 69046:69046 SyncActivityProfilerHandler.cpp:52] profiler_startUSDT:2026-10-10 09:10:29 69047:69047 SyncActivityProfilerHandler.cpp:52] profiler_startUSDT:2026-10-10 09:10:29 69045:69045 SyncActivityProfilerHandler.cpp:52] profiler_start
USDT:2026-10-10 09:10:29 69048:69048 SyncActivityProfilerHandler.cpp:52] profiler_startUSDT:2026-10-10 09:10:29 69050:69050 SyncActivityProfilerHandler.cpp:52] profiler_startUSDT:2026-10-10 09:10:29 69049:69049 SyncActivityProfilerHandler.cpp:52] profiler_start
USDT:2026-10-10 09:10:29 69051:69051 SyncActivityProfilerHandler.cpp:52] profiler_start





USDT:2026-10-10 09:10:29 69048:69048 SyncActivityProfilerHandler.cpp:59] profiler_stopUSDT:2026-10-10 09:10:29 69044:69044 SyncActivityProfilerHandler.cpp:59] profiler_stopUSDT:2026-10-10 09:10:29 69049:69049 SyncActivityProfilerHandler.cpp:59] profiler_stopUSDT:2026-10-10 09:10:29 69046:69046 SyncActivityProfilerHandler.cpp:59] profiler_stopUSDT:2026-10-10 09:10:29 69045:69045 SyncActivityProfilerHandler.cpp:59] profiler_stop


USDT:2026-10-10 09:10:29 69051:69051 SyncActivityProfilerHandler.cpp:59] profiler_stop

USDT:2026-10-10 09:10:29 69047:69047 SyncActivityProfilerHandler.cpp:59] profiler_stop
USDT:2026-10-10 09:10:29 69050:69050 SyncActivityProfilerHandler.cpp:59] profiler_stop

   + EP:  12/32 | reduced combine: 22 GB/s (SO), 41 GB/s (SU), 271.416 us, 11092096 bytes | reduce: 1127 GB/s, 6.896 us
   + EP:   9/32 | reduced combine: 23 GB/s (SO), 43 GB/s (SU), 275.230 us, 11896704 bytes | reduce: 1134 GB/s, 6.995 us
   + EP:   8/32 | reduced combine: 24 GB/s (SO), 46 GB/s (SU), 261.261 us, 11939808 bytes | reduce: 1151 GB/s, 6.989 us   + EP:  13/32 | reduced combine: 22 GB/s (SO), 43 GB/s (SU), 276.089 us, 11925440 bytes | reduce: 1107 GB/s, 6.866 us

   + EP:  15/32 | reduced combine: 20 GB/s (SO), 41 GB/s (SU), 284.870 us, 11796128 bytes | reduce: 1042 GB/s, 7.029 us
   + EP:  10/32 | reduced combine: 22 GB/s (SO), 42 GB/s (SU), 276.511 us, 11709920 bytes | reduce: 1111 GB/s, 6.994 us
   + EP:  14/32 | reduced combine: 21 GB/s (SO), 41 GB/s (SU), 282.684 us, 11537504 bytes | reduce: 1107 GB/s, 6.774 us
   + EP:  11/32 | reduced combine: 23 GB/s (SO), 45 GB/s (SU), 272.350 us, 12155328 bytes | reduce: 1129 GB/s, 6.924 us


