=== EP_NIC_NAME=rdmap101s0 (auto, 400 Gb/s) ===
=== NCCL_IB_HCA=rdmap (auto: non-EFA ibverbs device ibp198s0f0 present) ===
=== GIN: NCCL_GIN_TYPE=5 NCCL_SYM_GIN_KERNELS_ENABLE=0 ===
=== PREFER_OVERLAP=0 (--prefer-overlap-with-compute) ===
=== IMAGE=deepep-v2-efa-official:sm103  DeepEP=97d8f9bcc1be31e9036db2ab591ef9b9f4e38619 ===
+ docker run --rm --init --gpus all --privileged --network=host --ipc=host --ulimit memlock=-1 --ulimit stack=67108864 --device=/dev/infiniband --device=/dev/gdrdrv -v /sys/class/infiniband:/sys/class/infiniband:ro -e MASTER_ADDR=172.31.30.41 -e MASTER_PORT=8509 -e WORLD_SIZE=1 -e RANK=0 -e NCCL_DEBUG=WARN -e EP_NIC_NAME=rdmap101s0 -e NCCL_IB_HCA=rdmap -e NCCL_GIN_TYPE=5 -e NCCL_SYM_GIN_KERNELS_ENABLE=0 -e PYTHONUNBUFFERED=1 -e PYTHONFAULTHANDLER=1 deepep-v2-efa-official:sm103 bash -lc 'timeout -s ABRT --kill-after=60 1800     python3 -u /opt/DeepEP/tests/elastic/test_ep.py     --num-processes=8 --num-tokens=128     --hidden=7168 --num-topk=8 --num-experts=256     --num-sms=12 --allow-hybrid-mode=1     --prefer-overlap-with-compute=0 --test-first-only      '

==========
== CUDA ==
==========

CUDA Version 13.3.1

Container image Copyright (c) 2016-2023, NVIDIA CORPORATION & AFFILIATES. All rights reserved.

This container image and its contents are governed by the NVIDIA Deep Learning Container License.
By pulling and using the container, you accept the terms and conditions of this license:
https://developer.nvidia.com/ngc/nvidia-deep-learning-container-license

A copy of this license is made available in this container at /NGC-DL-CONTAINER-LICENSE for your convenience.

NCCL version 2.31.2+cuda13.3
DeepEP hybrid kernel selection: unordered
DeepEP hybrid kernel selection: unordered
DeepEP hybrid kernel selection: unordered
DeepEP hybrid kernel selection: unordered
DeepEP hybrid kernel selection: unordered
DeepEP hybrid kernel selection: unordered
DeepEP hybrid kernel selection: unordered
DeepEP hybrid kernel selection: unordered
Config:
 > Ranks: 1 x 8
 > Experts: 8/256
 > Tokens: 128 (max: 128), hidden: 7168
 > #SM: 12, #QPs: 11/11

Running all test cases:
 > Testing with do_handle_copy=1, expert_alignment=128, use_fp8_dispatch=1, num_bias=0, with_previous_event=0, async_with_compute_stream=0, allocate_on_comm_stream=0 ...
DeepEP hybrid kernel selection: unordered
DeepEP hybrid kernel selection: unordered
DeepEP hybrid kernel selection: unordered
DeepEP hybrid kernel selection: unordered
DeepEP hybrid kernel selection: unordered
DeepEP hybrid kernel selection: unordered
DeepEP hybrid kernel selection: unordered
DeepEP hybrid kernel selection: unordered
USDT:2026-09-04 03:31:04 489:489 SyncActivityProfilerHandler.cpp:52] profiler_startUSDT:2026-09-04 03:31:04 492:492 SyncActivityProfilerHandler.cpp:52] profiler_startUSDT:2026-09-04 03:31:04 490:490 SyncActivityProfilerHandler.cpp:52] profiler_startUSDT:2026-09-04 03:31:04 488:488 SyncActivityProfilerHandler.cpp:52] profiler_startUSDT:2026-09-04 03:31:04 486:486 SyncActivityProfilerHandler.cpp:52] profiler_startUSDT:2026-09-04 03:31:04 487:487 SyncActivityProfilerHandler.cpp:52] profiler_startUSDT:2026-09-04 03:31:04 491:491 SyncActivityProfilerHandler.cpp:52] profiler_start
USDT:2026-09-04 03:31:04 485:485 SyncActivityProfilerHandler.cpp:52] profiler_start






USDT:2026-09-04 03:31:04 488:488 SyncActivityProfilerHandler.cpp:59] profiler_stopUSDT:2026-09-04 03:31:04 486:486 SyncActivityProfilerHandler.cpp:59] profiler_stop
USDT:2026-09-04 03:31:04 490:490 SyncActivityProfilerHandler.cpp:59] profiler_stop
USDT:2026-09-04 03:31:04 489:489 SyncActivityProfilerHandler.cpp:59] profiler_stopUSDT:2026-09-04 03:31:04 491:491 SyncActivityProfilerHandler.cpp:59] profiler_stop


USDT:2026-09-04 03:31:04 485:485 SyncActivityProfilerHandler.cpp:59] profiler_stopUSDT:2026-09-04 03:31:04 492:492 SyncActivityProfilerHandler.cpp:59] profiler_stop

USDT:2026-09-04 03:31:04 487:487 SyncActivityProfilerHandler.cpp:59] profiler_stop
   * EP:   1/8 | dispatch: 0 GB/s (SO), 187 GB/s (SU), 26.123 us, 4874688 bytes | copy: 2311 GB/s, 4.219 us
   * EP:   4/8 | dispatch: 0 GB/s (SO), 185 GB/s (SU), 27.107 us, 5009472 bytes | copy: 2224 GB/s, 4.504 us
   * EP:   5/8 | dispatch: 0 GB/s (SO), 186 GB/s (SU), 26.218 us, 4874688 bytes | copy: 2217 GB/s, 4.397 us
   * EP:   0/8 | dispatch: 0 GB/s (SO), 202 GB/s (SU), 24.659 us, 4979520 bytes | copy: 2373 GB/s, 4.197 us
   * EP:   3/8 | dispatch: 0 GB/s (SO), 187 GB/s (SU), 26.185 us, 4897152 bytes | copy: 2374 GB/s, 4.126 us
   * EP:   7/8 | dispatch: 0 GB/s (SO), 185 GB/s (SU), 26.301 us, 4874688 bytes | copy: 2370 GB/s, 4.114 us
   * EP:   2/8 | dispatch: 0 GB/s (SO), 195 GB/s (SU), 26.213 us, 5106816 bytes | copy: 2433 GB/s, 4.198 us
   * EP:   6/8 | dispatch: 0 GB/s (SO), 196 GB/s (SU), 25.666 us, 5024448 bytes | copy: 2291 GB/s, 4.386 us
USDT:2026-09-04 03:31:04 489:489 SyncActivityProfilerHandler.cpp:52] profiler_start
USDT:2026-09-04 03:31:04 487:487 SyncActivityProfilerHandler.cpp:52] profiler_startUSDT:2026-09-04 03:31:04 486:486 SyncActivityProfilerHandler.cpp:52] profiler_startUSDT:2026-09-04 03:31:04 490:490 SyncActivityProfilerHandler.cpp:52] profiler_start
USDT:2026-09-04 03:31:04 492:492 SyncActivityProfilerHandler.cpp:52] profiler_startUSDT:2026-09-04 03:31:04 491:491 SyncActivityProfilerHandler.cpp:52] profiler_startUSDT:2026-09-04 03:31:04 488:488 SyncActivityProfilerHandler.cpp:52] profiler_start




USDT:2026-09-04 03:31:04 485:485 SyncActivityProfilerHandler.cpp:52] profiler_start
USDT:2026-09-04 03:31:05 489:489 SyncActivityProfilerHandler.cpp:59] profiler_stopUSDT:2026-09-04 03:31:05 487:487 SyncActivityProfilerHandler.cpp:59] profiler_stop

USDT:2026-09-04 03:31:05 486:486 SyncActivityProfilerHandler.cpp:59] profiler_stop
USDT:2026-09-04 03:31:05 492:492 SyncActivityProfilerHandler.cpp:59] profiler_stopUSDT:2026-09-04 03:31:05 490:490 SyncActivityProfilerHandler.cpp:59] profiler_stopUSDT:2026-09-04 03:31:05 488:488 SyncActivityProfilerHandler.cpp:59] profiler_stop
USDT:2026-09-04 03:31:05 491:491 SyncActivityProfilerHandler.cpp:59] profiler_stop


USDT:2026-09-04 03:31:05 485:485 SyncActivityProfilerHandler.cpp:59] profiler_stop
   - EP:   2/8 | expanded dispatch: 0 GB/s (SO), 199 GB/s (SU), 25.602 us, 5106816 bytes | copy: 7452 GB/s, 4.704 us
   - EP:   0/8 | expanded dispatch: 0 GB/s (SO), 201 GB/s (SU), 24.722 us, 4979520 bytes | copy: 7471 GB/s, 4.669 us
   - EP:   6/8 | expanded dispatch: 0 GB/s (SO), 195 GB/s (SU), 25.804 us, 5024448 bytes | copy: 6678 GB/s, 5.229 us
   - EP:   1/8 | expanded dispatch: 0 GB/s (SO), 189 GB/s (SU), 25.850 us, 4874688 bytes | copy: 7427 GB/s, 4.694 us
   - EP:   4/8 | expanded dispatch: 0 GB/s (SO), 188 GB/s (SU), 26.663 us, 5009472 bytes | copy: 6592 GB/s, 5.308 us
   - EP:   3/8 | expanded dispatch: 0 GB/s (SO), 187 GB/s (SU), 26.131 us, 4897152 bytes | copy: 7549 GB/s, 4.627 us
   - EP:   5/8 | expanded dispatch: 0 GB/s (SO), 187 GB/s (SU), 26.085 us, 4874688 bytes | copy: 7254 GB/s, 4.807 us
   - EP:   7/8 | expanded dispatch: 0 GB/s (SO), 187 GB/s (SU), 26.101 us, 4874688 bytes | copy: 7725 GB/s, 4.509 us
USDT:2026-09-04 03:31:05 485:485 SyncActivityProfilerHandler.cpp:52] profiler_startUSDT:2026-09-04 03:31:05 487:487 SyncActivityProfilerHandler.cpp:52] profiler_startUSDT:2026-09-04 03:31:05 491:491 SyncActivityProfilerHandler.cpp:52] profiler_start


USDT:2026-09-04 03:31:05 490:490 SyncActivityProfilerHandler.cpp:52] profiler_startUSDT:2026-09-04 03:31:05 486:486 SyncActivityProfilerHandler.cpp:52] profiler_startUSDT:2026-09-04 03:31:05 488:488 SyncActivityProfilerHandler.cpp:52] profiler_startUSDT:2026-09-04 03:31:05 489:489 SyncActivityProfilerHandler.cpp:52] profiler_startUSDT:2026-09-04 03:31:05 492:492 SyncActivityProfilerHandler.cpp:52] profiler_start




USDT:2026-09-04 03:31:06 485:485 SyncActivityProfilerHandler.cpp:59] profiler_stopUSDT:2026-09-04 03:31:06 487:487 SyncActivityProfilerHandler.cpp:59] profiler_stopUSDT:2026-09-04 03:31:06 491:491 SyncActivityProfilerHandler.cpp:59] profiler_stop


USDT:2026-09-04 03:31:06 490:490 SyncActivityProfilerHandler.cpp:59] profiler_stopUSDT:2026-09-04 03:31:06 488:488 SyncActivityProfilerHandler.cpp:59] profiler_stop

USDT:2026-09-04 03:31:06 486:486 SyncActivityProfilerHandler.cpp:59] profiler_stop
USDT:2026-09-04 03:31:06 489:489 SyncActivityProfilerHandler.cpp:59] profiler_stopUSDT:2026-09-04 03:31:06 492:492 SyncActivityProfilerHandler.cpp:59] profiler_stop

   # EP:   0/8 | cached dispatch: 0 GB/s (SO), 208 GB/s (SU), 23.990 us, 4979520 bytes | copy: 1299 GB/s, 7.669 us
   # EP:   2/8 | cached dispatch: 0 GB/s (SO), 194 GB/s (SU), 26.305 us, 5106816 bytes | copy: 1118 GB/s, 9.139 us
   # EP:   6/8 | cached dispatch: 0 GB/s (SO), 215 GB/s (SU), 23.376 us, 5024448 bytes | copy: 1354 GB/s, 7.420 us
   # EP:   5/8 | cached dispatch: 0 GB/s (SO), 205 GB/s (SU), 23.772 us, 4874688 bytes | copy: 1321 GB/s, 7.382 us   # EP:   4/8 | cached dispatch: 0 GB/s (SO), 185 GB/s (SU), 27.081 us, 5009472 bytes | copy: 961 GB/s, 10.427 us

   # EP:   1/8 | cached dispatch: 0 GB/s (SO), 196 GB/s (SU), 24.886 us, 4874688 bytes | copy: 1199 GB/s, 8.132 us
   # EP:   7/8 | cached dispatch: 0 GB/s (SO), 184 GB/s (SU), 26.452 us, 4874688 bytes | copy: 925 GB/s, 10.539 us
   # EP:   3/8 | cached dispatch: 0 GB/s (SO), 209 GB/s (SU), 23.427 us, 4897152 bytes | copy: 1359 GB/s, 7.205 us
USDT:2026-09-04 03:31:06 485:485 SyncActivityProfilerHandler.cpp:52] profiler_startUSDT:2026-09-04 03:31:06 486:486 SyncActivityProfilerHandler.cpp:52] profiler_startUSDT:2026-09-04 03:31:06 488:488 SyncActivityProfilerHandler.cpp:52] profiler_startUSDT:2026-09-04 03:31:06 487:487 SyncActivityProfilerHandler.cpp:52] profiler_startUSDT:2026-09-04 03:31:06 490:490 SyncActivityProfilerHandler.cpp:52] profiler_startUSDT:2026-09-04 03:31:06 489:489 SyncActivityProfilerHandler.cpp:52] profiler_startUSDT:2026-09-04 03:31:06 492:492 SyncActivityProfilerHandler.cpp:52] profiler_startUSDT:2026-09-04 03:31:06 491:491 SyncActivityProfilerHandler.cpp:52] profiler_start







USDT:2026-09-04 03:31:06 490:490 SyncActivityProfilerHandler.cpp:59] profiler_stop
USDT:2026-09-04 03:31:06 487:487 SyncActivityProfilerHandler.cpp:59] profiler_stop
USDT:2026-09-04 03:31:06 488:488 SyncActivityProfilerHandler.cpp:59] profiler_stopUSDT:2026-09-04 03:31:06 486:486 SyncActivityProfilerHandler.cpp:59] profiler_stopUSDT:2026-09-04 03:31:06 491:491 SyncActivityProfilerHandler.cpp:59] profiler_stop

USDT:2026-09-04 03:31:06 489:489 SyncActivityProfilerHandler.cpp:59] profiler_stopUSDT:2026-09-04 03:31:06 485:485 SyncActivityProfilerHandler.cpp:59] profiler_stop


USDT:2026-09-04 03:31:06 492:492 SyncActivityProfilerHandler.cpp:59] profiler_stop
   @ EP:   4/8 | combine: 0 GB/s (SO), 275 GB/s (SU), 34.964 us, 9612192 bytes | reduce: 204 GB/s, 17.442 us
   @ EP:   0/8 | combine: 0 GB/s (SO), 293 GB/s (SU), 32.604 us, 9554720 bytes | reduce: 218 GB/s, 16.878 us
   @ EP:   3/8 | combine: 0 GB/s (SO), 290 GB/s (SU), 32.410 us, 9396672 bytes | reduce: 243 GB/s, 14.769 us
   @ EP:   6/8 | combine: 0 GB/s (SO), 302 GB/s (SU), 31.898 us, 9640928 bytes | reduce: 231 GB/s, 15.203 us
   @ EP:   2/8 | combine: 0 GB/s (SO), 287 GB/s (SU), 34.148 us, 9798976 bytes | reduce: 209 GB/s, 17.298 us
   @ EP:   5/8 | combine: 0 GB/s (SO), 295 GB/s (SU), 31.753 us, 9353568 bytes | reduce: 234 GB/s, 15.077 us
   @ EP:   7/8 | combine: 0 GB/s (SO), 274 GB/s (SU), 34.084 us, 9353568 bytes | reduce: 207 GB/s, 16.769 us
   @ EP:   1/8 | combine: 0 GB/s (SO), 278 GB/s (SU), 33.694 us, 9353568 bytes | reduce: 208 GB/s, 17.575 us
USDT:2026-09-04 03:31:07 490:490 SyncActivityProfilerHandler.cpp:52] profiler_startUSDT:2026-09-04 03:31:07 486:486 SyncActivityProfilerHandler.cpp:52] profiler_startUSDT:2026-09-04 03:31:07 487:487 SyncActivityProfilerHandler.cpp:52] profiler_startUSDT:2026-09-04 03:31:07 489:489 SyncActivityProfilerHandler.cpp:52] profiler_startUSDT:2026-09-04 03:31:07 485:485 SyncActivityProfilerHandler.cpp:52] profiler_startUSDT:2026-09-04 03:31:07 491:491 SyncActivityProfilerHandler.cpp:52] profiler_startUSDT:2026-09-04 03:31:07 488:488 SyncActivityProfilerHandler.cpp:52] profiler_start



USDT:2026-09-04 03:31:07 492:492 SyncActivityProfilerHandler.cpp:52] profiler_start



USDT:2026-09-04 03:31:07 490:490 SyncActivityProfilerHandler.cpp:59] profiler_stopUSDT:2026-09-04 03:31:07 485:485 SyncActivityProfilerHandler.cpp:59] profiler_stopUSDT:2026-09-04 03:31:07 488:488 SyncActivityProfilerHandler.cpp:59] profiler_stop

USDT:2026-09-04 03:31:07 487:487 SyncActivityProfilerHandler.cpp:59] profiler_stopUSDT:2026-09-04 03:31:07 491:491 SyncActivityProfilerHandler.cpp:59] profiler_stopUSDT:2026-09-04 03:31:07 489:489 SyncActivityProfilerHandler.cpp:59] profiler_stop


USDT:2026-09-04 03:31:07 486:486 SyncActivityProfilerHandler.cpp:59] profiler_stopUSDT:2026-09-04 03:31:07 492:492 SyncActivityProfilerHandler.cpp:59] profiler_stop


   + EP:   0/8 | reduced combine: 0 GB/s (SO), 181 GB/s (SU), 52.730 us, 9554720 bytes | reduce: 210 GB/s, 17.522 us
   + EP:   2/8 | reduced combine: 0 GB/s (SO), 180 GB/s (SU), 54.525 us, 9798976 bytes | reduce: 205 GB/s, 17.650 us
   + EP:   6/8 | reduced combine: 0 GB/s (SO), 185 GB/s (SU), 52.063 us, 9640928 bytes | reduce: 240 GB/s, 14.634 us
   + EP:   5/8 | reduced combine: 0 GB/s (SO), 180 GB/s (SU), 51.995 us, 9353568 bytes | reduce: 239 GB/s, 14.781 us
   + EP:   4/8 | reduced combine: 0 GB/s (SO), 175 GB/s (SU), 54.977 us, 9612192 bytes | reduce: 208 GB/s, 17.125 us
   + EP:   7/8 | reduced combine: 0 GB/s (SO), 169 GB/s (SU), 55.477 us, 9353568 bytes | reduce: 193 GB/s, 18.047 us
   + EP:   1/8 | reduced combine: 0 GB/s (SO), 171 GB/s (SU), 54.647 us, 9353568 bytes | reduce: 201 GB/s, 18.161 us
   + EP:   3/8 | reduced combine: 0 GB/s (SO), 179 GB/s (SU), 52.612 us, 9396672 bytes | reduce: 236 GB/s, 15.191 us


