=== EP_NIC_NAME=rdmap101s0 (auto, 400 Gb/s) ===
=== NCCL_IB_HCA=rdmap (auto: non-EFA ibverbs device ibp198s0f0 present) ===
=== GIN: NCCL_GIN_TYPE=5 NCCL_SYM_GIN_KERNELS_ENABLE=0 ===
=== PREFER_OVERLAP=0 (--prefer-overlap-with-compute) ===
=== IMAGE=deepep-v2-efa-official:sm103  DeepEP=97d8f9bcc1be31e9036db2ab591ef9b9f4e38619 ===
+ docker run --rm --init --gpus all --privileged --network=host --ipc=host --ulimit memlock=-1 --ulimit stack=67108864 --device=/dev/infiniband --device=/dev/gdrdrv -v /sys/class/infiniband:/sys/class/infiniband:ro -e MASTER_ADDR=172.31.30.41 -e MASTER_PORT=8711 -e WORLD_SIZE=4 -e RANK=1 -e NCCL_DEBUG=WARN -e EP_NIC_NAME=rdmap101s0 -e NCCL_IB_HCA=rdmap -e NCCL_GIN_TYPE=5 -e NCCL_SYM_GIN_KERNELS_ENABLE=0 -e PYTHONUNBUFFERED=1 -e PYTHONFAULTHANDLER=1 deepep-v2-efa-official:sm103 bash -lc 'timeout -s ABRT --kill-after=60 1800     python3 -u /opt/DeepEP/tests/elastic/test_ep.py     --num-processes=8 --num-tokens=128     --hidden=7168 --num-topk=8 --num-experts=256     --num-sms=24 --allow-hybrid-mode=1     --prefer-overlap-with-compute=0 --test-first-only      '

==========
== CUDA ==
==========

CUDA Version 13.3.1

Container image Copyright (c) 2016-2023, NVIDIA CORPORATION & AFFILIATES. All rights reserved.

This container image and its contents are governed by the NVIDIA Deep Learning Container License.
By pulling and using the container, you accept the terms and conditions of this license:
https://developer.nvidia.com/ngc/nvidia-deep-learning-container-license

A copy of this license is made available in this container at /NGC-DL-CONTAINER-LICENSE for your convenience.

DeepEP hybrid kernel selection: unordered
DeepEP hybrid kernel selection: unordered
DeepEP hybrid kernel selection: unordered
DeepEP hybrid kernel selection: unordered
DeepEP hybrid kernel selection: unordered
DeepEP hybrid kernel selection: unordered
DeepEP hybrid kernel selection: unordered
DeepEP hybrid kernel selection: unordered
DeepEP hybrid kernel selection: unordered
DeepEP hybrid kernel selection: unordered
DeepEP hybrid kernel selection: unordered
DeepEP hybrid kernel selection: unordered
DeepEP hybrid kernel selection: unordered
DeepEP hybrid kernel selection: unordered
DeepEP hybrid kernel selection: unordered
DeepEP hybrid kernel selection: unordered
Config:
 > Ranks: 4 x 8
 > Experts: 8/256
 > Tokens: 120 (max: 128), hidden: 7168
 > #SM: 24, #QPs: 11/11

Running all test cases:
 > Testing with do_handle_copy=1, expert_alignment=128, use_fp8_dispatch=1, num_bias=0, with_previous_event=0, async_with_compute_stream=0, allocate_on_comm_stream=0 ...
USDT:2026-09-04 04:55:46 489:489 SyncActivityProfilerHandler.cpp:52] profiler_startUSDT:2026-09-04 04:55:46 491:491 SyncActivityProfilerHandler.cpp:52] profiler_startUSDT:2026-09-04 04:55:46 492:492 SyncActivityProfilerHandler.cpp:52] profiler_startUSDT:2026-09-04 04:55:46 495:495 SyncActivityProfilerHandler.cpp:52] profiler_start
USDT:2026-09-04 04:55:46 493:493 SyncActivityProfilerHandler.cpp:52] profiler_start



USDT:2026-09-04 04:55:46 494:494 SyncActivityProfilerHandler.cpp:52] profiler_startUSDT:2026-09-04 04:55:46 490:490 SyncActivityProfilerHandler.cpp:52] profiler_start

USDT:2026-09-04 04:55:46 488:488 SyncActivityProfilerHandler.cpp:52] profiler_start
USDT:2026-09-04 04:55:46 489:489 SyncActivityProfilerHandler.cpp:59] profiler_stopUSDT:2026-09-04 04:55:46 491:491 SyncActivityProfilerHandler.cpp:59] profiler_stop
USDT:2026-09-04 04:55:46 493:493 SyncActivityProfilerHandler.cpp:59] profiler_stop
USDT:2026-09-04 04:55:46 495:495 SyncActivityProfilerHandler.cpp:59] profiler_stopUSDT:2026-09-04 04:55:46 490:490 SyncActivityProfilerHandler.cpp:59] profiler_stop


USDT:2026-09-04 04:55:46 492:492 SyncActivityProfilerHandler.cpp:59] profiler_stop
USDT:2026-09-04 04:55:46 488:488 SyncActivityProfilerHandler.cpp:59] profiler_stopUSDT:2026-09-04 04:55:46 494:494 SyncActivityProfilerHandler.cpp:59] profiler_stop

   * EP:  11/32 | dispatch: 10 GB/s (SO), 20 GB/s (SU), 317.863 us, 6334848 bytes | copy: 845 GB/s, 14.996 us
   * EP:  13/32 | dispatch: 10 GB/s (SO), 20 GB/s (SU), 317.635 us, 6215040 bytes | copy: 777 GB/s, 16.001 us
   * EP:   9/32 | dispatch: 10 GB/s (SO), 19 GB/s (SU), 318.092 us, 6200064 bytes | copy: 446 GB/s, 27.817 us   * EP:  12/32 | dispatch: 10 GB/s (SO), 18 GB/s (SU), 318.429 us, 5780736 bytes | copy: 401 GB/s, 28.816 us

   * EP:  15/32 | dispatch: 9 GB/s (SO), 19 GB/s (SU), 317.959 us, 6147648 bytes | copy: 415 GB/s, 29.624 us
   * EP:  10/32 | dispatch: 10 GB/s (SO), 19 GB/s (SU), 317.376 us, 6102720 bytes | copy: 516 GB/s, 23.645 us
   * EP:  14/32 | dispatch: 10 GB/s (SO), 19 GB/s (SU), 317.121 us, 6012864 bytes | copy: 349 GB/s, 34.426 us
   * EP:   8/32 | dispatch: 10 GB/s (SO), 20 GB/s (SU), 317.261 us, 6222528 bytes | copy: 840 GB/s, 14.807 us
USDT:2026-09-04 04:55:47 495:495 SyncActivityProfilerHandler.cpp:52] profiler_startUSDT:2026-09-04 04:55:47 492:492 SyncActivityProfilerHandler.cpp:52] profiler_startUSDT:2026-09-04 04:55:47 491:491 SyncActivityProfilerHandler.cpp:52] profiler_startUSDT:2026-09-04 04:55:47 493:493 SyncActivityProfilerHandler.cpp:52] profiler_startUSDT:2026-09-04 04:55:47 494:494 SyncActivityProfilerHandler.cpp:52] profiler_startUSDT:2026-09-04 04:55:47 489:489 SyncActivityProfilerHandler.cpp:52] profiler_startUSDT:2026-09-04 04:55:47 488:488 SyncActivityProfilerHandler.cpp:52] profiler_start




USDT:2026-09-04 04:55:47 490:490 SyncActivityProfilerHandler.cpp:52] profiler_start


USDT:2026-09-04 04:55:47 489:489 SyncActivityProfilerHandler.cpp:59] profiler_stopUSDT:2026-09-04 04:55:47 493:493 SyncActivityProfilerHandler.cpp:59] profiler_stopUSDT:2026-09-04 04:55:47 491:491 SyncActivityProfilerHandler.cpp:59] profiler_stop


USDT:2026-09-04 04:55:47 490:490 SyncActivityProfilerHandler.cpp:59] profiler_stopUSDT:2026-09-04 04:55:47 492:492 SyncActivityProfilerHandler.cpp:59] profiler_stopUSDT:2026-09-04 04:55:47 495:495 SyncActivityProfilerHandler.cpp:59] profiler_stopUSDT:2026-09-04 04:55:47 488:488 SyncActivityProfilerHandler.cpp:59] profiler_stop


USDT:2026-09-04 04:55:47 494:494 SyncActivityProfilerHandler.cpp:59] profiler_stop

   - EP:  11/32 | expanded dispatch: 10 GB/s (SO), 20 GB/s (SU), 319.668 us, 6334848 bytes | copy: 1040 GB/s, 13.351 us
   - EP:   9/32 | expanded dispatch: 10 GB/s (SO), 19 GB/s (SU), 319.768 us, 6200064 bytes | copy: 516 GB/s, 28.663 us
   - EP:  12/32 | expanded dispatch: 10 GB/s (SO), 18 GB/s (SU), 320.479 us, 5780736 bytes | copy: 434 GB/s, 30.501 us
   - EP:  13/32 | expanded dispatch: 10 GB/s (SO), 19 GB/s (SU), 319.316 us, 6215040 bytes | copy: 849 GB/s, 17.444 us
   - EP:  15/32 | expanded dispatch: 9 GB/s (SO), 19 GB/s (SU), 319.798 us, 6147648 bytes | copy: 418 GB/s, 32.785 us
   - EP:  10/32 | expanded dispatch: 10 GB/s (SO), 19 GB/s (SU), 319.275 us, 6102720 bytes | copy: 546 GB/s, 25.057 us
   - EP:   8/32 | expanded dispatch: 10 GB/s (SO), 19 GB/s (SU), 319.370 us, 6222528 bytes | copy: 764 GB/s, 18.172 us
   - EP:  14/32 | expanded dispatch: 10 GB/s (SO), 19 GB/s (SU), 318.981 us, 6012864 bytes | copy: 371 GB/s, 36.806 us
USDT:2026-09-04 04:55:48 491:491 SyncActivityProfilerHandler.cpp:52] profiler_startUSDT:2026-09-04 04:55:48 492:492 SyncActivityProfilerHandler.cpp:52] profiler_startUSDT:2026-09-04 04:55:48 489:489 SyncActivityProfilerHandler.cpp:52] profiler_start


USDT:2026-09-04 04:55:48 494:494 SyncActivityProfilerHandler.cpp:52] profiler_startUSDT:2026-09-04 04:55:48 493:493 SyncActivityProfilerHandler.cpp:52] profiler_startUSDT:2026-09-04 04:55:48 490:490 SyncActivityProfilerHandler.cpp:52] profiler_start

USDT:2026-09-04 04:55:48 495:495 SyncActivityProfilerHandler.cpp:52] profiler_start

USDT:2026-09-04 04:55:48 488:488 SyncActivityProfilerHandler.cpp:52] profiler_start
USDT:2026-09-04 04:55:48 489:489 SyncActivityProfilerHandler.cpp:59] profiler_stopUSDT:2026-09-04 04:55:48 491:491 SyncActivityProfilerHandler.cpp:59] profiler_stopUSDT:2026-09-04 04:55:48 492:492 SyncActivityProfilerHandler.cpp:59] profiler_stopUSDT:2026-09-04 04:55:48 490:490 SyncActivityProfilerHandler.cpp:59] profiler_stop



USDT:2026-09-04 04:55:48 494:494 SyncActivityProfilerHandler.cpp:59] profiler_stopUSDT:2026-09-04 04:55:48 495:495 SyncActivityProfilerHandler.cpp:59] profiler_stop
USDT:2026-09-04 04:55:48 493:493 SyncActivityProfilerHandler.cpp:59] profiler_stop

USDT:2026-09-04 04:55:48 488:488 SyncActivityProfilerHandler.cpp:59] profiler_stop
   # EP:   9/32 | cached dispatch: 10 GB/s (SO), 20 GB/s (SU), 310.482 us, 6200064 bytes | copy: 511 GB/s, 24.260 us
   # EP:  11/32 | cached dispatch: 10 GB/s (SO), 20 GB/s (SU), 310.584 us, 6334848 bytes | copy: 1040 GB/s, 12.178 us
   # EP:  12/32 | cached dispatch: 10 GB/s (SO), 19 GB/s (SU), 310.581 us, 5780736 bytes | copy: 563 GB/s, 20.535 us
   # EP:  10/32 | cached dispatch: 10 GB/s (SO), 20 GB/s (SU), 310.899 us, 6102720 bytes | copy: 594 GB/s, 20.553 us
   # EP:  14/32 | cached dispatch: 10 GB/s (SO), 19 GB/s (SU), 310.862 us, 6012864 bytes | copy: 573 GB/s, 20.986 us
   # EP:  15/32 | cached dispatch: 10 GB/s (SO), 20 GB/s (SU), 311.106 us, 6147648 bytes | copy: 480 GB/s, 25.603 us
   # EP:  13/32 | cached dispatch: 10 GB/s (SO), 20 GB/s (SU), 310.967 us, 6215040 bytes | copy: 795 GB/s, 15.633 us
   # EP:   8/32 | cached dispatch: 11 GB/s (SO), 20 GB/s (SU), 310.622 us, 6222528 bytes | copy: 721 GB/s, 17.270 us
USDT:2026-09-04 04:55:48 489:489 SyncActivityProfilerHandler.cpp:52] profiler_start
USDT:2026-09-04 04:55:48 495:495 SyncActivityProfilerHandler.cpp:52] profiler_startUSDT:2026-09-04 04:55:48 492:492 SyncActivityProfilerHandler.cpp:52] profiler_startUSDT:2026-09-04 04:55:48 491:491 SyncActivityProfilerHandler.cpp:52] profiler_start


USDT:2026-09-04 04:55:48 490:490 SyncActivityProfilerHandler.cpp:52] profiler_startUSDT:2026-09-04 04:55:48 488:488 SyncActivityProfilerHandler.cpp:52] profiler_start
USDT:2026-09-04 04:55:48 494:494 SyncActivityProfilerHandler.cpp:52] profiler_start

USDT:2026-09-04 04:55:48 493:493 SyncActivityProfilerHandler.cpp:52] profiler_start
USDT:2026-09-04 04:55:49 489:489 SyncActivityProfilerHandler.cpp:59] profiler_stop
USDT:2026-09-04 04:55:49 492:492 SyncActivityProfilerHandler.cpp:59] profiler_stop
USDT:2026-09-04 04:55:49 491:491 SyncActivityProfilerHandler.cpp:59] profiler_stop
USDT:2026-09-04 04:55:49 494:494 SyncActivityProfilerHandler.cpp:59] profiler_stop
USDT:2026-09-04 04:55:49 493:493 SyncActivityProfilerHandler.cpp:59] profiler_stopUSDT:2026-09-04 04:55:49 490:490 SyncActivityProfilerHandler.cpp:59] profiler_stop

USDT:2026-09-04 04:55:49 495:495 SyncActivityProfilerHandler.cpp:59] profiler_stop
USDT:2026-09-04 04:55:49 488:488 SyncActivityProfilerHandler.cpp:59] profiler_stop
   @ EP:  11/32 | combine: 22 GB/s (SO), 44 GB/s (SU), 275.073 us, 12155328 bytes | reduce: 1209 GB/s, 6.465 us
   @ EP:  12/32 | combine: 22 GB/s (SO), 41 GB/s (SU), 272.771 us, 11092096 bytes | reduce: 1199 GB/s, 6.482 us
   @ EP:   9/32 | combine: 23 GB/s (SO), 44 GB/s (SU), 272.064 us, 11896704 bytes | reduce: 1213 GB/s, 6.537 us
   @ EP:  13/32 | combine: 21 GB/s (SO), 42 GB/s (SU), 285.633 us, 11925440 bytes | reduce: 1188 GB/s, 6.398 us
   @ EP:   8/32 | combine: 23 GB/s (SO), 44 GB/s (SU), 270.448 us, 11939808 bytes | reduce: 1268 GB/s, 6.345 us
   @ EP:  14/32 | combine: 21 GB/s (SO), 42 GB/s (SU), 275.139 us, 11537504 bytes | reduce: 1149 GB/s, 6.527 us
   @ EP:  10/32 | combine: 22 GB/s (SO), 42 GB/s (SU), 280.774 us, 11709920 bytes | reduce: 1218 GB/s, 6.384 us
   @ EP:  15/32 | combine: 21 GB/s (SO), 43 GB/s (SU), 271.604 us, 11796128 bytes | reduce: 1110 GB/s, 6.600 us
USDT:2026-09-04 04:55:49 491:491 SyncActivityProfilerHandler.cpp:52] profiler_startUSDT:2026-09-04 04:55:49 489:489 SyncActivityProfilerHandler.cpp:52] profiler_startUSDT:2026-09-04 04:55:49 495:495 SyncActivityProfilerHandler.cpp:52] profiler_startUSDT:2026-09-04 04:55:49 492:492 SyncActivityProfilerHandler.cpp:52] profiler_start

USDT:2026-09-04 04:55:49 494:494 SyncActivityProfilerHandler.cpp:52] profiler_start


USDT:2026-09-04 04:55:49 493:493 SyncActivityProfilerHandler.cpp:52] profiler_start
USDT:2026-09-04 04:55:49 490:490 SyncActivityProfilerHandler.cpp:52] profiler_startUSDT:2026-09-04 04:55:49 488:488 SyncActivityProfilerHandler.cpp:52] profiler_start

USDT:2026-09-04 04:55:49 489:489 SyncActivityProfilerHandler.cpp:59] profiler_stop
USDT:2026-09-04 04:55:49 492:492 SyncActivityProfilerHandler.cpp:59] profiler_stop
USDT:2026-09-04 04:55:49 491:491 SyncActivityProfilerHandler.cpp:59] profiler_stop
USDT:2026-09-04 04:55:49 490:490 SyncActivityProfilerHandler.cpp:59] profiler_stop
USDT:2026-09-04 04:55:49 493:493 SyncActivityProfilerHandler.cpp:59] profiler_stop
USDT:2026-09-04 04:55:49 494:494 SyncActivityProfilerHandler.cpp:59] profiler_stopUSDT:2026-09-04 04:55:49 488:488 SyncActivityProfilerHandler.cpp:59] profiler_stopUSDT:2026-09-04 04:55:49 495:495 SyncActivityProfilerHandler.cpp:59] profiler_stop


   + EP:  12/32 | reduced combine: 22 GB/s (SO), 40 GB/s (SU), 279.456 us, 11092096 bytes | reduce: 1206 GB/s, 6.445 us
   + EP:   9/32 | reduced combine: 22 GB/s (SO), 42 GB/s (SU), 280.125 us, 11896704 bytes | reduce: 1224 GB/s, 6.482 us
   + EP:  11/32 | reduced combine: 22 GB/s (SO), 43 GB/s (SU), 282.456 us, 12155328 bytes | reduce: 1197 GB/s, 6.531 us
   + EP:   8/32 | reduced combine: 23 GB/s (SO), 43 GB/s (SU), 277.614 us, 11939808 bytes | reduce: 1252 GB/s, 6.428 us
   + EP:  10/32 | reduced combine: 21 GB/s (SO), 41 GB/s (SU), 287.880 us, 11709920 bytes | reduce: 1212 GB/s, 6.413 us
   + EP:  14/32 | reduced combine: 21 GB/s (SO), 41 GB/s (SU), 280.394 us, 11537504 bytes | reduce: 1182 GB/s, 6.344 us
   + EP:  13/32 | reduced combine: 21 GB/s (SO), 41 GB/s (SU), 290.103 us, 11925440 bytes | reduce: 1201 GB/s, 6.326 us
   + EP:  15/32 | reduced combine: 21 GB/s (SO), 42 GB/s (SU), 277.704 us, 11796128 bytes | reduce: 1131 GB/s, 6.478 us


