=== EP_NIC_NAME=rdmap101s0 (auto, 400 Gb/s) ===
=== NCCL_IB_HCA=rdmap (auto: non-EFA ibverbs device ibp198s0f0 present) ===
=== GIN: NCCL_GIN_TYPE=5 NCCL_SYM_GIN_KERNELS_ENABLE=0 ===
=== PREFER_OVERLAP=0 (--prefer-overlap-with-compute) ===
=== IMAGE=deepep-v2-efa-official:sm103  DeepEP=97d8f9bcc1be31e9036db2ab591ef9b9f4e38619 ===
+ docker run --rm --init --gpus all --privileged --network=host --ipc=host --ulimit memlock=-1 --ulimit stack=67108864 --device=/dev/infiniband --device=/dev/gdrdrv -v /sys/class/infiniband:/sys/class/infiniband:ro -e MASTER_ADDR=172.31.30.41 -e MASTER_PORT=8716 -e WORLD_SIZE=4 -e RANK=2 -e NCCL_DEBUG=WARN -e EP_NIC_NAME=rdmap101s0 -e NCCL_IB_HCA=rdmap -e NCCL_GIN_TYPE=5 -e NCCL_SYM_GIN_KERNELS_ENABLE=0 -e PYTHONUNBUFFERED=1 -e PYTHONFAULTHANDLER=1 deepep-v2-efa-official:sm103 bash -lc 'timeout -s ABRT --kill-after=60 1800     python3 -u /opt/DeepEP/tests/elastic/test_ep.py     --num-processes=8 --num-tokens=128     --hidden=7168 --num-topk=8 --num-experts=256     --num-sms=12 --allow-hybrid-mode=1     --prefer-overlap-with-compute=0 --test-first-only      '

==========
== CUDA ==
==========

CUDA Version 13.3.1

Container image Copyright (c) 2016-2023, NVIDIA CORPORATION & AFFILIATES. All rights reserved.

This container image and its contents are governed by the NVIDIA Deep Learning Container License.
By pulling and using the container, you accept the terms and conditions of this license:
https://developer.nvidia.com/ngc/nvidia-deep-learning-container-license

A copy of this license is made available in this container at /NGC-DL-CONTAINER-LICENSE for your convenience.

DeepEP hybrid kernel selection: unordered
DeepEP hybrid kernel selection: unordered
DeepEP hybrid kernel selection: unordered
DeepEP hybrid kernel selection: unordered
DeepEP hybrid kernel selection: unordered
DeepEP hybrid kernel selection: unordered
DeepEP hybrid kernel selection: unordered
DeepEP hybrid kernel selection: unordered
DeepEP hybrid kernel selection: unordered
DeepEP hybrid kernel selection: unordered
DeepEP hybrid kernel selection: unordered
DeepEP hybrid kernel selection: unordered
DeepEP hybrid kernel selection: unordered
DeepEP hybrid kernel selection: unordered
DeepEP hybrid kernel selection: unordered
DeepEP hybrid kernel selection: unordered
Config:
 > Ranks: 4 x 8
 > Experts: 8/256
 > Tokens: 112 (max: 128), hidden: 7168
 > #SM: 12, #QPs: 11/11

Running all test cases:
 > Testing with do_handle_copy=1, expert_alignment=128, use_fp8_dispatch=1, num_bias=0, with_previous_event=0, async_with_compute_stream=0, allocate_on_comm_stream=0 ...
USDT:2026-09-04 05:10:35 486:486 SyncActivityProfilerHandler.cpp:52] profiler_startUSDT:2026-09-04 05:10:35 490:490 SyncActivityProfilerHandler.cpp:52] profiler_startUSDT:2026-09-04 05:10:35 485:485 SyncActivityProfilerHandler.cpp:52] profiler_startUSDT:2026-09-04 05:10:35 489:489 SyncActivityProfilerHandler.cpp:52] profiler_startUSDT:2026-09-04 05:10:35 491:491 SyncActivityProfilerHandler.cpp:52] profiler_startUSDT:2026-09-04 05:10:35 492:492 SyncActivityProfilerHandler.cpp:52] profiler_start

USDT:2026-09-04 05:10:35 487:487 SyncActivityProfilerHandler.cpp:52] profiler_start




USDT:2026-09-04 05:10:35 488:488 SyncActivityProfilerHandler.cpp:52] profiler_start
USDT:2026-09-04 05:10:36 490:490 SyncActivityProfilerHandler.cpp:59] profiler_stopUSDT:2026-09-04 05:10:36 487:487 SyncActivityProfilerHandler.cpp:59] profiler_stopUSDT:2026-09-04 05:10:36 486:486 SyncActivityProfilerHandler.cpp:59] profiler_stop


USDT:2026-09-04 05:10:36 491:491 SyncActivityProfilerHandler.cpp:59] profiler_stopUSDT:2026-09-04 05:10:36 489:489 SyncActivityProfilerHandler.cpp:59] profiler_stopUSDT:2026-09-04 05:10:36 492:492 SyncActivityProfilerHandler.cpp:59] profiler_stop


USDT:2026-09-04 05:10:36 488:488 SyncActivityProfilerHandler.cpp:59] profiler_stop
USDT:2026-09-04 05:10:36 485:485 SyncActivityProfilerHandler.cpp:59] profiler_stop
   * EP:  17/32 | dispatch: 9 GB/s (SO), 20 GB/s (SU), 316.990 us, 6327360 bytes | copy: 291 GB/s, 43.449 us
   * EP:  18/32 | dispatch: 9 GB/s (SO), 18 GB/s (SU), 320.349 us, 5885568 bytes | copy: 968 GB/s, 12.158 us
   * EP:  21/32 | dispatch: 9 GB/s (SO), 19 GB/s (SU), 316.775 us, 6155136 bytes | copy: 853 GB/s, 14.432 us
   * EP:  22/32 | dispatch: 9 GB/s (SO), 20 GB/s (SU), 319.903 us, 6289920 bytes | copy: 426 GB/s, 29.531 us
   * EP:  19/32 | dispatch: 9 GB/s (SO), 20 GB/s (SU), 320.807 us, 6289920 bytes | copy: 305 GB/s, 41.266 us
   * EP:  23/32 | dispatch: 9 GB/s (SO), 19 GB/s (SU), 320.422 us, 6200064 bytes | copy: 260 GB/s, 47.605 us
   * EP:  16/32 | dispatch: 9 GB/s (SO), 20 GB/s (SU), 321.094 us, 6342336 bytes | copy: 399 GB/s, 31.798 us
   * EP:  20/32 | dispatch: 9 GB/s (SO), 19 GB/s (SU), 320.800 us, 6072768 bytes | copy: 256 GB/s, 47.410 us
USDT:2026-09-04 05:10:36 487:487 SyncActivityProfilerHandler.cpp:52] profiler_start
USDT:2026-09-04 05:10:36 486:486 SyncActivityProfilerHandler.cpp:52] profiler_startUSDT:2026-09-04 05:10:36 491:491 SyncActivityProfilerHandler.cpp:52] profiler_start

USDT:2026-09-04 05:10:36 485:485 SyncActivityProfilerHandler.cpp:52] profiler_startUSDT:2026-09-04 05:10:36 489:489 SyncActivityProfilerHandler.cpp:52] profiler_startUSDT:2026-09-04 05:10:36 488:488 SyncActivityProfilerHandler.cpp:52] profiler_startUSDT:2026-09-04 05:10:36 490:490 SyncActivityProfilerHandler.cpp:52] profiler_startUSDT:2026-09-04 05:10:36 492:492 SyncActivityProfilerHandler.cpp:52] profiler_start




USDT:2026-09-04 05:10:36 487:487 SyncActivityProfilerHandler.cpp:59] profiler_stop
USDT:2026-09-04 05:10:36 486:486 SyncActivityProfilerHandler.cpp:59] profiler_stopUSDT:2026-09-04 05:10:36 489:489 SyncActivityProfilerHandler.cpp:59] profiler_stopUSDT:2026-09-04 05:10:36 491:491 SyncActivityProfilerHandler.cpp:59] profiler_stop
USDT:2026-09-04 05:10:36 490:490 SyncActivityProfilerHandler.cpp:59] profiler_stopUSDT:2026-09-04 05:10:36 485:485 SyncActivityProfilerHandler.cpp:59] profiler_stopUSDT:2026-09-04 05:10:36 492:492 SyncActivityProfilerHandler.cpp:59] profiler_stop




USDT:2026-09-04 05:10:36 488:488 SyncActivityProfilerHandler.cpp:59] profiler_stop
   - EP:  17/32 | expanded dispatch: 9 GB/s (SO), 20 GB/s (SU), 315.732 us, 6327360 bytes | copy: 378 GB/s, 41.810 us
   - EP:  23/32 | expanded dispatch: 9 GB/s (SO), 19 GB/s (SU), 319.506 us, 6200064 bytes | copy: 300 GB/s, 48.928 us
   - EP:  21/32 | expanded dispatch: 9 GB/s (SO), 20 GB/s (SU), 315.607 us, 6155136 bytes | copy: 1028 GB/s, 14.187 us
   - EP:  18/32 | expanded dispatch: 9 GB/s (SO), 18 GB/s (SU), 319.460 us, 5885568 bytes | copy: 1046 GB/s, 12.886 us
   - EP:  22/32 | expanded dispatch: 9 GB/s (SO), 20 GB/s (SU), 319.101 us, 6289920 bytes | copy: 497 GB/s, 27.823 us
   - EP:  16/32 | expanded dispatch: 9 GB/s (SO), 20 GB/s (SU), 319.901 us, 6342336 bytes | copy: 526 GB/s, 28.623 us
   - EP:  19/32 | expanded dispatch: 9 GB/s (SO), 20 GB/s (SU), 319.915 us, 6289920 bytes | copy: 357 GB/s, 39.121 us
   - EP:  20/32 | expanded dispatch: 9 GB/s (SO), 19 GB/s (SU), 319.828 us, 6072768 bytes | copy: 320 GB/s, 45.840 us
USDT:2026-09-04 05:10:37 491:491 SyncActivityProfilerHandler.cpp:52] profiler_startUSDT:2026-09-04 05:10:37 489:489 SyncActivityProfilerHandler.cpp:52] profiler_startUSDT:2026-09-04 05:10:37 492:492 SyncActivityProfilerHandler.cpp:52] profiler_startUSDT:2026-09-04 05:10:37 485:485 SyncActivityProfilerHandler.cpp:52] profiler_startUSDT:2026-09-04 05:10:37 486:486 SyncActivityProfilerHandler.cpp:52] profiler_start


USDT:2026-09-04 05:10:37 488:488 SyncActivityProfilerHandler.cpp:52] profiler_start
USDT:2026-09-04 05:10:37 487:487 SyncActivityProfilerHandler.cpp:52] profiler_start
USDT:2026-09-04 05:10:37 490:490 SyncActivityProfilerHandler.cpp:52] profiler_start


USDT:2026-09-04 05:10:37 487:487 SyncActivityProfilerHandler.cpp:59] profiler_stopUSDT:2026-09-04 05:10:37 489:489 SyncActivityProfilerHandler.cpp:59] profiler_stopUSDT:2026-09-04 05:10:37 486:486 SyncActivityProfilerHandler.cpp:59] profiler_stop

USDT:2026-09-04 05:10:37 485:485 SyncActivityProfilerHandler.cpp:59] profiler_stopUSDT:2026-09-04 05:10:37 492:492 SyncActivityProfilerHandler.cpp:59] profiler_stop

USDT:2026-09-04 05:10:37 491:491 SyncActivityProfilerHandler.cpp:59] profiler_stop

USDT:2026-09-04 05:10:37 490:490 SyncActivityProfilerHandler.cpp:59] profiler_stop
USDT:2026-09-04 05:10:37 488:488 SyncActivityProfilerHandler.cpp:59] profiler_stop
   # EP:  16/32 | cached dispatch: 9 GB/s (SO), 20 GB/s (SU), 321.526 us, 6342336 bytes | copy: 450 GB/s, 28.170 us
   # EP:  22/32 | cached dispatch: 9 GB/s (SO), 20 GB/s (SU), 320.185 us, 6289920 bytes | copy: 528 GB/s, 23.816 us
   # EP:  23/32 | cached dispatch: 9 GB/s (SO), 19 GB/s (SU), 319.841 us, 6200064 bytes | copy: 346 GB/s, 35.789 us
   # EP:  20/32 | cached dispatch: 9 GB/s (SO), 19 GB/s (SU), 321.917 us, 6072768 bytes | copy: 358 GB/s, 33.900 us
   # EP:  17/32 | cached dispatch: 9 GB/s (SO), 20 GB/s (SU), 319.107 us, 6327360 bytes | copy: 353 GB/s, 35.824 us
   # EP:  18/32 | cached dispatch: 9 GB/s (SO), 18 GB/s (SU), 319.802 us, 5885568 bytes | copy: 1093 GB/s, 10.767 us
   # EP:  19/32 | cached dispatch: 9 GB/s (SO), 20 GB/s (SU), 320.163 us, 6289920 bytes | copy: 446 GB/s, 28.204 us
   # EP:  21/32 | cached dispatch: 9 GB/s (SO), 19 GB/s (SU), 318.761 us, 6155136 bytes | copy: 1303 GB/s, 9.448 us
USDT:2026-09-04 05:10:38 486:486 SyncActivityProfilerHandler.cpp:52] profiler_start
USDT:2026-09-04 05:10:38 491:491 SyncActivityProfilerHandler.cpp:52] profiler_startUSDT:2026-09-04 05:10:38 492:492 SyncActivityProfilerHandler.cpp:52] profiler_start

USDT:2026-09-04 05:10:38 487:487 SyncActivityProfilerHandler.cpp:52] profiler_start
USDT:2026-09-04 05:10:38 490:490 SyncActivityProfilerHandler.cpp:52] profiler_startUSDT:2026-09-04 05:10:38 489:489 SyncActivityProfilerHandler.cpp:52] profiler_start

USDT:2026-09-04 05:10:38 488:488 SyncActivityProfilerHandler.cpp:52] profiler_startUSDT:2026-09-04 05:10:38 485:485 SyncActivityProfilerHandler.cpp:52] profiler_start

USDT:2026-09-04 05:10:38 486:486 SyncActivityProfilerHandler.cpp:59] profiler_stop
USDT:2026-09-04 05:10:38 491:491 SyncActivityProfilerHandler.cpp:59] profiler_stopUSDT:2026-09-04 05:10:38 492:492 SyncActivityProfilerHandler.cpp:59] profiler_stop

USDT:2026-09-04 05:10:38 489:489 SyncActivityProfilerHandler.cpp:59] profiler_stopUSDT:2026-09-04 05:10:38 487:487 SyncActivityProfilerHandler.cpp:59] profiler_stop

USDT:2026-09-04 05:10:38 488:488 SyncActivityProfilerHandler.cpp:59] profiler_stopUSDT:2026-09-04 05:10:38 490:490 SyncActivityProfilerHandler.cpp:59] profiler_stopUSDT:2026-09-04 05:10:38 485:485 SyncActivityProfilerHandler.cpp:59] profiler_stop


   @ EP:  17/32 | combine: 24 GB/s (SO), 50 GB/s (SU), 240.520 us, 12140960 bytes | reduce: 1155 GB/s, 6.321 us
   @ EP:  20/32 | combine: 20 GB/s (SO), 43 GB/s (SU), 273.144 us, 11652448 bytes | reduce: 1136 GB/s, 6.248 us
   @ EP:  22/32 | combine: 21 GB/s (SO), 46 GB/s (SU), 261.283 us, 12069120 bytes | reduce: 1101 GB/s, 6.354 us   @ EP:  16/32 | combine: 20 GB/s (SO), 43 GB/s (SU), 284.631 us, 12169696 bytes | reduce: 1184 GB/s, 6.187 us

   @ EP:  18/32 | combine: 20 GB/s (SO), 41 GB/s (SU), 278.014 us, 11293248 bytes | reduce: 1143 GB/s, 6.325 us
   @ EP:  19/32 | combine: 21 GB/s (SO), 45 GB/s (SU), 265.287 us, 12069120 bytes | reduce: 1142 GB/s, 6.304 us
   @ EP:  23/32 | combine: 21 GB/s (SO), 46 GB/s (SU), 257.668 us, 11896704 bytes | reduce: 1106 GB/s, 6.260 us
   @ EP:  21/32 | combine: 21 GB/s (SO), 45 GB/s (SU), 262.747 us, 11810496 bytes | reduce: 1123 GB/s, 6.357 us
USDT:2026-09-04 05:10:38 492:492 SyncActivityProfilerHandler.cpp:52] profiler_startUSDT:2026-09-04 05:10:38 491:491 SyncActivityProfilerHandler.cpp:52] profiler_start

USDT:2026-09-04 05:10:38 487:487 SyncActivityProfilerHandler.cpp:52] profiler_start
USDT:2026-09-04 05:10:38 490:490 SyncActivityProfilerHandler.cpp:52] profiler_startUSDT:2026-09-04 05:10:38 489:489 SyncActivityProfilerHandler.cpp:52] profiler_startUSDT:2026-09-04 05:10:38 485:485 SyncActivityProfilerHandler.cpp:52] profiler_start


USDT:2026-09-04 05:10:38 486:486 SyncActivityProfilerHandler.cpp:52] profiler_startUSDT:2026-09-04 05:10:38 488:488 SyncActivityProfilerHandler.cpp:52] profiler_start

USDT:2026-09-04 05:10:39 486:486 SyncActivityProfilerHandler.cpp:59] profiler_stop
USDT:2026-09-04 05:10:39 490:490 SyncActivityProfilerHandler.cpp:59] profiler_stopUSDT:2026-09-04 05:10:39 492:492 SyncActivityProfilerHandler.cpp:59] profiler_stop
USDT:2026-09-04 05:10:39 491:491 SyncActivityProfilerHandler.cpp:59] profiler_stop

USDT:2026-09-04 05:10:39 487:487 SyncActivityProfilerHandler.cpp:59] profiler_stopUSDT:2026-09-04 05:10:39 489:489 SyncActivityProfilerHandler.cpp:59] profiler_stop

USDT:2026-09-04 05:10:39 485:485 SyncActivityProfilerHandler.cpp:59] profiler_stop
USDT:2026-09-04 05:10:39 488:488 SyncActivityProfilerHandler.cpp:59] profiler_stop
   + EP:  20/32 | reduced combine: 19 GB/s (SO), 40 GB/s (SU), 291.906 us, 11652448 bytes | reduce: 1154 GB/s, 6.152 us
   + EP:  17/32 | reduced combine: 22 GB/s (SO), 47 GB/s (SU), 256.570 us, 12140960 bytes | reduce: 1180 GB/s, 6.183 us
   + EP:  18/32 | reduced combine: 19 GB/s (SO), 39 GB/s (SU), 292.376 us, 11293248 bytes | reduce: 1151 GB/s, 6.277 us
   + EP:  22/32 | reduced combine: 20 GB/s (SO), 43 GB/s (SU), 277.760 us, 12069120 bytes | reduce: 1129 GB/s, 6.199 us
   + EP:  16/32 | reduced combine: 19 GB/s (SO), 41 GB/s (SU), 296.788 us, 12169696 bytes | reduce: 1180 GB/s, 6.211 us
   + EP:  19/32 | reduced combine: 20 GB/s (SO), 42 GB/s (SU), 284.011 us, 12069120 bytes | reduce: 1156 GB/s, 6.228 us
   + EP:  21/32 | reduced combine: 20 GB/s (SO), 42 GB/s (SU), 280.309 us, 11810496 bytes | reduce: 1141 GB/s, 6.259 us
   + EP:  23/32 | reduced combine: 20 GB/s (SO), 44 GB/s (SU), 272.939 us, 11896704 bytes | reduce: 1108 GB/s, 6.253 us


