=== EP_NIC_NAME=rdmap101s0 (auto, 400 Gb/s) ===
=== NCCL_IB_HCA=rdmap (auto: non-EFA ibverbs device ibp198s0f0 present) ===
=== GIN: NCCL_GIN_TYPE=5 NCCL_SYM_GIN_KERNELS_ENABLE=0 ===
=== PREFER_OVERLAP=0 (--prefer-overlap-with-compute) ===
=== IMAGE=deepep-v2-efa-official:sm103  DeepEP=97d8f9bcc1be31e9036db2ab591ef9b9f4e38619 ===
+ docker run --rm --init --gpus all --privileged --network=host --ipc=host --ulimit memlock=-1 --ulimit stack=67108864 --device=/dev/infiniband --device=/dev/gdrdrv -v /sys/class/infiniband:/sys/class/infiniband:ro -e MASTER_ADDR=172.31.30.41 -e MASTER_PORT=8703 -e WORLD_SIZE=4 -e RANK=3 -e NCCL_DEBUG=WARN -e EP_NIC_NAME=rdmap101s0 -e NCCL_IB_HCA=rdmap -e NCCL_GIN_TYPE=5 -e NCCL_SYM_GIN_KERNELS_ENABLE=0 -e PYTHONUNBUFFERED=1 -e PYTHONFAULTHANDLER=1 deepep-v2-efa-official:sm103 bash -lc 'timeout -s ABRT --kill-after=60 1800     python3 -u /opt/DeepEP/tests/elastic/test_ep.py     --num-processes=8 --num-tokens=8192     --hidden=7168 --num-topk=8 --num-experts=256     --num-sms=24 --allow-hybrid-mode=1     --prefer-overlap-with-compute=0 --test-first-only      '

==========
== CUDA ==
==========

CUDA Version 13.3.1

Container image Copyright (c) 2016-2023, NVIDIA CORPORATION & AFFILIATES. All rights reserved.

This container image and its contents are governed by the NVIDIA Deep Learning Container License.
By pulling and using the container, you accept the terms and conditions of this license:
https://developer.nvidia.com/ngc/nvidia-deep-learning-container-license

A copy of this license is made available in this container at /NGC-DL-CONTAINER-LICENSE for your convenience.

DeepEP hybrid kernel selection: unordered
DeepEP hybrid kernel selection: unordered
DeepEP hybrid kernel selection: unordered
DeepEP hybrid kernel selection: unordered
DeepEP hybrid kernel selection: unordered
DeepEP hybrid kernel selection: unordered
DeepEP hybrid kernel selection: unordered
DeepEP hybrid kernel selection: unordered
DeepEP hybrid kernel selection: unordered
DeepEP hybrid kernel selection: unordered
DeepEP hybrid kernel selection: unordered
DeepEP hybrid kernel selection: unordered
DeepEP hybrid kernel selection: unordered
DeepEP hybrid kernel selection: unordered
DeepEP hybrid kernel selection: unordered
DeepEP hybrid kernel selection: unordered
Config:
 > Ranks: 4 x 8
 > Experts: 8/256
 > Tokens: 8168 (max: 8192), hidden: 7168
 > #SM: 24, #QPs: 11/11

Running all test cases:
 > Testing with do_handle_copy=1, expert_alignment=128, use_fp8_dispatch=1, num_bias=0, with_previous_event=0, async_with_compute_stream=0, allocate_on_comm_stream=0 ...
USDT:2026-09-04 04:32:02 490:490 SyncActivityProfilerHandler.cpp:52] profiler_startUSDT:2026-09-04 04:32:02 493:493 SyncActivityProfilerHandler.cpp:52] profiler_startUSDT:2026-09-04 04:32:02 491:491 SyncActivityProfilerHandler.cpp:52] profiler_startUSDT:2026-09-04 04:32:02 495:495 SyncActivityProfilerHandler.cpp:52] profiler_startUSDT:2026-09-04 04:32:02 489:489 SyncActivityProfilerHandler.cpp:52] profiler_start
USDT:2026-09-04 04:32:02 492:492 SyncActivityProfilerHandler.cpp:52] profiler_start
USDT:2026-09-04 04:32:02 488:488 SyncActivityProfilerHandler.cpp:52] profiler_startUSDT:2026-09-04 04:32:02 494:494 SyncActivityProfilerHandler.cpp:52] profiler_start





USDT:2026-09-04 04:32:02 488:488 SyncActivityProfilerHandler.cpp:59] profiler_stopUSDT:2026-09-04 04:32:02 490:490 SyncActivityProfilerHandler.cpp:59] profiler_stopUSDT:2026-09-04 04:32:02 493:493 SyncActivityProfilerHandler.cpp:59] profiler_stopUSDT:2026-09-04 04:32:02 495:495 SyncActivityProfilerHandler.cpp:59] profiler_stopUSDT:2026-09-04 04:32:02 489:489 SyncActivityProfilerHandler.cpp:59] profiler_stop



USDT:2026-09-04 04:32:02 492:492 SyncActivityProfilerHandler.cpp:59] profiler_stop
USDT:2026-09-04 04:32:02 491:491 SyncActivityProfilerHandler.cpp:59] profiler_stop

USDT:2026-09-04 04:32:02 494:494 SyncActivityProfilerHandler.cpp:59] profiler_stop
   * EP:  25/32 | dispatch: 110 GB/s (SO), 221 GB/s (SU), 2016.000 us, 446022720 bytes | copy: 4605 GB/s, 193.706 us
   * EP:  28/32 | dispatch: 110 GB/s (SO), 221 GB/s (SU), 2017.000 us, 445251456 bytes | copy: 4991 GB/s, 178.420 us
   * EP:  26/32 | dispatch: 110 GB/s (SO), 220 GB/s (SU), 2016.000 us, 443506752 bytes | copy: 5444 GB/s, 162.920 us
   * EP:  31/32 | dispatch: 110 GB/s (SO), 220 GB/s (SU), 2017.000 us, 444367872 bytes | copy: 4663 GB/s, 190.579 us
   * EP:  29/32 | dispatch: 110 GB/s (SO), 221 GB/s (SU), 2017.000 us, 445041792 bytes | copy: 4812 GB/s, 184.981 us
   * EP:  24/32 | dispatch: 109 GB/s (SO), 222 GB/s (SU), 2016.000 us, 446629248 bytes | copy: 4984 GB/s, 179.213 us
   * EP:  30/32 | dispatch: 110 GB/s (SO), 219 GB/s (SU), 2017.000 us, 442211328 bytes | copy: 4532 GB/s, 195.145 us
   * EP:  27/32 | dispatch: 109 GB/s (SO), 222 GB/s (SU), 2017.000 us, 448149312 bytes | copy: 4332 GB/s, 206.923 us
USDT:2026-09-04 04:32:03 490:490 SyncActivityProfilerHandler.cpp:52] profiler_startUSDT:2026-09-04 04:32:03 494:494 SyncActivityProfilerHandler.cpp:52] profiler_startUSDT:2026-09-04 04:32:03 491:491 SyncActivityProfilerHandler.cpp:52] profiler_startUSDT:2026-09-04 04:32:03 488:488 SyncActivityProfilerHandler.cpp:52] profiler_start
USDT:2026-09-04 04:32:03 489:489 SyncActivityProfilerHandler.cpp:52] profiler_startUSDT:2026-09-04 04:32:03 495:495 SyncActivityProfilerHandler.cpp:52] profiler_startUSDT:2026-09-04 04:32:03 493:493 SyncActivityProfilerHandler.cpp:52] profiler_startUSDT:2026-09-04 04:32:03 492:492 SyncActivityProfilerHandler.cpp:52] profiler_start






USDT:2026-09-04 04:32:03 488:488 SyncActivityProfilerHandler.cpp:59] profiler_stopUSDT:2026-09-04 04:32:03 492:492 SyncActivityProfilerHandler.cpp:59] profiler_stopUSDT:2026-09-04 04:32:03 491:491 SyncActivityProfilerHandler.cpp:59] profiler_stopUSDT:2026-09-04 04:32:03 489:489 SyncActivityProfilerHandler.cpp:59] profiler_stop
USDT:2026-09-04 04:32:03 493:493 SyncActivityProfilerHandler.cpp:59] profiler_stop


USDT:2026-09-04 04:32:03 494:494 SyncActivityProfilerHandler.cpp:59] profiler_stopUSDT:2026-09-04 04:32:03 490:490 SyncActivityProfilerHandler.cpp:59] profiler_stop
USDT:2026-09-04 04:32:03 495:495 SyncActivityProfilerHandler.cpp:59] profiler_stop


   - EP:  25/32 | expanded dispatch: 110 GB/s (SO), 221 GB/s (SU), 2017.000 us, 446022720 bytes | copy: 4329 GB/s, 217.612 us
   - EP:  24/32 | expanded dispatch: 109 GB/s (SO), 221 GB/s (SU), 2017.000 us, 446629248 bytes | copy: 4670 GB/s, 202.179 us
   - EP:  28/32 | expanded dispatch: 109 GB/s (SO), 221 GB/s (SU), 2018.000 us, 445251456 bytes | copy: 4371 GB/s, 215.478 us
   - EP:  29/32 | expanded dispatch: 110 GB/s (SO), 221 GB/s (SU), 2018.000 us, 445041792 bytes | copy: 4423 GB/s, 212.811 us
   - EP:  31/32 | expanded dispatch: 110 GB/s (SO), 220 GB/s (SU), 2017.000 us, 444367872 bytes | copy: 4093 GB/s, 229.558 us
   - EP:  26/32 | expanded dispatch: 110 GB/s (SO), 220 GB/s (SU), 2017.000 us, 443506752 bytes | copy: 4832 GB/s, 193.937 us
   - EP:  30/32 | expanded dispatch: 110 GB/s (SO), 219 GB/s (SU), 2017.000 us, 442211328 bytes | copy: 4391 GB/s, 212.919 us
   - EP:  27/32 | expanded dispatch: 109 GB/s (SO), 222 GB/s (SU), 2018.000 us, 448149312 bytes | copy: 4110 GB/s, 230.663 us
USDT:2026-09-04 04:32:04 493:493 SyncActivityProfilerHandler.cpp:52] profiler_startUSDT:2026-09-04 04:32:04 491:491 SyncActivityProfilerHandler.cpp:52] profiler_startUSDT:2026-09-04 04:32:04 490:490 SyncActivityProfilerHandler.cpp:52] profiler_startUSDT:2026-09-04 04:32:04 488:488 SyncActivityProfilerHandler.cpp:52] profiler_startUSDT:2026-09-04 04:32:04 489:489 SyncActivityProfilerHandler.cpp:52] profiler_startUSDT:2026-09-04 04:32:04 495:495 SyncActivityProfilerHandler.cpp:52] profiler_startUSDT:2026-09-04 04:32:04 494:494 SyncActivityProfilerHandler.cpp:52] profiler_start



USDT:2026-09-04 04:32:04 492:492 SyncActivityProfilerHandler.cpp:52] profiler_start



USDT:2026-09-04 04:32:04 491:491 SyncActivityProfilerHandler.cpp:59] profiler_stopUSDT:2026-09-04 04:32:04 494:494 SyncActivityProfilerHandler.cpp:59] profiler_stopUSDT:2026-09-04 04:32:04 495:495 SyncActivityProfilerHandler.cpp:59] profiler_stop

USDT:2026-09-04 04:32:04 488:488 SyncActivityProfilerHandler.cpp:59] profiler_stop
USDT:2026-09-04 04:32:04 489:489 SyncActivityProfilerHandler.cpp:59] profiler_stopUSDT:2026-09-04 04:32:04 492:492 SyncActivityProfilerHandler.cpp:59] profiler_stop

USDT:2026-09-04 04:32:04 490:490 SyncActivityProfilerHandler.cpp:59] profiler_stop

USDT:2026-09-04 04:32:04 493:493 SyncActivityProfilerHandler.cpp:59] profiler_stop
   # EP:  26/32 | cached dispatch: 104 GB/s (SO), 208 GB/s (SU), 2129.000 us, 443506752 bytes | copy: 4815 GB/s, 184.211 us
   # EP:  24/32 | cached dispatch: 104 GB/s (SO), 210 GB/s (SU), 2129.000 us, 446629248 bytes | copy: 5020 GB/s, 177.946 us
   # EP:  27/32 | cached dispatch: 104 GB/s (SO), 210 GB/s (SU), 2130.000 us, 448149312 bytes | copy: 4772 GB/s, 187.844 us
   # EP:  29/32 | cached dispatch: 104 GB/s (SO), 209 GB/s (SU), 2130.000 us, 445041792 bytes | copy: 4733 GB/s, 188.078 us
   # EP:  25/32 | cached dispatch: 104 GB/s (SO), 209 GB/s (SU), 2129.000 us, 446022720 bytes | copy: 4956 GB/s, 180.000 us
   # EP:  31/32 | cached dispatch: 104 GB/s (SO), 209 GB/s (SU), 2129.000 us, 444367872 bytes | copy: 4466 GB/s, 198.982 us
   # EP:  30/32 | cached dispatch: 104 GB/s (SO), 208 GB/s (SU), 2129.000 us, 442211328 bytes | copy: 5055 GB/s, 174.948 us
   # EP:  28/32 | cached dispatch: 104 GB/s (SO), 209 GB/s (SU), 2129.000 us, 445251456 bytes | copy: 5215 GB/s, 170.748 us
USDT:2026-09-04 04:32:05 491:491 SyncActivityProfilerHandler.cpp:52] profiler_start
USDT:2026-09-04 04:32:05 492:492 SyncActivityProfilerHandler.cpp:52] profiler_start
USDT:2026-09-04 04:32:05 495:495 SyncActivityProfilerHandler.cpp:52] profiler_start
USDT:2026-09-04 04:32:05 490:490 SyncActivityProfilerHandler.cpp:52] profiler_start
USDT:2026-09-04 04:32:05 493:493 SyncActivityProfilerHandler.cpp:52] profiler_start
USDT:2026-09-04 04:32:05 488:488 SyncActivityProfilerHandler.cpp:52] profiler_start
USDT:2026-09-04 04:32:05 494:494 SyncActivityProfilerHandler.cpp:52] profiler_start
USDT:2026-09-04 04:32:05 489:489 SyncActivityProfilerHandler.cpp:52] profiler_start
USDT:2026-09-04 04:32:05 495:495 SyncActivityProfilerHandler.cpp:59] profiler_stop
USDT:2026-09-04 04:32:05 492:492 SyncActivityProfilerHandler.cpp:59] profiler_stop
USDT:2026-09-04 04:32:05 491:491 SyncActivityProfilerHandler.cpp:59] profiler_stop
USDT:2026-09-04 04:32:05 490:490 SyncActivityProfilerHandler.cpp:59] profiler_stop
USDT:2026-09-04 04:32:05 488:488 SyncActivityProfilerHandler.cpp:59] profiler_stop
USDT:2026-09-04 04:32:05 493:493 SyncActivityProfilerHandler.cpp:59] profiler_stop
USDT:2026-09-04 04:32:05 489:489 SyncActivityProfilerHandler.cpp:59] profiler_stop
USDT:2026-09-04 04:32:05 494:494 SyncActivityProfilerHandler.cpp:59] profiler_stop
   @ EP:  27/32 | combine: 115 GB/s (SO), 234 GB/s (SU), 3678.000 us, 859910432 bytes | reduce: 5101 GB/s, 106.003 us
   @ EP:  26/32 | combine: 113 GB/s (SO), 226 GB/s (SU), 3760.000 us, 851002272 bytes | reduce: 5097 GB/s, 106.209 us
   @ EP:  30/32 | combine: 106 GB/s (SO), 212 GB/s (SU), 4006.000 us, 848516608 bytes | reduce: 5114 GB/s, 105.881 us
   @ EP:  24/32 | combine: 112 GB/s (SO), 226 GB/s (SU), 3794.000 us, 856993728 bytes | reduce: 5112 GB/s, 105.709 us
   @ EP:  25/32 | combine: 106 GB/s (SO), 213 GB/s (SU), 4009.000 us, 855829920 bytes | reduce: 5106 GB/s, 106.275 us
   @ EP:  31/32 | combine: 116 GB/s (SO), 233 GB/s (SU), 3663.000 us, 852654592 bytes | reduce: 5108 GB/s, 106.037 us
   @ EP:  29/32 | combine: 112 GB/s (SO), 225 GB/s (SU), 3795.000 us, 853947712 bytes | reduce: 5112 GB/s, 105.931 us   @ EP:  28/32 | combine: 116 GB/s (SO), 234 GB/s (SU), 3658.000 us, 854350016 bytes | reduce: 5075 GB/s, 106.663 us

USDT:2026-09-04 04:32:06 494:494 SyncActivityProfilerHandler.cpp:52] profiler_start
USDT:2026-09-04 04:32:06 488:488 SyncActivityProfilerHandler.cpp:52] profiler_start
USDT:2026-09-04 04:32:06 495:495 SyncActivityProfilerHandler.cpp:52] profiler_start
USDT:2026-09-04 04:32:06 490:490 SyncActivityProfilerHandler.cpp:52] profiler_startUSDT:2026-09-04 04:32:06 491:491 SyncActivityProfilerHandler.cpp:52] profiler_start

USDT:2026-09-04 04:32:06 492:492 SyncActivityProfilerHandler.cpp:52] profiler_start
USDT:2026-09-04 04:32:06 493:493 SyncActivityProfilerHandler.cpp:52] profiler_start
USDT:2026-09-04 04:32:06 489:489 SyncActivityProfilerHandler.cpp:52] profiler_start
USDT:2026-09-04 04:32:06 494:494 SyncActivityProfilerHandler.cpp:59] profiler_stop
USDT:2026-09-04 04:32:06 495:495 SyncActivityProfilerHandler.cpp:59] profiler_stop
USDT:2026-09-04 04:32:06 488:488 SyncActivityProfilerHandler.cpp:59] profiler_stopUSDT:2026-09-04 04:32:06 490:490 SyncActivityProfilerHandler.cpp:59] profiler_stop

USDT:2026-09-04 04:32:06 493:493 SyncActivityProfilerHandler.cpp:59] profiler_stopUSDT:2026-09-04 04:32:06 491:491 SyncActivityProfilerHandler.cpp:59] profiler_stop

USDT:2026-09-04 04:32:06 492:492 SyncActivityProfilerHandler.cpp:59] profiler_stop
USDT:2026-09-04 04:32:06 489:489 SyncActivityProfilerHandler.cpp:59] profiler_stop
   + EP:  30/32 | reduced combine: 111 GB/s (SO), 223 GB/s (SU), 3809.000 us, 848516608 bytes | reduce: 5116 GB/s, 105.844 us
   + EP:  26/32 | reduced combine: 93 GB/s (SO), 188 GB/s (SU), 4538.000 us, 851002272 bytes | reduce: 5169 GB/s, 104.726 us
   + EP:  31/32 | reduced combine: 95 GB/s (SO), 190 GB/s (SU), 4482.000 us, 852654592 bytes | reduce: 5189 GB/s, 104.386 us
   + EP:  24/32 | reduced combine: 93 GB/s (SO), 189 GB/s (SU), 4537.000 us, 856993728 bytes | reduce: 5181 GB/s, 104.309 us
   + EP:  25/32 | reduced combine: 94 GB/s (SO), 188 GB/s (SU), 4547.000 us, 855829920 bytes | reduce: 5181 GB/s, 104.726 us   + EP:  29/32 | reduced combine: 93 GB/s (SO), 188 GB/s (SU), 4545.000 us, 853947712 bytes | reduce: 5182 GB/s, 104.490 us

   + EP:  27/32 | reduced combine: 93 GB/s (SO), 190 GB/s (SU), 4537.000 us, 859910432 bytes | reduce: 5171 GB/s, 104.573 us
   + EP:  28/32 | reduced combine: 94 GB/s (SO), 189 GB/s (SU), 4530.000 us, 854350016 bytes | reduce: 5158 GB/s, 104.946 us


