=== EP_NIC_NAME=rdmap101s0 (auto, 400 Gb/s) ===
=== NCCL_IB_HCA=rdmap (auto: non-EFA ibverbs device ibp198s0f0 present) ===
=== GIN: NCCL_GIN_TYPE=5 NCCL_SYM_GIN_KERNELS_ENABLE=0 ===
=== PREFER_OVERLAP=0 (--prefer-overlap-with-compute) ===
=== IMAGE=deepep-v2-efa-official:sm103  DeepEP=97d8f9bcc1be31e9036db2ab591ef9b9f4e38619 ===
+ docker run --rm --init --gpus all --privileged --network=host --ipc=host --ulimit memlock=-1 --ulimit stack=67108864 --device=/dev/infiniband --device=/dev/gdrdrv -v /sys/class/infiniband:/sys/class/infiniband:ro -e MASTER_ADDR=172.31.30.41 -e MASTER_PORT=8702 -e WORLD_SIZE=4 -e RANK=0 -e NCCL_DEBUG=WARN -e EP_NIC_NAME=rdmap101s0 -e NCCL_IB_HCA=rdmap -e NCCL_GIN_TYPE=5 -e NCCL_SYM_GIN_KERNELS_ENABLE=0 -e PYTHONUNBUFFERED=1 -e PYTHONFAULTHANDLER=1 deepep-v2-efa-official:sm103 bash -lc 'timeout -s ABRT --kill-after=60 1800     python3 -u /opt/DeepEP/tests/elastic/test_ep.py     --num-processes=8 --num-tokens=128     --hidden=7168 --num-topk=8 --num-experts=256     --num-sms=12 --allow-hybrid-mode=1     --prefer-overlap-with-compute=0 --test-first-only      '

==========
== CUDA ==
==========

CUDA Version 13.3.1

Container image Copyright (c) 2016-2023, NVIDIA CORPORATION & AFFILIATES. All rights reserved.

This container image and its contents are governed by the NVIDIA Deep Learning Container License.
By pulling and using the container, you accept the terms and conditions of this license:
https://developer.nvidia.com/ngc/nvidia-deep-learning-container-license

A copy of this license is made available in this container at /NGC-DL-CONTAINER-LICENSE for your convenience.

NCCL version 2.31.2+cuda13.3
DeepEP hybrid kernel selection: unordered
DeepEP hybrid kernel selection: unordered
DeepEP hybrid kernel selection: unordered
DeepEP hybrid kernel selection: unordered
DeepEP hybrid kernel selection: unordered
DeepEP hybrid kernel selection: unordered
DeepEP hybrid kernel selection: unordered
DeepEP hybrid kernel selection: unordered
DeepEP hybrid kernel selection: unordered
DeepEP hybrid kernel selection: unordered
DeepEP hybrid kernel selection: unordered
DeepEP hybrid kernel selection: unordered
DeepEP hybrid kernel selection: unordered
DeepEP hybrid kernel selection: unordered
DeepEP hybrid kernel selection: unordered
DeepEP hybrid kernel selection: unordered
Config:
 > Ranks: 4 x 8
 > Experts: 8/256
 > Tokens: 128 (max: 128), hidden: 7168
 > #SM: 12, #QPs: 11/11

Running all test cases:
 > Testing with do_handle_copy=1, expert_alignment=128, use_fp8_dispatch=1, num_bias=0, with_previous_event=0, async_with_compute_stream=0, allocate_on_comm_stream=0 ...
USDT:2026-09-04 04:29:05 488:488 SyncActivityProfilerHandler.cpp:52] profiler_startUSDT:2026-09-04 04:29:05 487:487 SyncActivityProfilerHandler.cpp:52] profiler_startUSDT:2026-09-04 04:29:05 486:486 SyncActivityProfilerHandler.cpp:52] profiler_startUSDT:2026-09-04 04:29:05 492:492 SyncActivityProfilerHandler.cpp:52] profiler_startUSDT:2026-09-04 04:29:05 485:485 SyncActivityProfilerHandler.cpp:52] profiler_startUSDT:2026-09-04 04:29:05 490:490 SyncActivityProfilerHandler.cpp:52] profiler_startUSDT:2026-09-04 04:29:05 491:491 SyncActivityProfilerHandler.cpp:52] profiler_start






USDT:2026-09-04 04:29:05 489:489 SyncActivityProfilerHandler.cpp:52] profiler_start
USDT:2026-09-04 04:29:05 488:488 SyncActivityProfilerHandler.cpp:59] profiler_stopUSDT:2026-09-04 04:29:05 490:490 SyncActivityProfilerHandler.cpp:59] profiler_stopUSDT:2026-09-04 04:29:05 486:486 SyncActivityProfilerHandler.cpp:59] profiler_stop


USDT:2026-09-04 04:29:05 491:491 SyncActivityProfilerHandler.cpp:59] profiler_stopUSDT:2026-09-04 04:29:05 485:485 SyncActivityProfilerHandler.cpp:59] profiler_stopUSDT:2026-09-04 04:29:05 487:487 SyncActivityProfilerHandler.cpp:59] profiler_stop


USDT:2026-09-04 04:29:05 489:489 SyncActivityProfilerHandler.cpp:59] profiler_stop
USDT:2026-09-04 04:29:05 492:492 SyncActivityProfilerHandler.cpp:59] profiler_stop
   * EP:   3/32 | dispatch: 10 GB/s (SO), 19 GB/s (SU), 322.445 us, 6207552 bytes | copy: 320 GB/s, 38.802 us
   * EP:   1/32 | dispatch: 11 GB/s (SO), 19 GB/s (SU), 321.899 us, 6042816 bytes | copy: 276 GB/s, 43.824 us
   * EP:   6/32 | dispatch: 10 GB/s (SO), 19 GB/s (SU), 321.666 us, 6020352 bytes | copy: 465 GB/s, 25.916 us
   * EP:   5/32 | dispatch: 10 GB/s (SO), 19 GB/s (SU), 321.541 us, 6200064 bytes | copy: 868 GB/s, 14.287 us
   * EP:   2/32 | dispatch: 11 GB/s (SO), 18 GB/s (SU), 322.220 us, 5952960 bytes | copy: 768 GB/s, 15.502 us
   * EP:   7/32 | dispatch: 10 GB/s (SO), 18 GB/s (SU), 322.804 us, 5803200 bytes | copy: 259 GB/s, 44.735 us
   * EP:   4/32 | dispatch: 11 GB/s (SO), 19 GB/s (SU), 322.999 us, 6252480 bytes | copy: 303 GB/s, 41.301 us
   * EP:   0/32 | dispatch: 11 GB/s (SO), 18 GB/s (SU), 321.418 us, 5863104 bytes | copy: 851 GB/s, 13.785 us
USDT:2026-09-04 04:29:06 492:492 SyncActivityProfilerHandler.cpp:52] profiler_startUSDT:2026-09-04 04:29:06 490:490 SyncActivityProfilerHandler.cpp:52] profiler_startUSDT:2026-09-04 04:29:06 486:486 SyncActivityProfilerHandler.cpp:52] profiler_startUSDT:2026-09-04 04:29:06 488:488 SyncActivityProfilerHandler.cpp:52] profiler_startUSDT:2026-09-04 04:29:06 485:485 SyncActivityProfilerHandler.cpp:52] profiler_startUSDT:2026-09-04 04:29:06 487:487 SyncActivityProfilerHandler.cpp:52] profiler_start

USDT:2026-09-04 04:29:06 491:491 SyncActivityProfilerHandler.cpp:52] profiler_start
USDT:2026-09-04 04:29:06 489:489 SyncActivityProfilerHandler.cpp:52] profiler_start




USDT:2026-09-04 04:29:06 492:492 SyncActivityProfilerHandler.cpp:59] profiler_stop
USDT:2026-09-04 04:29:06 487:487 SyncActivityProfilerHandler.cpp:59] profiler_stopUSDT:2026-09-04 04:29:06 485:485 SyncActivityProfilerHandler.cpp:59] profiler_stopUSDT:2026-09-04 04:29:06 490:490 SyncActivityProfilerHandler.cpp:59] profiler_stop

USDT:2026-09-04 04:29:06 486:486 SyncActivityProfilerHandler.cpp:59] profiler_stop
USDT:2026-09-04 04:29:06 488:488 SyncActivityProfilerHandler.cpp:59] profiler_stop
USDT:2026-09-04 04:29:06 489:489 SyncActivityProfilerHandler.cpp:59] profiler_stopUSDT:2026-09-04 04:29:06 491:491 SyncActivityProfilerHandler.cpp:59] profiler_stop


   - EP:   6/32 | expanded dispatch: 10 GB/s (SO), 19 GB/s (SU), 321.334 us, 6020352 bytes | copy: 474 GB/s, 28.802 us
   - EP:   2/32 | expanded dispatch: 11 GB/s (SO), 18 GB/s (SU), 322.031 us, 5952960 bytes | copy: 816 GB/s, 16.481 us
   - EP:   3/32 | expanded dispatch: 10 GB/s (SO), 19 GB/s (SU), 321.965 us, 6207552 bytes | copy: 372 GB/s, 37.472 us
   - EP:   7/32 | expanded dispatch: 10 GB/s (SO), 18 GB/s (SU), 322.632 us, 5803200 bytes | copy: 313 GB/s, 42.324 us
   - EP:   5/32 | expanded dispatch: 10 GB/s (SO), 19 GB/s (SU), 321.022 us, 6200064 bytes | copy: 1033 GB/s, 14.184 us
   - EP:   1/32 | expanded dispatch: 11 GB/s (SO), 19 GB/s (SU), 321.259 us, 6042816 bytes | copy: 316 GB/s, 43.082 us
   - EP:   0/32 | expanded dispatch: 11 GB/s (SO), 18 GB/s (SU), 321.565 us, 5863104 bytes | copy: 860 GB/s, 15.587 us
   - EP:   4/32 | expanded dispatch: 11 GB/s (SO), 19 GB/s (SU), 322.393 us, 6252480 bytes | copy: 353 GB/s, 42.025 us
USDT:2026-09-04 04:29:06 489:489 SyncActivityProfilerHandler.cpp:52] profiler_startUSDT:2026-09-04 04:29:06 485:485 SyncActivityProfilerHandler.cpp:52] profiler_startUSDT:2026-09-04 04:29:06 488:488 SyncActivityProfilerHandler.cpp:52] profiler_startUSDT:2026-09-04 04:29:06 487:487 SyncActivityProfilerHandler.cpp:52] profiler_startUSDT:2026-09-04 04:29:06 490:490 SyncActivityProfilerHandler.cpp:52] profiler_start

USDT:2026-09-04 04:29:06 492:492 SyncActivityProfilerHandler.cpp:52] profiler_startUSDT:2026-09-04 04:29:06 491:491 SyncActivityProfilerHandler.cpp:52] profiler_start
USDT:2026-09-04 04:29:06 486:486 SyncActivityProfilerHandler.cpp:52] profiler_start




USDT:2026-09-04 04:29:07 487:487 SyncActivityProfilerHandler.cpp:59] profiler_stopUSDT:2026-09-04 04:29:07 488:488 SyncActivityProfilerHandler.cpp:59] profiler_stop

USDT:2026-09-04 04:29:07 490:490 SyncActivityProfilerHandler.cpp:59] profiler_stopUSDT:2026-09-04 04:29:07 485:485 SyncActivityProfilerHandler.cpp:59] profiler_stop

USDT:2026-09-04 04:29:07 486:486 SyncActivityProfilerHandler.cpp:59] profiler_stopUSDT:2026-09-04 04:29:07 492:492 SyncActivityProfilerHandler.cpp:59] profiler_stopUSDT:2026-09-04 04:29:07 491:491 SyncActivityProfilerHandler.cpp:59] profiler_stop


USDT:2026-09-04 04:29:07 489:489 SyncActivityProfilerHandler.cpp:59] profiler_stop
   # EP:   2/32 | cached dispatch: 11 GB/s (SO), 18 GB/s (SU), 325.121 us, 5952960 bytes | copy: 792 GB/s, 15.031 us
   # EP:   1/32 | cached dispatch: 11 GB/s (SO), 19 GB/s (SU), 324.158 us, 6042816 bytes | copy: 333 GB/s, 36.307 us
   # EP:   6/32 | cached dispatch: 10 GB/s (SO), 19 GB/s (SU), 323.603 us, 6020352 bytes | copy: 481 GB/s, 25.035 us
   # EP:   7/32 | cached dispatch: 10 GB/s (SO), 18 GB/s (SU), 324.664 us, 5803200 bytes | copy: 308 GB/s, 37.638 us
   # EP:   3/32 | cached dispatch: 10 GB/s (SO), 19 GB/s (SU), 324.413 us, 6207552 bytes | copy: 453 GB/s, 27.431 us
   # EP:   0/32 | cached dispatch: 11 GB/s (SO), 18 GB/s (SU), 323.010 us, 5863104 bytes | copy: 742 GB/s, 15.813 us   # EP:   5/32 | cached dispatch: 10 GB/s (SO), 19 GB/s (SU), 323.555 us, 6200064 bytes | copy: 1386 GB/s, 8.947 us

   # EP:   4/32 | cached dispatch: 10 GB/s (SO), 19 GB/s (SU), 324.332 us, 6252480 bytes | copy: 374 GB/s, 33.426 us
USDT:2026-09-04 04:29:07 487:487 SyncActivityProfilerHandler.cpp:52] profiler_start
USDT:2026-09-04 04:29:07 488:488 SyncActivityProfilerHandler.cpp:52] profiler_startUSDT:2026-09-04 04:29:07 489:489 SyncActivityProfilerHandler.cpp:52] profiler_startUSDT:2026-09-04 04:29:07 491:491 SyncActivityProfilerHandler.cpp:52] profiler_start

USDT:2026-09-04 04:29:07 485:485 SyncActivityProfilerHandler.cpp:52] profiler_startUSDT:2026-09-04 04:29:07 486:486 SyncActivityProfilerHandler.cpp:52] profiler_start

USDT:2026-09-04 04:29:07 490:490 SyncActivityProfilerHandler.cpp:52] profiler_start

USDT:2026-09-04 04:29:07 492:492 SyncActivityProfilerHandler.cpp:52] profiler_start
USDT:2026-09-04 04:29:08 487:487 SyncActivityProfilerHandler.cpp:59] profiler_stop
USDT:2026-09-04 04:29:08 485:485 SyncActivityProfilerHandler.cpp:59] profiler_stop
USDT:2026-09-04 04:29:08 486:486 SyncActivityProfilerHandler.cpp:59] profiler_stop
USDT:2026-09-04 04:29:08 491:491 SyncActivityProfilerHandler.cpp:59] profiler_stopUSDT:2026-09-04 04:29:08 488:488 SyncActivityProfilerHandler.cpp:59] profiler_stop
USDT:2026-09-04 04:29:08 490:490 SyncActivityProfilerHandler.cpp:59] profiler_stop

USDT:2026-09-04 04:29:08 489:489 SyncActivityProfilerHandler.cpp:59] profiler_stop
USDT:2026-09-04 04:29:08 492:492 SyncActivityProfilerHandler.cpp:59] profiler_stop
   @ EP:   2/32 | combine: 27 GB/s (SO), 46 GB/s (SU), 248.441 us, 11422560 bytes | reduce: 1344 GB/s, 6.319 us
   @ EP:   1/32 | combine: 26 GB/s (SO), 45 GB/s (SU), 256.917 us, 11594976 bytes | reduce: 1332 GB/s, 6.322 us
   @ EP:   4/32 | combine: 26 GB/s (SO), 47 GB/s (SU), 254.978 us, 11997280 bytes | reduce: 1298 GB/s, 6.387 us
   @ EP:   3/32 | combine: 25 GB/s (SO), 47 GB/s (SU), 255.728 us, 11911072 bytes | reduce: 1295 GB/s, 6.368 us   @ EP:   5/32 | combine: 24 GB/s (SO), 45 GB/s (SU), 266.992 us, 11896704 bytes | reduce: 1293 GB/s, 6.323 us

   @ EP:   6/32 | combine: 25 GB/s (SO), 45 GB/s (SU), 256.487 us, 11551872 bytes | reduce: 1289 GB/s, 6.307 us
   @ EP:   7/32 | combine: 25 GB/s (SO), 44 GB/s (SU), 250.900 us, 11135200 bytes | reduce: 1296 GB/s, 6.244 us
   @ EP:   0/32 | combine: 26 GB/s (SO), 44 GB/s (SU), 258.516 us, 11250144 bytes | reduce: 1356 GB/s, 6.324 us
USDT:2026-09-04 04:29:08 492:492 SyncActivityProfilerHandler.cpp:52] profiler_startUSDT:2026-09-04 04:29:08 488:488 SyncActivityProfilerHandler.cpp:52] profiler_start
USDT:2026-09-04 04:29:08 487:487 SyncActivityProfilerHandler.cpp:52] profiler_startUSDT:2026-09-04 04:29:08 486:486 SyncActivityProfilerHandler.cpp:52] profiler_start


USDT:2026-09-04 04:29:08 491:491 SyncActivityProfilerHandler.cpp:52] profiler_startUSDT:2026-09-04 04:29:08 489:489 SyncActivityProfilerHandler.cpp:52] profiler_start

USDT:2026-09-04 04:29:08 490:490 SyncActivityProfilerHandler.cpp:52] profiler_startUSDT:2026-09-04 04:29:08 485:485 SyncActivityProfilerHandler.cpp:52] profiler_start

USDT:2026-09-04 04:29:08 487:487 SyncActivityProfilerHandler.cpp:59] profiler_stopUSDT:2026-09-04 04:29:08 486:486 SyncActivityProfilerHandler.cpp:59] profiler_stopUSDT:2026-09-04 04:29:08 488:488 SyncActivityProfilerHandler.cpp:59] profiler_stop


USDT:2026-09-04 04:29:08 485:485 SyncActivityProfilerHandler.cpp:59] profiler_stop
USDT:2026-09-04 04:29:08 491:491 SyncActivityProfilerHandler.cpp:59] profiler_stopUSDT:2026-09-04 04:29:08 492:492 SyncActivityProfilerHandler.cpp:59] profiler_stop
USDT:2026-09-04 04:29:08 490:490 SyncActivityProfilerHandler.cpp:59] profiler_stop

USDT:2026-09-04 04:29:08 489:489 SyncActivityProfilerHandler.cpp:59] profiler_stop
   + EP:   1/32 | reduced combine: 24 GB/s (SO), 43 GB/s (SU), 271.492 us, 11594976 bytes | reduce: 1323 GB/s, 6.365 us
   + EP:   2/32 | reduced combine: 25 GB/s (SO), 43 GB/s (SU), 264.210 us, 11422560 bytes | reduce: 1349 GB/s, 6.295 us
   + EP:   7/32 | reduced combine: 24 GB/s (SO), 42 GB/s (SU), 265.790 us, 11135200 bytes | reduce: 1276 GB/s, 6.339 us
   + EP:   5/32 | reduced combine: 23 GB/s (SO), 42 GB/s (SU), 282.417 us, 11896704 bytes | reduce: 1310 GB/s, 6.243 us
   + EP:   6/32 | reduced combine: 23 GB/s (SO), 42 GB/s (SU), 272.769 us, 11551872 bytes | reduce: 1296 GB/s, 6.275 us
   + EP:   3/32 | reduced combine: 24 GB/s (SO), 44 GB/s (SU), 268.702 us, 11911072 bytes | reduce: 1303 GB/s, 6.329 us
   + EP:   4/32 | reduced combine: 24 GB/s (SO), 45 GB/s (SU), 268.804 us, 11997280 bytes | reduce: 1293 GB/s, 6.413 us
   + EP:   0/32 | reduced combine: 25 GB/s (SO), 41 GB/s (SU), 273.363 us, 11250144 bytes | reduce: 1371 GB/s, 6.257 us


