=== EP_NIC_NAME=rdmap101s0 (auto, 400 Gb/s) ===
=== NCCL_IB_HCA=rdmap (auto: non-EFA ibverbs device ibp198s0f0 present) ===
=== GIN: NCCL_GIN_TYPE=5 NCCL_SYM_GIN_KERNELS_ENABLE=0 ===
=== PREFER_OVERLAP=0 (--prefer-overlap-with-compute) ===
=== IMAGE=deepep-v2-efa-official:sm103  DeepEP=97d8f9bcc1be31e9036db2ab591ef9b9f4e38619 ===
+ docker run --rm --init --gpus all --privileged --network=host --ipc=host --ulimit memlock=-1 --ulimit stack=67108864 --device=/dev/infiniband --device=/dev/gdrdrv -v /sys/class/infiniband:/sys/class/infiniband:ro -e MASTER_ADDR=172.31.30.41 -e MASTER_PORT=8711 -e WORLD_SIZE=4 -e RANK=3 -e NCCL_DEBUG=WARN -e EP_NIC_NAME=rdmap101s0 -e NCCL_IB_HCA=rdmap -e NCCL_GIN_TYPE=5 -e NCCL_SYM_GIN_KERNELS_ENABLE=0 -e PYTHONUNBUFFERED=1 -e PYTHONFAULTHANDLER=1 deepep-v2-efa-official:sm103 bash -lc 'timeout -s ABRT --kill-after=60 1800     python3 -u /opt/DeepEP/tests/elastic/test_ep.py     --num-processes=8 --num-tokens=128     --hidden=7168 --num-topk=8 --num-experts=256     --num-sms=24 --allow-hybrid-mode=1     --prefer-overlap-with-compute=0 --test-first-only      '

==========
== CUDA ==
==========

CUDA Version 13.3.1

Container image Copyright (c) 2016-2023, NVIDIA CORPORATION & AFFILIATES. All rights reserved.

This container image and its contents are governed by the NVIDIA Deep Learning Container License.
By pulling and using the container, you accept the terms and conditions of this license:
https://developer.nvidia.com/ngc/nvidia-deep-learning-container-license

A copy of this license is made available in this container at /NGC-DL-CONTAINER-LICENSE for your convenience.

DeepEP hybrid kernel selection: unordered
DeepEP hybrid kernel selection: unordered
DeepEP hybrid kernel selection: unordered
DeepEP hybrid kernel selection: unordered
DeepEP hybrid kernel selection: unordered
DeepEP hybrid kernel selection: unordered
DeepEP hybrid kernel selection: unordered
DeepEP hybrid kernel selection: unordered
DeepEP hybrid kernel selection: unordered
DeepEP hybrid kernel selection: unordered
DeepEP hybrid kernel selection: unordered
DeepEP hybrid kernel selection: unordered
DeepEP hybrid kernel selection: unordered
DeepEP hybrid kernel selection: unordered
DeepEP hybrid kernel selection: unordered
DeepEP hybrid kernel selection: unordered
Config:
 > Ranks: 4 x 8
 > Experts: 8/256
 > Tokens: 104 (max: 128), hidden: 7168
 > #SM: 24, #QPs: 11/11

Running all test cases:
 > Testing with do_handle_copy=1, expert_alignment=128, use_fp8_dispatch=1, num_bias=0, with_previous_event=0, async_with_compute_stream=0, allocate_on_comm_stream=0 ...
USDT:2026-09-04 04:55:46 491:491 SyncActivityProfilerHandler.cpp:52] profiler_startUSDT:2026-09-04 04:55:46 487:487 SyncActivityProfilerHandler.cpp:52] profiler_startUSDT:2026-09-04 04:55:46 488:488 SyncActivityProfilerHandler.cpp:52] profiler_startUSDT:2026-09-04 04:55:46 492:492 SyncActivityProfilerHandler.cpp:52] profiler_startUSDT:2026-09-04 04:55:46 490:490 SyncActivityProfilerHandler.cpp:52] profiler_start

USDT:2026-09-04 04:55:46 489:489 SyncActivityProfilerHandler.cpp:52] profiler_startUSDT:2026-09-04 04:55:46 493:493 SyncActivityProfilerHandler.cpp:52] profiler_start

USDT:2026-09-04 04:55:46 494:494 SyncActivityProfilerHandler.cpp:52] profiler_start



USDT:2026-09-04 04:55:46 487:487 SyncActivityProfilerHandler.cpp:59] profiler_stop
USDT:2026-09-04 04:55:46 491:491 SyncActivityProfilerHandler.cpp:59] profiler_stop
USDT:2026-09-04 04:55:46 488:488 SyncActivityProfilerHandler.cpp:59] profiler_stopUSDT:2026-09-04 04:55:46 493:493 SyncActivityProfilerHandler.cpp:59] profiler_stop

USDT:2026-09-04 04:55:46 490:490 SyncActivityProfilerHandler.cpp:59] profiler_stopUSDT:2026-09-04 04:55:46 494:494 SyncActivityProfilerHandler.cpp:59] profiler_stopUSDT:2026-09-04 04:55:46 492:492 SyncActivityProfilerHandler.cpp:59] profiler_stop

USDT:2026-09-04 04:55:46 489:489 SyncActivityProfilerHandler.cpp:59] profiler_stop

   * EP:  28/32 | dispatch: 9 GB/s (SO), 20 GB/s (SU), 316.726 us, 6177600 bytes | copy: 462 GB/s, 26.717 us   * EP:  24/32 | dispatch: 9 GB/s (SO), 20 GB/s (SU), 316.339 us, 6424704 bytes | copy: 626 GB/s, 20.524 us

   * EP:  25/32 | dispatch: 9 GB/s (SO), 19 GB/s (SU), 316.509 us, 5863104 bytes | copy: 366 GB/s, 32.073 us
   * EP:  26/32 | dispatch: 9 GB/s (SO), 20 GB/s (SU), 315.863 us, 6200064 bytes | copy: 767 GB/s, 16.160 us
   * EP:  31/32 | dispatch: 8 GB/s (SO), 19 GB/s (SU), 316.215 us, 5923008 bytes | copy: 398 GB/s, 29.761 us
   * EP:  30/32 | dispatch: 8 GB/s (SO), 20 GB/s (SU), 316.191 us, 6342336 bytes | copy: 412 GB/s, 30.803 us
   * EP:  27/32 | dispatch: 9 GB/s (SO), 20 GB/s (SU), 316.262 us, 6215040 bytes | copy: 852 GB/s, 14.593 us
   * EP:  29/32 | dispatch: 8 GB/s (SO), 18 GB/s (SU), 316.393 us, 5818176 bytes | copy: 503 GB/s, 23.146 us
USDT:2026-09-04 04:55:47 489:489 SyncActivityProfilerHandler.cpp:52] profiler_startUSDT:2026-09-04 04:55:47 493:493 SyncActivityProfilerHandler.cpp:52] profiler_startUSDT:2026-09-04 04:55:47 492:492 SyncActivityProfilerHandler.cpp:52] profiler_startUSDT:2026-09-04 04:55:47 487:487 SyncActivityProfilerHandler.cpp:52] profiler_startUSDT:2026-09-04 04:55:47 490:490 SyncActivityProfilerHandler.cpp:52] profiler_start
USDT:2026-09-04 04:55:47 488:488 SyncActivityProfilerHandler.cpp:52] profiler_start
USDT:2026-09-04 04:55:47 491:491 SyncActivityProfilerHandler.cpp:52] profiler_start


USDT:2026-09-04 04:55:47 494:494 SyncActivityProfilerHandler.cpp:52] profiler_start


USDT:2026-09-04 04:55:47 490:490 SyncActivityProfilerHandler.cpp:59] profiler_stopUSDT:2026-09-04 04:55:47 491:491 SyncActivityProfilerHandler.cpp:59] profiler_stop

USDT:2026-09-04 04:55:47 487:487 SyncActivityProfilerHandler.cpp:59] profiler_stopUSDT:2026-09-04 04:55:47 489:489 SyncActivityProfilerHandler.cpp:59] profiler_stopUSDT:2026-09-04 04:55:47 493:493 SyncActivityProfilerHandler.cpp:59] profiler_stop


USDT:2026-09-04 04:55:47 492:492 SyncActivityProfilerHandler.cpp:59] profiler_stop
USDT:2026-09-04 04:55:47 488:488 SyncActivityProfilerHandler.cpp:59] profiler_stopUSDT:2026-09-04 04:55:47 494:494 SyncActivityProfilerHandler.cpp:59] profiler_stop

   - EP:  30/32 | expanded dispatch: 8 GB/s (SO), 20 GB/s (SU), 316.259 us, 6342336 bytes | copy: 460 GB/s, 32.424 us
   - EP:  26/32 | expanded dispatch: 9 GB/s (SO), 20 GB/s (SU), 315.684 us, 6200064 bytes | copy: 856 GB/s, 17.150 us
   - EP:  31/32 | expanded dispatch: 8 GB/s (SO), 19 GB/s (SU), 316.151 us, 5923008 bytes | copy: 447 GB/s, 30.195 us
   - EP:  27/32 | expanded dispatch: 9 GB/s (SO), 20 GB/s (SU), 316.143 us, 6215040 bytes | copy: 1068 GB/s, 14.612 us
   - EP:  28/32 | expanded dispatch: 9 GB/s (SO), 20 GB/s (SU), 316.426 us, 6177600 bytes | copy: 556 GB/s, 24.900 us
   - EP:  29/32 | expanded dispatch: 9 GB/s (SO), 18 GB/s (SU), 315.913 us, 5818176 bytes | copy: 741 GB/s, 18.045 us
   - EP:  24/32 | expanded dispatch: 9 GB/s (SO), 20 GB/s (SU), 316.416 us, 6424704 bytes | copy: 625 GB/s, 22.489 us
   - EP:  25/32 | expanded dispatch: 9 GB/s (SO), 19 GB/s (SU), 316.277 us, 5863104 bytes | copy: 441 GB/s, 30.261 us
USDT:2026-09-04 04:55:48 489:489 SyncActivityProfilerHandler.cpp:52] profiler_startUSDT:2026-09-04 04:55:48 493:493 SyncActivityProfilerHandler.cpp:52] profiler_start

USDT:2026-09-04 04:55:48 491:491 SyncActivityProfilerHandler.cpp:52] profiler_startUSDT:2026-09-04 04:55:48 492:492 SyncActivityProfilerHandler.cpp:52] profiler_startUSDT:2026-09-04 04:55:48 490:490 SyncActivityProfilerHandler.cpp:52] profiler_start

USDT:2026-09-04 04:55:48 494:494 SyncActivityProfilerHandler.cpp:52] profiler_start
USDT:2026-09-04 04:55:48 488:488 SyncActivityProfilerHandler.cpp:52] profiler_startUSDT:2026-09-04 04:55:48 487:487 SyncActivityProfilerHandler.cpp:52] profiler_start


USDT:2026-09-04 04:55:48 489:489 SyncActivityProfilerHandler.cpp:59] profiler_stop
USDT:2026-09-04 04:55:48 490:490 SyncActivityProfilerHandler.cpp:59] profiler_stop
USDT:2026-09-04 04:55:48 487:487 SyncActivityProfilerHandler.cpp:59] profiler_stopUSDT:2026-09-04 04:55:48 492:492 SyncActivityProfilerHandler.cpp:59] profiler_stop

USDT:2026-09-04 04:55:48 493:493 SyncActivityProfilerHandler.cpp:59] profiler_stopUSDT:2026-09-04 04:55:48 491:491 SyncActivityProfilerHandler.cpp:59] profiler_stop

USDT:2026-09-04 04:55:48 488:488 SyncActivityProfilerHandler.cpp:59] profiler_stop
USDT:2026-09-04 04:55:48 494:494 SyncActivityProfilerHandler.cpp:59] profiler_stop
   # EP:  26/32 | cached dispatch: 9 GB/s (SO), 20 GB/s (SU), 309.751 us, 6200064 bytes | copy: 685 GB/s, 18.104 us
   # EP:  30/32 | cached dispatch: 8 GB/s (SO), 21 GB/s (SU), 308.521 us, 6342336 bytes | copy: 495 GB/s, 25.646 us
   # EP:  29/32 | cached dispatch: 9 GB/s (SO), 19 GB/s (SU), 309.736 us, 5818176 bytes | copy: 698 GB/s, 16.661 us
   # EP:  28/32 | cached dispatch: 9 GB/s (SO), 20 GB/s (SU), 309.334 us, 6177600 bytes | copy: 507 GB/s, 24.365 us
   # EP:  24/32 | cached dispatch: 9 GB/s (SO), 21 GB/s (SU), 310.119 us, 6424704 bytes | copy: 539 GB/s, 23.819 us
   # EP:  27/32 | cached dispatch: 9 GB/s (SO), 20 GB/s (SU), 310.343 us, 6215040 bytes | copy: 919 GB/s, 13.533 us
   # EP:  25/32 | cached dispatch: 9 GB/s (SO), 19 GB/s (SU), 308.465 us, 5863104 bytes | copy: 468 GB/s, 25.059 us
   # EP:  31/32 | cached dispatch: 9 GB/s (SO), 19 GB/s (SU), 310.045 us, 5923008 bytes | copy: 477 GB/s, 24.828 us
USDT:2026-09-04 04:55:48 494:494 SyncActivityProfilerHandler.cpp:52] profiler_startUSDT:2026-09-04 04:55:48 493:493 SyncActivityProfilerHandler.cpp:52] profiler_startUSDT:2026-09-04 04:55:48 489:489 SyncActivityProfilerHandler.cpp:52] profiler_start
USDT:2026-09-04 04:55:48 491:491 SyncActivityProfilerHandler.cpp:52] profiler_start


USDT:2026-09-04 04:55:48 490:490 SyncActivityProfilerHandler.cpp:52] profiler_start
USDT:2026-09-04 04:55:48 488:488 SyncActivityProfilerHandler.cpp:52] profiler_start
USDT:2026-09-04 04:55:48 492:492 SyncActivityProfilerHandler.cpp:52] profiler_startUSDT:2026-09-04 04:55:48 487:487 SyncActivityProfilerHandler.cpp:52] profiler_start

USDT:2026-09-04 04:55:49 491:491 SyncActivityProfilerHandler.cpp:59] profiler_stop
USDT:2026-09-04 04:55:49 490:490 SyncActivityProfilerHandler.cpp:59] profiler_stopUSDT:2026-09-04 04:55:49 489:489 SyncActivityProfilerHandler.cpp:59] profiler_stop
USDT:2026-09-04 04:55:49 487:487 SyncActivityProfilerHandler.cpp:59] profiler_stop
USDT:2026-09-04 04:55:49 492:492 SyncActivityProfilerHandler.cpp:59] profiler_stop
USDT:2026-09-04 04:55:49 488:488 SyncActivityProfilerHandler.cpp:59] profiler_stop

USDT:2026-09-04 04:55:49 494:494 SyncActivityProfilerHandler.cpp:59] profiler_stopUSDT:2026-09-04 04:55:49 493:493 SyncActivityProfilerHandler.cpp:59] profiler_stop

   @ EP:  26/32 | combine: 17 GB/s (SO), 39 GB/s (SU), 301.519 us, 11896704 bytes | reduce: 1052 GB/s, 6.405 us
   @ EP:  24/32 | combine: 18 GB/s (SO), 40 GB/s (SU), 306.641 us, 12327744 bytes | reduce: 1105 GB/s, 6.240 us
   @ EP:  25/32 | combine: 18 GB/s (SO), 38 GB/s (SU), 294.096 us, 11250144 bytes | reduce: 1041 GB/s, 6.559 us
   @ EP:  28/32 | combine: 18 GB/s (SO), 41 GB/s (SU), 292.390 us, 11853600 bytes | reduce: 1062 GB/s, 6.334 us
   @ EP:  29/32 | combine: 17 GB/s (SO), 36 GB/s (SU), 307.900 us, 11163936 bytes | reduce: 1008 GB/s, 6.531 us
   @ EP:  30/32 | combine: 17 GB/s (SO), 41 GB/s (SU), 294.476 us, 12169696 bytes | reduce: 996 GB/s, 6.435 us
   @ EP:  27/32 | combine: 17 GB/s (SO), 39 GB/s (SU), 302.199 us, 11925440 bytes | reduce: 1034 GB/s, 6.459 us
   @ EP:  31/32 | combine: 18 GB/s (SO), 39 GB/s (SU), 290.570 us, 11365088 bytes | reduce: 1007 GB/s, 6.494 us
USDT:2026-09-04 04:55:49 493:493 SyncActivityProfilerHandler.cpp:52] profiler_start
USDT:2026-09-04 04:55:49 491:491 SyncActivityProfilerHandler.cpp:52] profiler_start
USDT:2026-09-04 04:55:49 492:492 SyncActivityProfilerHandler.cpp:52] profiler_startUSDT:2026-09-04 04:55:49 488:488 SyncActivityProfilerHandler.cpp:52] profiler_startUSDT:2026-09-04 04:55:49 489:489 SyncActivityProfilerHandler.cpp:52] profiler_start

USDT:2026-09-04 04:55:49 494:494 SyncActivityProfilerHandler.cpp:52] profiler_startUSDT:2026-09-04 04:55:49 487:487 SyncActivityProfilerHandler.cpp:52] profiler_start


USDT:2026-09-04 04:55:49 490:490 SyncActivityProfilerHandler.cpp:52] profiler_start
USDT:2026-09-04 04:55:49 493:493 SyncActivityProfilerHandler.cpp:59] profiler_stop
USDT:2026-09-04 04:55:49 492:492 SyncActivityProfilerHandler.cpp:59] profiler_stop
USDT:2026-09-04 04:55:49 488:488 SyncActivityProfilerHandler.cpp:59] profiler_stopUSDT:2026-09-04 04:55:49 487:487 SyncActivityProfilerHandler.cpp:59] profiler_stopUSDT:2026-09-04 04:55:49 489:489 SyncActivityProfilerHandler.cpp:59] profiler_stop


USDT:2026-09-04 04:55:49 494:494 SyncActivityProfilerHandler.cpp:59] profiler_stop
USDT:2026-09-04 04:55:49 491:491 SyncActivityProfilerHandler.cpp:59] profiler_stop
USDT:2026-09-04 04:55:49 490:490 SyncActivityProfilerHandler.cpp:59] profiler_stop
   + EP:  29/32 | reduced combine: 16 GB/s (SO), 35 GB/s (SU), 314.867 us, 11163936 bytes | reduce: 1009 GB/s, 6.525 us
   + EP:  24/32 | reduced combine: 17 GB/s (SO), 39 GB/s (SU), 317.742 us, 12327744 bytes | reduce: 1078 GB/s, 6.398 us
   + EP:  26/32 | reduced combine: 17 GB/s (SO), 38 GB/s (SU), 311.840 us, 11896704 bytes | reduce: 1047 GB/s, 6.434 us
   + EP:  30/32 | reduced combine: 17 GB/s (SO), 40 GB/s (SU), 301.810 us, 12169696 bytes | reduce: 995 GB/s, 6.443 us
   + EP:  25/32 | reduced combine: 17 GB/s (SO), 37 GB/s (SU), 306.547 us, 11250144 bytes | reduce: 1064 GB/s, 6.412 us
   + EP:  28/32 | reduced combine: 18 GB/s (SO), 39 GB/s (SU), 301.878 us, 11853600 bytes | reduce: 1059 GB/s, 6.351 us
   + EP:  31/32 | reduced combine: 17 GB/s (SO), 38 GB/s (SU), 299.609 us, 11365088 bytes | reduce: 1031 GB/s, 6.339 us
   + EP:  27/32 | reduced combine: 17 GB/s (SO), 38 GB/s (SU), 316.322 us, 11925440 bytes | reduce: 1042 GB/s, 6.410 us


