=== EP_NIC_NAME=rdmap101s0 (auto, 400 Gb/s) ===
=== NCCL_IB_HCA=rdmap (auto: non-EFA ibverbs device ibp198s0f0 present) ===
=== GIN: NCCL_GIN_TYPE=5 NCCL_SYM_GIN_KERNELS_ENABLE=0 ===
=== PREFER_OVERLAP=0 (--prefer-overlap-with-compute) ===
=== IMAGE=deepep-v2-efa-official:sm103  DeepEP=97d8f9bcc1be31e9036db2ab591ef9b9f4e38619 ===
+ docker run --rm --init --gpus all --privileged --network=host --ipc=host --ulimit memlock=-1 --ulimit stack=67108864 --device=/dev/infiniband --device=/dev/gdrdrv -v /sys/class/infiniband:/sys/class/infiniband:ro -e MASTER_ADDR=172.31.30.41 -e MASTER_PORT=8716 -e WORLD_SIZE=4 -e RANK=3 -e NCCL_DEBUG=WARN -e EP_NIC_NAME=rdmap101s0 -e NCCL_IB_HCA=rdmap -e NCCL_GIN_TYPE=5 -e NCCL_SYM_GIN_KERNELS_ENABLE=0 -e PYTHONUNBUFFERED=1 -e PYTHONFAULTHANDLER=1 deepep-v2-efa-official:sm103 bash -lc 'timeout -s ABRT --kill-after=60 1800     python3 -u /opt/DeepEP/tests/elastic/test_ep.py     --num-processes=8 --num-tokens=128     --hidden=7168 --num-topk=8 --num-experts=256     --num-sms=12 --allow-hybrid-mode=1     --prefer-overlap-with-compute=0 --test-first-only      '

==========
== CUDA ==
==========

CUDA Version 13.3.1

Container image Copyright (c) 2016-2023, NVIDIA CORPORATION & AFFILIATES. All rights reserved.

This container image and its contents are governed by the NVIDIA Deep Learning Container License.
By pulling and using the container, you accept the terms and conditions of this license:
https://developer.nvidia.com/ngc/nvidia-deep-learning-container-license

A copy of this license is made available in this container at /NGC-DL-CONTAINER-LICENSE for your convenience.

DeepEP hybrid kernel selection: unordered
DeepEP hybrid kernel selection: unordered
DeepEP hybrid kernel selection: unordered
DeepEP hybrid kernel selection: unordered
DeepEP hybrid kernel selection: unordered
DeepEP hybrid kernel selection: unordered
DeepEP hybrid kernel selection: unordered
DeepEP hybrid kernel selection: unordered
DeepEP hybrid kernel selection: unordered
DeepEP hybrid kernel selection: unordered
DeepEP hybrid kernel selection: unordered
DeepEP hybrid kernel selection: unordered
DeepEP hybrid kernel selection: unordered
DeepEP hybrid kernel selection: unordered
DeepEP hybrid kernel selection: unordered
DeepEP hybrid kernel selection: unordered
Config:
 > Ranks: 4 x 8
 > Experts: 8/256
 > Tokens: 104 (max: 128), hidden: 7168
 > #SM: 12, #QPs: 11/11

Running all test cases:
 > Testing with do_handle_copy=1, expert_alignment=128, use_fp8_dispatch=1, num_bias=0, with_previous_event=0, async_with_compute_stream=0, allocate_on_comm_stream=0 ...
USDT:2026-09-04 05:10:35 485:485 SyncActivityProfilerHandler.cpp:52] profiler_startUSDT:2026-09-04 05:10:35 487:487 SyncActivityProfilerHandler.cpp:52] profiler_startUSDT:2026-09-04 05:10:35 490:490 SyncActivityProfilerHandler.cpp:52] profiler_startUSDT:2026-09-04 05:10:35 489:489 SyncActivityProfilerHandler.cpp:52] profiler_startUSDT:2026-09-04 05:10:35 491:491 SyncActivityProfilerHandler.cpp:52] profiler_startUSDT:2026-09-04 05:10:35 488:488 SyncActivityProfilerHandler.cpp:52] profiler_startUSDT:2026-09-04 05:10:35 486:486 SyncActivityProfilerHandler.cpp:52] profiler_start


USDT:2026-09-04 05:10:35 484:484 SyncActivityProfilerHandler.cpp:52] profiler_start




USDT:2026-09-04 05:10:36 490:490 SyncActivityProfilerHandler.cpp:59] profiler_stopUSDT:2026-09-04 05:10:36 489:489 SyncActivityProfilerHandler.cpp:59] profiler_stopUSDT:2026-09-04 05:10:36 484:484 SyncActivityProfilerHandler.cpp:59] profiler_stopUSDT:2026-09-04 05:10:36 485:485 SyncActivityProfilerHandler.cpp:59] profiler_stop



USDT:2026-09-04 05:10:36 487:487 SyncActivityProfilerHandler.cpp:59] profiler_stopUSDT:2026-09-04 05:10:36 486:486 SyncActivityProfilerHandler.cpp:59] profiler_stop
USDT:2026-09-04 05:10:36 491:491 SyncActivityProfilerHandler.cpp:59] profiler_stop

USDT:2026-09-04 05:10:36 488:488 SyncActivityProfilerHandler.cpp:59] profiler_stop
   * EP:  24/32 | dispatch: 9 GB/s (SO), 20 GB/s (SU), 321.572 us, 6424704 bytes | copy: 435 GB/s, 29.517 us
   * EP:  30/32 | dispatch: 8 GB/s (SO), 20 GB/s (SU), 321.014 us, 6342336 bytes | copy: 425 GB/s, 29.847 us
   * EP:  25/32 | dispatch: 9 GB/s (SO), 18 GB/s (SU), 317.079 us, 5863104 bytes | copy: 268 GB/s, 43.822 us
   * EP:  29/32 | dispatch: 8 GB/s (SO), 18 GB/s (SU), 320.942 us, 5818176 bytes | copy: 699 GB/s, 16.658 us
   * EP:  27/32 | dispatch: 8 GB/s (SO), 19 GB/s (SU), 321.268 us, 6215040 bytes | copy: 292 GB/s, 42.498 us
   * EP:  28/32 | dispatch: 9 GB/s (SO), 19 GB/s (SU), 321.418 us, 6177600 bytes | copy: 260 GB/s, 47.436 us
   * EP:  31/32 | dispatch: 8 GB/s (SO), 18 GB/s (SU), 320.880 us, 5923008 bytes | copy: 245 GB/s, 48.438 us
   * EP:  26/32 | dispatch: 9 GB/s (SO), 19 GB/s (SU), 320.660 us, 6200064 bytes | copy: 1032 GB/s, 12.020 us
USDT:2026-09-04 05:10:36 485:485 SyncActivityProfilerHandler.cpp:52] profiler_startUSDT:2026-09-04 05:10:36 486:486 SyncActivityProfilerHandler.cpp:52] profiler_startUSDT:2026-09-04 05:10:36 489:489 SyncActivityProfilerHandler.cpp:52] profiler_startUSDT:2026-09-04 05:10:36 491:491 SyncActivityProfilerHandler.cpp:52] profiler_startUSDT:2026-09-04 05:10:36 490:490 SyncActivityProfilerHandler.cpp:52] profiler_start
USDT:2026-09-04 05:10:36 488:488 SyncActivityProfilerHandler.cpp:52] profiler_start

USDT:2026-09-04 05:10:36 484:484 SyncActivityProfilerHandler.cpp:52] profiler_startUSDT:2026-09-04 05:10:36 487:487 SyncActivityProfilerHandler.cpp:52] profiler_start




USDT:2026-09-04 05:10:36 484:484 SyncActivityProfilerHandler.cpp:59] profiler_stop
USDT:2026-09-04 05:10:36 487:487 SyncActivityProfilerHandler.cpp:59] profiler_stopUSDT:2026-09-04 05:10:36 489:489 SyncActivityProfilerHandler.cpp:59] profiler_stopUSDT:2026-09-04 05:10:36 486:486 SyncActivityProfilerHandler.cpp:59] profiler_stopUSDT:2026-09-04 05:10:36 490:490 SyncActivityProfilerHandler.cpp:59] profiler_stop

USDT:2026-09-04 05:10:36 488:488 SyncActivityProfilerHandler.cpp:59] profiler_stopUSDT:2026-09-04 05:10:36 491:491 SyncActivityProfilerHandler.cpp:59] profiler_stop
USDT:2026-09-04 05:10:36 485:485 SyncActivityProfilerHandler.cpp:59] profiler_stop



   - EP:  26/32 | expanded dispatch: 9 GB/s (SO), 19 GB/s (SU), 320.040 us, 6200064 bytes | copy: 1107 GB/s, 13.258 us
   - EP:  28/32 | expanded dispatch: 9 GB/s (SO), 19 GB/s (SU), 320.907 us, 6177600 bytes | copy: 306 GB/s, 45.229 us
   - EP:  25/32 | expanded dispatch: 9 GB/s (SO), 19 GB/s (SU), 316.522 us, 5863104 bytes | copy: 314 GB/s, 42.459 us
   - EP:  31/32 | expanded dispatch: 8 GB/s (SO), 18 GB/s (SU), 320.462 us, 5923008 bytes | copy: 271 GB/s, 49.756 us
   - EP:  30/32 | expanded dispatch: 8 GB/s (SO), 20 GB/s (SU), 320.442 us, 6342336 bytes | copy: 522 GB/s, 28.585 us
   - EP:  24/32 | expanded dispatch: 9 GB/s (SO), 20 GB/s (SU), 320.258 us, 6424704 bytes | copy: 533 GB/s, 26.370 us
   - EP:  27/32 | expanded dispatch: 9 GB/s (SO), 19 GB/s (SU), 320.619 us, 6215040 bytes | copy: 402 GB/s, 38.764 us
   - EP:  29/32 | expanded dispatch: 8 GB/s (SO), 18 GB/s (SU), 320.266 us, 5818176 bytes | copy: 817 GB/s, 16.375 us
USDT:2026-09-04 05:10:37 488:488 SyncActivityProfilerHandler.cpp:52] profiler_startUSDT:2026-09-04 05:10:37 491:491 SyncActivityProfilerHandler.cpp:52] profiler_startUSDT:2026-09-04 05:10:37 486:486 SyncActivityProfilerHandler.cpp:52] profiler_startUSDT:2026-09-04 05:10:37 490:490 SyncActivityProfilerHandler.cpp:52] profiler_start


USDT:2026-09-04 05:10:37 485:485 SyncActivityProfilerHandler.cpp:52] profiler_startUSDT:2026-09-04 05:10:37 484:484 SyncActivityProfilerHandler.cpp:52] profiler_startUSDT:2026-09-04 05:10:37 489:489 SyncActivityProfilerHandler.cpp:52] profiler_start



USDT:2026-09-04 05:10:37 487:487 SyncActivityProfilerHandler.cpp:52] profiler_start
USDT:2026-09-04 05:10:37 488:488 SyncActivityProfilerHandler.cpp:59] profiler_stopUSDT:2026-09-04 05:10:37 489:489 SyncActivityProfilerHandler.cpp:59] profiler_stopUSDT:2026-09-04 05:10:37 490:490 SyncActivityProfilerHandler.cpp:59] profiler_stopUSDT:2026-09-04 05:10:37 485:485 SyncActivityProfilerHandler.cpp:59] profiler_stopUSDT:2026-09-04 05:10:37 484:484 SyncActivityProfilerHandler.cpp:59] profiler_stopUSDT:2026-09-04 05:10:37 486:486 SyncActivityProfilerHandler.cpp:59] profiler_stop



USDT:2026-09-04 05:10:37 491:491 SyncActivityProfilerHandler.cpp:59] profiler_stop


USDT:2026-09-04 05:10:37 487:487 SyncActivityProfilerHandler.cpp:59] profiler_stop
   # EP:  26/32 | cached dispatch: 9 GB/s (SO), 19 GB/s (SU), 320.308 us, 6200064 bytes | copy: 1084 GB/s, 11.444 us
   # EP:  28/32 | cached dispatch: 9 GB/s (SO), 19 GB/s (SU), 321.845 us, 6177600 bytes | copy: 344 GB/s, 35.933 us
   # EP:  31/32 | cached dispatch: 8 GB/s (SO), 18 GB/s (SU), 321.335 us, 5923008 bytes | copy: 322 GB/s, 36.837 us
   # EP:  30/32 | cached dispatch: 8 GB/s (SO), 20 GB/s (SU), 320.101 us, 6342336 bytes | copy: 548 GB/s, 23.158 us
   # EP:  29/32 | cached dispatch: 8 GB/s (SO), 18 GB/s (SU), 319.987 us, 5818176 bytes | copy: 1112 GB/s, 10.467 us
   # EP:  27/32 | cached dispatch: 9 GB/s (SO), 19 GB/s (SU), 320.560 us, 6215040 bytes | copy: 440 GB/s, 28.250 us
   # EP:  24/32 | cached dispatch: 9 GB/s (SO), 20 GB/s (SU), 321.204 us, 6424704 bytes | copy: 528 GB/s, 24.324 us
   # EP:  25/32 | cached dispatch: 9 GB/s (SO), 18 GB/s (SU), 318.948 us, 5863104 bytes | copy: 328 GB/s, 35.756 us
USDT:2026-09-04 05:10:38 491:491 SyncActivityProfilerHandler.cpp:52] profiler_startUSDT:2026-09-04 05:10:38 485:485 SyncActivityProfilerHandler.cpp:52] profiler_startUSDT:2026-09-04 05:10:38 488:488 SyncActivityProfilerHandler.cpp:52] profiler_start


USDT:2026-09-04 05:10:38 490:490 SyncActivityProfilerHandler.cpp:52] profiler_startUSDT:2026-09-04 05:10:38 484:484 SyncActivityProfilerHandler.cpp:52] profiler_start
USDT:2026-09-04 05:10:38 486:486 SyncActivityProfilerHandler.cpp:52] profiler_start
USDT:2026-09-04 05:10:38 489:489 SyncActivityProfilerHandler.cpp:52] profiler_start

USDT:2026-09-04 05:10:38 487:487 SyncActivityProfilerHandler.cpp:52] profiler_start
USDT:2026-09-04 05:10:38 488:488 SyncActivityProfilerHandler.cpp:59] profiler_stopUSDT:2026-09-04 05:10:38 489:489 SyncActivityProfilerHandler.cpp:59] profiler_stopUSDT:2026-09-04 05:10:38 485:485 SyncActivityProfilerHandler.cpp:59] profiler_stopUSDT:2026-09-04 05:10:38 487:487 SyncActivityProfilerHandler.cpp:59] profiler_stopUSDT:2026-09-04 05:10:38 491:491 SyncActivityProfilerHandler.cpp:59] profiler_stopUSDT:2026-09-04 05:10:38 490:490 SyncActivityProfilerHandler.cpp:59] profiler_stop





USDT:2026-09-04 05:10:38 484:484 SyncActivityProfilerHandler.cpp:59] profiler_stop
USDT:2026-09-04 05:10:38 486:486 SyncActivityProfilerHandler.cpp:59] profiler_stop
   @ EP:  26/32 | combine: 18 GB/s (SO), 40 GB/s (SU), 295.523 us, 11896704 bytes | reduce: 1080 GB/s, 6.237 us
   @ EP:  30/32 | combine: 17 GB/s (SO), 42 GB/s (SU), 292.572 us, 12169696 bytes | reduce: 1020 GB/s, 6.282 us
   @ EP:  28/32 | combine: 19 GB/s (SO), 42 GB/s (SU), 284.691 us, 11853600 bytes | reduce: 1053 GB/s, 6.385 us
   @ EP:  25/32 | combine: 19 GB/s (SO), 41 GB/s (SU), 277.111 us, 11250144 bytes | reduce: 1053 GB/s, 6.481 us
   @ EP:  27/32 | combine: 18 GB/s (SO), 42 GB/s (SU), 286.596 us, 11925440 bytes | reduce: 1075 GB/s, 6.214 us
   @ EP:  31/32 | combine: 18 GB/s (SO), 41 GB/s (SU), 279.641 us, 11365088 bytes | reduce: 1023 GB/s, 6.390 us
   @ EP:  24/32 | combine: 18 GB/s (SO), 42 GB/s (SU), 294.472 us, 12327744 bytes | reduce: 1110 GB/s, 6.214 us
   @ EP:  29/32 | combine: 18 GB/s (SO), 38 GB/s (SU), 293.333 us, 11163936 bytes | reduce: 1036 GB/s, 6.350 us
USDT:2026-09-04 05:10:38 485:485 SyncActivityProfilerHandler.cpp:52] profiler_start
USDT:2026-09-04 05:10:38 491:491 SyncActivityProfilerHandler.cpp:52] profiler_start
USDT:2026-09-04 05:10:38 490:490 SyncActivityProfilerHandler.cpp:52] profiler_startUSDT:2026-09-04 05:10:38 488:488 SyncActivityProfilerHandler.cpp:52] profiler_start

USDT:2026-09-04 05:10:38 486:486 SyncActivityProfilerHandler.cpp:52] profiler_startUSDT:2026-09-04 05:10:38 487:487 SyncActivityProfilerHandler.cpp:52] profiler_startUSDT:2026-09-04 05:10:38 489:489 SyncActivityProfilerHandler.cpp:52] profiler_start


USDT:2026-09-04 05:10:38 484:484 SyncActivityProfilerHandler.cpp:52] profiler_start
USDT:2026-09-04 05:10:39 488:488 SyncActivityProfilerHandler.cpp:59] profiler_stop
USDT:2026-09-04 05:10:39 491:491 SyncActivityProfilerHandler.cpp:59] profiler_stop
USDT:2026-09-04 05:10:39 485:485 SyncActivityProfilerHandler.cpp:59] profiler_stopUSDT:2026-09-04 05:10:39 490:490 SyncActivityProfilerHandler.cpp:59] profiler_stopUSDT:2026-09-04 05:10:39 486:486 SyncActivityProfilerHandler.cpp:59] profiler_stop
USDT:2026-09-04 05:10:39 484:484 SyncActivityProfilerHandler.cpp:59] profiler_stop

USDT:2026-09-04 05:10:39 489:489 SyncActivityProfilerHandler.cpp:59] profiler_stop

USDT:2026-09-04 05:10:39 487:487 SyncActivityProfilerHandler.cpp:59] profiler_stop
   + EP:  28/32 | reduced combine: 18 GB/s (SO), 40 GB/s (SU), 299.664 us, 11853600 bytes | reduce: 1059 GB/s, 6.347 us
   + EP:  30/32 | reduced combine: 16 GB/s (SO), 40 GB/s (SU), 306.648 us, 12169696 bytes | reduce: 1021 GB/s, 6.276 us   + EP:  31/32 | reduced combine: 17 GB/s (SO), 38 GB/s (SU), 295.861 us, 11365088 bytes | reduce: 1020 GB/s, 6.411 us

   + EP:  25/32 | reduced combine: 18 GB/s (SO), 38 GB/s (SU), 293.928 us, 11250144 bytes | reduce: 1072 GB/s, 6.369 us
   + EP:  26/32 | reduced combine: 17 GB/s (SO), 38 GB/s (SU), 311.380 us, 11896704 bytes | reduce: 1080 GB/s, 6.241 us
   + EP:  24/32 | reduced combine: 17 GB/s (SO), 40 GB/s (SU), 310.409 us, 12327744 bytes | reduce: 1125 GB/s, 6.129 us
   + EP:  27/32 | reduced combine: 17 GB/s (SO), 39 GB/s (SU), 302.777 us, 11925440 bytes | reduce: 1056 GB/s, 6.325 us
   + EP:  29/32 | reduced combine: 17 GB/s (SO), 36 GB/s (SU), 311.328 us, 11163936 bytes | reduce: 1019 GB/s, 6.459 us


