=== EP_NIC_NAME=rdmap101s0 (auto, 400 Gb/s) ===
=== NCCL_IB_HCA=rdmap (auto: non-EFA ibverbs device ibp198s0f0 present) ===
=== GIN: NCCL_GIN_TYPE=5 NCCL_SYM_GIN_KERNELS_ENABLE=0 ===
=== PREFER_OVERLAP=0 (--prefer-overlap-with-compute) ===
=== IMAGE=deepep-v2-efa-official:sm103  DeepEP=97d8f9bcc1be31e9036db2ab591ef9b9f4e38619 ===
+ docker run --rm --init --gpus all --privileged --network=host --ipc=host --ulimit memlock=-1 --ulimit stack=67108864 --device=/dev/infiniband --device=/dev/gdrdrv -v /sys/class/infiniband:/sys/class/infiniband:ro -e MASTER_ADDR=172.31.30.164 -e MASTER_PORT=8618 -e WORLD_SIZE=2 -e RANK=1 -e NCCL_DEBUG=WARN -e EP_NIC_NAME=rdmap101s0 -e NCCL_IB_HCA=rdmap -e NCCL_GIN_TYPE=5 -e NCCL_SYM_GIN_KERNELS_ENABLE=0 -e PYTHONUNBUFFERED=1 -e PYTHONFAULTHANDLER=1 deepep-v2-efa-official:sm103 bash -lc 'timeout -s ABRT --kill-after=60 1800     python3 -u /opt/DeepEP/tests/elastic/test_ep.py     --num-processes=8 --num-tokens=128     --hidden=7168 --num-topk=8 --num-experts=256     --num-sms=24 --allow-hybrid-mode=1     --prefer-overlap-with-compute=0 --test-first-only      '

==========
== CUDA ==
==========

CUDA Version 13.3.1

Container image Copyright (c) 2016-2023, NVIDIA CORPORATION & AFFILIATES. All rights reserved.

This container image and its contents are governed by the NVIDIA Deep Learning Container License.
By pulling and using the container, you accept the terms and conditions of this license:
https://developer.nvidia.com/ngc/nvidia-deep-learning-container-license

A copy of this license is made available in this container at /NGC-DL-CONTAINER-LICENSE for your convenience.

DeepEP hybrid kernel selection: unordered
DeepEP hybrid kernel selection: unordered
DeepEP hybrid kernel selection: unordered
DeepEP hybrid kernel selection: unordered
DeepEP hybrid kernel selection: unordered
DeepEP hybrid kernel selection: unordered
DeepEP hybrid kernel selection: unordered
DeepEP hybrid kernel selection: unordered
DeepEP hybrid kernel selection: unordered
DeepEP hybrid kernel selection: unordered
DeepEP hybrid kernel selection: unordered
DeepEP hybrid kernel selection: unordered
DeepEP hybrid kernel selection: unordered
DeepEP hybrid kernel selection: unordered
DeepEP hybrid kernel selection: unordered
DeepEP hybrid kernel selection: unordered
Config:
 > Ranks: 2 x 8
 > Experts: 8/256
 > Tokens: 120 (max: 128), hidden: 7168
 > #SM: 24, #QPs: 11/11

Running all test cases:
 > Testing with do_handle_copy=1, expert_alignment=128, use_fp8_dispatch=1, num_bias=0, with_previous_event=0, async_with_compute_stream=0, allocate_on_comm_stream=0 ...
USDT:2026-09-04 04:14:04 490:490 SyncActivityProfilerHandler.cpp:52] profiler_startUSDT:2026-09-04 04:14:04 494:494 SyncActivityProfilerHandler.cpp:52] profiler_startUSDT:2026-09-04 04:14:04 492:492 SyncActivityProfilerHandler.cpp:52] profiler_startUSDT:2026-09-04 04:14:04 488:488 SyncActivityProfilerHandler.cpp:52] profiler_startUSDT:2026-09-04 04:14:04 493:493 SyncActivityProfilerHandler.cpp:52] profiler_startUSDT:2026-09-04 04:14:04 487:487 SyncActivityProfilerHandler.cpp:52] profiler_start





USDT:2026-09-04 04:14:04 489:489 SyncActivityProfilerHandler.cpp:52] profiler_start
USDT:2026-09-04 04:14:04 491:491 SyncActivityProfilerHandler.cpp:52] profiler_start
USDT:2026-09-04 04:14:04 492:492 SyncActivityProfilerHandler.cpp:59] profiler_stopUSDT:2026-09-04 04:14:04 487:487 SyncActivityProfilerHandler.cpp:59] profiler_stopUSDT:2026-09-04 04:14:04 488:488 SyncActivityProfilerHandler.cpp:59] profiler_stopUSDT:2026-09-04 04:14:04 491:491 SyncActivityProfilerHandler.cpp:59] profiler_stopUSDT:2026-09-04 04:14:04 494:494 SyncActivityProfilerHandler.cpp:59] profiler_stopUSDT:2026-09-04 04:14:04 490:490 SyncActivityProfilerHandler.cpp:59] profiler_stop





USDT:2026-09-04 04:14:04 489:489 SyncActivityProfilerHandler.cpp:59] profiler_stop
USDT:2026-09-04 04:14:04 493:493 SyncActivityProfilerHandler.cpp:59] profiler_stop
   * EP:   9/16 | dispatch: 7 GB/s (SO), 24 GB/s (SU), 245.513 us, 5773248 bytes | copy: 600 GB/s, 19.235 us
   * EP:  15/16 | dispatch: 7 GB/s (SO), 24 GB/s (SU), 246.292 us, 6005376 bytes | copy: 573 GB/s, 20.955 us
   * EP:   8/16 | dispatch: 7 GB/s (SO), 24 GB/s (SU), 245.474 us, 5833152 bytes | copy: 743 GB/s, 15.702 us
   * EP:  11/16 | dispatch: 7 GB/s (SO), 23 GB/s (SU), 245.699 us, 5698368 bytes | copy: 686 GB/s, 16.613 us
   * EP:  13/16 | dispatch: 7 GB/s (SO), 23 GB/s (SU), 245.278 us, 5728320 bytes | copy: 866 GB/s, 13.230 us
   * EP:  10/16 | dispatch: 7 GB/s (SO), 26 GB/s (SU), 245.763 us, 6312384 bytes | copy: 612 GB/s, 20.614 us
   * EP:  12/16 | dispatch: 7 GB/s (SO), 25 GB/s (SU), 245.287 us, 6117696 bytes | copy: 607 GB/s, 20.148 us
   * EP:  14/16 | dispatch: 7 GB/s (SO), 25 GB/s (SU), 244.720 us, 6162624 bytes | copy: 728 GB/s, 16.925 us
USDT:2026-09-04 04:14:04 488:488 SyncActivityProfilerHandler.cpp:52] profiler_startUSDT:2026-09-04 04:14:04 487:487 SyncActivityProfilerHandler.cpp:52] profiler_startUSDT:2026-09-04 04:14:04 494:494 SyncActivityProfilerHandler.cpp:52] profiler_startUSDT:2026-09-04 04:14:04 490:490 SyncActivityProfilerHandler.cpp:52] profiler_start
USDT:2026-09-04 04:14:04 493:493 SyncActivityProfilerHandler.cpp:52] profiler_start
USDT:2026-09-04 04:14:04 489:489 SyncActivityProfilerHandler.cpp:52] profiler_startUSDT:2026-09-04 04:14:04 491:491 SyncActivityProfilerHandler.cpp:52] profiler_startUSDT:2026-09-04 04:14:04 492:492 SyncActivityProfilerHandler.cpp:52] profiler_start





USDT:2026-09-04 04:14:05 490:490 SyncActivityProfilerHandler.cpp:59] profiler_stopUSDT:2026-09-04 04:14:05 488:488 SyncActivityProfilerHandler.cpp:59] profiler_stopUSDT:2026-09-04 04:14:05 491:491 SyncActivityProfilerHandler.cpp:59] profiler_stop
USDT:2026-09-04 04:14:05 494:494 SyncActivityProfilerHandler.cpp:59] profiler_stop

USDT:2026-09-04 04:14:05 487:487 SyncActivityProfilerHandler.cpp:59] profiler_stop

USDT:2026-09-04 04:14:05 492:492 SyncActivityProfilerHandler.cpp:59] profiler_stop
USDT:2026-09-04 04:14:05 493:493 SyncActivityProfilerHandler.cpp:59] profiler_stopUSDT:2026-09-04 04:14:05 489:489 SyncActivityProfilerHandler.cpp:59] profiler_stop

   - EP:  15/16 | expanded dispatch: 7 GB/s (SO), 24 GB/s (SU), 248.279 us, 6005376 bytes | copy: 880 GB/s, 23.797 us
   - EP:  11/16 | expanded dispatch: 7 GB/s (SO), 23 GB/s (SU), 247.931 us, 5698368 bytes | copy: 1334 GB/s, 15.401 us
   - EP:  10/16 | expanded dispatch: 7 GB/s (SO), 25 GB/s (SU), 248.393 us, 6312384 bytes | copy: 1007 GB/s, 21.045 us
   - EP:   8/16 | expanded dispatch: 7 GB/s (SO), 24 GB/s (SU), 247.455 us, 5833152 bytes | copy: 1192 GB/s, 17.393 us
   - EP:   9/16 | expanded dispatch: 7 GB/s (SO), 23 GB/s (SU), 247.890 us, 5773248 bytes | copy: 941 GB/s, 21.967 us
   - EP:  13/16 | expanded dispatch: 7 GB/s (SO), 23 GB/s (SU), 247.515 us, 5728320 bytes | copy: 1326 GB/s, 15.601 us
   - EP:  14/16 | expanded dispatch: 7 GB/s (SO), 25 GB/s (SU), 247.496 us, 6162624 bytes | copy: 1151 GB/s, 18.263 us
   - EP:  12/16 | expanded dispatch: 7 GB/s (SO), 25 GB/s (SU), 247.590 us, 6117696 bytes | copy: 897 GB/s, 23.345 us
USDT:2026-09-04 04:14:05 494:494 SyncActivityProfilerHandler.cpp:52] profiler_startUSDT:2026-09-04 04:14:05 490:490 SyncActivityProfilerHandler.cpp:52] profiler_startUSDT:2026-09-04 04:14:05 491:491 SyncActivityProfilerHandler.cpp:52] profiler_startUSDT:2026-09-04 04:14:05 492:492 SyncActivityProfilerHandler.cpp:52] profiler_start
USDT:2026-09-04 04:14:05 488:488 SyncActivityProfilerHandler.cpp:52] profiler_start


USDT:2026-09-04 04:14:05 487:487 SyncActivityProfilerHandler.cpp:52] profiler_startUSDT:2026-09-04 04:14:05 493:493 SyncActivityProfilerHandler.cpp:52] profiler_start


USDT:2026-09-04 04:14:05 489:489 SyncActivityProfilerHandler.cpp:52] profiler_start
USDT:2026-09-04 04:14:06 488:488 SyncActivityProfilerHandler.cpp:59] profiler_stopUSDT:2026-09-04 04:14:06 487:487 SyncActivityProfilerHandler.cpp:59] profiler_stopUSDT:2026-09-04 04:14:06 492:492 SyncActivityProfilerHandler.cpp:59] profiler_stopUSDT:2026-09-04 04:14:06 491:491 SyncActivityProfilerHandler.cpp:59] profiler_stop


USDT:2026-09-04 04:14:06 494:494 SyncActivityProfilerHandler.cpp:59] profiler_stopUSDT:2026-09-04 04:14:06 490:490 SyncActivityProfilerHandler.cpp:59] profiler_stop
USDT:2026-09-04 04:14:06 493:493 SyncActivityProfilerHandler.cpp:59] profiler_stop


USDT:2026-09-04 04:14:06 489:489 SyncActivityProfilerHandler.cpp:59] profiler_stop
   # EP:  15/16 | cached dispatch: 7 GB/s (SO), 26 GB/s (SU), 227.639 us, 6005376 bytes | copy: 664 GB/s, 18.083 us
   # EP:   9/16 | cached dispatch: 8 GB/s (SO), 25 GB/s (SU), 227.046 us, 5773248 bytes | copy: 642 GB/s, 17.984 us
   # EP:  13/16 | cached dispatch: 8 GB/s (SO), 25 GB/s (SU), 226.906 us, 5728320 bytes | copy: 820 GB/s, 13.969 us
   # EP:   8/16 | cached dispatch: 8 GB/s (SO), 26 GB/s (SU), 228.655 us, 5833152 bytes | copy: 726 GB/s, 16.059 us
   # EP:  11/16 | cached dispatch: 8 GB/s (SO), 25 GB/s (SU), 226.763 us, 5698368 bytes | copy: 1019 GB/s, 11.183 us
   # EP:  14/16 | cached dispatch: 8 GB/s (SO), 27 GB/s (SU), 226.684 us, 6162624 bytes | copy: 952 GB/s, 12.946 us
   # EP:  12/16 | cached dispatch: 8 GB/s (SO), 27 GB/s (SU), 227.237 us, 6117696 bytes | copy: 664 GB/s, 18.418 us
   # EP:  10/16 | cached dispatch: 8 GB/s (SO), 28 GB/s (SU), 227.007 us, 6312384 bytes | copy: 814 GB/s, 15.504 us
USDT:2026-09-04 04:14:06 494:494 SyncActivityProfilerHandler.cpp:52] profiler_startUSDT:2026-09-04 04:14:06 488:488 SyncActivityProfilerHandler.cpp:52] profiler_start

USDT:2026-09-04 04:14:06 490:490 SyncActivityProfilerHandler.cpp:52] profiler_startUSDT:2026-09-04 04:14:06 491:491 SyncActivityProfilerHandler.cpp:52] profiler_start
USDT:2026-09-04 04:14:06 487:487 SyncActivityProfilerHandler.cpp:52] profiler_start

USDT:2026-09-04 04:14:06 493:493 SyncActivityProfilerHandler.cpp:52] profiler_startUSDT:2026-09-04 04:14:06 489:489 SyncActivityProfilerHandler.cpp:52] profiler_start

USDT:2026-09-04 04:14:06 492:492 SyncActivityProfilerHandler.cpp:52] profiler_start
USDT:2026-09-04 04:14:06 491:491 SyncActivityProfilerHandler.cpp:59] profiler_stopUSDT:2026-09-04 04:14:06 488:488 SyncActivityProfilerHandler.cpp:59] profiler_stop

USDT:2026-09-04 04:14:06 487:487 SyncActivityProfilerHandler.cpp:59] profiler_stop
USDT:2026-09-04 04:14:06 494:494 SyncActivityProfilerHandler.cpp:59] profiler_stopUSDT:2026-09-04 04:14:06 490:490 SyncActivityProfilerHandler.cpp:59] profiler_stop

USDT:2026-09-04 04:14:06 493:493 SyncActivityProfilerHandler.cpp:59] profiler_stopUSDT:2026-09-04 04:14:06 492:492 SyncActivityProfilerHandler.cpp:59] profiler_stop

USDT:2026-09-04 04:14:06 489:489 SyncActivityProfilerHandler.cpp:59] profiler_stop
   @ EP:  15/16 | combine: 21 GB/s (SO), 74 GB/s (SU), 156.473 us, 11523136 bytes | reduce: 871 GB/s, 5.573 us
   @ EP:   9/16 | combine: 21 GB/s (SO), 70 GB/s (SU), 159.186 us, 11077728 bytes | reduce: 928 GB/s, 5.514 us
   @ EP:  11/16 | combine: 21 GB/s (SO), 69 GB/s (SU), 158.326 us, 10934048 bytes | reduce: 901 GB/s, 5.581 us
   @ EP:  12/16 | combine: 21 GB/s (SO), 74 GB/s (SU), 157.876 us, 11738656 bytes | reduce: 899 GB/s, 5.548 us
   @ EP:   8/16 | combine: 22 GB/s (SO), 70 GB/s (SU), 158.869 us, 11192672 bytes | reduce: 936 GB/s, 5.511 us
   @ EP:  14/16 | combine: 21 GB/s (SO), 74 GB/s (SU), 158.741 us, 11824864 bytes | reduce: 909 GB/s, 5.404 us
   @ EP:  13/16 | combine: 20 GB/s (SO), 67 GB/s (SU), 164.335 us, 10991520 bytes | reduce: 880 GB/s, 5.635 us
   @ EP:  10/16 | combine: 21 GB/s (SO), 76 GB/s (SU), 160.295 us, 12112224 bytes | reduce: 918 GB/s, 5.523 us
USDT:2026-09-04 04:14:07 494:494 SyncActivityProfilerHandler.cpp:52] profiler_startUSDT:2026-09-04 04:14:07 487:487 SyncActivityProfilerHandler.cpp:52] profiler_startUSDT:2026-09-04 04:14:07 488:488 SyncActivityProfilerHandler.cpp:52] profiler_startUSDT:2026-09-04 04:14:07 490:490 SyncActivityProfilerHandler.cpp:52] profiler_start


USDT:2026-09-04 04:14:07 492:492 SyncActivityProfilerHandler.cpp:52] profiler_startUSDT:2026-09-04 04:14:07 493:493 SyncActivityProfilerHandler.cpp:52] profiler_start
USDT:2026-09-04 04:14:07 491:491 SyncActivityProfilerHandler.cpp:52] profiler_start
USDT:2026-09-04 04:14:07 489:489 SyncActivityProfilerHandler.cpp:52] profiler_start


USDT:2026-09-04 04:14:07 494:494 SyncActivityProfilerHandler.cpp:59] profiler_stop
USDT:2026-09-04 04:14:07 487:487 SyncActivityProfilerHandler.cpp:59] profiler_stopUSDT:2026-09-04 04:14:07 490:490 SyncActivityProfilerHandler.cpp:59] profiler_stop
USDT:2026-09-04 04:14:07 488:488 SyncActivityProfilerHandler.cpp:59] profiler_stop
USDT:2026-09-04 04:14:07 491:491 SyncActivityProfilerHandler.cpp:59] profiler_stop

USDT:2026-09-04 04:14:07 492:492 SyncActivityProfilerHandler.cpp:59] profiler_stop
USDT:2026-09-04 04:14:07 493:493 SyncActivityProfilerHandler.cpp:59] profiler_stopUSDT:2026-09-04 04:14:07 489:489 SyncActivityProfilerHandler.cpp:59] profiler_stop

   + EP:  15/16 | reduced combine: 19 GB/s (SO), 68 GB/s (SU), 169.875 us, 11523136 bytes | reduce: 866 GB/s, 5.609 us
   + EP:   9/16 | reduced combine: 20 GB/s (SO), 64 GB/s (SU), 172.601 us, 11077728 bytes | reduce: 936 GB/s, 5.462 us
   + EP:  12/16 | reduced combine: 19 GB/s (SO), 68 GB/s (SU), 172.819 us, 11738656 bytes | reduce: 912 GB/s, 5.467 us
   + EP:  11/16 | reduced combine: 19 GB/s (SO), 64 GB/s (SU), 171.975 us, 10934048 bytes | reduce: 914 GB/s, 5.502 us
   + EP:  13/16 | reduced combine: 18 GB/s (SO), 61 GB/s (SU), 178.751 us, 10991520 bytes | reduce: 900 GB/s, 5.509 us
   + EP:   8/16 | reduced combine: 20 GB/s (SO), 65 GB/s (SU), 171.269 us, 11192672 bytes | reduce: 934 GB/s, 5.522 us
   + EP:  14/16 | reduced combine: 19 GB/s (SO), 69 GB/s (SU), 172.413 us, 11824864 bytes | reduce: 909 GB/s, 5.408 us
   + EP:  10/16 | reduced combine: 20 GB/s (SO), 70 GB/s (SU), 172.146 us, 12112224 bytes | reduce: 908 GB/s, 5.584 us


