=== EP_NIC_NAME=rdmap101s0 (auto, 400 Gb/s) ===
=== NCCL_IB_HCA=rdmap (auto: non-EFA ibverbs device ibp198s0f0 present) ===
=== GIN: NCCL_GIN_TYPE=5 NCCL_SYM_GIN_KERNELS_ENABLE=0 ===
=== PREFER_OVERLAP=0 (--prefer-overlap-with-compute) ===
=== IMAGE=deepep-v2-efa-official:sm103  DeepEP=97d8f9bcc1be31e9036db2ab591ef9b9f4e38619 ===
+ docker run --rm --init --gpus all --privileged --network=host --ipc=host --ulimit memlock=-1 --ulimit stack=67108864 --device=/dev/infiniband --device=/dev/gdrdrv -v /sys/class/infiniband:/sys/class/infiniband:ro -e MASTER_ADDR=172.31.30.41 -e MASTER_PORT=8701 -e WORLD_SIZE=4 -e RANK=0 -e NCCL_DEBUG=WARN -e EP_NIC_NAME=rdmap101s0 -e NCCL_IB_HCA=rdmap -e NCCL_GIN_TYPE=5 -e NCCL_SYM_GIN_KERNELS_ENABLE=0 -e PYTHONUNBUFFERED=1 -e PYTHONFAULTHANDLER=1 deepep-v2-efa-official:sm103 bash -lc 'timeout -s ABRT --kill-after=60 1800     python3 -u /opt/DeepEP/tests/elastic/test_ep.py     --num-processes=8 --num-tokens=8192     --hidden=7168 --num-topk=8 --num-experts=256     --num-sms=12 --allow-hybrid-mode=1     --prefer-overlap-with-compute=0 --test-first-only      '

==========
== CUDA ==
==========

CUDA Version 13.3.1

Container image Copyright (c) 2016-2023, NVIDIA CORPORATION & AFFILIATES. All rights reserved.

This container image and its contents are governed by the NVIDIA Deep Learning Container License.
By pulling and using the container, you accept the terms and conditions of this license:
https://developer.nvidia.com/ngc/nvidia-deep-learning-container-license

A copy of this license is made available in this container at /NGC-DL-CONTAINER-LICENSE for your convenience.

NCCL version 2.31.2+cuda13.3
DeepEP hybrid kernel selection: unordered
DeepEP hybrid kernel selection: unordered
DeepEP hybrid kernel selection: unordered
DeepEP hybrid kernel selection: unordered
DeepEP hybrid kernel selection: unordered
DeepEP hybrid kernel selection: unordered
DeepEP hybrid kernel selection: unordered
DeepEP hybrid kernel selection: unordered
DeepEP hybrid kernel selection: unordered
DeepEP hybrid kernel selection: unordered
DeepEP hybrid kernel selection: unordered
DeepEP hybrid kernel selection: unordered
DeepEP hybrid kernel selection: unordered
DeepEP hybrid kernel selection: unordered
DeepEP hybrid kernel selection: unordered
DeepEP hybrid kernel selection: unordered
Config:
 > Ranks: 4 x 8
 > Experts: 8/256
 > Tokens: 8192 (max: 8192), hidden: 7168
 > #SM: 12, #QPs: 11/11

Running all test cases:
 > Testing with do_handle_copy=1, expert_alignment=128, use_fp8_dispatch=1, num_bias=0, with_previous_event=0, async_with_compute_stream=0, allocate_on_comm_stream=0 ...
USDT:2026-09-04 04:26:07 487:487 SyncActivityProfilerHandler.cpp:52] profiler_startUSDT:2026-09-04 04:26:07 491:491 SyncActivityProfilerHandler.cpp:52] profiler_startUSDT:2026-09-04 04:26:07 493:493 SyncActivityProfilerHandler.cpp:52] profiler_startUSDT:2026-09-04 04:26:07 490:490 SyncActivityProfilerHandler.cpp:52] profiler_startUSDT:2026-09-04 04:26:07 489:489 SyncActivityProfilerHandler.cpp:52] profiler_startUSDT:2026-09-04 04:26:07 488:488 SyncActivityProfilerHandler.cpp:52] profiler_start




USDT:2026-09-04 04:26:07 492:492 SyncActivityProfilerHandler.cpp:52] profiler_start
USDT:2026-09-04 04:26:07 486:486 SyncActivityProfilerHandler.cpp:52] profiler_start

USDT:2026-09-04 04:26:07 487:487 SyncActivityProfilerHandler.cpp:59] profiler_stopUSDT:2026-09-04 04:26:07 491:491 SyncActivityProfilerHandler.cpp:59] profiler_stop

USDT:2026-09-04 04:26:07 489:489 SyncActivityProfilerHandler.cpp:59] profiler_stopUSDT:2026-09-04 04:26:07 488:488 SyncActivityProfilerHandler.cpp:59] profiler_stopUSDT:2026-09-04 04:26:07 490:490 SyncActivityProfilerHandler.cpp:59] profiler_stop

USDT:2026-09-04 04:26:07 493:493 SyncActivityProfilerHandler.cpp:59] profiler_stopUSDT:2026-09-04 04:26:07 486:486 SyncActivityProfilerHandler.cpp:59] profiler_stop
USDT:2026-09-04 04:26:07 492:492 SyncActivityProfilerHandler.cpp:59] profiler_stop


   * EP:   2/32 | dispatch: 109 GB/s (SO), 218 GB/s (SU), 2030.000 us, 443514240 bytes | copy: 5050 GB/s, 175.650 us
   * EP:   5/32 | dispatch: 109 GB/s (SO), 218 GB/s (SU), 2031.000 us, 442907712 bytes | copy: 4742 GB/s, 186.811 us
   * EP:   6/32 | dispatch: 109 GB/s (SO), 219 GB/s (SU), 2030.000 us, 444877056 bytes | copy: 4847 GB/s, 183.583 us
   * EP:   1/32 | dispatch: 109 GB/s (SO), 219 GB/s (SU), 2030.000 us, 443634048 bytes | copy: 4667 GB/s, 190.128 us
   * EP:   0/32 | dispatch: 110 GB/s (SO), 219 GB/s (SU), 2029.000 us, 444974400 bytes | copy: 5212 GB/s, 170.754 us
   * EP:   3/32 | dispatch: 109 GB/s (SO), 221 GB/s (SU), 2031.000 us, 449721792 bytes | copy: 4746 GB/s, 189.517 us
   * EP:   4/32 | dispatch: 109 GB/s (SO), 218 GB/s (SU), 2031.000 us, 443289600 bytes | copy: 4583 GB/s, 193.461 us
   * EP:   7/32 | dispatch: 109 GB/s (SO), 218 GB/s (SU), 2031.000 us, 443551680 bytes | copy: 4197 GB/s, 211.388 us
USDT:2026-09-04 04:26:07 490:490 SyncActivityProfilerHandler.cpp:52] profiler_startUSDT:2026-09-04 04:26:07 488:488 SyncActivityProfilerHandler.cpp:52] profiler_start

USDT:2026-09-04 04:26:07 491:491 SyncActivityProfilerHandler.cpp:52] profiler_startUSDT:2026-09-04 04:26:07 493:493 SyncActivityProfilerHandler.cpp:52] profiler_startUSDT:2026-09-04 04:26:07 489:489 SyncActivityProfilerHandler.cpp:52] profiler_startUSDT:2026-09-04 04:26:07 486:486 SyncActivityProfilerHandler.cpp:52] profiler_start
USDT:2026-09-04 04:26:07 487:487 SyncActivityProfilerHandler.cpp:52] profiler_start
USDT:2026-09-04 04:26:07 492:492 SyncActivityProfilerHandler.cpp:52] profiler_start



USDT:2026-09-04 04:26:08 489:489 SyncActivityProfilerHandler.cpp:59] profiler_stopUSDT:2026-09-04 04:26:08 486:486 SyncActivityProfilerHandler.cpp:59] profiler_stop
USDT:2026-09-04 04:26:08 492:492 SyncActivityProfilerHandler.cpp:59] profiler_stopUSDT:2026-09-04 04:26:08 487:487 SyncActivityProfilerHandler.cpp:59] profiler_stop
USDT:2026-09-04 04:26:08 493:493 SyncActivityProfilerHandler.cpp:59] profiler_stopUSDT:2026-09-04 04:26:08 488:488 SyncActivityProfilerHandler.cpp:59] profiler_stopUSDT:2026-09-04 04:26:08 491:491 SyncActivityProfilerHandler.cpp:59] profiler_stopUSDT:2026-09-04 04:26:08 490:490 SyncActivityProfilerHandler.cpp:59] profiler_stop





   - EP:   6/32 | expanded dispatch: 109 GB/s (SO), 219 GB/s (SU), 2027.000 us, 444877056 bytes | copy: 4510 GB/s, 208.334 us
   - EP:   0/32 | expanded dispatch: 110 GB/s (SO), 220 GB/s (SU), 2026.000 us, 444974400 bytes | copy: 4846 GB/s, 193.873 us
   - EP:   1/32 | expanded dispatch: 109 GB/s (SO), 219 GB/s (SU), 2027.000 us, 443634048 bytes | copy: 4407 GB/s, 212.876 us
   - EP:   5/32 | expanded dispatch: 109 GB/s (SO), 218 GB/s (SU), 2028.000 us, 442907712 bytes | copy: 4268 GB/s, 218.952 us
   - EP:   2/32 | expanded dispatch: 109 GB/s (SO), 219 GB/s (SU), 2027.000 us, 443514240 bytes | copy: 4602 GB/s, 203.601 us
   - EP:   3/32 | expanded dispatch: 109 GB/s (SO), 222 GB/s (SU), 2028.000 us, 449721792 bytes | copy: 4490 GB/s, 211.450 us
   - EP:   4/32 | expanded dispatch: 109 GB/s (SO), 218 GB/s (SU), 2029.000 us, 443289600 bytes | copy: 4107 GB/s, 227.975 us
   - EP:   7/32 | expanded dispatch: 109 GB/s (SO), 219 GB/s (SU), 2028.000 us, 443551680 bytes | copy: 4139 GB/s, 226.711 us
USDT:2026-09-04 04:26:08 491:491 SyncActivityProfilerHandler.cpp:52] profiler_startUSDT:2026-09-04 04:26:08 489:489 SyncActivityProfilerHandler.cpp:52] profiler_startUSDT:2026-09-04 04:26:08 492:492 SyncActivityProfilerHandler.cpp:52] profiler_startUSDT:2026-09-04 04:26:08 488:488 SyncActivityProfilerHandler.cpp:52] profiler_startUSDT:2026-09-04 04:26:08 486:486 SyncActivityProfilerHandler.cpp:52] profiler_startUSDT:2026-09-04 04:26:08 493:493 SyncActivityProfilerHandler.cpp:52] profiler_startUSDT:2026-09-04 04:26:08 490:490 SyncActivityProfilerHandler.cpp:52] profiler_startUSDT:2026-09-04 04:26:08 487:487 SyncActivityProfilerHandler.cpp:52] profiler_start







USDT:2026-09-04 04:26:08 491:491 SyncActivityProfilerHandler.cpp:59] profiler_stop
USDT:2026-09-04 04:26:08 489:489 SyncActivityProfilerHandler.cpp:59] profiler_stopUSDT:2026-09-04 04:26:08 492:492 SyncActivityProfilerHandler.cpp:59] profiler_stop
USDT:2026-09-04 04:26:08 493:493 SyncActivityProfilerHandler.cpp:59] profiler_stopUSDT:2026-09-04 04:26:08 488:488 SyncActivityProfilerHandler.cpp:59] profiler_stop

USDT:2026-09-04 04:26:08 487:487 SyncActivityProfilerHandler.cpp:59] profiler_stop

USDT:2026-09-04 04:26:08 490:490 SyncActivityProfilerHandler.cpp:59] profiler_stop
USDT:2026-09-04 04:26:08 486:486 SyncActivityProfilerHandler.cpp:59] profiler_stop
   # EP:   5/32 | cached dispatch: 104 GB/s (SO), 208 GB/s (SU), 2127.000 us, 442907712 bytes | copy: 4921 GB/s, 180.006 us
   # EP:   1/32 | cached dispatch: 104 GB/s (SO), 209 GB/s (SU), 2127.000 us, 443634048 bytes | copy: 5017 GB/s, 176.845 us
   # EP:   7/32 | cached dispatch: 104 GB/s (SO), 208 GB/s (SU), 2128.000 us, 443551680 bytes | copy: 4923 GB/s, 180.209 us
   # EP:   0/32 | cached dispatch: 105 GB/s (SO), 209 GB/s (SU), 2127.000 us, 444974400 bytes | copy: 5137 GB/s, 173.247 us
   # EP:   3/32 | cached dispatch: 104 GB/s (SO), 211 GB/s (SU), 2128.000 us, 449721792 bytes | copy: 5134 GB/s, 175.190 us
   # EP:   2/32 | cached dispatch: 104 GB/s (SO), 208 GB/s (SU), 2128.000 us, 443514240 bytes | copy: 4918 GB/s, 180.356 us
   # EP:   6/32 | cached dispatch: 104 GB/s (SO), 209 GB/s (SU), 2127.000 us, 444877056 bytes | copy: 5187 GB/s, 171.524 us
   # EP:   4/32 | cached dispatch: 104 GB/s (SO), 208 GB/s (SU), 2127.000 us, 443289600 bytes | copy: 5122 GB/s, 173.100 us
USDT:2026-09-04 04:26:09 493:493 SyncActivityProfilerHandler.cpp:52] profiler_startUSDT:2026-09-04 04:26:09 487:487 SyncActivityProfilerHandler.cpp:52] profiler_start

USDT:2026-09-04 04:26:09 490:490 SyncActivityProfilerHandler.cpp:52] profiler_startUSDT:2026-09-04 04:26:09 489:489 SyncActivityProfilerHandler.cpp:52] profiler_start

USDT:2026-09-04 04:26:09 486:486 SyncActivityProfilerHandler.cpp:52] profiler_start
USDT:2026-09-04 04:26:09 492:492 SyncActivityProfilerHandler.cpp:52] profiler_start
USDT:2026-09-04 04:26:09 488:488 SyncActivityProfilerHandler.cpp:52] profiler_start
USDT:2026-09-04 04:26:09 491:491 SyncActivityProfilerHandler.cpp:52] profiler_start
USDT:2026-09-04 04:26:10 490:490 SyncActivityProfilerHandler.cpp:59] profiler_stop
USDT:2026-09-04 04:26:10 489:489 SyncActivityProfilerHandler.cpp:59] profiler_stop
USDT:2026-09-04 04:26:10 487:487 SyncActivityProfilerHandler.cpp:59] profiler_stop
USDT:2026-09-04 04:26:10 493:493 SyncActivityProfilerHandler.cpp:59] profiler_stop
USDT:2026-09-04 04:26:10 488:488 SyncActivityProfilerHandler.cpp:59] profiler_stopUSDT:2026-09-04 04:26:10 492:492 SyncActivityProfilerHandler.cpp:59] profiler_stop

USDT:2026-09-04 04:26:10 486:486 SyncActivityProfilerHandler.cpp:59] profiler_stop
USDT:2026-09-04 04:26:10 491:491 SyncActivityProfilerHandler.cpp:59] profiler_stop
   @ EP:   1/32 | combine: 100 GB/s (SO), 201 GB/s (SU), 4238.000 us, 851246528 bytes | reduce: 5103 GB/s, 106.313 us
   @ EP:   6/32 | combine: 97 GB/s (SO), 196 GB/s (SU), 4354.000 us, 853631616 bytes | reduce: 5133 GB/s, 105.614 us
   @ EP:   7/32 | combine: 100 GB/s (SO), 200 GB/s (SU), 4264.000 us, 851088480 bytes | reduce: 5103 GB/s, 106.352 us
   @ EP:   2/32 | combine: 97 GB/s (SO), 195 GB/s (SU), 4360.000 us, 851016640 bytes | reduce: 5051 GB/s, 107.442 us   @ EP:   5/32 | combine: 96 GB/s (SO), 191 GB/s (SU), 4452.000 us, 849852832 bytes | reduce: 5160 GB/s, 105.233 us

   @ EP:   4/32 | combine: 100 GB/s (SO), 201 GB/s (SU), 4242.000 us, 850585600 bytes | reduce: 5069 GB/s, 106.892 us
   @ EP:   3/32 | combine: 100 GB/s (SO), 202 GB/s (SU), 4267.000 us, 862927712 bytes | reduce: 5118 GB/s, 106.133 us
   @ EP:   0/32 | combine: 98 GB/s (SO), 196 GB/s (SU), 4358.000 us, 853818400 bytes | reduce: 5110 GB/s, 106.595 us
USDT:2026-09-04 04:26:10 491:491 SyncActivityProfilerHandler.cpp:52] profiler_start
USDT:2026-09-04 04:26:10 493:493 SyncActivityProfilerHandler.cpp:52] profiler_start
USDT:2026-09-04 04:26:10 487:487 SyncActivityProfilerHandler.cpp:52] profiler_start
USDT:2026-09-04 04:26:10 490:490 SyncActivityProfilerHandler.cpp:52] profiler_start
USDT:2026-09-04 04:26:10 486:486 SyncActivityProfilerHandler.cpp:52] profiler_start
USDT:2026-09-04 04:26:10 488:488 SyncActivityProfilerHandler.cpp:52] profiler_start
USDT:2026-09-04 04:26:10 489:489 SyncActivityProfilerHandler.cpp:52] profiler_start
USDT:2026-09-04 04:26:10 492:492 SyncActivityProfilerHandler.cpp:52] profiler_start
USDT:2026-09-04 04:26:11 487:487 SyncActivityProfilerHandler.cpp:59] profiler_stop
USDT:2026-09-04 04:26:11 493:493 SyncActivityProfilerHandler.cpp:59] profiler_stop
USDT:2026-09-04 04:26:11 492:492 SyncActivityProfilerHandler.cpp:59] profiler_stop
USDT:2026-09-04 04:26:11 488:488 SyncActivityProfilerHandler.cpp:59] profiler_stop
USDT:2026-09-04 04:26:11 489:489 SyncActivityProfilerHandler.cpp:59] profiler_stop
USDT:2026-09-04 04:26:11 490:490 SyncActivityProfilerHandler.cpp:59] profiler_stop
USDT:2026-09-04 04:26:11 491:491 SyncActivityProfilerHandler.cpp:59] profiler_stop
USDT:2026-09-04 04:26:11 486:486 SyncActivityProfilerHandler.cpp:59] profiler_stop
   + EP:   1/32 | reduced combine: 92 GB/s (SO), 185 GB/s (SU), 4597.000 us, 851246528 bytes | reduce: 5115 GB/s, 106.064 us
   + EP:   7/32 | reduced combine: 92 GB/s (SO), 185 GB/s (SU), 4602.000 us, 851088480 bytes | reduce: 5124 GB/s, 105.933 us
   + EP:   6/32 | reduced combine: 91 GB/s (SO), 183 GB/s (SU), 4670.000 us, 853631616 bytes | reduce: 5160 GB/s, 105.060 us
   + EP:   2/32 | reduced combine: 91 GB/s (SO), 183 GB/s (SU), 4651.000 us, 851016640 bytes | reduce: 5072 GB/s, 106.978 us
   + EP:   3/32 | reduced combine: 91 GB/s (SO), 184 GB/s (SU), 4687.000 us, 862927712 bytes | reduce: 5170 GB/s, 105.065 us
   + EP:   4/32 | reduced combine: 92 GB/s (SO), 184 GB/s (SU), 4623.000 us, 850585600 bytes | reduce: 5078 GB/s, 106.699 us
   + EP:   5/32 | reduced combine: 92 GB/s (SO), 183 GB/s (SU), 4632.000 us, 849852832 bytes | reduce: 5166 GB/s, 105.120 us
   + EP:   0/32 | reduced combine: 92 GB/s (SO), 184 GB/s (SU), 4643.000 us, 853818400 bytes | reduce: 5140 GB/s, 105.984 us


