=== EP_NIC_NAME=rdmap101s0 (auto, 400 Gb/s) ===
=== NCCL_IB_HCA=rdmap (auto: non-EFA ibverbs device ibp198s0f0 present) ===
=== GIN: NCCL_GIN_TYPE=5 NCCL_SYM_GIN_KERNELS_ENABLE=0 ===
=== PREFER_OVERLAP=0 (--prefer-overlap-with-compute) ===
=== IMAGE=deepep-v2-efa-official:sm103-bfbdd15  DeepEP=bfbdd15ff448783f877cb2210cb3246c8452b05e ===
+ docker run --rm --init --gpus all --privileged --network=host --ipc=host --ulimit memlock=-1 --ulimit stack=67108864 --device=/dev/infiniband --device=/dev/gdrdrv -v /sys/class/infiniband:/sys/class/infiniband:ro -e MASTER_ADDR=172.31.30.164 -e MASTER_PORT=8620 -e WORLD_SIZE=2 -e RANK=1 -e NCCL_DEBUG=WARN -e EP_NIC_NAME=rdmap101s0 -e NCCL_IB_HCA=rdmap -e NCCL_GIN_TYPE=5 -e NCCL_SYM_GIN_KERNELS_ENABLE=0 -e PYTHONUNBUFFERED=1 -e PYTHONFAULTHANDLER=1 deepep-v2-efa-official:sm103-bfbdd15 bash -lc 'timeout -s ABRT --kill-after=60 1800     python3 -u /opt/DeepEP/tests/elastic/test_ep.py     --num-processes=8 --num-tokens=128     --hidden=7168 --num-topk=8 --num-experts=256     --num-sms=12 --allow-hybrid-mode=1     --prefer-overlap-with-compute=0 --test-first-only      '

==========
== CUDA ==
==========

CUDA Version 13.3.1

Container image Copyright (c) 2016-2023, NVIDIA CORPORATION & AFFILIATES. All rights reserved.

This container image and its contents are governed by the NVIDIA Deep Learning Container License.
By pulling and using the container, you accept the terms and conditions of this license:
https://developer.nvidia.com/ngc/nvidia-deep-learning-container-license

A copy of this license is made available in this container at /NGC-DL-CONTAINER-LICENSE for your convenience.

DeepEP hybrid kernel selection: unordered
DeepEP hybrid kernel selection: unordered
DeepEP hybrid kernel selection: unordered
DeepEP hybrid kernel selection: unordered
DeepEP hybrid kernel selection: unordered
DeepEP hybrid kernel selection: unordered
DeepEP hybrid kernel selection: unordered
DeepEP hybrid kernel selection: unordered
DeepEP hybrid kernel selection: unordered
DeepEP hybrid kernel selection: unordered
DeepEP hybrid kernel selection: unordered
DeepEP hybrid kernel selection: unordered
DeepEP hybrid kernel selection: unordered
DeepEP hybrid kernel selection: unordered
DeepEP hybrid kernel selection: unordered
DeepEP hybrid kernel selection: unordered
Config:
 > Ranks: 2 x 8
 > Experts: 8/256
 > Tokens: 120 (max: 128), hidden: 7168
 > #SM: 12, #QPs: 11/11

Running all test cases:
 > Testing with do_handle_copy=1, expert_alignment=128, use_fp8_dispatch=1, num_bias=0, with_previous_event=0, async_with_compute_stream=0, allocate_on_comm_stream=0 ...
USDT:2026-09-04 04:19:44 487:487 SyncActivityProfilerHandler.cpp:52] profiler_startUSDT:2026-09-04 04:19:44 490:490 SyncActivityProfilerHandler.cpp:52] profiler_startUSDT:2026-09-04 04:19:44 488:488 SyncActivityProfilerHandler.cpp:52] profiler_startUSDT:2026-09-04 04:19:44 489:489 SyncActivityProfilerHandler.cpp:52] profiler_startUSDT:2026-09-04 04:19:44 492:492 SyncActivityProfilerHandler.cpp:52] profiler_start
USDT:2026-09-04 04:19:44 486:486 SyncActivityProfilerHandler.cpp:52] profiler_start
USDT:2026-09-04 04:19:44 491:491 SyncActivityProfilerHandler.cpp:52] profiler_start


USDT:2026-09-04 04:19:44 493:493 SyncActivityProfilerHandler.cpp:52] profiler_start


USDT:2026-09-04 04:19:44 488:488 SyncActivityProfilerHandler.cpp:59] profiler_stopUSDT:2026-09-04 04:19:44 489:489 SyncActivityProfilerHandler.cpp:59] profiler_stopUSDT:2026-09-04 04:19:44 491:491 SyncActivityProfilerHandler.cpp:59] profiler_stopUSDT:2026-09-04 04:19:44 486:486 SyncActivityProfilerHandler.cpp:59] profiler_stopUSDT:2026-09-04 04:19:44 493:493 SyncActivityProfilerHandler.cpp:59] profiler_stop

USDT:2026-09-04 04:19:44 487:487 SyncActivityProfilerHandler.cpp:59] profiler_stopUSDT:2026-09-04 04:19:44 490:490 SyncActivityProfilerHandler.cpp:59] profiler_stop




USDT:2026-09-04 04:19:44 492:492 SyncActivityProfilerHandler.cpp:59] profiler_stop
   * EP:  10/16 | dispatch: 13 GB/s (SO), 48 GB/s (SU), 131.093 us, 6312384 bytes | copy: 953 GB/s, 13.253 us
   * EP:  12/16 | dispatch: 13 GB/s (SO), 47 GB/s (SU), 130.198 us, 6117696 bytes | copy: 897 GB/s, 13.641 us
   * EP:  11/16 | dispatch: 13 GB/s (SO), 44 GB/s (SU), 130.732 us, 5698368 bytes | copy: 882 GB/s, 12.928 us   * EP:   8/16 | dispatch: 14 GB/s (SO), 45 GB/s (SU), 130.488 us, 5833152 bytes | copy: 1018 GB/s, 11.462 us

   * EP:  15/16 | dispatch: 13 GB/s (SO), 46 GB/s (SU), 131.145 us, 6005376 bytes | copy: 799 GB/s, 15.028 us
   * EP:  13/16 | dispatch: 13 GB/s (SO), 45 GB/s (SU), 128.242 us, 5728320 bytes | copy: 1143 GB/s, 10.025 us
   * EP:   9/16 | dispatch: 14 GB/s (SO), 45 GB/s (SU), 128.440 us, 5773248 bytes | copy: 914 GB/s, 12.638 us
   * EP:  14/16 | dispatch: 13 GB/s (SO), 48 GB/s (SU), 129.702 us, 6162624 bytes | copy: 1138 GB/s, 10.828 us
USDT:2026-09-04 04:19:45 489:489 SyncActivityProfilerHandler.cpp:52] profiler_startUSDT:2026-09-04 04:19:45 488:488 SyncActivityProfilerHandler.cpp:52] profiler_startUSDT:2026-09-04 04:19:45 493:493 SyncActivityProfilerHandler.cpp:52] profiler_startUSDT:2026-09-04 04:19:45 491:491 SyncActivityProfilerHandler.cpp:52] profiler_startUSDT:2026-09-04 04:19:45 487:487 SyncActivityProfilerHandler.cpp:52] profiler_startUSDT:2026-09-04 04:19:45 492:492 SyncActivityProfilerHandler.cpp:52] profiler_startUSDT:2026-09-04 04:19:45 486:486 SyncActivityProfilerHandler.cpp:52] profiler_start


USDT:2026-09-04 04:19:45 490:490 SyncActivityProfilerHandler.cpp:52] profiler_start




USDT:2026-09-04 04:19:45 491:491 SyncActivityProfilerHandler.cpp:59] profiler_stopUSDT:2026-09-04 04:19:45 489:489 SyncActivityProfilerHandler.cpp:59] profiler_stop

USDT:2026-09-04 04:19:45 486:486 SyncActivityProfilerHandler.cpp:59] profiler_stopUSDT:2026-09-04 04:19:45 490:490 SyncActivityProfilerHandler.cpp:59] profiler_stopUSDT:2026-09-04 04:19:45 493:493 SyncActivityProfilerHandler.cpp:59] profiler_stopUSDT:2026-09-04 04:19:45 492:492 SyncActivityProfilerHandler.cpp:59] profiler_stopUSDT:2026-09-04 04:19:45 487:487 SyncActivityProfilerHandler.cpp:59] profiler_stop


USDT:2026-09-04 04:19:45 488:488 SyncActivityProfilerHandler.cpp:59] profiler_stop


   - EP:   9/16 | expanded dispatch: 14 GB/s (SO), 45 GB/s (SU), 126.968 us, 5773248 bytes | copy: 1458 GB/s, 14.180 us
   - EP:  14/16 | expanded dispatch: 13 GB/s (SO), 48 GB/s (SU), 128.381 us, 6162624 bytes | copy: 1655 GB/s, 12.699 us
   - EP:  12/16 | expanded dispatch: 13 GB/s (SO), 48 GB/s (SU), 128.687 us, 6117696 bytes | copy: 1425 GB/s, 14.701 us
   - EP:  10/16 | expanded dispatch: 14 GB/s (SO), 49 GB/s (SU), 129.805 us, 6312384 bytes | copy: 1476 GB/s, 14.363 us
   - EP:   8/16 | expanded dispatch: 14 GB/s (SO), 45 GB/s (SU), 128.939 us, 5833152 bytes | copy: 1740 GB/s, 11.914 us
   - EP:  13/16 | expanded dispatch: 14 GB/s (SO), 45 GB/s (SU), 127.020 us, 5728320 bytes | copy: 1807 GB/s, 11.451 us
   - EP:  11/16 | expanded dispatch: 14 GB/s (SO), 44 GB/s (SU), 129.220 us, 5698368 bytes | copy: 1338 GB/s, 15.357 us
   - EP:  15/16 | expanded dispatch: 13 GB/s (SO), 47 GB/s (SU), 129.052 us, 6005376 bytes | copy: 1184 GB/s, 17.684 us
USDT:2026-09-04 04:19:46 487:487 SyncActivityProfilerHandler.cpp:52] profiler_startUSDT:2026-09-04 04:19:46 490:490 SyncActivityProfilerHandler.cpp:52] profiler_startUSDT:2026-09-04 04:19:46 492:492 SyncActivityProfilerHandler.cpp:52] profiler_startUSDT:2026-09-04 04:19:46 491:491 SyncActivityProfilerHandler.cpp:52] profiler_start
USDT:2026-09-04 04:19:46 493:493 SyncActivityProfilerHandler.cpp:52] profiler_startUSDT:2026-09-04 04:19:46 486:486 SyncActivityProfilerHandler.cpp:52] profiler_start

USDT:2026-09-04 04:19:46 489:489 SyncActivityProfilerHandler.cpp:52] profiler_startUSDT:2026-09-04 04:19:46 488:488 SyncActivityProfilerHandler.cpp:52] profiler_start




USDT:2026-09-04 04:19:46 488:488 SyncActivityProfilerHandler.cpp:59] profiler_stopUSDT:2026-09-04 04:19:46 491:491 SyncActivityProfilerHandler.cpp:59] profiler_stopUSDT:2026-09-04 04:19:46 493:493 SyncActivityProfilerHandler.cpp:59] profiler_stopUSDT:2026-09-04 04:19:46 492:492 SyncActivityProfilerHandler.cpp:59] profiler_stop

USDT:2026-09-04 04:19:46 486:486 SyncActivityProfilerHandler.cpp:59] profiler_stop
USDT:2026-09-04 04:19:46 489:489 SyncActivityProfilerHandler.cpp:59] profiler_stop
USDT:2026-09-04 04:19:46 490:490 SyncActivityProfilerHandler.cpp:59] profiler_stop


USDT:2026-09-04 04:19:46 487:487 SyncActivityProfilerHandler.cpp:59] profiler_stop
   # EP:  10/16 | cached dispatch: 15 GB/s (SO), 53 GB/s (SU), 118.951 us, 6312384 bytes | copy: 955 GB/s, 13.219 us
   # EP:  13/16 | cached dispatch: 15 GB/s (SO), 49 GB/s (SU), 116.206 us, 5728320 bytes | copy: 1356 GB/s, 8.451 us
   # EP:  12/16 | cached dispatch: 15 GB/s (SO), 52 GB/s (SU), 118.224 us, 6117696 bytes | copy: 832 GB/s, 14.705 us
   # EP:  11/16 | cached dispatch: 15 GB/s (SO), 48 GB/s (SU), 118.908 us, 5698368 bytes | copy: 895 GB/s, 12.740 us
   # EP:  15/16 | cached dispatch: 14 GB/s (SO), 51 GB/s (SU), 118.878 us, 6005376 bytes | copy: 836 GB/s, 14.363 us
   # EP:  14/16 | cached dispatch: 14 GB/s (SO), 52 GB/s (SU), 117.840 us, 6162624 bytes | copy: 1085 GB/s, 11.356 us
   # EP:   9/16 | cached dispatch: 15 GB/s (SO), 50 GB/s (SU), 116.421 us, 5773248 bytes | copy: 1052 GB/s, 10.971 us
   # EP:   8/16 | cached dispatch: 15 GB/s (SO), 49 GB/s (SU), 117.920 us, 5833152 bytes | copy: 1044 GB/s, 11.172 us
USDT:2026-09-04 04:19:46 487:487 SyncActivityProfilerHandler.cpp:52] profiler_startUSDT:2026-09-04 04:19:46 489:489 SyncActivityProfilerHandler.cpp:52] profiler_startUSDT:2026-09-04 04:19:46 490:490 SyncActivityProfilerHandler.cpp:52] profiler_startUSDT:2026-09-04 04:19:46 486:486 SyncActivityProfilerHandler.cpp:52] profiler_start
USDT:2026-09-04 04:19:46 493:493 SyncActivityProfilerHandler.cpp:52] profiler_start

USDT:2026-09-04 04:19:46 492:492 SyncActivityProfilerHandler.cpp:52] profiler_startUSDT:2026-09-04 04:19:46 488:488 SyncActivityProfilerHandler.cpp:52] profiler_startUSDT:2026-09-04 04:19:46 491:491 SyncActivityProfilerHandler.cpp:52] profiler_start




USDT:2026-09-04 04:19:47 491:491 SyncActivityProfilerHandler.cpp:59] profiler_stopUSDT:2026-09-04 04:19:47 486:486 SyncActivityProfilerHandler.cpp:59] profiler_stopUSDT:2026-09-04 04:19:47 488:488 SyncActivityProfilerHandler.cpp:59] profiler_stop

USDT:2026-09-04 04:19:47 493:493 SyncActivityProfilerHandler.cpp:59] profiler_stop

USDT:2026-09-04 04:19:47 489:489 SyncActivityProfilerHandler.cpp:59] profiler_stop
USDT:2026-09-04 04:19:47 490:490 SyncActivityProfilerHandler.cpp:59] profiler_stopUSDT:2026-09-04 04:19:47 492:492 SyncActivityProfilerHandler.cpp:59] profiler_stop

USDT:2026-09-04 04:19:47 487:487 SyncActivityProfilerHandler.cpp:59] profiler_stop
   @ EP:   8/16 | combine: 21 GB/s (SO), 67 GB/s (SU), 167.012 us, 11192672 bytes | reduce: 961 GB/s, 5.365 us
   @ EP:  10/16 | combine: 20 GB/s (SO), 71 GB/s (SU), 171.496 us, 12112224 bytes | reduce: 943 GB/s, 5.380 us
   @ EP:  12/16 | combine: 20 GB/s (SO), 71 GB/s (SU), 164.642 us, 11738656 bytes | reduce: 909 GB/s, 5.484 us
   @ EP:  15/16 | combine: 20 GB/s (SO), 71 GB/s (SU), 162.874 us, 11523136 bytes | reduce: 896 GB/s, 5.419 us
   @ EP:  13/16 | combine: 19 GB/s (SO), 63 GB/s (SU), 173.620 us, 10991520 bytes | reduce: 904 GB/s, 5.484 us
   @ EP:  14/16 | combine: 19 GB/s (SO), 70 GB/s (SU), 168.001 us, 11824864 bytes | reduce: 905 GB/s, 5.427 us
   @ EP:   9/16 | combine: 21 GB/s (SO), 68 GB/s (SU), 164.003 us, 11077728 bytes | reduce: 948 GB/s, 5.396 us
   @ EP:  11/16 | combine: 20 GB/s (SO), 66 GB/s (SU), 165.626 us, 10934048 bytes | reduce: 935 GB/s, 5.380 us
USDT:2026-09-04 04:19:47 487:487 SyncActivityProfilerHandler.cpp:52] profiler_start
USDT:2026-09-04 04:19:47 489:489 SyncActivityProfilerHandler.cpp:52] profiler_startUSDT:2026-09-04 04:19:47 490:490 SyncActivityProfilerHandler.cpp:52] profiler_start

USDT:2026-09-04 04:19:47 492:492 SyncActivityProfilerHandler.cpp:52] profiler_startUSDT:2026-09-04 04:19:47 493:493 SyncActivityProfilerHandler.cpp:52] profiler_startUSDT:2026-09-04 04:19:47 486:486 SyncActivityProfilerHandler.cpp:52] profiler_start
USDT:2026-09-04 04:19:47 491:491 SyncActivityProfilerHandler.cpp:52] profiler_startUSDT:2026-09-04 04:19:47 488:488 SyncActivityProfilerHandler.cpp:52] profiler_start



USDT:2026-09-04 04:19:47 487:487 SyncActivityProfilerHandler.cpp:59] profiler_stopUSDT:2026-09-04 04:19:47 488:488 SyncActivityProfilerHandler.cpp:59] profiler_stopUSDT:2026-09-04 04:19:47 489:489 SyncActivityProfilerHandler.cpp:59] profiler_stop

USDT:2026-09-04 04:19:47 486:486 SyncActivityProfilerHandler.cpp:59] profiler_stopUSDT:2026-09-04 04:19:47 493:493 SyncActivityProfilerHandler.cpp:59] profiler_stop


USDT:2026-09-04 04:19:47 491:491 SyncActivityProfilerHandler.cpp:59] profiler_stop
USDT:2026-09-04 04:19:47 490:490 SyncActivityProfilerHandler.cpp:59] profiler_stopUSDT:2026-09-04 04:19:47 492:492 SyncActivityProfilerHandler.cpp:59] profiler_stop

   + EP:  10/16 | reduced combine: 18 GB/s (SO), 64 GB/s (SU), 190.211 us, 12112224 bytes | reduce: 937 GB/s, 5.414 us
   + EP:   8/16 | reduced combine: 18 GB/s (SO), 60 GB/s (SU), 186.415 us, 11192672 bytes | reduce: 953 GB/s, 5.414 us
   + EP:  13/16 | reduced combine: 17 GB/s (SO), 57 GB/s (SU), 193.090 us, 10991520 bytes | reduce: 896 GB/s, 5.531 us
   + EP:  12/16 | reduced combine: 18 GB/s (SO), 64 GB/s (SU), 184.851 us, 11738656 bytes | reduce: 926 GB/s, 5.382 us
   + EP:   9/16 | reduced combine: 19 GB/s (SO), 61 GB/s (SU), 181.918 us, 11077728 bytes | reduce: 943 GB/s, 5.424 us
   + EP:  15/16 | reduced combine: 18 GB/s (SO), 64 GB/s (SU), 180.558 us, 11523136 bytes | reduce: 916 GB/s, 5.300 us
   + EP:  11/16 | reduced combine: 18 GB/s (SO), 60 GB/s (SU), 182.532 us, 10934048 bytes | reduce: 928 GB/s, 5.417 us
   + EP:  14/16 | reduced combine: 17 GB/s (SO), 63 GB/s (SU), 188.169 us, 11824864 bytes | reduce: 921 GB/s, 5.334 us


