=== EP_NIC_NAME=rdmap101s0 (auto, 400 Gb/s) ===
=== NCCL_IB_HCA=rdmap (auto: non-EFA ibverbs device ibp198s0f0 present) ===
=== GIN: NCCL_GIN_TYPE=5 NCCL_SYM_GIN_KERNELS_ENABLE=0 ===
=== PREFER_OVERLAP=0 (--prefer-overlap-with-compute) ===
=== IMAGE=deepep-v2-efa-official:sm103-bfbdd15  DeepEP=bfbdd15ff448783f877cb2210cb3246c8452b05e ===
+ docker run --rm --init --gpus all --privileged --network=host --ipc=host --ulimit memlock=-1 --ulimit stack=67108864 --device=/dev/infiniband --device=/dev/gdrdrv -v /sys/class/infiniband:/sys/class/infiniband:ro -e MASTER_ADDR=172.31.30.164 -e MASTER_PORT=8621 -e WORLD_SIZE=2 -e RANK=0 -e NCCL_DEBUG=WARN -e EP_NIC_NAME=rdmap101s0 -e NCCL_IB_HCA=rdmap -e NCCL_GIN_TYPE=5 -e NCCL_SYM_GIN_KERNELS_ENABLE=0 -e EP_MIN_TOKENS_PER_PART=1 -e PYTHONUNBUFFERED=1 -e PYTHONFAULTHANDLER=1 deepep-v2-efa-official:sm103-bfbdd15 bash -lc 'timeout -s ABRT --kill-after=60 1800     python3 -u /opt/DeepEP/tests/elastic/test_ep.py     --num-processes=8 --num-tokens=128     --hidden=7168 --num-topk=8 --num-experts=256     --num-sms=12 --allow-hybrid-mode=1     --prefer-overlap-with-compute=0 --test-first-only      '

==========
== CUDA ==
==========

CUDA Version 13.3.1

Container image Copyright (c) 2016-2023, NVIDIA CORPORATION & AFFILIATES. All rights reserved.

This container image and its contents are governed by the NVIDIA Deep Learning Container License.
By pulling and using the container, you accept the terms and conditions of this license:
https://developer.nvidia.com/ngc/nvidia-deep-learning-container-license

A copy of this license is made available in this container at /NGC-DL-CONTAINER-LICENSE for your convenience.

NCCL version 2.31.2+cuda13.3
DeepEP hybrid kernel selection: unordered
DeepEP hybrid kernel selection: unordered
DeepEP hybrid kernel selection: unordered
DeepEP hybrid kernel selection: unordered
DeepEP hybrid kernel selection: unordered
DeepEP hybrid kernel selection: unordered
DeepEP hybrid kernel selection: unordered
DeepEP hybrid kernel selection: unordered
DeepEP hybrid kernel selection: unordered
DeepEP hybrid kernel selection: unordered
DeepEP hybrid kernel selection: unordered
DeepEP hybrid kernel selection: unordered
DeepEP hybrid kernel selection: unordered
DeepEP hybrid kernel selection: unordered
DeepEP hybrid kernel selection: unordered
DeepEP hybrid kernel selection: unordered
Config:
 > Ranks: 2 x 8
 > Experts: 8/256
 > Tokens: 128 (max: 128), hidden: 7168
 > #SM: 12, #QPs: 11/11

Running all test cases:
 > Testing with do_handle_copy=1, expert_alignment=128, use_fp8_dispatch=1, num_bias=0, with_previous_event=0, async_with_compute_stream=0, allocate_on_comm_stream=0 ...
USDT:2026-09-04 04:22:33 490:490 SyncActivityProfilerHandler.cpp:52] profiler_startUSDT:2026-09-04 04:22:33 491:491 SyncActivityProfilerHandler.cpp:52] profiler_startUSDT:2026-09-04 04:22:33 492:492 SyncActivityProfilerHandler.cpp:52] profiler_startUSDT:2026-09-04 04:22:33 494:494 SyncActivityProfilerHandler.cpp:52] profiler_startUSDT:2026-09-04 04:22:33 488:488 SyncActivityProfilerHandler.cpp:52] profiler_startUSDT:2026-09-04 04:22:33 489:489 SyncActivityProfilerHandler.cpp:52] profiler_startUSDT:2026-09-04 04:22:33 487:487 SyncActivityProfilerHandler.cpp:52] profiler_start
USDT:2026-09-04 04:22:33 493:493 SyncActivityProfilerHandler.cpp:52] profiler_start






USDT:2026-09-04 04:22:33 488:488 SyncActivityProfilerHandler.cpp:59] profiler_stopUSDT:2026-09-04 04:22:33 489:489 SyncActivityProfilerHandler.cpp:59] profiler_stopUSDT:2026-09-04 04:22:33 494:494 SyncActivityProfilerHandler.cpp:59] profiler_stopUSDT:2026-09-04 04:22:33 491:491 SyncActivityProfilerHandler.cpp:59] profiler_stopUSDT:2026-09-04 04:22:33 492:492 SyncActivityProfilerHandler.cpp:59] profiler_stopUSDT:2026-09-04 04:22:33 490:490 SyncActivityProfilerHandler.cpp:59] profiler_stop
USDT:2026-09-04 04:22:33 487:487 SyncActivityProfilerHandler.cpp:59] profiler_stop



USDT:2026-09-04 04:22:33 493:493 SyncActivityProfilerHandler.cpp:59] profiler_stop


   * EP:   7/16 | dispatch: 6 GB/s (SO), 20 GB/s (SU), 296.224 us, 5937984 bytes | copy: 207 GB/s, 57.450 us
   * EP:   2/16 | dispatch: 6 GB/s (SO), 20 GB/s (SU), 295.781 us, 5840640 bytes | copy: 433 GB/s, 26.969 us
   * EP:   1/16 | dispatch: 6 GB/s (SO), 19 GB/s (SU), 296.260 us, 5720832 bytes | copy: 202 GB/s, 56.675 us
   * EP:   4/16 | dispatch: 6 GB/s (SO), 19 GB/s (SU), 296.313 us, 5623488 bytes | copy: 270 GB/s, 41.591 us
   * EP:   6/16 | dispatch: 6 GB/s (SO), 20 GB/s (SU), 295.685 us, 5937984 bytes | copy: 315 GB/s, 37.723 us
   * EP:   5/16 | dispatch: 6 GB/s (SO), 19 GB/s (SU), 295.870 us, 5705856 bytes | copy: 432 GB/s, 26.427 us
   * EP:   3/16 | dispatch: 6 GB/s (SO), 20 GB/s (SU), 296.225 us, 5855616 bytes | copy: 255 GB/s, 45.845 us
   * EP:   0/16 | dispatch: 6 GB/s (SO), 19 GB/s (SU), 295.498 us, 5750784 bytes | copy: 1207 GB/s, 9.531 us
USDT:2026-09-04 04:22:34 491:491 SyncActivityProfilerHandler.cpp:52] profiler_startUSDT:2026-09-04 04:22:34 494:494 SyncActivityProfilerHandler.cpp:52] profiler_startUSDT:2026-09-04 04:22:34 488:488 SyncActivityProfilerHandler.cpp:52] profiler_startUSDT:2026-09-04 04:22:34 489:489 SyncActivityProfilerHandler.cpp:52] profiler_startUSDT:2026-09-04 04:22:34 493:493 SyncActivityProfilerHandler.cpp:52] profiler_startUSDT:2026-09-04 04:22:34 490:490 SyncActivityProfilerHandler.cpp:52] profiler_startUSDT:2026-09-04 04:22:34 487:487 SyncActivityProfilerHandler.cpp:52] profiler_start

USDT:2026-09-04 04:22:34 492:492 SyncActivityProfilerHandler.cpp:52] profiler_start





USDT:2026-09-04 04:22:34 489:489 SyncActivityProfilerHandler.cpp:59] profiler_stopUSDT:2026-09-04 04:22:34 492:492 SyncActivityProfilerHandler.cpp:59] profiler_stop
USDT:2026-09-04 04:22:34 491:491 SyncActivityProfilerHandler.cpp:59] profiler_stop
USDT:2026-09-04 04:22:34 490:490 SyncActivityProfilerHandler.cpp:59] profiler_stopUSDT:2026-09-04 04:22:34 494:494 SyncActivityProfilerHandler.cpp:59] profiler_stopUSDT:2026-09-04 04:22:34 487:487 SyncActivityProfilerHandler.cpp:59] profiler_stop

USDT:2026-09-04 04:22:34 488:488 SyncActivityProfilerHandler.cpp:59] profiler_stop

USDT:2026-09-04 04:22:34 493:493 SyncActivityProfilerHandler.cpp:59] profiler_stop

   - EP:   4/16 | expanded dispatch: 6 GB/s (SO), 19 GB/s (SU), 296.339 us, 5623488 bytes | copy: 488 GB/s, 41.935 us
   - EP:   3/16 | expanded dispatch: 6 GB/s (SO), 20 GB/s (SU), 295.720 us, 5855616 bytes | copy: 416 GB/s, 49.642 us
   - EP:   7/16 | expanded dispatch: 6 GB/s (SO), 20 GB/s (SU), 295.881 us, 5937984 bytes | copy: 361 GB/s, 57.402 us
   - EP:   2/16 | expanded dispatch: 6 GB/s (SO), 20 GB/s (SU), 295.587 us, 5840640 bytes | copy: 863 GB/s, 23.976 us
   - EP:   0/16 | expanded dispatch: 6 GB/s (SO), 19 GB/s (SU), 295.292 us, 5750784 bytes | copy: 1947 GB/s, 10.575 us
   - EP:   5/16 | expanded dispatch: 6 GB/s (SO), 19 GB/s (SU), 295.349 us, 5705856 bytes | copy: 754 GB/s, 27.228 us
   - EP:   1/16 | expanded dispatch: 6 GB/s (SO), 19 GB/s (SU), 295.556 us, 5720832 bytes | copy: 349 GB/s, 58.826 us
   - EP:   6/16 | expanded dispatch: 6 GB/s (SO), 20 GB/s (SU), 295.122 us, 5937984 bytes | copy: 548 GB/s, 38.013 us
USDT:2026-09-04 04:22:34 490:490 SyncActivityProfilerHandler.cpp:52] profiler_startUSDT:2026-09-04 04:22:34 491:491 SyncActivityProfilerHandler.cpp:52] profiler_startUSDT:2026-09-04 04:22:34 489:489 SyncActivityProfilerHandler.cpp:52] profiler_start
USDT:2026-09-04 04:22:34 487:487 SyncActivityProfilerHandler.cpp:52] profiler_start
USDT:2026-09-04 04:22:34 488:488 SyncActivityProfilerHandler.cpp:52] profiler_startUSDT:2026-09-04 04:22:34 494:494 SyncActivityProfilerHandler.cpp:52] profiler_startUSDT:2026-09-04 04:22:34 492:492 SyncActivityProfilerHandler.cpp:52] profiler_startUSDT:2026-09-04 04:22:34 493:493 SyncActivityProfilerHandler.cpp:52] profiler_start





USDT:2026-09-04 04:22:35 489:489 SyncActivityProfilerHandler.cpp:59] profiler_stopUSDT:2026-09-04 04:22:35 492:492 SyncActivityProfilerHandler.cpp:59] profiler_stopUSDT:2026-09-04 04:22:35 493:493 SyncActivityProfilerHandler.cpp:59] profiler_stop
USDT:2026-09-04 04:22:35 490:490 SyncActivityProfilerHandler.cpp:59] profiler_stopUSDT:2026-09-04 04:22:35 488:488 SyncActivityProfilerHandler.cpp:59] profiler_stop


USDT:2026-09-04 04:22:35 491:491 SyncActivityProfilerHandler.cpp:59] profiler_stopUSDT:2026-09-04 04:22:35 487:487 SyncActivityProfilerHandler.cpp:59] profiler_stop
USDT:2026-09-04 04:22:35 494:494 SyncActivityProfilerHandler.cpp:59] profiler_stop


   # EP:   1/16 | cached dispatch: 7 GB/s (SO), 20 GB/s (SU), 280.492 us, 5720832 bytes | copy: 240 GB/s, 47.656 us
   # EP:   5/16 | cached dispatch: 7 GB/s (SO), 20 GB/s (SU), 279.857 us, 5705856 bytes | copy: 507 GB/s, 22.488 us
   # EP:   7/16 | cached dispatch: 6 GB/s (SO), 21 GB/s (SU), 280.697 us, 5937984 bytes | copy: 280 GB/s, 42.398 us
   # EP:   0/16 | cached dispatch: 7 GB/s (SO), 20 GB/s (SU), 281.657 us, 5750784 bytes | copy: 1607 GB/s, 7.158 us
   # EP:   2/16 | cached dispatch: 7 GB/s (SO), 21 GB/s (SU), 280.308 us, 5840640 bytes | copy: 595 GB/s, 19.619 us
   # EP:   6/16 | cached dispatch: 6 GB/s (SO), 21 GB/s (SU), 280.093 us, 5937984 bytes | copy: 415 GB/s, 28.596 us
   # EP:   4/16 | cached dispatch: 7 GB/s (SO), 20 GB/s (SU), 281.308 us, 5623488 bytes | copy: 312 GB/s, 36.052 us
   # EP:   3/16 | cached dispatch: 7 GB/s (SO), 21 GB/s (SU), 281.004 us, 5855616 bytes | copy: 329 GB/s, 35.615 us
USDT:2026-09-04 04:22:35 492:492 SyncActivityProfilerHandler.cpp:52] profiler_startUSDT:2026-09-04 04:22:35 490:490 SyncActivityProfilerHandler.cpp:52] profiler_startUSDT:2026-09-04 04:22:35 489:489 SyncActivityProfilerHandler.cpp:52] profiler_start


USDT:2026-09-04 04:22:35 491:491 SyncActivityProfilerHandler.cpp:52] profiler_startUSDT:2026-09-04 04:22:35 494:494 SyncActivityProfilerHandler.cpp:52] profiler_startUSDT:2026-09-04 04:22:35 493:493 SyncActivityProfilerHandler.cpp:52] profiler_start


USDT:2026-09-04 04:22:35 488:488 SyncActivityProfilerHandler.cpp:52] profiler_start
USDT:2026-09-04 04:22:35 487:487 SyncActivityProfilerHandler.cpp:52] profiler_start
USDT:2026-09-04 04:22:36 492:492 SyncActivityProfilerHandler.cpp:59] profiler_stop
USDT:2026-09-04 04:22:36 493:493 SyncActivityProfilerHandler.cpp:59] profiler_stopUSDT:2026-09-04 04:22:36 490:490 SyncActivityProfilerHandler.cpp:59] profiler_stopUSDT:2026-09-04 04:22:36 488:488 SyncActivityProfilerHandler.cpp:59] profiler_stopUSDT:2026-09-04 04:22:36 491:491 SyncActivityProfilerHandler.cpp:59] profiler_stopUSDT:2026-09-04 04:22:36 494:494 SyncActivityProfilerHandler.cpp:59] profiler_stop
USDT:2026-09-04 04:22:36 489:489 SyncActivityProfilerHandler.cpp:59] profiler_stop



USDT:2026-09-04 04:22:36 487:487 SyncActivityProfilerHandler.cpp:59] profiler_stop

   @ EP:   5/16 | combine: 22 GB/s (SO), 68 GB/s (SU), 160.249 us, 10948416 bytes | reduce: 964 GB/s, 5.483 us
   @ EP:   4/16 | combine: 21 GB/s (SO), 64 GB/s (SU), 168.073 us, 10790368 bytes | reduce: 994 GB/s, 5.348 us
   @ EP:   3/16 | combine: 22 GB/s (SO), 68 GB/s (SU), 166.379 us, 11235776 bytes | reduce: 979 GB/s, 5.503 us
   @ EP:   2/16 | combine: 22 GB/s (SO), 67 GB/s (SU), 166.513 us, 11207040 bytes | reduce: 1008 GB/s, 5.388 us
   @ EP:   6/16 | combine: 21 GB/s (SO), 69 GB/s (SU), 166.128 us, 11393824 bytes | reduce: 954 GB/s, 5.467 us
   @ EP:   7/16 | combine: 21 GB/s (SO), 70 GB/s (SU), 163.416 us, 11393824 bytes | reduce: 956 GB/s, 5.455 us
   @ EP:   0/16 | combine: 21 GB/s (SO), 63 GB/s (SU), 175.582 us, 11034624 bytes | reduce: 1026 GB/s, 5.362 us
   @ EP:   1/16 | combine: 23 GB/s (SO), 71 GB/s (SU), 155.398 us, 10977152 bytes | reduce: 1006 GB/s, 5.444 us
USDT:2026-09-04 04:22:36 492:492 SyncActivityProfilerHandler.cpp:52] profiler_startUSDT:2026-09-04 04:22:36 488:488 SyncActivityProfilerHandler.cpp:52] profiler_start

USDT:2026-09-04 04:22:36 494:494 SyncActivityProfilerHandler.cpp:52] profiler_startUSDT:2026-09-04 04:22:36 489:489 SyncActivityProfilerHandler.cpp:52] profiler_startUSDT:2026-09-04 04:22:36 491:491 SyncActivityProfilerHandler.cpp:52] profiler_start


USDT:2026-09-04 04:22:36 490:490 SyncActivityProfilerHandler.cpp:52] profiler_start
USDT:2026-09-04 04:22:36 493:493 SyncActivityProfilerHandler.cpp:52] profiler_start
USDT:2026-09-04 04:22:36 487:487 SyncActivityProfilerHandler.cpp:52] profiler_start
USDT:2026-09-04 04:22:36 488:488 SyncActivityProfilerHandler.cpp:59] profiler_stop
USDT:2026-09-04 04:22:36 491:491 SyncActivityProfilerHandler.cpp:59] profiler_stop
USDT:2026-09-04 04:22:36 494:494 SyncActivityProfilerHandler.cpp:59] profiler_stopUSDT:2026-09-04 04:22:36 490:490 SyncActivityProfilerHandler.cpp:59] profiler_stopUSDT:2026-09-04 04:22:36 489:489 SyncActivityProfilerHandler.cpp:59] profiler_stop

USDT:2026-09-04 04:22:36 492:492 SyncActivityProfilerHandler.cpp:59] profiler_stop
USDT:2026-09-04 04:22:36 487:487 SyncActivityProfilerHandler.cpp:59] profiler_stop

USDT:2026-09-04 04:22:36 493:493 SyncActivityProfilerHandler.cpp:59] profiler_stop
   + EP:   4/16 | reduced combine: 19 GB/s (SO), 58 GB/s (SU), 186.485 us, 10790368 bytes | reduce: 966 GB/s, 5.505 us
   + EP:   1/16 | reduced combine: 21 GB/s (SO), 62 GB/s (SU), 176.822 us, 10977152 bytes | reduce: 1015 GB/s, 5.391 us
   + EP:   2/16 | reduced combine: 20 GB/s (SO), 61 GB/s (SU), 184.750 us, 11207040 bytes | reduce: 1019 GB/s, 5.331 us
   + EP:   3/16 | reduced combine: 19 GB/s (SO), 61 GB/s (SU), 184.911 us, 11235776 bytes | reduce: 988 GB/s, 5.456 us
   + EP:   6/16 | reduced combine: 19 GB/s (SO), 61 GB/s (SU), 185.414 us, 11393824 bytes | reduce: 955 GB/s, 5.463 us
   + EP:   5/16 | reduced combine: 19 GB/s (SO), 61 GB/s (SU), 180.559 us, 10948416 bytes | reduce: 995 GB/s, 5.312 us
   + EP:   7/16 | reduced combine: 19 GB/s (SO), 63 GB/s (SU), 181.746 us, 11393824 bytes | reduce: 967 GB/s, 5.394 us
   + EP:   0/16 | reduced combine: 19 GB/s (SO), 56 GB/s (SU), 195.713 us, 11034624 bytes | reduce: 1025 GB/s, 5.368 us


