=== EP_NIC_NAME=rdmap101s0 (auto, 400 Gb/s) ===
=== NCCL_IB_HCA=rdmap (auto: non-EFA ibverbs device ibp198s0f0 present) ===
=== GIN: NCCL_GIN_TYPE=5 NCCL_SYM_GIN_KERNELS_ENABLE=0 ===
=== PREFER_OVERLAP=0 (--prefer-overlap-with-compute) ===
=== IMAGE=deepep-v2-efa-official:sm103-bfbdd15  DeepEP=bfbdd15ff448783f877cb2210cb3246c8452b05e ===
+ docker run --rm --init --gpus all --privileged --network=host --ipc=host --ulimit memlock=-1 --ulimit stack=67108864 --device=/dev/infiniband --device=/dev/gdrdrv -v /sys/class/infiniband:/sys/class/infiniband:ro -e MASTER_ADDR=172.31.30.164 -e MASTER_PORT=8619 -e WORLD_SIZE=2 -e RANK=0 -e NCCL_DEBUG=WARN -e EP_NIC_NAME=rdmap101s0 -e NCCL_IB_HCA=rdmap -e NCCL_GIN_TYPE=5 -e NCCL_SYM_GIN_KERNELS_ENABLE=0 -e PYTHONUNBUFFERED=1 -e PYTHONFAULTHANDLER=1 deepep-v2-efa-official:sm103-bfbdd15 bash -lc 'timeout -s ABRT --kill-after=60 1800     python3 -u /opt/DeepEP/tests/elastic/test_ep.py     --num-processes=8 --num-tokens=8192     --hidden=7168 --num-topk=8 --num-experts=256     --num-sms=12 --allow-hybrid-mode=1     --prefer-overlap-with-compute=0 --test-first-only      '

==========
== CUDA ==
==========

CUDA Version 13.3.1

Container image Copyright (c) 2016-2023, NVIDIA CORPORATION & AFFILIATES. All rights reserved.

This container image and its contents are governed by the NVIDIA Deep Learning Container License.
By pulling and using the container, you accept the terms and conditions of this license:
https://developer.nvidia.com/ngc/nvidia-deep-learning-container-license

A copy of this license is made available in this container at /NGC-DL-CONTAINER-LICENSE for your convenience.

NCCL version 2.31.2+cuda13.3
DeepEP hybrid kernel selection: unordered
DeepEP hybrid kernel selection: unordered
DeepEP hybrid kernel selection: unordered
DeepEP hybrid kernel selection: unordered
DeepEP hybrid kernel selection: unordered
DeepEP hybrid kernel selection: unordered
DeepEP hybrid kernel selection: unordered
DeepEP hybrid kernel selection: unordered
DeepEP hybrid kernel selection: unordered
DeepEP hybrid kernel selection: unordered
DeepEP hybrid kernel selection: unordered
DeepEP hybrid kernel selection: unordered
DeepEP hybrid kernel selection: unordered
DeepEP hybrid kernel selection: unordered
DeepEP hybrid kernel selection: unordered
DeepEP hybrid kernel selection: unordered
Config:
 > Ranks: 2 x 8
 > Experts: 8/256
 > Tokens: 8192 (max: 8192), hidden: 7168
 > #SM: 12, #QPs: 11/11

Running all test cases:
 > Testing with do_handle_copy=1, expert_alignment=128, use_fp8_dispatch=1, num_bias=0, with_previous_event=0, async_with_compute_stream=0, allocate_on_comm_stream=0 ...
USDT:2026-09-04 04:16:54 486:486 SyncActivityProfilerHandler.cpp:52] profiler_startUSDT:2026-09-04 04:16:54 488:488 SyncActivityProfilerHandler.cpp:52] profiler_startUSDT:2026-09-04 04:16:54 490:490 SyncActivityProfilerHandler.cpp:52] profiler_startUSDT:2026-09-04 04:16:54 491:491 SyncActivityProfilerHandler.cpp:52] profiler_startUSDT:2026-09-04 04:16:54 492:492 SyncActivityProfilerHandler.cpp:52] profiler_start




USDT:2026-09-04 04:16:54 487:487 SyncActivityProfilerHandler.cpp:52] profiler_startUSDT:2026-09-04 04:16:54 493:493 SyncActivityProfilerHandler.cpp:52] profiler_start
USDT:2026-09-04 04:16:54 489:489 SyncActivityProfilerHandler.cpp:52] profiler_start

USDT:2026-09-04 04:16:54 488:488 SyncActivityProfilerHandler.cpp:59] profiler_stopUSDT:2026-09-04 04:16:54 486:486 SyncActivityProfilerHandler.cpp:59] profiler_stopUSDT:2026-09-04 04:16:54 493:493 SyncActivityProfilerHandler.cpp:59] profiler_stopUSDT:2026-09-04 04:16:54 491:491 SyncActivityProfilerHandler.cpp:59] profiler_stopUSDT:2026-09-04 04:16:54 487:487 SyncActivityProfilerHandler.cpp:59] profiler_stopUSDT:2026-09-04 04:16:54 490:490 SyncActivityProfilerHandler.cpp:59] profiler_stop

USDT:2026-09-04 04:16:54 489:489 SyncActivityProfilerHandler.cpp:59] profiler_stopUSDT:2026-09-04 04:16:54 492:492 SyncActivityProfilerHandler.cpp:59] profiler_stop





   * EP:   2/16 | dispatch: 116 GB/s (SO), 378 GB/s (SU), 1057.000 us, 399746880 bytes | copy: 4975 GB/s, 160.716 us
   * EP:   7/16 | dispatch: 116 GB/s (SO), 378 GB/s (SU), 1058.000 us, 399904128 bytes | copy: 4448 GB/s, 179.832 us
   * EP:   0/16 | dispatch: 116 GB/s (SO), 375 GB/s (SU), 1056.000 us, 396212544 bytes | copy: 5457 GB/s, 145.204 us
   * EP:   3/16 | dispatch: 116 GB/s (SO), 379 GB/s (SU), 1058.000 us, 400982400 bytes | copy: 4609 GB/s, 173.995 us
   * EP:   6/16 | dispatch: 116 GB/s (SO), 376 GB/s (SU), 1057.000 us, 397433088 bytes | copy: 5378 GB/s, 147.806 us
   * EP:   4/16 | dispatch: 116 GB/s (SO), 379 GB/s (SU), 1058.000 us, 400593024 bytes | copy: 4751 GB/s, 168.629 us
   * EP:   1/16 | dispatch: 116 GB/s (SO), 378 GB/s (SU), 1058.000 us, 400158720 bytes | copy: 4249 GB/s, 188.370 us
   * EP:   5/16 | dispatch: 116 GB/s (SO), 380 GB/s (SU), 1057.000 us, 401401728 bytes | copy: 4999 GB/s, 160.588 us
USDT:2026-09-04 04:16:55 488:488 SyncActivityProfilerHandler.cpp:52] profiler_startUSDT:2026-09-04 04:16:55 491:491 SyncActivityProfilerHandler.cpp:52] profiler_startUSDT:2026-09-04 04:16:55 493:493 SyncActivityProfilerHandler.cpp:52] profiler_startUSDT:2026-09-04 04:16:55 489:489 SyncActivityProfilerHandler.cpp:52] profiler_startUSDT:2026-09-04 04:16:55 490:490 SyncActivityProfilerHandler.cpp:52] profiler_start
USDT:2026-09-04 04:16:55 486:486 SyncActivityProfilerHandler.cpp:52] profiler_startUSDT:2026-09-04 04:16:55 487:487 SyncActivityProfilerHandler.cpp:52] profiler_start
USDT:2026-09-04 04:16:55 492:492 SyncActivityProfilerHandler.cpp:52] profiler_start





USDT:2026-09-04 04:16:55 491:491 SyncActivityProfilerHandler.cpp:59] profiler_stopUSDT:2026-09-04 04:16:55 490:490 SyncActivityProfilerHandler.cpp:59] profiler_stopUSDT:2026-09-04 04:16:55 488:488 SyncActivityProfilerHandler.cpp:59] profiler_stopUSDT:2026-09-04 04:16:55 486:486 SyncActivityProfilerHandler.cpp:59] profiler_stopUSDT:2026-09-04 04:16:55 489:489 SyncActivityProfilerHandler.cpp:59] profiler_stop




USDT:2026-09-04 04:16:55 492:492 SyncActivityProfilerHandler.cpp:59] profiler_stop
USDT:2026-09-04 04:16:55 487:487 SyncActivityProfilerHandler.cpp:59] profiler_stop
USDT:2026-09-04 04:16:55 493:493 SyncActivityProfilerHandler.cpp:59] profiler_stop
   - EP:   3/16 | expanded dispatch: 115 GB/s (SO), 378 GB/s (SU), 1062.000 us, 400982400 bytes | copy: 4271 GB/s, 211.496 us
   - EP:   2/16 | expanded dispatch: 115 GB/s (SO), 377 GB/s (SU), 1061.000 us, 399746880 bytes | copy: 4478 GB/s, 200.776 us
   - EP:   5/16 | expanded dispatch: 115 GB/s (SO), 378 GB/s (SU), 1061.000 us, 401401728 bytes | copy: 4488 GB/s, 200.976 us
   - EP:   0/16 | expanded dispatch: 115 GB/s (SO), 374 GB/s (SU), 1060.000 us, 396212544 bytes | copy: 4780 GB/s, 186.004 us
   - EP:   6/16 | expanded dispatch: 115 GB/s (SO), 375 GB/s (SU), 1061.000 us, 397433088 bytes | copy: 4863 GB/s, 184.041 us
   - EP:   4/16 | expanded dispatch: 115 GB/s (SO), 377 GB/s (SU), 1062.000 us, 400593024 bytes | copy: 4366 GB/s, 206.153 us
   - EP:   7/16 | expanded dispatch: 115 GB/s (SO), 376 GB/s (SU), 1063.000 us, 399904128 bytes | copy: 4191 GB/s, 214.536 us
   - EP:   1/16 | expanded dispatch: 115 GB/s (SO), 377 GB/s (SU), 1062.000 us, 400158720 bytes | copy: 4008 GB/s, 224.373 us
USDT:2026-09-04 04:16:55 493:493 SyncActivityProfilerHandler.cpp:52] profiler_startUSDT:2026-09-04 04:16:55 488:488 SyncActivityProfilerHandler.cpp:52] profiler_startUSDT:2026-09-04 04:16:55 486:486 SyncActivityProfilerHandler.cpp:52] profiler_startUSDT:2026-09-04 04:16:55 491:491 SyncActivityProfilerHandler.cpp:52] profiler_startUSDT:2026-09-04 04:16:55 489:489 SyncActivityProfilerHandler.cpp:52] profiler_start



USDT:2026-09-04 04:16:55 492:492 SyncActivityProfilerHandler.cpp:52] profiler_startUSDT:2026-09-04 04:16:55 490:490 SyncActivityProfilerHandler.cpp:52] profiler_start


USDT:2026-09-04 04:16:55 487:487 SyncActivityProfilerHandler.cpp:52] profiler_start
USDT:2026-09-04 04:16:56 489:489 SyncActivityProfilerHandler.cpp:59] profiler_stopUSDT:2026-09-04 04:16:56 490:490 SyncActivityProfilerHandler.cpp:59] profiler_stop
USDT:2026-09-04 04:16:56 491:491 SyncActivityProfilerHandler.cpp:59] profiler_stop
USDT:2026-09-04 04:16:56 488:488 SyncActivityProfilerHandler.cpp:59] profiler_stop

USDT:2026-09-04 04:16:56 493:493 SyncActivityProfilerHandler.cpp:59] profiler_stopUSDT:2026-09-04 04:16:56 486:486 SyncActivityProfilerHandler.cpp:59] profiler_stop

USDT:2026-09-04 04:16:56 492:492 SyncActivityProfilerHandler.cpp:59] profiler_stop
USDT:2026-09-04 04:16:56 487:487 SyncActivityProfilerHandler.cpp:59] profiler_stop
   # EP:   0/16 | cached dispatch: 118 GB/s (SO), 384 GB/s (SU), 1033.000 us, 396212544 bytes | copy: 5542 GB/s, 142.973 us
   # EP:   3/16 | cached dispatch: 118 GB/s (SO), 388 GB/s (SU), 1034.000 us, 400982400 bytes | copy: 4889 GB/s, 164.042 us
   # EP:   2/16 | cached dispatch: 118 GB/s (SO), 387 GB/s (SU), 1033.000 us, 399746880 bytes | copy: 5306 GB/s, 150.670 us
   # EP:   5/16 | cached dispatch: 118 GB/s (SO), 389 GB/s (SU), 1033.000 us, 401401728 bytes | copy: 5314 GB/s, 151.076 us
   # EP:   7/16 | cached dispatch: 118 GB/s (SO), 387 GB/s (SU), 1034.000 us, 399904128 bytes | copy: 4879 GB/s, 163.944 us
   # EP:   4/16 | cached dispatch: 118 GB/s (SO), 387 GB/s (SU), 1034.000 us, 400593024 bytes | copy: 4964 GB/s, 161.414 us
   # EP:   6/16 | cached dispatch: 118 GB/s (SO), 385 GB/s (SU), 1033.000 us, 397433088 bytes | copy: 5547 GB/s, 143.284 us
   # EP:   1/16 | cached dispatch: 118 GB/s (SO), 387 GB/s (SU), 1034.000 us, 400158720 bytes | copy: 4580 GB/s, 174.732 us
USDT:2026-09-04 04:16:57 490:490 SyncActivityProfilerHandler.cpp:52] profiler_start
USDT:2026-09-04 04:16:57 489:489 SyncActivityProfilerHandler.cpp:52] profiler_start
USDT:2026-09-04 04:16:57 486:486 SyncActivityProfilerHandler.cpp:52] profiler_startUSDT:2026-09-04 04:16:57 487:487 SyncActivityProfilerHandler.cpp:52] profiler_start
USDT:2026-09-04 04:16:57 488:488 SyncActivityProfilerHandler.cpp:52] profiler_start

USDT:2026-09-04 04:16:57 492:492 SyncActivityProfilerHandler.cpp:52] profiler_start
USDT:2026-09-04 04:16:57 493:493 SyncActivityProfilerHandler.cpp:52] profiler_start
USDT:2026-09-04 04:16:57 491:491 SyncActivityProfilerHandler.cpp:52] profiler_start
USDT:2026-09-04 04:16:57 489:489 SyncActivityProfilerHandler.cpp:59] profiler_stop
USDT:2026-09-04 04:16:57 486:486 SyncActivityProfilerHandler.cpp:59] profiler_stopUSDT:2026-09-04 04:16:57 487:487 SyncActivityProfilerHandler.cpp:59] profiler_stop

USDT:2026-09-04 04:16:57 488:488 SyncActivityProfilerHandler.cpp:59] profiler_stop
USDT:2026-09-04 04:16:57 493:493 SyncActivityProfilerHandler.cpp:59] profiler_stopUSDT:2026-09-04 04:16:57 492:492 SyncActivityProfilerHandler.cpp:59] profiler_stop

USDT:2026-09-04 04:16:57 490:490 SyncActivityProfilerHandler.cpp:59] profiler_stopUSDT:2026-09-04 04:16:57 491:491 SyncActivityProfilerHandler.cpp:59] profiler_stop

   @ EP:   7/16 | combine: 79 GB/s (SO), 260 GB/s (SU), 2951.000 us, 767337408 bytes | reduce: 5287 GB/s, 66.607 us   @ EP:   6/16 | combine: 80 GB/s (SO), 262 GB/s (SU), 2912.000 us, 762595968 bytes | reduce: 5288 GB/s, 66.549 us

   @ EP:   2/16 | combine: 81 GB/s (SO), 264 GB/s (SU), 2906.000 us, 767035680 bytes | reduce: 5298 GB/s, 66.494 us
   @ EP:   5/16 | combine: 80 GB/s (SO), 262 GB/s (SU), 2944.000 us, 770211008 bytes | reduce: 5305 GB/s, 66.362 us
   @ EP:   0/16 | combine: 81 GB/s (SO), 263 GB/s (SU), 2891.000 us, 760253984 bytes | reduce: 5280 GB/s, 66.739 us
   @ EP:   4/16 | combine: 82 GB/s (SO), 267 GB/s (SU), 2875.000 us, 768659264 bytes | reduce: 5274 GB/s, 66.790 us
   @ EP:   3/16 | combine: 82 GB/s (SO), 268 GB/s (SU), 2869.000 us, 769406400 bytes | reduce: 5287 GB/s, 66.651 us
   @ EP:   1/16 | combine: 81 GB/s (SO), 266 GB/s (SU), 2888.000 us, 767825920 bytes | reduce: 5305 GB/s, 66.414 us
USDT:2026-09-04 04:16:57 487:487 SyncActivityProfilerHandler.cpp:52] profiler_start
USDT:2026-09-04 04:16:57 486:486 SyncActivityProfilerHandler.cpp:52] profiler_start
USDT:2026-09-04 04:16:57 488:488 SyncActivityProfilerHandler.cpp:52] profiler_start
USDT:2026-09-04 04:16:57 493:493 SyncActivityProfilerHandler.cpp:52] profiler_startUSDT:2026-09-04 04:16:57 490:490 SyncActivityProfilerHandler.cpp:52] profiler_start

USDT:2026-09-04 04:16:57 491:491 SyncActivityProfilerHandler.cpp:52] profiler_start
USDT:2026-09-04 04:16:57 492:492 SyncActivityProfilerHandler.cpp:52] profiler_start
USDT:2026-09-04 04:16:57 489:489 SyncActivityProfilerHandler.cpp:52] profiler_start
USDT:2026-09-04 04:16:58 486:486 SyncActivityProfilerHandler.cpp:59] profiler_stopUSDT:2026-09-04 04:16:58 487:487 SyncActivityProfilerHandler.cpp:59] profiler_stop

USDT:2026-09-04 04:16:58 488:488 SyncActivityProfilerHandler.cpp:59] profiler_stop
USDT:2026-09-04 04:16:58 493:493 SyncActivityProfilerHandler.cpp:59] profiler_stop
USDT:2026-09-04 04:16:58 491:491 SyncActivityProfilerHandler.cpp:59] profiler_stop
USDT:2026-09-04 04:16:58 492:492 SyncActivityProfilerHandler.cpp:59] profiler_stop
USDT:2026-09-04 04:16:58 490:490 SyncActivityProfilerHandler.cpp:59] profiler_stop
USDT:2026-09-04 04:16:58 489:489 SyncActivityProfilerHandler.cpp:59] profiler_stop
   + EP:   7/16 | reduced combine: 62 GB/s (SO), 203 GB/s (SU), 3786.000 us, 767337408 bytes | reduce: 5281 GB/s, 66.686 us
   + EP:   3/16 | reduced combine: 62 GB/s (SO), 202 GB/s (SU), 3805.000 us, 769406400 bytes | reduce: 5309 GB/s, 66.381 us
   + EP:   2/16 | reduced combine: 63 GB/s (SO), 204 GB/s (SU), 3754.000 us, 767035680 bytes | reduce: 5316 GB/s, 66.275 us
   + EP:   4/16 | reduced combine: 62 GB/s (SO), 203 GB/s (SU), 3784.000 us, 768659264 bytes | reduce: 5282 GB/s, 66.682 us
   + EP:   6/16 | reduced combine: 62 GB/s (SO), 201 GB/s (SU), 3790.000 us, 762595968 bytes | reduce: 5301 GB/s, 66.390 us
   + EP:   0/16 | reduced combine: 62 GB/s (SO), 202 GB/s (SU), 3762.000 us, 760253984 bytes | reduce: 5295 GB/s, 66.549 us
   + EP:   1/16 | reduced combine: 63 GB/s (SO), 206 GB/s (SU), 3734.000 us, 767825920 bytes | reduce: 5300 GB/s, 66.472 us
   + EP:   5/16 | reduced combine: 62 GB/s (SO), 204 GB/s (SU), 3768.000 us, 770211008 bytes | reduce: 5312 GB/s, 66.283 us


