=== EP_NIC_NAME=rdmap101s0 (auto, 400 Gb/s) ===
=== NCCL_IB_HCA=rdmap (auto: non-EFA ibverbs device ibp198s0f0 present) ===
=== GIN: NCCL_GIN_TYPE=5 NCCL_SYM_GIN_KERNELS_ENABLE=0 ===
=== PREFER_OVERLAP=0 (--prefer-overlap-with-compute) ===
=== IMAGE=deepep-v2-efa-official:sm103-bfbdd15  DeepEP=bfbdd15ff448783f877cb2210cb3246c8452b05e ===
+ docker run --rm --init --gpus all --privileged --network=host --ipc=host --ulimit memlock=-1 --ulimit stack=67108864 --device=/dev/infiniband --device=/dev/gdrdrv -v /sys/class/infiniband:/sys/class/infiniband:ro -e MASTER_ADDR=172.31.30.41 -e MASTER_PORT=8714 -e WORLD_SIZE=4 -e RANK=3 -e NCCL_DEBUG=WARN -e EP_NIC_NAME=rdmap101s0 -e NCCL_IB_HCA=rdmap -e NCCL_GIN_TYPE=5 -e NCCL_SYM_GIN_KERNELS_ENABLE=0 -e EP_MIN_TOKENS_PER_PART=1 -e PYTHONUNBUFFERED=1 -e PYTHONFAULTHANDLER=1 deepep-v2-efa-official:sm103-bfbdd15 bash -lc 'timeout -s ABRT --kill-after=60 1800     python3 -u /opt/DeepEP/tests/elastic/test_ep.py     --num-processes=8 --num-tokens=128     --hidden=7168 --num-topk=8 --num-experts=256     --num-sms=12 --allow-hybrid-mode=1     --prefer-overlap-with-compute=0 --test-first-only      '

==========
== CUDA ==
==========

CUDA Version 13.3.1

Container image Copyright (c) 2016-2023, NVIDIA CORPORATION & AFFILIATES. All rights reserved.

This container image and its contents are governed by the NVIDIA Deep Learning Container License.
By pulling and using the container, you accept the terms and conditions of this license:
https://developer.nvidia.com/ngc/nvidia-deep-learning-container-license

A copy of this license is made available in this container at /NGC-DL-CONTAINER-LICENSE for your convenience.

DeepEP hybrid kernel selection: unordered
DeepEP hybrid kernel selection: unordered
DeepEP hybrid kernel selection: unordered
DeepEP hybrid kernel selection: unordered
DeepEP hybrid kernel selection: unordered
DeepEP hybrid kernel selection: unordered
DeepEP hybrid kernel selection: unordered
DeepEP hybrid kernel selection: unordered
DeepEP hybrid kernel selection: unordered
DeepEP hybrid kernel selection: unordered
DeepEP hybrid kernel selection: unordered
DeepEP hybrid kernel selection: unordered
DeepEP hybrid kernel selection: unordered
DeepEP hybrid kernel selection: unordered
DeepEP hybrid kernel selection: unordered
DeepEP hybrid kernel selection: unordered
Config:
 > Ranks: 4 x 8
 > Experts: 8/256
 > Tokens: 104 (max: 128), hidden: 7168
 > #SM: 12, #QPs: 11/11

Running all test cases:
 > Testing with do_handle_copy=1, expert_alignment=128, use_fp8_dispatch=1, num_bias=0, with_previous_event=0, async_with_compute_stream=0, allocate_on_comm_stream=0 ...
USDT:2026-09-04 05:04:39 483:483 SyncActivityProfilerHandler.cpp:52] profiler_startUSDT:2026-09-04 05:04:39 490:490 SyncActivityProfilerHandler.cpp:52] profiler_startUSDT:2026-09-04 05:04:39 487:487 SyncActivityProfilerHandler.cpp:52] profiler_startUSDT:2026-09-04 05:04:39 484:484 SyncActivityProfilerHandler.cpp:52] profiler_startUSDT:2026-09-04 05:04:39 489:489 SyncActivityProfilerHandler.cpp:52] profiler_start


USDT:2026-09-04 05:04:39 486:486 SyncActivityProfilerHandler.cpp:52] profiler_start


USDT:2026-09-04 05:04:39 485:485 SyncActivityProfilerHandler.cpp:52] profiler_start
USDT:2026-09-04 05:04:39 488:488 SyncActivityProfilerHandler.cpp:52] profiler_start
USDT:2026-09-04 05:04:39 490:490 SyncActivityProfilerHandler.cpp:59] profiler_stopUSDT:2026-09-04 05:04:39 484:484 SyncActivityProfilerHandler.cpp:59] profiler_stop

USDT:2026-09-04 05:04:39 483:483 SyncActivityProfilerHandler.cpp:59] profiler_stop
USDT:2026-09-04 05:04:39 485:485 SyncActivityProfilerHandler.cpp:59] profiler_stopUSDT:2026-09-04 05:04:39 489:489 SyncActivityProfilerHandler.cpp:59] profiler_stopUSDT:2026-09-04 05:04:39 487:487 SyncActivityProfilerHandler.cpp:59] profiler_stop


USDT:2026-09-04 05:04:39 486:486 SyncActivityProfilerHandler.cpp:59] profiler_stop
USDT:2026-09-04 05:04:39 488:488 SyncActivityProfilerHandler.cpp:59] profiler_stop
   * EP:  31/32 | dispatch: 8 GB/s (SO), 19 GB/s (SU), 316.453 us, 5923008 bytes | copy: 260 GB/s, 45.517 us
   * EP:  26/32 | dispatch: 9 GB/s (SO), 20 GB/s (SU), 316.318 us, 6200064 bytes | copy: 686 GB/s, 18.089 us
   * EP:  25/32 | dispatch: 9 GB/s (SO), 19 GB/s (SU), 312.500 us, 5863104 bytes | copy: 294 GB/s, 39.826 us
   * EP:  30/32 | dispatch: 8 GB/s (SO), 20 GB/s (SU), 316.444 us, 6342336 bytes | copy: 478 GB/s, 26.558 us
   * EP:  27/32 | dispatch: 9 GB/s (SO), 20 GB/s (SU), 316.420 us, 6215040 bytes | copy: 327 GB/s, 38.068 us
   * EP:  28/32 | dispatch: 9 GB/s (SO), 19 GB/s (SU), 316.832 us, 6177600 bytes | copy: 286 GB/s, 43.181 us
   * EP:  24/32 | dispatch: 9 GB/s (SO), 20 GB/s (SU), 316.957 us, 6424704 bytes | copy: 594 GB/s, 21.617 us
   * EP:  29/32 | dispatch: 9 GB/s (SO), 18 GB/s (SU), 316.052 us, 5818176 bytes | copy: 1083 GB/s, 10.746 us
USDT:2026-09-04 05:04:39 484:484 SyncActivityProfilerHandler.cpp:52] profiler_startUSDT:2026-09-04 05:04:39 483:483 SyncActivityProfilerHandler.cpp:52] profiler_startUSDT:2026-09-04 05:04:39 490:490 SyncActivityProfilerHandler.cpp:52] profiler_startUSDT:2026-09-04 05:04:39 485:485 SyncActivityProfilerHandler.cpp:52] profiler_start


USDT:2026-09-04 05:04:39 486:486 SyncActivityProfilerHandler.cpp:52] profiler_startUSDT:2026-09-04 05:04:39 489:489 SyncActivityProfilerHandler.cpp:52] profiler_startUSDT:2026-09-04 05:04:39 487:487 SyncActivityProfilerHandler.cpp:52] profiler_start



USDT:2026-09-04 05:04:39 488:488 SyncActivityProfilerHandler.cpp:52] profiler_start
USDT:2026-09-04 05:04:40 490:490 SyncActivityProfilerHandler.cpp:59] profiler_stopUSDT:2026-09-04 05:04:40 487:487 SyncActivityProfilerHandler.cpp:59] profiler_stopUSDT:2026-09-04 05:04:40 484:484 SyncActivityProfilerHandler.cpp:59] profiler_stopUSDT:2026-09-04 05:04:40 485:485 SyncActivityProfilerHandler.cpp:59] profiler_stop
USDT:2026-09-04 05:04:40 483:483 SyncActivityProfilerHandler.cpp:59] profiler_stop
USDT:2026-09-04 05:04:40 488:488 SyncActivityProfilerHandler.cpp:59] profiler_stop

USDT:2026-09-04 05:04:40 489:489 SyncActivityProfilerHandler.cpp:59] profiler_stopUSDT:2026-09-04 05:04:40 486:486 SyncActivityProfilerHandler.cpp:59] profiler_stop



   - EP:  24/32 | expanded dispatch: 9 GB/s (SO), 20 GB/s (SU), 316.494 us, 6424704 bytes | copy: 665 GB/s, 21.145 us
   - EP:  28/32 | expanded dispatch: 9 GB/s (SO), 20 GB/s (SU), 316.279 us, 6177600 bytes | copy: 323 GB/s, 42.857 us
   - EP:  31/32 | expanded dispatch: 8 GB/s (SO), 19 GB/s (SU), 315.776 us, 5923008 bytes | copy: 300 GB/s, 45.039 us
   - EP:  26/32 | expanded dispatch: 9 GB/s (SO), 20 GB/s (SU), 315.959 us, 6200064 bytes | copy: 900 GB/s, 16.311 us
   - EP:  30/32 | expanded dispatch: 8 GB/s (SO), 20 GB/s (SU), 315.914 us, 6342336 bytes | copy: 541 GB/s, 27.563 us
   - EP:  25/32 | expanded dispatch: 9 GB/s (SO), 19 GB/s (SU), 311.925 us, 5863104 bytes | copy: 336 GB/s, 39.723 us
   - EP:  27/32 | expanded dispatch: 9 GB/s (SO), 20 GB/s (SU), 316.279 us, 6215040 bytes | copy: 414 GB/s, 37.670 us
   - EP:  29/32 | expanded dispatch: 9 GB/s (SO), 18 GB/s (SU), 315.118 us, 5818176 bytes | copy: 1232 GB/s, 10.853 us
USDT:2026-09-04 05:04:40 487:487 SyncActivityProfilerHandler.cpp:52] profiler_startUSDT:2026-09-04 05:04:40 490:490 SyncActivityProfilerHandler.cpp:52] profiler_startUSDT:2026-09-04 05:04:40 483:483 SyncActivityProfilerHandler.cpp:52] profiler_startUSDT:2026-09-04 05:04:40 486:486 SyncActivityProfilerHandler.cpp:52] profiler_startUSDT:2026-09-04 05:04:40 484:484 SyncActivityProfilerHandler.cpp:52] profiler_startUSDT:2026-09-04 05:04:40 488:488 SyncActivityProfilerHandler.cpp:52] profiler_start
USDT:2026-09-04 05:04:40 489:489 SyncActivityProfilerHandler.cpp:52] profiler_startUSDT:2026-09-04 05:04:40 485:485 SyncActivityProfilerHandler.cpp:52] profiler_start






USDT:2026-09-04 05:04:40 490:490 SyncActivityProfilerHandler.cpp:59] profiler_stopUSDT:2026-09-04 05:04:40 483:483 SyncActivityProfilerHandler.cpp:59] profiler_stopUSDT:2026-09-04 05:04:40 487:487 SyncActivityProfilerHandler.cpp:59] profiler_stop
USDT:2026-09-04 05:04:40 486:486 SyncActivityProfilerHandler.cpp:59] profiler_stopUSDT:2026-09-04 05:04:40 484:484 SyncActivityProfilerHandler.cpp:59] profiler_stop

USDT:2026-09-04 05:04:40 489:489 SyncActivityProfilerHandler.cpp:59] profiler_stop
USDT:2026-09-04 05:04:40 485:485 SyncActivityProfilerHandler.cpp:59] profiler_stop


USDT:2026-09-04 05:04:40 488:488 SyncActivityProfilerHandler.cpp:59] profiler_stop
   # EP:  31/32 | cached dispatch: 8 GB/s (SO), 19 GB/s (SU), 320.057 us, 5923008 bytes | copy: 325 GB/s, 36.454 us
   # EP:  26/32 | cached dispatch: 9 GB/s (SO), 19 GB/s (SU), 318.873 us, 6200064 bytes | copy: 841 GB/s, 14.740 us
   # EP:  28/32 | cached dispatch: 9 GB/s (SO), 19 GB/s (SU), 320.189 us, 6177600 bytes | copy: 355 GB/s, 34.796 us
   # EP:  25/32 | cached dispatch: 9 GB/s (SO), 18 GB/s (SU), 317.999 us, 5863104 bytes | copy: 321 GB/s, 36.516 us
   # EP:  24/32 | cached dispatch: 9 GB/s (SO), 20 GB/s (SU), 320.064 us, 6424704 bytes | copy: 591 GB/s, 21.755 us
   # EP:  30/32 | cached dispatch: 8 GB/s (SO), 20 GB/s (SU), 318.451 us, 6342336 bytes | copy: 551 GB/s, 23.019 us
   # EP:  27/32 | cached dispatch: 9 GB/s (SO), 19 GB/s (SU), 319.035 us, 6215040 bytes | copy: 471 GB/s, 26.407 us
   # EP:  29/32 | cached dispatch: 8 GB/s (SO), 18 GB/s (SU), 318.731 us, 5818176 bytes | copy: 1256 GB/s, 9.267 us
USDT:2026-09-04 05:04:41 490:490 SyncActivityProfilerHandler.cpp:52] profiler_startUSDT:2026-09-04 05:04:41 484:484 SyncActivityProfilerHandler.cpp:52] profiler_start

USDT:2026-09-04 05:04:41 487:487 SyncActivityProfilerHandler.cpp:52] profiler_startUSDT:2026-09-04 05:04:41 488:488 SyncActivityProfilerHandler.cpp:52] profiler_start
USDT:2026-09-04 05:04:41 486:486 SyncActivityProfilerHandler.cpp:52] profiler_startUSDT:2026-09-04 05:04:41 483:483 SyncActivityProfilerHandler.cpp:52] profiler_start
USDT:2026-09-04 05:04:41 485:485 SyncActivityProfilerHandler.cpp:52] profiler_start


USDT:2026-09-04 05:04:41 489:489 SyncActivityProfilerHandler.cpp:52] profiler_start
USDT:2026-09-04 05:04:41 487:487 SyncActivityProfilerHandler.cpp:59] profiler_stopUSDT:2026-09-04 05:04:41 488:488 SyncActivityProfilerHandler.cpp:59] profiler_stopUSDT:2026-09-04 05:04:41 484:484 SyncActivityProfilerHandler.cpp:59] profiler_stopUSDT:2026-09-04 05:04:41 490:490 SyncActivityProfilerHandler.cpp:59] profiler_stopUSDT:2026-09-04 05:04:41 486:486 SyncActivityProfilerHandler.cpp:59] profiler_stopUSDT:2026-09-04 05:04:41 483:483 SyncActivityProfilerHandler.cpp:59] profiler_stop





USDT:2026-09-04 05:04:41 489:489 SyncActivityProfilerHandler.cpp:59] profiler_stopUSDT:2026-09-04 05:04:41 485:485 SyncActivityProfilerHandler.cpp:59] profiler_stop

   @ EP:  28/32 | combine: 18 GB/s (SO), 41 GB/s (SU), 287.333 us, 11853600 bytes | reduce: 1064 GB/s, 6.319 us
   @ EP:  31/32 | combine: 18 GB/s (SO), 41 GB/s (SU), 280.388 us, 11365088 bytes | reduce: 1018 GB/s, 6.424 us
   @ EP:  26/32 | combine: 18 GB/s (SO), 41 GB/s (SU), 292.459 us, 11896704 bytes | reduce: 1079 GB/s, 6.243 us
   @ EP:  25/32 | combine: 19 GB/s (SO), 40 GB/s (SU), 279.433 us, 11250144 bytes | reduce: 1056 GB/s, 6.461 us
   @ EP:  24/32 | combine: 18 GB/s (SO), 42 GB/s (SU), 296.641 us, 12327744 bytes | reduce: 1120 GB/s, 6.155 us
   @ EP:  30/32 | combine: 17 GB/s (SO), 42 GB/s (SU), 293.014 us, 12169696 bytes | reduce: 1020 GB/s, 6.282 us
   @ EP:  29/32 | combine: 17 GB/s (SO), 38 GB/s (SU), 294.792 us, 11163936 bytes | reduce: 1046 GB/s, 6.292 us
   @ EP:  27/32 | combine: 18 GB/s (SO), 41 GB/s (SU), 287.687 us, 11925440 bytes | reduce: 1068 GB/s, 6.255 us
USDT:2026-09-04 05:04:42 484:484 SyncActivityProfilerHandler.cpp:52] profiler_startUSDT:2026-09-04 05:04:42 490:490 SyncActivityProfilerHandler.cpp:52] profiler_start

USDT:2026-09-04 05:04:42 486:486 SyncActivityProfilerHandler.cpp:52] profiler_startUSDT:2026-09-04 05:04:42 487:487 SyncActivityProfilerHandler.cpp:52] profiler_startUSDT:2026-09-04 05:04:42 485:485 SyncActivityProfilerHandler.cpp:52] profiler_start


USDT:2026-09-04 05:04:42 489:489 SyncActivityProfilerHandler.cpp:52] profiler_startUSDT:2026-09-04 05:04:42 483:483 SyncActivityProfilerHandler.cpp:52] profiler_startUSDT:2026-09-04 05:04:42 488:488 SyncActivityProfilerHandler.cpp:52] profiler_start


USDT:2026-09-04 05:04:42 490:490 SyncActivityProfilerHandler.cpp:59] profiler_stop
USDT:2026-09-04 05:04:42 484:484 SyncActivityProfilerHandler.cpp:59] profiler_stopUSDT:2026-09-04 05:04:42 486:486 SyncActivityProfilerHandler.cpp:59] profiler_stop
USDT:2026-09-04 05:04:42 487:487 SyncActivityProfilerHandler.cpp:59] profiler_stop

USDT:2026-09-04 05:04:42 489:489 SyncActivityProfilerHandler.cpp:59] profiler_stopUSDT:2026-09-04 05:04:42 485:485 SyncActivityProfilerHandler.cpp:59] profiler_stop

USDT:2026-09-04 05:04:42 483:483 SyncActivityProfilerHandler.cpp:59] profiler_stop
USDT:2026-09-04 05:04:42 488:488 SyncActivityProfilerHandler.cpp:59] profiler_stop
   + EP:  28/32 | reduced combine: 18 GB/s (SO), 39 GB/s (SU), 300.156 us, 11853600 bytes | reduce: 1062 GB/s, 6.334 us
   + EP:  26/32 | reduced combine: 17 GB/s (SO), 39 GB/s (SU), 306.908 us, 11896704 bytes | reduce: 1071 GB/s, 6.293 us
   + EP:  31/32 | reduced combine: 17 GB/s (SO), 38 GB/s (SU), 296.018 us, 11365088 bytes | reduce: 1020 GB/s, 6.407 us
   + EP:  25/32 | reduced combine: 18 GB/s (SO), 38 GB/s (SU), 294.060 us, 11250144 bytes | reduce: 1074 GB/s, 6.352 us
   + EP:  30/32 | reduced combine: 16 GB/s (SO), 40 GB/s (SU), 305.334 us, 12169696 bytes | reduce: 1019 GB/s, 6.288 us   + EP:  24/32 | reduced combine: 17 GB/s (SO), 40 GB/s (SU), 310.555 us, 12327744 bytes | reduce: 1112 GB/s, 6.204 us

   + EP:  27/32 | reduced combine: 17 GB/s (SO), 40 GB/s (SU), 301.331 us, 11925440 bytes | reduce: 1057 GB/s, 6.322 us
   + EP:  29/32 | reduced combine: 17 GB/s (SO), 36 GB/s (SU), 309.999 us, 11163936 bytes | reduce: 1045 GB/s, 6.299 us


