=== EP_NIC_NAME=rdmap101s0 (auto, 400 Gb/s) ===
=== NCCL_IB_HCA=rdmap (auto: non-EFA ibverbs device ibp198s0f0 present) ===
=== GIN: NCCL_GIN_TYPE=5 NCCL_SYM_GIN_KERNELS_ENABLE=0 ===
=== PREFER_OVERLAP=0 (--prefer-overlap-with-compute) ===
=== IMAGE=deepep-v2-efa-official:sm103-bfbdd15  DeepEP=bfbdd15ff448783f877cb2210cb3246c8452b05e ===
+ docker run --rm --init --gpus all --privileged --network=host --ipc=host --ulimit memlock=-1 --ulimit stack=67108864 --device=/dev/infiniband --device=/dev/gdrdrv -v /sys/class/infiniband:/sys/class/infiniband:ro -e MASTER_ADDR=172.31.30.41 -e MASTER_PORT=8721 -e WORLD_SIZE=4 -e RANK=3 -e NCCL_DEBUG=WARN -e EP_NIC_NAME=rdmap101s0 -e NCCL_IB_HCA=rdmap -e NCCL_GIN_TYPE=5 -e NCCL_SYM_GIN_KERNELS_ENABLE=0 -e EP_MIN_TOKENS_PER_PART=1 -e PYTHONUNBUFFERED=1 -e PYTHONFAULTHANDLER=1 deepep-v2-efa-official:sm103-bfbdd15 bash -lc 'timeout -s ABRT --kill-after=60 1800     python3 -u /opt/DeepEP/tests/elastic/test_ep.py     --num-processes=8 --num-tokens=128     --hidden=7168 --num-topk=8 --num-experts=256     --num-sms=12 --allow-hybrid-mode=1     --prefer-overlap-with-compute=0 --test-first-only      '

==========
== CUDA ==
==========

CUDA Version 13.3.1

Container image Copyright (c) 2016-2023, NVIDIA CORPORATION & AFFILIATES. All rights reserved.

This container image and its contents are governed by the NVIDIA Deep Learning Container License.
By pulling and using the container, you accept the terms and conditions of this license:
https://developer.nvidia.com/ngc/nvidia-deep-learning-container-license

A copy of this license is made available in this container at /NGC-DL-CONTAINER-LICENSE for your convenience.

DeepEP hybrid kernel selection: unordered
DeepEP hybrid kernel selection: unordered
DeepEP hybrid kernel selection: unordered
DeepEP hybrid kernel selection: unordered
DeepEP hybrid kernel selection: unordered
DeepEP hybrid kernel selection: unordered
DeepEP hybrid kernel selection: unordered
DeepEP hybrid kernel selection: unordered
DeepEP hybrid kernel selection: unordered
DeepEP hybrid kernel selection: unordered
DeepEP hybrid kernel selection: unordered
DeepEP hybrid kernel selection: unordered
DeepEP hybrid kernel selection: unordered
DeepEP hybrid kernel selection: unordered
DeepEP hybrid kernel selection: unordered
DeepEP hybrid kernel selection: unordered
Config:
 > Ranks: 4 x 8
 > Experts: 8/256
 > Tokens: 104 (max: 128), hidden: 7168
 > #SM: 12, #QPs: 11/11

Running all test cases:
 > Testing with do_handle_copy=1, expert_alignment=128, use_fp8_dispatch=1, num_bias=0, with_previous_event=0, async_with_compute_stream=0, allocate_on_comm_stream=0 ...
USDT:2026-09-04 05:25:24 485:485 SyncActivityProfilerHandler.cpp:52] profiler_startUSDT:2026-09-04 05:25:24 488:488 SyncActivityProfilerHandler.cpp:52] profiler_startUSDT:2026-09-04 05:25:24 492:492 SyncActivityProfilerHandler.cpp:52] profiler_startUSDT:2026-09-04 05:25:24 486:486 SyncActivityProfilerHandler.cpp:52] profiler_startUSDT:2026-09-04 05:25:24 490:490 SyncActivityProfilerHandler.cpp:52] profiler_startUSDT:2026-09-04 05:25:24 491:491 SyncActivityProfilerHandler.cpp:52] profiler_start

USDT:2026-09-04 05:25:24 489:489 SyncActivityProfilerHandler.cpp:52] profiler_start




USDT:2026-09-04 05:25:24 487:487 SyncActivityProfilerHandler.cpp:52] profiler_start
USDT:2026-09-04 05:25:24 492:492 SyncActivityProfilerHandler.cpp:59] profiler_stopUSDT:2026-09-04 05:25:24 486:486 SyncActivityProfilerHandler.cpp:59] profiler_stopUSDT:2026-09-04 05:25:24 491:491 SyncActivityProfilerHandler.cpp:59] profiler_stopUSDT:2026-09-04 05:25:24 490:490 SyncActivityProfilerHandler.cpp:59] profiler_stopUSDT:2026-09-04 05:25:24 488:488 SyncActivityProfilerHandler.cpp:59] profiler_stopUSDT:2026-09-04 05:25:24 489:489 SyncActivityProfilerHandler.cpp:59] profiler_stopUSDT:2026-09-04 05:25:24 485:485 SyncActivityProfilerHandler.cpp:59] profiler_stop






USDT:2026-09-04 05:25:24 487:487 SyncActivityProfilerHandler.cpp:59] profiler_stop
   * EP:  25/32 | dispatch: 9 GB/s (SO), 19 GB/s (SU), 315.438 us, 5863104 bytes | copy: 285 GB/s, 41.108 us
   * EP:  24/32 | dispatch: 9 GB/s (SO), 20 GB/s (SU), 319.930 us, 6424704 bytes | copy: 621 GB/s, 20.706 us
   * EP:  29/32 | dispatch: 8 GB/s (SO), 18 GB/s (SU), 319.078 us, 5818176 bytes | copy: 1226 GB/s, 9.492 us
   * EP:  28/32 | dispatch: 9 GB/s (SO), 19 GB/s (SU), 319.619 us, 6177600 bytes | copy: 273 GB/s, 45.268 us
   * EP:  31/32 | dispatch: 8 GB/s (SO), 19 GB/s (SU), 319.180 us, 5923008 bytes | copy: 241 GB/s, 49.095 us
   * EP:  30/32 | dispatch: 8 GB/s (SO), 20 GB/s (SU), 319.590 us, 6342336 bytes | copy: 452 GB/s, 28.071 us
   * EP:  27/32 | dispatch: 9 GB/s (SO), 19 GB/s (SU), 319.789 us, 6215040 bytes | copy: 318 GB/s, 39.103 us
   * EP:  26/32 | dispatch: 9 GB/s (SO), 19 GB/s (SU), 319.082 us, 6200064 bytes | copy: 610 GB/s, 20.316 us
USDT:2026-09-04 05:25:25 485:485 SyncActivityProfilerHandler.cpp:52] profiler_startUSDT:2026-09-04 05:25:25 486:486 SyncActivityProfilerHandler.cpp:52] profiler_startUSDT:2026-09-04 05:25:25 489:489 SyncActivityProfilerHandler.cpp:52] profiler_startUSDT:2026-09-04 05:25:25 488:488 SyncActivityProfilerHandler.cpp:52] profiler_startUSDT:2026-09-04 05:25:25 491:491 SyncActivityProfilerHandler.cpp:52] profiler_start
USDT:2026-09-04 05:25:25 490:490 SyncActivityProfilerHandler.cpp:52] profiler_start

USDT:2026-09-04 05:25:25 487:487 SyncActivityProfilerHandler.cpp:52] profiler_start
USDT:2026-09-04 05:25:25 492:492 SyncActivityProfilerHandler.cpp:52] profiler_start



USDT:2026-09-04 05:25:25 485:485 SyncActivityProfilerHandler.cpp:59] profiler_stopUSDT:2026-09-04 05:25:25 488:488 SyncActivityProfilerHandler.cpp:59] profiler_stop

USDT:2026-09-04 05:25:25 490:490 SyncActivityProfilerHandler.cpp:59] profiler_stopUSDT:2026-09-04 05:25:25 491:491 SyncActivityProfilerHandler.cpp:59] profiler_stop
USDT:2026-09-04 05:25:25 492:492 SyncActivityProfilerHandler.cpp:59] profiler_stop
USDT:2026-09-04 05:25:25 486:486 SyncActivityProfilerHandler.cpp:59] profiler_stop

USDT:2026-09-04 05:25:25 489:489 SyncActivityProfilerHandler.cpp:59] profiler_stopUSDT:2026-09-04 05:25:25 487:487 SyncActivityProfilerHandler.cpp:59] profiler_stop

   - EP:  24/32 | expanded dispatch: 9 GB/s (SO), 20 GB/s (SU), 317.688 us, 6424704 bytes | copy: 815 GB/s, 17.255 us
   - EP:  25/32 | expanded dispatch: 9 GB/s (SO), 19 GB/s (SU), 312.617 us, 5863104 bytes | copy: 358 GB/s, 37.226 us
   - EP:  28/32 | expanded dispatch: 9 GB/s (SO), 19 GB/s (SU), 317.067 us, 6177600 bytes | copy: 315 GB/s, 43.936 us
   - EP:  27/32 | expanded dispatch: 9 GB/s (SO), 20 GB/s (SU), 317.122 us, 6215040 bytes | copy: 403 GB/s, 38.692 us
   - EP:  29/32 | expanded dispatch: 8 GB/s (SO), 18 GB/s (SU), 316.504 us, 5818176 bytes | copy: 1207 GB/s, 11.080 us
   - EP:  31/32 | expanded dispatch: 8 GB/s (SO), 19 GB/s (SU), 316.856 us, 5923008 bytes | copy: 300 GB/s, 45.066 us
   - EP:  30/32 | expanded dispatch: 8 GB/s (SO), 20 GB/s (SU), 316.728 us, 6342336 bytes | copy: 549 GB/s, 27.199 us
   - EP:  26/32 | expanded dispatch: 9 GB/s (SO), 20 GB/s (SU), 316.666 us, 6200064 bytes | copy: 770 GB/s, 19.053 us
USDT:2026-09-04 05:25:25 491:491 SyncActivityProfilerHandler.cpp:52] profiler_startUSDT:2026-09-04 05:25:25 492:492 SyncActivityProfilerHandler.cpp:52] profiler_startUSDT:2026-09-04 05:25:25 485:485 SyncActivityProfilerHandler.cpp:52] profiler_startUSDT:2026-09-04 05:25:25 489:489 SyncActivityProfilerHandler.cpp:52] profiler_startUSDT:2026-09-04 05:25:25 486:486 SyncActivityProfilerHandler.cpp:52] profiler_start
USDT:2026-09-04 05:25:25 488:488 SyncActivityProfilerHandler.cpp:52] profiler_startUSDT:2026-09-04 05:25:25 490:490 SyncActivityProfilerHandler.cpp:52] profiler_startUSDT:2026-09-04 05:25:25 487:487 SyncActivityProfilerHandler.cpp:52] profiler_start






USDT:2026-09-04 05:25:26 488:488 SyncActivityProfilerHandler.cpp:59] profiler_stopUSDT:2026-09-04 05:25:26 491:491 SyncActivityProfilerHandler.cpp:59] profiler_stopUSDT:2026-09-04 05:25:26 485:485 SyncActivityProfilerHandler.cpp:59] profiler_stopUSDT:2026-09-04 05:25:26 487:487 SyncActivityProfilerHandler.cpp:59] profiler_stop
USDT:2026-09-04 05:25:26 486:486 SyncActivityProfilerHandler.cpp:59] profiler_stop
USDT:2026-09-04 05:25:26 489:489 SyncActivityProfilerHandler.cpp:59] profiler_stop



USDT:2026-09-04 05:25:26 490:490 SyncActivityProfilerHandler.cpp:59] profiler_stop
USDT:2026-09-04 05:25:26 492:492 SyncActivityProfilerHandler.cpp:59] profiler_stop
   # EP:  25/32 | cached dispatch: 9 GB/s (SO), 18 GB/s (SU), 317.599 us, 5863104 bytes | copy: 322 GB/s, 36.443 us
   # EP:  30/32 | cached dispatch: 8 GB/s (SO), 20 GB/s (SU), 318.162 us, 6342336 bytes | copy: 537 GB/s, 23.600 us
   # EP:  31/32 | cached dispatch: 8 GB/s (SO), 19 GB/s (SU), 319.432 us, 5923008 bytes | copy: 332 GB/s, 35.722 us
   # EP:  27/32 | cached dispatch: 9 GB/s (SO), 19 GB/s (SU), 318.875 us, 6215040 bytes | copy: 476 GB/s, 26.127 us
   # EP:  24/32 | cached dispatch: 9 GB/s (SO), 20 GB/s (SU), 320.056 us, 6424704 bytes | copy: 680 GB/s, 18.894 us
   # EP:  26/32 | cached dispatch: 9 GB/s (SO), 19 GB/s (SU), 318.648 us, 6200064 bytes | copy: 798 GB/s, 15.536 us
   # EP:  29/32 | cached dispatch: 8 GB/s (SO), 18 GB/s (SU), 318.262 us, 5818176 bytes | copy: 1225 GB/s, 9.499 us
   # EP:  28/32 | cached dispatch: 9 GB/s (SO), 19 GB/s (SU), 319.904 us, 6177600 bytes | copy: 363 GB/s, 34.008 us
USDT:2026-09-04 05:25:26 486:486 SyncActivityProfilerHandler.cpp:52] profiler_startUSDT:2026-09-04 05:25:26 492:492 SyncActivityProfilerHandler.cpp:52] profiler_start

USDT:2026-09-04 05:25:26 491:491 SyncActivityProfilerHandler.cpp:52] profiler_startUSDT:2026-09-04 05:25:26 489:489 SyncActivityProfilerHandler.cpp:52] profiler_start
USDT:2026-09-04 05:25:26 488:488 SyncActivityProfilerHandler.cpp:52] profiler_start
USDT:2026-09-04 05:25:26 485:485 SyncActivityProfilerHandler.cpp:52] profiler_start
USDT:2026-09-04 05:25:26 490:490 SyncActivityProfilerHandler.cpp:52] profiler_start

USDT:2026-09-04 05:25:26 487:487 SyncActivityProfilerHandler.cpp:52] profiler_start
USDT:2026-09-04 05:25:27 492:492 SyncActivityProfilerHandler.cpp:59] profiler_stopUSDT:2026-09-04 05:25:27 486:486 SyncActivityProfilerHandler.cpp:59] profiler_stop

USDT:2026-09-04 05:25:27 489:489 SyncActivityProfilerHandler.cpp:59] profiler_stopUSDT:2026-09-04 05:25:27 485:485 SyncActivityProfilerHandler.cpp:59] profiler_stop

USDT:2026-09-04 05:25:27 491:491 SyncActivityProfilerHandler.cpp:59] profiler_stop
USDT:2026-09-04 05:25:27 488:488 SyncActivityProfilerHandler.cpp:59] profiler_stop
USDT:2026-09-04 05:25:27 490:490 SyncActivityProfilerHandler.cpp:59] profiler_stop
USDT:2026-09-04 05:25:27 487:487 SyncActivityProfilerHandler.cpp:59] profiler_stop
   @ EP:  25/32 | combine: 19 GB/s (SO), 40 GB/s (SU), 280.008 us, 11250144 bytes | reduce: 1058 GB/s, 6.453 us
   @ EP:  30/32 | combine: 17 GB/s (SO), 41 GB/s (SU), 293.749 us, 12169696 bytes | reduce: 1018 GB/s, 6.297 us
   @ EP:  31/32 | combine: 18 GB/s (SO), 40 GB/s (SU), 282.528 us, 11365088 bytes | reduce: 1017 GB/s, 6.428 us
   @ EP:  24/32 | combine: 18 GB/s (SO), 41 GB/s (SU), 299.472 us, 12327744 bytes | reduce: 1120 GB/s, 6.157 us
   @ EP:  28/32 | combine: 18 GB/s (SO), 41 GB/s (SU), 288.693 us, 11853600 bytes | reduce: 1061 GB/s, 6.337 us
   @ EP:  27/32 | combine: 18 GB/s (SO), 41 GB/s (SU), 290.806 us, 11925440 bytes | reduce: 1074 GB/s, 6.218 us
   @ EP:  29/32 | combine: 17 GB/s (SO), 38 GB/s (SU), 296.486 us, 11163936 bytes | reduce: 1034 GB/s, 6.364 us
   @ EP:  26/32 | combine: 18 GB/s (SO), 41 GB/s (SU), 291.865 us, 11896704 bytes | reduce: 1087 GB/s, 6.198 us
USDT:2026-09-04 05:25:27 492:492 SyncActivityProfilerHandler.cpp:52] profiler_startUSDT:2026-09-04 05:25:27 486:486 SyncActivityProfilerHandler.cpp:52] profiler_start

USDT:2026-09-04 05:25:27 488:488 SyncActivityProfilerHandler.cpp:52] profiler_startUSDT:2026-09-04 05:25:27 489:489 SyncActivityProfilerHandler.cpp:52] profiler_start

USDT:2026-09-04 05:25:27 491:491 SyncActivityProfilerHandler.cpp:52] profiler_start
USDT:2026-09-04 05:25:27 490:490 SyncActivityProfilerHandler.cpp:52] profiler_startUSDT:2026-09-04 05:25:27 485:485 SyncActivityProfilerHandler.cpp:52] profiler_start

USDT:2026-09-04 05:25:27 487:487 SyncActivityProfilerHandler.cpp:52] profiler_start
USDT:2026-09-04 05:25:27 492:492 SyncActivityProfilerHandler.cpp:59] profiler_stop
USDT:2026-09-04 05:25:27 486:486 SyncActivityProfilerHandler.cpp:59] profiler_stop
USDT:2026-09-04 05:25:27 488:488 SyncActivityProfilerHandler.cpp:59] profiler_stopUSDT:2026-09-04 05:25:27 485:485 SyncActivityProfilerHandler.cpp:59] profiler_stop
USDT:2026-09-04 05:25:27 491:491 SyncActivityProfilerHandler.cpp:59] profiler_stopUSDT:2026-09-04 05:25:27 489:489 SyncActivityProfilerHandler.cpp:59] profiler_stop
USDT:2026-09-04 05:25:27 487:487 SyncActivityProfilerHandler.cpp:59] profiler_stop


USDT:2026-09-04 05:25:27 490:490 SyncActivityProfilerHandler.cpp:59] profiler_stop
   + EP:  25/32 | reduced combine: 18 GB/s (SO), 38 GB/s (SU), 298.115 us, 11250144 bytes | reduce: 1061 GB/s, 6.432 us
   + EP:  31/32 | reduced combine: 17 GB/s (SO), 38 GB/s (SU), 299.429 us, 11365088 bytes | reduce: 1025 GB/s, 6.376 us   + EP:  30/32 | reduced combine: 16 GB/s (SO), 39 GB/s (SU), 311.010 us, 12169696 bytes | reduce: 1024 GB/s, 6.256 us

   + EP:  24/32 | reduced combine: 17 GB/s (SO), 38 GB/s (SU), 320.563 us, 12327744 bytes | reduce: 1120 GB/s, 6.160 us
   + EP:  29/32 | reduced combine: 16 GB/s (SO), 35 GB/s (SU), 315.716 us, 11163936 bytes | reduce: 1033 GB/s, 6.372 us
   + EP:  27/32 | reduced combine: 17 GB/s (SO), 39 GB/s (SU), 309.413 us, 11925440 bytes | reduce: 1052 GB/s, 6.353 us   + EP:  28/32 | reduced combine: 17 GB/s (SO), 39 GB/s (SU), 305.926 us, 11853600 bytes | reduce: 1063 GB/s, 6.325 us

   + EP:  26/32 | reduced combine: 17 GB/s (SO), 38 GB/s (SU), 310.094 us, 11896704 bytes | reduce: 1074 GB/s, 6.273 us


