=== EP_NIC_NAME=rdmap101s0 (auto, 400 Gb/s) ===
=== NCCL_IB_HCA=rdmap (auto: non-EFA ibverbs device ibp198s0f0 present) ===
=== GIN: NCCL_GIN_TYPE=5 NCCL_SYM_GIN_KERNELS_ENABLE=0 ===
=== PREFER_OVERLAP=0 (--prefer-overlap-with-compute) ===
=== IMAGE=deepep-v2-efa-official:sm103-bfbdd15  DeepEP=bfbdd15ff448783f877cb2210cb3246c8452b05e ===
+ docker run --rm --init --gpus all --privileged --network=host --ipc=host --ulimit memlock=-1 --ulimit stack=67108864 --device=/dev/infiniband --device=/dev/gdrdrv -v /sys/class/infiniband:/sys/class/infiniband:ro -e MASTER_ADDR=172.31.30.41 -e MASTER_PORT=8705 -e WORLD_SIZE=4 -e RANK=0 -e NCCL_DEBUG=WARN -e EP_NIC_NAME=rdmap101s0 -e NCCL_IB_HCA=rdmap -e NCCL_GIN_TYPE=5 -e NCCL_SYM_GIN_KERNELS_ENABLE=0 -e PYTHONUNBUFFERED=1 -e PYTHONFAULTHANDLER=1 deepep-v2-efa-official:sm103-bfbdd15 bash -lc 'timeout -s ABRT --kill-after=60 1800     python3 -u /opt/DeepEP/tests/elastic/test_ep.py     --num-processes=8 --num-tokens=8192     --hidden=7168 --num-topk=8 --num-experts=256     --num-sms=12 --allow-hybrid-mode=1     --prefer-overlap-with-compute=0 --test-first-only      '

==========
== CUDA ==
==========

CUDA Version 13.3.1

Container image Copyright (c) 2016-2023, NVIDIA CORPORATION & AFFILIATES. All rights reserved.

This container image and its contents are governed by the NVIDIA Deep Learning Container License.
By pulling and using the container, you accept the terms and conditions of this license:
https://developer.nvidia.com/ngc/nvidia-deep-learning-container-license

A copy of this license is made available in this container at /NGC-DL-CONTAINER-LICENSE for your convenience.

NCCL version 2.31.2+cuda13.3
DeepEP hybrid kernel selection: unordered
DeepEP hybrid kernel selection: unordered
DeepEP hybrid kernel selection: unordered
DeepEP hybrid kernel selection: unordered
DeepEP hybrid kernel selection: unordered
DeepEP hybrid kernel selection: unordered
DeepEP hybrid kernel selection: unordered
DeepEP hybrid kernel selection: unordered
DeepEP hybrid kernel selection: unordered
DeepEP hybrid kernel selection: unordered
DeepEP hybrid kernel selection: unordered
DeepEP hybrid kernel selection: unordered
DeepEP hybrid kernel selection: unordered
DeepEP hybrid kernel selection: unordered
DeepEP hybrid kernel selection: unordered
DeepEP hybrid kernel selection: unordered
Config:
 > Ranks: 4 x 8
 > Experts: 8/256
 > Tokens: 8192 (max: 8192), hidden: 7168
 > #SM: 12, #QPs: 11/11

Running all test cases:
 > Testing with do_handle_copy=1, expert_alignment=128, use_fp8_dispatch=1, num_bias=0, with_previous_event=0, async_with_compute_stream=0, allocate_on_comm_stream=0 ...
USDT:2026-09-04 04:38:00 489:489 SyncActivityProfilerHandler.cpp:52] profiler_startUSDT:2026-09-04 04:38:00 483:483 SyncActivityProfilerHandler.cpp:52] profiler_startUSDT:2026-09-04 04:38:00 485:485 SyncActivityProfilerHandler.cpp:52] profiler_startUSDT:2026-09-04 04:38:00 488:488 SyncActivityProfilerHandler.cpp:52] profiler_startUSDT:2026-09-04 04:38:00 484:484 SyncActivityProfilerHandler.cpp:52] profiler_startUSDT:2026-09-04 04:38:00 486:486 SyncActivityProfilerHandler.cpp:52] profiler_start



USDT:2026-09-04 04:38:00 482:482 SyncActivityProfilerHandler.cpp:52] profiler_start


USDT:2026-09-04 04:38:00 487:487 SyncActivityProfilerHandler.cpp:52] profiler_start
USDT:2026-09-04 04:38:00 489:489 SyncActivityProfilerHandler.cpp:59] profiler_stopUSDT:2026-09-04 04:38:00 488:488 SyncActivityProfilerHandler.cpp:59] profiler_stopUSDT:2026-09-04 04:38:00 484:484 SyncActivityProfilerHandler.cpp:59] profiler_stopUSDT:2026-09-04 04:38:00 486:486 SyncActivityProfilerHandler.cpp:59] profiler_stop



USDT:2026-09-04 04:38:00 485:485 SyncActivityProfilerHandler.cpp:59] profiler_stop
USDT:2026-09-04 04:38:00 487:487 SyncActivityProfilerHandler.cpp:59] profiler_stopUSDT:2026-09-04 04:38:00 482:482 SyncActivityProfilerHandler.cpp:59] profiler_stop

USDT:2026-09-04 04:38:00 483:483 SyncActivityProfilerHandler.cpp:59] profiler_stop
   * EP:   2/32 | dispatch: 109 GB/s (SO), 218 GB/s (SU), 2038.000 us, 443514240 bytes | copy: 4891 GB/s, 181.362 us
   * EP:   6/32 | dispatch: 109 GB/s (SO), 218 GB/s (SU), 2038.000 us, 444877056 bytes | copy: 4622 GB/s, 192.508 us   * EP:   7/32 | dispatch: 109 GB/s (SO), 218 GB/s (SU), 2038.000 us, 443551680 bytes | copy: 4271 GB/s, 207.716 us

   * EP:   3/32 | dispatch: 109 GB/s (SO), 221 GB/s (SU), 2038.000 us, 449721792 bytes | copy: 4775 GB/s, 188.378 us
   * EP:   4/32 | dispatch: 108 GB/s (SO), 217 GB/s (SU), 2039.000 us, 443289600 bytes | copy: 4287 GB/s, 206.799 us
   * EP:   0/32 | dispatch: 109 GB/s (SO), 219 GB/s (SU), 2036.000 us, 444974400 bytes | copy: 5141 GB/s, 173.101 us
   * EP:   5/32 | dispatch: 109 GB/s (SO), 217 GB/s (SU), 2038.000 us, 442907712 bytes | copy: 4566 GB/s, 193.994 us
   * EP:   1/32 | dispatch: 109 GB/s (SO), 218 GB/s (SU), 2038.000 us, 443634048 bytes | copy: 4389 GB/s, 202.172 us
USDT:2026-09-04 04:38:01 487:487 SyncActivityProfilerHandler.cpp:52] profiler_startUSDT:2026-09-04 04:38:01 489:489 SyncActivityProfilerHandler.cpp:52] profiler_startUSDT:2026-09-04 04:38:01 484:484 SyncActivityProfilerHandler.cpp:52] profiler_startUSDT:2026-09-04 04:38:01 482:482 SyncActivityProfilerHandler.cpp:52] profiler_start
USDT:2026-09-04 04:38:01 486:486 SyncActivityProfilerHandler.cpp:52] profiler_start
USDT:2026-09-04 04:38:01 485:485 SyncActivityProfilerHandler.cpp:52] profiler_start



USDT:2026-09-04 04:38:01 488:488 SyncActivityProfilerHandler.cpp:52] profiler_start
USDT:2026-09-04 04:38:01 483:483 SyncActivityProfilerHandler.cpp:52] profiler_start
USDT:2026-09-04 04:38:01 484:484 SyncActivityProfilerHandler.cpp:59] profiler_stop
USDT:2026-09-04 04:38:01 482:482 SyncActivityProfilerHandler.cpp:59] profiler_stopUSDT:2026-09-04 04:38:01 488:488 SyncActivityProfilerHandler.cpp:59] profiler_stop
USDT:2026-09-04 04:38:01 489:489 SyncActivityProfilerHandler.cpp:59] profiler_stop

USDT:2026-09-04 04:38:01 486:486 SyncActivityProfilerHandler.cpp:59] profiler_stopUSDT:2026-09-04 04:38:01 487:487 SyncActivityProfilerHandler.cpp:59] profiler_stop

USDT:2026-09-04 04:38:01 485:485 SyncActivityProfilerHandler.cpp:59] profiler_stop
USDT:2026-09-04 04:38:01 483:483 SyncActivityProfilerHandler.cpp:59] profiler_stop
   - EP:   6/32 | expanded dispatch: 109 GB/s (SO), 219 GB/s (SU), 2027.000 us, 444877056 bytes | copy: 4430 GB/s, 212.063 us
   - EP:   7/32 | expanded dispatch: 109 GB/s (SO), 219 GB/s (SU), 2028.000 us, 443551680 bytes | copy: 4060 GB/s, 231.099 us
   - EP:   2/32 | expanded dispatch: 109 GB/s (SO), 219 GB/s (SU), 2028.000 us, 443514240 bytes | copy: 4664 GB/s, 200.897 us
   - EP:   0/32 | expanded dispatch: 110 GB/s (SO), 220 GB/s (SU), 2026.000 us, 444974400 bytes | copy: 4830 GB/s, 194.503 us
   - EP:   4/32 | expanded dispatch: 109 GB/s (SO), 219 GB/s (SU), 2028.000 us, 443289600 bytes | copy: 4127 GB/s, 226.893 us
   - EP:   3/32 | expanded dispatch: 109 GB/s (SO), 222 GB/s (SU), 2027.000 us, 449721792 bytes | copy: 4503 GB/s, 210.847 us
   - EP:   5/32 | expanded dispatch: 109 GB/s (SO), 219 GB/s (SU), 2027.000 us, 442907712 bytes | copy: 4318 GB/s, 216.377 us
   - EP:   1/32 | expanded dispatch: 109 GB/s (SO), 219 GB/s (SU), 2027.000 us, 443634048 bytes | copy: 4335 GB/s, 216.403 us
USDT:2026-09-04 04:38:01 488:488 SyncActivityProfilerHandler.cpp:52] profiler_startUSDT:2026-09-04 04:38:01 482:482 SyncActivityProfilerHandler.cpp:52] profiler_startUSDT:2026-09-04 04:38:01 486:486 SyncActivityProfilerHandler.cpp:52] profiler_startUSDT:2026-09-04 04:38:01 484:484 SyncActivityProfilerHandler.cpp:52] profiler_start

USDT:2026-09-04 04:38:01 485:485 SyncActivityProfilerHandler.cpp:52] profiler_start

USDT:2026-09-04 04:38:01 487:487 SyncActivityProfilerHandler.cpp:52] profiler_start

USDT:2026-09-04 04:38:01 483:483 SyncActivityProfilerHandler.cpp:52] profiler_startUSDT:2026-09-04 04:38:01 489:489 SyncActivityProfilerHandler.cpp:52] profiler_start

USDT:2026-09-04 04:38:02 486:486 SyncActivityProfilerHandler.cpp:59] profiler_stopUSDT:2026-09-04 04:38:02 484:484 SyncActivityProfilerHandler.cpp:59] profiler_stop

USDT:2026-09-04 04:38:02 482:482 SyncActivityProfilerHandler.cpp:59] profiler_stop
USDT:2026-09-04 04:38:02 488:488 SyncActivityProfilerHandler.cpp:59] profiler_stop
USDT:2026-09-04 04:38:02 489:489 SyncActivityProfilerHandler.cpp:59] profiler_stopUSDT:2026-09-04 04:38:02 487:487 SyncActivityProfilerHandler.cpp:59] profiler_stop

USDT:2026-09-04 04:38:02 485:485 SyncActivityProfilerHandler.cpp:59] profiler_stop
USDT:2026-09-04 04:38:02 483:483 SyncActivityProfilerHandler.cpp:59] profiler_stop
   # EP:   5/32 | cached dispatch: 104 GB/s (SO), 208 GB/s (SU), 2131.000 us, 442907712 bytes | copy: 4929 GB/s, 179.727 us
   # EP:   7/32 | cached dispatch: 104 GB/s (SO), 208 GB/s (SU), 2132.000 us, 443551680 bytes | copy: 4930 GB/s, 179.931 us
   # EP:   3/32 | cached dispatch: 104 GB/s (SO), 211 GB/s (SU), 2132.000 us, 449721792 bytes | copy: 5177 GB/s, 173.731 us
   # EP:   2/32 | cached dispatch: 104 GB/s (SO), 208 GB/s (SU), 2131.000 us, 443514240 bytes | copy: 4898 GB/s, 181.113 us
   # EP:   4/32 | cached dispatch: 104 GB/s (SO), 208 GB/s (SU), 2132.000 us, 443289600 bytes | copy: 5156 GB/s, 171.953 us
   # EP:   0/32 | cached dispatch: 104 GB/s (SO), 209 GB/s (SU), 2130.000 us, 444974400 bytes | copy: 5014 GB/s, 177.476 us
   # EP:   6/32 | cached dispatch: 104 GB/s (SO), 209 GB/s (SU), 2131.000 us, 444877056 bytes | copy: 5123 GB/s, 173.686 us
   # EP:   1/32 | cached dispatch: 104 GB/s (SO), 208 GB/s (SU), 2131.000 us, 443634048 bytes | copy: 4883 GB/s, 181.708 us
USDT:2026-09-04 04:38:03 483:483 SyncActivityProfilerHandler.cpp:52] profiler_start
USDT:2026-09-04 04:38:03 489:489 SyncActivityProfilerHandler.cpp:52] profiler_start
USDT:2026-09-04 04:38:03 484:484 SyncActivityProfilerHandler.cpp:52] profiler_start
USDT:2026-09-04 04:38:03 488:488 SyncActivityProfilerHandler.cpp:52] profiler_startUSDT:2026-09-04 04:38:03 486:486 SyncActivityProfilerHandler.cpp:52] profiler_start

USDT:2026-09-04 04:38:03 482:482 SyncActivityProfilerHandler.cpp:52] profiler_start
USDT:2026-09-04 04:38:03 485:485 SyncActivityProfilerHandler.cpp:52] profiler_start
USDT:2026-09-04 04:38:03 487:487 SyncActivityProfilerHandler.cpp:52] profiler_start
USDT:2026-09-04 04:38:03 483:483 SyncActivityProfilerHandler.cpp:59] profiler_stop
USDT:2026-09-04 04:38:03 489:489 SyncActivityProfilerHandler.cpp:59] profiler_stop
USDT:2026-09-04 04:38:03 484:484 SyncActivityProfilerHandler.cpp:59] profiler_stop
USDT:2026-09-04 04:38:03 488:488 SyncActivityProfilerHandler.cpp:59] profiler_stop
USDT:2026-09-04 04:38:03 482:482 SyncActivityProfilerHandler.cpp:59] profiler_stop
USDT:2026-09-04 04:38:03 486:486 SyncActivityProfilerHandler.cpp:59] profiler_stop
USDT:2026-09-04 04:38:03 487:487 SyncActivityProfilerHandler.cpp:59] profiler_stop
USDT:2026-09-04 04:38:03 485:485 SyncActivityProfilerHandler.cpp:59] profiler_stop
   @ EP:   2/32 | combine: 100 GB/s (SO), 201 GB/s (SU), 4243.000 us, 851016640 bytes | reduce: 5042 GB/s, 107.627 us
   @ EP:   7/32 | combine: 101 GB/s (SO), 202 GB/s (SU), 4207.000 us, 851088480 bytes | reduce: 5101 GB/s, 106.394 us
   @ EP:   6/32 | combine: 99 GB/s (SO), 198 GB/s (SU), 4301.000 us, 853631616 bytes | reduce: 5132 GB/s, 105.634 us
   @ EP:   0/32 | combine: 99 GB/s (SO), 199 GB/s (SU), 4301.000 us, 853818400 bytes | reduce: 5108 GB/s, 106.645 us
   @ EP:   5/32 | combine: 100 GB/s (SO), 199 GB/s (SU), 4274.000 us, 849852832 bytes | reduce: 5149 GB/s, 105.464 us
   @ EP:   3/32 | combine: 97 GB/s (SO), 197 GB/s (SU), 4376.000 us, 862927712 bytes | reduce: 5125 GB/s, 105.997 us
   @ EP:   4/32 | combine: 99 GB/s (SO), 199 GB/s (SU), 4278.000 us, 850585600 bytes | reduce: 5084 GB/s, 106.574 us
   @ EP:   1/32 | combine: 104 GB/s (SO), 209 GB/s (SU), 4080.000 us, 851246528 bytes | reduce: 5110 GB/s, 106.151 us
USDT:2026-09-04 04:38:04 483:483 SyncActivityProfilerHandler.cpp:52] profiler_start
USDT:2026-09-04 04:38:04 485:485 SyncActivityProfilerHandler.cpp:52] profiler_start
USDT:2026-09-04 04:38:04 488:488 SyncActivityProfilerHandler.cpp:52] profiler_start
USDT:2026-09-04 04:38:04 486:486 SyncActivityProfilerHandler.cpp:52] profiler_start
USDT:2026-09-04 04:38:04 484:484 SyncActivityProfilerHandler.cpp:52] profiler_startUSDT:2026-09-04 04:38:04 487:487 SyncActivityProfilerHandler.cpp:52] profiler_start

USDT:2026-09-04 04:38:04 482:482 SyncActivityProfilerHandler.cpp:52] profiler_start
USDT:2026-09-04 04:38:04 489:489 SyncActivityProfilerHandler.cpp:52] profiler_start
USDT:2026-09-04 04:38:04 488:488 SyncActivityProfilerHandler.cpp:59] profiler_stop
USDT:2026-09-04 04:38:04 485:485 SyncActivityProfilerHandler.cpp:59] profiler_stop
USDT:2026-09-04 04:38:04 483:483 SyncActivityProfilerHandler.cpp:59] profiler_stop
USDT:2026-09-04 04:38:04 484:484 SyncActivityProfilerHandler.cpp:59] profiler_stop
USDT:2026-09-04 04:38:04 489:489 SyncActivityProfilerHandler.cpp:59] profiler_stop
USDT:2026-09-04 04:38:04 486:486 SyncActivityProfilerHandler.cpp:59] profiler_stopUSDT:2026-09-04 04:38:04 482:482 SyncActivityProfilerHandler.cpp:59] profiler_stop

USDT:2026-09-04 04:38:04 487:487 SyncActivityProfilerHandler.cpp:59] profiler_stop
   + EP:   6/32 | reduced combine: 92 GB/s (SO), 185 GB/s (SU), 4612.000 us, 853631616 bytes | reduce: 5154 GB/s, 105.172 us
   + EP:   1/32 | reduced combine: 93 GB/s (SO), 186 GB/s (SU), 4577.000 us, 851246528 bytes | reduce: 5096 GB/s, 106.447 us
   + EP:   3/32 | reduced combine: 93 GB/s (SO), 188 GB/s (SU), 4581.000 us, 862927712 bytes | reduce: 5122 GB/s, 106.063 us
   + EP:   2/32 | reduced combine: 91 GB/s (SO), 183 GB/s (SU), 4658.000 us, 851016640 bytes | reduce: 5081 GB/s, 106.792 us
   + EP:   7/32 | reduced combine: 91 GB/s (SO), 182 GB/s (SU), 4687.000 us, 851088480 bytes | reduce: 5147 GB/s, 105.443 us
   + EP:   0/32 | reduced combine: 92 GB/s (SO), 183 GB/s (SU), 4656.000 us, 853818400 bytes | reduce: 5130 GB/s, 106.189 us
   + EP:   4/32 | reduced combine: 91 GB/s (SO), 183 GB/s (SU), 4648.000 us, 850585600 bytes | reduce: 5093 GB/s, 106.402 us
   + EP:   5/32 | reduced combine: 91 GB/s (SO), 182 GB/s (SU), 4666.000 us, 849852832 bytes | reduce: 5155 GB/s, 105.338 us


