=== EP_NIC_NAME=rdmap101s0 (auto, 400 Gb/s) ===
=== NCCL_IB_HCA=rdmap (auto: non-EFA ibverbs device ibp198s0f0 present) ===
=== GIN: NCCL_GIN_TYPE=5 NCCL_SYM_GIN_KERNELS_ENABLE=0 ===
=== PREFER_OVERLAP=0 (--prefer-overlap-with-compute) ===
=== IMAGE=deepep-v2-efa-official:sm103-bfbdd15  DeepEP=bfbdd15ff448783f877cb2210cb3246c8452b05e ===
+ docker run --rm --init --gpus all --privileged --network=host --ipc=host --ulimit memlock=-1 --ulimit stack=67108864 --device=/dev/infiniband --device=/dev/gdrdrv -v /sys/class/infiniband:/sys/class/infiniband:ro -e MASTER_ADDR=172.31.30.164 -e MASTER_PORT=8605 -e WORLD_SIZE=2 -e RANK=1 -e NCCL_DEBUG=WARN -e EP_NIC_NAME=rdmap101s0 -e NCCL_IB_HCA=rdmap -e NCCL_GIN_TYPE=5 -e NCCL_SYM_GIN_KERNELS_ENABLE=0 -e PYTHONUNBUFFERED=1 -e PYTHONFAULTHANDLER=1 deepep-v2-efa-official:sm103-bfbdd15 bash -lc 'timeout -s ABRT --kill-after=60 1800     python3 -u /opt/DeepEP/tests/elastic/test_ep.py     --num-processes=8 --num-tokens=8192     --hidden=7168 --num-topk=8 --num-experts=256     --num-sms=12 --allow-hybrid-mode=1     --prefer-overlap-with-compute=0 --test-first-only      '

==========
== CUDA ==
==========

CUDA Version 13.3.1

Container image Copyright (c) 2016-2023, NVIDIA CORPORATION & AFFILIATES. All rights reserved.

This container image and its contents are governed by the NVIDIA Deep Learning Container License.
By pulling and using the container, you accept the terms and conditions of this license:
https://developer.nvidia.com/ngc/nvidia-deep-learning-container-license

A copy of this license is made available in this container at /NGC-DL-CONTAINER-LICENSE for your convenience.

DeepEP hybrid kernel selection: unordered
DeepEP hybrid kernel selection: unordered
DeepEP hybrid kernel selection: unordered
DeepEP hybrid kernel selection: unordered
DeepEP hybrid kernel selection: unordered
DeepEP hybrid kernel selection: unordered
DeepEP hybrid kernel selection: unordered
DeepEP hybrid kernel selection: unordered
DeepEP hybrid kernel selection: unordered
DeepEP hybrid kernel selection: unordered
DeepEP hybrid kernel selection: unordered
DeepEP hybrid kernel selection: unordered
DeepEP hybrid kernel selection: unordered
DeepEP hybrid kernel selection: unordered
DeepEP hybrid kernel selection: unordered
DeepEP hybrid kernel selection: unordered
Config:
 > Ranks: 2 x 8
 > Experts: 8/256
 > Tokens: 8184 (max: 8192), hidden: 7168
 > #SM: 12, #QPs: 11/11

Running all test cases:
 > Testing with do_handle_copy=1, expert_alignment=128, use_fp8_dispatch=1, num_bias=0, with_previous_event=0, async_with_compute_stream=0, allocate_on_comm_stream=0 ...
USDT:2026-09-04 03:32:14 487:487 SyncActivityProfilerHandler.cpp:52] profiler_startUSDT:2026-09-04 03:32:14 490:490 SyncActivityProfilerHandler.cpp:52] profiler_startUSDT:2026-09-04 03:32:14 486:486 SyncActivityProfilerHandler.cpp:52] profiler_startUSDT:2026-09-04 03:32:14 492:492 SyncActivityProfilerHandler.cpp:52] profiler_startUSDT:2026-09-04 03:32:14 488:488 SyncActivityProfilerHandler.cpp:52] profiler_startUSDT:2026-09-04 03:32:14 491:491 SyncActivityProfilerHandler.cpp:52] profiler_start

USDT:2026-09-04 03:32:14 489:489 SyncActivityProfilerHandler.cpp:52] profiler_start




USDT:2026-09-04 03:32:14 485:485 SyncActivityProfilerHandler.cpp:52] profiler_start
USDT:2026-09-04 03:32:14 492:492 SyncActivityProfilerHandler.cpp:59] profiler_stopUSDT:2026-09-04 03:32:14 486:486 SyncActivityProfilerHandler.cpp:59] profiler_stopUSDT:2026-09-04 03:32:14 491:491 SyncActivityProfilerHandler.cpp:59] profiler_stopUSDT:2026-09-04 03:32:14 487:487 SyncActivityProfilerHandler.cpp:59] profiler_stopUSDT:2026-09-04 03:32:14 490:490 SyncActivityProfilerHandler.cpp:59] profiler_stopUSDT:2026-09-04 03:32:14 489:489 SyncActivityProfilerHandler.cpp:59] profiler_stop





USDT:2026-09-04 03:32:14 485:485 SyncActivityProfilerHandler.cpp:59] profiler_stop
USDT:2026-09-04 03:32:14 488:488 SyncActivityProfilerHandler.cpp:59] profiler_stop
   * EP:  15/16 | dispatch: 116 GB/s (SO), 380 GB/s (SU), 1055.000 us, 401132160 bytes | copy: 4462 GB/s, 179.805 us
   * EP:  10/16 | dispatch: 116 GB/s (SO), 380 GB/s (SU), 1055.000 us, 401364288 bytes | copy: 4531 GB/s, 177.164 us
   * EP:  13/16 | dispatch: 116 GB/s (SO), 380 GB/s (SU), 1052.000 us, 399612096 bytes | copy: 3351 GB/s, 238.527 us
   * EP:  14/16 | dispatch: 116 GB/s (SO), 382 GB/s (SU), 1054.000 us, 402105600 bytes | copy: 5410 GB/s, 148.657 us
   * EP:  11/16 | dispatch: 116 GB/s (SO), 378 GB/s (SU), 1055.000 us, 399177792 bytes | copy: 4713 GB/s, 169.383 us
   * EP:   9/16 | dispatch: 116 GB/s (SO), 380 GB/s (SU), 1052.000 us, 399499776 bytes | copy: 3331 GB/s, 239.848 us   * EP:   8/16 | dispatch: 116 GB/s (SO), 377 GB/s (SU), 1054.000 us, 397245888 bytes | copy: 5623 GB/s, 141.295 us

   * EP:  12/16 | dispatch: 116 GB/s (SO), 380 GB/s (SU), 1054.000 us, 400622976 bytes | copy: 5064 GB/s, 158.237 us
USDT:2026-09-04 03:32:14 491:491 SyncActivityProfilerHandler.cpp:52] profiler_startUSDT:2026-09-04 03:32:14 490:490 SyncActivityProfilerHandler.cpp:52] profiler_startUSDT:2026-09-04 03:32:14 485:485 SyncActivityProfilerHandler.cpp:52] profiler_startUSDT:2026-09-04 03:32:14 488:488 SyncActivityProfilerHandler.cpp:52] profiler_startUSDT:2026-09-04 03:32:14 489:489 SyncActivityProfilerHandler.cpp:52] profiler_startUSDT:2026-09-04 03:32:14 486:486 SyncActivityProfilerHandler.cpp:52] profiler_start





USDT:2026-09-04 03:32:14 492:492 SyncActivityProfilerHandler.cpp:52] profiler_startUSDT:2026-09-04 03:32:14 487:487 SyncActivityProfilerHandler.cpp:52] profiler_start

USDT:2026-09-04 03:32:15 492:492 SyncActivityProfilerHandler.cpp:59] profiler_stopUSDT:2026-09-04 03:32:15 485:485 SyncActivityProfilerHandler.cpp:59] profiler_stop

USDT:2026-09-04 03:32:15 490:490 SyncActivityProfilerHandler.cpp:59] profiler_stop
USDT:2026-09-04 03:32:15 486:486 SyncActivityProfilerHandler.cpp:59] profiler_stopUSDT:2026-09-04 03:32:15 489:489 SyncActivityProfilerHandler.cpp:59] profiler_stop
USDT:2026-09-04 03:32:15 491:491 SyncActivityProfilerHandler.cpp:59] profiler_stop
USDT:2026-09-04 03:32:15 487:487 SyncActivityProfilerHandler.cpp:59] profiler_stop

USDT:2026-09-04 03:32:15 488:488 SyncActivityProfilerHandler.cpp:59] profiler_stop
   - EP:   8/16 | expanded dispatch: 117 GB/s (SO), 380 GB/s (SU), 1045.000 us, 397245888 bytes | copy: 5134 GB/s, 173.970 us
   - EP:  10/16 | expanded dispatch: 117 GB/s (SO), 384 GB/s (SU), 1046.000 us, 401364288 bytes | copy: 4143 GB/s, 217.986 us
   - EP:  15/16 | expanded dispatch: 117 GB/s (SO), 383 GB/s (SU), 1046.000 us, 401132160 bytes | copy: 4231 GB/s, 212.798 us
   - EP:   9/16 | expanded dispatch: 117 GB/s (SO), 383 GB/s (SU), 1043.000 us, 399499776 bytes | copy: 3267 GB/s, 275.096 us   - EP:  14/16 | expanded dispatch: 117 GB/s (SO), 385 GB/s (SU), 1045.000 us, 402105600 bytes | copy: 4957 GB/s, 182.309 us

   - EP:  11/16 | expanded dispatch: 117 GB/s (SO), 382 GB/s (SU), 1045.000 us, 399177792 bytes | copy: 4328 GB/s, 207.793 us
   - EP:  12/16 | expanded dispatch: 117 GB/s (SO), 383 GB/s (SU), 1045.000 us, 400622976 bytes | copy: 4826 GB/s, 186.556 us
   - EP:  13/16 | expanded dispatch: 117 GB/s (SO), 383 GB/s (SU), 1043.000 us, 399612096 bytes | copy: 3247 GB/s, 276.641 us
USDT:2026-09-04 03:32:15 489:489 SyncActivityProfilerHandler.cpp:52] profiler_startUSDT:2026-09-04 03:32:15 488:488 SyncActivityProfilerHandler.cpp:52] profiler_startUSDT:2026-09-04 03:32:15 492:492 SyncActivityProfilerHandler.cpp:52] profiler_start

USDT:2026-09-04 03:32:15 487:487 SyncActivityProfilerHandler.cpp:52] profiler_startUSDT:2026-09-04 03:32:15 490:490 SyncActivityProfilerHandler.cpp:52] profiler_startUSDT:2026-09-04 03:32:15 491:491 SyncActivityProfilerHandler.cpp:52] profiler_startUSDT:2026-09-04 03:32:15 486:486 SyncActivityProfilerHandler.cpp:52] profiler_start
USDT:2026-09-04 03:32:15 485:485 SyncActivityProfilerHandler.cpp:52] profiler_start




USDT:2026-09-04 03:32:15 492:492 SyncActivityProfilerHandler.cpp:59] profiler_stop
USDT:2026-09-04 03:32:15 486:486 SyncActivityProfilerHandler.cpp:59] profiler_stopUSDT:2026-09-04 03:32:15 488:488 SyncActivityProfilerHandler.cpp:59] profiler_stop
USDT:2026-09-04 03:32:15 490:490 SyncActivityProfilerHandler.cpp:59] profiler_stopUSDT:2026-09-04 03:32:15 491:491 SyncActivityProfilerHandler.cpp:59] profiler_stop


USDT:2026-09-04 03:32:15 489:489 SyncActivityProfilerHandler.cpp:59] profiler_stopUSDT:2026-09-04 03:32:15 487:487 SyncActivityProfilerHandler.cpp:59] profiler_stop

USDT:2026-09-04 03:32:15 485:485 SyncActivityProfilerHandler.cpp:59] profiler_stop
   # EP:   9/16 | cached dispatch: 118 GB/s (SO), 385 GB/s (SU), 1037.000 us, 399499776 bytes | copy: 3525 GB/s, 226.645 us
   # EP:  10/16 | cached dispatch: 117 GB/s (SO), 386 GB/s (SU), 1039.000 us, 401364288 bytes | copy: 4894 GB/s, 164.010 us
   # EP:  15/16 | cached dispatch: 117 GB/s (SO), 386 GB/s (SU), 1039.000 us, 401132160 bytes | copy: 4734 GB/s, 169.457 us
   # EP:  13/16 | cached dispatch: 118 GB/s (SO), 386 GB/s (SU), 1036.000 us, 399612096 bytes | copy: 3473 GB/s, 230.098 us
   # EP:  12/16 | cached dispatch: 118 GB/s (SO), 386 GB/s (SU), 1039.000 us, 400622976 bytes | copy: 5416 GB/s, 147.942 us
   # EP:  14/16 | cached dispatch: 118 GB/s (SO), 387 GB/s (SU), 1038.000 us, 402105600 bytes | copy: 5547 GB/s, 144.980 us
   # EP:  11/16 | cached dispatch: 118 GB/s (SO), 384 GB/s (SU), 1039.000 us, 399177792 bytes | copy: 4875 GB/s, 163.754 us
   # EP:   8/16 | cached dispatch: 118 GB/s (SO), 382 GB/s (SU), 1039.000 us, 397245888 bytes | copy: 5640 GB/s, 140.859 us
USDT:2026-09-04 03:32:16 487:487 SyncActivityProfilerHandler.cpp:52] profiler_startUSDT:2026-09-04 03:32:16 492:492 SyncActivityProfilerHandler.cpp:52] profiler_startUSDT:2026-09-04 03:32:16 489:489 SyncActivityProfilerHandler.cpp:52] profiler_start


USDT:2026-09-04 03:32:16 488:488 SyncActivityProfilerHandler.cpp:52] profiler_startUSDT:2026-09-04 03:32:16 486:486 SyncActivityProfilerHandler.cpp:52] profiler_start

USDT:2026-09-04 03:32:16 490:490 SyncActivityProfilerHandler.cpp:52] profiler_start
USDT:2026-09-04 03:32:16 485:485 SyncActivityProfilerHandler.cpp:52] profiler_start
USDT:2026-09-04 03:32:16 491:491 SyncActivityProfilerHandler.cpp:52] profiler_start
USDT:2026-09-04 03:32:16 488:488 SyncActivityProfilerHandler.cpp:59] profiler_stop
USDT:2026-09-04 03:32:16 489:489 SyncActivityProfilerHandler.cpp:59] profiler_stop
USDT:2026-09-04 03:32:16 486:486 SyncActivityProfilerHandler.cpp:59] profiler_stop
USDT:2026-09-04 03:32:16 485:485 SyncActivityProfilerHandler.cpp:59] profiler_stop
USDT:2026-09-04 03:32:16 490:490 SyncActivityProfilerHandler.cpp:59] profiler_stopUSDT:2026-09-04 03:32:16 492:492 SyncActivityProfilerHandler.cpp:59] profiler_stop

USDT:2026-09-04 03:32:16 491:491 SyncActivityProfilerHandler.cpp:59] profiler_stop
USDT:2026-09-04 03:32:16 487:487 SyncActivityProfilerHandler.cpp:59] profiler_stop
   @ EP:  10/16 | combine: 81 GB/s (SO), 266 GB/s (SU), 2898.000 us, 770139168 bytes | reduce: 5309 GB/s, 66.264 us
   @ EP:   9/16 | combine: 81 GB/s (SO), 265 GB/s (SU), 2896.000 us, 766561536 bytes | reduce: 5304 GB/s, 66.377 us
   @ EP:  14/16 | combine: 80 GB/s (SO), 263 GB/s (SU), 2936.000 us, 771561600 bytes | reduce: 5316 GB/s, 66.136 us
   @ EP:  13/16 | combine: 80 GB/s (SO), 263 GB/s (SU), 2916.000 us, 766777056 bytes | reduce: 5287 GB/s, 66.495 us   @ EP:  12/16 | combine: 81 GB/s (SO), 266 GB/s (SU), 2892.000 us, 768716736 bytes | reduce: 5341 GB/s, 65.892 us

   @ EP:  11/16 | combine: 81 GB/s (SO), 265 GB/s (SU), 2890.000 us, 765943712 bytes | reduce: 5326 GB/s, 66.072 us
   @ EP:  15/16 | combine: 80 GB/s (SO), 264 GB/s (SU), 2920.000 us, 769693760 bytes | reduce: 5330 GB/s, 65.970 us
   @ EP:   8/16 | combine: 81 GB/s (SO), 263 GB/s (SU), 2903.000 us, 762236768 bytes | reduce: 5312 GB/s, 66.277 us
USDT:2026-09-04 03:32:17 487:487 SyncActivityProfilerHandler.cpp:52] profiler_start
USDT:2026-09-04 03:32:17 488:488 SyncActivityProfilerHandler.cpp:52] profiler_start
USDT:2026-09-04 03:32:17 486:486 SyncActivityProfilerHandler.cpp:52] profiler_start
USDT:2026-09-04 03:32:17 489:489 SyncActivityProfilerHandler.cpp:52] profiler_startUSDT:2026-09-04 03:32:17 492:492 SyncActivityProfilerHandler.cpp:52] profiler_start

USDT:2026-09-04 03:32:17 491:491 SyncActivityProfilerHandler.cpp:52] profiler_startUSDT:2026-09-04 03:32:17 485:485 SyncActivityProfilerHandler.cpp:52] profiler_start
USDT:2026-09-04 03:32:17 490:490 SyncActivityProfilerHandler.cpp:52] profiler_start

USDT:2026-09-04 03:32:17 491:491 SyncActivityProfilerHandler.cpp:59] profiler_stopUSDT:2026-09-04 03:32:17 486:486 SyncActivityProfilerHandler.cpp:59] profiler_stop

USDT:2026-09-04 03:32:17 487:487 SyncActivityProfilerHandler.cpp:59] profiler_stop
USDT:2026-09-04 03:32:17 489:489 SyncActivityProfilerHandler.cpp:59] profiler_stopUSDT:2026-09-04 03:32:17 492:492 SyncActivityProfilerHandler.cpp:59] profiler_stop

USDT:2026-09-04 03:32:17 488:488 SyncActivityProfilerHandler.cpp:59] profiler_stop
USDT:2026-09-04 03:32:17 490:490 SyncActivityProfilerHandler.cpp:59] profiler_stopUSDT:2026-09-04 03:32:17 485:485 SyncActivityProfilerHandler.cpp:59] profiler_stop

   + EP:  14/16 | reduced combine: 62 GB/s (SO), 205 GB/s (SU), 3760.000 us, 771561600 bytes | reduce: 5304 GB/s, 66.284 us
   + EP:  10/16 | reduced combine: 62 GB/s (SO), 205 GB/s (SU), 3749.000 us, 770139168 bytes | reduce: 5317 GB/s, 66.167 us
   + EP:  15/16 | reduced combine: 62 GB/s (SO), 204 GB/s (SU), 3776.000 us, 769693760 bytes | reduce: 5326 GB/s, 66.020 us
   + EP:   9/16 | reduced combine: 63 GB/s (SO), 205 GB/s (SU), 3746.000 us, 766561536 bytes | reduce: 5310 GB/s, 66.294 us
   + EP:  13/16 | reduced combine: 62 GB/s (SO), 202 GB/s (SU), 3794.000 us, 766777056 bytes | reduce: 5325 GB/s, 66.022 us
   + EP:  12/16 | reduced combine: 62 GB/s (SO), 204 GB/s (SU), 3776.000 us, 768716736 bytes | reduce: 5330 GB/s, 66.026 us
   + EP:  11/16 | reduced combine: 62 GB/s (SO), 204 GB/s (SU), 3751.000 us, 765943712 bytes | reduce: 5328 GB/s, 66.052 us
   + EP:   8/16 | reduced combine: 62 GB/s (SO), 202 GB/s (SU), 3769.000 us, 762236768 bytes | reduce: 5329 GB/s, 66.073 us


