=== EP_NIC_NAME=rdmap101s0 (auto, 400 Gb/s) ===
=== NCCL_IB_HCA=rdmap (auto: non-EFA ibverbs device ibp198s0f0 present) ===
=== GIN: NCCL_GIN_TYPE=5 NCCL_SYM_GIN_KERNELS_ENABLE=0 ===
=== PREFER_OVERLAP=0 (--prefer-overlap-with-compute) ===
=== IMAGE=deepep-v2-efa-official:sm103-bfbdd15  DeepEP=bfbdd15ff448783f877cb2210cb3246c8452b05e ===
+ docker run --rm --init --gpus all --privileged --network=host --ipc=host --ulimit memlock=-1 --ulimit stack=67108864 --device=/dev/infiniband --device=/dev/gdrdrv -v /sys/class/infiniband:/sys/class/infiniband:ro -e MASTER_ADDR=172.31.30.164 -e MASTER_PORT=8612 -e WORLD_SIZE=2 -e RANK=0 -e NCCL_DEBUG=WARN -e EP_NIC_NAME=rdmap101s0 -e NCCL_IB_HCA=rdmap -e NCCL_GIN_TYPE=5 -e NCCL_SYM_GIN_KERNELS_ENABLE=0 -e PYTHONUNBUFFERED=1 -e PYTHONFAULTHANDLER=1 deepep-v2-efa-official:sm103-bfbdd15 bash -lc 'timeout -s ABRT --kill-after=60 1800     python3 -u /opt/DeepEP/tests/elastic/test_ep.py     --num-processes=8 --num-tokens=8192     --hidden=7168 --num-topk=8 --num-experts=256     --num-sms=12 --allow-hybrid-mode=1     --prefer-overlap-with-compute=0 --test-first-only      '

==========
== CUDA ==
==========

CUDA Version 13.3.1

Container image Copyright (c) 2016-2023, NVIDIA CORPORATION & AFFILIATES. All rights reserved.

This container image and its contents are governed by the NVIDIA Deep Learning Container License.
By pulling and using the container, you accept the terms and conditions of this license:
https://developer.nvidia.com/ngc/nvidia-deep-learning-container-license

A copy of this license is made available in this container at /NGC-DL-CONTAINER-LICENSE for your convenience.

NCCL version 2.31.2+cuda13.3
DeepEP hybrid kernel selection: unordered
DeepEP hybrid kernel selection: unordered
DeepEP hybrid kernel selection: unordered
DeepEP hybrid kernel selection: unordered
DeepEP hybrid kernel selection: unordered
DeepEP hybrid kernel selection: unordered
DeepEP hybrid kernel selection: unordered
DeepEP hybrid kernel selection: unordered
DeepEP hybrid kernel selection: unordered
DeepEP hybrid kernel selection: unordered
DeepEP hybrid kernel selection: unordered
DeepEP hybrid kernel selection: unordered
DeepEP hybrid kernel selection: unordered
DeepEP hybrid kernel selection: unordered
DeepEP hybrid kernel selection: unordered
DeepEP hybrid kernel selection: unordered
Config:
 > Ranks: 2 x 8
 > Experts: 8/256
 > Tokens: 8192 (max: 8192), hidden: 7168
 > #SM: 12, #QPs: 11/11

Running all test cases:
 > Testing with do_handle_copy=1, expert_alignment=128, use_fp8_dispatch=1, num_bias=0, with_previous_event=0, async_with_compute_stream=0, allocate_on_comm_stream=0 ...
USDT:2026-09-04 03:57:02 489:489 SyncActivityProfilerHandler.cpp:52] profiler_startUSDT:2026-09-04 03:57:02 491:491 SyncActivityProfilerHandler.cpp:52] profiler_startUSDT:2026-09-04 03:57:02 487:487 SyncActivityProfilerHandler.cpp:52] profiler_startUSDT:2026-09-04 03:57:02 485:485 SyncActivityProfilerHandler.cpp:52] profiler_start



USDT:2026-09-04 03:57:02 488:488 SyncActivityProfilerHandler.cpp:52] profiler_startUSDT:2026-09-04 03:57:02 490:490 SyncActivityProfilerHandler.cpp:52] profiler_startUSDT:2026-09-04 03:57:02 486:486 SyncActivityProfilerHandler.cpp:52] profiler_start


USDT:2026-09-04 03:57:02 484:484 SyncActivityProfilerHandler.cpp:52] profiler_start
USDT:2026-09-04 03:57:02 491:491 SyncActivityProfilerHandler.cpp:59] profiler_stop
USDT:2026-09-04 03:57:02 487:487 SyncActivityProfilerHandler.cpp:59] profiler_stopUSDT:2026-09-04 03:57:02 489:489 SyncActivityProfilerHandler.cpp:59] profiler_stop

USDT:2026-09-04 03:57:02 485:485 SyncActivityProfilerHandler.cpp:59] profiler_stopUSDT:2026-09-04 03:57:02 490:490 SyncActivityProfilerHandler.cpp:59] profiler_stop
USDT:2026-09-04 03:57:02 488:488 SyncActivityProfilerHandler.cpp:59] profiler_stop

USDT:2026-09-04 03:57:02 484:484 SyncActivityProfilerHandler.cpp:59] profiler_stopUSDT:2026-09-04 03:57:02 486:486 SyncActivityProfilerHandler.cpp:59] profiler_stop

   * EP:   7/16 | dispatch: 116 GB/s (SO), 381 GB/s (SU), 1050.000 us, 399904128 bytes | copy: 4656 GB/s, 171.770 us
   * EP:   5/16 | dispatch: 116 GB/s (SO), 382 GB/s (SU), 1050.000 us, 401401728 bytes | copy: 5061 GB/s, 158.629 us
   * EP:   4/16 | dispatch: 116 GB/s (SO), 382 GB/s (SU), 1050.000 us, 400593024 bytes | copy: 4669 GB/s, 171.594 us
   * EP:   3/16 | dispatch: 117 GB/s (SO), 382 GB/s (SU), 1050.000 us, 400982400 bytes | copy: 4678 GB/s, 171.431 us
   * EP:   1/16 | dispatch: 116 GB/s (SO), 381 GB/s (SU), 1050.000 us, 400158720 bytes | copy: 4262 GB/s, 187.782 us
   * EP:   6/16 | dispatch: 116 GB/s (SO), 379 GB/s (SU), 1050.000 us, 397433088 bytes | copy: 5359 GB/s, 148.324 us
   * EP:   0/16 | dispatch: 117 GB/s (SO), 378 GB/s (SU), 1049.000 us, 396212544 bytes | copy: 5459 GB/s, 145.154 us
   * EP:   2/16 | dispatch: 116 GB/s (SO), 381 GB/s (SU), 1050.000 us, 399746880 bytes | copy: 5048 GB/s, 158.373 us
USDT:2026-09-04 03:57:02 491:491 SyncActivityProfilerHandler.cpp:52] profiler_startUSDT:2026-09-04 03:57:02 490:490 SyncActivityProfilerHandler.cpp:52] profiler_startUSDT:2026-09-04 03:57:02 485:485 SyncActivityProfilerHandler.cpp:52] profiler_startUSDT:2026-09-04 03:57:02 489:489 SyncActivityProfilerHandler.cpp:52] profiler_startUSDT:2026-09-04 03:57:02 486:486 SyncActivityProfilerHandler.cpp:52] profiler_start
USDT:2026-09-04 03:57:02 484:484 SyncActivityProfilerHandler.cpp:52] profiler_startUSDT:2026-09-04 03:57:02 488:488 SyncActivityProfilerHandler.cpp:52] profiler_start

USDT:2026-09-04 03:57:02 487:487 SyncActivityProfilerHandler.cpp:52] profiler_start




USDT:2026-09-04 03:57:03 487:487 SyncActivityProfilerHandler.cpp:59] profiler_stopUSDT:2026-09-04 03:57:03 490:490 SyncActivityProfilerHandler.cpp:59] profiler_stopUSDT:2026-09-04 03:57:03 491:491 SyncActivityProfilerHandler.cpp:59] profiler_stopUSDT:2026-09-04 03:57:03 485:485 SyncActivityProfilerHandler.cpp:59] profiler_stopUSDT:2026-09-04 03:57:03 488:488 SyncActivityProfilerHandler.cpp:59] profiler_stopUSDT:2026-09-04 03:57:03 484:484 SyncActivityProfilerHandler.cpp:59] profiler_stop

USDT:2026-09-04 03:57:03 486:486 SyncActivityProfilerHandler.cpp:59] profiler_stopUSDT:2026-09-04 03:57:03 489:489 SyncActivityProfilerHandler.cpp:59] profiler_stop





   - EP:   7/16 | expanded dispatch: 116 GB/s (SO), 380 GB/s (SU), 1053.000 us, 399904128 bytes | copy: 4231 GB/s, 212.485 us
   - EP:   1/16 | expanded dispatch: 116 GB/s (SO), 380 GB/s (SU), 1052.000 us, 400158720 bytes | copy: 4025 GB/s, 223.466 us
   - EP:   3/16 | expanded dispatch: 116 GB/s (SO), 381 GB/s (SU), 1052.000 us, 400982400 bytes | copy: 4300 GB/s, 210.086 us
   - EP:   6/16 | expanded dispatch: 116 GB/s (SO), 378 GB/s (SU), 1052.000 us, 397433088 bytes | copy: 4796 GB/s, 186.583 us
   - EP:   5/16 | expanded dispatch: 116 GB/s (SO), 382 GB/s (SU), 1052.000 us, 401401728 bytes | copy: 4610 GB/s, 195.650 us
   - EP:   4/16 | expanded dispatch: 116 GB/s (SO), 380 GB/s (SU), 1053.000 us, 400593024 bytes | copy: 4272 GB/s, 210.676 us
   - EP:   0/16 | expanded dispatch: 116 GB/s (SO), 377 GB/s (SU), 1051.000 us, 396212544 bytes | copy: 4822 GB/s, 184.410 us
   - EP:   2/16 | expanded dispatch: 116 GB/s (SO), 380 GB/s (SU), 1052.000 us, 399746880 bytes | copy: 4547 GB/s, 197.743 us
USDT:2026-09-04 03:57:03 487:487 SyncActivityProfilerHandler.cpp:52] profiler_startUSDT:2026-09-04 03:57:03 491:491 SyncActivityProfilerHandler.cpp:52] profiler_startUSDT:2026-09-04 03:57:03 488:488 SyncActivityProfilerHandler.cpp:52] profiler_startUSDT:2026-09-04 03:57:03 485:485 SyncActivityProfilerHandler.cpp:52] profiler_startUSDT:2026-09-04 03:57:03 484:484 SyncActivityProfilerHandler.cpp:52] profiler_start


USDT:2026-09-04 03:57:03 489:489 SyncActivityProfilerHandler.cpp:52] profiler_start

USDT:2026-09-04 03:57:03 486:486 SyncActivityProfilerHandler.cpp:52] profiler_startUSDT:2026-09-04 03:57:03 490:490 SyncActivityProfilerHandler.cpp:52] profiler_start


USDT:2026-09-04 03:57:03 491:491 SyncActivityProfilerHandler.cpp:59] profiler_stop
USDT:2026-09-04 03:57:03 485:485 SyncActivityProfilerHandler.cpp:59] profiler_stopUSDT:2026-09-04 03:57:03 488:488 SyncActivityProfilerHandler.cpp:59] profiler_stopUSDT:2026-09-04 03:57:03 486:486 SyncActivityProfilerHandler.cpp:59] profiler_stopUSDT:2026-09-04 03:57:03 489:489 SyncActivityProfilerHandler.cpp:59] profiler_stop


USDT:2026-09-04 03:57:03 487:487 SyncActivityProfilerHandler.cpp:59] profiler_stop
USDT:2026-09-04 03:57:03 490:490 SyncActivityProfilerHandler.cpp:59] profiler_stop

USDT:2026-09-04 03:57:03 484:484 SyncActivityProfilerHandler.cpp:59] profiler_stop
   # EP:   7/16 | cached dispatch: 118 GB/s (SO), 386 GB/s (SU), 1035.000 us, 399904128 bytes | copy: 4783 GB/s, 167.202 us
   # EP:   5/16 | cached dispatch: 118 GB/s (SO), 388 GB/s (SU), 1034.000 us, 401401728 bytes | copy: 5279 GB/s, 152.081 us
   # EP:   3/16 | cached dispatch: 118 GB/s (SO), 387 GB/s (SU), 1035.000 us, 400982400 bytes | copy: 4886 GB/s, 164.135 us
   # EP:   1/16 | cached dispatch: 118 GB/s (SO), 387 GB/s (SU), 1035.000 us, 400158720 bytes | copy: 4592 GB/s, 174.300 us
   # EP:   0/16 | cached dispatch: 118 GB/s (SO), 383 GB/s (SU), 1034.000 us, 396212544 bytes | copy: 5652 GB/s, 140.209 us
   # EP:   2/16 | cached dispatch: 118 GB/s (SO), 387 GB/s (SU), 1034.000 us, 399746880 bytes | copy: 5180 GB/s, 154.338 us
   # EP:   6/16 | cached dispatch: 118 GB/s (SO), 384 GB/s (SU), 1034.000 us, 397433088 bytes | copy: 5595 GB/s, 142.060 us
   # EP:   4/16 | cached dispatch: 118 GB/s (SO), 387 GB/s (SU), 1035.000 us, 400593024 bytes | copy: 4940 GB/s, 162.172 us
USDT:2026-09-04 03:57:04 485:485 SyncActivityProfilerHandler.cpp:52] profiler_start
USDT:2026-09-04 03:57:04 488:488 SyncActivityProfilerHandler.cpp:52] profiler_startUSDT:2026-09-04 03:57:04 484:484 SyncActivityProfilerHandler.cpp:52] profiler_startUSDT:2026-09-04 03:57:04 486:486 SyncActivityProfilerHandler.cpp:52] profiler_start


USDT:2026-09-04 03:57:04 487:487 SyncActivityProfilerHandler.cpp:52] profiler_start
USDT:2026-09-04 03:57:04 490:490 SyncActivityProfilerHandler.cpp:52] profiler_startUSDT:2026-09-04 03:57:04 489:489 SyncActivityProfilerHandler.cpp:52] profiler_startUSDT:2026-09-04 03:57:04 491:491 SyncActivityProfilerHandler.cpp:52] profiler_start


USDT:2026-09-04 03:57:04 485:485 SyncActivityProfilerHandler.cpp:59] profiler_stopUSDT:2026-09-04 03:57:04 488:488 SyncActivityProfilerHandler.cpp:59] profiler_stop

USDT:2026-09-04 03:57:04 487:487 SyncActivityProfilerHandler.cpp:59] profiler_stopUSDT:2026-09-04 03:57:04 486:486 SyncActivityProfilerHandler.cpp:59] profiler_stop

USDT:2026-09-04 03:57:04 484:484 SyncActivityProfilerHandler.cpp:59] profiler_stop
USDT:2026-09-04 03:57:04 489:489 SyncActivityProfilerHandler.cpp:59] profiler_stop
USDT:2026-09-04 03:57:04 491:491 SyncActivityProfilerHandler.cpp:59] profiler_stop
USDT:2026-09-04 03:57:04 490:490 SyncActivityProfilerHandler.cpp:59] profiler_stop
   @ EP:   7/16 | combine: 80 GB/s (SO), 261 GB/s (SU), 2943.000 us, 767337408 bytes | reduce: 5289 GB/s, 66.585 us
   @ EP:   3/16 | combine: 82 GB/s (SO), 267 GB/s (SU), 2879.000 us, 769406400 bytes | reduce: 5304 GB/s, 66.444 us
   @ EP:   2/16 | combine: 81 GB/s (SO), 265 GB/s (SU), 2891.000 us, 767035680 bytes | reduce: 5306 GB/s, 66.392 us
   @ EP:   5/16 | combine: 81 GB/s (SO), 266 GB/s (SU), 2898.000 us, 770211008 bytes | reduce: 5321 GB/s, 66.172 us
   @ EP:   1/16 | combine: 81 GB/s (SO), 266 GB/s (SU), 2891.000 us, 767825920 bytes | reduce: 5319 GB/s, 66.242 us
   @ EP:   4/16 | combine: 81 GB/s (SO), 267 GB/s (SU), 2882.000 us, 768659264 bytes | reduce: 5282 GB/s, 66.684 us
   @ EP:   0/16 | combine: 81 GB/s (SO), 262 GB/s (SU), 2902.000 us, 760253984 bytes | reduce: 5314 GB/s, 66.315 us
   @ EP:   6/16 | combine: 80 GB/s (SO), 260 GB/s (SU), 2932.000 us, 762595968 bytes | reduce: 5320 GB/s, 66.161 us
USDT:2026-09-04 03:57:05 490:490 SyncActivityProfilerHandler.cpp:52] profiler_startUSDT:2026-09-04 03:57:05 491:491 SyncActivityProfilerHandler.cpp:52] profiler_start

USDT:2026-09-04 03:57:05 485:485 SyncActivityProfilerHandler.cpp:52] profiler_start
USDT:2026-09-04 03:57:05 489:489 SyncActivityProfilerHandler.cpp:52] profiler_start
USDT:2026-09-04 03:57:05 487:487 SyncActivityProfilerHandler.cpp:52] profiler_start
USDT:2026-09-04 03:57:05 484:484 SyncActivityProfilerHandler.cpp:52] profiler_start
USDT:2026-09-04 03:57:05 486:486 SyncActivityProfilerHandler.cpp:52] profiler_start
USDT:2026-09-04 03:57:05 488:488 SyncActivityProfilerHandler.cpp:52] profiler_start
USDT:2026-09-04 03:57:05 485:485 SyncActivityProfilerHandler.cpp:59] profiler_stop
USDT:2026-09-04 03:57:05 489:489 SyncActivityProfilerHandler.cpp:59] profiler_stop
USDT:2026-09-04 03:57:05 491:491 SyncActivityProfilerHandler.cpp:59] profiler_stop
USDT:2026-09-04 03:57:05 490:490 SyncActivityProfilerHandler.cpp:59] profiler_stop
USDT:2026-09-04 03:57:05 487:487 SyncActivityProfilerHandler.cpp:59] profiler_stopUSDT:2026-09-04 03:57:05 488:488 SyncActivityProfilerHandler.cpp:59] profiler_stop

USDT:2026-09-04 03:57:05 484:484 SyncActivityProfilerHandler.cpp:59] profiler_stop
USDT:2026-09-04 03:57:05 486:486 SyncActivityProfilerHandler.cpp:59] profiler_stop
   + EP:   1/16 | reduced combine: 63 GB/s (SO), 205 GB/s (SU), 3741.000 us, 767825920 bytes | reduce: 5317 GB/s, 66.259 us
   + EP:   7/16 | reduced combine: 63 GB/s (SO), 205 GB/s (SU), 3740.000 us, 767337408 bytes | reduce: 5319 GB/s, 66.208 us
   + EP:   5/16 | reduced combine: 62 GB/s (SO), 205 GB/s (SU), 3754.000 us, 770211008 bytes | reduce: 5224 GB/s, 67.399 us
   + EP:   3/16 | reduced combine: 62 GB/s (SO), 204 GB/s (SU), 3779.000 us, 769406400 bytes | reduce: 5301 GB/s, 66.475 us
   + EP:   4/16 | reduced combine: 62 GB/s (SO), 202 GB/s (SU), 3798.000 us, 768659264 bytes | reduce: 5276 GB/s, 66.761 us
   + EP:   0/16 | reduced combine: 62 GB/s (SO), 201 GB/s (SU), 3785.000 us, 760253984 bytes | reduce: 5313 GB/s, 66.329 us
   + EP:   2/16 | reduced combine: 61 GB/s (SO), 200 GB/s (SU), 3837.000 us, 767035680 bytes | reduce: 5326 GB/s, 66.146 us
   + EP:   6/16 | reduced combine: 63 GB/s (SO), 204 GB/s (SU), 3735.000 us, 762595968 bytes | reduce: 5332 GB/s, 66.012 us


