=== EP_NIC_NAME=rdmap101s0 (auto, 400 Gb/s) ===
=== NCCL_IB_HCA=rdmap (auto: non-EFA ibverbs device ibp198s0f0 present) ===
=== GIN: NCCL_GIN_TYPE=5 NCCL_SYM_GIN_KERNELS_ENABLE=0 ===
=== PREFER_OVERLAP=0 (--prefer-overlap-with-compute) ===
=== IMAGE=deepep-v2-efa-official:sm103-bfbdd15  DeepEP=bfbdd15ff448783f877cb2210cb3246c8452b05e ===
+ docker run --rm --init --gpus all --privileged --network=host --ipc=host --ulimit memlock=-1 --ulimit stack=67108864 --device=/dev/infiniband --device=/dev/gdrdrv -v /sys/class/infiniband:/sys/class/infiniband:ro -e MASTER_ADDR=172.31.30.41 -e MASTER_PORT=8707 -e WORLD_SIZE=4 -e RANK=3 -e NCCL_DEBUG=WARN -e EP_NIC_NAME=rdmap101s0 -e NCCL_IB_HCA=rdmap -e NCCL_GIN_TYPE=5 -e NCCL_SYM_GIN_KERNELS_ENABLE=0 -e EP_MIN_TOKENS_PER_PART=1 -e PYTHONUNBUFFERED=1 -e PYTHONFAULTHANDLER=1 deepep-v2-efa-official:sm103-bfbdd15 bash -lc 'timeout -s ABRT --kill-after=60 1800     python3 -u /opt/DeepEP/tests/elastic/test_ep.py     --num-processes=8 --num-tokens=128     --hidden=7168 --num-topk=8 --num-experts=256     --num-sms=12 --allow-hybrid-mode=1     --prefer-overlap-with-compute=0 --test-first-only      '

==========
== CUDA ==
==========

CUDA Version 13.3.1

Container image Copyright (c) 2016-2023, NVIDIA CORPORATION & AFFILIATES. All rights reserved.

This container image and its contents are governed by the NVIDIA Deep Learning Container License.
By pulling and using the container, you accept the terms and conditions of this license:
https://developer.nvidia.com/ngc/nvidia-deep-learning-container-license

A copy of this license is made available in this container at /NGC-DL-CONTAINER-LICENSE for your convenience.

DeepEP hybrid kernel selection: unordered
DeepEP hybrid kernel selection: unordered
DeepEP hybrid kernel selection: unordered
DeepEP hybrid kernel selection: unordered
DeepEP hybrid kernel selection: unordered
DeepEP hybrid kernel selection: unordered
DeepEP hybrid kernel selection: unordered
DeepEP hybrid kernel selection: unordered
DeepEP hybrid kernel selection: unordered
DeepEP hybrid kernel selection: unordered
DeepEP hybrid kernel selection: unordered
DeepEP hybrid kernel selection: unordered
DeepEP hybrid kernel selection: unordered
DeepEP hybrid kernel selection: unordered
DeepEP hybrid kernel selection: unordered
DeepEP hybrid kernel selection: unordered
Config:
 > Ranks: 4 x 8
 > Experts: 8/256
 > Tokens: 104 (max: 128), hidden: 7168
 > #SM: 12, #QPs: 11/11

Running all test cases:
 > Testing with do_handle_copy=1, expert_alignment=128, use_fp8_dispatch=1, num_bias=0, with_previous_event=0, async_with_compute_stream=0, allocate_on_comm_stream=0 ...
USDT:2026-09-04 04:43:54 490:490 SyncActivityProfilerHandler.cpp:52] profiler_startUSDT:2026-09-04 04:43:54 496:496 SyncActivityProfilerHandler.cpp:52] profiler_startUSDT:2026-09-04 04:43:54 493:493 SyncActivityProfilerHandler.cpp:52] profiler_startUSDT:2026-09-04 04:43:54 489:489 SyncActivityProfilerHandler.cpp:52] profiler_startUSDT:2026-09-04 04:43:54 495:495 SyncActivityProfilerHandler.cpp:52] profiler_start



USDT:2026-09-04 04:43:54 492:492 SyncActivityProfilerHandler.cpp:52] profiler_start

USDT:2026-09-04 04:43:54 491:491 SyncActivityProfilerHandler.cpp:52] profiler_startUSDT:2026-09-04 04:43:54 494:494 SyncActivityProfilerHandler.cpp:52] profiler_start

USDT:2026-09-04 04:43:55 493:493 SyncActivityProfilerHandler.cpp:59] profiler_stopUSDT:2026-09-04 04:43:55 495:495 SyncActivityProfilerHandler.cpp:59] profiler_stopUSDT:2026-09-04 04:43:55 492:492 SyncActivityProfilerHandler.cpp:59] profiler_stopUSDT:2026-09-04 04:43:55 496:496 SyncActivityProfilerHandler.cpp:59] profiler_stop
USDT:2026-09-04 04:43:55 491:491 SyncActivityProfilerHandler.cpp:59] profiler_stop


USDT:2026-09-04 04:43:55 489:489 SyncActivityProfilerHandler.cpp:59] profiler_stopUSDT:2026-09-04 04:43:55 490:490 SyncActivityProfilerHandler.cpp:59] profiler_stop


USDT:2026-09-04 04:43:55 494:494 SyncActivityProfilerHandler.cpp:59] profiler_stop
   * EP:  31/32 | dispatch: 8 GB/s (SO), 19 GB/s (SU), 315.487 us, 5923008 bytes | copy: 274 GB/s, 43.287 us
   * EP:  30/32 | dispatch: 8 GB/s (SO), 20 GB/s (SU), 315.269 us, 6342336 bytes | copy: 500 GB/s, 25.367 us
   * EP:  26/32 | dispatch: 9 GB/s (SO), 20 GB/s (SU), 315.432 us, 6200064 bytes | copy: 692 GB/s, 17.909 us
   * EP:  28/32 | dispatch: 9 GB/s (SO), 20 GB/s (SU), 316.047 us, 6177600 bytes | copy: 291 GB/s, 42.513 us
   * EP:  25/32 | dispatch: 9 GB/s (SO), 19 GB/s (SU), 311.455 us, 5863104 bytes | copy: 319 GB/s, 36.814 us
   * EP:  27/32 | dispatch: 9 GB/s (SO), 20 GB/s (SU), 315.972 us, 6215040 bytes | copy: 322 GB/s, 38.569 us
   * EP:  24/32 | dispatch: 9 GB/s (SO), 20 GB/s (SU), 316.081 us, 6424704 bytes | copy: 565 GB/s, 22.729 us
   * EP:  29/32 | dispatch: 9 GB/s (SO), 18 GB/s (SU), 315.163 us, 5818176 bytes | copy: 1174 GB/s, 9.909 us
USDT:2026-09-04 04:43:55 493:493 SyncActivityProfilerHandler.cpp:52] profiler_startUSDT:2026-09-04 04:43:55 495:495 SyncActivityProfilerHandler.cpp:52] profiler_startUSDT:2026-09-04 04:43:55 496:496 SyncActivityProfilerHandler.cpp:52] profiler_startUSDT:2026-09-04 04:43:55 494:494 SyncActivityProfilerHandler.cpp:52] profiler_startUSDT:2026-09-04 04:43:55 492:492 SyncActivityProfilerHandler.cpp:52] profiler_startUSDT:2026-09-04 04:43:55 491:491 SyncActivityProfilerHandler.cpp:52] profiler_startUSDT:2026-09-04 04:43:55 490:490 SyncActivityProfilerHandler.cpp:52] profiler_start


USDT:2026-09-04 04:43:55 489:489 SyncActivityProfilerHandler.cpp:52] profiler_start




USDT:2026-09-04 04:43:55 491:491 SyncActivityProfilerHandler.cpp:59] profiler_stopUSDT:2026-09-04 04:43:55 490:490 SyncActivityProfilerHandler.cpp:59] profiler_stopUSDT:2026-09-04 04:43:55 496:496 SyncActivityProfilerHandler.cpp:59] profiler_stop

USDT:2026-09-04 04:43:55 494:494 SyncActivityProfilerHandler.cpp:59] profiler_stop
USDT:2026-09-04 04:43:55 495:495 SyncActivityProfilerHandler.cpp:59] profiler_stop
USDT:2026-09-04 04:43:55 493:493 SyncActivityProfilerHandler.cpp:59] profiler_stop
USDT:2026-09-04 04:43:55 492:492 SyncActivityProfilerHandler.cpp:59] profiler_stop

USDT:2026-09-04 04:43:55 489:489 SyncActivityProfilerHandler.cpp:59] profiler_stop
   - EP:  30/32 | expanded dispatch: 8 GB/s (SO), 20 GB/s (SU), 316.855 us, 6342336 bytes | copy: 594 GB/s, 25.131 us
   - EP:  31/32 | expanded dispatch: 8 GB/s (SO), 19 GB/s (SU), 316.989 us, 5923008 bytes | copy: 294 GB/s, 45.930 us
   - EP:  26/32 | expanded dispatch: 9 GB/s (SO), 20 GB/s (SU), 316.704 us, 6200064 bytes | copy: 779 GB/s, 18.833 us
   - EP:  27/32 | expanded dispatch: 9 GB/s (SO), 20 GB/s (SU), 317.402 us, 6215040 bytes | copy: 406 GB/s, 38.455 us
   - EP:  28/32 | expanded dispatch: 9 GB/s (SO), 19 GB/s (SU), 317.388 us, 6177600 bytes | copy: 328 GB/s, 42.252 us
   - EP:  24/32 | expanded dispatch: 9 GB/s (SO), 20 GB/s (SU), 317.479 us, 6424704 bytes | copy: 553 GB/s, 25.456 us
   - EP:  29/32 | expanded dispatch: 8 GB/s (SO), 18 GB/s (SU), 316.624 us, 5818176 bytes | copy: 1179 GB/s, 11.344 us
   - EP:  25/32 | expanded dispatch: 9 GB/s (SO), 19 GB/s (SU), 312.955 us, 5863104 bytes | copy: 345 GB/s, 38.654 us
USDT:2026-09-04 04:43:56 489:489 SyncActivityProfilerHandler.cpp:52] profiler_startUSDT:2026-09-04 04:43:56 491:491 SyncActivityProfilerHandler.cpp:52] profiler_startUSDT:2026-09-04 04:43:56 490:490 SyncActivityProfilerHandler.cpp:52] profiler_startUSDT:2026-09-04 04:43:56 495:495 SyncActivityProfilerHandler.cpp:52] profiler_startUSDT:2026-09-04 04:43:56 493:493 SyncActivityProfilerHandler.cpp:52] profiler_start
USDT:2026-09-04 04:43:56 494:494 SyncActivityProfilerHandler.cpp:52] profiler_startUSDT:2026-09-04 04:43:56 492:492 SyncActivityProfilerHandler.cpp:52] profiler_start





USDT:2026-09-04 04:43:56 496:496 SyncActivityProfilerHandler.cpp:52] profiler_start
USDT:2026-09-04 04:43:56 490:490 SyncActivityProfilerHandler.cpp:59] profiler_stop
USDT:2026-09-04 04:43:56 493:493 SyncActivityProfilerHandler.cpp:59] profiler_stopUSDT:2026-09-04 04:43:56 496:496 SyncActivityProfilerHandler.cpp:59] profiler_stopUSDT:2026-09-04 04:43:56 491:491 SyncActivityProfilerHandler.cpp:59] profiler_stop
USDT:2026-09-04 04:43:56 494:494 SyncActivityProfilerHandler.cpp:59] profiler_stop
USDT:2026-09-04 04:43:56 495:495 SyncActivityProfilerHandler.cpp:59] profiler_stopUSDT:2026-09-04 04:43:56 492:492 SyncActivityProfilerHandler.cpp:59] profiler_stop
USDT:2026-09-04 04:43:56 489:489 SyncActivityProfilerHandler.cpp:59] profiler_stop



   # EP:  28/32 | cached dispatch: 9 GB/s (SO), 19 GB/s (SU), 319.899 us, 6177600 bytes | copy: 360 GB/s, 34.278 us
   # EP:  25/32 | cached dispatch: 9 GB/s (SO), 18 GB/s (SU), 317.416 us, 5863104 bytes | copy: 333 GB/s, 35.232 us
   # EP:  30/32 | cached dispatch: 8 GB/s (SO), 20 GB/s (SU), 318.038 us, 6342336 bytes | copy: 608 GB/s, 20.875 us
   # EP:  26/32 | cached dispatch: 9 GB/s (SO), 19 GB/s (SU), 318.586 us, 6200064 bytes | copy: 726 GB/s, 17.089 us
   # EP:  27/32 | cached dispatch: 9 GB/s (SO), 20 GB/s (SU), 318.705 us, 6215040 bytes | copy: 453 GB/s, 27.447 us
   # EP:  29/32 | cached dispatch: 8 GB/s (SO), 18 GB/s (SU), 317.624 us, 5818176 bytes | copy: 1552 GB/s, 7.497 us
   # EP:  24/32 | cached dispatch: 9 GB/s (SO), 20 GB/s (SU), 319.826 us, 6424704 bytes | copy: 530 GB/s, 24.237 us
   # EP:  31/32 | cached dispatch: 8 GB/s (SO), 19 GB/s (SU), 319.505 us, 5923008 bytes | copy: 337 GB/s, 35.168 us
USDT:2026-09-04 04:43:57 496:496 SyncActivityProfilerHandler.cpp:52] profiler_startUSDT:2026-09-04 04:43:57 492:492 SyncActivityProfilerHandler.cpp:52] profiler_start

USDT:2026-09-04 04:43:57 493:493 SyncActivityProfilerHandler.cpp:52] profiler_start
USDT:2026-09-04 04:43:57 489:489 SyncActivityProfilerHandler.cpp:52] profiler_startUSDT:2026-09-04 04:43:57 490:490 SyncActivityProfilerHandler.cpp:52] profiler_start
USDT:2026-09-04 04:43:57 495:495 SyncActivityProfilerHandler.cpp:52] profiler_start
USDT:2026-09-04 04:43:57 494:494 SyncActivityProfilerHandler.cpp:52] profiler_startUSDT:2026-09-04 04:43:57 491:491 SyncActivityProfilerHandler.cpp:52] profiler_start


USDT:2026-09-04 04:43:57 490:490 SyncActivityProfilerHandler.cpp:59] profiler_stopUSDT:2026-09-04 04:43:57 493:493 SyncActivityProfilerHandler.cpp:59] profiler_stop

USDT:2026-09-04 04:43:57 492:492 SyncActivityProfilerHandler.cpp:59] profiler_stopUSDT:2026-09-04 04:43:57 491:491 SyncActivityProfilerHandler.cpp:59] profiler_stopUSDT:2026-09-04 04:43:57 494:494 SyncActivityProfilerHandler.cpp:59] profiler_stop
USDT:2026-09-04 04:43:57 489:489 SyncActivityProfilerHandler.cpp:59] profiler_stop


USDT:2026-09-04 04:43:57 495:495 SyncActivityProfilerHandler.cpp:59] profiler_stop
USDT:2026-09-04 04:43:57 496:496 SyncActivityProfilerHandler.cpp:59] profiler_stop
   @ EP:  28/32 | combine: 18 GB/s (SO), 41 GB/s (SU), 287.695 us, 11853600 bytes | reduce: 1060 GB/s, 6.346 us
   @ EP:  26/32 | combine: 18 GB/s (SO), 41 GB/s (SU), 293.127 us, 11896704 bytes | reduce: 1087 GB/s, 6.198 us
   @ EP:  27/32 | combine: 18 GB/s (SO), 41 GB/s (SU), 288.222 us, 11925440 bytes | reduce: 1079 GB/s, 6.191 us
   @ EP:  25/32 | combine: 19 GB/s (SO), 40 GB/s (SU), 281.227 us, 11250144 bytes | reduce: 1054 GB/s, 6.478 us
   @ EP:  29/32 | combine: 17 GB/s (SO), 38 GB/s (SU), 296.740 us, 11163936 bytes | reduce: 1050 GB/s, 6.269 us   @ EP:  31/32 | combine: 18 GB/s (SO), 40 GB/s (SU), 282.013 us, 11365088 bytes | reduce: 1017 GB/s, 6.430 us

   @ EP:  24/32 | combine: 18 GB/s (SO), 42 GB/s (SU), 296.617 us, 12327744 bytes | reduce: 1121 GB/s, 6.150 us
   @ EP:  30/32 | combine: 17 GB/s (SO), 41 GB/s (SU), 294.421 us, 12169696 bytes | reduce: 1013 GB/s, 6.327 us
USDT:2026-09-04 04:43:57 490:490 SyncActivityProfilerHandler.cpp:52] profiler_startUSDT:2026-09-04 04:43:57 496:496 SyncActivityProfilerHandler.cpp:52] profiler_startUSDT:2026-09-04 04:43:57 493:493 SyncActivityProfilerHandler.cpp:52] profiler_start


USDT:2026-09-04 04:43:57 492:492 SyncActivityProfilerHandler.cpp:52] profiler_start
USDT:2026-09-04 04:43:57 495:495 SyncActivityProfilerHandler.cpp:52] profiler_start
USDT:2026-09-04 04:43:57 491:491 SyncActivityProfilerHandler.cpp:52] profiler_startUSDT:2026-09-04 04:43:57 489:489 SyncActivityProfilerHandler.cpp:52] profiler_start

USDT:2026-09-04 04:43:57 494:494 SyncActivityProfilerHandler.cpp:52] profiler_start
USDT:2026-09-04 04:43:58 493:493 SyncActivityProfilerHandler.cpp:59] profiler_stopUSDT:2026-09-04 04:43:58 490:490 SyncActivityProfilerHandler.cpp:59] profiler_stopUSDT:2026-09-04 04:43:58 492:492 SyncActivityProfilerHandler.cpp:59] profiler_stopUSDT:2026-09-04 04:43:58 494:494 SyncActivityProfilerHandler.cpp:59] profiler_stop


USDT:2026-09-04 04:43:58 496:496 SyncActivityProfilerHandler.cpp:59] profiler_stopUSDT:2026-09-04 04:43:58 489:489 SyncActivityProfilerHandler.cpp:59] profiler_stop
USDT:2026-09-04 04:43:58 491:491 SyncActivityProfilerHandler.cpp:59] profiler_stop


USDT:2026-09-04 04:43:58 495:495 SyncActivityProfilerHandler.cpp:59] profiler_stop
   + EP:  25/32 | reduced combine: 18 GB/s (SO), 38 GB/s (SU), 297.570 us, 11250144 bytes | reduce: 1069 GB/s, 6.382 us
   + EP:  28/32 | reduced combine: 17 GB/s (SO), 39 GB/s (SU), 306.082 us, 11853600 bytes | reduce: 1062 GB/s, 6.329 us
   + EP:  24/32 | reduced combine: 17 GB/s (SO), 39 GB/s (SU), 315.413 us, 12327744 bytes | reduce: 1125 GB/s, 6.129 us
   + EP:  26/32 | reduced combine: 17 GB/s (SO), 38 GB/s (SU), 310.495 us, 11896704 bytes | reduce: 1066 GB/s, 6.320 us
   + EP:  27/32 | reduced combine: 17 GB/s (SO), 39 GB/s (SU), 306.453 us, 11925440 bytes | reduce: 1056 GB/s, 6.325 us
   + EP:  31/32 | reduced combine: 17 GB/s (SO), 38 GB/s (SU), 300.577 us, 11365088 bytes | reduce: 1021 GB/s, 6.404 us
   + EP:  30/32 | reduced combine: 16 GB/s (SO), 39 GB/s (SU), 311.402 us, 12169696 bytes | reduce: 1020 GB/s, 6.284 us
   + EP:  29/32 | reduced combine: 16 GB/s (SO), 35 GB/s (SU), 314.644 us, 11163936 bytes | reduce: 1038 GB/s, 6.342 us


