=== EP_NIC_NAME=rdmap101s0 (auto, 400 Gb/s) ===
=== NCCL_IB_HCA=rdmap (auto: non-EFA ibverbs device ibp198s0f0 present) ===
=== GIN: NCCL_GIN_TYPE=5 NCCL_SYM_GIN_KERNELS_ENABLE=0 ===
=== PREFER_OVERLAP=0 (--prefer-overlap-with-compute) ===
=== IMAGE=deepep-v2-efa-official:sm103-bfbdd15  DeepEP=bfbdd15ff448783f877cb2210cb3246c8452b05e ===
+ docker run --rm --init --gpus all --privileged --network=host --ipc=host --ulimit memlock=-1 --ulimit stack=67108864 --device=/dev/infiniband --device=/dev/gdrdrv -v /sys/class/infiniband:/sys/class/infiniband:ro -e MASTER_ADDR=172.31.30.41 -e MASTER_PORT=8520 -e WORLD_SIZE=1 -e RANK=0 -e NCCL_DEBUG=WARN -e EP_NIC_NAME=rdmap101s0 -e NCCL_IB_HCA=rdmap -e NCCL_GIN_TYPE=5 -e NCCL_SYM_GIN_KERNELS_ENABLE=0 -e PYTHONUNBUFFERED=1 -e PYTHONFAULTHANDLER=1 deepep-v2-efa-official:sm103-bfbdd15 bash -lc 'timeout -s ABRT --kill-after=60 1800     python3 -u /opt/DeepEP/tests/elastic/test_ep.py     --num-processes=8 --num-tokens=128     --hidden=7168 --num-topk=8 --num-experts=256     --num-sms=12 --allow-hybrid-mode=1     --prefer-overlap-with-compute=0 --test-first-only      '

==========
== CUDA ==
==========

CUDA Version 13.3.1

Container image Copyright (c) 2016-2023, NVIDIA CORPORATION & AFFILIATES. All rights reserved.

This container image and its contents are governed by the NVIDIA Deep Learning Container License.
By pulling and using the container, you accept the terms and conditions of this license:
https://developer.nvidia.com/ngc/nvidia-deep-learning-container-license

A copy of this license is made available in this container at /NGC-DL-CONTAINER-LICENSE for your convenience.

NCCL version 2.31.2+cuda13.3
DeepEP hybrid kernel selection: unordered
DeepEP hybrid kernel selection: unordered
DeepEP hybrid kernel selection: unordered
DeepEP hybrid kernel selection: unordered
DeepEP hybrid kernel selection: unordered
DeepEP hybrid kernel selection: unordered
DeepEP hybrid kernel selection: unordered
DeepEP hybrid kernel selection: unordered
Config:
 > Ranks: 1 x 8
 > Experts: 8/256
 > Tokens: 128 (max: 128), hidden: 7168
 > #SM: 12, #QPs: 11/11

Running all test cases:
 > Testing with do_handle_copy=1, expert_alignment=128, use_fp8_dispatch=1, num_bias=0, with_previous_event=0, async_with_compute_stream=0, allocate_on_comm_stream=0 ...
DeepEP hybrid kernel selection: unordered
DeepEP hybrid kernel selection: unordered
DeepEP hybrid kernel selection: unordered
DeepEP hybrid kernel selection: unordered
DeepEP hybrid kernel selection: unordered
DeepEP hybrid kernel selection: unordered
DeepEP hybrid kernel selection: unordered
DeepEP hybrid kernel selection: unordered
USDT:2026-09-04 03:54:32 490:490 SyncActivityProfilerHandler.cpp:52] profiler_startUSDT:2026-09-04 03:54:32 495:495 SyncActivityProfilerHandler.cpp:52] profiler_startUSDT:2026-09-04 03:54:32 489:489 SyncActivityProfilerHandler.cpp:52] profiler_startUSDT:2026-09-04 03:54:32 493:493 SyncActivityProfilerHandler.cpp:52] profiler_startUSDT:2026-09-04 03:54:32 491:491 SyncActivityProfilerHandler.cpp:52] profiler_startUSDT:2026-09-04 03:54:32 496:496 SyncActivityProfilerHandler.cpp:52] profiler_startUSDT:2026-09-04 03:54:32 492:492 SyncActivityProfilerHandler.cpp:52] profiler_startUSDT:2026-09-04 03:54:32 494:494 SyncActivityProfilerHandler.cpp:52] profiler_start







USDT:2026-09-04 03:54:32 493:493 SyncActivityProfilerHandler.cpp:59] profiler_stopUSDT:2026-09-04 03:54:32 489:489 SyncActivityProfilerHandler.cpp:59] profiler_stopUSDT:2026-09-04 03:54:32 490:490 SyncActivityProfilerHandler.cpp:59] profiler_stop
USDT:2026-09-04 03:54:32 496:496 SyncActivityProfilerHandler.cpp:59] profiler_stop


USDT:2026-09-04 03:54:32 495:495 SyncActivityProfilerHandler.cpp:59] profiler_stopUSDT:2026-09-04 03:54:32 491:491 SyncActivityProfilerHandler.cpp:59] profiler_stop

USDT:2026-09-04 03:54:32 492:492 SyncActivityProfilerHandler.cpp:59] profiler_stop
USDT:2026-09-04 03:54:32 494:494 SyncActivityProfilerHandler.cpp:59] profiler_stop
   * EP:   7/8 | dispatch: 0 GB/s (SO), 185 GB/s (SU), 26.344 us, 4874688 bytes | copy: 2363 GB/s, 4.126 us
   * EP:   0/8 | dispatch: 0 GB/s (SO), 199 GB/s (SU), 25.070 us, 4979520 bytes | copy: 2377 GB/s, 4.190 us
   * EP:   6/8 | dispatch: 0 GB/s (SO), 195 GB/s (SU), 25.702 us, 5024448 bytes | copy: 2299 GB/s, 4.371 us
   * EP:   4/8 | dispatch: 0 GB/s (SO), 186 GB/s (SU), 26.881 us, 5009472 bytes | copy: 2242 GB/s, 4.468 us
   * EP:   1/8 | dispatch: 0 GB/s (SO), 190 GB/s (SU), 25.635 us, 4874688 bytes | copy: 2316 GB/s, 4.210 us
   * EP:   2/8 | dispatch: 0 GB/s (SO), 195 GB/s (SU), 26.134 us, 5106816 bytes | copy: 2435 GB/s, 4.195 us
   * EP:   3/8 | dispatch: 0 GB/s (SO), 187 GB/s (SU), 26.149 us, 4897152 bytes | copy: 2370 GB/s, 4.132 us
   * EP:   5/8 | dispatch: 0 GB/s (SO), 188 GB/s (SU), 25.917 us, 4874688 bytes | copy: 2221 GB/s, 4.389 us
USDT:2026-09-04 03:54:32 495:495 SyncActivityProfilerHandler.cpp:52] profiler_start
USDT:2026-09-04 03:54:32 494:494 SyncActivityProfilerHandler.cpp:52] profiler_startUSDT:2026-09-04 03:54:32 490:490 SyncActivityProfilerHandler.cpp:52] profiler_start
USDT:2026-09-04 03:54:32 489:489 SyncActivityProfilerHandler.cpp:52] profiler_startUSDT:2026-09-04 03:54:32 493:493 SyncActivityProfilerHandler.cpp:52] profiler_start
USDT:2026-09-04 03:54:32 496:496 SyncActivityProfilerHandler.cpp:52] profiler_start
USDT:2026-09-04 03:54:32 491:491 SyncActivityProfilerHandler.cpp:52] profiler_start
USDT:2026-09-04 03:54:32 492:492 SyncActivityProfilerHandler.cpp:52] profiler_start


USDT:2026-09-04 03:54:33 493:493 SyncActivityProfilerHandler.cpp:59] profiler_stopUSDT:2026-09-04 03:54:33 496:496 SyncActivityProfilerHandler.cpp:59] profiler_stopUSDT:2026-09-04 03:54:33 490:490 SyncActivityProfilerHandler.cpp:59] profiler_stop
USDT:2026-09-04 03:54:33 489:489 SyncActivityProfilerHandler.cpp:59] profiler_stop


USDT:2026-09-04 03:54:33 495:495 SyncActivityProfilerHandler.cpp:59] profiler_stopUSDT:2026-09-04 03:54:33 491:491 SyncActivityProfilerHandler.cpp:59] profiler_stop

USDT:2026-09-04 03:54:33 494:494 SyncActivityProfilerHandler.cpp:59] profiler_stopUSDT:2026-09-04 03:54:33 492:492 SyncActivityProfilerHandler.cpp:59] profiler_stop

   - EP:   4/8 | expanded dispatch: 0 GB/s (SO), 186 GB/s (SU), 26.980 us, 5009472 bytes | copy: 6558 GB/s, 5.335 us
   - EP:   1/8 | expanded dispatch: 0 GB/s (SO), 190 GB/s (SU), 25.642 us, 4874688 bytes | copy: 7452 GB/s, 4.678 us
   - EP:   0/8 | expanded dispatch: 0 GB/s (SO), 200 GB/s (SU), 24.842 us, 4979520 bytes | copy: 7395 GB/s, 4.717 us
   - EP:   7/8 | expanded dispatch: 0 GB/s (SO), 185 GB/s (SU), 26.381 us, 4874688 bytes | copy: 7610 GB/s, 4.577 us
   - EP:   6/8 | expanded dispatch: 0 GB/s (SO), 195 GB/s (SU), 25.828 us, 5024448 bytes | copy: 6644 GB/s, 5.256 us
   - EP:   5/8 | expanded dispatch: 0 GB/s (SO), 186 GB/s (SU), 26.156 us, 4874688 bytes | copy: 7204 GB/s, 4.840 us
   - EP:   2/8 | expanded dispatch: 0 GB/s (SO), 196 GB/s (SU), 26.018 us, 5106816 bytes | copy: 7508 GB/s, 4.669 us
   - EP:   3/8 | expanded dispatch: 0 GB/s (SO), 186 GB/s (SU), 26.377 us, 4897152 bytes | copy: 7479 GB/s, 4.670 us
USDT:2026-09-04 03:54:33 493:493 SyncActivityProfilerHandler.cpp:52] profiler_startUSDT:2026-09-04 03:54:33 490:490 SyncActivityProfilerHandler.cpp:52] profiler_startUSDT:2026-09-04 03:54:33 489:489 SyncActivityProfilerHandler.cpp:52] profiler_start
USDT:2026-09-04 03:54:33 495:495 SyncActivityProfilerHandler.cpp:52] profiler_start
USDT:2026-09-04 03:54:33 494:494 SyncActivityProfilerHandler.cpp:52] profiler_startUSDT:2026-09-04 03:54:33 496:496 SyncActivityProfilerHandler.cpp:52] profiler_startUSDT:2026-09-04 03:54:33 491:491 SyncActivityProfilerHandler.cpp:52] profiler_start


USDT:2026-09-04 03:54:33 492:492 SyncActivityProfilerHandler.cpp:52] profiler_start


USDT:2026-09-04 03:54:34 490:490 SyncActivityProfilerHandler.cpp:59] profiler_stopUSDT:2026-09-04 03:54:34 489:489 SyncActivityProfilerHandler.cpp:59] profiler_stop

USDT:2026-09-04 03:54:34 493:493 SyncActivityProfilerHandler.cpp:59] profiler_stopUSDT:2026-09-04 03:54:34 496:496 SyncActivityProfilerHandler.cpp:59] profiler_stopUSDT:2026-09-04 03:54:34 495:495 SyncActivityProfilerHandler.cpp:59] profiler_stop
USDT:2026-09-04 03:54:34 491:491 SyncActivityProfilerHandler.cpp:59] profiler_stop


USDT:2026-09-04 03:54:34 494:494 SyncActivityProfilerHandler.cpp:59] profiler_stop
USDT:2026-09-04 03:54:34 492:492 SyncActivityProfilerHandler.cpp:59] profiler_stop
   # EP:   4/8 | cached dispatch: 0 GB/s (SO), 188 GB/s (SU), 26.707 us, 5009472 bytes | copy: 1024 GB/s, 9.783 us   # EP:   0/8 | cached dispatch: 0 GB/s (SO), 226 GB/s (SU), 22.012 us, 4979520 bytes | copy: 1713 GB/s, 5.814 us

   # EP:   6/8 | cached dispatch: 0 GB/s (SO), 214 GB/s (SU), 23.487 us, 5024448 bytes | copy: 1381 GB/s, 7.276 us
   # EP:   7/8 | cached dispatch: 0 GB/s (SO), 185 GB/s (SU), 26.411 us, 4874688 bytes | copy: 970 GB/s, 10.046 us
   # EP:   1/8 | cached dispatch: 0 GB/s (SO), 192 GB/s (SU), 25.326 us, 4874688 bytes | copy: 1141 GB/s, 8.541 us
   # EP:   5/8 | cached dispatch: 0 GB/s (SO), 191 GB/s (SU), 25.566 us, 4874688 bytes | copy: 1089 GB/s, 8.953 us
   # EP:   2/8 | cached dispatch: 0 GB/s (SO), 195 GB/s (SU), 26.248 us, 5106816 bytes | copy: 1109 GB/s, 9.206 us
   # EP:   3/8 | cached dispatch: 0 GB/s (SO), 186 GB/s (SU), 26.304 us, 4897152 bytes | copy: 999 GB/s, 9.800 us
USDT:2026-09-04 03:54:34 489:489 SyncActivityProfilerHandler.cpp:52] profiler_startUSDT:2026-09-04 03:54:34 493:493 SyncActivityProfilerHandler.cpp:52] profiler_startUSDT:2026-09-04 03:54:34 490:490 SyncActivityProfilerHandler.cpp:52] profiler_startUSDT:2026-09-04 03:54:34 496:496 SyncActivityProfilerHandler.cpp:52] profiler_startUSDT:2026-09-04 03:54:34 491:491 SyncActivityProfilerHandler.cpp:52] profiler_startUSDT:2026-09-04 03:54:34 494:494 SyncActivityProfilerHandler.cpp:52] profiler_start

USDT:2026-09-04 03:54:34 495:495 SyncActivityProfilerHandler.cpp:52] profiler_start
USDT:2026-09-04 03:54:34 492:492 SyncActivityProfilerHandler.cpp:52] profiler_start




USDT:2026-09-04 03:54:34 493:493 SyncActivityProfilerHandler.cpp:59] profiler_stop
USDT:2026-09-04 03:54:34 494:494 SyncActivityProfilerHandler.cpp:59] profiler_stopUSDT:2026-09-04 03:54:34 491:491 SyncActivityProfilerHandler.cpp:59] profiler_stopUSDT:2026-09-04 03:54:34 489:489 SyncActivityProfilerHandler.cpp:59] profiler_stop
USDT:2026-09-04 03:54:34 490:490 SyncActivityProfilerHandler.cpp:59] profiler_stop

USDT:2026-09-04 03:54:34 496:496 SyncActivityProfilerHandler.cpp:59] profiler_stop

USDT:2026-09-04 03:54:34 495:495 SyncActivityProfilerHandler.cpp:59] profiler_stop
USDT:2026-09-04 03:54:34 492:492 SyncActivityProfilerHandler.cpp:59] profiler_stop
   @ EP:   7/8 | combine: 0 GB/s (SO), 268 GB/s (SU), 34.874 us, 9353568 bytes | reduce: 197 GB/s, 17.630 us
   @ EP:   2/8 | combine: 0 GB/s (SO), 286 GB/s (SU), 34.203 us, 9798976 bytes | reduce: 212 GB/s, 17.057 us
   @ EP:   5/8 | combine: 0 GB/s (SO), 277 GB/s (SU), 33.753 us, 9353568 bytes | reduce: 208 GB/s, 16.977 us
   @ EP:   6/8 | combine: 0 GB/s (SO), 299 GB/s (SU), 32.232 us, 9640928 bytes | reduce: 235 GB/s, 14.906 us
   @ EP:   0/8 | combine: 0 GB/s (SO), 309 GB/s (SU), 30.921 us, 9554720 bytes | reduce: 249 GB/s, 14.800 us
   @ EP:   4/8 | combine: 0 GB/s (SO), 280 GB/s (SU), 34.348 us, 9612192 bytes | reduce: 214 GB/s, 16.657 us
   @ EP:   1/8 | combine: 0 GB/s (SO), 271 GB/s (SU), 34.518 us, 9353568 bytes | reduce: 209 GB/s, 17.440 us
   @ EP:   3/8 | combine: 0 GB/s (SO), 270 GB/s (SU), 34.771 us, 9396672 bytes | reduce: 207 GB/s, 17.360 us
USDT:2026-09-04 03:54:35 490:490 SyncActivityProfilerHandler.cpp:52] profiler_startUSDT:2026-09-04 03:54:35 489:489 SyncActivityProfilerHandler.cpp:52] profiler_startUSDT:2026-09-04 03:54:35 493:493 SyncActivityProfilerHandler.cpp:52] profiler_startUSDT:2026-09-04 03:54:35 496:496 SyncActivityProfilerHandler.cpp:52] profiler_startUSDT:2026-09-04 03:54:35 495:495 SyncActivityProfilerHandler.cpp:52] profiler_start

USDT:2026-09-04 03:54:35 491:491 SyncActivityProfilerHandler.cpp:52] profiler_startUSDT:2026-09-04 03:54:35 494:494 SyncActivityProfilerHandler.cpp:52] profiler_start




USDT:2026-09-04 03:54:35 492:492 SyncActivityProfilerHandler.cpp:52] profiler_start
USDT:2026-09-04 03:54:35 489:489 SyncActivityProfilerHandler.cpp:59] profiler_stop
USDT:2026-09-04 03:54:35 496:496 SyncActivityProfilerHandler.cpp:59] profiler_stopUSDT:2026-09-04 03:54:35 490:490 SyncActivityProfilerHandler.cpp:59] profiler_stop

USDT:2026-09-04 03:54:35 493:493 SyncActivityProfilerHandler.cpp:59] profiler_stopUSDT:2026-09-04 03:54:35 491:491 SyncActivityProfilerHandler.cpp:59] profiler_stop
USDT:2026-09-04 03:54:35 494:494 SyncActivityProfilerHandler.cpp:59] profiler_stop

USDT:2026-09-04 03:54:35 495:495 SyncActivityProfilerHandler.cpp:59] profiler_stop
USDT:2026-09-04 03:54:35 492:492 SyncActivityProfilerHandler.cpp:59] profiler_stop
   + EP:   4/8 | reduced combine: 0 GB/s (SO), 167 GB/s (SU), 57.606 us, 9612192 bytes | reduce: 206 GB/s, 17.268 us
   + EP:   0/8 | reduced combine: 0 GB/s (SO), 180 GB/s (SU), 52.985 us, 9554720 bytes | reduce: 241 GB/s, 15.246 us
   + EP:   2/8 | reduced combine: 0 GB/s (SO), 170 GB/s (SU), 57.590 us, 9798976 bytes | reduce: 206 GB/s, 17.571 us
   + EP:   1/8 | reduced combine: 0 GB/s (SO), 166 GB/s (SU), 56.360 us, 9353568 bytes | reduce: 208 GB/s, 17.547 us
   + EP:   6/8 | reduced combine: 0 GB/s (SO), 175 GB/s (SU), 55.034 us, 9640928 bytes | reduce: 235 GB/s, 14.893 us
   + EP:   5/8 | reduced combine: 0 GB/s (SO), 164 GB/s (SU), 56.920 us, 9353568 bytes | reduce: 203 GB/s, 17.429 us
   + EP:   7/8 | reduced combine: 0 GB/s (SO), 162 GB/s (SU), 57.707 us, 9353568 bytes | reduce: 194 GB/s, 17.890 us
   + EP:   3/8 | reduced combine: 0 GB/s (SO), 163 GB/s (SU), 57.654 us, 9396672 bytes | reduce: 203 GB/s, 17.729 us


