=== EP_NIC_NAME=rdmap101s0 (auto, 400 Gb/s) ===
=== NCCL_IB_HCA=rdmap (auto: non-EFA ibverbs device ibp198s0f0 present) ===
=== GIN: NCCL_GIN_TYPE=5 NCCL_SYM_GIN_KERNELS_ENABLE=0 ===
=== PREFER_OVERLAP=0 (--prefer-overlap-with-compute) ===
=== IMAGE=deepep-v2-efa-official:sm103-bfbdd15  DeepEP=bfbdd15ff448783f877cb2210cb3246c8452b05e ===
+ docker run --rm --init --gpus all --privileged --network=host --ipc=host --ulimit memlock=-1 --ulimit stack=67108864 --device=/dev/infiniband --device=/dev/gdrdrv -v /sys/class/infiniband:/sys/class/infiniband:ro -e MASTER_ADDR=172.31.30.164 -e MASTER_PORT=8607 -e WORLD_SIZE=2 -e RANK=1 -e NCCL_DEBUG=WARN -e EP_NIC_NAME=rdmap101s0 -e NCCL_IB_HCA=rdmap -e NCCL_GIN_TYPE=5 -e NCCL_SYM_GIN_KERNELS_ENABLE=0 -e EP_MIN_TOKENS_PER_PART=1 -e PYTHONUNBUFFERED=1 -e PYTHONFAULTHANDLER=1 deepep-v2-efa-official:sm103-bfbdd15 bash -lc 'timeout -s ABRT --kill-after=60 1800     python3 -u /opt/DeepEP/tests/elastic/test_ep.py     --num-processes=8 --num-tokens=128     --hidden=7168 --num-topk=8 --num-experts=256     --num-sms=12 --allow-hybrid-mode=1     --prefer-overlap-with-compute=0 --test-first-only      '

==========
== CUDA ==
==========

CUDA Version 13.3.1

Container image Copyright (c) 2016-2023, NVIDIA CORPORATION & AFFILIATES. All rights reserved.

This container image and its contents are governed by the NVIDIA Deep Learning Container License.
By pulling and using the container, you accept the terms and conditions of this license:
https://developer.nvidia.com/ngc/nvidia-deep-learning-container-license

A copy of this license is made available in this container at /NGC-DL-CONTAINER-LICENSE for your convenience.

DeepEP hybrid kernel selection: unordered
DeepEP hybrid kernel selection: unordered
DeepEP hybrid kernel selection: unordered
DeepEP hybrid kernel selection: unordered
DeepEP hybrid kernel selection: unordered
DeepEP hybrid kernel selection: unordered
DeepEP hybrid kernel selection: unordered
DeepEP hybrid kernel selection: unordered
DeepEP hybrid kernel selection: unordered
DeepEP hybrid kernel selection: unordered
DeepEP hybrid kernel selection: unordered
DeepEP hybrid kernel selection: unordered
DeepEP hybrid kernel selection: unordered
DeepEP hybrid kernel selection: unordered
DeepEP hybrid kernel selection: unordered
DeepEP hybrid kernel selection: unordered
Config:
 > Ranks: 2 x 8
 > Experts: 8/256
 > Tokens: 120 (max: 128), hidden: 7168
 > #SM: 12, #QPs: 11/11

Running all test cases:
 > Testing with do_handle_copy=1, expert_alignment=128, use_fp8_dispatch=1, num_bias=0, with_previous_event=0, async_with_compute_stream=0, allocate_on_comm_stream=0 ...
USDT:2026-09-04 03:42:51 485:485 SyncActivityProfilerHandler.cpp:52] profiler_startUSDT:2026-09-04 03:42:51 489:489 SyncActivityProfilerHandler.cpp:52] profiler_startUSDT:2026-09-04 03:42:51 488:488 SyncActivityProfilerHandler.cpp:52] profiler_startUSDT:2026-09-04 03:42:51 490:490 SyncActivityProfilerHandler.cpp:52] profiler_startUSDT:2026-09-04 03:42:51 491:491 SyncActivityProfilerHandler.cpp:52] profiler_startUSDT:2026-09-04 03:42:51 487:487 SyncActivityProfilerHandler.cpp:52] profiler_startUSDT:2026-09-04 03:42:51 484:484 SyncActivityProfilerHandler.cpp:52] profiler_startUSDT:2026-09-04 03:42:51 486:486 SyncActivityProfilerHandler.cpp:52] profiler_start







USDT:2026-09-04 03:42:52 485:485 SyncActivityProfilerHandler.cpp:59] profiler_stopUSDT:2026-09-04 03:42:52 484:484 SyncActivityProfilerHandler.cpp:59] profiler_stopUSDT:2026-09-04 03:42:52 486:486 SyncActivityProfilerHandler.cpp:59] profiler_stop
USDT:2026-09-04 03:42:52 491:491 SyncActivityProfilerHandler.cpp:59] profiler_stopUSDT:2026-09-04 03:42:52 487:487 SyncActivityProfilerHandler.cpp:59] profiler_stop
USDT:2026-09-04 03:42:52 490:490 SyncActivityProfilerHandler.cpp:59] profiler_stop

USDT:2026-09-04 03:42:52 488:488 SyncActivityProfilerHandler.cpp:59] profiler_stop


USDT:2026-09-04 03:42:52 489:489 SyncActivityProfilerHandler.cpp:59] profiler_stop
   * EP:   9/16 | dispatch: 6 GB/s (SO), 20 GB/s (SU), 292.078 us, 5773248 bytes | copy: 276 GB/s, 41.770 us
   * EP:   8/16 | dispatch: 6 GB/s (SO), 20 GB/s (SU), 294.217 us, 5833152 bytes | copy: 744 GB/s, 15.674 us
   * EP:  11/16 | dispatch: 6 GB/s (SO), 19 GB/s (SU), 294.651 us, 5698368 bytes | copy: 282 GB/s, 40.445 us
   * EP:  15/16 | dispatch: 6 GB/s (SO), 20 GB/s (SU), 294.656 us, 6005376 bytes | copy: 246 GB/s, 48.797 us
   * EP:  14/16 | dispatch: 6 GB/s (SO), 21 GB/s (SU), 293.992 us, 6162624 bytes | copy: 406 GB/s, 30.383 us
   * EP:  10/16 | dispatch: 6 GB/s (SO), 21 GB/s (SU), 294.422 us, 6312384 bytes | copy: 1007 GB/s, 12.542 us
   * EP:  12/16 | dispatch: 6 GB/s (SO), 21 GB/s (SU), 294.152 us, 6117696 bytes | copy: 370 GB/s, 33.100 us
   * EP:  13/16 | dispatch: 6 GB/s (SO), 20 GB/s (SU), 291.783 us, 5728320 bytes | copy: 745 GB/s, 15.383 us
USDT:2026-09-04 03:42:52 485:485 SyncActivityProfilerHandler.cpp:52] profiler_startUSDT:2026-09-04 03:42:52 484:484 SyncActivityProfilerHandler.cpp:52] profiler_startUSDT:2026-09-04 03:42:52 486:486 SyncActivityProfilerHandler.cpp:52] profiler_start

USDT:2026-09-04 03:42:52 490:490 SyncActivityProfilerHandler.cpp:52] profiler_start
USDT:2026-09-04 03:42:52 489:489 SyncActivityProfilerHandler.cpp:52] profiler_startUSDT:2026-09-04 03:42:52 487:487 SyncActivityProfilerHandler.cpp:52] profiler_startUSDT:2026-09-04 03:42:52 491:491 SyncActivityProfilerHandler.cpp:52] profiler_startUSDT:2026-09-04 03:42:52 488:488 SyncActivityProfilerHandler.cpp:52] profiler_start




USDT:2026-09-04 03:42:52 486:486 SyncActivityProfilerHandler.cpp:59] profiler_stop
USDT:2026-09-04 03:42:52 487:487 SyncActivityProfilerHandler.cpp:59] profiler_stopUSDT:2026-09-04 03:42:52 485:485 SyncActivityProfilerHandler.cpp:59] profiler_stop
USDT:2026-09-04 03:42:52 484:484 SyncActivityProfilerHandler.cpp:59] profiler_stop
USDT:2026-09-04 03:42:52 490:490 SyncActivityProfilerHandler.cpp:59] profiler_stopUSDT:2026-09-04 03:42:52 491:491 SyncActivityProfilerHandler.cpp:59] profiler_stopUSDT:2026-09-04 03:42:52 489:489 SyncActivityProfilerHandler.cpp:59] profiler_stopUSDT:2026-09-04 03:42:52 488:488 SyncActivityProfilerHandler.cpp:59] profiler_stop




   - EP:   9/16 | expanded dispatch: 6 GB/s (SO), 20 GB/s (SU), 293.869 us, 5773248 bytes | copy: 467 GB/s, 44.287 us
   - EP:  12/16 | expanded dispatch: 6 GB/s (SO), 21 GB/s (SU), 296.211 us, 6117696 bytes | copy: 566 GB/s, 37.009 us
   - EP:  13/16 | expanded dispatch: 6 GB/s (SO), 20 GB/s (SU), 293.624 us, 5728320 bytes | copy: 1306 GB/s, 15.838 us
   - EP:   8/16 | expanded dispatch: 6 GB/s (SO), 20 GB/s (SU), 296.777 us, 5833152 bytes | copy: 1246 GB/s, 16.639 us
   - EP:  14/16 | expanded dispatch: 6 GB/s (SO), 21 GB/s (SU), 295.647 us, 6162624 bytes | copy: 642 GB/s, 32.744 us
   - EP:  11/16 | expanded dispatch: 6 GB/s (SO), 19 GB/s (SU), 296.531 us, 5698368 bytes | copy: 445 GB/s, 46.203 us
   - EP:  15/16 | expanded dispatch: 6 GB/s (SO), 20 GB/s (SU), 296.789 us, 6005376 bytes | copy: 388 GB/s, 53.937 us
   - EP:  10/16 | expanded dispatch: 6 GB/s (SO), 21 GB/s (SU), 296.550 us, 6312384 bytes | copy: 1358 GB/s, 15.604 us
USDT:2026-09-04 03:42:53 485:485 SyncActivityProfilerHandler.cpp:52] profiler_startUSDT:2026-09-04 03:42:53 488:488 SyncActivityProfilerHandler.cpp:52] profiler_startUSDT:2026-09-04 03:42:53 489:489 SyncActivityProfilerHandler.cpp:52] profiler_start


USDT:2026-09-04 03:42:53 484:484 SyncActivityProfilerHandler.cpp:52] profiler_startUSDT:2026-09-04 03:42:53 487:487 SyncActivityProfilerHandler.cpp:52] profiler_startUSDT:2026-09-04 03:42:53 490:490 SyncActivityProfilerHandler.cpp:52] profiler_startUSDT:2026-09-04 03:42:53 486:486 SyncActivityProfilerHandler.cpp:52] profiler_start


USDT:2026-09-04 03:42:53 491:491 SyncActivityProfilerHandler.cpp:52] profiler_start

USDT:2026-09-04 03:42:53 490:490 SyncActivityProfilerHandler.cpp:59] profiler_stopUSDT:2026-09-04 03:42:53 485:485 SyncActivityProfilerHandler.cpp:59] profiler_stopUSDT:2026-09-04 03:42:53 486:486 SyncActivityProfilerHandler.cpp:59] profiler_stop
USDT:2026-09-04 03:42:53 484:484 SyncActivityProfilerHandler.cpp:59] profiler_stop
USDT:2026-09-04 03:42:53 489:489 SyncActivityProfilerHandler.cpp:59] profiler_stop


USDT:2026-09-04 03:42:53 487:487 SyncActivityProfilerHandler.cpp:59] profiler_stopUSDT:2026-09-04 03:42:53 488:488 SyncActivityProfilerHandler.cpp:59] profiler_stopUSDT:2026-09-04 03:42:53 491:491 SyncActivityProfilerHandler.cpp:59] profiler_stop


   # EP:   9/16 | cached dispatch: 6 GB/s (SO), 21 GB/s (SU), 278.795 us, 5773248 bytes | copy: 312 GB/s, 36.952 us
   # EP:  12/16 | cached dispatch: 6 GB/s (SO), 22 GB/s (SU), 278.969 us, 6117696 bytes | copy: 413 GB/s, 29.614 us
   # EP:   8/16 | cached dispatch: 6 GB/s (SO), 21 GB/s (SU), 278.709 us, 5833152 bytes | copy: 1056 GB/s, 11.044 us
   # EP:  11/16 | cached dispatch: 6 GB/s (SO), 20 GB/s (SU), 278.897 us, 5698368 bytes | copy: 381 GB/s, 29.910 us
   # EP:  13/16 | cached dispatch: 6 GB/s (SO), 21 GB/s (SU), 278.669 us, 5728320 bytes | copy: 966 GB/s, 11.866 us   # EP:  10/16 | cached dispatch: 6 GB/s (SO), 23 GB/s (SU), 278.823 us, 6312384 bytes | copy: 1185 GB/s, 10.655 us

   # EP:  14/16 | cached dispatch: 6 GB/s (SO), 22 GB/s (SU), 278.617 us, 6162624 bytes | copy: 582 GB/s, 21.178 us
   # EP:  15/16 | cached dispatch: 6 GB/s (SO), 22 GB/s (SU), 279.278 us, 6005376 bytes | copy: 330 GB/s, 36.356 us
USDT:2026-09-04 03:42:54 485:485 SyncActivityProfilerHandler.cpp:52] profiler_startUSDT:2026-09-04 03:42:54 488:488 SyncActivityProfilerHandler.cpp:52] profiler_start

USDT:2026-09-04 03:42:54 484:484 SyncActivityProfilerHandler.cpp:52] profiler_startUSDT:2026-09-04 03:42:54 486:486 SyncActivityProfilerHandler.cpp:52] profiler_start
USDT:2026-09-04 03:42:54 491:491 SyncActivityProfilerHandler.cpp:52] profiler_startUSDT:2026-09-04 03:42:54 487:487 SyncActivityProfilerHandler.cpp:52] profiler_start


USDT:2026-09-04 03:42:54 489:489 SyncActivityProfilerHandler.cpp:52] profiler_start
USDT:2026-09-04 03:42:54 490:490 SyncActivityProfilerHandler.cpp:52] profiler_start
USDT:2026-09-04 03:42:54 485:485 SyncActivityProfilerHandler.cpp:59] profiler_stop
USDT:2026-09-04 03:42:54 487:487 SyncActivityProfilerHandler.cpp:59] profiler_stopUSDT:2026-09-04 03:42:54 484:484 SyncActivityProfilerHandler.cpp:59] profiler_stop
USDT:2026-09-04 03:42:54 491:491 SyncActivityProfilerHandler.cpp:59] profiler_stopUSDT:2026-09-04 03:42:54 488:488 SyncActivityProfilerHandler.cpp:59] profiler_stop


USDT:2026-09-04 03:42:54 490:490 SyncActivityProfilerHandler.cpp:59] profiler_stopUSDT:2026-09-04 03:42:54 486:486 SyncActivityProfilerHandler.cpp:59] profiler_stop

USDT:2026-09-04 03:42:54 489:489 SyncActivityProfilerHandler.cpp:59] profiler_stop
   @ EP:   9/16 | combine: 21 GB/s (SO), 68 GB/s (SU), 163.475 us, 11077728 bytes | reduce: 944 GB/s, 5.417 us
   @ EP:  12/16 | combine: 20 GB/s (SO), 71 GB/s (SU), 165.133 us, 11738656 bytes | reduce: 917 GB/s, 5.436 us   @ EP:  13/16 | combine: 19 GB/s (SO), 63 GB/s (SU), 174.703 us, 10991520 bytes | reduce: 901 GB/s, 5.499 us
   @ EP:   8/16 | combine: 20 GB/s (SO), 67 GB/s (SU), 168.216 us, 11192672 bytes | reduce: 967 GB/s, 5.336 us

   @ EP:  15/16 | combine: 20 GB/s (SO), 71 GB/s (SU), 162.398 us, 11523136 bytes | reduce: 902 GB/s, 5.382 us
   @ EP:  11/16 | combine: 20 GB/s (SO), 67 GB/s (SU), 164.248 us, 10934048 bytes | reduce: 938 GB/s, 5.362 us
   @ EP:  14/16 | combine: 19 GB/s (SO), 70 GB/s (SU), 168.404 us, 11824864 bytes | reduce: 908 GB/s, 5.409 us
   @ EP:  10/16 | combine: 20 GB/s (SO), 70 GB/s (SU), 172.555 us, 12112224 bytes | reduce: 941 GB/s, 5.389 us
USDT:2026-09-04 03:42:54 488:488 SyncActivityProfilerHandler.cpp:52] profiler_startUSDT:2026-09-04 03:42:54 487:487 SyncActivityProfilerHandler.cpp:52] profiler_startUSDT:2026-09-04 03:42:54 486:486 SyncActivityProfilerHandler.cpp:52] profiler_startUSDT:2026-09-04 03:42:54 484:484 SyncActivityProfilerHandler.cpp:52] profiler_startUSDT:2026-09-04 03:42:54 491:491 SyncActivityProfilerHandler.cpp:52] profiler_startUSDT:2026-09-04 03:42:54 490:490 SyncActivityProfilerHandler.cpp:52] profiler_start





USDT:2026-09-04 03:42:54 489:489 SyncActivityProfilerHandler.cpp:52] profiler_start
USDT:2026-09-04 03:42:54 485:485 SyncActivityProfilerHandler.cpp:52] profiler_start
USDT:2026-09-04 03:42:55 484:484 SyncActivityProfilerHandler.cpp:59] profiler_stopUSDT:2026-09-04 03:42:55 488:488 SyncActivityProfilerHandler.cpp:59] profiler_stopUSDT:2026-09-04 03:42:55 491:491 SyncActivityProfilerHandler.cpp:59] profiler_stopUSDT:2026-09-04 03:42:55 485:485 SyncActivityProfilerHandler.cpp:59] profiler_stop



USDT:2026-09-04 03:42:55 487:487 SyncActivityProfilerHandler.cpp:59] profiler_stop
USDT:2026-09-04 03:42:55 486:486 SyncActivityProfilerHandler.cpp:59] profiler_stopUSDT:2026-09-04 03:42:55 489:489 SyncActivityProfilerHandler.cpp:59] profiler_stop

USDT:2026-09-04 03:42:55 490:490 SyncActivityProfilerHandler.cpp:59] profiler_stop
   + EP:  12/16 | reduced combine: 18 GB/s (SO), 64 GB/s (SU), 184.037 us, 11738656 bytes | reduce: 923 GB/s, 5.404 us
   + EP:   8/16 | reduced combine: 18 GB/s (SO), 60 GB/s (SU), 187.336 us, 11192672 bytes | reduce: 952 GB/s, 5.419 us
   + EP:  11/16 | reduced combine: 18 GB/s (SO), 59 GB/s (SU), 184.342 us, 10934048 bytes | reduce: 927 GB/s, 5.424 us
   + EP:  15/16 | reduced combine: 18 GB/s (SO), 64 GB/s (SU), 180.985 us, 11523136 bytes | reduce: 922 GB/s, 5.265 us
   + EP:  13/16 | reduced combine: 17 GB/s (SO), 57 GB/s (SU), 193.942 us, 10991520 bytes | reduce: 888 GB/s, 5.585 us
   + EP:  10/16 | reduced combine: 18 GB/s (SO), 63 GB/s (SU), 190.785 us, 12112224 bytes | reduce: 938 GB/s, 5.406 us
   + EP:   9/16 | reduced combine: 19 GB/s (SO), 60 GB/s (SU), 183.546 us, 11077728 bytes | reduce: 952 GB/s, 5.374 us
   + EP:  14/16 | reduced combine: 17 GB/s (SO), 63 GB/s (SU), 188.848 us, 11824864 bytes | reduce: 928 GB/s, 5.295 us


